
> @learning-workbench/web@0.1.0 test
> vitest run src/features/authoring/useAuthoringAdmission.test.tsx


 RUN  v5.0.0 $HOME/.cache/learning-workbench-acceptance/m62-single-publication-ui-oct02/apps/web

 ❯ src/features/authoring/useAuthoringAdmission.test.tsx (1 test | 1 failed) 1076ms
   × early detail read cannot strand academic admission while its original journal read is pending 1075ms

⎯⎯⎯⎯⎯⎯⎯ Failed Tests 1 ⎯⎯⎯⎯⎯⎯⎯

 FAIL  src/features/authoring/useAuthoringAdmission.test.tsx > early detail read cannot strand academic admission while its original journal read is pending
AssertionError: expected false to be true // Object.is equality

Ignored nodes: comments, script, style
[36m<html>[39m
  [36m<head />[39m
  [36m<body>[39m
    [36m<div />[39m
  [36m</body>[39m
[36m</html>[39m

- Expected
+ Received

- true
+ false

 ❯ src/features/authoring/useAuthoringAdmission.test.tsx:24:57
     22|   await act(() => hook.result.current.read(f.job.id))
     23|   await act(async () => held.resolve({}))
     24|   await waitFor(() => expect(hook.result.current.ready).toBe(true))
       |                                                         ^
     25|   expect(f.port.read).not.toHaveBeenCalled()
     26|   await act(() => hook.result.current.read(f.job.id)); expect(hook.res…
 ❯ runWithExpensiveErrorDiagnosticsDisabled ../../../m62-public-safe-oct02/apps/web/node_modules/@testing-library/dom/dist/config.js:47:12
 ❯ checkCallback ../../../m62-public-safe-oct02/apps/web/node_modules/@testing-library/dom/dist/wait-for.js:124:77
 ❯ Timeout.checkRealTimersCallback ../../../m62-public-safe-oct02/apps/web/node_modules/@testing-library/dom/dist/wait-for.js:118:16

⎯⎯⎯⎯⎯⎯⎯⎯⎯⎯⎯⎯⎯⎯⎯⎯⎯⎯⎯⎯⎯⎯⎯⎯[1/1]⎯


 Test Files  1 failed (1)
      Tests  1 failed (1)
   Start at  22:51:37
   Duration  1.62s (tests 70%, environment 13%, transform 12%, import 6%)

