
> @learning-workbench/web@0.1.0 test
> vitest run src/features/draftPublication src/features/draftReview


 RUN  v5.0.0 <LOCAL_HOME>/.cache/learning-workbench-acceptance/m62-import-publication-ui-active/apps/web

 ❯ src/features/draftReview/ReviewImportShell.test.tsx (2 tests | 1 failed) 1627ms
   × actual Import and Shell merge publication confirmations into the existing close guard without issuing a write 1207ms

⎯⎯⎯⎯⎯⎯⎯ Failed Tests 1 ⎯⎯⎯⎯⎯⎯⎯

 FAIL  src/features/draftReview/ReviewImportShell.test.tsx > actual Import and Shell merge publication confirmations into the existing close guard without issuing a write
AssertionError: expected true to be false // Object.is equality

Ignored nodes: comments, script, style
[36m<html>[39m
  [36m<head />[39m
  [36m<body>[39m
    [36m<div>[39m
      [36m<div[39m
        [33mclass[39m=[32m"app-shell "[39m
      [36m>[39m
        [36m<a[39m
          [33mclass[39m=[32m"skip-link"[39m
          [33mhref[39m=[32m"#reader-main"[39m
        [36m>[39m
          [0m跳到学习内容[0m
        [36m</a>[39m
        [36m<header[39m
          [33mclass[39m=[32m"topbar"[39m
        [36m>[39m
          [36m<a[39m
            [33mclass[39m=[32m"brand"[39m
            [33mhref[39m=[32m"#"[39m
          [36m>[39m
            [36m<span[39m
              [33maria-hidden[39m=[32m"true"[39m
              [33mclass[39m=[32m"brand-symbol"[39m
            [36m>[39m
              [0m径[0m
            [36m</span>[39m
            [36m<strong>[39m
              [0m知径[0m
            [36m</strong>[39m
            [36m<span[39m
              [33mclass[39m=[32m"brand-subtitle"[39m
            [36m>[39m
              [0m学习工作台[0m
            [36m</span>[39m
          [36m</a>[39m
          [36m<button[39m
            [33mclass[39m=[32m"command-trigger"[39m
          [36m>[39m
            [36m<span[39m
              [33maria-hidden[39m=[32m"true"[39m
            [36m>[39m
              [0m⌕[0m
            [36m</span>[39m
            [0m 搜索与命令 [0m
            [36m<kbd>[39m
              [0mCtrl ⇧ P[0m
            [36m</kbd>[39m
          [36m</button>[39m
          [36m<div[39m
            [33mclass[39m=[32m"topbar-tools"[39m
          [36m>[39m
            [36m<button[39m
              [33maria-expanded[39m=[32m"true"[39m
              [33maria-label[39m=[32m"切换导航栏"[39m
            [36m>[39m
              [0m目录[0m
            [36m</button>[39m
            [36m<button[39m
              [33maria-expanded[39m=[32m"false"[39m
              [33maria-label[39m=[32m"切换 Agent 栏"[39m
            [36m>[39m
              [0mAgent[0m
            [36m</button>[39m
            [36m<button[39m
              [33maria-pressed[39m=[32m"false"[39m
              [33mclass[39m=[32m"focus-trigger"[39m
            [36m>[39m
              [0m专注[0m
            [36m</button>[39m
            [36m<button[39m
              [33mclass[39m=[32m"import-trigger"[39m
            [36m>[39m
              [0m导入[0m
            [36m</button>[39m
          [36m</div>[39m
        [36m</header>[39m
        [36m<div[39m
          [33mclass[39m=[32m"workbench-grid"[39m
          [33mstyle[39m=[32m"--nav-width: 300px; --agent-width: 0px; --nav-divider: 6px; --agent-divider: 0px;"[39m
        [36m>[39m
          [36m<aside[39m
            [33maria-label[39m=[32m"课程导航"[39m
            [33mclass[39m=[32m"nav-pane"[39m
            [33mid[39m=[32m"nav-pane"[39m
          [36m>[39m
            [36m<div[39m
              [33mclass[39m=[32m"navigation-content"[39m
            [36m>[39m
              [36m<section[39m
                [33mclass[39m=[32m"course-summary"[39m
              [36m>[39m
                [36m<div[39m
                  [33mclass[39m=[32m"eyebrow"[39m
                [36m>[39m
                  [0m学习路线[0m
                [36m</div>[39m
                [36m<h2>[39m
                  [0m目标与任务顺序[0m
                [36m</h2>[39m
                [36m<p>[39m
                  [0m阅读、自报、参与和独立证据分别记录。[0m
                [36m</p>[39m
                [36m<button>[39m
                  [0m学习目标与基础[0m
                [36m</button>[39m
              [36m</section>[39m
              [36m<nav[39m
                [33maria-label[39m=[32m"学习主导航"[39m
                [33mclass[39m=[32m"primary-navigation"[39m
              [36m>[39m
                [36m<button[39m
                  [33maria-current[39m=[32m"page"[39m
                [36m>[39m
                  [36m<span[39m
                    [33maria-hidden[39m=[32m"true"[39m
                    [33mclass[39m=[32m"nav-icon"[39m
                  [36m>[39m
                    [0m↗[0m
                  [36m</span>[39m
                  [36m<span>[39m
                    [0m学习路线[0m
                  [36m</span>[39m
                [36m</button>[39m
                [36m<button>[39m
                  [36m<span[39m
                    [33maria-hidden[39m=[32m"true"[39m
                    [33mclass[39m=[32m"nav-icon"[39m
                  [36m>[39m
                    [0m▤[0m
                  [36m</span>[39m
                  [36m<span>[39m
                    [0m教材[0m
                  [36m</span>[39m
                  [36m<small>[39m
                    [0m含例题[0m
                  [36m</small>[39m
                [36m</button>[39m
                [36m<button>[39m
                  [36m<span[39m
                    [33maria-hidden[39m=[32m"true"[39m
                    [33mclass[39m=[32m"nav-icon"[39m
                  [36m>[39m
                    [0m✎[0m
                  [36m</span>[39m
                  [36m<span>[39m
                    [0m习题[0m
                  [36m</span>[39m
                  [36m<small>[39m
                    [0m含解答[0m
                  [36m</small>[39m
                [36m</button>[39m
                [36m<button>[39m
                  [36m<span[39m
                    [33maria-hidden[39m=[32m"true"[39m
                    [33mclass[39m=[32m"nav-icon"[39m
                  [36m>[39m
                    [0m☑[0m
                  [36m</span>[39m
                  [36m<span>[39m
                    [0m测试题[0m
                  [36m</span>[39m
                [36m</button>[39m
              [36m</nav>[39m
              [36m<section[39m
                [33maria-label[39m=[32m"学习路线目录"[39m
                [33mclass[39m=[32m"directory-section"[39m
              [36m>[39m
                [36m<div[39m
                  [33mclass[39m=[32m"directory-heading"[39m
                [36m>[39m
                  [36m<h2>[39m
                    [0m路线与历史修订[0m
                  [36m</h2>[39m
                  [36m<button>[39m
                    [0m刷新路线[0m
                  [36m</button>[39m
                [36m</div>[39m
                [36m<div[39m
                  [33mclass[39m=[32m"directory-scroll"[39m
                [36m>[39m
                  [36m<p[39m
                    [33mclass[39m=[32m"directory-empty"[39m
                  [36m>[39m
                    [0m尚无正式学习路线。[0m
                  [36m</p>[39m
                  [36m<ul[39m
                    [33mclass[39m=[32m"chapters route-directory-list"[39m
                  [36m/>[39m
                  [36m<div[39m
                    [33mclass[39m=[32m"learning-actions"[39m
                  [36m>[39m
                    [36m<button>[39m
                      ...

- Expected
+ Received

- false
+ true

 ❯ src/features/draftReview/ReviewImportShell.test.tsx:85:71
     83|   await waitFor(() => expect((read as HTMLButtonElement).disabled).toB…
     84|   const prepare = await screen.findByRole('button', { name: '选择此审核并重新读…
     85|   await waitFor(() => expect((prepare as HTMLButtonElement).disabled).…
       |                                                                       ^
     86|   const warning = await screen.findByRole('checkbox', { name: /Synthet…
     87|   fireEvent.click(warning)
 ❯ runWithExpensiveErrorDiagnosticsDisabled ../../../../../Desktop/learning/Learning_Workbench/apps/web/node_modules/@testing-library/dom/dist/config.js:47:12
 ❯ checkCallback ../../../../../Desktop/learning/Learning_Workbench/apps/web/node_modules/@testing-library/dom/dist/wait-for.js:124:77
 ❯ Timeout.checkRealTimersCallback ../../../../../Desktop/learning/Learning_Workbench/apps/web/node_modules/@testing-library/dom/dist/wait-for.js:118:16

⎯⎯⎯⎯⎯⎯⎯⎯⎯⎯⎯⎯⎯⎯⎯⎯⎯⎯⎯⎯⎯⎯⎯⎯[1/1]⎯


 Test Files  1 failed | 8 passed (9)
      Tests  1 failed | 47 passed (48)
   Start at  11:59:14
   Duration  2.83s (tests 44%, environment 28%, transform 19%, import 9%)

