{
  "status": "PASS",
  "raw_count": 85,
  "safe_count": 74,
  "source_head": "fdd3a949fc9bc6edb2d136b912f3d8d1cdba4b81",
  "fixed_maps": [
    {
      "stage": "red-675637e0",
      "head": "675637e07fc5ccd156557820b135a52135acc622",
      "count": 1419
    },
    {
      "stage": "red-routes-02",
      "head": "5657af4258fae1843b247f6ed8a7c3661cd76ce9",
      "count": 1419
    },
    {
      "stage": "candidate-01",
      "head": "8017d481736ab74bb4d47e499bec22741a087427",
      "count": 1423
    },
    {
      "stage": "candidate-02",
      "head": "eafc56e1f37f024136e8f511e1207e9a6bf1dfd8",
      "count": 1423
    },
    {
      "stage": "callback-diagnostic-01",
      "head": "e2f3b524f793bb4333ca147376afb9a5aeb2bf9d",
      "count": 1423
    },
    {
      "stage": "identifier-red",
      "head": "cbde1dba81d90c0b50b3c905990af73913c60824",
      "count": 1423
    },
    {
      "stage": "identifier-green",
      "head": "c522531812b97c4d60efff1b65d5ccca9f4fced8",
      "count": 1423
    },
    {
      "stage": "boundaries-red",
      "head": "67b1f055060beca9eb31096b6c7811b84ea5cbdc",
      "count": 1424
    },
    {
      "stage": "boundaries-green",
      "head": "9f42b627c8e1310e8c700d83b9bfffa3c3fc9756",
      "count": 1424
    },
    {
      "stage": "claim-collision-red",
      "head": "8afd6f0ce9cabedfcc82b926a6d0d4b9e195e206",
      "count": 1424
    },
    {
      "stage": "claim-collision-green",
      "head": "5c7ffd660bbee7a016488a036a090c5020183aec",
      "count": 1424
    },
    {
      "stage": "reconstruction-fixed",
      "head": "532f572b578ffe96e64069fd88b49d312918c23c",
      "count": 1424
    },
    {
      "stage": "owner-final-01",
      "head": "fdd3a949fc9bc6edb2d136b912f3d8d1cdba4b81",
      "count": 1424
    },
    {
      "stage": "prior-original-green",
      "head": "fdd3a949fc9bc6edb2d136b912f3d8d1cdba4b81",
      "count": 1424
    },
    {
      "stage": "prior-original-green-02",
      "head": "fdd3a949fc9bc6edb2d136b912f3d8d1cdba4b81",
      "count": 1424
    },
    {
      "stage": "static-final-01",
      "head": "fdd3a949fc9bc6edb2d136b912f3d8d1cdba4b81",
      "count": 1424
    }
  ],
  "scope": "Read-only evidence and Git; no product execution."
}
