2026-09-15T01:39:54.4316067Z Current runner version: '2.337.0'
2026-09-15T01:39:54.4337220Z ##[group]Runner Image Provisioner
2026-09-15T01:39:54.4337977Z Hosted Compute Agent
2026-09-15T01:39:54.4338487Z Version: 20260828.587
2026-09-15T01:39:54.4338980Z Commit: abac92662cab4cc7352de4f9f9d2e2419aad9c29
2026-09-15T01:39:54.4339634Z Build Date: 2026-08-28T16:44:25Z
2026-09-15T01:39:54.4340179Z Worker ID: {f6df91cc-28e6-408b-876f-64eabf55979a}
2026-09-15T01:39:54.4340770Z Azure Region: westus3
2026-09-15T01:39:54.4341312Z ##[endgroup]
2026-09-15T01:39:54.4342331Z ##[group]Operating System
2026-09-15T01:39:54.4342901Z Ubuntu
2026-09-15T01:39:54.4343530Z 26.04.1
2026-09-15T01:39:54.4343979Z LTS
2026-09-15T01:39:54.4344444Z ##[endgroup]
2026-09-15T01:39:54.4344888Z ##[group]Runner Image
2026-09-15T01:39:54.4345406Z Image: ubuntu-26.04
2026-09-15T01:39:54.4345861Z Version: 20260907.131.1
2026-09-15T01:39:54.4346913Z Included Software: https://github.com/actions/runner-images/blob/ubuntu26/20260907.131/images/ubuntu/Ubuntu2604-Readme.md
2026-09-15T01:39:54.4348175Z Image Release: https://github.com/actions/runner-images/releases/tag/ubuntu26%2F20260907.131
2026-09-15T01:39:54.4348978Z ##[endgroup]
2026-09-15T01:39:54.4349879Z ##[group]GITHUB_TOKEN Permissions
2026-09-15T01:39:54.4351422Z Contents: read
2026-09-15T01:39:54.4351908Z Metadata: read
2026-09-15T01:39:54.4352455Z ##[endgroup]
2026-09-15T01:39:54.4354289Z Secret source: Actions
2026-09-15T01:39:54.4354999Z Cache mode: write
2026-09-15T01:39:54.4355657Z Prepare workflow directory
2026-09-15T01:39:54.4639577Z Prepare all required actions
2026-09-15T01:39:54.4691485Z Getting action download info
2026-09-15T01:39:54.7899938Z Download action repository 'actions/checkout@3d3c42e5aac5ba805825da76410c181273ba90b1' (SHA:3d3c42e5aac5ba805825da76410c181273ba90b1)
2026-09-15T01:39:54.8644546Z Download action repository 'actions/setup-python@5fda3b95a4ea91299a34e894583c3862153e4b97' (SHA:5fda3b95a4ea91299a34e894583c3862153e4b97)
2026-09-15T01:39:55.1726595Z Complete job name: integration
2026-09-15T01:39:55.2317104Z ##[group]Run actions/checkout@3d3c42e5aac5ba805825da76410c181273ba90b1
2026-09-15T01:39:55.2317923Z with:
2026-09-15T01:39:55.2318281Z   repository: kl3574/Learning_Workbench
2026-09-15T01:39:55.2321251Z   token: ***
2026-09-15T01:39:55.2321598Z   ssh-strict: true
2026-09-15T01:39:55.2321951Z   ssh-user: git
2026-09-15T01:39:55.2322311Z   persist-credentials: true
2026-09-15T01:39:55.2322694Z   clean: true
2026-09-15T01:39:55.2323183Z   sparse-checkout-cone-mode: true
2026-09-15T01:39:55.2323592Z   fetch-depth: 1
2026-09-15T01:39:55.2323933Z   fetch-tags: false
2026-09-15T01:39:55.2324278Z   show-progress: true
2026-09-15T01:39:55.2324631Z   lfs: false
2026-09-15T01:39:55.2324952Z   submodules: false
2026-09-15T01:39:55.2325300Z   set-safe-directory: true
2026-09-15T01:39:55.2325689Z   allow-unsafe-pr-checkout: false
2026-09-15T01:39:55.2326243Z ##[endgroup]
2026-09-15T01:39:55.3134353Z Syncing repository: kl3574/Learning_Workbench
2026-09-15T01:39:55.3136525Z ##[group]Getting Git version info
2026-09-15T01:39:55.3137520Z Working directory is '<CI_REPO>'
2026-09-15T01:39:55.3138877Z [command]/usr/bin/git version
2026-09-15T01:39:55.3144304Z git version 2.55.0
2026-09-15T01:39:55.3192306Z ##[endgroup]
2026-09-15T01:39:55.3200944Z Temporarily overriding HOME='<CI_HOME>/work/_temp/8b997410-c187-4b9c-9a6b-a92068d29a3f' before making global git config changes
2026-09-15T01:39:55.3202773Z Adding repository directory to the temporary git global config as a safe directory
2026-09-15T01:39:55.3205321Z [command]/usr/bin/git config --global --add safe.directory <CI_REPO>
2026-09-15T01:39:55.3259960Z Deleting the contents of '<CI_REPO>'
2026-09-15T01:39:55.3262324Z ##[group]Determining repository object format
2026-09-15T01:39:55.3263723Z ##[endgroup]
2026-09-15T01:39:55.3264629Z ##[group]Initializing the repository
2026-09-15T01:39:55.3273327Z [command]/usr/bin/git init <CI_REPO>
2026-09-15T01:39:55.3387429Z hint: Using 'master' as the name for the initial branch. This default branch name
2026-09-15T01:39:55.3389453Z hint: will change to "main" in Git 3.0. To configure the initial branch name
2026-09-15T01:39:55.3390923Z hint: to use in all of your new repositories, which will suppress this warning,
2026-09-15T01:39:55.3393586Z hint: call:
2026-09-15T01:39:55.3394441Z hint:
2026-09-15T01:39:55.3395176Z hint: 	git config --global init.defaultBranch <name>
2026-09-15T01:39:55.3395969Z hint:
2026-09-15T01:39:55.3396708Z hint: Names commonly chosen instead of 'master' are 'main', 'trunk' and
2026-09-15T01:39:55.3397869Z hint: 'development'. The just-created branch can be renamed via this command:
2026-09-15T01:39:55.3398775Z hint:
2026-09-15T01:39:55.3399274Z hint: 	git branch -m <name>
2026-09-15T01:39:55.3399835Z hint:
2026-09-15T01:39:55.3400676Z hint: Disable this message with "git config set advice.defaultBranchName false"
2026-09-15T01:39:55.3402094Z Initialized empty Git repository in <CI_REPO>/.git/
2026-09-15T01:39:55.3404233Z [command]/usr/bin/git remote add origin https://github.com/kl3574/Learning_Workbench
2026-09-15T01:39:55.3566424Z ##[endgroup]
2026-09-15T01:39:55.3567255Z ##[group]Disabling automatic garbage collection
2026-09-15T01:39:55.3567855Z [command]/usr/bin/git config --local gc.auto 0
2026-09-15T01:39:55.3595439Z ##[endgroup]
2026-09-15T01:39:55.3596247Z ##[group]Setting up auth
2026-09-15T01:39:55.3596842Z Removing SSH command configuration
2026-09-15T01:39:55.3602237Z [command]/usr/bin/git config --local --name-only --get-regexp core\.sshCommand
2026-09-15T01:39:55.3635473Z [command]/usr/bin/git submodule foreach --recursive sh -c "git config --local --name-only --get-regexp 'core\.sshCommand' && git config --local --unset-all 'core.sshCommand' || :"
2026-09-15T01:39:55.3990805Z Removing HTTP extra header
2026-09-15T01:39:55.3996697Z [command]/usr/bin/git config --local --name-only --get-regexp http\.https\:\/\/github\.com\/\.extraheader
2026-09-15T01:39:55.4024107Z [command]/usr/bin/git submodule foreach --recursive sh -c "git config --local --name-only --get-regexp 'http\.https\:\/\/github\.com\/\.extraheader' && git config --local --unset-all 'http.https://github.com/.extraheader' || :"
2026-09-15T01:39:55.4251219Z Removing includeIf entries pointing to credentials config files
2026-09-15T01:39:55.4255854Z [command]/usr/bin/git config --local --name-only --get-regexp ^includeIf\.gitdir:
2026-09-15T01:39:55.4291088Z [command]/usr/bin/git submodule foreach --recursive git config --local --show-origin --name-only --get-regexp remote.origin.url
2026-09-15T01:39:55.4520231Z [command]/usr/bin/git config --file <CI_HOME>/work/_temp/git-credentials-53e8b8bf-1c8e-440f-a631-49b6c9a7afa8.config http.https://github.com/.extraheader AUTHORIZATION: basic ***
2026-09-15T01:39:55.4553695Z [command]/usr/bin/git config --local includeIf.gitdir:<CI_REPO>/.git.path <CI_HOME>/work/_temp/git-credentials-53e8b8bf-1c8e-440f-a631-49b6c9a7afa8.config
2026-09-15T01:39:55.4579348Z [command]/usr/bin/git config --local includeIf.gitdir:<CI_REPO>/.git/worktrees/*.path <CI_HOME>/work/_temp/git-credentials-53e8b8bf-1c8e-440f-a631-49b6c9a7afa8.config
2026-09-15T01:39:55.4607761Z [command]/usr/bin/git config --local includeIf.gitdir:/github/workspace/.git.path /github/runner_temp/git-credentials-53e8b8bf-1c8e-440f-a631-49b6c9a7afa8.config
2026-09-15T01:39:55.4636100Z [command]/usr/bin/git config --local includeIf.gitdir:/github/workspace/.git/worktrees/*.path /github/runner_temp/git-credentials-53e8b8bf-1c8e-440f-a631-49b6c9a7afa8.config
2026-09-15T01:39:55.4659119Z ##[endgroup]
2026-09-15T01:39:55.4659729Z ##[group]Fetching the repository
2026-09-15T01:39:55.4664018Z [command]/usr/bin/git -c protocol.version=2 fetch --no-tags --prune --no-recurse-submodules --depth=1 origin +b3823cff32fadd665aae401ee304075ee624bfd7:refs/remotes/pull/47/merge
2026-09-15T01:39:57.4865288Z From https://github.com/kl3574/Learning_Workbench
2026-09-15T01:39:57.4866675Z  * [new ref]         b3823cff32fadd665aae401ee304075ee624bfd7 -> pull/47/merge
2026-09-15T01:39:57.4869718Z ##[endgroup]
2026-09-15T01:39:57.4870915Z ##[group]Determining the checkout info
2026-09-15T01:39:57.4872307Z ##[endgroup]
2026-09-15T01:39:57.4874828Z [command]/usr/bin/git sparse-checkout disable
2026-09-15T01:39:57.4923250Z [command]/usr/bin/git config --local --unset-all extensions.worktreeConfig
2026-09-15T01:39:57.4948257Z ##[group]Checking out the ref
2026-09-15T01:39:57.4951045Z [command]/usr/bin/git checkout --progress --force refs/remotes/pull/47/merge
2026-09-15T01:39:57.6410465Z Note: switching to 'refs/remotes/pull/47/merge'.
2026-09-15T01:39:57.6411202Z 
2026-09-15T01:39:57.6411796Z You are in 'detached HEAD' state. You can look around, make experimental
2026-09-15T01:39:57.6413480Z changes and commit them, and you can discard any commits you make in this
2026-09-15T01:39:57.6415175Z state without impacting any branches by switching back to a branch.
2026-09-15T01:39:57.6416148Z 
2026-09-15T01:39:57.6416951Z If you want to create a new branch to retain commits you create, you may
2026-09-15T01:39:57.6418719Z do so (now or later) by using -c with the switch command. Example:
2026-09-15T01:39:57.6419669Z 
2026-09-15T01:39:57.6420084Z   git switch -c <new-branch-name>
2026-09-15T01:39:57.6420729Z 
2026-09-15T01:39:57.6421228Z Or undo this operation with:
2026-09-15T01:39:57.6422103Z 
2026-09-15T01:39:57.6422623Z   git switch -
2026-09-15T01:39:57.6423516Z 
2026-09-15T01:39:57.6424580Z Turn off this advice by setting config variable advice.detachedHead to false
2026-09-15T01:39:57.6426076Z 
2026-09-15T01:39:57.6427894Z HEAD is now at b3823cf Merge 5bd81576a2a0e2dbb454165eb3bcde5920493b05 into e2529718a90b758fb1fab88ed57cba9de9bb4d0c
2026-09-15T01:39:57.6433195Z ##[endgroup]
2026-09-15T01:39:57.6471515Z [command]/usr/bin/git log -1 --format=%H
2026-09-15T01:39:57.6494510Z b3823cff32fadd665aae401ee304075ee624bfd7
2026-09-15T01:39:57.6876641Z ##[group]Run actions/setup-python@5fda3b95a4ea91299a34e894583c3862153e4b97
2026-09-15T01:39:57.6878663Z with:
2026-09-15T01:39:57.6879759Z   python-version: 3.12.13
2026-09-15T01:39:57.6880715Z   check-latest: false
2026-09-15T01:39:57.6888624Z   token: ***
2026-09-15T01:39:57.6889433Z   update-environment: true
2026-09-15T01:39:57.6890339Z   allow-prereleases: false
2026-09-15T01:39:57.6891254Z   freethreaded: false
2026-09-15T01:39:57.6892072Z ##[endgroup]
2026-09-15T01:39:57.7859908Z ##[group]Installed versions
2026-09-15T01:39:57.7870539Z Version 3.12.13 was not found in the local cache
2026-09-15T01:39:58.7946829Z Version 3.12.13 is available for downloading
2026-09-15T01:39:58.7947815Z Download from "https://github.com/actions/python-versions/releases/download/3.12.13-27650778726/python-3.12.13-linux-26.04-x64.tar.gz"
2026-09-15T01:40:00.0171715Z Extract downloaded archive
2026-09-15T01:40:00.0281370Z [command]/usr/bin/tar xz --warning=no-unknown-keyword --overwrite -C <CI_HOME>/work/_temp/8a22bd5e-c576-4d87-b365-6c7be05b64e2 -f <CI_HOME>/work/_temp/0462bf6a-f9da-4b9d-bae8-ef432af615c8
2026-09-15T01:40:01.0417764Z Execute installation script
2026-09-15T01:40:01.0534198Z Check if Python hostedtoolcache folder exist...
2026-09-15T01:40:01.0535064Z Create Python 3.12.13 folder
2026-09-15T01:40:01.0555934Z Copy Python binaries to hostedtoolcache folder
2026-09-15T01:40:01.4199579Z Create additional symlinks (Required for the UsePythonVersion Azure Pipelines task and the setup-python GitHub Action)
2026-09-15T01:40:01.4286275Z Upgrading pip...
2026-09-15T01:40:03.2253760Z Collecting pip
2026-09-15T01:40:03.2419758Z Downloading pip-26.2.1-py3-none-any.whl.metadata (4.6 kB)
2026-09-15T01:40:03.2547453Z Downloading pip-26.2.1-py3-none-any.whl (1.8 MB)
2026-09-15T01:40:03.2683420Z ━━━━━━━━━━━━━━━━━━━━━━━━━━━━━━━━━━━━━━━━ 1.8/1.8 MB 215.8 MB/s eta 0:00:00
2026-09-15T01:40:03.2683914Z 
2026-09-15T01:40:03.3003761Z Installing collected packages: pip
2026-09-15T01:40:03.3004874Z Attempting uninstall: pip
2026-09-15T01:40:03.3021326Z Found existing installation: pip 25.0.1
2026-09-15T01:40:03.3264052Z Uninstalling pip-25.0.1:
2026-09-15T01:40:03.3307488Z Successfully uninstalled pip-25.0.1
2026-09-15T01:40:04.0360685Z Successfully installed pip-26.2.1
2026-09-15T01:40:04.0849353Z Create complete file
2026-09-15T01:40:04.0894891Z Successfully set up CPython (3.12.13)
2026-09-15T01:40:04.0895511Z ##[endgroup]
2026-09-15T01:40:04.1058600Z ##[group]Run python -m pip install uv==0.11.21
2026-09-15T01:40:04.1058960Z [36;1mpython -m pip install uv==0.11.21[0m
2026-09-15T01:40:04.1210193Z shell: /usr/bin/bash -e {0}
2026-09-15T01:40:04.1210442Z env:
2026-09-15T01:40:04.1210674Z   pythonLocation: /opt/hostedtoolcache/Python/3.12.13/x64
2026-09-15T01:40:04.1211051Z   PKG_CONFIG_PATH: /opt/hostedtoolcache/Python/3.12.13/x64/lib/pkgconfig
2026-09-15T01:40:04.1211397Z   Python_ROOT_DIR: /opt/hostedtoolcache/Python/3.12.13/x64
2026-09-15T01:40:04.1211766Z   Python2_ROOT_DIR: /opt/hostedtoolcache/Python/3.12.13/x64
2026-09-15T01:40:04.1212069Z   Python3_ROOT_DIR: /opt/hostedtoolcache/Python/3.12.13/x64
2026-09-15T01:40:04.1212373Z   LD_LIBRARY_PATH: /opt/hostedtoolcache/Python/3.12.13/x64/lib
2026-09-15T01:40:04.1212631Z ##[endgroup]
2026-09-15T01:40:05.1451365Z Collecting uv==0.11.21
2026-09-15T01:40:05.1645077Z   Downloading uv-0.11.21-py3-none-manylinux_2_17_x86_64.manylinux2014_x86_64.whl.metadata (11 kB)
2026-09-15T01:40:05.1727069Z Downloading uv-0.11.21-py3-none-manylinux_2_17_x86_64.manylinux2014_x86_64.whl (25.1 MB)
2026-09-15T01:40:05.4553149Z    ━━━━━━━━━━━━━━━━━━━━━━━━━━━━━━━━━━━━━━━━ 25.1/25.1 MB 91.3 MB/s  0:00:00
2026-09-15T01:40:05.4929580Z Installing collected packages: uv
2026-09-15T01:40:05.7129249Z Successfully installed uv-0.11.21
2026-09-15T01:40:05.7628076Z ##[group]Run uv sync --frozen
2026-09-15T01:40:05.7628371Z [36;1muv sync --frozen[0m
2026-09-15T01:40:05.7682360Z shell: /usr/bin/bash -e {0}
2026-09-15T01:40:05.7682593Z env:
2026-09-15T01:40:05.7682822Z   pythonLocation: /opt/hostedtoolcache/Python/3.12.13/x64
2026-09-15T01:40:05.7683300Z   PKG_CONFIG_PATH: /opt/hostedtoolcache/Python/3.12.13/x64/lib/pkgconfig
2026-09-15T01:40:05.7683653Z   Python_ROOT_DIR: /opt/hostedtoolcache/Python/3.12.13/x64
2026-09-15T01:40:05.7683955Z   Python2_ROOT_DIR: /opt/hostedtoolcache/Python/3.12.13/x64
2026-09-15T01:40:05.7684254Z   Python3_ROOT_DIR: /opt/hostedtoolcache/Python/3.12.13/x64
2026-09-15T01:40:05.7684549Z   LD_LIBRARY_PATH: /opt/hostedtoolcache/Python/3.12.13/x64/lib
2026-09-15T01:40:05.7684812Z ##[endgroup]
2026-09-15T01:40:05.8180590Z Using CPython 3.12.13 interpreter at: /opt/hostedtoolcache/Python/3.12.13/x64/bin/python3.12
2026-09-15T01:40:05.8181008Z Creating virtual environment at: .venv
2026-09-15T01:40:05.8851589Z Downloading pydantic-core (2.0MiB)
2026-09-15T01:40:05.8855469Z Downloading mypy (14.6MiB)
2026-09-15T01:40:05.8858422Z Downloading pygments (1.2MiB)
2026-09-15T01:40:05.8861766Z Downloading ruff (9.9MiB)
2026-09-15T01:40:05.8866076Z Downloading ast-serialize (1.3MiB)
2026-09-15T01:40:06.0150488Z  Downloaded ast-serialize
2026-09-15T01:40:06.0308764Z  Downloaded pydantic-core
2026-09-15T01:40:06.1404933Z  Downloaded ruff
2026-09-15T01:40:06.1898905Z  Downloaded pygments
2026-09-15T01:40:06.2969232Z  Downloaded mypy
2026-09-15T01:40:06.2970965Z Prepared 37 packages in 476ms
2026-09-15T01:40:06.3316648Z Installed 37 packages in 34ms
2026-09-15T01:40:06.3317042Z  + annotated-doc==0.0.5
2026-09-15T01:40:06.3317330Z  + annotated-types==0.8.0
2026-09-15T01:40:06.3317520Z  + anyio==4.15.1
2026-09-15T01:40:06.3317889Z  + ast-serialize==0.11.2
2026-09-15T01:40:06.3318217Z  + attrs==26.1.0
2026-09-15T01:40:06.3318522Z  + certifi==2026.7.22
2026-09-15T01:40:06.3318846Z  + click==8.5.0
2026-09-15T01:40:06.3319175Z  + defusedxml==0.7.1
2026-09-15T01:40:06.3319503Z  + fastapi==0.141.1
2026-09-15T01:40:06.3319814Z  + h11==0.16.0
2026-09-15T01:40:06.3320103Z  + httpcore==1.0.9
2026-09-15T01:40:06.3320408Z  + httpx==0.28.1
2026-09-15T01:40:06.3320918Z  + idna==3.19
2026-09-15T01:40:06.3321162Z  + iniconfig==2.3.0
2026-09-15T01:40:06.3321511Z  + jsonschema==4.26.0
2026-09-15T01:40:06.3321858Z  + jsonschema-specifications==2025.9.1
2026-09-15T01:40:06.3322200Z  + librt==0.15.0
2026-09-15T01:40:06.3322435Z  + markdown-it-py==4.2.0
2026-09-15T01:40:06.3322676Z  + mdurl==0.1.2
2026-09-15T01:40:06.3322910Z  + mypy==2.3.1
2026-09-15T01:40:06.3323280Z  + mypy-extensions==1.1.0
2026-09-15T01:40:06.3323550Z  + packaging==26.3
2026-09-15T01:40:06.3323775Z  + pathspec==1.1.1
2026-09-15T01:40:06.3324014Z  + pluggy==1.6.0
2026-09-15T01:40:06.3324253Z  + pydantic==2.13.5
2026-09-15T01:40:06.3324501Z  + pydantic-core==2.46.5
2026-09-15T01:40:06.3324759Z  + pygments==2.21.0
2026-09-15T01:40:06.3325022Z  + pypdf==6.18.1
2026-09-15T01:40:06.3325297Z  + pytest==9.1.1
2026-09-15T01:40:06.3325566Z  + python-multipart==0.0.32
2026-09-15T01:40:06.3325855Z  + referencing==0.37.0
2026-09-15T01:40:06.3326127Z  + rpds-py==2026.6.3
2026-09-15T01:40:06.3326378Z  + ruff==0.16.7
2026-09-15T01:40:06.3326636Z  + starlette==1.6.0
2026-09-15T01:40:06.3326930Z  + typing-extensions==4.16.0
2026-09-15T01:40:06.3327247Z  + typing-inspection==0.4.4
2026-09-15T01:40:06.3327530Z  + uvicorn==0.53.0
2026-09-15T01:40:06.3394504Z ##[group]Run sudo apt-get update
2026-09-15T01:40:06.3394817Z [36;1msudo apt-get update[0m
2026-09-15T01:40:06.3395403Z [36;1msudo apt-get install -y bubblewrap=0.11.1-1ubuntu0.1 apparmor=5.0.2-0ubuntu1~26.04.1 libapparmor1=5.0.2-0ubuntu1~26.04.1 libseccomp2=2.6.0-2ubuntu5[0m
2026-09-15T01:40:06.3396100Z [36;1mdpkg-query -W bubblewrap apparmor libapparmor1 libseccomp2[0m
2026-09-15T01:40:06.3396520Z [36;1mtest -f /etc/apparmor.d/bwrap-userns-restrict[0m
2026-09-15T01:40:06.3396825Z [36;1mbwrap --version[0m
2026-09-15T01:40:06.3448569Z shell: /usr/bin/bash -e {0}
2026-09-15T01:40:06.3448820Z env:
2026-09-15T01:40:06.3449092Z   pythonLocation: /opt/hostedtoolcache/Python/3.12.13/x64
2026-09-15T01:40:06.3449519Z   PKG_CONFIG_PATH: /opt/hostedtoolcache/Python/3.12.13/x64/lib/pkgconfig
2026-09-15T01:40:06.3449959Z   Python_ROOT_DIR: /opt/hostedtoolcache/Python/3.12.13/x64
2026-09-15T01:40:06.3450342Z   Python2_ROOT_DIR: /opt/hostedtoolcache/Python/3.12.13/x64
2026-09-15T01:40:06.3450767Z   Python3_ROOT_DIR: /opt/hostedtoolcache/Python/3.12.13/x64
2026-09-15T01:40:06.3451148Z   LD_LIBRARY_PATH: /opt/hostedtoolcache/Python/3.12.13/x64/lib
2026-09-15T01:40:06.3451457Z ##[endgroup]
2026-09-15T01:40:06.4754457Z Get:1 file:/etc/apt/apt-mirrors.txt Mirrorlist [144 B]
2026-09-15T01:40:06.4893770Z Get:3 https://packages.microsoft.com/ubuntu/26.04/prod resolute InRelease [3964 B]
2026-09-15T01:40:06.5097297Z Hit:2 http://azure.archive.ubuntu.com/ubuntu resolute InRelease
2026-09-15T01:40:06.5116895Z Get:4 http://azure.archive.ubuntu.com/ubuntu resolute-updates InRelease [137 kB]
2026-09-15T01:40:06.5314518Z Get:5 http://azure.archive.ubuntu.com/ubuntu resolute-backports InRelease [137 kB]
2026-09-15T01:40:06.5772411Z Get:6 http://azure.archive.ubuntu.com/ubuntu resolute-security InRelease [137 kB]
2026-09-15T01:40:06.6062456Z Get:7 https://dl.google.com/linux/chrome-stable/deb stable InRelease [2548 B]
2026-09-15T01:40:06.6134252Z Get:8 https://packages.microsoft.com/ubuntu/26.04/prod resolute/main arm64 Packages [52.1 kB]
2026-09-15T01:40:06.6223522Z Get:9 https://packages.microsoft.com/ubuntu/26.04/prod resolute/main amd64 Packages [59.9 kB]
2026-09-15T01:40:06.6756243Z Get:10 http://azure.archive.ubuntu.com/ubuntu resolute-updates/main amd64v3 Packages [605 kB]
2026-09-15T01:40:06.6790033Z Get:11 http://azure.archive.ubuntu.com/ubuntu resolute-updates/main Translation-en [144 kB]
2026-09-15T01:40:06.6798723Z Get:12 http://azure.archive.ubuntu.com/ubuntu resolute-updates/main amd64 Components [97.8 kB]
2026-09-15T01:40:06.6835184Z Get:13 http://azure.archive.ubuntu.com/ubuntu resolute-updates/universe amd64v3 Packages [286 kB]
2026-09-15T01:40:06.6847569Z Get:14 http://azure.archive.ubuntu.com/ubuntu resolute-updates/universe Translation-en [91.4 kB]
2026-09-15T01:40:06.6848934Z Get:15 http://azure.archive.ubuntu.com/ubuntu resolute-updates/universe amd64 Components [188 kB]
2026-09-15T01:40:06.6859138Z Get:16 http://azure.archive.ubuntu.com/ubuntu resolute-updates/restricted amd64v3 Packages [409 kB]
2026-09-15T01:40:06.6887244Z Get:17 http://azure.archive.ubuntu.com/ubuntu resolute-updates/restricted Translation-en [79.5 kB]
2026-09-15T01:40:06.6888335Z Get:18 http://azure.archive.ubuntu.com/ubuntu resolute-updates/multiverse amd64v3 Packages [11.6 kB]
2026-09-15T01:40:06.6890123Z Get:19 http://azure.archive.ubuntu.com/ubuntu resolute-updates/multiverse Translation-en [3036 B]
2026-09-15T01:40:06.7309257Z Get:20 http://azure.archive.ubuntu.com/ubuntu resolute-backports/universe amd64 Components [1056 B]
2026-09-15T01:40:06.7316116Z Get:21 http://azure.archive.ubuntu.com/ubuntu resolute-security/main amd64v3 Packages [474 kB]
2026-09-15T01:40:06.7335411Z Get:22 http://azure.archive.ubuntu.com/ubuntu resolute-security/main Translation-en [111 kB]
2026-09-15T01:40:06.7343656Z Get:23 http://azure.archive.ubuntu.com/ubuntu resolute-security/main amd64 Components [46.6 kB]
2026-09-15T01:40:06.7350465Z Get:24 http://azure.archive.ubuntu.com/ubuntu resolute-security/universe amd64v3 Packages [173 kB]
2026-09-15T01:40:06.7364667Z Get:25 http://azure.archive.ubuntu.com/ubuntu resolute-security/universe Translation-en [54.4 kB]
2026-09-15T01:40:06.7370787Z Get:26 http://azure.archive.ubuntu.com/ubuntu resolute-security/universe amd64 Components [43.4 kB]
2026-09-15T01:40:06.7376923Z Get:27 http://azure.archive.ubuntu.com/ubuntu resolute-security/restricted amd64v3 Packages [399 kB]
2026-09-15T01:40:06.7394487Z Get:28 http://azure.archive.ubuntu.com/ubuntu resolute-security/restricted Translation-en [77.7 kB]
2026-09-15T01:40:06.7401321Z Get:29 http://azure.archive.ubuntu.com/ubuntu resolute-security/multiverse amd64v3 Packages [10.9 kB]
2026-09-15T01:40:06.7406089Z Get:30 http://azure.archive.ubuntu.com/ubuntu resolute-security/multiverse Translation-en [2844 B]
2026-09-15T01:40:06.7664614Z Get:31 https://dl.google.com/linux/chrome-stable/deb stable/main amd64 Packages [1413 B]
2026-09-15T01:40:12.8252146Z Fetched 3841 kB in 0s (8646 kB/s)
2026-09-15T01:40:13.3454947Z Reading package lists...
2026-09-15T01:40:13.3739011Z Reading package lists...
2026-09-15T01:40:13.5186843Z Building dependency tree...
2026-09-15T01:40:13.5193284Z Reading state information...
2026-09-15T01:40:13.5496261Z bubblewrap is already the newest version (0.11.1-1ubuntu0.1).
2026-09-15T01:40:13.5496627Z bubblewrap set to manually installed.
2026-09-15T01:40:13.5496934Z apparmor is already the newest version (5.0.2-0ubuntu1~26.04.1).
2026-09-15T01:40:13.5497222Z apparmor set to manually installed.
2026-09-15T01:40:13.5497500Z libapparmor1 is already the newest version (5.0.2-0ubuntu1~26.04.1).
2026-09-15T01:40:13.5497793Z libapparmor1 set to manually installed.
2026-09-15T01:40:13.5498061Z libseccomp2 is already the newest version (2.6.0-2ubuntu5).
2026-09-15T01:40:13.5498332Z libseccomp2 set to manually installed.
2026-09-15T01:40:13.5986365Z Solving dependencies...
2026-09-15T01:40:13.7108376Z 0 upgraded, 0 newly installed, 0 to remove and 69 not upgraded.
2026-09-15T01:40:13.7219160Z apparmor	5.0.2-0ubuntu1~26.04.1
2026-09-15T01:40:13.7219595Z bubblewrap	0.11.1-1ubuntu0.1
2026-09-15T01:40:13.7219935Z libapparmor1:amd64	5.0.2-0ubuntu1~26.04.1
2026-09-15T01:40:13.7220298Z libseccomp2:amd64	2.6.0-2ubuntu5
2026-09-15T01:40:13.7457421Z bubblewrap 0.11.1
2026-09-15T01:40:13.7485644Z ##[group]Run uv run --frozen pytest tests/integration
2026-09-15T01:40:13.7485961Z [36;1muv run --frozen pytest tests/integration[0m
2026-09-15T01:40:13.7536956Z shell: /usr/bin/bash -e {0}
2026-09-15T01:40:13.7537159Z env:
2026-09-15T01:40:13.7537379Z   pythonLocation: /opt/hostedtoolcache/Python/3.12.13/x64
2026-09-15T01:40:13.7537726Z   PKG_CONFIG_PATH: /opt/hostedtoolcache/Python/3.12.13/x64/lib/pkgconfig
2026-09-15T01:40:13.7538069Z   Python_ROOT_DIR: /opt/hostedtoolcache/Python/3.12.13/x64
2026-09-15T01:40:13.7538360Z   Python2_ROOT_DIR: /opt/hostedtoolcache/Python/3.12.13/x64
2026-09-15T01:40:13.7538820Z   Python3_ROOT_DIR: /opt/hostedtoolcache/Python/3.12.13/x64
2026-09-15T01:40:13.7539121Z   LD_LIBRARY_PATH: /opt/hostedtoolcache/Python/3.12.13/x64/lib
2026-09-15T01:40:13.7539376Z ##[endgroup]
2026-09-15T01:40:16.6271307Z ============================= test session starts ==============================
2026-09-15T01:40:16.6271797Z platform linux -- Python 3.12.13, pytest-9.1.1, pluggy-1.6.0
2026-09-15T01:40:16.6272155Z rootdir: <CI_REPO>
2026-09-15T01:40:16.6272447Z configfile: pyproject.toml
2026-09-15T01:40:16.6272642Z plugins: anyio-4.15.1
2026-09-15T01:40:16.6272816Z collected 459 items
2026-09-15T01:40:16.6272928Z 
2026-09-15T01:40:32.5634590Z tests/integration/test_assessment_attempts.py .......................... [  5%]
2026-09-15T01:40:39.0494989Z ...........                                                              [  8%]
2026-09-15T01:40:54.4593660Z tests/integration/test_assessment_grading.py ....................        [ 12%]
2026-09-15T01:40:58.1221698Z tests/integration/test_assessment_independent_review.py .......          [ 13%]
2026-09-15T01:41:03.9729412Z tests/integration/test_assessment_learning_port.py ...........           [ 16%]
2026-09-15T01:41:14.6913233Z tests/integration/test_assessment_policy.py ...................          [ 20%]
2026-09-15T01:41:22.3276826Z tests/integration/test_assessment_review_history.py ........             [ 22%]
2026-09-15T01:41:27.7757812Z tests/integration/test_concept_states.py .........                       [ 24%]
2026-09-15T01:41:30.0606611Z tests/integration/test_content_http.py ...........                       [ 26%]
2026-09-15T01:41:30.6815750Z tests/integration/test_content_repository.py ........................... [ 32%]
2026-09-15T01:41:30.8921979Z ........                                                                 [ 34%]
2026-09-15T01:41:39.7980003Z tests/integration/test_document_http.py ......                           [ 35%]
2026-09-15T01:41:45.7499079Z tests/integration/test_document_imports.py ......                        [ 36%]
2026-09-15T01:41:49.8466063Z tests/integration/test_evidence_independent_review.py ......             [ 38%]
2026-09-15T01:41:52.0040431Z tests/integration/test_grading_queue_isolation.py ..                     [ 38%]
2026-09-15T01:42:01.5878957Z tests/integration/test_import_http.py ...............                    [ 41%]
2026-09-15T01:42:14.9273874Z tests/integration/test_import_repository.py ............................ [ 47%]
2026-09-15T01:42:23.7487113Z ......                                                                   [ 49%]
2026-09-15T01:42:25.2824760Z tests/integration/test_learner_profile.py ....................           [ 53%]
2026-09-15T01:42:25.8271807Z tests/integration/test_learning_action_integrity.py ...                  [ 54%]
2026-09-15T01:42:28.8874734Z tests/integration/test_learning_activity_access.py ......                [ 55%]
2026-09-15T01:42:29.3010360Z tests/integration/test_learning_content_scope.py ...............         [ 58%]
2026-09-15T01:42:29.8753160Z tests/integration/test_learning_course_history.py ..                     [ 59%]
2026-09-15T01:42:41.3838730Z tests/integration/test_learning_evidence.py ................             [ 62%]
2026-09-15T01:42:43.3406023Z tests/integration/test_learning_state_observations.py ...                [ 63%]
2026-09-15T01:42:45.7963775Z tests/integration/test_notes_learning.py ............................... [ 70%]
2026-09-15T01:42:46.9028619Z .................                                                        [ 73%]
2026-09-15T01:42:51.3597274Z tests/integration/test_practice_grading.py .........                     [ 75%]
2026-09-15T01:42:56.2871036Z tests/integration/test_practice_independent_review.py ........           [ 77%]
2026-09-15T01:42:56.6248583Z tests/integration/test_practice_learning_port.py ............            [ 80%]
2026-09-15T01:43:08.6107025Z tests/integration/test_practice_sessions.py ........................     [ 85%]
2026-09-15T01:43:12.4491717Z tests/integration/test_provenance_recovery_integrity.py ......           [ 86%]
2026-09-15T01:43:12.5568308Z tests/integration/test_question_qualification.py ....                    [ 87%]
2026-09-15T01:43:12.6614198Z tests/integration/test_reader_directory.py ....                          [ 88%]
2026-09-15T01:43:19.5942265Z tests/integration/test_reader_provenance.py ...........                  [ 90%]
2026-09-15T01:43:19.8326079Z tests/integration/test_route_completion_sources.py ........              [ 92%]
2026-09-15T01:43:21.4179428Z tests/integration/test_routes_commands.py .............                  [ 95%]
2026-09-15T01:43:25.7684776Z tests/integration/test_workbench_assessment_policy.py ......             [ 96%]
2026-09-15T01:43:28.3922888Z tests/integration/test_workbench_persistence.py ...............          [100%]
2026-09-15T01:43:28.3924725Z 
2026-09-15T01:43:28.3925318Z =============================== warnings summary ===============================
2026-09-15T01:43:28.3925892Z .venv/lib/python3.12/site-packages/fastapi/testclient.py:1
2026-09-15T01:43:28.3926888Z   <CI_REPO>/.venv/lib/python3.12/site-packages/fastapi/testclient.py:1: StarletteDeprecationWarning: Using `httpx` with `starlette.testclient` is deprecated; install `httpx2` instead.
2026-09-15T01:43:28.3927819Z     from starlette.testclient import TestClient as TestClient  # noqa
2026-09-15T01:43:28.3928042Z 
2026-09-15T01:43:28.3928193Z .venv/lib/python3.12/site-packages/starlette/testclient.py:53
2026-09-15T01:43:28.3928986Z   <CI_REPO>/.venv/lib/python3.12/site-packages/starlette/testclient.py:53: DeprecationWarning: The anyio.abc.BlockingPortal alias is deprecated, use anyio.from_thread.BlockingPortal instead.
2026-09-15T01:43:28.3929823Z     _PortalFactoryType = Callable[[], AbstractContextManager[anyio.abc.BlockingPortal]]
2026-09-15T01:43:28.3930099Z 
2026-09-15T01:43:28.3930290Z -- Docs: https://docs.pytest.org/en/stable/how-to/capture-warnings.html
2026-09-15T01:43:28.3930673Z ================= 459 passed, 2 warnings in 193.82s (0:03:13) ==================
2026-09-15T01:43:28.6068180Z Post job cleanup.
2026-09-15T01:43:28.7092355Z Post job cleanup.
2026-09-15T01:43:28.7786485Z [command]/usr/bin/git version
2026-09-15T01:43:28.7826614Z git version 2.55.0
2026-09-15T01:43:28.7858454Z Temporarily overriding HOME='<CI_HOME>/work/_temp/060a20bb-be17-4947-b2cb-94cf741ba53d' before making global git config changes
2026-09-15T01:43:28.7859192Z Adding repository directory to the temporary git global config as a safe directory
2026-09-15T01:43:28.7861984Z [command]/usr/bin/git config --global --add safe.directory <CI_REPO>
2026-09-15T01:43:28.7893526Z Removing SSH command configuration
2026-09-15T01:43:28.7898681Z [command]/usr/bin/git config --local --name-only --get-regexp core\.sshCommand
2026-09-15T01:43:28.7930047Z [command]/usr/bin/git submodule foreach --recursive sh -c "git config --local --name-only --get-regexp 'core\.sshCommand' && git config --local --unset-all 'core.sshCommand' || :"
2026-09-15T01:43:28.8176636Z Removing HTTP extra header
2026-09-15T01:43:28.8181213Z [command]/usr/bin/git config --local --name-only --get-regexp http\.https\:\/\/github\.com\/\.extraheader
2026-09-15T01:43:28.8213921Z [command]/usr/bin/git submodule foreach --recursive sh -c "git config --local --name-only --get-regexp 'http\.https\:\/\/github\.com\/\.extraheader' && git config --local --unset-all 'http.https://github.com/.extraheader' || :"
2026-09-15T01:43:28.8463450Z Removing includeIf entries pointing to credentials config files
2026-09-15T01:43:28.8471658Z [command]/usr/bin/git config --local --name-only --get-regexp ^includeIf\.gitdir:
2026-09-15T01:43:28.8498451Z includeif.gitdir:<CI_REPO>/.git.path
2026-09-15T01:43:28.8499488Z includeif.gitdir:<CI_REPO>/.git/worktrees/*.path
2026-09-15T01:43:28.8500561Z includeif.gitdir:/github/workspace/.git.path
2026-09-15T01:43:28.8501027Z includeif.gitdir:/github/workspace/.git/worktrees/*.path
2026-09-15T01:43:28.8506707Z [command]/usr/bin/git config --local --get-all includeif.gitdir:<CI_REPO>/.git.path
2026-09-15T01:43:28.8527665Z <CI_HOME>/work/_temp/git-credentials-53e8b8bf-1c8e-440f-a631-49b6c9a7afa8.config
2026-09-15T01:43:28.8537801Z [command]/usr/bin/git config --local --unset includeif.gitdir:<CI_REPO>/.git.path \/home\/runner\/work\/_temp\/git\-credentials\-53e8b8bf\-1c8e\-440f\-a631\-49b6c9a7afa8\.config
2026-09-15T01:43:28.8585182Z [command]/usr/bin/git config --local --get-all includeif.gitdir:<CI_REPO>/.git/worktrees/*.path
2026-09-15T01:43:28.8610390Z <CI_HOME>/work/_temp/git-credentials-53e8b8bf-1c8e-440f-a631-49b6c9a7afa8.config
2026-09-15T01:43:28.8616907Z [command]/usr/bin/git config --local --unset includeif.gitdir:<CI_REPO>/.git/worktrees/*.path \/home\/runner\/work\/_temp\/git\-credentials\-53e8b8bf\-1c8e\-440f\-a631\-49b6c9a7afa8\.config
2026-09-15T01:43:28.8650167Z [command]/usr/bin/git config --local --get-all includeif.gitdir:/github/workspace/.git.path
2026-09-15T01:43:28.8669646Z /github/runner_temp/git-credentials-53e8b8bf-1c8e-440f-a631-49b6c9a7afa8.config
2026-09-15T01:43:28.8675242Z [command]/usr/bin/git config --local --unset includeif.gitdir:/github/workspace/.git.path \/github\/runner_temp\/git\-credentials\-53e8b8bf\-1c8e\-440f\-a631\-49b6c9a7afa8\.config
2026-09-15T01:43:28.8702388Z [command]/usr/bin/git config --local --get-all includeif.gitdir:/github/workspace/.git/worktrees/*.path
2026-09-15T01:43:28.8721717Z /github/runner_temp/git-credentials-53e8b8bf-1c8e-440f-a631-49b6c9a7afa8.config
2026-09-15T01:43:28.8728075Z [command]/usr/bin/git config --local --unset includeif.gitdir:/github/workspace/.git/worktrees/*.path \/github\/runner_temp\/git\-credentials\-53e8b8bf\-1c8e\-440f\-a631\-49b6c9a7afa8\.config
2026-09-15T01:43:28.8756678Z [command]/usr/bin/git submodule foreach --recursive git config --local --show-origin --name-only --get-regexp remote.origin.url
2026-09-15T01:43:28.8982539Z Removing credentials config '<CI_HOME>/work/_temp/git-credentials-53e8b8bf-1c8e-440f-a631-49b6c9a7afa8.config'
2026-09-15T01:43:28.9116112Z Cleaning up orphan processes
