2026-09-28T02:01:52.9902479Z Current runner version: '2.337.0'
2026-09-28T02:01:52.9929746Z ##[group]Runner Image Provisioner
2026-09-28T02:01:52.9930609Z Hosted Compute Agent
2026-09-28T02:01:52.9931343Z Version: 20260828.587
2026-09-28T02:01:52.9931993Z Commit: abac92662cab4cc7352de4f9f9d2e2419aad9c29
2026-09-28T02:01:52.9932708Z Build Date: 2026-08-28T16:44:25Z
2026-09-28T02:01:52.9933533Z Worker ID: {9a0d49c4-790b-4660-aa8f-1a8bacf25930}
2026-09-28T02:01:52.9934258Z Azure Region: centralus
2026-09-28T02:01:52.9934921Z ##[endgroup]
2026-09-28T02:01:52.9936410Z ##[group]Operating System
2026-09-28T02:01:52.9937080Z Ubuntu
2026-09-28T02:01:52.9937726Z 26.04.1
2026-09-28T02:01:52.9938652Z LTS
2026-09-28T02:01:52.9939342Z ##[endgroup]
2026-09-28T02:01:52.9939935Z ##[group]Runner Image
2026-09-28T02:01:52.9940547Z Image: ubuntu-26.04
2026-09-28T02:01:52.9941209Z Version: 20260920.143.1
2026-09-28T02:01:52.9942468Z Included Software: https://github.com/actions/runner-images/blob/ubuntu26/20260920.143/images/ubuntu/Ubuntu2604-Readme.md
2026-09-28T02:01:52.9944122Z Image Release: https://github.com/actions/runner-images/releases/tag/ubuntu26%2F20260920.143
2026-09-28T02:01:52.9945083Z ##[endgroup]
2026-09-28T02:01:52.9946259Z ##[group]GITHUB_TOKEN Permissions
2026-09-28T02:01:52.9948926Z Contents: read
2026-09-28T02:01:52.9949725Z Metadata: read
2026-09-28T02:01:52.9950299Z ##[endgroup]
2026-09-28T02:01:52.9952611Z Secret source: Actions
2026-09-28T02:01:52.9953588Z Cache mode: write
2026-09-28T02:01:52.9954675Z Prepare workflow directory
2026-09-28T02:01:53.0317807Z Prepare all required actions
2026-09-28T02:01:53.0370262Z Getting action download info
2026-09-28T02:01:53.2709783Z Download action repository 'actions/checkout@3d3c42e5aac5ba805825da76410c181273ba90b1' (SHA:3d3c42e5aac5ba805825da76410c181273ba90b1)
2026-09-28T02:01:53.3727290Z Download action repository 'actions/setup-python@5fda3b95a4ea91299a34e894583c3862153e4b97' (SHA:5fda3b95a4ea91299a34e894583c3862153e4b97)
2026-09-28T02:01:53.5392285Z Complete job name: backend
2026-09-28T02:01:53.6197879Z ##[group]Run actions/checkout@3d3c42e5aac5ba805825da76410c181273ba90b1
2026-09-28T02:01:53.6199540Z with:
2026-09-28T02:01:53.6200001Z   repository: kl3574/Learning_Workbench
2026-09-28T02:01:53.6204041Z   token: ***
2026-09-28T02:01:53.6204479Z   ssh-strict: true
2026-09-28T02:01:53.6204916Z   ssh-user: git
2026-09-28T02:01:53.6205368Z   persist-credentials: true
2026-09-28T02:01:53.6205847Z   clean: true
2026-09-28T02:01:53.6206294Z   sparse-checkout-cone-mode: true
2026-09-28T02:01:53.6206809Z   fetch-depth: 1
2026-09-28T02:01:53.6207237Z   fetch-tags: false
2026-09-28T02:01:53.6207689Z   show-progress: true
2026-09-28T02:01:53.6208515Z   lfs: false
2026-09-28T02:01:53.6208946Z   submodules: false
2026-09-28T02:01:53.6209404Z   set-safe-directory: true
2026-09-28T02:01:53.6209926Z   allow-unsafe-pr-checkout: false
2026-09-28T02:01:53.6210773Z ##[endgroup]
2026-09-28T02:01:53.7265114Z Syncing repository: kl3574/Learning_Workbench
2026-09-28T02:01:53.7267546Z ##[group]Getting Git version info
2026-09-28T02:01:53.7268871Z Working directory is '<CI_HOME>/work/Learning_Workbench/Learning_Workbench'
2026-09-28T02:01:53.7270265Z [command]/usr/bin/git version
2026-09-28T02:01:53.7299144Z git version 2.55.0
2026-09-28T02:01:53.7324263Z ##[endgroup]
2026-09-28T02:01:53.7340938Z Temporarily overriding HOME='<CI_HOME>/work/_temp/4ab2ded8-7ca1-413e-b41d-bffb4e2b4613' before making global git config changes
2026-09-28T02:01:53.7343559Z Adding repository directory to the temporary git global config as a safe directory
2026-09-28T02:01:53.7347382Z [command]/usr/bin/git config --global --add safe.directory <CI_HOME>/work/Learning_Workbench/Learning_Workbench
2026-09-28T02:01:53.7421277Z Deleting the contents of '<CI_HOME>/work/Learning_Workbench/Learning_Workbench'
2026-09-28T02:01:53.7425958Z ##[group]Determining repository object format
2026-09-28T02:01:53.7427797Z ##[endgroup]
2026-09-28T02:01:53.7429329Z ##[group]Initializing the repository
2026-09-28T02:01:53.7434138Z [command]/usr/bin/git init <CI_HOME>/work/Learning_Workbench/Learning_Workbench
2026-09-28T02:01:53.7580610Z hint: Using 'master' as the name for the initial branch. This default branch name
2026-09-28T02:01:53.7582602Z hint: will change to "main" in Git 3.0. To configure the initial branch name
2026-09-28T02:01:53.7584239Z hint: to use in all of your new repositories, which will suppress this warning,
2026-09-28T02:01:53.7585499Z hint: call:
2026-09-28T02:01:53.7586242Z hint:
2026-09-28T02:01:53.7587110Z hint: 	git config --global init.defaultBranch <name>
2026-09-28T02:01:53.7588306Z hint:
2026-09-28T02:01:53.7589283Z hint: Names commonly chosen instead of 'master' are 'main', 'trunk' and
2026-09-28T02:01:53.7590789Z hint: 'development'. The just-created branch can be renamed via this command:
2026-09-28T02:01:53.7592152Z hint:
2026-09-28T02:01:53.7592933Z hint: 	git branch -m <name>
2026-09-28T02:01:53.7593881Z hint:
2026-09-28T02:01:53.7594660Z hint: Disable this message with "git config set advice.defaultBranchName false"
2026-09-28T02:01:53.7595878Z Initialized empty Git repository in <CI_HOME>/work/Learning_Workbench/Learning_Workbench/.git/
2026-09-28T02:01:53.7599857Z [command]/usr/bin/git remote add origin https://github.com/kl3574/Learning_Workbench
2026-09-28T02:01:53.7654307Z ##[endgroup]
2026-09-28T02:01:53.7655107Z ##[group]Disabling automatic garbage collection
2026-09-28T02:01:53.7658745Z [command]/usr/bin/git config --local gc.auto 0
2026-09-28T02:01:53.7694438Z ##[endgroup]
2026-09-28T02:01:53.7696136Z ##[group]Setting up auth
2026-09-28T02:01:53.7697244Z Removing SSH command configuration
2026-09-28T02:01:53.7701692Z [command]/usr/bin/git config --local --name-only --get-regexp core\.sshCommand
2026-09-28T02:01:53.7740747Z [command]/usr/bin/git submodule foreach --recursive sh -c "git config --local --name-only --get-regexp 'core\.sshCommand' && git config --local --unset-all 'core.sshCommand' || :"
2026-09-28T02:01:53.8225363Z Removing HTTP extra header
2026-09-28T02:01:53.8232144Z [command]/usr/bin/git config --local --name-only --get-regexp http\.https\:\/\/github\.com\/\.extraheader
2026-09-28T02:01:53.8268302Z [command]/usr/bin/git submodule foreach --recursive sh -c "git config --local --name-only --get-regexp 'http\.https\:\/\/github\.com\/\.extraheader' && git config --local --unset-all 'http.https://github.com/.extraheader' || :"
2026-09-28T02:01:53.8534634Z Removing includeIf entries pointing to credentials config files
2026-09-28T02:01:53.8540468Z [command]/usr/bin/git config --local --name-only --get-regexp ^includeIf\.gitdir:
2026-09-28T02:01:53.8574816Z [command]/usr/bin/git submodule foreach --recursive git config --local --show-origin --name-only --get-regexp remote.origin.url
2026-09-28T02:01:53.8861765Z [command]/usr/bin/git config --file <CI_HOME>/work/_temp/git-credentials-9f5a8247-1f79-46af-b03c-cd70de0ff99a.config http.https://github.com/.extraheader AUTHORIZATION: basic ***
2026-09-28T02:01:53.8903095Z [command]/usr/bin/git config --local includeIf.gitdir:<CI_HOME>/work/Learning_Workbench/Learning_Workbench/.git.path <CI_HOME>/work/_temp/git-credentials-9f5a8247-1f79-46af-b03c-cd70de0ff99a.config
2026-09-28T02:01:53.8935933Z [command]/usr/bin/git config --local includeIf.gitdir:<CI_HOME>/work/Learning_Workbench/Learning_Workbench/.git/worktrees/*.path <CI_HOME>/work/_temp/git-credentials-9f5a8247-1f79-46af-b03c-cd70de0ff99a.config
2026-09-28T02:01:53.8972757Z [command]/usr/bin/git config --local includeIf.gitdir:/github/workspace/.git.path /github/runner_temp/git-credentials-9f5a8247-1f79-46af-b03c-cd70de0ff99a.config
2026-09-28T02:01:53.9007666Z [command]/usr/bin/git config --local includeIf.gitdir:/github/workspace/.git/worktrees/*.path /github/runner_temp/git-credentials-9f5a8247-1f79-46af-b03c-cd70de0ff99a.config
2026-09-28T02:01:53.9037752Z ##[endgroup]
2026-09-28T02:01:53.9038883Z ##[group]Fetching the repository
2026-09-28T02:01:53.9046534Z [command]/usr/bin/git -c protocol.version=2 fetch --no-tags --prune --no-recurse-submodules --depth=1 origin +f74cd7a8f81a8b51abf06ae12fb62a51da3bb99d:refs/remotes/pull/55/merge
2026-09-28T02:01:55.6925279Z From https://github.com/kl3574/Learning_Workbench
2026-09-28T02:01:55.6927853Z  * [new ref]         f74cd7a8f81a8b51abf06ae12fb62a51da3bb99d -> pull/55/merge
2026-09-28T02:01:55.6934908Z ##[endgroup]
2026-09-28T02:01:55.6936912Z ##[group]Determining the checkout info
2026-09-28T02:01:55.6938756Z ##[endgroup]
2026-09-28T02:01:55.6942041Z [command]/usr/bin/git sparse-checkout disable
2026-09-28T02:01:55.6999083Z [command]/usr/bin/git config --local --unset-all extensions.worktreeConfig
2026-09-28T02:01:55.7031488Z ##[group]Checking out the ref
2026-09-28T02:01:55.7034184Z [command]/usr/bin/git checkout --progress --force refs/remotes/pull/55/merge
2026-09-28T02:01:56.7311869Z Updating files:  85% (9818/11460)
2026-09-28T02:01:56.7523995Z Updating files:  86% (9856/11460)
2026-09-28T02:01:56.7604957Z Updating files:  87% (9971/11460)
2026-09-28T02:01:56.7705748Z Updating files:  88% (10085/11460)
2026-09-28T02:01:56.7899355Z Updating files:  89% (10200/11460)
2026-09-28T02:01:56.8016181Z Updating files:  90% (10314/11460)
2026-09-28T02:01:56.8152315Z Updating files:  91% (10429/11460)
2026-09-28T02:01:56.8244244Z Updating files:  92% (10544/11460)
2026-09-28T02:01:56.8348730Z Updating files:  93% (10658/11460)
2026-09-28T02:01:56.8510804Z Updating files:  94% (10773/11460)
2026-09-28T02:01:56.8612739Z Updating files:  95% (10887/11460)
2026-09-28T02:01:56.8672938Z Updating files:  96% (11002/11460)
2026-09-28T02:01:56.8738725Z Updating files:  97% (11117/11460)
2026-09-28T02:01:56.8809599Z Updating files:  98% (11231/11460)
2026-09-28T02:01:56.8882611Z Updating files:  99% (11346/11460)
2026-09-28T02:01:56.8883711Z Updating files: 100% (11460/11460)
2026-09-28T02:01:56.8884657Z Updating files: 100% (11460/11460), done.
2026-09-28T02:01:56.9041367Z Note: switching to 'refs/remotes/pull/55/merge'.
2026-09-28T02:01:56.9041793Z 
2026-09-28T02:01:56.9042069Z You are in 'detached HEAD' state. You can look around, make experimental
2026-09-28T02:01:56.9043169Z changes and commit them, and you can discard any commits you make in this
2026-09-28T02:01:56.9043725Z state without impacting any branches by switching back to a branch.
2026-09-28T02:01:56.9044058Z 
2026-09-28T02:01:56.9044268Z If you want to create a new branch to retain commits you create, you may
2026-09-28T02:01:56.9044788Z do so (now or later) by using -c with the switch command. Example:
2026-09-28T02:01:56.9045071Z 
2026-09-28T02:01:56.9045184Z   git switch -c <new-branch-name>
2026-09-28T02:01:56.9045369Z 
2026-09-28T02:01:56.9143543Z Or undo this operation with:
2026-09-28T02:01:56.9143930Z 
2026-09-28T02:01:56.9144115Z   git switch -
2026-09-28T02:01:56.9144359Z 
2026-09-28T02:01:56.9144779Z Turn off this advice by setting config variable advice.detachedHead to false
2026-09-28T02:01:56.9145386Z 
2026-09-28T02:01:56.9146054Z HEAD is now at f74cd7a Merge 507ac58b17e4a68b4e0f852cc6a64b535cf3235c into 2cf5caa3f966f919997c37b64d0bbf0e332438df
2026-09-28T02:01:56.9147694Z ##[endgroup]
2026-09-28T02:01:56.9202706Z [command]/usr/bin/git log -1 --format=%H
2026-09-28T02:01:56.9230729Z f74cd7a8f81a8b51abf06ae12fb62a51da3bb99d
2026-09-28T02:01:56.9595255Z ##[group]Run actions/setup-python@5fda3b95a4ea91299a34e894583c3862153e4b97
2026-09-28T02:01:56.9595734Z with:
2026-09-28T02:01:56.9595960Z   python-version: 3.12.13
2026-09-28T02:01:56.9596213Z   check-latest: false
2026-09-28T02:01:56.9599289Z   token: ***
2026-09-28T02:01:56.9599518Z   update-environment: true
2026-09-28T02:01:56.9599769Z   allow-prereleases: false
2026-09-28T02:01:56.9600007Z   freethreaded: false
2026-09-28T02:01:56.9600221Z ##[endgroup]
2026-09-28T02:01:57.0818384Z ##[group]Installed versions
2026-09-28T02:01:57.0836749Z Version 3.12.13 was not found in the local cache
2026-09-28T02:01:57.8467534Z Version 3.12.13 is available for downloading
2026-09-28T02:01:57.8469454Z Download from "https://github.com/actions/python-versions/releases/download/3.12.13-27650778726/python-3.12.13-linux-26.04-x64.tar.gz"
2026-09-28T02:01:58.8404920Z Extract downloaded archive
2026-09-28T02:01:58.8539470Z [command]/usr/bin/tar xz --warning=no-unknown-keyword --overwrite -C <CI_HOME>/work/_temp/164c07e1-4037-4ae9-8f3c-54582868b450 -f <CI_HOME>/work/_temp/0b909ad4-3d97-4c19-a6d6-576519e8393f
2026-09-28T02:02:00.1418525Z Execute installation script
2026-09-28T02:02:00.1560445Z Check if Python hostedtoolcache folder exist...
2026-09-28T02:02:00.1561177Z Create Python 3.12.13 folder
2026-09-28T02:02:00.1584371Z Copy Python binaries to hostedtoolcache folder
2026-09-28T02:02:00.6811567Z Create additional symlinks (Required for the UsePythonVersion Azure Pipelines task and the setup-python GitHub Action)
2026-09-28T02:02:00.6934371Z Upgrading pip...
2026-09-28T02:02:02.8238928Z Collecting pip
2026-09-28T02:02:02.8622656Z Downloading pip-26.2.1-py3-none-any.whl.metadata (4.6 kB)
2026-09-28T02:02:02.8810242Z Downloading pip-26.2.1-py3-none-any.whl (1.8 MB)
2026-09-28T02:02:02.9312816Z ━━━━━━━━━━━━━━━━━━━━━━━━━━━━━━━━━━━━━━━━ 1.8/1.8 MB 64.5 MB/s eta 0:00:00
2026-09-28T02:02:02.9313582Z 
2026-09-28T02:02:02.9512128Z Installing collected packages: pip
2026-09-28T02:02:02.9513140Z Attempting uninstall: pip
2026-09-28T02:02:02.9534529Z Found existing installation: pip 25.0.1
2026-09-28T02:02:02.9881813Z Uninstalling pip-25.0.1:
2026-09-28T02:02:02.9941068Z Successfully uninstalled pip-25.0.1
2026-09-28T02:02:03.8780955Z Successfully installed pip-26.2.1
2026-09-28T02:02:03.9273174Z Create complete file
2026-09-28T02:02:03.9328517Z Successfully set up CPython (3.12.13)
2026-09-28T02:02:03.9329847Z ##[endgroup]
2026-09-28T02:02:03.9502828Z ##[group]Run python -m pip install uv==0.11.21
2026-09-28T02:02:03.9503253Z [36;1mpython -m pip install uv==0.11.21[0m
2026-09-28T02:02:03.9685664Z shell: /usr/bin/bash -e {0}
2026-09-28T02:02:03.9686039Z env:
2026-09-28T02:02:03.9686421Z   pythonLocation: /opt/hostedtoolcache/Python/3.12.13/x64
2026-09-28T02:02:03.9687060Z   PKG_CONFIG_PATH: /opt/hostedtoolcache/Python/3.12.13/x64/lib/pkgconfig
2026-09-28T02:02:03.9687688Z   Python_ROOT_DIR: /opt/hostedtoolcache/Python/3.12.13/x64
2026-09-28T02:02:03.9688528Z   Python2_ROOT_DIR: /opt/hostedtoolcache/Python/3.12.13/x64
2026-09-28T02:02:03.9689071Z   Python3_ROOT_DIR: /opt/hostedtoolcache/Python/3.12.13/x64
2026-09-28T02:02:03.9689619Z   LD_LIBRARY_PATH: /opt/hostedtoolcache/Python/3.12.13/x64/lib
2026-09-28T02:02:03.9690087Z ##[endgroup]
2026-09-28T02:02:05.1465022Z Collecting uv==0.11.21
2026-09-28T02:02:05.1911819Z   Downloading uv-0.11.21-py3-none-manylinux_2_17_x86_64.manylinux2014_x86_64.whl.metadata (11 kB)
2026-09-28T02:02:05.2133990Z Downloading uv-0.11.21-py3-none-manylinux_2_17_x86_64.manylinux2014_x86_64.whl (25.1 MB)
2026-09-28T02:02:05.4669670Z    ━━━━━━━━━━━━━━━━━━━━━━━━━━━━━━━━━━━━━━━━ 25.1/25.1 MB 108.9 MB/s  0:00:00
2026-09-28T02:02:05.5139281Z Installing collected packages: uv
2026-09-28T02:02:05.7744182Z Successfully installed uv-0.11.21
2026-09-28T02:02:05.8348665Z ##[group]Run uv sync --frozen
2026-09-28T02:02:05.8349040Z [36;1muv sync --frozen[0m
2026-09-28T02:02:05.8409743Z shell: /usr/bin/bash -e {0}
2026-09-28T02:02:05.8410035Z env:
2026-09-28T02:02:05.8410342Z   pythonLocation: /opt/hostedtoolcache/Python/3.12.13/x64
2026-09-28T02:02:05.8410876Z   PKG_CONFIG_PATH: /opt/hostedtoolcache/Python/3.12.13/x64/lib/pkgconfig
2026-09-28T02:02:05.8411407Z   Python_ROOT_DIR: /opt/hostedtoolcache/Python/3.12.13/x64
2026-09-28T02:02:05.8411879Z   Python2_ROOT_DIR: /opt/hostedtoolcache/Python/3.12.13/x64
2026-09-28T02:02:05.8412343Z   Python3_ROOT_DIR: /opt/hostedtoolcache/Python/3.12.13/x64
2026-09-28T02:02:05.8412814Z   LD_LIBRARY_PATH: /opt/hostedtoolcache/Python/3.12.13/x64/lib
2026-09-28T02:02:05.8413204Z ##[endgroup]
2026-09-28T02:02:05.9015547Z Using CPython 3.12.13 interpreter at: /opt/hostedtoolcache/Python/3.12.13/x64/bin/python3.12
2026-09-28T02:02:05.9016163Z Creating virtual environment at: .venv
2026-09-28T02:02:06.0051390Z Downloading mypy (14.6MiB)
2026-09-28T02:02:06.0056566Z Downloading pygments (1.2MiB)
2026-09-28T02:02:06.0058562Z Downloading ruff (9.9MiB)
2026-09-28T02:02:06.0063597Z Downloading ast-serialize (1.3MiB)
2026-09-28T02:02:06.0072146Z Downloading pydantic-core (2.0MiB)
2026-09-28T02:02:06.3246251Z  Downloaded ast-serialize
2026-09-28T02:02:06.3318280Z  Downloaded pygments
2026-09-28T02:02:06.3500955Z  Downloaded pydantic-core
2026-09-28T02:02:06.5175013Z  Downloaded ruff
2026-09-28T02:02:06.7257971Z  Downloaded mypy
2026-09-28T02:02:06.7260248Z Prepared 37 packages in 821ms
2026-09-28T02:02:06.7653708Z Installed 37 packages in 39ms
2026-09-28T02:02:06.7654389Z  + annotated-doc==0.0.5
2026-09-28T02:02:06.7654910Z  + annotated-types==0.8.0
2026-09-28T02:02:06.7655396Z  + anyio==4.15.1
2026-09-28T02:02:06.7655832Z  + ast-serialize==0.11.2
2026-09-28T02:02:06.7656297Z  + attrs==26.1.0
2026-09-28T02:02:06.7656714Z  + certifi==2026.7.22
2026-09-28T02:02:06.7657149Z  + click==8.5.0
2026-09-28T02:02:06.7657624Z  + defusedxml==0.7.1
2026-09-28T02:02:06.7658371Z  + fastapi==0.141.1
2026-09-28T02:02:06.7658947Z  + h11==0.16.0
2026-09-28T02:02:06.7659363Z  + httpcore==1.0.9
2026-09-28T02:02:06.7659816Z  + httpx==0.28.1
2026-09-28T02:02:06.7660236Z  + idna==3.19
2026-09-28T02:02:06.7660652Z  + iniconfig==2.3.0
2026-09-28T02:02:06.7661106Z  + jsonschema==4.26.0
2026-09-28T02:02:06.7661626Z  + jsonschema-specifications==2025.9.1
2026-09-28T02:02:06.7662213Z  + librt==0.15.0
2026-09-28T02:02:06.7662668Z  + markdown-it-py==4.2.0
2026-09-28T02:02:06.7663156Z  + mdurl==0.1.2
2026-09-28T02:02:06.7663646Z  + mypy==2.3.1
2026-09-28T02:02:06.7664087Z  + mypy-extensions==1.1.0
2026-09-28T02:02:06.7664598Z  + packaging==26.3
2026-09-28T02:02:06.7665044Z  + pathspec==1.1.1
2026-09-28T02:02:06.7665480Z  + pluggy==1.6.0
2026-09-28T02:02:06.7665915Z  + pydantic==2.13.5
2026-09-28T02:02:06.7666373Z  + pydantic-core==2.46.5
2026-09-28T02:02:06.7666863Z  + pygments==2.21.0
2026-09-28T02:02:06.7667299Z  + pypdf==6.18.1
2026-09-28T02:02:06.7667690Z  + pytest==9.1.1
2026-09-28T02:02:06.7668264Z  + python-multipart==0.0.32
2026-09-28T02:02:06.7668680Z  + referencing==0.37.0
2026-09-28T02:02:06.7669071Z  + rpds-py==2026.6.3
2026-09-28T02:02:06.7669427Z  + ruff==0.16.7
2026-09-28T02:02:06.7669756Z  + starlette==1.6.0
2026-09-28T02:02:06.7670121Z  + typing-extensions==4.16.0
2026-09-28T02:02:06.7670527Z  + typing-inspection==0.4.4
2026-09-28T02:02:06.7670923Z  + uvicorn==0.53.0
2026-09-28T02:02:06.7743832Z ##[group]Run sudo apt-get update
2026-09-28T02:02:06.7744167Z [36;1msudo apt-get update[0m
2026-09-28T02:02:06.7744813Z [36;1msudo apt-get install -y bubblewrap=0.11.1-1ubuntu0.3 apparmor=5.0.2-0ubuntu1~26.04.1 libapparmor1=5.0.2-0ubuntu1~26.04.1 libseccomp2=2.6.0-2ubuntu5[0m
2026-09-28T02:02:06.7745587Z [36;1mdpkg-query -W bubblewrap apparmor libapparmor1 libseccomp2[0m
2026-09-28T02:02:06.7746024Z [36;1mtest -f /etc/apparmor.d/bwrap-userns-restrict[0m
2026-09-28T02:02:06.7746347Z [36;1mbwrap --version[0m
2026-09-28T02:02:06.7805188Z shell: /usr/bin/bash -e {0}
2026-09-28T02:02:06.7805455Z env:
2026-09-28T02:02:06.7805732Z   pythonLocation: /opt/hostedtoolcache/Python/3.12.13/x64
2026-09-28T02:02:06.7806227Z   PKG_CONFIG_PATH: /opt/hostedtoolcache/Python/3.12.13/x64/lib/pkgconfig
2026-09-28T02:02:06.7806697Z   Python_ROOT_DIR: /opt/hostedtoolcache/Python/3.12.13/x64
2026-09-28T02:02:06.7807105Z   Python2_ROOT_DIR: /opt/hostedtoolcache/Python/3.12.13/x64
2026-09-28T02:02:06.7807546Z   Python3_ROOT_DIR: /opt/hostedtoolcache/Python/3.12.13/x64
2026-09-28T02:02:06.7808246Z   LD_LIBRARY_PATH: /opt/hostedtoolcache/Python/3.12.13/x64/lib
2026-09-28T02:02:06.7808605Z ##[endgroup]
2026-09-28T02:02:06.8719371Z Get:1 file:/etc/apt/apt-mirrors.txt Mirrorlist [144 B]
2026-09-28T02:02:06.9137205Z Hit:2 http://azure.archive.ubuntu.com/ubuntu resolute InRelease
2026-09-28T02:02:06.9139727Z Get:6 https://packages.microsoft.com/ubuntu/26.04/prod resolute InRelease [3964 B]
2026-09-28T02:02:06.9152356Z Get:3 http://azure.archive.ubuntu.com/ubuntu resolute-updates InRelease [137 kB]
2026-09-28T02:02:06.9209754Z Get:4 http://azure.archive.ubuntu.com/ubuntu resolute-backports InRelease [137 kB]
2026-09-28T02:02:06.9248514Z Get:5 http://azure.archive.ubuntu.com/ubuntu resolute-security InRelease [137 kB]
2026-09-28T02:02:06.9579716Z Get:7 https://packages.microsoft.com/ubuntu/26.04/prod resolute/main armhf Packages [795 B]
2026-09-28T02:02:06.9860075Z Get:8 http://azure.archive.ubuntu.com/ubuntu resolute-updates/main amd64v3 Packages [675 kB]
2026-09-28T02:02:06.9889192Z Get:16 https://packages.microsoft.com/ubuntu/26.04/prod resolute/main amd64 Packages [71.7 kB]
2026-09-28T02:02:06.9983629Z Get:17 https://packages.microsoft.com/ubuntu/26.04/prod resolute/main arm64 Packages [62.5 kB]
2026-09-28T02:02:07.0019161Z Get:9 http://azure.archive.ubuntu.com/ubuntu resolute-updates/main Translation-en [159 kB]
2026-09-28T02:02:07.0040467Z Get:10 http://azure.archive.ubuntu.com/ubuntu resolute-updates/main amd64 Components [98.0 kB]
2026-09-28T02:02:07.0089016Z Get:11 http://azure.archive.ubuntu.com/ubuntu resolute-updates/universe amd64v3 Packages [302 kB]
2026-09-28T02:02:07.0126391Z Get:12 http://azure.archive.ubuntu.com/ubuntu resolute-updates/universe Translation-en [96.7 kB]
2026-09-28T02:02:07.0140654Z Get:13 http://azure.archive.ubuntu.com/ubuntu resolute-updates/universe amd64 Components [190 kB]
2026-09-28T02:02:07.0201204Z Get:14 http://azure.archive.ubuntu.com/ubuntu resolute-updates/restricted amd64v3 Packages [458 kB]
2026-09-28T02:02:07.0223582Z Get:15 http://azure.archive.ubuntu.com/ubuntu resolute-updates/restricted Translation-en [90.8 kB]
2026-09-28T02:02:07.0225216Z Get:18 http://azure.archive.ubuntu.com/ubuntu resolute-backports/universe amd64 Components [1060 B]
2026-09-28T02:02:07.0260269Z Get:19 http://azure.archive.ubuntu.com/ubuntu resolute-security/main amd64v3 Packages [527 kB]
2026-09-28T02:02:07.0704015Z Get:20 http://azure.archive.ubuntu.com/ubuntu resolute-security/main Translation-en [123 kB]
2026-09-28T02:02:07.0715293Z Get:21 http://azure.archive.ubuntu.com/ubuntu resolute-security/main amd64 Components [46.7 kB]
2026-09-28T02:02:07.0725830Z Get:22 http://azure.archive.ubuntu.com/ubuntu resolute-security/universe amd64v3 Packages [178 kB]
2026-09-28T02:02:07.0743616Z Get:23 http://azure.archive.ubuntu.com/ubuntu resolute-security/universe Translation-en [56.3 kB]
2026-09-28T02:02:07.0755368Z Get:24 http://azure.archive.ubuntu.com/ubuntu resolute-security/universe amd64 Components [43.4 kB]
2026-09-28T02:02:07.0776398Z Get:25 http://azure.archive.ubuntu.com/ubuntu resolute-security/restricted amd64v3 Packages [437 kB]
2026-09-28T02:02:07.0805137Z Get:26 http://azure.archive.ubuntu.com/ubuntu resolute-security/restricted Translation-en [86.2 kB]
2026-09-28T02:02:11.2537767Z Fetched 4119 kB in 0s (9306 kB/s)
2026-09-28T02:02:11.9188534Z Reading package lists...
2026-09-28T02:02:11.9544783Z Reading package lists...
2026-09-28T02:02:12.1183749Z Building dependency tree...
2026-09-28T02:02:12.1191303Z Reading state information...
2026-09-28T02:02:12.1510449Z bubblewrap is already the newest version (0.11.1-1ubuntu0.3).
2026-09-28T02:02:12.1511125Z bubblewrap set to manually installed.
2026-09-28T02:02:12.1511754Z apparmor is already the newest version (5.0.2-0ubuntu1~26.04.1).
2026-09-28T02:02:12.1512332Z apparmor set to manually installed.
2026-09-28T02:02:12.1512898Z libapparmor1 is already the newest version (5.0.2-0ubuntu1~26.04.1).
2026-09-28T02:02:12.1513523Z libapparmor1 set to manually installed.
2026-09-28T02:02:12.1514083Z libseccomp2 is already the newest version (2.6.0-2ubuntu5).
2026-09-28T02:02:12.1514654Z libseccomp2 set to manually installed.
2026-09-28T02:02:12.2179729Z Solving dependencies...
2026-09-28T02:02:12.3464911Z 0 upgraded, 0 newly installed, 0 to remove and 38 not upgraded.
2026-09-28T02:02:12.3612362Z apparmor	5.0.2-0ubuntu1~26.04.1
2026-09-28T02:02:12.3612949Z bubblewrap	0.11.1-1ubuntu0.3
2026-09-28T02:02:12.3613339Z libapparmor1:amd64	5.0.2-0ubuntu1~26.04.1
2026-09-28T02:02:12.3613747Z libseccomp2:amd64	2.6.0-2ubuntu5
2026-09-28T02:02:12.3770737Z bubblewrap 0.11.1
2026-09-28T02:02:12.3820715Z ##[group]Run uv run --frozen ruff check .
2026-09-28T02:02:12.3821078Z [36;1muv run --frozen ruff check .[0m
2026-09-28T02:02:12.3880566Z shell: /usr/bin/bash -e {0}
2026-09-28T02:02:12.3880819Z env:
2026-09-28T02:02:12.3881089Z   pythonLocation: /opt/hostedtoolcache/Python/3.12.13/x64
2026-09-28T02:02:12.3881546Z   PKG_CONFIG_PATH: /opt/hostedtoolcache/Python/3.12.13/x64/lib/pkgconfig
2026-09-28T02:02:12.3881998Z   Python_ROOT_DIR: /opt/hostedtoolcache/Python/3.12.13/x64
2026-09-28T02:02:12.3882391Z   Python2_ROOT_DIR: /opt/hostedtoolcache/Python/3.12.13/x64
2026-09-28T02:02:12.3882798Z   Python3_ROOT_DIR: /opt/hostedtoolcache/Python/3.12.13/x64
2026-09-28T02:02:12.3883216Z   LD_LIBRARY_PATH: /opt/hostedtoolcache/Python/3.12.13/x64/lib
2026-09-28T02:02:12.3883552Z ##[endgroup]
2026-09-28T02:02:12.5269143Z All checks passed!
2026-09-28T02:02:12.5337105Z ##[group]Run uv run --frozen mypy
2026-09-28T02:02:12.5337451Z [36;1muv run --frozen mypy[0m
2026-09-28T02:02:12.5398490Z shell: /usr/bin/bash -e {0}
2026-09-28T02:02:12.5398764Z env:
2026-09-28T02:02:12.5399051Z   pythonLocation: /opt/hostedtoolcache/Python/3.12.13/x64
2026-09-28T02:02:12.5399547Z   PKG_CONFIG_PATH: /opt/hostedtoolcache/Python/3.12.13/x64/lib/pkgconfig
2026-09-28T02:02:12.5400001Z   Python_ROOT_DIR: /opt/hostedtoolcache/Python/3.12.13/x64
2026-09-28T02:02:12.5400409Z   Python2_ROOT_DIR: /opt/hostedtoolcache/Python/3.12.13/x64
2026-09-28T02:02:12.5400813Z   Python3_ROOT_DIR: /opt/hostedtoolcache/Python/3.12.13/x64
2026-09-28T02:02:12.5401227Z   LD_LIBRARY_PATH: /opt/hostedtoolcache/Python/3.12.13/x64/lib
2026-09-28T02:02:12.5401572Z ##[endgroup]
2026-09-28T02:02:21.8146775Z Success: no issues found in 196 source files
2026-09-28T02:02:21.8406502Z ##[group]Run uv run --frozen python scripts/probe_document_sandbox.py
2026-09-28T02:02:21.8407033Z [36;1muv run --frozen python scripts/probe_document_sandbox.py[0m
2026-09-28T02:02:21.8465787Z shell: /usr/bin/bash -e {0}
2026-09-28T02:02:21.8466073Z env:
2026-09-28T02:02:21.8466352Z   pythonLocation: /opt/hostedtoolcache/Python/3.12.13/x64
2026-09-28T02:02:21.8466822Z   PKG_CONFIG_PATH: /opt/hostedtoolcache/Python/3.12.13/x64/lib/pkgconfig
2026-09-28T02:02:21.8467307Z   Python_ROOT_DIR: /opt/hostedtoolcache/Python/3.12.13/x64
2026-09-28T02:02:21.8467729Z   Python2_ROOT_DIR: /opt/hostedtoolcache/Python/3.12.13/x64
2026-09-28T02:02:21.8468456Z   Python3_ROOT_DIR: /opt/hostedtoolcache/Python/3.12.13/x64
2026-09-28T02:02:21.8468894Z   LD_LIBRARY_PATH: /opt/hostedtoolcache/Python/3.12.13/x64/lib
2026-09-28T02:02:21.8469269Z ##[endgroup]
2026-09-28T02:02:22.3649782Z {
2026-09-28T02:02:22.3650610Z   "scope": "fixed synthetic runtime probe; no uploaded document or environment dump",
2026-09-28T02:02:22.3651347Z   "python_version": "3.12.13",
2026-09-28T02:02:22.3651664Z   "exit_code": 0,
2026-09-28T02:02:22.3651983Z   "stdout": "{\"synthetic_runtime_ready\": true}\n",
2026-09-28T02:02:22.3652362Z   "stderr": "",
2026-09-28T02:02:22.3652621Z   "status": "PASS"
2026-09-28T02:02:22.3652873Z }
2026-09-28T02:02:22.3915008Z ##[group]Run uv run --frozen pytest tests/unit tests/security
2026-09-28T02:02:22.3915852Z [36;1muv run --frozen pytest tests/unit tests/security[0m
2026-09-28T02:02:22.3985393Z shell: /usr/bin/bash -e {0}
2026-09-28T02:02:22.3985661Z env:
2026-09-28T02:02:22.3985939Z   pythonLocation: /opt/hostedtoolcache/Python/3.12.13/x64
2026-09-28T02:02:22.3986411Z   PKG_CONFIG_PATH: /opt/hostedtoolcache/Python/3.12.13/x64/lib/pkgconfig
2026-09-28T02:02:22.3986868Z   Python_ROOT_DIR: /opt/hostedtoolcache/Python/3.12.13/x64
2026-09-28T02:02:22.3987263Z   Python2_ROOT_DIR: /opt/hostedtoolcache/Python/3.12.13/x64
2026-09-28T02:02:22.3987689Z   Python3_ROOT_DIR: /opt/hostedtoolcache/Python/3.12.13/x64
2026-09-28T02:02:22.3988315Z   LD_LIBRARY_PATH: /opt/hostedtoolcache/Python/3.12.13/x64/lib
2026-09-28T02:02:22.3988654Z ##[endgroup]
2026-09-28T02:02:25.9320648Z ============================= test session starts ==============================
2026-09-28T02:02:25.9321657Z platform linux -- Python 3.12.13, pytest-9.1.1, pluggy-1.6.0
2026-09-28T02:02:25.9322256Z rootdir: <CI_HOME>/work/Learning_Workbench/Learning_Workbench
2026-09-28T02:02:25.9323019Z configfile: pyproject.toml
2026-09-28T02:02:25.9323329Z plugins: anyio-4.15.1
2026-09-28T02:02:25.9323611Z collected 731 items
2026-09-28T02:02:25.9323773Z 
2026-09-28T02:02:25.9954838Z tests/unit/test_authoring_group_validation.py .......................... [  3%]
2026-09-28T02:02:26.0474728Z ..........                                                               [  4%]
2026-09-28T02:02:26.0747402Z tests/unit/test_authoring_numeric.py .................................   [  9%]
2026-09-28T02:02:26.1982509Z tests/unit/test_backend_database.py .........                            [ 10%]
2026-09-28T02:02:26.8062743Z tests/unit/test_backup_command.py ....                                   [ 11%]
2026-09-28T02:02:26.8240640Z tests/unit/test_concept_state_rules.py ..................                [ 13%]
2026-09-28T02:02:26.8932284Z tests/unit/test_content_store.py ....................................... [ 19%]
2026-09-28T02:02:27.2477903Z ...............................                                          [ 23%]
2026-09-28T02:02:30.8094825Z tests/unit/test_document_extraction.py ................................. [ 27%]
2026-09-28T02:02:32.0393425Z ................                                                         [ 29%]
2026-09-28T02:02:32.0839182Z tests/unit/test_eligibility.py ......................................... [ 35%]
2026-09-28T02:02:32.0917755Z .......                                                                  [ 36%]
2026-09-28T02:02:32.0973370Z tests/unit/test_governance.py .....                                      [ 37%]
2026-09-28T02:02:32.1403943Z tests/unit/test_grading_rules.py ....................................... [ 42%]
2026-09-28T02:02:32.1975444Z ....................................................                     [ 49%]
2026-09-28T02:02:32.2510675Z tests/unit/test_import_budgets.py ......................                 [ 52%]
2026-09-28T02:02:32.6343157Z tests/unit/test_import_parsing.py ...................................... [ 57%]
2026-09-28T02:02:32.8095745Z ......                                                                   [ 58%]
2026-09-28T02:02:33.5371933Z tests/unit/test_provider_budget.py ............                          [ 60%]
2026-09-28T02:02:34.0764256Z tests/unit/test_provider_proof_binding.py .........                      [ 61%]
2026-09-28T02:02:34.5235318Z tests/unit/test_provider_protocol.py .............................       [ 65%]
2026-09-28T02:02:36.1640613Z tests/unit/test_provider_reference_events.py ...............             [ 67%]
2026-09-28T02:02:38.6400853Z tests/unit/test_provider_repository.py ...........                       [ 69%]
2026-09-28T02:02:39.7066908Z tests/unit/test_provider_secret_store.py .......................         [ 72%]
2026-09-28T02:02:39.7282362Z tests/unit/test_question_solution_validation.py ........................ [ 75%]
2026-09-28T02:02:39.7920636Z ..................................                                       [ 80%]
2026-09-28T02:02:39.7982140Z tests/unit/test_recommendation_config.py .......                         [ 81%]
2026-09-28T02:02:39.8992671Z tests/unit/test_recommendation_rules.py ..................               [ 83%]
2026-09-28T02:02:40.0061338Z tests/unit/test_retrieval_lexical.py ................................... [ 88%]
2026-09-28T02:02:40.0441584Z ....                                                                     [ 88%]
2026-09-28T02:02:42.3785035Z tests/unit/test_spec_catalog.py ....                                     [ 89%]
2026-09-28T02:02:42.4005067Z tests/unit/test_spec_extraction.py .........                             [ 90%]
2026-09-28T02:02:44.6791867Z tests/security/test_document_sandbox.py ...............                  [ 92%]
2026-09-28T02:02:55.5995062Z tests/security/test_local_boundary.py .................................  [ 97%]
2026-09-28T02:02:56.3348825Z tests/security/test_provider_network.py ....................             [100%]
2026-09-28T02:02:56.3349423Z 
2026-09-28T02:02:56.3349674Z =============================== warnings summary ===============================
2026-09-28T02:02:56.3350774Z .venv/lib/python3.12/site-packages/fastapi/testclient.py:1
2026-09-28T02:02:56.3352483Z   <CI_HOME>/work/Learning_Workbench/Learning_Workbench/.venv/lib/python3.12/site-packages/fastapi/testclient.py:1: StarletteDeprecationWarning: Using `httpx` with `starlette.testclient` is deprecated; install `httpx2` instead.
2026-09-28T02:02:56.3354221Z     from starlette.testclient import TestClient as TestClient  # noqa
2026-09-28T02:02:56.3354686Z 
2026-09-28T02:02:56.3354951Z .venv/lib/python3.12/site-packages/starlette/testclient.py:53
2026-09-28T02:02:56.3356574Z   <CI_HOME>/work/Learning_Workbench/Learning_Workbench/.venv/lib/python3.12/site-packages/starlette/testclient.py:53: DeprecationWarning: The anyio.abc.BlockingPortal alias is deprecated, use anyio.from_thread.BlockingPortal instead.
2026-09-28T02:02:56.3358486Z     _PortalFactoryType = Callable[[], AbstractContextManager[anyio.abc.BlockingPortal]]
2026-09-28T02:02:56.3359006Z 
2026-09-28T02:02:56.3359299Z -- Docs: https://docs.pytest.org/en/stable/how-to/capture-warnings.html
2026-09-28T02:02:56.3360079Z ======================= 731 passed, 2 warnings in 33.01s =======================
2026-09-28T02:02:56.6156922Z Post job cleanup.
2026-09-28T02:02:56.7487045Z Post job cleanup.
2026-09-28T02:02:56.8387295Z [command]/usr/bin/git version
2026-09-28T02:02:56.8435953Z git version 2.55.0
2026-09-28T02:02:56.8473010Z Temporarily overriding HOME='<CI_HOME>/work/_temp/5ef44a6e-f05e-4a84-9132-6749b088da50' before making global git config changes
2026-09-28T02:02:56.8474511Z Adding repository directory to the temporary git global config as a safe directory
2026-09-28T02:02:56.8478070Z [command]/usr/bin/git config --global --add safe.directory <CI_HOME>/work/Learning_Workbench/Learning_Workbench
2026-09-28T02:02:56.8514600Z Removing SSH command configuration
2026-09-28T02:02:56.8520537Z [command]/usr/bin/git config --local --name-only --get-regexp core\.sshCommand
2026-09-28T02:02:56.8560413Z [command]/usr/bin/git submodule foreach --recursive sh -c "git config --local --name-only --get-regexp 'core\.sshCommand' && git config --local --unset-all 'core.sshCommand' || :"
2026-09-28T02:02:56.8876850Z Removing HTTP extra header
2026-09-28T02:02:56.8952821Z [command]/usr/bin/git config --local --name-only --get-regexp http\.https\:\/\/github\.com\/\.extraheader
2026-09-28T02:02:56.8956252Z [command]/usr/bin/git submodule foreach --recursive sh -c "git config --local --name-only --get-regexp 'http\.https\:\/\/github\.com\/\.extraheader' && git config --local --unset-all 'http.https://github.com/.extraheader' || :"
2026-09-28T02:02:56.9291721Z Removing includeIf entries pointing to credentials config files
2026-09-28T02:02:56.9297617Z [command]/usr/bin/git config --local --name-only --get-regexp ^includeIf\.gitdir:
2026-09-28T02:02:56.9328102Z includeif.gitdir:<CI_HOME>/work/Learning_Workbench/Learning_Workbench/.git.path
2026-09-28T02:02:56.9329413Z includeif.gitdir:<CI_HOME>/work/Learning_Workbench/Learning_Workbench/.git/worktrees/*.path
2026-09-28T02:02:56.9330578Z includeif.gitdir:/github/workspace/.git.path
2026-09-28T02:02:56.9331487Z includeif.gitdir:/github/workspace/.git/worktrees/*.path
2026-09-28T02:02:56.9338524Z [command]/usr/bin/git config --local --get-all includeif.gitdir:<CI_HOME>/work/Learning_Workbench/Learning_Workbench/.git.path
2026-09-28T02:02:56.9364294Z <CI_HOME>/work/_temp/git-credentials-9f5a8247-1f79-46af-b03c-cd70de0ff99a.config
2026-09-28T02:02:56.9375402Z [command]/usr/bin/git config --local --unset includeif.gitdir:<CI_HOME>/work/Learning_Workbench/Learning_Workbench/.git.path \/home\/runner\/work\/_temp\/git\-credentials\-9f5a8247\-1f79\-46af\-b03c\-cd70de0ff99a\.config
2026-09-28T02:02:56.9414665Z [command]/usr/bin/git config --local --get-all includeif.gitdir:<CI_HOME>/work/Learning_Workbench/Learning_Workbench/.git/worktrees/*.path
2026-09-28T02:02:56.9445383Z <CI_HOME>/work/_temp/git-credentials-9f5a8247-1f79-46af-b03c-cd70de0ff99a.config
2026-09-28T02:02:56.9455072Z [command]/usr/bin/git config --local --unset includeif.gitdir:<CI_HOME>/work/Learning_Workbench/Learning_Workbench/.git/worktrees/*.path \/home\/runner\/work\/_temp\/git\-credentials\-9f5a8247\-1f79\-46af\-b03c\-cd70de0ff99a\.config
2026-09-28T02:02:56.9489173Z [command]/usr/bin/git config --local --get-all includeif.gitdir:/github/workspace/.git.path
2026-09-28T02:02:56.9512734Z /github/runner_temp/git-credentials-9f5a8247-1f79-46af-b03c-cd70de0ff99a.config
2026-09-28T02:02:56.9519978Z [command]/usr/bin/git config --local --unset includeif.gitdir:/github/workspace/.git.path \/github\/runner_temp\/git\-credentials\-9f5a8247\-1f79\-46af\-b03c\-cd70de0ff99a\.config
2026-09-28T02:02:56.9555236Z [command]/usr/bin/git config --local --get-all includeif.gitdir:/github/workspace/.git/worktrees/*.path
2026-09-28T02:02:56.9578978Z /github/runner_temp/git-credentials-9f5a8247-1f79-46af-b03c-cd70de0ff99a.config
2026-09-28T02:02:56.9588402Z [command]/usr/bin/git config --local --unset includeif.gitdir:/github/workspace/.git/worktrees/*.path \/github\/runner_temp\/git\-credentials\-9f5a8247\-1f79\-46af\-b03c\-cd70de0ff99a\.config
2026-09-28T02:02:56.9624410Z [command]/usr/bin/git submodule foreach --recursive git config --local --show-origin --name-only --get-regexp remote.origin.url
2026-09-28T02:02:56.9911447Z Removing credentials config '<CI_HOME>/work/_temp/git-credentials-9f5a8247-1f79-46af-b03c-cd70de0ff99a.config'
2026-09-28T02:02:57.0069761Z Cleaning up orphan processes
