2026-09-28T02:01:51.9021295Z Current runner version: '2.337.0'
2026-09-28T02:01:51.9050939Z ##[group]Runner Image Provisioner
2026-09-28T02:01:51.9051903Z Hosted Compute Agent
2026-09-28T02:01:51.9052536Z Version: 20260828.587
2026-09-28T02:01:51.9053219Z Commit: abac92662cab4cc7352de4f9f9d2e2419aad9c29
2026-09-28T02:01:51.9053990Z Build Date: 2026-08-28T16:44:25Z
2026-09-28T02:01:51.9054705Z Worker ID: {1ee5250d-3def-483b-978d-b54768005e96}
2026-09-28T02:01:51.9055596Z Azure Region: northcentralus
2026-09-28T02:01:51.9056310Z ##[endgroup]
2026-09-28T02:01:51.9057868Z ##[group]Operating System
2026-09-28T02:01:51.9058655Z Ubuntu
2026-09-28T02:01:51.9059183Z 26.04.1
2026-09-28T02:01:51.9059671Z LTS
2026-09-28T02:01:51.9060239Z ##[endgroup]
2026-09-28T02:01:51.9060786Z ##[group]Runner Image
2026-09-28T02:01:51.9061430Z Image: ubuntu-26.04
2026-09-28T02:01:51.9062037Z Version: 20260920.143.1
2026-09-28T02:01:51.9063331Z Included Software: https://github.com/actions/runner-images/blob/ubuntu26/20260920.143/images/ubuntu/Ubuntu2604-Readme.md
2026-09-28T02:01:51.9064877Z Image Release: https://github.com/actions/runner-images/releases/tag/ubuntu26%2F20260920.143
2026-09-28T02:01:51.9066394Z ##[endgroup]
2026-09-28T02:01:51.9067597Z ##[group]GITHUB_TOKEN Permissions
2026-09-28T02:01:51.9069676Z Contents: read
2026-09-28T02:01:51.9070298Z Metadata: read
2026-09-28T02:01:51.9070893Z ##[endgroup]
2026-09-28T02:01:51.9073199Z Secret source: Actions
2026-09-28T02:01:51.9074134Z Cache mode: write
2026-09-28T02:01:51.9074955Z Prepare workflow directory
2026-09-28T02:01:51.9447688Z Prepare all required actions
2026-09-28T02:01:51.9500026Z Getting action download info
2026-09-28T02:01:52.1938142Z Download action repository 'actions/checkout@3d3c42e5aac5ba805825da76410c181273ba90b1' (SHA:3d3c42e5aac5ba805825da76410c181273ba90b1)
2026-09-28T02:01:52.2939944Z Download action repository 'actions/setup-python@5fda3b95a4ea91299a34e894583c3862153e4b97' (SHA:5fda3b95a4ea91299a34e894583c3862153e4b97)
2026-09-28T02:01:52.3543709Z Download action repository 'actions/setup-node@820762786026740c76f36085b0efc47a31fe5020' (SHA:820762786026740c76f36085b0efc47a31fe5020)
2026-09-28T02:01:52.4227405Z Download action repository 'actions/upload-artifact@043fb46d1a93c77aae656e7c1c64a875d1fc6a0a' (SHA:043fb46d1a93c77aae656e7c1c64a875d1fc6a0a)
2026-09-28T02:01:52.5902872Z Complete job name: browser
2026-09-28T02:01:52.6739778Z ##[group]Run actions/checkout@3d3c42e5aac5ba805825da76410c181273ba90b1
2026-09-28T02:01:52.6740873Z with:
2026-09-28T02:01:52.6741331Z   repository: kl3574/Learning_Workbench
2026-09-28T02:01:52.6745665Z   token: ***
2026-09-28T02:01:52.6746109Z   ssh-strict: true
2026-09-28T02:01:52.6746547Z   ssh-user: git
2026-09-28T02:01:52.6746987Z   persist-credentials: true
2026-09-28T02:01:52.6747476Z   clean: true
2026-09-28T02:01:52.6747920Z   sparse-checkout-cone-mode: true
2026-09-28T02:01:52.6748434Z   fetch-depth: 1
2026-09-28T02:01:52.6748863Z   fetch-tags: false
2026-09-28T02:01:52.6749298Z   show-progress: true
2026-09-28T02:01:52.6749738Z   lfs: false
2026-09-28T02:01:52.6750170Z   submodules: false
2026-09-28T02:01:52.6750621Z   set-safe-directory: true
2026-09-28T02:01:52.6751125Z   allow-unsafe-pr-checkout: false
2026-09-28T02:01:52.6751911Z ##[endgroup]
2026-09-28T02:01:52.7866437Z Syncing repository: kl3574/Learning_Workbench
2026-09-28T02:01:52.7869922Z ##[group]Getting Git version info
2026-09-28T02:01:52.7871335Z Working directory is '<CI_HOME>/work/Learning_Workbench/Learning_Workbench'
2026-09-28T02:01:52.7873438Z [command]/usr/bin/git version
2026-09-28T02:01:52.7874289Z git version 2.55.0
2026-09-28T02:01:52.7877213Z ##[endgroup]
2026-09-28T02:01:52.7887410Z Temporarily overriding HOME='<CI_HOME>/work/_temp/c96d1816-6881-4c9f-87ee-bd0a2c01f25d' before making global git config changes
2026-09-28T02:01:52.7889749Z Adding repository directory to the temporary git global config as a safe directory
2026-09-28T02:01:52.7893313Z [command]/usr/bin/git config --global --add safe.directory <CI_HOME>/work/Learning_Workbench/Learning_Workbench
2026-09-28T02:01:52.7970953Z Deleting the contents of '<CI_HOME>/work/Learning_Workbench/Learning_Workbench'
2026-09-28T02:01:52.7979853Z ##[group]Determining repository object format
2026-09-28T02:01:52.7981428Z ##[endgroup]
2026-09-28T02:01:52.7987538Z ##[group]Initializing the repository
2026-09-28T02:01:52.7989196Z [command]/usr/bin/git init <CI_HOME>/work/Learning_Workbench/Learning_Workbench
2026-09-28T02:01:52.8134491Z hint: Using 'master' as the name for the initial branch. This default branch name
2026-09-28T02:01:52.8136950Z hint: will change to "main" in Git 3.0. To configure the initial branch name
2026-09-28T02:01:52.8139204Z hint: to use in all of your new repositories, which will suppress this warning,
2026-09-28T02:01:52.8140650Z hint: call:
2026-09-28T02:01:52.8141659Z hint:
2026-09-28T02:01:52.8142794Z hint: 	git config --global init.defaultBranch <name>
2026-09-28T02:01:52.8144011Z hint:
2026-09-28T02:01:52.8145140Z hint: Names commonly chosen instead of 'master' are 'main', 'trunk' and
2026-09-28T02:01:52.8147463Z hint: 'development'. The just-created branch can be renamed via this command:
2026-09-28T02:01:52.8148956Z hint:
2026-09-28T02:01:52.8149827Z hint: 	git branch -m <name>
2026-09-28T02:01:52.8150789Z hint:
2026-09-28T02:01:52.8152080Z hint: Disable this message with "git config set advice.defaultBranchName false"
2026-09-28T02:01:52.8154382Z Initialized empty Git repository in <CI_HOME>/work/Learning_Workbench/Learning_Workbench/.git/
2026-09-28T02:01:52.8157831Z [command]/usr/bin/git remote add origin https://github.com/kl3574/Learning_Workbench
2026-09-28T02:01:52.8220664Z ##[endgroup]
2026-09-28T02:01:52.8222016Z ##[group]Disabling automatic garbage collection
2026-09-28T02:01:52.8224952Z [command]/usr/bin/git config --local gc.auto 0
2026-09-28T02:01:52.8271387Z ##[endgroup]
2026-09-28T02:01:52.8384957Z ##[group]Setting up auth
2026-09-28T02:01:52.8386281Z Removing SSH command configuration
2026-09-28T02:01:52.8393321Z [command]/usr/bin/git config --local --name-only --get-regexp core\.sshCommand
2026-09-28T02:01:52.8397276Z [command]/usr/bin/git submodule foreach --recursive sh -c "git config --local --name-only --get-regexp 'core\.sshCommand' && git config --local --unset-all 'core.sshCommand' || :"
2026-09-28T02:01:52.8858403Z Removing HTTP extra header
2026-09-28T02:01:52.8864478Z [command]/usr/bin/git config --local --name-only --get-regexp http\.https\:\/\/github\.com\/\.extraheader
2026-09-28T02:01:52.8901779Z [command]/usr/bin/git submodule foreach --recursive sh -c "git config --local --name-only --get-regexp 'http\.https\:\/\/github\.com\/\.extraheader' && git config --local --unset-all 'http.https://github.com/.extraheader' || :"
2026-09-28T02:01:52.9202878Z Removing includeIf entries pointing to credentials config files
2026-09-28T02:01:52.9210901Z [command]/usr/bin/git config --local --name-only --get-regexp ^includeIf\.gitdir:
2026-09-28T02:01:52.9257476Z [command]/usr/bin/git submodule foreach --recursive git config --local --show-origin --name-only --get-regexp remote.origin.url
2026-09-28T02:01:52.9574531Z [command]/usr/bin/git config --file <CI_HOME>/work/_temp/git-credentials-2f075642-f953-456f-a9cf-44f160901434.config http.https://github.com/.extraheader AUTHORIZATION: basic ***
2026-09-28T02:01:52.9631055Z [command]/usr/bin/git config --local includeIf.gitdir:<CI_HOME>/work/Learning_Workbench/Learning_Workbench/.git.path <CI_HOME>/work/_temp/git-credentials-2f075642-f953-456f-a9cf-44f160901434.config
2026-09-28T02:01:52.9677282Z [command]/usr/bin/git config --local includeIf.gitdir:<CI_HOME>/work/Learning_Workbench/Learning_Workbench/.git/worktrees/*.path <CI_HOME>/work/_temp/git-credentials-2f075642-f953-456f-a9cf-44f160901434.config
2026-09-28T02:01:52.9721645Z [command]/usr/bin/git config --local includeIf.gitdir:/github/workspace/.git.path /github/runner_temp/git-credentials-2f075642-f953-456f-a9cf-44f160901434.config
2026-09-28T02:01:52.9759841Z [command]/usr/bin/git config --local includeIf.gitdir:/github/workspace/.git/worktrees/*.path /github/runner_temp/git-credentials-2f075642-f953-456f-a9cf-44f160901434.config
2026-09-28T02:01:52.9792603Z ##[endgroup]
2026-09-28T02:01:52.9793659Z ##[group]Fetching the repository
2026-09-28T02:01:52.9800337Z [command]/usr/bin/git -c protocol.version=2 fetch --no-tags --prune --no-recurse-submodules --depth=1 origin +f74cd7a8f81a8b51abf06ae12fb62a51da3bb99d:refs/remotes/pull/55/merge
2026-09-28T02:01:56.9122020Z From https://github.com/kl3574/Learning_Workbench
2026-09-28T02:01:56.9125152Z  * [new ref]         f74cd7a8f81a8b51abf06ae12fb62a51da3bb99d -> pull/55/merge
2026-09-28T02:01:56.9131154Z ##[endgroup]
2026-09-28T02:01:56.9133724Z ##[group]Determining the checkout info
2026-09-28T02:01:56.9136709Z ##[endgroup]
2026-09-28T02:01:56.9138421Z [command]/usr/bin/git sparse-checkout disable
2026-09-28T02:01:56.9197869Z [command]/usr/bin/git config --local --unset-all extensions.worktreeConfig
2026-09-28T02:01:56.9235873Z ##[group]Checking out the ref
2026-09-28T02:01:56.9238364Z [command]/usr/bin/git checkout --progress --force refs/remotes/pull/55/merge
2026-09-28T02:01:57.9517850Z Updating files:  82% (9451/11460)
2026-09-28T02:01:57.9630406Z Updating files:  83% (9512/11460)
2026-09-28T02:01:57.9746151Z Updating files:  84% (9627/11460)
2026-09-28T02:01:57.9991406Z Updating files:  85% (9741/11460)
2026-09-28T02:01:58.0204257Z Updating files:  86% (9856/11460)
2026-09-28T02:01:58.0287175Z Updating files:  87% (9971/11460)
2026-09-28T02:01:58.0389703Z Updating files:  88% (10085/11460)
2026-09-28T02:01:58.0578380Z Updating files:  89% (10200/11460)
2026-09-28T02:01:58.0695858Z Updating files:  90% (10314/11460)
2026-09-28T02:01:58.0833424Z Updating files:  91% (10429/11460)
2026-09-28T02:01:58.0926964Z Updating files:  92% (10544/11460)
2026-09-28T02:01:58.1024008Z Updating files:  93% (10658/11460)
2026-09-28T02:01:58.1138758Z Updating files:  94% (10773/11460)
2026-09-28T02:01:58.1241620Z Updating files:  95% (10887/11460)
2026-09-28T02:01:58.1303997Z Updating files:  96% (11002/11460)
2026-09-28T02:01:58.1373420Z Updating files:  97% (11117/11460)
2026-09-28T02:01:58.1446595Z Updating files:  98% (11231/11460)
2026-09-28T02:01:58.1521179Z Updating files:  99% (11346/11460)
2026-09-28T02:01:58.1522106Z Updating files: 100% (11460/11460)
2026-09-28T02:01:58.1522661Z Updating files: 100% (11460/11460), done.
2026-09-28T02:01:58.1682274Z Note: switching to 'refs/remotes/pull/55/merge'.
2026-09-28T02:01:58.1683059Z 
2026-09-28T02:01:58.1683594Z You are in 'detached HEAD' state. You can look around, make experimental
2026-09-28T02:01:58.1684542Z changes and commit them, and you can discard any commits you make in this
2026-09-28T02:01:58.1685802Z state without impacting any branches by switching back to a branch.
2026-09-28T02:01:58.1686364Z 
2026-09-28T02:01:58.1686759Z If you want to create a new branch to retain commits you create, you may
2026-09-28T02:01:58.1687626Z do so (now or later) by using -c with the switch command. Example:
2026-09-28T02:01:58.1688109Z 
2026-09-28T02:01:58.1688339Z   git switch -c <new-branch-name>
2026-09-28T02:01:58.1688710Z 
2026-09-28T02:01:58.1688923Z Or undo this operation with:
2026-09-28T02:01:58.1689241Z 
2026-09-28T02:01:58.1689427Z   git switch -
2026-09-28T02:01:58.1689680Z 
2026-09-28T02:01:58.1690096Z Turn off this advice by setting config variable advice.detachedHead to false
2026-09-28T02:01:58.1690685Z 
2026-09-28T02:01:58.1691371Z HEAD is now at f74cd7a Merge 507ac58b17e4a68b4e0f852cc6a64b535cf3235c into 2cf5caa3f966f919997c37b64d0bbf0e332438df
2026-09-28T02:01:58.1762766Z ##[endgroup]
2026-09-28T02:01:58.1822932Z [command]/usr/bin/git log -1 --format=%H
2026-09-28T02:01:58.1854587Z f74cd7a8f81a8b51abf06ae12fb62a51da3bb99d
2026-09-28T02:01:58.2153533Z ##[group]Run actions/setup-python@5fda3b95a4ea91299a34e894583c3862153e4b97
2026-09-28T02:01:58.2154067Z with:
2026-09-28T02:01:58.2154331Z   python-version: 3.12.13
2026-09-28T02:01:58.2154619Z   check-latest: false
2026-09-28T02:01:58.2157762Z   token: ***
2026-09-28T02:01:58.2158047Z   update-environment: true
2026-09-28T02:01:58.2158572Z   allow-prereleases: false
2026-09-28T02:01:58.2158856Z   freethreaded: false
2026-09-28T02:01:58.2159116Z ##[endgroup]
2026-09-28T02:01:58.3454214Z ##[group]Installed versions
2026-09-28T02:01:58.3467553Z Version 3.12.13 was not found in the local cache
2026-09-28T02:01:59.0233712Z Version 3.12.13 is available for downloading
2026-09-28T02:01:59.0235235Z Download from "https://github.com/actions/python-versions/releases/download/3.12.13-27650778726/python-3.12.13-linux-26.04-x64.tar.gz"
2026-09-28T02:01:59.6467344Z Extract downloaded archive
2026-09-28T02:01:59.6601769Z [command]/usr/bin/tar xz --warning=no-unknown-keyword --overwrite -C <CI_HOME>/work/_temp/87e76fcb-f65f-4cb9-bdc4-74b67654dc43 -f <CI_HOME>/work/_temp/0fc48bd8-7cdf-47a6-97dc-10d40e713add
2026-09-28T02:02:00.8473730Z Execute installation script
2026-09-28T02:02:00.8616083Z Check if Python hostedtoolcache folder exist...
2026-09-28T02:02:00.8616741Z Create Python 3.12.13 folder
2026-09-28T02:02:00.8644674Z Copy Python binaries to hostedtoolcache folder
2026-09-28T02:02:01.3334649Z Create additional symlinks (Required for the UsePythonVersion Azure Pipelines task and the setup-python GitHub Action)
2026-09-28T02:02:01.3455131Z Upgrading pip...
2026-09-28T02:02:03.0623278Z Collecting pip
2026-09-28T02:02:03.0827378Z Downloading pip-26.2.1-py3-none-any.whl.metadata (4.6 kB)
2026-09-28T02:02:03.0904593Z Downloading pip-26.2.1-py3-none-any.whl (1.8 MB)
2026-09-28T02:02:03.1096528Z ━━━━━━━━━━━━━━━━━━━━━━━━━━━━━━━━━━━━━━━━ 1.8/1.8 MB 138.7 MB/s eta 0:00:00
2026-09-28T02:02:03.1096980Z 
2026-09-28T02:02:03.1300887Z Installing collected packages: pip
2026-09-28T02:02:03.1301693Z Attempting uninstall: pip
2026-09-28T02:02:03.1323664Z Found existing installation: pip 25.0.1
2026-09-28T02:02:03.1680927Z Uninstalling pip-25.0.1:
2026-09-28T02:02:03.1743576Z Successfully uninstalled pip-25.0.1
2026-09-28T02:02:04.0875771Z Successfully installed pip-26.2.1
2026-09-28T02:02:04.1488962Z Create complete file
2026-09-28T02:02:04.1548889Z Successfully set up CPython (3.12.13)
2026-09-28T02:02:04.1549979Z ##[endgroup]
2026-09-28T02:02:04.1782638Z ##[group]Run actions/setup-node@820762786026740c76f36085b0efc47a31fe5020
2026-09-28T02:02:04.1783068Z with:
2026-09-28T02:02:04.1783286Z   node-version: 24.21.0
2026-09-28T02:02:04.1783522Z   check-latest: false
2026-09-28T02:02:04.1786625Z   token: ***
2026-09-28T02:02:04.1786882Z   package-manager-cache: true
2026-09-28T02:02:04.1787132Z env:
2026-09-28T02:02:04.1787412Z   pythonLocation: /opt/hostedtoolcache/Python/3.12.13/x64
2026-09-28T02:02:04.1787867Z   PKG_CONFIG_PATH: /opt/hostedtoolcache/Python/3.12.13/x64/lib/pkgconfig
2026-09-28T02:02:04.1788299Z   Python_ROOT_DIR: /opt/hostedtoolcache/Python/3.12.13/x64
2026-09-28T02:02:04.1788679Z   Python2_ROOT_DIR: /opt/hostedtoolcache/Python/3.12.13/x64
2026-09-28T02:02:04.1789052Z   Python3_ROOT_DIR: /opt/hostedtoolcache/Python/3.12.13/x64
2026-09-28T02:02:04.1789474Z   LD_LIBRARY_PATH: /opt/hostedtoolcache/Python/3.12.13/x64/lib
2026-09-28T02:02:04.1789802Z ##[endgroup]
2026-09-28T02:02:04.3112422Z Found in cache @ /opt/hostedtoolcache/node/24.21.0/x64
2026-09-28T02:02:04.3115253Z ##[group]Environment details
2026-09-28T02:02:04.7644769Z node: v24.21.0
2026-09-28T02:02:04.7645418Z npm: 11.19.0
2026-09-28T02:02:04.7646051Z yarn: 1.22.22
2026-09-28T02:02:04.7646817Z ##[endgroup]
2026-09-28T02:02:04.7795219Z ##[group]Run python -m pip install uv==0.11.21
2026-09-28T02:02:04.7796157Z [36;1mpython -m pip install uv==0.11.21[0m
2026-09-28T02:02:04.7996854Z shell: /usr/bin/bash -e {0}
2026-09-28T02:02:04.7997189Z env:
2026-09-28T02:02:04.7997504Z   pythonLocation: /opt/hostedtoolcache/Python/3.12.13/x64
2026-09-28T02:02:04.7998007Z   PKG_CONFIG_PATH: /opt/hostedtoolcache/Python/3.12.13/x64/lib/pkgconfig
2026-09-28T02:02:04.7998493Z   Python_ROOT_DIR: /opt/hostedtoolcache/Python/3.12.13/x64
2026-09-28T02:02:04.7998923Z   Python2_ROOT_DIR: /opt/hostedtoolcache/Python/3.12.13/x64
2026-09-28T02:02:04.7999354Z   Python3_ROOT_DIR: /opt/hostedtoolcache/Python/3.12.13/x64
2026-09-28T02:02:04.8000113Z   LD_LIBRARY_PATH: /opt/hostedtoolcache/Python/3.12.13/x64/lib
2026-09-28T02:02:04.8000521Z ##[endgroup]
2026-09-28T02:02:05.4770590Z Collecting uv==0.11.21
2026-09-28T02:02:05.4986348Z   Downloading uv-0.11.21-py3-none-manylinux_2_17_x86_64.manylinux2014_x86_64.whl.metadata (11 kB)
2026-09-28T02:02:05.5132954Z Downloading uv-0.11.21-py3-none-manylinux_2_17_x86_64.manylinux2014_x86_64.whl (25.1 MB)
2026-09-28T02:02:05.6790774Z    ━━━━━━━━━━━━━━━━━━━━━━━━━━━━━━━━━━━━━━━━ 25.1/25.1 MB 160.5 MB/s  0:00:00
2026-09-28T02:02:05.7260395Z Installing collected packages: uv
2026-09-28T02:02:05.9919912Z Successfully installed uv-0.11.21
2026-09-28T02:02:06.0655128Z ##[group]Run uv sync --frozen
2026-09-28T02:02:06.0655920Z [36;1muv sync --frozen[0m
2026-09-28T02:02:06.0717783Z shell: /usr/bin/bash -e {0}
2026-09-28T02:02:06.0718059Z env:
2026-09-28T02:02:06.0718344Z   pythonLocation: /opt/hostedtoolcache/Python/3.12.13/x64
2026-09-28T02:02:06.0718798Z   PKG_CONFIG_PATH: /opt/hostedtoolcache/Python/3.12.13/x64/lib/pkgconfig
2026-09-28T02:02:06.0719236Z   Python_ROOT_DIR: /opt/hostedtoolcache/Python/3.12.13/x64
2026-09-28T02:02:06.0719617Z   Python2_ROOT_DIR: /opt/hostedtoolcache/Python/3.12.13/x64
2026-09-28T02:02:06.0720007Z   Python3_ROOT_DIR: /opt/hostedtoolcache/Python/3.12.13/x64
2026-09-28T02:02:06.0720386Z   LD_LIBRARY_PATH: /opt/hostedtoolcache/Python/3.12.13/x64/lib
2026-09-28T02:02:06.0720708Z ##[endgroup]
2026-09-28T02:02:06.1345190Z Using CPython 3.12.13 interpreter at: /opt/hostedtoolcache/Python/3.12.13/x64/bin/python3.12
2026-09-28T02:02:06.1346425Z Creating virtual environment at: .venv
2026-09-28T02:02:06.2068268Z Downloading ast-serialize (1.3MiB)
2026-09-28T02:02:06.2190231Z Downloading pygments (1.2MiB)
2026-09-28T02:02:06.2190716Z Downloading ruff (9.9MiB)
2026-09-28T02:02:06.2206413Z Downloading mypy (14.6MiB)
2026-09-28T02:02:06.2206990Z Downloading pydantic-core (2.0MiB)
2026-09-28T02:02:06.3941797Z  Downloaded ast-serialize
2026-09-28T02:02:06.4295731Z  Downloaded pydantic-core
2026-09-28T02:02:06.5355718Z  Downloaded ruff
2026-09-28T02:02:06.5979382Z  Downloaded pygments
2026-09-28T02:02:06.7465339Z  Downloaded mypy
2026-09-28T02:02:06.7468829Z Prepared 37 packages in 609ms
2026-09-28T02:02:06.7861683Z Installed 37 packages in 39ms
2026-09-28T02:02:06.7862208Z  + annotated-doc==0.0.5
2026-09-28T02:02:06.7862614Z  + annotated-types==0.8.0
2026-09-28T02:02:06.7866121Z  + anyio==4.15.1
2026-09-28T02:02:06.7866717Z  + ast-serialize==0.11.2
2026-09-28T02:02:06.7867252Z  + attrs==26.1.0
2026-09-28T02:02:06.7867726Z  + certifi==2026.7.22
2026-09-28T02:02:06.7868201Z  + click==8.5.0
2026-09-28T02:02:06.7868700Z  + defusedxml==0.7.1
2026-09-28T02:02:06.7869213Z  + fastapi==0.141.1
2026-09-28T02:02:06.7869673Z  + h11==0.16.0
2026-09-28T02:02:06.7870110Z  + httpcore==1.0.9
2026-09-28T02:02:06.7870571Z  + httpx==0.28.1
2026-09-28T02:02:06.7871074Z  + idna==3.19
2026-09-28T02:02:06.7871511Z  + iniconfig==2.3.0
2026-09-28T02:02:06.7872142Z  + jsonschema==4.26.0
2026-09-28T02:02:06.7872684Z  + jsonschema-specifications==2025.9.1
2026-09-28T02:02:06.7873159Z  + librt==0.15.0
2026-09-28T02:02:06.7873509Z  + markdown-it-py==4.2.0
2026-09-28T02:02:06.7873877Z  + mdurl==0.1.2
2026-09-28T02:02:06.7874191Z  + mypy==2.3.1
2026-09-28T02:02:06.7874531Z  + mypy-extensions==1.1.0
2026-09-28T02:02:06.7874912Z  + packaging==26.3
2026-09-28T02:02:06.7875253Z  + pathspec==1.1.1
2026-09-28T02:02:06.7875879Z  + pluggy==1.6.0
2026-09-28T02:02:06.7876204Z  + pydantic==2.13.5
2026-09-28T02:02:06.7876546Z  + pydantic-core==2.46.5
2026-09-28T02:02:06.7876931Z  + pygments==2.21.0
2026-09-28T02:02:06.7877267Z  + pypdf==6.18.1
2026-09-28T02:02:06.7877681Z  + pytest==9.1.1
2026-09-28T02:02:06.7878059Z  + python-multipart==0.0.32
2026-09-28T02:02:06.7878461Z  + referencing==0.37.0
2026-09-28T02:02:06.7878877Z  + rpds-py==2026.6.3
2026-09-28T02:02:06.7879255Z  + ruff==0.16.7
2026-09-28T02:02:06.7879574Z  + starlette==1.6.0
2026-09-28T02:02:06.7879810Z  + typing-extensions==4.16.0
2026-09-28T02:02:06.7880076Z  + typing-inspection==0.4.4
2026-09-28T02:02:06.7880620Z  + uvicorn==0.53.0
2026-09-28T02:02:06.7969494Z ##[group]Run sudo apt-get update
2026-09-28T02:02:06.7969841Z [36;1msudo apt-get update[0m
2026-09-28T02:02:06.7970503Z [36;1msudo apt-get install -y bubblewrap=0.11.1-1ubuntu0.3 apparmor=5.0.2-0ubuntu1~26.04.1 libapparmor1=5.0.2-0ubuntu1~26.04.1 libseccomp2=2.6.0-2ubuntu5[0m
2026-09-28T02:02:06.7971256Z [36;1mdpkg-query -W bubblewrap apparmor libapparmor1 libseccomp2[0m
2026-09-28T02:02:06.7971679Z [36;1mtest -f /etc/apparmor.d/bwrap-userns-restrict[0m
2026-09-28T02:02:06.7971997Z [36;1mbwrap --version[0m
2026-09-28T02:02:06.8031372Z shell: /usr/bin/bash -e {0}
2026-09-28T02:02:06.8031636Z env:
2026-09-28T02:02:06.8031919Z   pythonLocation: /opt/hostedtoolcache/Python/3.12.13/x64
2026-09-28T02:02:06.8032396Z   PKG_CONFIG_PATH: /opt/hostedtoolcache/Python/3.12.13/x64/lib/pkgconfig
2026-09-28T02:02:06.8032844Z   Python_ROOT_DIR: /opt/hostedtoolcache/Python/3.12.13/x64
2026-09-28T02:02:06.8033224Z   Python2_ROOT_DIR: /opt/hostedtoolcache/Python/3.12.13/x64
2026-09-28T02:02:06.8033678Z   Python3_ROOT_DIR: /opt/hostedtoolcache/Python/3.12.13/x64
2026-09-28T02:02:06.8034070Z   LD_LIBRARY_PATH: /opt/hostedtoolcache/Python/3.12.13/x64/lib
2026-09-28T02:02:06.8034402Z ##[endgroup]
2026-09-28T02:02:06.8877316Z Get:1 file:/etc/apt/apt-mirrors.txt Mirrorlist [144 B]
2026-09-28T02:02:06.9179991Z Hit:2 http://azure.archive.ubuntu.com/ubuntu resolute InRelease
2026-09-28T02:02:06.9223400Z Get:3 http://azure.archive.ubuntu.com/ubuntu resolute-updates InRelease [137 kB]
2026-09-28T02:02:06.9272404Z Get:4 http://azure.archive.ubuntu.com/ubuntu resolute-backports InRelease [137 kB]
2026-09-28T02:02:06.9284161Z Get:6 https://packages.microsoft.com/ubuntu/26.04/prod resolute InRelease [3964 B]
2026-09-28T02:02:06.9291805Z Get:5 http://azure.archive.ubuntu.com/ubuntu resolute-security InRelease [137 kB]
2026-09-28T02:02:06.9545665Z Get:7 http://azure.archive.ubuntu.com/ubuntu resolute-updates/main amd64v3 Packages [675 kB]
2026-09-28T02:02:06.9777496Z Get:8 http://azure.archive.ubuntu.com/ubuntu resolute-updates/main Translation-en [159 kB]
2026-09-28T02:02:06.9837391Z Get:9 http://azure.archive.ubuntu.com/ubuntu resolute-updates/main amd64 Components [98.0 kB]
2026-09-28T02:02:06.9895245Z Get:10 http://azure.archive.ubuntu.com/ubuntu resolute-updates/universe amd64v3 Packages [302 kB]
2026-09-28T02:02:06.9897319Z Get:11 http://azure.archive.ubuntu.com/ubuntu resolute-updates/universe Translation-en [96.7 kB]
2026-09-28T02:02:06.9905147Z Get:16 https://packages.microsoft.com/ubuntu/26.04/prod resolute/main armhf Packages [795 B]
2026-09-28T02:02:06.9908470Z Get:12 http://azure.archive.ubuntu.com/ubuntu resolute-updates/universe amd64 Components [190 kB]
2026-09-28T02:02:07.0051843Z Get:17 https://packages.microsoft.com/ubuntu/26.04/prod resolute/main amd64 Packages [71.7 kB]
2026-09-28T02:02:07.0053803Z Get:13 http://azure.archive.ubuntu.com/ubuntu resolute-updates/restricted amd64v3 Packages [458 kB]
2026-09-28T02:02:07.0055896Z Get:14 http://azure.archive.ubuntu.com/ubuntu resolute-updates/restricted Translation-en [90.8 kB]
2026-09-28T02:02:07.0088503Z Get:15 http://azure.archive.ubuntu.com/ubuntu resolute-backports/universe amd64 Components [1060 B]
2026-09-28T02:02:07.0093005Z Get:26 https://packages.microsoft.com/ubuntu/26.04/prod resolute/main arm64 Packages [62.5 kB]
2026-09-28T02:02:07.0116845Z Get:18 http://azure.archive.ubuntu.com/ubuntu resolute-security/main amd64v3 Packages [527 kB]
2026-09-28T02:02:07.0577740Z Get:19 http://azure.archive.ubuntu.com/ubuntu resolute-security/main Translation-en [123 kB]
2026-09-28T02:02:07.0592894Z Get:20 http://azure.archive.ubuntu.com/ubuntu resolute-security/main amd64 Components [46.7 kB]
2026-09-28T02:02:07.0611399Z Get:21 http://azure.archive.ubuntu.com/ubuntu resolute-security/universe amd64v3 Packages [178 kB]
2026-09-28T02:02:07.0635248Z Get:22 http://azure.archive.ubuntu.com/ubuntu resolute-security/universe Translation-en [56.3 kB]
2026-09-28T02:02:07.0655765Z Get:23 http://azure.archive.ubuntu.com/ubuntu resolute-security/universe amd64 Components [43.4 kB]
2026-09-28T02:02:07.0673814Z Get:24 http://azure.archive.ubuntu.com/ubuntu resolute-security/restricted amd64v3 Packages [437 kB]
2026-09-28T02:02:07.0703313Z Get:25 http://azure.archive.ubuntu.com/ubuntu resolute-security/restricted Translation-en [86.2 kB]
2026-09-28T02:02:10.9394506Z Fetched 4119 kB in 0s (9756 kB/s)
2026-09-28T02:02:11.6570446Z Reading package lists...
2026-09-28T02:02:11.6927005Z Reading package lists...
2026-09-28T02:02:11.8845375Z Building dependency tree...
2026-09-28T02:02:11.8853177Z Reading state information...
2026-09-28T02:02:11.9329489Z bubblewrap is already the newest version (0.11.1-1ubuntu0.3).
2026-09-28T02:02:11.9330125Z bubblewrap set to manually installed.
2026-09-28T02:02:11.9330699Z apparmor is already the newest version (5.0.2-0ubuntu1~26.04.1).
2026-09-28T02:02:11.9331231Z apparmor set to manually installed.
2026-09-28T02:02:11.9331798Z libapparmor1 is already the newest version (5.0.2-0ubuntu1~26.04.1).
2026-09-28T02:02:11.9332424Z libapparmor1 set to manually installed.
2026-09-28T02:02:11.9332973Z libseccomp2 is already the newest version (2.6.0-2ubuntu5).
2026-09-28T02:02:11.9333489Z libseccomp2 set to manually installed.
2026-09-28T02:02:11.9948533Z Solving dependencies...
2026-09-28T02:02:12.1912442Z 0 upgraded, 0 newly installed, 0 to remove and 38 not upgraded.
2026-09-28T02:02:12.2063629Z apparmor	5.0.2-0ubuntu1~26.04.1
2026-09-28T02:02:12.2064241Z bubblewrap	0.11.1-1ubuntu0.3
2026-09-28T02:02:12.2064756Z libapparmor1:amd64	5.0.2-0ubuntu1~26.04.1
2026-09-28T02:02:12.2065320Z libseccomp2:amd64	2.6.0-2ubuntu5
2026-09-28T02:02:12.2092801Z bubblewrap 0.11.1
2026-09-28T02:02:12.2130411Z ##[group]Run npm ci --prefix apps/web
2026-09-28T02:02:12.2130775Z [36;1mnpm ci --prefix apps/web[0m
2026-09-28T02:02:12.2190303Z shell: /usr/bin/bash -e {0}
2026-09-28T02:02:12.2190582Z env:
2026-09-28T02:02:12.2190849Z   pythonLocation: /opt/hostedtoolcache/Python/3.12.13/x64
2026-09-28T02:02:12.2191294Z   PKG_CONFIG_PATH: /opt/hostedtoolcache/Python/3.12.13/x64/lib/pkgconfig
2026-09-28T02:02:12.2191746Z   Python_ROOT_DIR: /opt/hostedtoolcache/Python/3.12.13/x64
2026-09-28T02:02:12.2192126Z   Python2_ROOT_DIR: /opt/hostedtoolcache/Python/3.12.13/x64
2026-09-28T02:02:12.2192507Z   Python3_ROOT_DIR: /opt/hostedtoolcache/Python/3.12.13/x64
2026-09-28T02:02:12.2192888Z   LD_LIBRARY_PATH: /opt/hostedtoolcache/Python/3.12.13/x64/lib
2026-09-28T02:02:12.2193204Z ##[endgroup]
2026-09-28T02:02:19.5972924Z 
2026-09-28T02:02:19.5973974Z added 236 packages, and audited 237 packages in 7s
2026-09-28T02:02:19.5974452Z 
2026-09-28T02:02:19.5974727Z 118 packages are looking for funding
2026-09-28T02:02:19.5975380Z   run `npm fund` for details
2026-09-28T02:02:19.5988815Z 
2026-09-28T02:02:19.5989451Z found 0 vulnerabilities
2026-09-28T02:02:19.6524232Z ##[group]Run npm --prefix apps/web exec -- playwright install --with-deps chromium
2026-09-28T02:02:19.6525313Z [36;1mnpm --prefix apps/web exec -- playwright install --with-deps chromium[0m
2026-09-28T02:02:19.6613197Z shell: /usr/bin/bash -e {0}
2026-09-28T02:02:19.6613643Z env:
2026-09-28T02:02:19.6614107Z   pythonLocation: /opt/hostedtoolcache/Python/3.12.13/x64
2026-09-28T02:02:19.6614884Z   PKG_CONFIG_PATH: /opt/hostedtoolcache/Python/3.12.13/x64/lib/pkgconfig
2026-09-28T02:02:19.6615955Z   Python_ROOT_DIR: /opt/hostedtoolcache/Python/3.12.13/x64
2026-09-28T02:02:19.6616651Z   Python2_ROOT_DIR: /opt/hostedtoolcache/Python/3.12.13/x64
2026-09-28T02:02:19.6617363Z   Python3_ROOT_DIR: /opt/hostedtoolcache/Python/3.12.13/x64
2026-09-28T02:02:19.6618071Z   LD_LIBRARY_PATH: /opt/hostedtoolcache/Python/3.12.13/x64/lib
2026-09-28T02:02:19.6618635Z ##[endgroup]
2026-09-28T02:02:20.4894349Z Installing dependencies...
2026-09-28T02:02:20.4995020Z Switching to root user to install dependencies...
2026-09-28T02:02:20.6108296Z Get:1 file:/etc/apt/apt-mirrors.txt Mirrorlist [144 B]
2026-09-28T02:02:20.6993280Z Hit:2 http://azure.archive.ubuntu.com/ubuntu resolute InRelease
2026-09-28T02:02:20.6994938Z Hit:6 https://packages.microsoft.com/ubuntu/26.04/prod resolute InRelease
2026-09-28T02:02:20.7008101Z Hit:3 http://azure.archive.ubuntu.com/ubuntu resolute-updates InRelease
2026-09-28T02:02:20.7023124Z Hit:4 http://azure.archive.ubuntu.com/ubuntu resolute-backports InRelease
2026-09-28T02:02:20.7038415Z Hit:5 http://azure.archive.ubuntu.com/ubuntu resolute-security InRelease
2026-09-28T02:02:21.6905630Z Reading package lists...
2026-09-28T02:02:21.7193510Z Reading package lists...
2026-09-28T02:02:21.9143685Z Building dependency tree...
2026-09-28T02:02:21.9152429Z Reading state information...
2026-09-28T02:02:21.9688545Z libasound2t64 is already the newest version (1.2.15.3-1ubuntu1.1).
2026-09-28T02:02:21.9689402Z libasound2t64 set to manually installed.
2026-09-28T02:02:21.9690144Z libatk-bridge2.0-0t64 is already the newest version (2.60.4-0ubuntu0.1).
2026-09-28T02:02:21.9690874Z libatk-bridge2.0-0t64 set to manually installed.
2026-09-28T02:02:21.9691547Z libatk1.0-0t64 is already the newest version (2.60.4-0ubuntu0.1).
2026-09-28T02:02:21.9692166Z libatk1.0-0t64 set to manually installed.
2026-09-28T02:02:21.9692804Z libatspi2.0-0t64 is already the newest version (2.60.4-0ubuntu0.1).
2026-09-28T02:02:21.9693431Z libatspi2.0-0t64 set to manually installed.
2026-09-28T02:02:21.9693998Z libcairo2 is already the newest version (1.18.4-3).
2026-09-28T02:02:21.9694516Z libcairo2 set to manually installed.
2026-09-28T02:02:21.9695113Z libcups2t64 is already the newest version (2.4.16-1ubuntu1.3).
2026-09-28T02:02:21.9696089Z libcups2t64 set to manually installed.
2026-09-28T02:02:21.9696697Z libdbus-1-3 is already the newest version (1.16.2-2ubuntu4).
2026-09-28T02:02:21.9697272Z libdbus-1-3 set to manually installed.
2026-09-28T02:02:21.9697805Z libdrm2 is already the newest version (2.4.131-1).
2026-09-28T02:02:21.9698332Z libdrm2 set to manually installed.
2026-09-28T02:02:21.9698896Z libgbm1 is already the newest version (26.0.8-1ubuntu0.3).
2026-09-28T02:02:21.9699440Z libgbm1 set to manually installed.
2026-09-28T02:02:21.9700026Z libnspr4 is already the newest version (2:4.38.2-1ubuntu1).
2026-09-28T02:02:21.9700574Z libnspr4 set to manually installed.
2026-09-28T02:02:21.9701132Z libnss3 is already the newest version (2:3.120-1ubuntu2.1).
2026-09-28T02:02:21.9701660Z libnss3 set to manually installed.
2026-09-28T02:02:21.9702207Z libpango-1.0-0 is already the newest version (1.57.0-1).
2026-09-28T02:02:21.9702756Z libpango-1.0-0 set to manually installed.
2026-09-28T02:02:21.9703308Z libx11-6 is already the newest version (2:1.8.13-1).
2026-09-28T02:02:21.9703820Z libx11-6 set to manually installed.
2026-09-28T02:02:21.9704370Z libxcb1 is already the newest version (1.17.0-2ubuntu1).
2026-09-28T02:02:21.9704935Z libxcb1 set to manually installed.
2026-09-28T02:02:21.9706390Z libxcomposite1 is already the newest version (1:0.4.6-1build1).
2026-09-28T02:02:21.9707041Z libxcomposite1 set to manually installed.
2026-09-28T02:02:21.9707629Z libxdamage1 is already the newest version (1:1.1.7-1).
2026-09-28T02:02:21.9708179Z libxdamage1 set to manually installed.
2026-09-28T02:02:21.9708735Z libxext6 is already the newest version (2:1.3.4-1build3).
2026-09-28T02:02:21.9709272Z libxext6 set to manually installed.
2026-09-28T02:02:21.9709843Z libxfixes3 is already the newest version (1:6.0.0-2build2).
2026-09-28T02:02:21.9710396Z libxfixes3 set to manually installed.
2026-09-28T02:02:21.9710951Z libxkbcommon0 is already the newest version (1.13.1-1).
2026-09-28T02:02:21.9711489Z libxkbcommon0 set to manually installed.
2026-09-28T02:02:21.9712074Z libxrandr2 is already the newest version (2:1.5.4-1build1).
2026-09-28T02:02:21.9712644Z libxrandr2 set to manually installed.
2026-09-28T02:02:21.9713375Z fonts-noto-color-emoji is already the newest version (2.051-1build1).
2026-09-28T02:02:21.9714178Z libfontconfig1 is already the newest version (2.17.1-3ubuntu1).
2026-09-28T02:02:21.9714799Z libfontconfig1 set to manually installed.
2026-09-28T02:02:21.9715682Z libfreetype6 is already the newest version (2.14.2+dfsg-1ubuntu0.1).
2026-09-28T02:02:21.9716625Z libfreetype6 set to manually installed.
2026-09-28T02:02:21.9717289Z fonts-liberation is already the newest version (1:2.1.5-3build1).
2026-09-28T02:02:21.9717935Z fonts-liberation set to manually installed.
2026-09-28T02:02:22.0348037Z Solving dependencies...
2026-09-28T02:02:22.1655960Z The following additional packages will be installed:
2026-09-28T02:02:22.1658916Z   gir1.2-girepository-3.0 gir1.2-glib-2.0 libgirepository-2.0-0 libglib2.0-bin
2026-09-28T02:02:22.1672790Z   libglib2.0-data xfonts-encodings xfonts-utils xserver-common
2026-09-28T02:02:22.1684380Z Recommended packages:
2026-09-28T02:02:22.1684883Z   fonts-ipafont-mincho fonts-tlwg-loma
2026-09-28T02:02:22.1980787Z The following NEW packages will be installed:
2026-09-28T02:02:22.1981711Z   fonts-freefont-ttf fonts-ipafont-gothic fonts-tlwg-loma-otf fonts-unifont
2026-09-28T02:02:22.1990003Z   fonts-wqy-zenhei xfonts-cyrillic xfonts-encodings xfonts-scalable
2026-09-28T02:02:22.1990706Z   xfonts-utils
2026-09-28T02:02:22.1994513Z The following packages will be upgraded:
2026-09-28T02:02:22.1996578Z   gir1.2-girepository-3.0 gir1.2-glib-2.0 libgirepository-2.0-0
2026-09-28T02:02:22.2001981Z   libglib2.0-0t64 libglib2.0-bin libglib2.0-data xserver-common xvfb
2026-09-28T02:02:22.2230873Z 8 upgraded, 9 newly installed, 0 to remove and 30 not upgraded.
2026-09-28T02:02:22.2231403Z Need to get 24.8 MB of archives.
2026-09-28T02:02:22.2231867Z After this operation, 80.2 MB of additional disk space will be used.
2026-09-28T02:02:22.2232389Z Get:1 file:/etc/apt/apt-mirrors.txt Mirrorlist [144 B]
2026-09-28T02:02:22.2638616Z Get:2 http://azure.archive.ubuntu.com/ubuntu resolute/universe amd64v3 fonts-ipafont-gothic all 00303-23ubuntu1 [3703 kB]
2026-09-28T02:02:22.3202748Z Get:3 http://azure.archive.ubuntu.com/ubuntu resolute-updates/main amd64v3 libglib2.0-data all 2.88.0-1ubuntu0.1 [38.5 kB]
2026-09-28T02:02:22.3431060Z Get:4 http://azure.archive.ubuntu.com/ubuntu resolute-updates/main amd64v3 libglib2.0-bin amd64 2.88.0-1ubuntu0.1 [99.5 kB]
2026-09-28T02:02:22.3673385Z Get:5 http://azure.archive.ubuntu.com/ubuntu resolute-updates/main amd64v3 gir1.2-girepository-3.0 amd64 2.88.0-1ubuntu0.1 [25.2 kB]
2026-09-28T02:02:22.3901555Z Get:6 http://azure.archive.ubuntu.com/ubuntu resolute-updates/main amd64v3 libgirepository-2.0-0 amd64 2.88.0-1ubuntu0.1 [76.1 kB]
2026-09-28T02:02:22.4128160Z Get:7 http://azure.archive.ubuntu.com/ubuntu resolute-updates/main amd64v3 gir1.2-glib-2.0 amd64 2.88.0-1ubuntu0.1 [183 kB]
2026-09-28T02:02:22.4359514Z Get:8 http://azure.archive.ubuntu.com/ubuntu resolute-updates/main amd64v3 libglib2.0-0t64 amd64 2.88.0-1ubuntu0.1 [1602 kB]
2026-09-28T02:02:22.4707643Z Get:9 http://azure.archive.ubuntu.com/ubuntu resolute/main amd64v3 fonts-freefont-ttf all 20211204+svn4273-4build1 [5656 kB]
2026-09-28T02:02:22.5383579Z Get:10 http://azure.archive.ubuntu.com/ubuntu resolute/universe amd64v3 fonts-tlwg-loma-otf all 1:0.7.3-1build1 [106 kB]
2026-09-28T02:02:22.5614722Z Get:11 http://azure.archive.ubuntu.com/ubuntu resolute/universe amd64v3 fonts-unifont all 1:16.0.04-1build1 [3169 kB]
2026-09-28T02:02:22.6190463Z Get:12 http://azure.archive.ubuntu.com/ubuntu resolute/universe amd64v3 fonts-wqy-zenhei all 0.9.45-8build1 [7863 kB]
2026-09-28T02:02:22.7031759Z Get:13 http://azure.archive.ubuntu.com/ubuntu resolute/main amd64v3 xfonts-encodings all 1:1.0.5-0ubuntu3 [576 kB]
2026-09-28T02:02:22.7302872Z Get:14 http://azure.archive.ubuntu.com/ubuntu resolute/main amd64v3 xfonts-utils amd64 1:7.7+7build1 [97.3 kB]
2026-09-28T02:02:22.7530672Z Get:15 http://azure.archive.ubuntu.com/ubuntu resolute/universe amd64v3 xfonts-cyrillic all 1:1.0.5+nmu1build1 [384 kB]
2026-09-28T02:02:22.7780338Z Get:16 http://azure.archive.ubuntu.com/ubuntu resolute/universe amd64v3 xfonts-scalable all 1:1.0.3-1.3build1 [304 kB]
2026-09-28T02:02:22.8028147Z Get:17 http://azure.archive.ubuntu.com/ubuntu resolute-updates/main amd64v3 xserver-common all 2:21.1.22-1ubuntu1.2 [29.8 kB]
2026-09-28T02:02:22.8253531Z Get:18 http://azure.archive.ubuntu.com/ubuntu resolute-updates/universe amd64v3 xvfb amd64 2:21.1.22-1ubuntu1.2 [905 kB]
2026-09-28T02:02:23.1939999Z Fetched 24.8 MB in 1s (39.9 MB/s)
2026-09-28T02:02:23.2291675Z Selecting previously unselected package fonts-ipafont-gothic.
2026-09-28T02:02:23.2588559Z (Reading database ... 
2026-09-28T02:02:23.2589478Z (Reading database ... 5%
2026-09-28T02:02:23.2590283Z (Reading database ... 10%
2026-09-28T02:02:23.2590833Z (Reading database ... 15%
2026-09-28T02:02:23.2591373Z (Reading database ... 20%
2026-09-28T02:02:23.2591737Z (Reading database ... 25%
2026-09-28T02:02:23.2592231Z (Reading database ... 30%
2026-09-28T02:02:23.2592548Z (Reading database ... 35%
2026-09-28T02:02:23.2592896Z (Reading database ... 40%
2026-09-28T02:02:23.2593247Z (Reading database ... 45%
2026-09-28T02:02:23.2593654Z (Reading database ... 50%
2026-09-28T02:02:23.3737213Z (Reading database ... 55%
2026-09-28T02:02:23.4811459Z (Reading database ... 60%
2026-09-28T02:02:23.5788381Z (Reading database ... 65%
2026-09-28T02:02:23.7436759Z (Reading database ... 70%
2026-09-28T02:02:23.8709602Z (Reading database ... 75%
2026-09-28T02:02:23.9804271Z (Reading database ... 80%
2026-09-28T02:02:24.0693541Z (Reading database ... 85%
2026-09-28T02:02:24.1533545Z (Reading database ... 90%
2026-09-28T02:02:24.2542265Z (Reading database ... 95%
2026-09-28T02:02:24.2586110Z (Reading database ... 100%
2026-09-28T02:02:24.2587053Z (Reading database ... 209649 files and directories currently installed.)
2026-09-28T02:02:24.2587712Z Preparing to unpack .../00-fonts-ipafont-gothic_00303-23ubuntu1_all.deb ...
2026-09-28T02:02:24.2701063Z Unpacking fonts-ipafont-gothic (00303-23ubuntu1) ...
2026-09-28T02:02:24.3551160Z Preparing to unpack .../01-libglib2.0-data_2.88.0-1ubuntu0.1_all.deb ...
2026-09-28T02:02:24.3569951Z Unpacking libglib2.0-data (2.88.0-1ubuntu0.1) over (2.88.0-1) ...
2026-09-28T02:02:24.3963062Z Preparing to unpack .../02-libglib2.0-bin_2.88.0-1ubuntu0.1_amd64v3.deb ...
2026-09-28T02:02:24.3982790Z Unpacking libglib2.0-bin (2.88.0-1ubuntu0.1) over (2.88.0-1) ...
2026-09-28T02:02:24.4521559Z Preparing to unpack .../03-gir1.2-girepository-3.0_2.88.0-1ubuntu0.1_amd64v3.deb ...
2026-09-28T02:02:24.4541001Z Unpacking gir1.2-girepository-3.0:amd64 (2.88.0-1ubuntu0.1) over (2.88.0-1) ...
2026-09-28T02:02:24.4941760Z Preparing to unpack .../04-libgirepository-2.0-0_2.88.0-1ubuntu0.1_amd64v3.deb ...
2026-09-28T02:02:24.4985917Z Unpacking libgirepository-2.0-0:amd64 (2.88.0-1ubuntu0.1) over (2.88.0-1) ...
2026-09-28T02:02:24.5394511Z Preparing to unpack .../05-gir1.2-glib-2.0_2.88.0-1ubuntu0.1_amd64v3.deb ...
2026-09-28T02:02:24.5413825Z Unpacking gir1.2-glib-2.0:amd64 (2.88.0-1ubuntu0.1) over (2.88.0-1) ...
2026-09-28T02:02:24.5861978Z Preparing to unpack .../06-libglib2.0-0t64_2.88.0-1ubuntu0.1_amd64v3.deb ...
2026-09-28T02:02:24.5935057Z Unpacking libglib2.0-0t64:amd64 (2.88.0-1ubuntu0.1) over (2.88.0-1) ...
2026-09-28T02:02:24.6444271Z Selecting previously unselected package fonts-freefont-ttf.
2026-09-28T02:02:24.6588589Z Preparing to unpack .../07-fonts-freefont-ttf_20211204+svn4273-4build1_all.deb ...
2026-09-28T02:02:24.6596829Z Unpacking fonts-freefont-ttf (20211204+svn4273-4build1) ...
2026-09-28T02:02:24.7562819Z Selecting previously unselected package fonts-tlwg-loma-otf.
2026-09-28T02:02:24.7702938Z Preparing to unpack .../08-fonts-tlwg-loma-otf_1%3a0.7.3-1build1_all.deb ...
2026-09-28T02:02:24.7710384Z Unpacking fonts-tlwg-loma-otf (1:0.7.3-1build1) ...
2026-09-28T02:02:24.7957228Z Selecting previously unselected package fonts-unifont.
2026-09-28T02:02:24.8098682Z Preparing to unpack .../09-fonts-unifont_1%3a16.0.04-1build1_all.deb ...
2026-09-28T02:02:24.8105060Z Unpacking fonts-unifont (1:16.0.04-1build1) ...
2026-09-28T02:02:24.9282214Z Selecting previously unselected package fonts-wqy-zenhei.
2026-09-28T02:02:24.9423762Z Preparing to unpack .../10-fonts-wqy-zenhei_0.9.45-8build1_all.deb ...
2026-09-28T02:02:24.9572056Z Unpacking fonts-wqy-zenhei (0.9.45-8build1) ...
2026-09-28T02:02:25.0499157Z Selecting previously unselected package xfonts-encodings.
2026-09-28T02:02:25.0637389Z Preparing to unpack .../11-xfonts-encodings_1%3a1.0.5-0ubuntu3_all.deb ...
2026-09-28T02:02:25.0645318Z Unpacking xfonts-encodings (1:1.0.5-0ubuntu3) ...
2026-09-28T02:02:25.0962445Z Selecting previously unselected package xfonts-utils.
2026-09-28T02:02:25.1101659Z Preparing to unpack .../12-xfonts-utils_1%3a7.7+7build1_amd64v3.deb ...
2026-09-28T02:02:25.1108547Z Unpacking xfonts-utils (1:7.7+7build1) ...
2026-09-28T02:02:25.1469299Z Selecting previously unselected package xfonts-cyrillic.
2026-09-28T02:02:25.1609397Z Preparing to unpack .../13-xfonts-cyrillic_1%3a1.0.5+nmu1build1_all.deb ...
2026-09-28T02:02:25.1617713Z Unpacking xfonts-cyrillic (1:1.0.5+nmu1build1) ...
2026-09-28T02:02:25.1980853Z Selecting previously unselected package xfonts-scalable.
2026-09-28T02:02:25.2119175Z Preparing to unpack .../14-xfonts-scalable_1%3a1.0.3-1.3build1_all.deb ...
2026-09-28T02:02:25.2126595Z Unpacking xfonts-scalable (1:1.0.3-1.3build1) ...
2026-09-28T02:02:25.2566988Z Preparing to unpack .../15-xserver-common_2%3a21.1.22-1ubuntu1.2_all.deb ...
2026-09-28T02:02:25.2584572Z Unpacking xserver-common (2:21.1.22-1ubuntu1.2) over (2:21.1.22-1ubuntu1) ...
2026-09-28T02:02:25.3006582Z Preparing to unpack .../16-xvfb_2%3a21.1.22-1ubuntu1.2_amd64v3.deb ...
2026-09-28T02:02:25.3024554Z Unpacking xvfb (2:21.1.22-1ubuntu1.2) over (2:21.1.22-1ubuntu1) ...
2026-09-28T02:02:25.3611494Z Setting up fonts-wqy-zenhei (0.9.45-8build1) ...
2026-09-28T02:02:25.3772012Z Setting up fonts-freefont-ttf (20211204+svn4273-4build1) ...
2026-09-28T02:02:25.3791269Z Setting up libglib2.0-0t64:amd64 (2.88.0-1ubuntu0.1) ...
2026-09-28T02:02:25.3911860Z Setting up libglib2.0-data (2.88.0-1ubuntu0.1) ...
2026-09-28T02:02:25.3930835Z Setting up fonts-tlwg-loma-otf (1:0.7.3-1build1) ...
2026-09-28T02:02:25.3947422Z Setting up xfonts-encodings (1:1.0.5-0ubuntu3) ...
2026-09-28T02:02:25.3963889Z Setting up gir1.2-glib-2.0:amd64 (2.88.0-1ubuntu0.1) ...
2026-09-28T02:02:25.3979441Z Setting up fonts-ipafont-gothic (00303-23ubuntu1) ...
2026-09-28T02:02:25.4047611Z update-alternatives: using /usr/share/fonts/opentype/ipafont-gothic/ipag.ttf to provide /usr/share/fonts/truetype/fonts-japanese-gothic.ttf (fonts-japanese-gothic.ttf) in auto mode
2026-09-28T02:02:25.4063288Z Setting up xserver-common (2:21.1.22-1ubuntu1.2) ...
2026-09-28T02:02:25.4081708Z Setting up fonts-unifont (1:16.0.04-1build1) ...
2026-09-28T02:02:25.4098868Z Setting up libgirepository-2.0-0:amd64 (2.88.0-1ubuntu0.1) ...
2026-09-28T02:02:25.4115398Z Setting up xvfb (2:21.1.22-1ubuntu1.2) ...
2026-09-28T02:02:25.4133294Z Setting up libglib2.0-bin (2.88.0-1ubuntu0.1) ...
2026-09-28T02:02:25.4150908Z Setting up xfonts-utils (1:7.7+7build1) ...
2026-09-28T02:02:25.4212345Z Setting up gir1.2-girepository-3.0:amd64 (2.88.0-1ubuntu0.1) ...
2026-09-28T02:02:25.4228121Z Setting up xfonts-cyrillic (1:1.0.5+nmu1build1) ...
2026-09-28T02:02:25.4698940Z Setting up xfonts-scalable (1:1.0.3-1.3build1) ...
2026-09-28T02:02:25.5136386Z Processing triggers for libc-bin (2.43-2ubuntu2.4) ...
2026-09-28T02:02:25.5445807Z Processing triggers for man-db (2.13.1-1build1) ...
2026-09-28T02:02:25.5469242Z Not building database; man-db/auto-update is not 'true'.
2026-09-28T02:02:25.5486566Z Processing triggers for fontconfig (2.17.1-3ubuntu1) ...
2026-09-28T02:02:26.2553672Z 
2026-09-28T02:02:26.2554549Z Running kernel seems to be up-to-date.
2026-09-28T02:02:26.2554924Z 
2026-09-28T02:02:26.2555105Z Restarting services...
2026-09-28T02:02:26.3239247Z  systemctl restart packagekit.service php8.5-fpm.service polkit.service udisks2.service
2026-09-28T02:02:26.5147852Z 
2026-09-28T02:02:26.5156272Z Service restarts being deferred:
2026-09-28T02:02:26.5157092Z  systemctl restart ModemManager.service
2026-09-28T02:02:26.5157583Z  systemctl restart hosted-compute-agent.service
2026-09-28T02:02:26.5157974Z  systemctl restart networkd-dispatcher.service
2026-09-28T02:02:26.5158370Z 
2026-09-28T02:02:26.5158769Z No containers need to be restarted.
2026-09-28T02:02:26.5158971Z 
2026-09-28T02:02:26.5159466Z No user sessions are running outdated binaries.
2026-09-28T02:02:26.5159697Z 
2026-09-28T02:02:26.5159995Z No VM guests are running outdated hypervisor (qemu) binaries on this host.
2026-09-28T02:02:27.7201748Z Downloading Chrome for Testing 153.0.8010.12 (playwright chromium v1243) from https://cdn.playwright.dev/builds/cft/153.0.8010.12/linux64/chrome-linux64.zip
2026-09-28T02:02:28.1650307Z |                                                                                |   0% of 186.8 MiB
2026-09-28T02:02:28.3513732Z |■■■■■■■■                                                                        |  10% of 186.8 MiB
2026-09-28T02:02:28.4845808Z |■■■■■■■■■■■■■■■■                                                                |  20% of 186.8 MiB
2026-09-28T02:02:28.6475686Z |■■■■■■■■■■■■■■■■■■■■■■■■                                                        |  30% of 186.8 MiB
2026-09-28T02:02:28.8712294Z |■■■■■■■■■■■■■■■■■■■■■■■■■■■■■■■■                                                |  40% of 186.8 MiB
2026-09-28T02:02:29.0696561Z |■■■■■■■■■■■■■■■■■■■■■■■■■■■■■■■■■■■■■■■■                                        |  50% of 186.8 MiB
2026-09-28T02:02:29.2413221Z |■■■■■■■■■■■■■■■■■■■■■■■■■■■■■■■■■■■■■■■■■■■■■■■■                                |  60% of 186.8 MiB
2026-09-28T02:02:29.4367477Z |■■■■■■■■■■■■■■■■■■■■■■■■■■■■■■■■■■■■■■■■■■■■■■■■■■■■■■■■                        |  70% of 186.8 MiB
2026-09-28T02:02:29.5697609Z |■■■■■■■■■■■■■■■■■■■■■■■■■■■■■■■■■■■■■■■■■■■■■■■■■■■■■■■■■■■■■■■■                |  80% of 186.8 MiB
2026-09-28T02:02:29.7142138Z |■■■■■■■■■■■■■■■■■■■■■■■■■■■■■■■■■■■■■■■■■■■■■■■■■■■■■■■■■■■■■■■■■■■■■■■■        |  90% of 186.8 MiB
2026-09-28T02:02:29.8258763Z |■■■■■■■■■■■■■■■■■■■■■■■■■■■■■■■■■■■■■■■■■■■■■■■■■■■■■■■■■■■■■■■■■■■■■■■■■■■■■■■■| 100% of 186.8 MiB
2026-09-28T02:02:32.8475184Z Chrome for Testing 153.0.8010.12 (playwright chromium v1243) downloaded to <CI_HOME>/.cache/ms-playwright/chromium-1243
2026-09-28T02:02:32.8480150Z Downloading FFmpeg (playwright ffmpeg v1011) from https://cdn.playwright.dev/dbazure/download/playwright/builds/ffmpeg/1011/ffmpeg-linux.zip
2026-09-28T02:02:33.2224753Z |                                                                                |   0% of 2.3 MiB
2026-09-28T02:02:33.2298466Z |■■■■■■■■                                                                        |  10% of 2.3 MiB
2026-09-28T02:02:33.2319989Z |■■■■■■■■■■■■■■■■                                                                |  20% of 2.3 MiB
2026-09-28T02:02:33.2333273Z |■■■■■■■■■■■■■■■■■■■■■■■■                                                        |  30% of 2.3 MiB
2026-09-28T02:02:33.2353291Z |■■■■■■■■■■■■■■■■■■■■■■■■■■■■■■■■                                                |  40% of 2.3 MiB
2026-09-28T02:02:33.2364310Z |■■■■■■■■■■■■■■■■■■■■■■■■■■■■■■■■■■■■■■■■                                        |  50% of 2.3 MiB
2026-09-28T02:02:33.2380483Z |■■■■■■■■■■■■■■■■■■■■■■■■■■■■■■■■■■■■■■■■■■■■■■■■                                |  60% of 2.3 MiB
2026-09-28T02:02:33.2393506Z |■■■■■■■■■■■■■■■■■■■■■■■■■■■■■■■■■■■■■■■■■■■■■■■■■■■■■■■■                        |  70% of 2.3 MiB
2026-09-28T02:02:33.2406683Z |■■■■■■■■■■■■■■■■■■■■■■■■■■■■■■■■■■■■■■■■■■■■■■■■■■■■■■■■■■■■■■■■                |  80% of 2.3 MiB
2026-09-28T02:02:33.2423704Z |■■■■■■■■■■■■■■■■■■■■■■■■■■■■■■■■■■■■■■■■■■■■■■■■■■■■■■■■■■■■■■■■■■■■■■■■        |  90% of 2.3 MiB
2026-09-28T02:02:33.2433160Z |■■■■■■■■■■■■■■■■■■■■■■■■■■■■■■■■■■■■■■■■■■■■■■■■■■■■■■■■■■■■■■■■■■■■■■■■■■■■■■■■| 100% of 2.3 MiB
2026-09-28T02:02:33.3037406Z FFmpeg (playwright ffmpeg v1011) downloaded to <CI_HOME>/.cache/ms-playwright/ffmpeg-1011
2026-09-28T02:02:33.3041172Z Downloading Chrome Headless Shell 153.0.8010.12 (playwright chromium-headless-shell v1243) from https://cdn.playwright.dev/builds/cft/153.0.8010.12/linux64/chrome-headless-shell-linux64.zip
2026-09-28T02:02:33.7277795Z |                                                                                |   0% of 114.3 MiB
2026-09-28T02:02:33.8361403Z |■■■■■■■■                                                                        |  10% of 114.3 MiB
2026-09-28T02:02:33.9143455Z |■■■■■■■■■■■■■■■■                                                                |  20% of 114.3 MiB
2026-09-28T02:02:33.9742494Z |■■■■■■■■■■■■■■■■■■■■■■■■                                                        |  30% of 114.3 MiB
2026-09-28T02:02:34.0497824Z |■■■■■■■■■■■■■■■■■■■■■■■■■■■■■■■■                                                |  40% of 114.3 MiB
2026-09-28T02:02:34.1063090Z |■■■■■■■■■■■■■■■■■■■■■■■■■■■■■■■■■■■■■■■■                                        |  50% of 114.3 MiB
2026-09-28T02:02:34.1774287Z |■■■■■■■■■■■■■■■■■■■■■■■■■■■■■■■■■■■■■■■■■■■■■■■■                                |  60% of 114.3 MiB
2026-09-28T02:02:34.2584618Z |■■■■■■■■■■■■■■■■■■■■■■■■■■■■■■■■■■■■■■■■■■■■■■■■■■■■■■■■                        |  70% of 114.3 MiB
2026-09-28T02:02:34.3230287Z |■■■■■■■■■■■■■■■■■■■■■■■■■■■■■■■■■■■■■■■■■■■■■■■■■■■■■■■■■■■■■■■■                |  80% of 114.3 MiB
2026-09-28T02:02:34.4452665Z |■■■■■■■■■■■■■■■■■■■■■■■■■■■■■■■■■■■■■■■■■■■■■■■■■■■■■■■■■■■■■■■■■■■■■■■■        |  90% of 114.3 MiB
2026-09-28T02:02:34.5166681Z |■■■■■■■■■■■■■■■■■■■■■■■■■■■■■■■■■■■■■■■■■■■■■■■■■■■■■■■■■■■■■■■■■■■■■■■■■■■■■■■■| 100% of 114.3 MiB
2026-09-28T02:02:36.8444582Z Chrome Headless Shell 153.0.8010.12 (playwright chromium-headless-shell v1243) downloaded to <CI_HOME>/.cache/ms-playwright/chromium_headless_shell-1243
2026-09-28T02:02:36.8846400Z ##[group]Run make build
2026-09-28T02:02:36.8846761Z [36;1mmake build[0m
2026-09-28T02:02:36.8909125Z shell: /usr/bin/bash -e {0}
2026-09-28T02:02:36.8909419Z env:
2026-09-28T02:02:36.8909712Z   pythonLocation: /opt/hostedtoolcache/Python/3.12.13/x64
2026-09-28T02:02:36.8910172Z   PKG_CONFIG_PATH: /opt/hostedtoolcache/Python/3.12.13/x64/lib/pkgconfig
2026-09-28T02:02:36.8910604Z   Python_ROOT_DIR: /opt/hostedtoolcache/Python/3.12.13/x64
2026-09-28T02:02:36.8910981Z   Python2_ROOT_DIR: /opt/hostedtoolcache/Python/3.12.13/x64
2026-09-28T02:02:36.8911356Z   Python3_ROOT_DIR: /opt/hostedtoolcache/Python/3.12.13/x64
2026-09-28T02:02:36.8912244Z   LD_LIBRARY_PATH: /opt/hostedtoolcache/Python/3.12.13/x64/lib
2026-09-28T02:02:36.8912573Z ##[endgroup]
2026-09-28T02:02:36.9029578Z bash scripts/node.sh npm --prefix apps/web run build
2026-09-28T02:02:37.0188734Z 
2026-09-28T02:02:37.0189386Z > @learning-workbench/web@0.1.0 build
2026-09-28T02:02:37.0189906Z > tsc --noEmit && vite build
2026-09-28T02:02:37.0190155Z 
2026-09-28T02:02:38.5437517Z [36mvite v8.3.0 [32mbuilding client environment for production...[36m[39m
2026-09-28T02:02:38.5546513Z transforming...
2026-09-28T02:02:38.7669428Z ✓ 741 modules transformed.
2026-09-28T02:02:38.8688162Z rendering chunks...
2026-09-28T02:02:39.0188334Z computing gzip size...
2026-09-28T02:02:39.0639803Z dist/index.html                       0.41 kB │ gzip:     0.32 kB
2026-09-28T02:02:39.0640764Z dist/assets/index-Clf_BHiP.css       40.20 kB │ gzip:     8.43 kB
2026-09-28T02:02:39.0645161Z dist/assets/index-BzsnPt0O.js     1,279.08 kB │ gzip:   277.72 kB
2026-09-28T02:02:39.0647112Z dist/assets/Markdown-CKt04PQF.js  2,939.32 kB │ gzip: 1,098.70 kB
2026-09-28T02:02:39.0647943Z 
2026-09-28T02:02:39.0648801Z [32m✓ built in 520ms[39m
2026-09-28T02:02:39.0653566Z [33m[plugin builtin:vite-reporter] 
2026-09-28T02:02:39.0654082Z (!) Some chunks are larger than 500 kB after minification. Consider:
2026-09-28T02:02:39.0654628Z - Using dynamic import() to code-split the application
2026-09-28T02:02:39.0655774Z - Use build.rolldownOptions.output.codeSplitting to improve chunking: https://rolldown.rs/reference/OutputOptions.codeSplitting
2026-09-28T02:02:39.0656776Z - Adjust chunk size limit for this warning via build.chunkSizeWarningLimit.[39m
2026-09-28T02:02:39.0977762Z ##[group]Run make test-e2e
2026-09-28T02:02:39.0978125Z [36;1mmake test-e2e[0m
2026-09-28T02:02:39.1037526Z shell: /usr/bin/bash -e {0}
2026-09-28T02:02:39.1037803Z env:
2026-09-28T02:02:39.1038086Z   pythonLocation: /opt/hostedtoolcache/Python/3.12.13/x64
2026-09-28T02:02:39.1038537Z   PKG_CONFIG_PATH: /opt/hostedtoolcache/Python/3.12.13/x64/lib/pkgconfig
2026-09-28T02:02:39.1039008Z   Python_ROOT_DIR: /opt/hostedtoolcache/Python/3.12.13/x64
2026-09-28T02:02:39.1039395Z   Python2_ROOT_DIR: /opt/hostedtoolcache/Python/3.12.13/x64
2026-09-28T02:02:39.1039776Z   Python3_ROOT_DIR: /opt/hostedtoolcache/Python/3.12.13/x64
2026-09-28T02:02:39.1040153Z   LD_LIBRARY_PATH: /opt/hostedtoolcache/Python/3.12.13/x64/lib
2026-09-28T02:02:39.1040621Z   LEARNING_E2E_OUTPUT_DIR: <CI_HOME>/work/_temp/learning-workbench-e2e-results
2026-09-28T02:02:39.1041023Z ##[endgroup]
2026-09-28T02:02:39.1143746Z bash scripts/node.sh npm --prefix apps/web run test:e2e
2026-09-28T02:02:39.2282002Z 
2026-09-28T02:02:39.2282969Z > @learning-workbench/web@0.1.0 test:e2e
2026-09-28T02:02:39.2283936Z > playwright test --config ../../tests/e2e/playwright.config.ts
2026-09-28T02:02:39.2284482Z 
2026-09-28T02:02:43.3433908Z [WebServer] INFO:     Started server process [3273]
2026-09-28T02:02:43.3434466Z [WebServer] INFO:     Waiting for application startup.
2026-09-28T02:02:43.4831016Z [WebServer] INFO:     Application startup complete.
2026-09-28T02:02:43.4846181Z [WebServer] INFO:     Uvicorn running on http://127.0.0.1:8765 (Press CTRL+C to quit)
2026-09-28T02:02:46.4298130Z 
2026-09-28T02:02:46.4298801Z Running 101 tests using 1 worker
2026-09-28T02:02:46.4299189Z 
2026-09-28T02:03:01.6179554Z   ✓    1 ../../tests/e2e/assessment-restart.spec.ts:43:1 › same assessment instance rejects forged course and assessment hashes while its independent policy remains active (14.6s)
2026-09-28T02:03:26.0944134Z   ✓    2 ../../tests/e2e/assessment-restart.spec.ts:112:1 › actual browser and API restarts retain independent drafts and keep old solution receipts protected after submission (24.5s)
2026-09-28T02:03:37.2011711Z   ✓    3 ../../tests/e2e/assessment-submit.spec.ts:7:1 › a pending real submission remains unsubmitted until its exact acknowledgement, then exposes only the actual grading result (11.1s)
2026-09-28T02:03:50.2722276Z   ✓    4 ../../tests/e2e/assessments.spec.ts:41:1 › real unreviewed independent assessment saves five types and submits without fabricated grades or answer calls (13.0s)
2026-09-28T02:04:05.8780190Z   ✓    5 ../../tests/e2e/assessments.spec.ts:90:1 › open-book and assisted freeze actual policies; explicit abandon retains saved answers and yields no score (15.6s)
2026-09-28T02:04:21.3682413Z   ✓    6 ../../tests/e2e/assessments.spec.ts:109:1 › two profiles retain a real server CAS conflict with three-way comparison and reject forged same-identity parent (15.2s)
2026-09-28T02:04:30.3156825Z   ✓    7 ../../tests/e2e/assessments.spec.ts:138:1 › missing private binding visibly blocks start instead of fabricating a usable test (8.9s)
2026-09-28T02:04:50.7233369Z   ✓    8 ../../tests/e2e/assessments.spec.ts:145:1 › two pages preserve independent local CAS candidates; a later submitted snapshot never accepts restored edits (20.4s)
2026-09-28T02:05:05.0206467Z   ✓    9 ../../tests/e2e/assessments.spec.ts:251:1 › late redacted Workbench save uses its original ETag and retains hidden selection after explicit three-way choice (14.3s)
2026-09-28T02:05:20.1858247Z   ✓   10 ../../tests/e2e/assessments.spec.ts:295:1 › a genuine solution response held in flight cannot appear after another page starts an open-book assessment (15.2s)
2026-09-28T02:05:49.7059636Z   ✓   11 ../../tests/e2e/authoring-groups.spec.ts:235:1 › native lesson group preserves its plan and formulas, then separately declines and executes one exact numeric member (29.5s)
2026-09-28T02:06:06.2463937Z   ✘   12 ../../tests/e2e/authoring-groups.spec.ts:294:1 › native practice group replays its lost prepare ACK with one key and clears explicitly read private answers after permission changes (16.5s)
2026-09-28T02:06:38.6508313Z   ✓   13 ../../tests/e2e/authoring-groups.spec.ts:350:1 › native assessment group keeps explicit modes and time, checks its exact private numeric plan, and cancels a separate unconsented job under a permission lock (31.9s)
2026-09-28T02:06:45.5991963Z   ✓   14 ../../tests/e2e/authoring.spec.ts:80:1 › actual Authoring preparation diagnoses missing proof without dispatch and learner can recover safe cancellation (6.9s)
2026-09-28T02:07:04.8387519Z   ✓   15 ../../tests/e2e/authoring.spec.ts:110:1 › explicit same-Job loopback grant creates a draft and numeric preview needs its own decision (19.2s)
2026-09-28T02:07:13.4357692Z 
2026-09-28T02:07:13.4359852Z   ✓   16 ../../tests/e2e/document-imports.spec.ts:87:1 › real two-page PDF keeps exact page citations, guarded original bytes and explicit fidelity approval (8.4s)
2026-09-28T02:07:19.8421383Z 
2026-09-28T02:07:19.8424802Z   ✓   17 ../../tests/e2e/document-imports.spec.ts:127:1 › real DOCX safe text stays readable for learner while original bytes require an explicit author role (6.4s)
2026-09-28T02:07:26.3936159Z 
2026-09-28T02:07:26.3973209Z   ✓   18 ../../tests/e2e/document-imports.spec.ts:202:1 › a real scanned PDF fails without invented text or OCR and its local original is checked explicitly after reload (6.5s)
2026-09-28T02:07:32.2817265Z 
2026-09-28T02:07:32.2850836Z   ✓   19 ../../tests/e2e/document-imports.spec.ts:236:3 › real encrypted.pdf extraction failure remains blocked and preserves its original hash (5.9s)
2026-09-28T02:07:37.7010569Z 
2026-09-28T02:07:37.7036525Z   ✓   20 ../../tests/e2e/document-imports.spec.ts:236:3 › real malformed.docx extraction failure remains blocked and preserves its original hash (5.4s)
2026-09-28T02:07:52.9997085Z   ✓   21 ../../tests/e2e/grading-recovery.spec.ts:57:1 › a real failed regrade survives reload and can recover from the last actual grade without losing the old submission (15.3s)
2026-09-28T02:08:14.3812207Z   ✓   22 ../../tests/e2e/grading-restart.spec.ts:50:1 › real browser and API restarts preserve the submitted answers, signed review and both grading revisions (21.4s)
2026-09-28T02:08:32.9080051Z   ✓   23 ../../tests/e2e/grading.spec.ts:34:1 › unreviewed original content stays null until an explicit author form creates a signed new grade without altering its reference approval (18.5s)
2026-09-28T02:08:52.0399326Z   ✓   24 ../../tests/e2e/grading.spec.ts:66:1 › two browser profiles keep a stale manual-review baseline through an actual 412 before explicit three-way rebase (19.1s)
2026-09-28T02:09:07.3527069Z   ✓   25 ../../tests/e2e/grading.spec.ts:81:1 › a failed manual request preserves its durable exact command and editable author draft after browser reload (15.3s)
2026-09-28T02:09:10.4575962Z   ✓   26 ../../tests/e2e/import-admission.spec.ts:8:1 › import admission waits for real Policy after UI saved and never replays a rejected click (3.1s)
2026-09-28T02:09:24.5716173Z   ✓   27 ../../tests/e2e/import-admission.spec.ts:65:1 › real independent Policy preserves an open import selection and restores only explicit admission (14.1s)
2026-09-28T02:09:37.7540552Z   ✓   28 ../../tests/e2e/imports-policy.spec.ts:11:1 › an open author import retains its task across independent start and submit but rechecks pending-answer protection before restoring content (13.2s)
2026-09-28T02:09:45.8869394Z   ✓   29 ../../tests/e2e/imports-policy.spec.ts:61:1 › a reselected failed original survives a role-policy pause in memory while decoded text must be checked again (8.1s)
2026-09-28T02:09:52.4078864Z   ✓   30 ../../tests/e2e/imports.spec.ts:111:1 › real Markdown upload stays staged, previews and downloads exact bytes, restores and commits exact course refs (6.5s)
2026-09-28T02:09:56.9030090Z   ✓   31 ../../tests/e2e/imports.spec.ts:190:1 › safe HTML warning requires explicit acceptance and native cancel leaves courses untouched (4.5s)
2026-09-28T02:10:03.1852963Z   ✓   32 ../../tests/e2e/imports.spec.ts:218:1 › UTF-8 text can target a real existing course and creates a newer exact revision (6.3s)
2026-09-28T02:10:07.3404625Z   ✓   33 ../../tests/e2e/imports.spec.ts:234:1 › upload request failure keeps the selected file; preview failure keeps the recovery ID and explicit retry works (4.1s)
2026-09-28T02:10:13.1653327Z 
2026-09-28T02:10:13.1656908Z   ✓   34 ../../tests/e2e/imports.spec.ts:254:1 › author package requires explicit role change and clears the private preview after returning to learner (5.8s)
2026-09-28T02:10:17.2850381Z   ✓   35 ../../tests/e2e/imports.spec.ts:290:1 › a real invalid UTF-8 parse shows a blocking error and cannot be confirmed (4.1s)
2026-09-28T02:10:24.3346461Z 
2026-09-28T02:10:24.3379881Z   ✓   36 ../../tests/e2e/imports.spec.ts:311:1 › local encoding choice preserves the failed original and creates a separately confirmed UTF-8 import (7.0s)
2026-09-28T02:10:30.9376169Z 
2026-09-28T02:10:30.9417865Z   ✓   37 ../../tests/e2e/imports.spec.ts:379:1 › deferred author preview and original responses cannot restore content after the role is lowered (6.6s)
2026-09-28T02:10:52.7272146Z   ✓   38 ../../tests/e2e/learning-state-restart.spec.ts:47:1 › actual browser and API restarts preserve profile candidates, exact route overrides and original reading sources (21.8s)
2026-09-28T02:11:02.0791825Z   ✓   39 ../../tests/e2e/learning-state.spec.ts:12:1 › real self-report persists a lost-ACK command once and never creates independent evidence (9.3s)
2026-09-28T02:11:15.9101446Z   ✓   40 ../../tests/e2e/learning-state.spec.ts:30:1 › actual unreviewed submission stays excluded and its precise sources disappear when another page starts independent work (13.8s)
2026-09-28T02:11:22.6504091Z   ✓   41 ../../tests/e2e/learning-state.spec.ts:45:1 › a quota-failed profile remains mounted when a global command tries to leave it (6.7s)
2026-09-28T02:11:32.2248256Z   ✓   42 ../../tests/e2e/notes-lifecycle.spec.ts:32:1 › a concurrent note move to another block remains recoverable by stable note ID after a real 412 (9.6s)
2026-09-28T02:11:42.1164341Z   ✓   43 ../../tests/e2e/notes-lifecycle.spec.ts:64:1 › soft deleting a server note preserves its unsynced local continuation for explicit recovery (9.9s)
2026-09-28T02:11:53.5303346Z   ✓   44 ../../tests/e2e/practice-restart.spec.ts:20:1 › same practice tab identity rejects changed frozen parent or child hashes and preserves the original session (11.4s)
2026-09-28T02:12:11.2177743Z   ✓   45 ../../tests/e2e/practice-restart.spec.ts:66:1 › actual browser close and API restart retain practice identity, exposure and an unsynced local response (17.7s)
2026-09-28T02:12:23.6552817Z   ✓   46 ../../tests/e2e/practice.spec.ts:26:1 › five real question kinds save and refresh; hints and solutions require explicit exposure; submit is ungraded (12.4s)
2026-09-28T02:12:36.2739003Z   ✓   47 ../../tests/e2e/practice.spec.ts:87:1 › offline recovery keeps the local candidate when session GET was also unavailable and reconnect compares its base (12.6s)
2026-09-28T02:12:49.9886428Z   ✓   48 ../../tests/e2e/practice.spec.ts:113:1 › two real browser profiles produce a server CAS conflict with base local and remote before explicit choice (13.7s)
2026-09-28T02:12:58.3839911Z   ✓   49 ../../tests/e2e/practice.spec.ts:138:1 › missing private solution fails closed and a forged same-identity parent never replaces the existing practice tab (8.4s)
2026-09-28T02:13:15.0491657Z   ✓   50 ../../tests/e2e/practice.spec.ts:159:1 › two pages keep their durable local candidates and closing an unsynced practice requires explicit retention (16.7s)
2026-09-28T02:13:22.9343942Z   ✓   51 ../../tests/e2e/provider-settings.spec.ts:53:1 › real settings persist control configuration and temporary secrets without claiming production generation (7.9s)
2026-09-28T02:13:34.2102988Z   ✓   52 ../../tests/e2e/provider-settings.spec.ts:84:1 › real config lost ACK restores the original command after browser/API restart and reads later current state separately (11.3s)
2026-09-28T02:13:46.2241575Z   ✓   53 ../../tests/e2e/provider-settings.spec.ts:112:1 › actual independent assessment policy keeps settings controls available and denies subject consent reads (12.0s)
2026-09-28T02:13:52.3254193Z   ✓   54 ../../tests/e2e/provider-settings.spec.ts:142:41 › secret controls use an actual newer readback while the parent refresh is held; peer change false (6.1s)
2026-09-28T02:13:58.6750485Z   ✓   55 ../../tests/e2e/provider-settings.spec.ts:142:41 › secret controls use an actual newer readback while the parent refresh is held; peer change true (6.3s)
2026-09-28T02:14:13.0200364Z   ✓   56 ../../tests/e2e/reader-conflict-layout.spec.ts:97:1 › real session conflict preserves the scrolled submitted explanation and requires an explicit comparison choice (14.3s)
2026-09-28T02:14:24.4433915Z   ✓   57 ../../tests/e2e/reader-conflict-layout.spec.ts:178:1 › real session conflict keeps the same enabled assessment input focused and visible in the shortened reader (11.4s)
2026-09-28T02:14:41.1763877Z   ✓   58 ../../tests/e2e/reader-restart.spec.ts:13:1 › actual browser close and API process restart retain imported references, notes, progress and Reader position (16.7s)
2026-09-28T02:14:49.7189197Z   ✓   59 ../../tests/e2e/reader.spec.ts:33:1 › real imported directory, title search, worked-example link, long formula and frozen original download (8.5s)
2026-09-28T02:14:58.1308676Z   ✓   60 ../../tests/e2e/reader.spec.ts:67:1 › second repeated rendered selection preserves exact source codepoints, saves note, edits and soft deletes (8.4s)
2026-09-28T02:15:06.5642031Z   ✓   61 ../../tests/e2e/reader.spec.ts:98:1 › native source keyboard selection creates exact Markdown codepoints without rendered-text guessing (8.4s)
2026-09-28T02:15:19.3568400Z   ✓   62 ../../tests/e2e/reader.spec.ts:123:1 › offline local note recovery and a real concurrent server revision show three-way comparison before CAS save (12.8s)
2026-09-28T02:15:31.7691231Z   ✓   63 ../../tests/e2e/reader.spec.ts:171:1 › historical course revisions stay in separate exact tabs and hash-mismatched links preserve unresolved reference (12.4s)
2026-09-28T02:15:45.2872397Z 
2026-09-28T02:15:45.2874384Z   ✓   64 ../../tests/e2e/reader.spec.ts:209:1 › a private original authorized before a cross-profile role decrease cannot trigger a late browser download (13.5s)
2026-09-28T02:16:01.6754693Z   ✓   65 ../../tests/e2e/recommendations.spec.ts:56:1 › real recommendation decisions recover a lost ACK across browser and API restart without rewriting later decisions or learning facts (16.3s)
2026-09-28T02:16:15.7230963Z   ✓   66 ../../tests/e2e/recommendations.spec.ts:90:1 › real local suggestions cover another imported textbook and open its complete original refs independently of acceptance (14.0s)
2026-09-28T02:16:29.9888165Z   ✓   67 ../../tests/e2e/recommendations.spec.ts:110:1 › real offline and stale decision candidates require explicit 412 correction and current independent policy hides delayed subject sources (14.3s)
2026-09-28T02:16:42.4345373Z   ✓   68 ../../tests/e2e/recommendations.spec.ts:151:1 › a controlled archived fixture makes the real historical recommendation stale and its formerly current UI cannot open the old target (12.4s)
2026-09-28T02:16:53.7646845Z   ✓   69 ../../tests/e2e/responsive-layout.spec.ts:43:1 › narrow layout and submitted explanation remain visible before React resize listeners run (11.3s)
2026-09-28T02:17:25.0183880Z   ✓   70 ../../tests/e2e/retrieval.spec.ts:47:1 › real explicit cold scope, original rebuild Job, complete hits/no match/resource omission and unchanged historical scope (31.2s)
2026-09-28T02:17:46.2978233Z   ✓   71 ../../tests/e2e/review.spec.ts:35:1 › real history and exact material review preserve original submitted text, null scores and a selected old revision after reload (21.3s)
2026-09-28T02:18:03.2121991Z   ✓   72 ../../tests/e2e/review.spec.ts:76:1 › a delayed old review response cannot restore history or academic context after another page starts a real independent attempt (16.9s)
2026-09-28T02:18:08.2681716Z   ✓   73 ../../tests/e2e/route-draft-input.spec.ts:9:60 › native route goal input survives its own initial draft save_first delivery after focus (5.0s)
2026-09-28T02:18:13.4443210Z   ✓   74 ../../tests/e2e/route-draft-input.spec.ts:9:60 › native route goal input survives its own initial draft load_first delivery after focus (5.2s)
2026-09-28T02:18:23.3941478Z   ✓   75 ../../tests/e2e/routes.spec.ts:10:1 › real route creation, reminder, manual false, reordered revision and exact target navigation preserve history (9.9s)
2026-09-28T02:18:29.1837690Z   ✓   76 ../../tests/e2e/tutor-diagnostic.spec.ts:5:1 › diagnostic retains the original five-second failure and a completed peer read without collecting private text (5.8s)
2026-09-28T02:18:29.5684974Z   ✓   77 ../../tests/e2e/tutor-diagnostic.spec.ts:33:1 › diagnostic closes metadata, freezes delivered ordinals and leaves missing observations unknown (364ms)
2026-09-28T02:18:43.4947305Z   ✓   78 ../../tests/e2e/tutor.spec.ts:19:1 › real Tutor thread and prepared Run recover, diagnose missing proof and cancel without a model call (13.9s)
2026-09-28T02:19:04.8070523Z   ✓   79 ../../tests/e2e/tutor.spec.ts:78:1 › lost Run ACK replays original bytes and cross-page open-book hides academic content while retaining cancellation (21.3s)
2026-09-28T02:19:23.7826504Z   ✘   80 ../../tests/e2e/tutor.spec.ts:148:1 › explicit same-Run consent uses the real loopback protocol and restores raw answer without upgrading evidence (18.9s)
2026-09-28T02:19:31.4892428Z   ✓   81 ../../tests/e2e/workbench-initial-recovery.spec.ts:6:3 › initial workbench recovery keeps the saved lesson and waits for the real session at 1440px (6.9s)
2026-09-28T02:19:38.1152516Z   ✓   82 ../../tests/e2e/workbench-initial-recovery.spec.ts:6:3 › initial workbench recovery keeps the saved lesson and waits for the real session at 390px (6.6s)
2026-09-28T02:19:41.0688025Z   ✓   83 ../../tests/e2e/workbench.spec.ts:5:1 › empty workspace, native bootstrap, four fixed navigation and truthful auxiliary states (2.9s)
2026-09-28T02:19:45.7748326Z   ✓   84 ../../tests/e2e/workbench.spec.ts:22:1 › real keyboard and mouse resize, native drawers, focus return and restored layout (4.7s)
2026-09-28T02:19:51.2457889Z   ✓   85 ../../tests/e2e/workbench.spec.ts:43:1 › object drafts survive preview switches, close choice and browser reload without fake sending (5.5s)
2026-09-28T02:20:00.6677468Z   ✓   86 ../../tests/e2e/workbench.spec.ts:60:1 › server CAS conflict is visible, local object drafts survive and explicit readback recovers (9.4s)
2026-09-28T02:20:06.4338132Z   ✓   87 ../../tests/e2e/workbench.spec.ts:73:1 › offline pending UI is restored after actual connection recovery (5.7s)
2026-09-28T02:20:10.4836276Z   ✓   88 ../../tests/e2e/workbench.spec.ts:85:1 › actual MathJax, no runtime errors, long formula local scrolling, all screenshot sizes (4.0s)
2026-09-28T02:20:18.8695720Z   ✓   89 ../../tests/e2e/workbench.spec.ts:112:1 › two browser pages keep drafts for different objects in native IndexedDB (8.4s)
2026-09-28T02:20:23.0078505Z   ✓   90 ../../tests/e2e/workbench.spec.ts:130:1 › exact reference mismatch stays unresolved and preserves the original snapshot (4.1s)
2026-09-28T02:20:29.4047806Z   ✓   91 ../../tests/e2e/workbench.spec.ts:147:1 › cold lazy renderer restores saved reading offset after the content is ready (6.4s)
2026-09-28T02:20:38.9568801Z   ✓   92 ../../tests/e2e/workbench.spec.ts:167:1 › native concurrent same-object transactions preserve both candidates and expose explicit recovery (9.5s)
2026-09-28T02:20:44.0293228Z   ✓   93 ../../tests/e2e/workbench.spec.ts:200:1 › directory history restores the current course and navigation entry (5.1s)
2026-09-28T02:20:48.4948803Z   ✓   94 ../../tests/e2e/workbench.spec.ts:212:1 › UI cache quota failure stays visibly unsaved until the real server acknowledges (4.5s)
2026-09-28T02:20:53.1578328Z   ✓   95 ../../tests/e2e/workbench.spec.ts:229:1 › offline UI candidates from two pages remain separate on reload (4.6s)
2026-09-28T02:21:00.4413106Z   ✓   96 ../../tests/e2e/workbench.spec.ts:250:1 › quota-only memory candidate with a changed server baseline shows three-way comparison before explicit CAS (7.2s)
2026-09-28T02:21:07.1877296Z   ✓   97 ../../tests/e2e/workbench.spec.ts:283:1 › per-object details and focus survive A to B to A and browser reload after lazy content readiness (6.7s)
2026-09-28T02:21:11.9482791Z   ✓   98 ../../tests/e2e/workbench.spec.ts:302:1 › first unsent-draft conflict shows original, local and stored text before any reload or choice (4.7s)
2026-09-28T02:21:18.0885278Z   ✓   99 ../../tests/e2e/workbench.spec.ts:332:1 › route directory stays honestly empty and continue reading restores the exact last lesson (6.1s)
2026-09-28T02:21:22.8356273Z   ✓  100 ../../tests/e2e/workbench.spec.ts:354:1 › native keyboard selection updates frozen-reference preview and ambiguous source matches are refused (4.7s)
2026-09-28T02:21:29.8548901Z   ✓  101 ../../tests/e2e/zoom.spec.ts:5:1 › real browser 200 percent zoom reflows CSS width through Chrome appearance setting (7.0s)
2026-09-28T02:21:30.0080748Z 
2026-09-28T02:21:30.0089219Z 
2026-09-28T02:21:30.0100328Z   1) ../../tests/e2e/authoring-groups.spec.ts:294:1 › native practice group replays its lost prepare ACK with one key and clears explicitly read private answers after permission changes 
2026-09-28T02:21:30.0101510Z 
2026-09-28T02:21:30.0101782Z     TimeoutError: locator.click: Timeout 10000ms exceeded.
2026-09-28T02:21:30.0102214Z     Call log:
2026-09-28T02:21:30.0103322Z       - waiting for getByRole('dialog', { name: '创作', exact: true }).getByRole('button', { name: '读取创作详情 authoring_b50fbd4b80424e36a296c2deb3fbcc9b', exact: true })
2026-09-28T02:21:30.0105059Z 
2026-09-28T02:21:30.0105067Z 
2026-09-28T02:21:30.0105726Z       46 | async function readPrepared(page: Page, dialog: Locator, ack: JobRef) {
2026-09-28T02:21:30.0106494Z       47 |   expect(ack.status).toBe('awaiting_approval')
2026-09-28T02:21:30.0107715Z     > 48 |   await dialog.getByRole('button', { name: `读取创作详情 ${ack.id}`, exact: true }).click()
2026-09-28T02:21:30.0108815Z          |                                                                               ^
2026-09-28T02:21:30.0110342Z       49 |   await expect(dialog.getByRole('region', { name: '受保护创作详情', exact: true })).toBeVisible()
2026-09-28T02:21:30.0111887Z       50 |   const result: AuthoringGroupJobView = await page.request.get(`/api/v1/authoring/jobs/${ack.id}`).then(value => value.json())
2026-09-28T02:21:30.0112976Z       51 |   expect(result.variant).toBe('group'); expect(result.request.source_refs).toEqual([])
2026-09-28T02:21:30.0114358Z         at readPrepared (<CI_HOME>/work/Learning_Workbench/Learning_Workbench/tests/e2e/authoring-groups.spec.ts:48:79)
2026-09-28T02:21:30.0115988Z         at <CI_HOME>/work/Learning_Workbench/Learning_Workbench/tests/e2e/authoring-groups.spec.ts:322:28
2026-09-28T02:21:30.0116633Z 
2026-09-28T02:21:30.0117460Z     attachment #1: screenshot (image/png) ──────────────────────────────────────────────────────────
2026-09-28T02:21:30.0118708Z     ../../../../_temp/learning-workbench-e2e-results/authoring-groups-native-pr-d6a94-rs-after-permission-changes/test-failed-1.png
2026-09-28T02:21:30.0119718Z     ────────────────────────────────────────────────────────────────────────────────────────────────
2026-09-28T02:21:30.0120238Z 
2026-09-28T02:21:30.0121011Z     Error Context: ../../../../_temp/learning-workbench-e2e-results/authoring-groups-native-pr-d6a94-rs-after-permission-changes/error-context.md
2026-09-28T02:21:30.0121616Z 
2026-09-28T02:21:30.0122305Z   2) ../../tests/e2e/tutor.spec.ts:148:1 › explicit same-Run consent uses the real loopback protocol and restores raw answer without upgrading evidence 
2026-09-28T02:21:30.0122835Z 
2026-09-28T02:21:30.0122994Z     Error: expect(locator).toBeVisible() failed
2026-09-28T02:21:30.0123205Z 
2026-09-28T02:21:30.0124032Z     Locator: getByRole('region', { name: '真实问答线程与任务', exact: true }).getByRole('heading', { name: '真实任务状态：completed', exact: true })
2026-09-28T02:21:30.0124579Z     Expected: visible
2026-09-28T02:21:30.0124805Z     Timeout: 5000ms
2026-09-28T02:21:30.0125045Z     Error: element(s) not found
2026-09-28T02:21:30.0126046Z 
2026-09-28T02:21:30.0126188Z     Call log:
2026-09-28T02:21:30.0127082Z       - Expect "toBeVisible" getByRole('region', { name: '真实问答线程与任务', exact: true }).getByRole('heading', { name: '真实任务状态：completed', exact: true }) with timeout 5000ms
2026-09-28T02:21:30.0128187Z       - waiting for getByRole('region', { name: '真实问答线程与任务', exact: true }).getByRole('heading', { name: '真实任务状态：completed', exact: true })
2026-09-28T02:21:30.0128667Z 
2026-09-28T02:21:30.0128673Z 
2026-09-28T02:21:30.0129046Z       193 |     await tutor.getByRole('button', { name: '确认发送批准授权', exact: true }).click()
2026-09-28T02:21:30.0129543Z       194 |     await diagnostic.around(info, async () => {
2026-09-28T02:21:30.0130226Z     > 195 |       await expect(tutor.getByRole('heading', { name: '真实任务状态：completed', exact: true })).toBeVisible()
2026-09-28T02:21:30.0131063Z           |                                                                                           ^
2026-09-28T02:21:30.0131717Z       196 |     })
2026-09-28T02:21:30.0132763Z       197 |     const complete: TutorRunView = await page.request.get(`/api/v1/runs/${ack.run.id}`).then(value => value.json())
2026-09-28T02:21:30.0134202Z       198 |     expect(complete.run.id).toBe(ack.run.id); expect(complete.run.thread_id).toBe(thread.id)
2026-09-28T02:21:30.0135795Z         at assertion (<CI_HOME>/work/Learning_Workbench/Learning_Workbench/tests/e2e/tutor.spec.ts:195:91)
2026-09-28T02:21:30.0137560Z         at Object.around (<CI_HOME>/work/Learning_Workbench/Learning_Workbench/tests/e2e/tutorDiagnostic.ts:182:19)
2026-09-28T02:21:30.0138880Z         at <CI_HOME>/work/Learning_Workbench/Learning_Workbench/tests/e2e/tutor.spec.ts:194:22
2026-09-28T02:21:30.0139488Z 
2026-09-28T02:21:30.0140312Z     attachment #1: tutor-completion-diagnostic (application/json) ──────────────────────────────────
2026-09-28T02:21:30.0142432Z     ../../../../_temp/learning-workbench-e2e-results/tutor-explicit-same-Run-co-e37c7--without-upgrading-evidence/attachments/tutor-completion-diagnostic-8802754c8102e8746b82007836a5b96c1ecaac4c.json
2026-09-28T02:21:30.0144517Z     ────────────────────────────────────────────────────────────────────────────────────────────────
2026-09-28T02:21:30.0144844Z 
2026-09-28T02:21:30.0145296Z     attachment #2: screenshot (image/png) ──────────────────────────────────────────────────────────
2026-09-28T02:21:30.0146567Z     ../../../../_temp/learning-workbench-e2e-results/tutor-explicit-same-Run-co-e37c7--without-upgrading-evidence/test-failed-1.png
2026-09-28T02:21:30.0147477Z     ────────────────────────────────────────────────────────────────────────────────────────────────
2026-09-28T02:21:30.0147761Z 
2026-09-28T02:21:30.0148331Z     Error Context: ../../../../_temp/learning-workbench-e2e-results/tutor-explicit-same-Run-co-e37c7--without-upgrading-evidence/error-context.md
2026-09-28T02:21:30.0148910Z 
2026-09-28T02:21:30.0148991Z   2 failed
2026-09-28T02:21:30.0152113Z     ../../tests/e2e/authoring-groups.spec.ts:294:1 › native practice group replays its lost prepare ACK with one key and clears explicitly read private answers after permission changes 
2026-09-28T02:21:30.0154279Z     ../../tests/e2e/tutor.spec.ts:148:1 › explicit same-Run consent uses the real loopback protocol and restores raw answer without upgrading evidence 
2026-09-28T02:21:30.0155320Z   99 passed (18.8m)
2026-09-28T02:21:30.0651229Z make: *** [Makefile:32: test-e2e] Error 1
2026-09-28T02:21:30.0671525Z ##[error]Process completed with exit code 2.
2026-09-28T02:21:30.0757453Z ##[group]Run actions/upload-artifact@043fb46d1a93c77aae656e7c1c64a875d1fc6a0a
2026-09-28T02:21:30.0757909Z with:
2026-09-28T02:21:30.0758169Z   name: browser-failure-pull_request-36368226913-1
2026-09-28T02:21:30.0759565Z   path: <CI_HOME>/work/_temp/learning-workbench-e2e-results/**/error-context.md
<CI_HOME>/work/_temp/learning-workbench-e2e-results/**/test-failed*.png
<CI_HOME>/work/_temp/learning-workbench-e2e-results/**/reader-load-diagnostic.json
<CI_HOME>/work/_temp/learning-workbench-e2e-results/**/tutor-completion-diagnostic.json

2026-09-28T02:21:30.0760898Z   retention-days: 3
2026-09-28T02:21:30.0761117Z   if-no-files-found: warn
2026-09-28T02:21:30.0761354Z   include-hidden-files: false
2026-09-28T02:21:30.0761599Z   compression-level: 6
2026-09-28T02:21:30.0761810Z   overwrite: false
2026-09-28T02:21:30.0762005Z   archive: true
2026-09-28T02:21:30.0762398Z env:
2026-09-28T02:21:30.0762655Z   pythonLocation: /opt/hostedtoolcache/Python/3.12.13/x64
2026-09-28T02:21:30.0763130Z   PKG_CONFIG_PATH: /opt/hostedtoolcache/Python/3.12.13/x64/lib/pkgconfig
2026-09-28T02:21:30.0763583Z   Python_ROOT_DIR: /opt/hostedtoolcache/Python/3.12.13/x64
2026-09-28T02:21:30.0763960Z   Python2_ROOT_DIR: /opt/hostedtoolcache/Python/3.12.13/x64
2026-09-28T02:21:30.0764444Z   Python3_ROOT_DIR: /opt/hostedtoolcache/Python/3.12.13/x64
2026-09-28T02:21:30.0764862Z   LD_LIBRARY_PATH: /opt/hostedtoolcache/Python/3.12.13/x64/lib
2026-09-28T02:21:30.0765187Z ##[endgroup]
2026-09-28T02:21:30.2849344Z With the provided path, there will be 7 files uploaded
2026-09-28T02:21:30.2850671Z Artifact name is valid!
2026-09-28T02:21:30.2851777Z Root directory input is valid!
2026-09-28T02:21:30.5082500Z Uploading artifact: browser-failure-pull_request-36368226913-1.zip
2026-09-28T02:21:30.5126652Z Beginning upload of artifact content to blob storage
2026-09-28T02:21:30.7856535Z Uploaded bytes 471990
2026-09-28T02:21:30.8163885Z Finished uploading artifact content to blob storage!
2026-09-28T02:21:30.8165391Z SHA256 digest of uploaded artifact is b3d6909d7de4ff0fa6642a9ef26ab0527ae257da95d4aa8e36cda8d89143c4dc
2026-09-28T02:21:30.8166856Z Finalizing artifact upload
2026-09-28T02:21:31.0657387Z Artifact browser-failure-pull_request-36368226913-1 successfully finalized. Artifact ID 10949016412
2026-09-28T02:21:31.0659834Z Artifact browser-failure-pull_request-36368226913-1 has been successfully uploaded! Final size is 471990 bytes. Artifact ID is 10949016412
2026-09-28T02:21:31.0662202Z Artifact download URL: https://github.com/kl3574/Learning_Workbench/actions/runs/36368226913/artifacts/10949016412
2026-09-28T02:21:31.0880532Z Post job cleanup.
2026-09-28T02:21:31.1816638Z [command]/usr/bin/git version
2026-09-28T02:21:31.1866181Z git version 2.55.0
2026-09-28T02:21:31.1942347Z Temporarily overriding HOME='<CI_HOME>/work/_temp/60ce81cc-ced6-47e0-b8d2-23a4281057d4' before making global git config changes
2026-09-28T02:21:31.1944057Z Adding repository directory to the temporary git global config as a safe directory
2026-09-28T02:21:31.1949120Z [command]/usr/bin/git config --global --add safe.directory <CI_HOME>/work/Learning_Workbench/Learning_Workbench
2026-09-28T02:21:31.2004573Z Removing SSH command configuration
2026-09-28T02:21:31.2014841Z [command]/usr/bin/git config --local --name-only --get-regexp core\.sshCommand
2026-09-28T02:21:31.2068757Z [command]/usr/bin/git submodule foreach --recursive sh -c "git config --local --name-only --get-regexp 'core\.sshCommand' && git config --local --unset-all 'core.sshCommand' || :"
2026-09-28T02:21:31.2429302Z Removing HTTP extra header
2026-09-28T02:21:31.2438414Z [command]/usr/bin/git config --local --name-only --get-regexp http\.https\:\/\/github\.com\/\.extraheader
2026-09-28T02:21:31.2487666Z [command]/usr/bin/git submodule foreach --recursive sh -c "git config --local --name-only --get-regexp 'http\.https\:\/\/github\.com\/\.extraheader' && git config --local --unset-all 'http.https://github.com/.extraheader' || :"
2026-09-28T02:21:31.2842051Z Removing includeIf entries pointing to credentials config files
2026-09-28T02:21:31.2849643Z [command]/usr/bin/git config --local --name-only --get-regexp ^includeIf\.gitdir:
2026-09-28T02:21:31.2882410Z includeif.gitdir:<CI_HOME>/work/Learning_Workbench/Learning_Workbench/.git.path
2026-09-28T02:21:31.2883393Z includeif.gitdir:<CI_HOME>/work/Learning_Workbench/Learning_Workbench/.git/worktrees/*.path
2026-09-28T02:21:31.2883977Z includeif.gitdir:/github/workspace/.git.path
2026-09-28T02:21:31.2884435Z includeif.gitdir:/github/workspace/.git/worktrees/*.path
2026-09-28T02:21:31.2896905Z [command]/usr/bin/git config --local --get-all includeif.gitdir:<CI_HOME>/work/Learning_Workbench/Learning_Workbench/.git.path
2026-09-28T02:21:31.2928817Z <CI_HOME>/work/_temp/git-credentials-2f075642-f953-456f-a9cf-44f160901434.config
2026-09-28T02:21:31.2941782Z [command]/usr/bin/git config --local --unset includeif.gitdir:<CI_HOME>/work/Learning_Workbench/Learning_Workbench/.git.path \/home\/runner\/work\/_temp\/git\-credentials\-2f075642\-f953\-456f\-a9cf\-44f160901434\.config
2026-09-28T02:21:31.2988843Z [command]/usr/bin/git config --local --get-all includeif.gitdir:<CI_HOME>/work/Learning_Workbench/Learning_Workbench/.git/worktrees/*.path
2026-09-28T02:21:31.3027340Z <CI_HOME>/work/_temp/git-credentials-2f075642-f953-456f-a9cf-44f160901434.config
2026-09-28T02:21:31.3037001Z [command]/usr/bin/git config --local --unset includeif.gitdir:<CI_HOME>/work/Learning_Workbench/Learning_Workbench/.git/worktrees/*.path \/home\/runner\/work\/_temp\/git\-credentials\-2f075642\-f953\-456f\-a9cf\-44f160901434\.config
2026-09-28T02:21:31.3078103Z [command]/usr/bin/git config --local --get-all includeif.gitdir:/github/workspace/.git.path
2026-09-28T02:21:31.3106889Z /github/runner_temp/git-credentials-2f075642-f953-456f-a9cf-44f160901434.config
2026-09-28T02:21:31.3116730Z [command]/usr/bin/git config --local --unset includeif.gitdir:/github/workspace/.git.path \/github\/runner_temp\/git\-credentials\-2f075642\-f953\-456f\-a9cf\-44f160901434\.config
2026-09-28T02:21:31.3155914Z [command]/usr/bin/git config --local --get-all includeif.gitdir:/github/workspace/.git/worktrees/*.path
2026-09-28T02:21:31.3186733Z /github/runner_temp/git-credentials-2f075642-f953-456f-a9cf-44f160901434.config
2026-09-28T02:21:31.3214246Z [command]/usr/bin/git config --local --unset includeif.gitdir:/github/workspace/.git/worktrees/*.path \/github\/runner_temp\/git\-credentials\-2f075642\-f953\-456f\-a9cf\-44f160901434\.config
2026-09-28T02:21:31.3254680Z [command]/usr/bin/git submodule foreach --recursive git config --local --show-origin --name-only --get-regexp remote.origin.url
2026-09-28T02:21:31.3577703Z Removing credentials config '<CI_HOME>/work/_temp/git-credentials-2f075642-f953-456f-a9cf-44f160901434.config'
2026-09-28T02:21:31.3737932Z Cleaning up orphan processes
