2026-09-28T02:01:50.6313082Z Current runner version: '2.337.0'
2026-09-28T02:01:50.6338562Z ##[group]Runner Image Provisioner
2026-09-28T02:01:50.6339508Z Hosted Compute Agent
2026-09-28T02:01:50.6340135Z Version: 20260828.587
2026-09-28T02:01:50.6340800Z Commit: abac92662cab4cc7352de4f9f9d2e2419aad9c29
2026-09-28T02:01:50.6341652Z Build Date: 2026-08-28T16:44:25Z
2026-09-28T02:01:50.6342400Z Worker ID: {a53f25d8-7f12-4674-801f-d7a3ade06877}
2026-09-28T02:01:50.6343165Z Azure Region: westus
2026-09-28T02:01:50.6343753Z ##[endgroup]
2026-09-28T02:01:50.6345206Z ##[group]Operating System
2026-09-28T02:01:50.6345976Z Ubuntu
2026-09-28T02:01:50.6346518Z 24.04.5
2026-09-28T02:01:50.6347056Z LTS
2026-09-28T02:01:50.6348037Z ##[endgroup]
2026-09-28T02:01:50.6348613Z ##[group]Runner Image
2026-09-28T02:01:50.6349355Z Image: ubuntu-24.04
2026-09-28T02:01:50.6349945Z Version: 20260920.314.1
2026-09-28T02:01:50.6351259Z Included Software: https://github.com/actions/runner-images/blob/ubuntu24/20260920.314/images/ubuntu/Ubuntu2404-Readme.md
2026-09-28T02:01:50.6352846Z Image Release: https://github.com/actions/runner-images/releases/tag/ubuntu24%2F20260920.314
2026-09-28T02:01:50.6353922Z ##[endgroup]
2026-09-28T02:01:50.6355006Z ##[group]GITHUB_TOKEN Permissions
2026-09-28T02:01:50.6357422Z Contents: read
2026-09-28T02:01:50.6358071Z Metadata: read
2026-09-28T02:01:50.6358663Z ##[endgroup]
2026-09-28T02:01:50.6360778Z Secret source: Actions
2026-09-28T02:01:50.6361800Z Cache mode: write
2026-09-28T02:01:50.6362604Z Prepare workflow directory
2026-09-28T02:01:50.6698605Z Prepare all required actions
2026-09-28T02:01:50.6748051Z Getting action download info
2026-09-28T02:01:51.0513869Z Download action repository 'actions/checkout@3d3c42e5aac5ba805825da76410c181273ba90b1' (SHA:3d3c42e5aac5ba805825da76410c181273ba90b1)
2026-09-28T02:01:51.1618398Z Download action repository 'actions/setup-python@5fda3b95a4ea91299a34e894583c3862153e4b97' (SHA:5fda3b95a4ea91299a34e894583c3862153e4b97)
2026-09-28T02:01:51.2833786Z Download action repository 'actions/setup-node@820762786026740c76f36085b0efc47a31fe5020' (SHA:820762786026740c76f36085b0efc47a31fe5020)
2026-09-28T02:01:51.4763034Z Complete job name: spec-contracts
2026-09-28T02:01:51.5636584Z ##[group]Run actions/checkout@3d3c42e5aac5ba805825da76410c181273ba90b1
2026-09-28T02:01:51.5638002Z with:
2026-09-28T02:01:51.5638472Z   repository: kl3574/Learning_Workbench
2026-09-28T02:01:51.5642118Z   token: ***
2026-09-28T02:01:51.5642541Z   ssh-strict: true
2026-09-28T02:01:51.5642970Z   ssh-user: git
2026-09-28T02:01:51.5643408Z   persist-credentials: true
2026-09-28T02:01:51.5643895Z   clean: true
2026-09-28T02:01:51.5644333Z   sparse-checkout-cone-mode: true
2026-09-28T02:01:51.5644849Z   fetch-depth: 1
2026-09-28T02:01:51.5645271Z   fetch-tags: false
2026-09-28T02:01:51.5645711Z   show-progress: true
2026-09-28T02:01:51.5646154Z   lfs: false
2026-09-28T02:01:51.5646560Z   submodules: false
2026-09-28T02:01:51.5647007Z   set-safe-directory: true
2026-09-28T02:01:51.5647681Z   allow-unsafe-pr-checkout: false
2026-09-28T02:01:51.5648467Z ##[endgroup]
2026-09-28T02:01:51.6629914Z Syncing repository: kl3574/Learning_Workbench
2026-09-28T02:01:51.6632663Z ##[group]Getting Git version info
2026-09-28T02:01:51.6633976Z Working directory is '<CI_HOME>/work/Learning_Workbench/Learning_Workbench'
2026-09-28T02:01:51.6635858Z [command]/usr/bin/git version
2026-09-28T02:01:51.6702144Z git version 2.55.0
2026-09-28T02:01:51.6725152Z ##[endgroup]
2026-09-28T02:01:51.6737308Z Temporarily overriding HOME='<CI_HOME>/work/_temp/94c28c49-2e43-42bb-9541-0e9872ab1849' before making global git config changes
2026-09-28T02:01:51.6739781Z Adding repository directory to the temporary git global config as a safe directory
2026-09-28T02:01:51.6743814Z [command]/usr/bin/git config --global --add safe.directory <CI_HOME>/work/Learning_Workbench/Learning_Workbench
2026-09-28T02:01:51.6800064Z Deleting the contents of '<CI_HOME>/work/Learning_Workbench/Learning_Workbench'
2026-09-28T02:01:51.6804046Z ##[group]Determining repository object format
2026-09-28T02:01:51.6805521Z ##[endgroup]
2026-09-28T02:01:51.6806284Z ##[group]Initializing the repository
2026-09-28T02:01:51.6811308Z [command]/usr/bin/git init <CI_HOME>/work/Learning_Workbench/Learning_Workbench
2026-09-28T02:01:51.6916956Z hint: Using 'master' as the name for the initial branch. This default branch name
2026-09-28T02:01:51.6930960Z hint: will change to "main" in Git 3.0. To configure the initial branch name
2026-09-28T02:01:51.6932739Z hint: to use in all of your new repositories, which will suppress this warning,
2026-09-28T02:01:51.6934128Z hint: call:
2026-09-28T02:01:51.6934886Z hint:
2026-09-28T02:01:51.6935717Z hint: 	git config --global init.defaultBranch <name>
2026-09-28T02:01:51.6936792Z hint:
2026-09-28T02:01:51.6938039Z hint: Names commonly chosen instead of 'master' are 'main', 'trunk' and
2026-09-28T02:01:51.6939729Z hint: 'development'. The just-created branch can be renamed via this command:
2026-09-28T02:01:51.6941034Z hint:
2026-09-28T02:01:51.6941711Z hint: 	git branch -m <name>
2026-09-28T02:01:51.6942527Z hint:
2026-09-28T02:01:51.6943693Z hint: Disable this message with "git config set advice.defaultBranchName false"
2026-09-28T02:01:51.6945625Z Initialized empty Git repository in <CI_HOME>/work/Learning_Workbench/Learning_Workbench/.git/
2026-09-28T02:01:51.6961016Z [command]/usr/bin/git remote add origin https://github.com/kl3574/Learning_Workbench
2026-09-28T02:01:51.7011329Z ##[endgroup]
2026-09-28T02:01:51.7012667Z ##[group]Disabling automatic garbage collection
2026-09-28T02:01:51.7015306Z [command]/usr/bin/git config --local gc.auto 0
2026-09-28T02:01:51.7074312Z ##[endgroup]
2026-09-28T02:01:51.7076020Z ##[group]Setting up auth
2026-09-28T02:01:51.7077556Z Removing SSH command configuration
2026-09-28T02:01:51.7082859Z [command]/usr/bin/git config --local --name-only --get-regexp core\.sshCommand
2026-09-28T02:01:51.7129806Z [command]/usr/bin/git submodule foreach --recursive sh -c "git config --local --name-only --get-regexp 'core\.sshCommand' && git config --local --unset-all 'core.sshCommand' || :"
2026-09-28T02:01:51.7594731Z Removing HTTP extra header
2026-09-28T02:01:51.7599122Z [command]/usr/bin/git config --local --name-only --get-regexp http\.https\:\/\/github\.com\/\.extraheader
2026-09-28T02:01:51.7623555Z [command]/usr/bin/git submodule foreach --recursive sh -c "git config --local --name-only --get-regexp 'http\.https\:\/\/github\.com\/\.extraheader' && git config --local --unset-all 'http.https://github.com/.extraheader' || :"
2026-09-28T02:01:51.7852875Z Removing includeIf entries pointing to credentials config files
2026-09-28T02:01:51.7858906Z [command]/usr/bin/git config --local --name-only --get-regexp ^includeIf\.gitdir:
2026-09-28T02:01:51.7895979Z [command]/usr/bin/git submodule foreach --recursive git config --local --show-origin --name-only --get-regexp remote.origin.url
2026-09-28T02:01:51.8126011Z [command]/usr/bin/git config --file <CI_HOME>/work/_temp/git-credentials-a5c175ec-e11a-498d-93f2-a9d9117ed3da.config http.https://github.com/.extraheader AUTHORIZATION: basic ***
2026-09-28T02:01:51.8167985Z [command]/usr/bin/git config --local includeIf.gitdir:<CI_HOME>/work/Learning_Workbench/Learning_Workbench/.git.path <CI_HOME>/work/_temp/git-credentials-a5c175ec-e11a-498d-93f2-a9d9117ed3da.config
2026-09-28T02:01:51.8204089Z [command]/usr/bin/git config --local includeIf.gitdir:<CI_HOME>/work/Learning_Workbench/Learning_Workbench/.git/worktrees/*.path <CI_HOME>/work/_temp/git-credentials-a5c175ec-e11a-498d-93f2-a9d9117ed3da.config
2026-09-28T02:01:51.8240397Z [command]/usr/bin/git config --local includeIf.gitdir:/github/workspace/.git.path /github/runner_temp/git-credentials-a5c175ec-e11a-498d-93f2-a9d9117ed3da.config
2026-09-28T02:01:51.8275855Z [command]/usr/bin/git config --local includeIf.gitdir:/github/workspace/.git/worktrees/*.path /github/runner_temp/git-credentials-a5c175ec-e11a-498d-93f2-a9d9117ed3da.config
2026-09-28T02:01:51.8308189Z ##[endgroup]
2026-09-28T02:01:51.8308970Z ##[group]Fetching the repository
2026-09-28T02:01:51.8314584Z [command]/usr/bin/git -c protocol.version=2 fetch --no-tags --prune --no-recurse-submodules --depth=1 origin +f74cd7a8f81a8b51abf06ae12fb62a51da3bb99d:refs/remotes/pull/55/merge
2026-09-28T02:01:55.9292492Z From https://github.com/kl3574/Learning_Workbench
2026-09-28T02:01:55.9293960Z  * [new ref]         f74cd7a8f81a8b51abf06ae12fb62a51da3bb99d -> pull/55/merge
2026-09-28T02:01:55.9297336Z ##[endgroup]
2026-09-28T02:01:55.9298724Z ##[group]Determining the checkout info
2026-09-28T02:01:55.9299753Z ##[endgroup]
2026-09-28T02:01:55.9304539Z [command]/usr/bin/git sparse-checkout disable
2026-09-28T02:01:55.9368186Z [command]/usr/bin/git config --local --unset-all extensions.worktreeConfig
2026-09-28T02:01:55.9408620Z ##[group]Checking out the ref
2026-09-28T02:01:55.9412513Z [command]/usr/bin/git checkout --progress --force refs/remotes/pull/55/merge
2026-09-28T02:01:56.9817588Z Updating files:  86% (9895/11460)
2026-09-28T02:01:56.9841746Z Updating files:  87% (9971/11460)
2026-09-28T02:01:56.9946346Z Updating files:  88% (10085/11460)
2026-09-28T02:01:57.0113313Z Updating files:  89% (10200/11460)
2026-09-28T02:01:57.0228893Z Updating files:  90% (10314/11460)
2026-09-28T02:01:57.0368593Z Updating files:  91% (10429/11460)
2026-09-28T02:01:57.0463199Z Updating files:  92% (10544/11460)
2026-09-28T02:01:57.0560325Z Updating files:  93% (10658/11460)
2026-09-28T02:01:57.0675288Z Updating files:  94% (10773/11460)
2026-09-28T02:01:57.0776052Z Updating files:  95% (10887/11460)
2026-09-28T02:01:57.0838238Z Updating files:  96% (11002/11460)
2026-09-28T02:01:57.0905420Z Updating files:  97% (11117/11460)
2026-09-28T02:01:57.0976724Z Updating files:  98% (11231/11460)
2026-09-28T02:01:57.1049323Z Updating files:  99% (11346/11460)
2026-09-28T02:01:57.1050735Z Updating files: 100% (11460/11460)
2026-09-28T02:01:57.1051929Z Updating files: 100% (11460/11460), done.
2026-09-28T02:01:57.1206884Z Note: switching to 'refs/remotes/pull/55/merge'.
2026-09-28T02:01:57.1208421Z 
2026-09-28T02:01:57.1209624Z You are in 'detached HEAD' state. You can look around, make experimental
2026-09-28T02:01:57.1212506Z changes and commit them, and you can discard any commits you make in this
2026-09-28T02:01:57.1215210Z state without impacting any branches by switching back to a branch.
2026-09-28T02:01:57.1216787Z 
2026-09-28T02:01:57.1218074Z If you want to create a new branch to retain commits you create, you may
2026-09-28T02:01:57.1220624Z do so (now or later) by using -c with the switch command. Example:
2026-09-28T02:01:57.1222174Z 
2026-09-28T02:01:57.1222864Z   git switch -c <new-branch-name>
2026-09-28T02:01:57.1223912Z 
2026-09-28T02:01:57.1224559Z Or undo this operation with:
2026-09-28T02:01:57.1225591Z 
2026-09-28T02:01:57.1226216Z   git switch -
2026-09-28T02:01:57.1227012Z 
2026-09-28T02:01:57.1228471Z Turn off this advice by setting config variable advice.detachedHead to false
2026-09-28T02:01:57.1230264Z 
2026-09-28T02:01:57.1232311Z HEAD is now at f74cd7a Merge 507ac58b17e4a68b4e0f852cc6a64b535cf3235c into 2cf5caa3f966f919997c37b64d0bbf0e332438df
2026-09-28T02:01:57.1292667Z ##[endgroup]
2026-09-28T02:01:57.1344225Z [command]/usr/bin/git log -1 --format=%H
2026-09-28T02:01:57.1374308Z f74cd7a8f81a8b51abf06ae12fb62a51da3bb99d
2026-09-28T02:01:57.1758859Z ##[group]Run actions/setup-python@5fda3b95a4ea91299a34e894583c3862153e4b97
2026-09-28T02:01:57.1760554Z with:
2026-09-28T02:01:57.1761362Z   python-version: 3.12.13
2026-09-28T02:01:57.1762335Z   check-latest: false
2026-09-28T02:01:57.1772197Z   token: ***
2026-09-28T02:01:57.1773080Z   update-environment: true
2026-09-28T02:01:57.1774152Z   allow-prereleases: false
2026-09-28T02:01:57.1775161Z   freethreaded: false
2026-09-28T02:01:57.1776058Z ##[endgroup]
2026-09-28T02:01:57.2944807Z ##[group]Installed versions
2026-09-28T02:01:57.2962243Z Version 3.12.13 was not found in the local cache
2026-09-28T02:01:57.9269912Z Version 3.12.13 is available for downloading
2026-09-28T02:01:57.9271374Z Download from "https://github.com/actions/python-versions/releases/download/3.12.13-27650778726/python-3.12.13-linux-24.04-x64.tar.gz"
2026-09-28T02:01:58.7136249Z Extract downloaded archive
2026-09-28T02:01:58.7261034Z [command]/usr/bin/tar xz --warning=no-unknown-keyword --overwrite -C <CI_HOME>/work/_temp/4a3dc480-5818-4625-a5dc-b17c0fa3b94a -f <CI_HOME>/work/_temp/37aed6eb-3de5-4eae-9200-d240624c708e
2026-09-28T02:02:00.6317006Z Execute installation script
2026-09-28T02:02:00.6416017Z Check if Python hostedtoolcache folder exist...
2026-09-28T02:02:00.6416717Z Create Python 3.12.13 folder
2026-09-28T02:02:00.6430905Z Copy Python binaries to hostedtoolcache folder
2026-09-28T02:02:01.1160285Z Create additional symlinks (Required for the UsePythonVersion Azure Pipelines task and the setup-python GitHub Action)
2026-09-28T02:02:01.1203432Z Upgrading pip...
2026-09-28T02:02:02.8480840Z Collecting pip
2026-09-28T02:02:02.9311828Z Downloading pip-26.2.1-py3-none-any.whl.metadata (4.6 kB)
2026-09-28T02:02:02.9564282Z Downloading pip-26.2.1-py3-none-any.whl (1.8 MB)
2026-09-28T02:02:03.0949082Z ━━━━━━━━━━━━━━━━━━━━━━━━━━━━━━━━━━━━━━━━ 1.8/1.8 MB 19.7 MB/s eta 0:00:00
2026-09-28T02:02:03.0949587Z 
2026-09-28T02:02:03.1147220Z Installing collected packages: pip
2026-09-28T02:02:03.1158653Z Attempting uninstall: pip
2026-09-28T02:02:03.1172335Z Found existing installation: pip 25.0.1
2026-09-28T02:02:03.1529909Z Uninstalling pip-25.0.1:
2026-09-28T02:02:03.1587100Z Successfully uninstalled pip-25.0.1
2026-09-28T02:02:04.0770053Z Successfully installed pip-26.2.1
2026-09-28T02:02:04.1257524Z Create complete file
2026-09-28T02:02:04.1293228Z Successfully set up CPython (3.12.13)
2026-09-28T02:02:04.1294047Z ##[endgroup]
2026-09-28T02:02:04.1497926Z ##[group]Run actions/setup-node@820762786026740c76f36085b0efc47a31fe5020
2026-09-28T02:02:04.1498358Z with:
2026-09-28T02:02:04.1498568Z   node-version: 24.21.0
2026-09-28T02:02:04.1498800Z   check-latest: false
2026-09-28T02:02:04.1501126Z   token: ***
2026-09-28T02:02:04.1501371Z   package-manager-cache: true
2026-09-28T02:02:04.1501638Z env:
2026-09-28T02:02:04.1501919Z   pythonLocation: /opt/hostedtoolcache/Python/3.12.13/x64
2026-09-28T02:02:04.1502371Z   PKG_CONFIG_PATH: /opt/hostedtoolcache/Python/3.12.13/x64/lib/pkgconfig
2026-09-28T02:02:04.1502799Z   Python_ROOT_DIR: /opt/hostedtoolcache/Python/3.12.13/x64
2026-09-28T02:02:04.1503183Z   Python2_ROOT_DIR: /opt/hostedtoolcache/Python/3.12.13/x64
2026-09-28T02:02:04.1503565Z   Python3_ROOT_DIR: /opt/hostedtoolcache/Python/3.12.13/x64
2026-09-28T02:02:04.1503945Z   LD_LIBRARY_PATH: /opt/hostedtoolcache/Python/3.12.13/x64/lib
2026-09-28T02:02:04.1504272Z ##[endgroup]
2026-09-28T02:02:04.2785177Z Found in cache @ /opt/hostedtoolcache/node/24.21.0/x64
2026-09-28T02:02:04.2788576Z ##[group]Environment details
2026-09-28T02:02:04.6923304Z node: v24.21.0
2026-09-28T02:02:04.6923743Z npm: 11.19.0
2026-09-28T02:02:04.6924245Z yarn: 1.22.22
2026-09-28T02:02:04.6924770Z ##[endgroup]
2026-09-28T02:02:04.7064179Z ##[group]Run npm ci --prefix apps/web
2026-09-28T02:02:04.7064556Z [36;1mnpm ci --prefix apps/web[0m
2026-09-28T02:02:04.7346203Z shell: /usr/bin/bash -e {0}
2026-09-28T02:02:04.7346510Z env:
2026-09-28T02:02:04.7346825Z   pythonLocation: /opt/hostedtoolcache/Python/3.12.13/x64
2026-09-28T02:02:04.7347671Z   PKG_CONFIG_PATH: /opt/hostedtoolcache/Python/3.12.13/x64/lib/pkgconfig
2026-09-28T02:02:04.7348198Z   Python_ROOT_DIR: /opt/hostedtoolcache/Python/3.12.13/x64
2026-09-28T02:02:04.7348654Z   Python2_ROOT_DIR: /opt/hostedtoolcache/Python/3.12.13/x64
2026-09-28T02:02:04.7349100Z   Python3_ROOT_DIR: /opt/hostedtoolcache/Python/3.12.13/x64
2026-09-28T02:02:04.7349555Z   LD_LIBRARY_PATH: /opt/hostedtoolcache/Python/3.12.13/x64/lib
2026-09-28T02:02:04.7349935Z ##[endgroup]
2026-09-28T02:02:12.1009120Z 
2026-09-28T02:02:12.1018346Z added 236 packages, and audited 237 packages in 7s
2026-09-28T02:02:12.1018904Z 
2026-09-28T02:02:12.1019279Z 118 packages are looking for funding
2026-09-28T02:02:12.1019914Z   run `npm fund` for details
2026-09-28T02:02:12.1025831Z 
2026-09-28T02:02:12.1026502Z found 0 vulnerabilities
2026-09-28T02:02:12.1659562Z ##[group]Run python -m pip install uv==0.11.21
2026-09-28T02:02:12.1659979Z [36;1mpython -m pip install uv==0.11.21[0m
2026-09-28T02:02:12.1727359Z shell: /usr/bin/bash -e {0}
2026-09-28T02:02:12.1727616Z env:
2026-09-28T02:02:12.1727898Z   pythonLocation: /opt/hostedtoolcache/Python/3.12.13/x64
2026-09-28T02:02:12.1728347Z   PKG_CONFIG_PATH: /opt/hostedtoolcache/Python/3.12.13/x64/lib/pkgconfig
2026-09-28T02:02:12.1728780Z   Python_ROOT_DIR: /opt/hostedtoolcache/Python/3.12.13/x64
2026-09-28T02:02:12.1729160Z   Python2_ROOT_DIR: /opt/hostedtoolcache/Python/3.12.13/x64
2026-09-28T02:02:12.1729550Z   Python3_ROOT_DIR: /opt/hostedtoolcache/Python/3.12.13/x64
2026-09-28T02:02:12.1729950Z   LD_LIBRARY_PATH: /opt/hostedtoolcache/Python/3.12.13/x64/lib
2026-09-28T02:02:12.1730279Z ##[endgroup]
2026-09-28T02:02:12.9768711Z Collecting uv==0.11.21
2026-09-28T02:02:13.0802009Z   Downloading uv-0.11.21-py3-none-manylinux_2_17_x86_64.manylinux2014_x86_64.whl.metadata (11 kB)
2026-09-28T02:02:13.1137014Z Downloading uv-0.11.21-py3-none-manylinux_2_17_x86_64.manylinux2014_x86_64.whl (25.1 MB)
2026-09-28T02:02:13.5246725Z    ━━━━━━━━━━━━━━━━━━━━━━━━━━━━━━━━━━━━━━━━ 25.1/25.1 MB 70.3 MB/s  0:00:00
2026-09-28T02:02:13.5714075Z Installing collected packages: uv
2026-09-28T02:02:13.8375106Z Successfully installed uv-0.11.21
2026-09-28T02:02:13.8883853Z ##[group]Run uv sync --frozen
2026-09-28T02:02:13.8884169Z [36;1muv sync --frozen[0m
2026-09-28T02:02:13.8948603Z shell: /usr/bin/bash -e {0}
2026-09-28T02:02:13.8948860Z env:
2026-09-28T02:02:13.8949134Z   pythonLocation: /opt/hostedtoolcache/Python/3.12.13/x64
2026-09-28T02:02:13.8949576Z   PKG_CONFIG_PATH: /opt/hostedtoolcache/Python/3.12.13/x64/lib/pkgconfig
2026-09-28T02:02:13.8950020Z   Python_ROOT_DIR: /opt/hostedtoolcache/Python/3.12.13/x64
2026-09-28T02:02:13.8950425Z   Python2_ROOT_DIR: /opt/hostedtoolcache/Python/3.12.13/x64
2026-09-28T02:02:13.8950821Z   Python3_ROOT_DIR: /opt/hostedtoolcache/Python/3.12.13/x64
2026-09-28T02:02:13.8951217Z   LD_LIBRARY_PATH: /opt/hostedtoolcache/Python/3.12.13/x64/lib
2026-09-28T02:02:13.8951544Z ##[endgroup]
2026-09-28T02:02:13.9543998Z Using CPython 3.12.13 interpreter at: /opt/hostedtoolcache/Python/3.12.13/x64/bin/python3.12
2026-09-28T02:02:13.9544847Z Creating virtual environment at: .venv
2026-09-28T02:02:14.0385153Z Downloading mypy (14.6MiB)
2026-09-28T02:02:14.0386327Z Downloading pydantic-core (2.0MiB)
2026-09-28T02:02:14.0390682Z Downloading pygments (1.2MiB)
2026-09-28T02:02:14.0402740Z Downloading ruff (9.9MiB)
2026-09-28T02:02:14.1991850Z Downloading ast-serialize (1.3MiB)
2026-09-28T02:02:14.2120539Z  Downloaded pydantic-core
2026-09-28T02:02:14.2553149Z  Downloaded ast-serialize
2026-09-28T02:02:14.3624659Z  Downloaded ruff
2026-09-28T02:02:14.4187798Z  Downloaded pygments
2026-09-28T02:02:14.6251870Z  Downloaded mypy
2026-09-28T02:02:14.6254668Z Prepared 37 packages in 668ms
2026-09-28T02:02:14.6695955Z Installed 37 packages in 43ms
2026-09-28T02:02:14.6696555Z  + annotated-doc==0.0.5
2026-09-28T02:02:14.6697266Z  + annotated-types==0.8.0
2026-09-28T02:02:14.6697784Z  + anyio==4.15.1
2026-09-28T02:02:14.6698235Z  + ast-serialize==0.11.2
2026-09-28T02:02:14.6698703Z  + attrs==26.1.0
2026-09-28T02:02:14.6699137Z  + certifi==2026.7.22
2026-09-28T02:02:14.6699578Z  + click==8.5.0
2026-09-28T02:02:14.6700022Z  + defusedxml==0.7.1
2026-09-28T02:02:14.6700477Z  + fastapi==0.141.1
2026-09-28T02:02:14.6700963Z  + h11==0.16.0
2026-09-28T02:02:14.6701372Z  + httpcore==1.0.9
2026-09-28T02:02:14.6701803Z  + httpx==0.28.1
2026-09-28T02:02:14.6702201Z  + idna==3.19
2026-09-28T02:02:14.6702610Z  + iniconfig==2.3.0
2026-09-28T02:02:14.6703055Z  + jsonschema==4.26.0
2026-09-28T02:02:14.6703614Z  + jsonschema-specifications==2025.9.1
2026-09-28T02:02:14.6704168Z  + librt==0.15.0
2026-09-28T02:02:14.6704607Z  + markdown-it-py==4.2.0
2026-09-28T02:02:14.6705069Z  + mdurl==0.1.2
2026-09-28T02:02:14.6705476Z  + mypy==2.3.1
2026-09-28T02:02:14.6705846Z  + mypy-extensions==1.1.0
2026-09-28T02:02:14.6706537Z  + packaging==26.3
2026-09-28T02:02:14.6706917Z  + pathspec==1.1.1
2026-09-28T02:02:14.6707491Z  + pluggy==1.6.0
2026-09-28T02:02:14.6707861Z  + pydantic==2.13.5
2026-09-28T02:02:14.6708257Z  + pydantic-core==2.46.5
2026-09-28T02:02:14.6708661Z  + pygments==2.21.0
2026-09-28T02:02:14.6709019Z  + pypdf==6.18.1
2026-09-28T02:02:14.6709368Z  + pytest==9.1.1
2026-09-28T02:02:14.6709715Z  + python-multipart==0.0.32
2026-09-28T02:02:14.6710111Z  + referencing==0.37.0
2026-09-28T02:02:14.6710463Z  + rpds-py==2026.6.3
2026-09-28T02:02:14.6710809Z  + ruff==0.16.7
2026-09-28T02:02:14.6711146Z  + starlette==1.6.0
2026-09-28T02:02:14.6711509Z  + typing-extensions==4.16.0
2026-09-28T02:02:14.6711930Z  + typing-inspection==0.4.4
2026-09-28T02:02:14.6712317Z  + uvicorn==0.53.0
2026-09-28T02:02:14.6803372Z ##[group]Run make verify-spec
2026-09-28T02:02:14.6803699Z [36;1mmake verify-spec[0m
2026-09-28T02:02:14.6868623Z shell: /usr/bin/bash -e {0}
2026-09-28T02:02:14.6868875Z env:
2026-09-28T02:02:14.6869145Z   pythonLocation: /opt/hostedtoolcache/Python/3.12.13/x64
2026-09-28T02:02:14.6869607Z   PKG_CONFIG_PATH: /opt/hostedtoolcache/Python/3.12.13/x64/lib/pkgconfig
2026-09-28T02:02:14.6870042Z   Python_ROOT_DIR: /opt/hostedtoolcache/Python/3.12.13/x64
2026-09-28T02:02:14.6870424Z   Python2_ROOT_DIR: /opt/hostedtoolcache/Python/3.12.13/x64
2026-09-28T02:02:14.6870809Z   Python3_ROOT_DIR: /opt/hostedtoolcache/Python/3.12.13/x64
2026-09-28T02:02:14.6871196Z   LD_LIBRARY_PATH: /opt/hostedtoolcache/Python/3.12.13/x64/lib
2026-09-28T02:02:14.6871519Z ##[endgroup]
2026-09-28T02:02:14.6984861Z uv run --frozen python scripts/verify_spec.py
2026-09-28T02:02:19.9425844Z {
2026-09-28T02:02:19.9426219Z   "embedded_files": 6,
2026-09-28T02:02:19.9426598Z   "generated_artifacts": 76,
2026-09-28T02:02:19.9427323Z   "learning_effectiveness": "NOT_RUN",
2026-09-28T02:02:19.9427733Z   "models": 54,
2026-09-28T02:02:19.9428042Z   "package_receipts": [
2026-09-28T02:02:19.9428352Z     {
2026-09-28T02:02:19.9428932Z       "archive_sha256": "9933ad962be34e42a29a3299e81c0f03249b584ba1574299672b76eb0242e7b6",
2026-09-28T02:02:19.9429574Z       "object_count": 9,
2026-09-28T02:02:19.9429899Z       "payload_count": 12,
2026-09-28T02:02:19.9430221Z       "profile": "author",
2026-09-28T02:02:19.9430610Z       "scope": "structure_and_integrity_only",
2026-09-28T02:02:19.9431013Z       "total_bytes": 6730
2026-09-28T02:02:19.9431320Z     },
2026-09-28T02:02:19.9431560Z     {
2026-09-28T02:02:19.9432115Z       "archive_sha256": "6d4ddb4c423521625d4686765e1f80f2b65e46ee874eca1bec118dc20a136479",
2026-09-28T02:02:19.9432722Z       "object_count": 9,
2026-09-28T02:02:19.9433037Z       "payload_count": 11,
2026-09-28T02:02:19.9433359Z       "profile": "learner",
2026-09-28T02:02:19.9433761Z       "scope": "structure_and_integrity_only",
2026-09-28T02:02:19.9434083Z       "total_bytes": 5179
2026-09-28T02:02:19.9434322Z     }
2026-09-28T02:02:19.9434520Z   ],
2026-09-28T02:02:19.9434769Z   "product_acceptance": "NOT_RUN",
2026-09-28T02:02:19.9435092Z   "publication": "NOT_CHECKED",
2026-09-28T02:02:19.9435379Z   "real_codex": "NOT_RUN",
2026-09-28T02:02:19.9435643Z   "real_provider": "NOT_RUN",
2026-09-28T02:02:19.9435925Z   "requirements": 38,
2026-09-28T02:02:19.9436366Z   "routes": 119,
2026-09-28T02:02:19.9436647Z   "scope": "M0_structural_baseline_only",
2026-09-28T02:02:19.9437000Z   "source": "PRODUCT_DESIGN.md",
2026-09-28T02:02:19.9437714Z   "spec_sha256": "2d1ecce71e0aa6953c0f772b1935e7e3abdc5933bfbbe93d851a6171236d8a4d",
2026-09-28T02:02:19.9438295Z   "spec_version": "3.0.7",
2026-09-28T02:02:19.9438593Z   "sql_tables_including_fts": 53,
2026-09-28T02:02:19.9438882Z   "status": "PASS",
2026-09-28T02:02:19.9439126Z   "target_scenarios": 33,
2026-09-28T02:02:19.9439386Z   "tasks": 27
2026-09-28T02:02:19.9439597Z }
2026-09-28T02:02:20.1110848Z ##[group]Run uv run --frozen pytest tests/contract tests/unit/test_spec_*.py
2026-09-28T02:02:20.1111797Z [36;1muv run --frozen pytest tests/contract tests/unit/test_spec_*.py[0m
2026-09-28T02:02:20.1192282Z shell: /usr/bin/bash -e {0}
2026-09-28T02:02:20.1192733Z env:
2026-09-28T02:02:20.1193211Z   pythonLocation: /opt/hostedtoolcache/Python/3.12.13/x64
2026-09-28T02:02:20.1193947Z   PKG_CONFIG_PATH: /opt/hostedtoolcache/Python/3.12.13/x64/lib/pkgconfig
2026-09-28T02:02:20.1194424Z   Python_ROOT_DIR: /opt/hostedtoolcache/Python/3.12.13/x64
2026-09-28T02:02:20.1194821Z   Python2_ROOT_DIR: /opt/hostedtoolcache/Python/3.12.13/x64
2026-09-28T02:02:20.1195234Z   Python3_ROOT_DIR: /opt/hostedtoolcache/Python/3.12.13/x64
2026-09-28T02:02:20.1195625Z   LD_LIBRARY_PATH: /opt/hostedtoolcache/Python/3.12.13/x64/lib
2026-09-28T02:02:20.1195955Z ##[endgroup]
2026-09-28T02:02:25.0343636Z ============================= test session starts ==============================
2026-09-28T02:02:25.0344756Z platform linux -- Python 3.12.13, pytest-9.1.1, pluggy-1.6.0
2026-09-28T02:02:25.0345553Z rootdir: <CI_HOME>/work/Learning_Workbench/Learning_Workbench
2026-09-28T02:02:25.0346138Z configfile: pyproject.toml
2026-09-28T02:02:25.0346593Z plugins: anyio-4.15.1
2026-09-28T02:02:25.0346939Z collected 603 items
2026-09-28T02:02:25.0347487Z 
2026-09-28T02:03:55.7355727Z tests/contract/test_api_projection.py .................................. [  5%]
2026-09-28T02:06:52.2659420Z .................................................................        [ 16%]
2026-09-28T02:06:52.4769623Z tests/contract/test_authoring_contracts.py ...........                   [ 18%]
2026-09-28T02:06:52.6354853Z tests/contract/test_authoring_group_models.py .......................... [ 22%]
2026-09-28T02:06:52.6462686Z .......                                                                  [ 23%]
2026-09-28T02:06:52.7983062Z tests/contract/test_generated_transport.py ...............               [ 26%]
2026-09-28T02:06:53.1404283Z tests/contract/test_generated_upload.py ..                               [ 26%]
2026-09-28T02:06:53.5337030Z tests/contract/test_models.py ............................               [ 31%]
2026-09-28T02:06:53.5462893Z tests/contract/test_optional_patch.py .                                  [ 31%]
2026-09-28T02:06:53.6308522Z tests/contract/test_package_integrity.py ........................        [ 35%]
2026-09-28T02:06:53.7534677Z tests/contract/test_practice_public_projection.py ...................... [ 38%]
2026-09-28T02:07:06.2083185Z .............                                                            [ 41%]
2026-09-28T02:07:06.9379643Z tests/contract/test_provider_binding.py .........................        [ 45%]
2026-09-28T02:07:07.6280212Z tests/contract/test_provider_dto.py .................................... [ 51%]
2026-09-28T02:07:07.8975998Z ........................................................................ [ 63%]
2026-09-28T02:07:07.8983019Z                                                                          [ 63%]
2026-09-28T02:07:08.1106947Z tests/contract/test_recommendation_binding.py ........                   [ 64%]
2026-09-28T02:07:08.1373783Z tests/contract/test_recommendation_dto.py .............................. [ 69%]
2026-09-28T02:07:08.3280005Z ........................                                                 [ 73%]
2026-09-28T02:07:08.3503112Z tests/contract/test_retrieval_dto.py ............................        [ 78%]
2026-09-28T02:07:48.7886138Z tests/contract/test_retrieval_generation.py ...................          [ 81%]
2026-09-28T02:08:00.5206904Z tests/contract/test_retrieval_http.py ....................               [ 84%]
2026-09-28T02:08:00.5364924Z tests/contract/test_review_requests.py ..................                [ 87%]
2026-09-28T02:08:00.5718218Z tests/contract/test_tutor_dto.py ....................................... [ 94%]
2026-09-28T02:08:00.5743684Z ..                                                                       [ 94%]
2026-09-28T02:08:02.2975069Z tests/contract/test_tutor_transport.py .....................             [ 97%]
2026-09-28T02:08:04.5949566Z tests/unit/test_spec_catalog.py ....                                     [ 98%]
2026-09-28T02:08:04.7454735Z tests/unit/test_spec_extraction.py .........                             [100%]
2026-09-28T02:08:04.7455335Z 
2026-09-28T02:08:04.7455812Z =============================== warnings summary ===============================
2026-09-28T02:08:04.7456604Z .venv/lib/python3.12/site-packages/fastapi/testclient.py:1
2026-09-28T02:08:04.7458756Z   <CI_HOME>/work/Learning_Workbench/Learning_Workbench/.venv/lib/python3.12/site-packages/fastapi/testclient.py:1: StarletteDeprecationWarning: Using `httpx` with `starlette.testclient` is deprecated; install `httpx2` instead.
2026-09-28T02:08:04.7460517Z     from starlette.testclient import TestClient as TestClient  # noqa
2026-09-28T02:08:04.7460963Z 
2026-09-28T02:08:04.7461380Z .venv/lib/python3.12/site-packages/starlette/testclient.py:53
2026-09-28T02:08:04.7463253Z   <CI_HOME>/work/Learning_Workbench/Learning_Workbench/.venv/lib/python3.12/site-packages/starlette/testclient.py:53: DeprecationWarning: The anyio.abc.BlockingPortal alias is deprecated, use anyio.from_thread.BlockingPortal instead.
2026-09-28T02:08:04.7465159Z     _PortalFactoryType = Callable[[], AbstractContextManager[anyio.abc.BlockingPortal]]
2026-09-28T02:08:04.7465711Z 
2026-09-28T02:08:04.7466167Z -- Docs: https://docs.pytest.org/en/stable/how-to/capture-warnings.html
2026-09-28T02:08:04.7467260Z ================= 603 passed, 2 warnings in 343.25s (0:05:43) ==================
2026-09-28T02:08:05.0076708Z Post job cleanup.
2026-09-28T02:08:05.1349996Z Post job cleanup.
2026-09-28T02:08:05.2693780Z Post job cleanup.
2026-09-28T02:08:05.3567940Z [command]/usr/bin/git version
2026-09-28T02:08:05.3613108Z git version 2.55.0
2026-09-28T02:08:05.3662019Z Temporarily overriding HOME='<CI_HOME>/work/_temp/7aed0e63-7628-4174-a61d-4f3012b04424' before making global git config changes
2026-09-28T02:08:05.3663645Z Adding repository directory to the temporary git global config as a safe directory
2026-09-28T02:08:05.3668869Z [command]/usr/bin/git config --global --add safe.directory <CI_HOME>/work/Learning_Workbench/Learning_Workbench
2026-09-28T02:08:05.3701442Z Removing SSH command configuration
2026-09-28T02:08:05.3708663Z [command]/usr/bin/git config --local --name-only --get-regexp core\.sshCommand
2026-09-28T02:08:05.3747415Z [command]/usr/bin/git submodule foreach --recursive sh -c "git config --local --name-only --get-regexp 'core\.sshCommand' && git config --local --unset-all 'core.sshCommand' || :"
2026-09-28T02:08:05.4034589Z Removing HTTP extra header
2026-09-28T02:08:05.4035818Z [command]/usr/bin/git config --local --name-only --get-regexp http\.https\:\/\/github\.com\/\.extraheader
2026-09-28T02:08:05.4068273Z [command]/usr/bin/git submodule foreach --recursive sh -c "git config --local --name-only --get-regexp 'http\.https\:\/\/github\.com\/\.extraheader' && git config --local --unset-all 'http.https://github.com/.extraheader' || :"
2026-09-28T02:08:05.4417716Z Removing includeIf entries pointing to credentials config files
2026-09-28T02:08:05.4424250Z [command]/usr/bin/git config --local --name-only --get-regexp ^includeIf\.gitdir:
2026-09-28T02:08:05.4466771Z includeif.gitdir:<CI_HOME>/work/Learning_Workbench/Learning_Workbench/.git.path
2026-09-28T02:08:05.4479323Z includeif.gitdir:<CI_HOME>/work/Learning_Workbench/Learning_Workbench/.git/worktrees/*.path
2026-09-28T02:08:05.4480629Z includeif.gitdir:/github/workspace/.git.path
2026-09-28T02:08:05.4481714Z includeif.gitdir:/github/workspace/.git/worktrees/*.path
2026-09-28T02:08:05.4489884Z [command]/usr/bin/git config --local --get-all includeif.gitdir:<CI_HOME>/work/Learning_Workbench/Learning_Workbench/.git.path
2026-09-28T02:08:05.4531456Z <CI_HOME>/work/_temp/git-credentials-a5c175ec-e11a-498d-93f2-a9d9117ed3da.config
2026-09-28T02:08:05.4561071Z [command]/usr/bin/git config --local --unset includeif.gitdir:<CI_HOME>/work/Learning_Workbench/Learning_Workbench/.git.path \/home\/runner\/work\/_temp\/git\-credentials\-a5c175ec\-e11a\-498d\-93f2\-a9d9117ed3da\.config
2026-09-28T02:08:05.4618708Z [command]/usr/bin/git config --local --get-all includeif.gitdir:<CI_HOME>/work/Learning_Workbench/Learning_Workbench/.git/worktrees/*.path
2026-09-28T02:08:05.4654527Z <CI_HOME>/work/_temp/git-credentials-a5c175ec-e11a-498d-93f2-a9d9117ed3da.config
2026-09-28T02:08:05.4679923Z [command]/usr/bin/git config --local --unset includeif.gitdir:<CI_HOME>/work/Learning_Workbench/Learning_Workbench/.git/worktrees/*.path \/home\/runner\/work\/_temp\/git\-credentials\-a5c175ec\-e11a\-498d\-93f2\-a9d9117ed3da\.config
2026-09-28T02:08:05.4734547Z [command]/usr/bin/git config --local --get-all includeif.gitdir:/github/workspace/.git.path
2026-09-28T02:08:05.4767576Z /github/runner_temp/git-credentials-a5c175ec-e11a-498d-93f2-a9d9117ed3da.config
2026-09-28T02:08:05.4788427Z [command]/usr/bin/git config --local --unset includeif.gitdir:/github/workspace/.git.path \/github\/runner_temp\/git\-credentials\-a5c175ec\-e11a\-498d\-93f2\-a9d9117ed3da\.config
2026-09-28T02:08:05.4819958Z [command]/usr/bin/git config --local --get-all includeif.gitdir:/github/workspace/.git/worktrees/*.path
2026-09-28T02:08:05.4848042Z /github/runner_temp/git-credentials-a5c175ec-e11a-498d-93f2-a9d9117ed3da.config
2026-09-28T02:08:05.4860286Z [command]/usr/bin/git config --local --unset includeif.gitdir:/github/workspace/.git/worktrees/*.path \/github\/runner_temp\/git\-credentials\-a5c175ec\-e11a\-498d\-93f2\-a9d9117ed3da\.config
2026-09-28T02:08:05.4898830Z [command]/usr/bin/git submodule foreach --recursive git config --local --show-origin --name-only --get-regexp remote.origin.url
2026-09-28T02:08:05.5211878Z Removing credentials config '<CI_HOME>/work/_temp/git-credentials-a5c175ec-e11a-498d-93f2-a9d9117ed3da.config'
2026-09-28T02:08:05.5407826Z Cleaning up orphan processes
