2026-09-28T04:49:13.5734437Z Current runner version: '2.337.0'
2026-09-28T04:49:13.5759651Z ##[group]Runner Image Provisioner
2026-09-28T04:49:13.5760559Z Hosted Compute Agent
2026-09-28T04:49:13.5761236Z Version: 20260828.587
2026-09-28T04:49:13.5761911Z Commit: abac92662cab4cc7352de4f9f9d2e2419aad9c29
2026-09-28T04:49:13.5763088Z Build Date: 2026-08-28T16:44:25Z
2026-09-28T04:49:13.5763951Z Worker ID: {8ec733cb-834a-4f45-ad2c-a0fb072a5448}
2026-09-28T04:49:13.5764691Z Azure Region: westus
2026-09-28T04:49:13.5765287Z ##[endgroup]
2026-09-28T04:49:13.5766857Z ##[group]Operating System
2026-09-28T04:49:13.5767509Z Ubuntu
2026-09-28T04:49:13.5768123Z 26.04.1
2026-09-28T04:49:13.5768668Z LTS
2026-09-28T04:49:13.5769203Z ##[endgroup]
2026-09-28T04:49:13.5769802Z ##[group]Runner Image
2026-09-28T04:49:13.5770390Z Image: ubuntu-26.04
2026-09-28T04:49:13.5771000Z Version: 20260920.143.1
2026-09-28T04:49:13.5772244Z Included Software: https://github.com/actions/runner-images/blob/ubuntu26/20260920.143/images/ubuntu/Ubuntu2604-Readme.md
2026-09-28T04:49:13.5774308Z Image Release: https://github.com/actions/runner-images/releases/tag/ubuntu26%2F20260920.143
2026-09-28T04:49:13.5775296Z ##[endgroup]
2026-09-28T04:49:13.5776468Z ##[group]GITHUB_TOKEN Permissions
2026-09-28T04:49:13.5778398Z Contents: read
2026-09-28T04:49:13.5779144Z Metadata: read
2026-09-28T04:49:13.5779699Z ##[endgroup]
2026-09-28T04:49:13.5781747Z Secret source: Actions
2026-09-28T04:49:13.5783189Z Cache mode: write
2026-09-28T04:49:13.5783909Z Prepare workflow directory
2026-09-28T04:49:13.6129019Z Prepare all required actions
2026-09-28T04:49:13.6183179Z Getting action download info
2026-09-28T04:49:13.9697090Z Download action repository 'actions/checkout@3d3c42e5aac5ba805825da76410c181273ba90b1' (SHA:3d3c42e5aac5ba805825da76410c181273ba90b1)
2026-09-28T04:49:14.0754831Z Download action repository 'actions/setup-python@5fda3b95a4ea91299a34e894583c3862153e4b97' (SHA:5fda3b95a4ea91299a34e894583c3862153e4b97)
2026-09-28T04:49:14.3018885Z Complete job name: backend
2026-09-28T04:49:14.3814052Z ##[group]Run actions/checkout@3d3c42e5aac5ba805825da76410c181273ba90b1
2026-09-28T04:49:14.3815266Z with:
2026-09-28T04:49:14.3815732Z   repository: kl3574/Learning_Workbench
2026-09-28T04:49:14.3819583Z   token: ***
2026-09-28T04:49:14.3820028Z   ssh-strict: true
2026-09-28T04:49:14.3820453Z   ssh-user: git
2026-09-28T04:49:14.3820890Z   persist-credentials: true
2026-09-28T04:49:14.3821370Z   clean: true
2026-09-28T04:49:14.3821809Z   sparse-checkout-cone-mode: true
2026-09-28T04:49:14.3822318Z   fetch-depth: 1
2026-09-28T04:49:14.3822938Z   fetch-tags: false
2026-09-28T04:49:14.3823379Z   show-progress: true
2026-09-28T04:49:14.3823813Z   lfs: false
2026-09-28T04:49:14.3824214Z   submodules: false
2026-09-28T04:49:14.3824660Z   set-safe-directory: true
2026-09-28T04:49:14.3825155Z   allow-unsafe-pr-checkout: false
2026-09-28T04:49:14.3825932Z ##[endgroup]
2026-09-28T04:49:14.4835630Z Syncing repository: kl3574/Learning_Workbench
2026-09-28T04:49:14.4838416Z ##[group]Getting Git version info
2026-09-28T04:49:14.4839773Z Working directory is '<CI_HOME>/work/Learning_Workbench/Learning_Workbench'
2026-09-28T04:49:14.4841652Z [command]/usr/bin/git version
2026-09-28T04:49:14.4843250Z git version 2.55.0
2026-09-28T04:49:14.4851520Z ##[endgroup]
2026-09-28T04:49:14.4863496Z Temporarily overriding HOME='<CI_HOME>/work/_temp/62e78f9e-7501-46e0-83c7-020719fb9cc9' before making global git config changes
2026-09-28T04:49:14.4865971Z Adding repository directory to the temporary git global config as a safe directory
2026-09-28T04:49:14.4868608Z [command]/usr/bin/git config --global --add safe.directory <CI_HOME>/work/Learning_Workbench/Learning_Workbench
2026-09-28T04:49:14.4928282Z Deleting the contents of '<CI_HOME>/work/Learning_Workbench/Learning_Workbench'
2026-09-28T04:49:14.4932087Z ##[group]Determining repository object format
2026-09-28T04:49:14.4937780Z ##[endgroup]
2026-09-28T04:49:14.4938961Z ##[group]Initializing the repository
2026-09-28T04:49:14.4947636Z [command]/usr/bin/git init <CI_HOME>/work/Learning_Workbench/Learning_Workbench
2026-09-28T04:49:14.5066401Z hint: Using 'master' as the name for the initial branch. This default branch name
2026-09-28T04:49:14.5068579Z hint: will change to "main" in Git 3.0. To configure the initial branch name
2026-09-28T04:49:14.5070999Z hint: to use in all of your new repositories, which will suppress this warning,
2026-09-28T04:49:14.5073095Z hint: call:
2026-09-28T04:49:14.5073939Z hint:
2026-09-28T04:49:14.5075136Z hint: 	git config --global init.defaultBranch <name>
2026-09-28T04:49:14.5076109Z hint:
2026-09-28T04:49:14.5077037Z hint: Names commonly chosen instead of 'master' are 'main', 'trunk' and
2026-09-28T04:49:14.5078296Z hint: 'development'. The just-created branch can be renamed via this command:
2026-09-28T04:49:14.5079348Z hint:
2026-09-28T04:49:14.5080080Z hint: 	git branch -m <name>
2026-09-28T04:49:14.5081097Z hint:
2026-09-28T04:49:14.5082711Z hint: Disable this message with "git config set advice.defaultBranchName false"
2026-09-28T04:49:14.5084548Z Initialized empty Git repository in <CI_HOME>/work/Learning_Workbench/Learning_Workbench/.git/
2026-09-28T04:49:14.5087146Z [command]/usr/bin/git remote add origin https://github.com/kl3574/Learning_Workbench
2026-09-28T04:49:14.5135092Z ##[endgroup]
2026-09-28T04:49:14.5135922Z ##[group]Disabling automatic garbage collection
2026-09-28T04:49:14.5139419Z [command]/usr/bin/git config --local gc.auto 0
2026-09-28T04:49:14.5178794Z ##[endgroup]
2026-09-28T04:49:14.5180037Z ##[group]Setting up auth
2026-09-28T04:49:14.5181150Z Removing SSH command configuration
2026-09-28T04:49:14.5185715Z [command]/usr/bin/git config --local --name-only --get-regexp core\.sshCommand
2026-09-28T04:49:14.5224863Z [command]/usr/bin/git submodule foreach --recursive sh -c "git config --local --name-only --get-regexp 'core\.sshCommand' && git config --local --unset-all 'core.sshCommand' || :"
2026-09-28T04:49:14.5728255Z Removing HTTP extra header
2026-09-28T04:49:14.5736266Z [command]/usr/bin/git config --local --name-only --get-regexp http\.https\:\/\/github\.com\/\.extraheader
2026-09-28T04:49:14.5776498Z [command]/usr/bin/git submodule foreach --recursive sh -c "git config --local --name-only --get-regexp 'http\.https\:\/\/github\.com\/\.extraheader' && git config --local --unset-all 'http.https://github.com/.extraheader' || :"
2026-09-28T04:49:14.6045813Z Removing includeIf entries pointing to credentials config files
2026-09-28T04:49:14.6050824Z [command]/usr/bin/git config --local --name-only --get-regexp ^includeIf\.gitdir:
2026-09-28T04:49:14.6088024Z [command]/usr/bin/git submodule foreach --recursive git config --local --show-origin --name-only --get-regexp remote.origin.url
2026-09-28T04:49:14.6364352Z [command]/usr/bin/git config --file <CI_HOME>/work/_temp/git-credentials-a443f3b7-8a22-4b55-9a41-56f52c620c0c.config http.https://github.com/.extraheader AUTHORIZATION: basic ***
2026-09-28T04:49:14.6412862Z [command]/usr/bin/git config --local includeIf.gitdir:<CI_HOME>/work/Learning_Workbench/Learning_Workbench/.git.path <CI_HOME>/work/_temp/git-credentials-a443f3b7-8a22-4b55-9a41-56f52c620c0c.config
2026-09-28T04:49:14.6448277Z [command]/usr/bin/git config --local includeIf.gitdir:<CI_HOME>/work/Learning_Workbench/Learning_Workbench/.git/worktrees/*.path <CI_HOME>/work/_temp/git-credentials-a443f3b7-8a22-4b55-9a41-56f52c620c0c.config
2026-09-28T04:49:14.6487221Z [command]/usr/bin/git config --local includeIf.gitdir:/github/workspace/.git.path /github/runner_temp/git-credentials-a443f3b7-8a22-4b55-9a41-56f52c620c0c.config
2026-09-28T04:49:14.6522819Z [command]/usr/bin/git config --local includeIf.gitdir:/github/workspace/.git/worktrees/*.path /github/runner_temp/git-credentials-a443f3b7-8a22-4b55-9a41-56f52c620c0c.config
2026-09-28T04:49:14.6554231Z ##[endgroup]
2026-09-28T04:49:14.6555571Z ##[group]Fetching the repository
2026-09-28T04:49:14.6562727Z [command]/usr/bin/git -c protocol.version=2 fetch --no-tags --prune --no-recurse-submodules --depth=1 origin +fc68b39c5d17aee48768dc983ccac49ee387ebe3:refs/remotes/pull/55/merge
2026-09-28T04:49:19.1734453Z From https://github.com/kl3574/Learning_Workbench
2026-09-28T04:49:19.1736586Z  * [new ref]         fc68b39c5d17aee48768dc983ccac49ee387ebe3 -> pull/55/merge
2026-09-28T04:49:19.1740820Z ##[endgroup]
2026-09-28T04:49:19.1742750Z ##[group]Determining the checkout info
2026-09-28T04:49:19.1744482Z ##[endgroup]
2026-09-28T04:49:19.1747889Z [command]/usr/bin/git sparse-checkout disable
2026-09-28T04:49:19.1799537Z [command]/usr/bin/git config --local --unset-all extensions.worktreeConfig
2026-09-28T04:49:19.1830396Z ##[group]Checking out the ref
2026-09-28T04:49:19.1833954Z [command]/usr/bin/git checkout --progress --force refs/remotes/pull/55/merge
2026-09-28T04:49:20.2070425Z Updating files:  79% (9931/12493)
2026-09-28T04:49:20.2157946Z Updating files:  80% (9995/12493)
2026-09-28T04:49:20.2263314Z Updating files:  81% (10120/12493)
2026-09-28T04:49:20.2382446Z Updating files:  82% (10245/12493)
2026-09-28T04:49:20.2492715Z Updating files:  83% (10370/12493)
2026-09-28T04:49:20.2705499Z Updating files:  84% (10495/12493)
2026-09-28T04:49:20.2795982Z Updating files:  85% (10620/12493)
2026-09-28T04:49:20.2939250Z Updating files:  86% (10744/12493)
2026-09-28T04:49:20.3040188Z Updating files:  87% (10869/12493)
2026-09-28T04:49:20.3163059Z Updating files:  88% (10994/12493)
2026-09-28T04:49:20.3334129Z Updating files:  89% (11119/12493)
2026-09-28T04:49:20.3521085Z Updating files:  90% (11244/12493)
2026-09-28T04:49:20.3652756Z Updating files:  91% (11369/12493)
2026-09-28T04:49:20.3750896Z Updating files:  92% (11494/12493)
2026-09-28T04:49:20.3825943Z Updating files:  93% (11619/12493)
2026-09-28T04:49:20.3937322Z Updating files:  94% (11744/12493)
2026-09-28T04:49:20.4058655Z Updating files:  95% (11869/12493)
2026-09-28T04:49:20.4120874Z Updating files:  96% (11994/12493)
2026-09-28T04:49:20.4193114Z Updating files:  97% (12119/12493)
2026-09-28T04:49:20.4268054Z Updating files:  98% (12244/12493)
2026-09-28T04:49:20.4345681Z Updating files:  99% (12369/12493)
2026-09-28T04:49:20.4347933Z Updating files: 100% (12493/12493)
2026-09-28T04:49:20.4350037Z Updating files: 100% (12493/12493), done.
2026-09-28T04:49:20.4514753Z Note: switching to 'refs/remotes/pull/55/merge'.
2026-09-28T04:49:20.4516556Z 
2026-09-28T04:49:20.4518103Z You are in 'detached HEAD' state. You can look around, make experimental
2026-09-28T04:49:20.4520822Z changes and commit them, and you can discard any commits you make in this
2026-09-28T04:49:20.4523320Z state without impacting any branches by switching back to a branch.
2026-09-28T04:49:20.4524429Z 
2026-09-28T04:49:20.4525303Z If you want to create a new branch to retain commits you create, you may
2026-09-28T04:49:20.4527196Z do so (now or later) by using -c with the switch command. Example:
2026-09-28T04:49:20.4528238Z 
2026-09-28T04:49:20.4528839Z   git switch -c <new-branch-name>
2026-09-28T04:49:20.4529591Z 
2026-09-28T04:49:20.4530184Z Or undo this operation with:
2026-09-28T04:49:20.4530882Z 
2026-09-28T04:49:20.4531469Z   git switch -
2026-09-28T04:49:20.4532014Z 
2026-09-28T04:49:20.4533250Z Turn off this advice by setting config variable advice.detachedHead to false
2026-09-28T04:49:20.4534525Z 
2026-09-28T04:49:20.4536071Z HEAD is now at fc68b39 Merge a944ebfbdb835a731393977a606db5b473846e98 into 2cf5caa3f966f919997c37b64d0bbf0e332438df
2026-09-28T04:49:20.4599831Z ##[endgroup]
2026-09-28T04:49:20.4653698Z [command]/usr/bin/git log -1 --format=%H
2026-09-28T04:49:20.4682033Z fc68b39c5d17aee48768dc983ccac49ee387ebe3
2026-09-28T04:49:20.5149808Z ##[group]Run actions/setup-python@5fda3b95a4ea91299a34e894583c3862153e4b97
2026-09-28T04:49:20.5151474Z with:
2026-09-28T04:49:20.5152270Z   python-version: 3.12.13
2026-09-28T04:49:20.5153593Z   check-latest: false
2026-09-28T04:49:20.5163863Z   token: ***
2026-09-28T04:49:20.5164729Z   update-environment: true
2026-09-28T04:49:20.5165735Z   allow-prereleases: false
2026-09-28T04:49:20.5166735Z   freethreaded: false
2026-09-28T04:49:20.5167622Z ##[endgroup]
2026-09-28T04:49:20.6374774Z ##[group]Installed versions
2026-09-28T04:49:20.6387788Z Version 3.12.13 was not found in the local cache
2026-09-28T04:49:21.3607212Z Version 3.12.13 is available for downloading
2026-09-28T04:49:21.3608781Z Download from "https://github.com/actions/python-versions/releases/download/3.12.13-27650778726/python-3.12.13-linux-26.04-x64.tar.gz"
2026-09-28T04:49:22.0199968Z Extract downloaded archive
2026-09-28T04:49:22.0363611Z [command]/usr/bin/tar xz --warning=no-unknown-keyword --overwrite -C <CI_HOME>/work/_temp/62e10411-ca1e-411f-bf8b-ffa5b2c2e122 -f <CI_HOME>/work/_temp/f427be4b-a62e-4442-b4a1-647530bb9a07
2026-09-28T04:49:23.2366667Z Execute installation script
2026-09-28T04:49:23.2505193Z Check if Python hostedtoolcache folder exist...
2026-09-28T04:49:23.2513507Z Create Python 3.12.13 folder
2026-09-28T04:49:23.2534056Z Copy Python binaries to hostedtoolcache folder
2026-09-28T04:49:23.7256724Z Create additional symlinks (Required for the UsePythonVersion Azure Pipelines task and the setup-python GitHub Action)
2026-09-28T04:49:23.7375291Z Upgrading pip...
2026-09-28T04:49:25.7856661Z Collecting pip
2026-09-28T04:49:25.8583950Z Downloading pip-26.2.1-py3-none-any.whl.metadata (4.6 kB)
2026-09-28T04:49:25.8848902Z Downloading pip-26.2.1-py3-none-any.whl (1.8 MB)
2026-09-28T04:49:25.9936389Z ━━━━━━━━━━━━━━━━━━━━━━━━━━━━━━━━━━━━━━━━ 1.8/1.8 MB 27.4 MB/s eta 0:00:00
2026-09-28T04:49:25.9937026Z 
2026-09-28T04:49:26.0129007Z Installing collected packages: pip
2026-09-28T04:49:26.0129837Z Attempting uninstall: pip
2026-09-28T04:49:26.0151416Z Found existing installation: pip 25.0.1
2026-09-28T04:49:26.0492330Z Uninstalling pip-25.0.1:
2026-09-28T04:49:26.0551138Z Successfully uninstalled pip-25.0.1
2026-09-28T04:49:26.9639043Z Successfully installed pip-26.2.1
2026-09-28T04:49:27.0149156Z Create complete file
2026-09-28T04:49:27.0216507Z Successfully set up CPython (3.12.13)
2026-09-28T04:49:27.0217527Z ##[endgroup]
2026-09-28T04:49:27.0391861Z ##[group]Run python -m pip install uv==0.11.21
2026-09-28T04:49:27.0392305Z [36;1mpython -m pip install uv==0.11.21[0m
2026-09-28T04:49:27.0563980Z shell: /usr/bin/bash -e {0}
2026-09-28T04:49:27.0564310Z env:
2026-09-28T04:49:27.0564618Z   pythonLocation: /opt/hostedtoolcache/Python/3.12.13/x64
2026-09-28T04:49:27.0565142Z   PKG_CONFIG_PATH: /opt/hostedtoolcache/Python/3.12.13/x64/lib/pkgconfig
2026-09-28T04:49:27.0565637Z   Python_ROOT_DIR: /opt/hostedtoolcache/Python/3.12.13/x64
2026-09-28T04:49:27.0566094Z   Python2_ROOT_DIR: /opt/hostedtoolcache/Python/3.12.13/x64
2026-09-28T04:49:27.0566555Z   Python3_ROOT_DIR: /opt/hostedtoolcache/Python/3.12.13/x64
2026-09-28T04:49:27.0567029Z   LD_LIBRARY_PATH: /opt/hostedtoolcache/Python/3.12.13/x64/lib
2026-09-28T04:49:27.0567425Z ##[endgroup]
2026-09-28T04:49:28.2886458Z Collecting uv==0.11.21
2026-09-28T04:49:28.3570704Z   Downloading uv-0.11.21-py3-none-manylinux_2_17_x86_64.manylinux2014_x86_64.whl.metadata (11 kB)
2026-09-28T04:49:28.3817610Z Downloading uv-0.11.21-py3-none-manylinux_2_17_x86_64.manylinux2014_x86_64.whl (25.1 MB)
2026-09-28T04:49:28.6821726Z    ━━━━━━━━━━━━━━━━━━━━━━━━━━━━━━━━━━━━━━━━ 25.1/25.1 MB 97.1 MB/s  0:00:00
2026-09-28T04:49:28.7270742Z Installing collected packages: uv
2026-09-28T04:49:28.9851922Z Successfully installed uv-0.11.21
2026-09-28T04:49:29.0414169Z ##[group]Run uv sync --frozen
2026-09-28T04:49:29.0414513Z [36;1muv sync --frozen[0m
2026-09-28T04:49:29.0474295Z shell: /usr/bin/bash -e {0}
2026-09-28T04:49:29.0474550Z env:
2026-09-28T04:49:29.0474821Z   pythonLocation: /opt/hostedtoolcache/Python/3.12.13/x64
2026-09-28T04:49:29.0475282Z   PKG_CONFIG_PATH: /opt/hostedtoolcache/Python/3.12.13/x64/lib/pkgconfig
2026-09-28T04:49:29.0475739Z   Python_ROOT_DIR: /opt/hostedtoolcache/Python/3.12.13/x64
2026-09-28T04:49:29.0476129Z   Python2_ROOT_DIR: /opt/hostedtoolcache/Python/3.12.13/x64
2026-09-28T04:49:29.0476519Z   Python3_ROOT_DIR: /opt/hostedtoolcache/Python/3.12.13/x64
2026-09-28T04:49:29.0476912Z   LD_LIBRARY_PATH: /opt/hostedtoolcache/Python/3.12.13/x64/lib
2026-09-28T04:49:29.0477464Z ##[endgroup]
2026-09-28T04:49:29.1076275Z Using CPython 3.12.13 interpreter at: /opt/hostedtoolcache/Python/3.12.13/x64/bin/python3.12
2026-09-28T04:49:29.1077047Z Creating virtual environment at: .venv
2026-09-28T04:49:29.1881698Z Downloading pygments (1.2MiB)
2026-09-28T04:49:29.1886914Z Downloading mypy (14.6MiB)
2026-09-28T04:49:29.1890457Z Downloading pydantic-core (2.0MiB)
2026-09-28T04:49:29.1894756Z Downloading ruff (9.9MiB)
2026-09-28T04:49:29.1896196Z Downloading ast-serialize (1.3MiB)
2026-09-28T04:49:29.4216407Z  Downloaded ast-serialize
2026-09-28T04:49:29.4486599Z  Downloaded pydantic-core
2026-09-28T04:49:29.4870736Z  Downloaded ruff
2026-09-28T04:49:29.5727359Z  Downloaded pygments
2026-09-28T04:49:29.7236402Z  Downloaded mypy
2026-09-28T04:49:29.7238990Z Prepared 37 packages in 613ms
2026-09-28T04:49:29.7697700Z Installed 37 packages in 45ms
2026-09-28T04:49:29.7698278Z  + annotated-doc==0.0.5
2026-09-28T04:49:29.7698751Z  + annotated-types==0.8.0
2026-09-28T04:49:29.7699201Z  + anyio==4.15.1
2026-09-28T04:49:29.7699641Z  + ast-serialize==0.11.2
2026-09-28T04:49:29.7700078Z  + attrs==26.1.0
2026-09-28T04:49:29.7700471Z  + certifi==2026.7.22
2026-09-28T04:49:29.7700881Z  + click==8.5.0
2026-09-28T04:49:29.7701280Z  + defusedxml==0.7.1
2026-09-28T04:49:29.7701702Z  + fastapi==0.141.1
2026-09-28T04:49:29.7702143Z  + h11==0.16.0
2026-09-28T04:49:29.7702730Z  + httpcore==1.0.9
2026-09-28T04:49:29.7703147Z  + httpx==0.28.1
2026-09-28T04:49:29.7703530Z  + idna==3.19
2026-09-28T04:49:29.7703906Z  + iniconfig==2.3.0
2026-09-28T04:49:29.7704313Z  + jsonschema==4.26.0
2026-09-28T04:49:29.7704788Z  + jsonschema-specifications==2025.9.1
2026-09-28T04:49:29.7705325Z  + librt==0.15.0
2026-09-28T04:49:29.7705728Z  + markdown-it-py==4.2.0
2026-09-28T04:49:29.7706173Z  + mdurl==0.1.2
2026-09-28T04:49:29.7706553Z  + mypy==2.3.1
2026-09-28T04:49:29.7706954Z  + mypy-extensions==1.1.0
2026-09-28T04:49:29.7707408Z  + packaging==26.3
2026-09-28T04:49:29.7707800Z  + pathspec==1.1.1
2026-09-28T04:49:29.7708191Z  + pluggy==1.6.0
2026-09-28T04:49:29.7708576Z  + pydantic==2.13.5
2026-09-28T04:49:29.7708972Z  + pydantic-core==2.46.5
2026-09-28T04:49:29.7709387Z  + pygments==2.21.0
2026-09-28T04:49:29.7709770Z  + pypdf==6.18.1
2026-09-28T04:49:29.7710124Z  + pytest==9.1.1
2026-09-28T04:49:29.7710351Z  + python-multipart==0.0.32
2026-09-28T04:49:29.7710593Z  + referencing==0.37.0
2026-09-28T04:49:29.7710816Z  + rpds-py==2026.6.3
2026-09-28T04:49:29.7711025Z  + ruff==0.16.7
2026-09-28T04:49:29.7711227Z  + starlette==1.6.0
2026-09-28T04:49:29.7711446Z  + typing-extensions==4.16.0
2026-09-28T04:49:29.7711697Z  + typing-inspection==0.4.4
2026-09-28T04:49:29.7711924Z  + uvicorn==0.53.0
2026-09-28T04:49:29.7786511Z ##[group]Run sudo apt-get update
2026-09-28T04:49:29.7786835Z [36;1msudo apt-get update[0m
2026-09-28T04:49:29.7787482Z [36;1msudo apt-get install -y bubblewrap=0.11.1-1ubuntu0.3 apparmor=5.0.2-0ubuntu1~26.04.1 libapparmor1=5.0.2-0ubuntu1~26.04.1 libseccomp2=2.6.0-2ubuntu5[0m
2026-09-28T04:49:29.7788372Z [36;1mdpkg-query -W bubblewrap apparmor libapparmor1 libseccomp2[0m
2026-09-28T04:49:29.7788817Z [36;1mtest -f /etc/apparmor.d/bwrap-userns-restrict[0m
2026-09-28T04:49:29.7789140Z [36;1mbwrap --version[0m
2026-09-28T04:49:29.7847846Z shell: /usr/bin/bash -e {0}
2026-09-28T04:49:29.7848102Z env:
2026-09-28T04:49:29.7848376Z   pythonLocation: /opt/hostedtoolcache/Python/3.12.13/x64
2026-09-28T04:49:29.7848833Z   PKG_CONFIG_PATH: /opt/hostedtoolcache/Python/3.12.13/x64/lib/pkgconfig
2026-09-28T04:49:29.7849270Z   Python_ROOT_DIR: /opt/hostedtoolcache/Python/3.12.13/x64
2026-09-28T04:49:29.7849655Z   Python2_ROOT_DIR: /opt/hostedtoolcache/Python/3.12.13/x64
2026-09-28T04:49:29.7850072Z   Python3_ROOT_DIR: /opt/hostedtoolcache/Python/3.12.13/x64
2026-09-28T04:49:29.7850452Z   LD_LIBRARY_PATH: /opt/hostedtoolcache/Python/3.12.13/x64/lib
2026-09-28T04:49:29.7850771Z ##[endgroup]
2026-09-28T04:49:29.8698359Z Get:1 file:/etc/apt/apt-mirrors.txt Mirrorlist [144 B]
2026-09-28T04:49:29.8851087Z Get:6 https://packages.microsoft.com/ubuntu/26.04/prod resolute InRelease [3964 B]
2026-09-28T04:49:29.8977853Z Hit:2 http://azure.archive.ubuntu.com/ubuntu resolute InRelease
2026-09-28T04:49:29.8999638Z Get:3 http://azure.archive.ubuntu.com/ubuntu resolute-updates InRelease [137 kB]
2026-09-28T04:49:29.9042115Z Get:4 http://azure.archive.ubuntu.com/ubuntu resolute-backports InRelease [137 kB]
2026-09-28T04:49:29.9068021Z Get:5 http://azure.archive.ubuntu.com/ubuntu resolute-security InRelease [137 kB]
2026-09-28T04:49:29.9161884Z Get:7 https://packages.microsoft.com/ubuntu/26.04/prod resolute/main arm64 Packages [62.5 kB]
2026-09-28T04:49:29.9405491Z Get:8 https://packages.microsoft.com/ubuntu/26.04/prod resolute/main amd64 Packages [71.7 kB]
2026-09-28T04:49:29.9444628Z Get:9 https://packages.microsoft.com/ubuntu/26.04/prod resolute/main armhf Packages [795 B]
2026-09-28T04:49:29.9539207Z Get:10 http://azure.archive.ubuntu.com/ubuntu resolute-updates/main amd64v3 Packages [680 kB]
2026-09-28T04:49:29.9643640Z Get:11 http://azure.archive.ubuntu.com/ubuntu resolute-updates/main Translation-en [161 kB]
2026-09-28T04:49:29.9703496Z Get:12 http://azure.archive.ubuntu.com/ubuntu resolute-updates/main amd64 Components [98.0 kB]
2026-09-28T04:49:29.9733452Z Get:13 http://azure.archive.ubuntu.com/ubuntu resolute-updates/universe amd64v3 Packages [307 kB]
2026-09-28T04:49:29.9793252Z Get:14 http://azure.archive.ubuntu.com/ubuntu resolute-updates/universe Translation-en [98.6 kB]
2026-09-28T04:49:29.9794561Z Get:15 http://azure.archive.ubuntu.com/ubuntu resolute-updates/universe amd64 Components [190 kB]
2026-09-28T04:49:29.9853537Z Get:16 http://azure.archive.ubuntu.com/ubuntu resolute-updates/restricted amd64v3 Packages [458 kB]
2026-09-28T04:49:29.9875146Z Get:17 http://azure.archive.ubuntu.com/ubuntu resolute-updates/restricted Translation-en [90.8 kB]
2026-09-28T04:49:29.9903702Z Get:18 http://azure.archive.ubuntu.com/ubuntu resolute-backports/universe amd64 Components [1060 B]
2026-09-28T04:49:29.9933616Z Get:19 http://azure.archive.ubuntu.com/ubuntu resolute-security/main amd64v3 Packages [532 kB]
2026-09-28T04:49:30.0439310Z Get:20 http://azure.archive.ubuntu.com/ubuntu resolute-security/main Translation-en [125 kB]
2026-09-28T04:49:30.0463921Z Get:21 http://azure.archive.ubuntu.com/ubuntu resolute-security/main amd64 Components [46.7 kB]
2026-09-28T04:49:30.0473993Z Get:22 http://azure.archive.ubuntu.com/ubuntu resolute-security/universe amd64v3 Packages [184 kB]
2026-09-28T04:49:30.0493280Z Get:23 http://azure.archive.ubuntu.com/ubuntu resolute-security/universe Translation-en [58.5 kB]
2026-09-28T04:49:30.0514092Z Get:24 http://azure.archive.ubuntu.com/ubuntu resolute-security/universe amd64 Components [43.4 kB]
2026-09-28T04:49:30.0543704Z Get:25 http://azure.archive.ubuntu.com/ubuntu resolute-security/restricted amd64v3 Packages [437 kB]
2026-09-28T04:49:30.0555683Z Get:26 http://azure.archive.ubuntu.com/ubuntu resolute-security/restricted Translation-en [86.2 kB]
2026-09-28T04:49:33.5028877Z Fetched 4148 kB in 0s (10.1 MB/s)
2026-09-28T04:49:34.1463178Z Reading package lists...
2026-09-28T04:49:34.1802337Z Reading package lists...
2026-09-28T04:49:34.3294461Z Building dependency tree...
2026-09-28T04:49:34.3302012Z Reading state information...
2026-09-28T04:49:34.3626471Z bubblewrap is already the newest version (0.11.1-1ubuntu0.3).
2026-09-28T04:49:34.4197871Z bubblewrap set to manually installed.
2026-09-28T04:49:34.4198755Z apparmor is already the newest version (5.0.2-0ubuntu1~26.04.1).
2026-09-28T04:49:34.4199375Z apparmor set to manually installed.
2026-09-28T04:49:34.4199961Z libapparmor1 is already the newest version (5.0.2-0ubuntu1~26.04.1).
2026-09-28T04:49:34.4200620Z libapparmor1 set to manually installed.
2026-09-28T04:49:34.4201173Z libseccomp2 is already the newest version (2.6.0-2ubuntu5).
2026-09-28T04:49:34.4201738Z libseccomp2 set to manually installed.
2026-09-28T04:49:34.4202175Z Solving dependencies...
2026-09-28T04:49:34.5426664Z 0 upgraded, 0 newly installed, 0 to remove and 39 not upgraded.
2026-09-28T04:49:34.5565823Z apparmor	5.0.2-0ubuntu1~26.04.1
2026-09-28T04:49:34.5566706Z bubblewrap	0.11.1-1ubuntu0.3
2026-09-28T04:49:34.5567190Z libapparmor1:amd64	5.0.2-0ubuntu1~26.04.1
2026-09-28T04:49:34.5567708Z libseccomp2:amd64	2.6.0-2ubuntu5
2026-09-28T04:49:34.5709889Z bubblewrap 0.11.1
2026-09-28T04:49:34.5744424Z ##[group]Run uv run --frozen ruff check .
2026-09-28T04:49:34.5744781Z [36;1muv run --frozen ruff check .[0m
2026-09-28T04:49:34.5801999Z shell: /usr/bin/bash -e {0}
2026-09-28T04:49:34.5802244Z env:
2026-09-28T04:49:34.5802655Z   pythonLocation: /opt/hostedtoolcache/Python/3.12.13/x64
2026-09-28T04:49:34.5803115Z   PKG_CONFIG_PATH: /opt/hostedtoolcache/Python/3.12.13/x64/lib/pkgconfig
2026-09-28T04:49:34.5803546Z   Python_ROOT_DIR: /opt/hostedtoolcache/Python/3.12.13/x64
2026-09-28T04:49:34.5803922Z   Python2_ROOT_DIR: /opt/hostedtoolcache/Python/3.12.13/x64
2026-09-28T04:49:34.5804299Z   Python3_ROOT_DIR: /opt/hostedtoolcache/Python/3.12.13/x64
2026-09-28T04:49:34.5804795Z   LD_LIBRARY_PATH: /opt/hostedtoolcache/Python/3.12.13/x64/lib
2026-09-28T04:49:34.5824483Z ##[endgroup]
2026-09-28T04:49:34.7080023Z All checks passed!
2026-09-28T04:49:34.7137630Z ##[group]Run uv run --frozen mypy
2026-09-28T04:49:34.7137955Z [36;1muv run --frozen mypy[0m
2026-09-28T04:49:34.7196815Z shell: /usr/bin/bash -e {0}
2026-09-28T04:49:34.7197073Z env:
2026-09-28T04:49:34.7197340Z   pythonLocation: /opt/hostedtoolcache/Python/3.12.13/x64
2026-09-28T04:49:34.7197781Z   PKG_CONFIG_PATH: /opt/hostedtoolcache/Python/3.12.13/x64/lib/pkgconfig
2026-09-28T04:49:34.7198230Z   Python_ROOT_DIR: /opt/hostedtoolcache/Python/3.12.13/x64
2026-09-28T04:49:34.7198614Z   Python2_ROOT_DIR: /opt/hostedtoolcache/Python/3.12.13/x64
2026-09-28T04:49:34.7199004Z   Python3_ROOT_DIR: /opt/hostedtoolcache/Python/3.12.13/x64
2026-09-28T04:49:34.7199395Z   LD_LIBRARY_PATH: /opt/hostedtoolcache/Python/3.12.13/x64/lib
2026-09-28T04:49:34.7199718Z ##[endgroup]
2026-09-28T04:49:43.6916361Z Success: no issues found in 204 source files
2026-09-28T04:49:43.7165918Z ##[group]Run uv run --frozen python scripts/probe_document_sandbox.py
2026-09-28T04:49:43.7166444Z [36;1muv run --frozen python scripts/probe_document_sandbox.py[0m
2026-09-28T04:49:43.7223013Z shell: /usr/bin/bash -e {0}
2026-09-28T04:49:43.7223277Z env:
2026-09-28T04:49:43.7223543Z   pythonLocation: /opt/hostedtoolcache/Python/3.12.13/x64
2026-09-28T04:49:43.7223987Z   PKG_CONFIG_PATH: /opt/hostedtoolcache/Python/3.12.13/x64/lib/pkgconfig
2026-09-28T04:49:43.7224425Z   Python_ROOT_DIR: /opt/hostedtoolcache/Python/3.12.13/x64
2026-09-28T04:49:43.7224802Z   Python2_ROOT_DIR: /opt/hostedtoolcache/Python/3.12.13/x64
2026-09-28T04:49:43.7225175Z   Python3_ROOT_DIR: /opt/hostedtoolcache/Python/3.12.13/x64
2026-09-28T04:49:43.7225555Z   LD_LIBRARY_PATH: /opt/hostedtoolcache/Python/3.12.13/x64/lib
2026-09-28T04:49:43.7225875Z ##[endgroup]
2026-09-28T04:49:44.2316832Z {
2026-09-28T04:49:44.2317807Z   "scope": "fixed synthetic runtime probe; no uploaded document or environment dump",
2026-09-28T04:49:44.2319001Z   "python_version": "3.12.13",
2026-09-28T04:49:44.2319643Z   "exit_code": 0,
2026-09-28T04:49:44.2320273Z   "stdout": "{\"synthetic_runtime_ready\": true}\n",
2026-09-28T04:49:44.2321001Z   "stderr": "",
2026-09-28T04:49:44.2321505Z   "status": "PASS"
2026-09-28T04:49:44.2322002Z }
2026-09-28T04:49:44.2561812Z ##[group]Run uv run --frozen pytest tests/unit tests/security
2026-09-28T04:49:44.2562279Z [36;1muv run --frozen pytest tests/unit tests/security[0m
2026-09-28T04:49:44.2619551Z shell: /usr/bin/bash -e {0}
2026-09-28T04:49:44.2619800Z env:
2026-09-28T04:49:44.2620069Z   pythonLocation: /opt/hostedtoolcache/Python/3.12.13/x64
2026-09-28T04:49:44.2620514Z   PKG_CONFIG_PATH: /opt/hostedtoolcache/Python/3.12.13/x64/lib/pkgconfig
2026-09-28T04:49:44.2620939Z   Python_ROOT_DIR: /opt/hostedtoolcache/Python/3.12.13/x64
2026-09-28T04:49:44.2621313Z   Python2_ROOT_DIR: /opt/hostedtoolcache/Python/3.12.13/x64
2026-09-28T04:49:44.2621703Z   Python3_ROOT_DIR: /opt/hostedtoolcache/Python/3.12.13/x64
2026-09-28T04:49:44.2622284Z   LD_LIBRARY_PATH: /opt/hostedtoolcache/Python/3.12.13/x64/lib
2026-09-28T04:49:44.2622871Z ##[endgroup]
2026-09-28T04:49:47.8011912Z ============================= test session starts ==============================
2026-09-28T04:49:47.8013186Z platform linux -- Python 3.12.13, pytest-9.1.1, pluggy-1.6.0
2026-09-28T04:49:47.8014072Z rootdir: <CI_HOME>/work/Learning_Workbench/Learning_Workbench
2026-09-28T04:49:47.8014779Z configfile: pyproject.toml
2026-09-28T04:49:47.8015260Z plugins: anyio-4.15.1
2026-09-28T04:49:47.8015675Z collected 731 items
2026-09-28T04:49:47.8015961Z 
2026-09-28T04:49:47.8630160Z tests/unit/test_authoring_group_validation.py .......................... [  3%]
2026-09-28T04:49:47.9146030Z ..........                                                               [  4%]
2026-09-28T04:49:47.9391623Z tests/unit/test_authoring_numeric.py .................................   [  9%]
2026-09-28T04:49:48.0616908Z tests/unit/test_backend_database.py .........                            [ 10%]
2026-09-28T04:49:48.6773378Z tests/unit/test_backup_command.py ....                                   [ 11%]
2026-09-28T04:49:48.6939722Z tests/unit/test_concept_state_rules.py ..................                [ 13%]
2026-09-28T04:49:48.7615242Z tests/unit/test_content_store.py ....................................... [ 19%]
2026-09-28T04:49:49.1020375Z ...............................                                          [ 23%]
2026-09-28T04:49:52.6322960Z tests/unit/test_document_extraction.py ................................. [ 27%]
2026-09-28T04:49:53.8721877Z ................                                                         [ 29%]
2026-09-28T04:49:53.9181891Z tests/unit/test_eligibility.py ......................................... [ 35%]
2026-09-28T04:49:53.9262604Z .......                                                                  [ 36%]
2026-09-28T04:49:53.9320679Z tests/unit/test_governance.py .....                                      [ 37%]
2026-09-28T04:49:53.9767620Z tests/unit/test_grading_rules.py ....................................... [ 42%]
2026-09-28T04:49:54.0339163Z ....................................................                     [ 49%]
2026-09-28T04:49:54.0875811Z tests/unit/test_import_budgets.py ......................                 [ 52%]
2026-09-28T04:49:54.4689902Z tests/unit/test_import_parsing.py ...................................... [ 57%]
2026-09-28T04:49:54.6495431Z ......                                                                   [ 58%]
2026-09-28T04:49:55.3967259Z tests/unit/test_provider_budget.py ............                          [ 60%]
2026-09-28T04:49:55.9577720Z tests/unit/test_provider_proof_binding.py .........                      [ 61%]
2026-09-28T04:49:56.4040661Z tests/unit/test_provider_protocol.py .............................       [ 65%]
2026-09-28T04:49:57.8942342Z tests/unit/test_provider_reference_events.py ...............             [ 67%]
2026-09-28T04:50:00.3594387Z tests/unit/test_provider_repository.py ...........                       [ 69%]
2026-09-28T04:50:01.4313866Z tests/unit/test_provider_secret_store.py .......................         [ 72%]
2026-09-28T04:50:01.4517482Z tests/unit/test_question_solution_validation.py ........................ [ 75%]
2026-09-28T04:50:01.5131125Z ..................................                                       [ 80%]
2026-09-28T04:50:01.5189800Z tests/unit/test_recommendation_config.py .......                         [ 81%]
2026-09-28T04:50:01.6159857Z tests/unit/test_recommendation_rules.py ..................               [ 83%]
2026-09-28T04:50:01.7207868Z tests/unit/test_retrieval_lexical.py ................................... [ 88%]
2026-09-28T04:50:01.7583308Z ....                                                                     [ 88%]
2026-09-28T04:50:04.0665940Z tests/unit/test_spec_catalog.py ....                                     [ 89%]
2026-09-28T04:50:04.0885679Z tests/unit/test_spec_extraction.py .........                             [ 90%]
2026-09-28T04:50:06.4023605Z tests/security/test_document_sandbox.py ...............                  [ 92%]
2026-09-28T04:50:17.5269026Z tests/security/test_local_boundary.py .................................  [ 97%]
2026-09-28T04:50:18.2377778Z tests/security/test_provider_network.py ....................             [100%]
2026-09-28T04:50:18.2378406Z 
2026-09-28T04:50:18.2378647Z =============================== warnings summary ===============================
2026-09-28T04:50:18.2379300Z .venv/lib/python3.12/site-packages/fastapi/testclient.py:1
2026-09-28T04:50:18.2380988Z   <CI_HOME>/work/Learning_Workbench/Learning_Workbench/.venv/lib/python3.12/site-packages/fastapi/testclient.py:1: StarletteDeprecationWarning: Using `httpx` with `starlette.testclient` is deprecated; install `httpx2` instead.
2026-09-28T04:50:18.2383351Z     from starlette.testclient import TestClient as TestClient  # noqa
2026-09-28T04:50:18.2383813Z 
2026-09-28T04:50:18.2384098Z .venv/lib/python3.12/site-packages/starlette/testclient.py:53
2026-09-28T04:50:18.2385735Z   <CI_HOME>/work/Learning_Workbench/Learning_Workbench/.venv/lib/python3.12/site-packages/starlette/testclient.py:53: DeprecationWarning: The anyio.abc.BlockingPortal alias is deprecated, use anyio.from_thread.BlockingPortal instead.
2026-09-28T04:50:18.2387523Z     _PortalFactoryType = Callable[[], AbstractContextManager[anyio.abc.BlockingPortal]]
2026-09-28T04:50:18.2388071Z 
2026-09-28T04:50:18.2388386Z -- Docs: https://docs.pytest.org/en/stable/how-to/capture-warnings.html
2026-09-28T04:50:18.2389235Z ======================= 731 passed, 2 warnings in 33.06s =======================
2026-09-28T04:50:18.5352840Z Post job cleanup.
2026-09-28T04:50:18.6669482Z Post job cleanup.
2026-09-28T04:50:18.7586583Z [command]/usr/bin/git version
2026-09-28T04:50:18.7633916Z git version 2.55.0
2026-09-28T04:50:18.7724438Z Temporarily overriding HOME='<CI_HOME>/work/_temp/ae7c982c-b3cd-44ec-8d9a-1d6d611bc6bf' before making global git config changes
2026-09-28T04:50:18.7726329Z Adding repository directory to the temporary git global config as a safe directory
2026-09-28T04:50:18.7728682Z [command]/usr/bin/git config --global --add safe.directory <CI_HOME>/work/Learning_Workbench/Learning_Workbench
2026-09-28T04:50:18.7730164Z Removing SSH command configuration
2026-09-28T04:50:18.7731059Z [command]/usr/bin/git config --local --name-only --get-regexp core\.sshCommand
2026-09-28T04:50:18.7774832Z [command]/usr/bin/git submodule foreach --recursive sh -c "git config --local --name-only --get-regexp 'core\.sshCommand' && git config --local --unset-all 'core.sshCommand' || :"
2026-09-28T04:50:18.8110349Z Removing HTTP extra header
2026-09-28T04:50:18.8110994Z [command]/usr/bin/git config --local --name-only --get-regexp http\.https\:\/\/github\.com\/\.extraheader
2026-09-28T04:50:18.8159840Z [command]/usr/bin/git submodule foreach --recursive sh -c "git config --local --name-only --get-regexp 'http\.https\:\/\/github\.com\/\.extraheader' && git config --local --unset-all 'http.https://github.com/.extraheader' || :"
2026-09-28T04:50:18.8505314Z Removing includeIf entries pointing to credentials config files
2026-09-28T04:50:18.8510889Z [command]/usr/bin/git config --local --name-only --get-regexp ^includeIf\.gitdir:
2026-09-28T04:50:18.8541217Z includeif.gitdir:<CI_HOME>/work/Learning_Workbench/Learning_Workbench/.git.path
2026-09-28T04:50:18.8542667Z includeif.gitdir:<CI_HOME>/work/Learning_Workbench/Learning_Workbench/.git/worktrees/*.path
2026-09-28T04:50:18.8543752Z includeif.gitdir:/github/workspace/.git.path
2026-09-28T04:50:18.8544655Z includeif.gitdir:/github/workspace/.git/worktrees/*.path
2026-09-28T04:50:18.8551116Z [command]/usr/bin/git config --local --get-all includeif.gitdir:<CI_HOME>/work/Learning_Workbench/Learning_Workbench/.git.path
2026-09-28T04:50:18.8578532Z <CI_HOME>/work/_temp/git-credentials-a443f3b7-8a22-4b55-9a41-56f52c620c0c.config
2026-09-28T04:50:18.8589618Z [command]/usr/bin/git config --local --unset includeif.gitdir:<CI_HOME>/work/Learning_Workbench/Learning_Workbench/.git.path \/home\/runner\/work\/_temp\/git\-credentials\-a443f3b7\-8a22\-4b55\-9a41\-56f52c620c0c\.config
2026-09-28T04:50:18.8630822Z [command]/usr/bin/git config --local --get-all includeif.gitdir:<CI_HOME>/work/Learning_Workbench/Learning_Workbench/.git/worktrees/*.path
2026-09-28T04:50:18.8663095Z <CI_HOME>/work/_temp/git-credentials-a443f3b7-8a22-4b55-9a41-56f52c620c0c.config
2026-09-28T04:50:18.8672358Z [command]/usr/bin/git config --local --unset includeif.gitdir:<CI_HOME>/work/Learning_Workbench/Learning_Workbench/.git/worktrees/*.path \/home\/runner\/work\/_temp\/git\-credentials\-a443f3b7\-8a22\-4b55\-9a41\-56f52c620c0c\.config
2026-09-28T04:50:18.8712261Z [command]/usr/bin/git config --local --get-all includeif.gitdir:/github/workspace/.git.path
2026-09-28T04:50:18.8736330Z /github/runner_temp/git-credentials-a443f3b7-8a22-4b55-9a41-56f52c620c0c.config
2026-09-28T04:50:18.8743819Z [command]/usr/bin/git config --local --unset includeif.gitdir:/github/workspace/.git.path \/github\/runner_temp\/git\-credentials\-a443f3b7\-8a22\-4b55\-9a41\-56f52c620c0c\.config
2026-09-28T04:50:18.8777180Z [command]/usr/bin/git config --local --get-all includeif.gitdir:/github/workspace/.git/worktrees/*.path
2026-09-28T04:50:18.8801152Z /github/runner_temp/git-credentials-a443f3b7-8a22-4b55-9a41-56f52c620c0c.config
2026-09-28T04:50:18.8810145Z [command]/usr/bin/git config --local --unset includeif.gitdir:/github/workspace/.git/worktrees/*.path \/github\/runner_temp\/git\-credentials\-a443f3b7\-8a22\-4b55\-9a41\-56f52c620c0c\.config
2026-09-28T04:50:18.8846088Z [command]/usr/bin/git submodule foreach --recursive git config --local --show-origin --name-only --get-regexp remote.origin.url
2026-09-28T04:50:18.9138219Z Removing credentials config '<CI_HOME>/work/_temp/git-credentials-a443f3b7-8a22-4b55-9a41-56f52c620c0c.config'
2026-09-28T04:50:18.9294450Z Cleaning up orphan processes
