2026-09-28T04:49:12.0002940Z Current runner version: '2.337.0'
2026-09-28T04:49:12.0029493Z ##[group]Runner Image Provisioner
2026-09-28T04:49:12.0030320Z Hosted Compute Agent
2026-09-28T04:49:12.0031043Z Version: 20260828.587
2026-09-28T04:49:12.0031695Z Commit: abac92662cab4cc7352de4f9f9d2e2419aad9c29
2026-09-28T04:49:12.0032709Z Build Date: 2026-08-28T16:44:25Z
2026-09-28T04:49:12.0033436Z Worker ID: {86e7d664-88f0-4339-980f-47ec5fda8ec5}
2026-09-28T04:49:12.0034189Z Azure Region: eastus2
2026-09-28T04:49:12.0034815Z ##[endgroup]
2026-09-28T04:49:12.0036343Z ##[group]Operating System
2026-09-28T04:49:12.0037083Z Ubuntu
2026-09-28T04:49:12.0037655Z 24.04.5
2026-09-28T04:49:12.0038173Z LTS
2026-09-28T04:49:12.0038759Z ##[endgroup]
2026-09-28T04:49:12.0039314Z ##[group]Runner Image
2026-09-28T04:49:12.0039897Z Image: ubuntu-24.04
2026-09-28T04:49:12.0040525Z Version: 20260920.314.1
2026-09-28T04:49:12.0041815Z Included Software: https://github.com/actions/runner-images/blob/ubuntu24/20260920.314/images/ubuntu/Ubuntu2404-Readme.md
2026-09-28T04:49:12.0044146Z Image Release: https://github.com/actions/runner-images/releases/tag/ubuntu24%2F20260920.314
2026-09-28T04:49:12.0045119Z ##[endgroup]
2026-09-28T04:49:12.0046370Z ##[group]GITHUB_TOKEN Permissions
2026-09-28T04:49:12.0048336Z Contents: read
2026-09-28T04:49:12.0049052Z Metadata: read
2026-09-28T04:49:12.0049617Z ##[endgroup]
2026-09-28T04:49:12.0052269Z Secret source: Actions
2026-09-28T04:49:12.0053305Z Cache mode: write
2026-09-28T04:49:12.0054872Z Prepare workflow directory
2026-09-28T04:49:12.0387375Z Prepare all required actions
2026-09-28T04:49:12.0435201Z Getting action download info
2026-09-28T04:49:12.2859811Z Download action repository 'actions/checkout@3d3c42e5aac5ba805825da76410c181273ba90b1' (SHA:3d3c42e5aac5ba805825da76410c181273ba90b1)
2026-09-28T04:49:12.4007338Z Download action repository 'actions/setup-node@820762786026740c76f36085b0efc47a31fe5020' (SHA:820762786026740c76f36085b0efc47a31fe5020)
2026-09-28T04:49:12.5948276Z Complete job name: frontend
2026-09-28T04:49:12.6866720Z ##[group]Run actions/checkout@3d3c42e5aac5ba805825da76410c181273ba90b1
2026-09-28T04:49:12.6868190Z with:
2026-09-28T04:49:12.6868729Z   repository: kl3574/Learning_Workbench
2026-09-28T04:49:12.6873441Z   token: ***
2026-09-28T04:49:12.6873900Z   ssh-strict: true
2026-09-28T04:49:12.6874531Z   ssh-user: git
2026-09-28T04:49:12.6874994Z   persist-credentials: true
2026-09-28T04:49:12.6875646Z   clean: true
2026-09-28T04:49:12.6876112Z   sparse-checkout-cone-mode: true
2026-09-28T04:49:12.6876739Z   fetch-depth: 1
2026-09-28T04:49:12.6877263Z   fetch-tags: false
2026-09-28T04:49:12.6877708Z   show-progress: true
2026-09-28T04:49:12.6878345Z   lfs: false
2026-09-28T04:49:12.6878761Z   submodules: false
2026-09-28T04:49:12.6879379Z   set-safe-directory: true
2026-09-28T04:49:12.6879896Z   allow-unsafe-pr-checkout: false
2026-09-28T04:49:12.6880930Z ##[endgroup]
2026-09-28T04:49:12.7929631Z Syncing repository: kl3574/Learning_Workbench
2026-09-28T04:49:12.7932947Z ##[group]Getting Git version info
2026-09-28T04:49:12.7934390Z Working directory is '<CI_HOME>/work/Learning_Workbench/Learning_Workbench'
2026-09-28T04:49:12.7936451Z [command]/usr/bin/git version
2026-09-28T04:49:12.8034044Z git version 2.55.0
2026-09-28T04:49:12.8056368Z ##[endgroup]
2026-09-28T04:49:12.8068576Z Temporarily overriding HOME='<CI_HOME>/work/_temp/aed0b090-76ab-4777-b548-b65adff60bc5' before making global git config changes
2026-09-28T04:49:12.8071438Z Adding repository directory to the temporary git global config as a safe directory
2026-09-28T04:49:12.8076019Z [command]/usr/bin/git config --global --add safe.directory <CI_HOME>/work/Learning_Workbench/Learning_Workbench
2026-09-28T04:49:12.8137956Z Deleting the contents of '<CI_HOME>/work/Learning_Workbench/Learning_Workbench'
2026-09-28T04:49:12.8148331Z ##[group]Determining repository object format
2026-09-28T04:49:12.8153636Z ##[endgroup]
2026-09-28T04:49:12.8154609Z ##[group]Initializing the repository
2026-09-28T04:49:12.8156085Z [command]/usr/bin/git init <CI_HOME>/work/Learning_Workbench/Learning_Workbench
2026-09-28T04:49:12.8328551Z hint: Using 'master' as the name for the initial branch. This default branch name
2026-09-28T04:49:12.8332910Z hint: will change to "main" in Git 3.0. To configure the initial branch name
2026-09-28T04:49:12.8334553Z hint: to use in all of your new repositories, which will suppress this warning,
2026-09-28T04:49:12.8335733Z hint: call:
2026-09-28T04:49:12.8336389Z hint:
2026-09-28T04:49:12.8337183Z hint: 	git config --global init.defaultBranch <name>
2026-09-28T04:49:12.8338146Z hint:
2026-09-28T04:49:12.8339052Z hint: Names commonly chosen instead of 'master' are 'main', 'trunk' and
2026-09-28T04:49:12.8340547Z hint: 'development'. The just-created branch can be renamed via this command:
2026-09-28T04:49:12.8341725Z hint:
2026-09-28T04:49:12.8342583Z hint: 	git branch -m <name>
2026-09-28T04:49:12.8343322Z hint:
2026-09-28T04:49:12.8344404Z hint: Disable this message with "git config set advice.defaultBranchName false"
2026-09-28T04:49:12.8346245Z Initialized empty Git repository in <CI_HOME>/work/Learning_Workbench/Learning_Workbench/.git/
2026-09-28T04:49:12.8349134Z [command]/usr/bin/git remote add origin https://github.com/kl3574/Learning_Workbench
2026-09-28T04:49:12.8412972Z ##[endgroup]
2026-09-28T04:49:12.8414258Z ##[group]Disabling automatic garbage collection
2026-09-28T04:49:12.8416429Z [command]/usr/bin/git config --local gc.auto 0
2026-09-28T04:49:12.8455348Z ##[endgroup]
2026-09-28T04:49:12.8456782Z ##[group]Setting up auth
2026-09-28T04:49:12.8457677Z Removing SSH command configuration
2026-09-28T04:49:12.8463419Z [command]/usr/bin/git config --local --name-only --get-regexp core\.sshCommand
2026-09-28T04:49:12.8499987Z [command]/usr/bin/git submodule foreach --recursive sh -c "git config --local --name-only --get-regexp 'core\.sshCommand' && git config --local --unset-all 'core.sshCommand' || :"
2026-09-28T04:49:12.8931665Z Removing HTTP extra header
2026-09-28T04:49:12.8938721Z [command]/usr/bin/git config --local --name-only --get-regexp http\.https\:\/\/github\.com\/\.extraheader
2026-09-28T04:49:12.8973668Z [command]/usr/bin/git submodule foreach --recursive sh -c "git config --local --name-only --get-regexp 'http\.https\:\/\/github\.com\/\.extraheader' && git config --local --unset-all 'http.https://github.com/.extraheader' || :"
2026-09-28T04:49:12.9199304Z Removing includeIf entries pointing to credentials config files
2026-09-28T04:49:12.9204565Z [command]/usr/bin/git config --local --name-only --get-regexp ^includeIf\.gitdir:
2026-09-28T04:49:12.9239206Z [command]/usr/bin/git submodule foreach --recursive git config --local --show-origin --name-only --get-regexp remote.origin.url
2026-09-28T04:49:12.9464084Z [command]/usr/bin/git config --file <CI_HOME>/work/_temp/git-credentials-06c67a20-0626-4920-b736-b9b1362f6b91.config http.https://github.com/.extraheader AUTHORIZATION: basic ***
2026-09-28T04:49:12.9507810Z [command]/usr/bin/git config --local includeIf.gitdir:<CI_HOME>/work/Learning_Workbench/Learning_Workbench/.git.path <CI_HOME>/work/_temp/git-credentials-06c67a20-0626-4920-b736-b9b1362f6b91.config
2026-09-28T04:49:12.9544836Z [command]/usr/bin/git config --local includeIf.gitdir:<CI_HOME>/work/Learning_Workbench/Learning_Workbench/.git/worktrees/*.path <CI_HOME>/work/_temp/git-credentials-06c67a20-0626-4920-b736-b9b1362f6b91.config
2026-09-28T04:49:12.9584384Z [command]/usr/bin/git config --local includeIf.gitdir:/github/workspace/.git.path /github/runner_temp/git-credentials-06c67a20-0626-4920-b736-b9b1362f6b91.config
2026-09-28T04:49:12.9621657Z [command]/usr/bin/git config --local includeIf.gitdir:/github/workspace/.git/worktrees/*.path /github/runner_temp/git-credentials-06c67a20-0626-4920-b736-b9b1362f6b91.config
2026-09-28T04:49:12.9657039Z ##[endgroup]
2026-09-28T04:49:12.9658120Z ##[group]Fetching the repository
2026-09-28T04:49:12.9666429Z [command]/usr/bin/git -c protocol.version=2 fetch --no-tags --prune --no-recurse-submodules --depth=1 origin +fc68b39c5d17aee48768dc983ccac49ee387ebe3:refs/remotes/pull/55/merge
2026-09-28T04:49:17.1068270Z From https://github.com/kl3574/Learning_Workbench
2026-09-28T04:49:17.1070375Z  * [new ref]         fc68b39c5d17aee48768dc983ccac49ee387ebe3 -> pull/55/merge
2026-09-28T04:49:17.1073848Z ##[endgroup]
2026-09-28T04:49:17.1074801Z ##[group]Determining the checkout info
2026-09-28T04:49:17.1075781Z ##[endgroup]
2026-09-28T04:49:17.1078890Z [command]/usr/bin/git sparse-checkout disable
2026-09-28T04:49:17.1158251Z [command]/usr/bin/git config --local --unset-all extensions.worktreeConfig
2026-09-28T04:49:17.1193270Z ##[group]Checking out the ref
2026-09-28T04:49:17.1197275Z [command]/usr/bin/git checkout --progress --force refs/remotes/pull/55/merge
2026-09-28T04:49:18.1583278Z Updating files:  79% (9896/12493)
2026-09-28T04:49:18.1673738Z Updating files:  80% (9995/12493)
2026-09-28T04:49:18.1782081Z Updating files:  81% (10120/12493)
2026-09-28T04:49:18.1902883Z Updating files:  82% (10245/12493)
2026-09-28T04:49:18.2015736Z Updating files:  83% (10370/12493)
2026-09-28T04:49:18.2223707Z Updating files:  84% (10495/12493)
2026-09-28T04:49:18.2317949Z Updating files:  85% (10620/12493)
2026-09-28T04:49:18.2463585Z Updating files:  86% (10744/12493)
2026-09-28T04:49:18.2567547Z Updating files:  87% (10869/12493)
2026-09-28T04:49:18.2691275Z Updating files:  88% (10994/12493)
2026-09-28T04:49:18.2865791Z Updating files:  89% (11119/12493)
2026-09-28T04:49:18.3055548Z Updating files:  90% (11244/12493)
2026-09-28T04:49:18.3189751Z Updating files:  91% (11369/12493)
2026-09-28T04:49:18.3290497Z Updating files:  92% (11494/12493)
2026-09-28T04:49:18.3368675Z Updating files:  93% (11619/12493)
2026-09-28T04:49:18.3483335Z Updating files:  94% (11744/12493)
2026-09-28T04:49:18.3610317Z Updating files:  95% (11869/12493)
2026-09-28T04:49:18.3675424Z Updating files:  96% (11994/12493)
2026-09-28T04:49:18.3749421Z Updating files:  97% (12119/12493)
2026-09-28T04:49:18.3826440Z Updating files:  98% (12244/12493)
2026-09-28T04:49:18.3905524Z Updating files:  99% (12369/12493)
2026-09-28T04:49:18.3906387Z Updating files: 100% (12493/12493)
2026-09-28T04:49:18.3907089Z Updating files: 100% (12493/12493), done.
2026-09-28T04:49:18.4078105Z Note: switching to 'refs/remotes/pull/55/merge'.
2026-09-28T04:49:18.4079156Z 
2026-09-28T04:49:18.4080058Z You are in 'detached HEAD' state. You can look around, make experimental
2026-09-28T04:49:18.4082433Z changes and commit them, and you can discard any commits you make in this
2026-09-28T04:49:18.4083648Z state without impacting any branches by switching back to a branch.
2026-09-28T04:49:18.4084352Z 
2026-09-28T04:49:18.4084787Z If you want to create a new branch to retain commits you create, you may
2026-09-28T04:49:18.4085846Z do so (now or later) by using -c with the switch command. Example:
2026-09-28T04:49:18.4086525Z 
2026-09-28T04:49:18.4086744Z   git switch -c <new-branch-name>
2026-09-28T04:49:18.4087188Z 
2026-09-28T04:49:18.4087385Z Or undo this operation with:
2026-09-28T04:49:18.4087778Z 
2026-09-28T04:49:18.4087968Z   git switch -
2026-09-28T04:49:18.4088224Z 
2026-09-28T04:49:18.4088774Z Turn off this advice by setting config variable advice.detachedHead to false
2026-09-28T04:49:18.4089671Z 
2026-09-28T04:49:18.4090677Z HEAD is now at fc68b39 Merge a944ebfbdb835a731393977a606db5b473846e98 into 2cf5caa3f966f919997c37b64d0bbf0e332438df
2026-09-28T04:49:18.4154173Z ##[endgroup]
2026-09-28T04:49:18.4206676Z [command]/usr/bin/git log -1 --format=%H
2026-09-28T04:49:18.4235709Z fc68b39c5d17aee48768dc983ccac49ee387ebe3
2026-09-28T04:49:18.4634406Z ##[group]Run actions/setup-node@820762786026740c76f36085b0efc47a31fe5020
2026-09-28T04:49:18.4635320Z with:
2026-09-28T04:49:18.4635644Z   node-version: 24.21.0
2026-09-28T04:49:18.4636051Z   cache: npm
2026-09-28T04:49:18.4636543Z   cache-dependency-path: apps/web/package-lock.json
2026-09-28T04:49:18.4637254Z   check-latest: false
2026-09-28T04:49:18.4644632Z   token: ***
2026-09-28T04:49:18.4645035Z   package-manager-cache: true
2026-09-28T04:49:18.4645523Z ##[endgroup]
2026-09-28T04:49:18.5913612Z Found in cache @ /opt/hostedtoolcache/node/24.21.0/x64
2026-09-28T04:49:18.5915867Z ##[group]Environment details
2026-09-28T04:49:19.0337018Z node: v24.21.0
2026-09-28T04:49:19.0337629Z npm: 11.19.0
2026-09-28T04:49:19.0337855Z yarn: 1.22.22
2026-09-28T04:49:19.0338733Z ##[endgroup]
2026-09-28T04:49:19.0366325Z [command]/opt/hostedtoolcache/node/24.21.0/x64/bin/npm config get cache
2026-09-28T04:49:19.1550160Z <CI_HOME>/.npm
2026-09-28T04:49:19.2455631Z Cache hit for: node-cache-Linux-x64-npm-88346c344be99637313526bac40be213d9ff7980d5ac890cfb906fdfb94cb22b
2026-09-28T04:49:19.6911291Z Received 75890536 of 75890536 (100.0%), 185.6 MBs/sec
2026-09-28T04:49:19.6913043Z Cache Size: ~72 MB (75890536 B)
2026-09-28T04:49:19.6988811Z [command]/usr/bin/tar -xf <CI_HOME>/work/_temp/1da4335b-59f0-4703-aef4-e3865f282918/cache.tzst -P -C <CI_HOME>/work/Learning_Workbench/Learning_Workbench --use-compress-program unzstd
2026-09-28T04:49:19.8519979Z Cache restored successfully
2026-09-28T04:49:19.8565251Z Cache restored from key: node-cache-Linux-x64-npm-88346c344be99637313526bac40be213d9ff7980d5ac890cfb906fdfb94cb22b
2026-09-28T04:49:19.8770124Z ##[group]Run npm ci --prefix apps/web
2026-09-28T04:49:19.8770564Z [36;1mnpm ci --prefix apps/web[0m
2026-09-28T04:49:19.9076306Z shell: /usr/bin/bash -e {0}
2026-09-28T04:49:19.9076708Z ##[endgroup]
2026-09-28T04:49:26.4343131Z 
2026-09-28T04:49:26.4353423Z added 236 packages, and audited 237 packages in 6s
2026-09-28T04:49:26.4353948Z 
2026-09-28T04:49:26.4354296Z 118 packages are looking for funding
2026-09-28T04:49:26.4354832Z   run `npm fund` for details
2026-09-28T04:49:26.4360455Z 
2026-09-28T04:49:26.4360921Z found 0 vulnerabilities
2026-09-28T04:49:26.5690142Z ##[group]Run npm --prefix apps/web run lint
2026-09-28T04:49:26.5690568Z [36;1mnpm --prefix apps/web run lint[0m
2026-09-28T04:49:26.5757700Z shell: /usr/bin/bash -e {0}
2026-09-28T04:49:26.5757981Z ##[endgroup]
2026-09-28T04:49:26.7179923Z 
2026-09-28T04:49:26.7180749Z > @learning-workbench/web@0.1.0 lint
2026-09-28T04:49:26.7181484Z > tsc --noEmit --noUnusedLocals --noUnusedParameters
2026-09-28T04:49:26.7181821Z 
2026-09-28T04:49:27.9890365Z ##[group]Run npm --prefix apps/web run typecheck
2026-09-28T04:49:27.9890804Z [36;1mnpm --prefix apps/web run typecheck[0m
2026-09-28T04:49:27.9954237Z shell: /usr/bin/bash -e {0}
2026-09-28T04:49:27.9954513Z ##[endgroup]
2026-09-28T04:49:28.1035568Z 
2026-09-28T04:49:28.1036312Z > @learning-workbench/web@0.1.0 typecheck
2026-09-28T04:49:28.1036780Z > tsc --noEmit
2026-09-28T04:49:28.1036943Z 
2026-09-28T04:49:29.3454037Z ##[group]Run npm --prefix apps/web run test
2026-09-28T04:49:29.3454577Z [36;1mnpm --prefix apps/web run test[0m
2026-09-28T04:49:29.3520418Z shell: /usr/bin/bash -e {0}
2026-09-28T04:49:29.3520692Z ##[endgroup]
2026-09-28T04:49:29.4750377Z 
2026-09-28T04:49:29.4750887Z > @learning-workbench/web@0.1.0 test
2026-09-28T04:49:29.4751259Z > vitest run
2026-09-28T04:49:29.4751388Z 
2026-09-28T04:49:30.4717832Z 
2026-09-28T04:49:30.4722834Z [1m[30m[46m RUN [49m[39m[22m [36mv5.0.0 [39m[90m<CI_HOME>/work/Learning_Workbench/Learning_Workbench/apps/web[39m
2026-09-28T04:49:30.4723905Z 
2026-09-28T04:49:32.9034843Z  [32m✓[39m src/features/draftReview/useReview.test.tsx [2m([22m[2m15 tests[22m[2m)[22m[33m 1054[2mms[22m[39m
2026-09-28T04:49:33.0910950Z  [32m✓[39m src/features/notes/useNoteDrafts.test.tsx [2m([22m[2m15 tests[22m[2m)[22m[33m 1328[2mms[22m[39m
2026-09-28T04:49:34.5744701Z  [32m✓[39m src/features/authoring/useAuthoringGroups.test.tsx [2m([22m[2m26 tests[22m[2m)[22m[33m 2692[2mms[22m[39m
2026-09-28T04:49:34.5754439Z  [32m✓[39m src/shared/createResponseDraftJournal.test.tsx [2m([22m[2m4 tests[22m[2m)[22m[33m 733[2mms[22m[39m
2026-09-28T04:49:35.5732882Z  [32m✓[39m src/features/recommendations/useDecisions.test.tsx [2m([22m[2m11 tests[22m[2m)[22m[33m 1849[2mms[22m[39m
2026-09-28T04:49:36.4989654Z  [32m✓[39m src/features/providers/providerSecret.test.tsx [2m([22m[2m14 tests[22m[2m)[22m[32m 186[2mms[22m[39m
2026-09-28T04:49:36.7524344Z  [32m✓[39m src/features/learning/useProfile.test.tsx [2m([22m[2m8 tests[22m[2m)[22m[33m 1363[2mms[22m[39m
2026-09-28T04:49:36.7526342Z    [33m[2m✓[22m[39m a late acknowledged old command cannot erase a newer durable profile candidate after policy resume[33m 316[2mms[22m[39m
2026-09-28T04:49:37.7325170Z  [32m✓[39m src/features/practice/usePracticeSession.test.tsx [2m([22m[2m6 tests[22m[2m)[22m[33m 2389[2mms[22m[39m
2026-09-28T04:49:37.7327586Z    [33m[2m✓[22m[39m same hook identity change does not rebind or auto-save unsent A responses to B[33m 862[2mms[22m[39m
2026-09-28T04:49:37.7329819Z    [33m[2m✓[22m[39m explicit keep-local after remote submission retains the draft without a response PUT[33m 691[2mms[22m[39m
2026-09-28T04:49:37.7332393Z    [33m[2m✓[22m[39m keyed unmount with PUT in flight keeps both sessions separate and recovers A on return[33m 305[2mms[22m[39m
2026-09-28T04:49:38.1624338Z  [32m✓[39m src/features/authoring/useAuthoring.test.tsx [2m([22m[2m9 tests[22m[2m)[22m[33m 602[2mms[22m[39m
2026-09-28T04:49:38.5474735Z  [32m✓[39m src/features/providers/providerCommands.test.tsx [2m([22m[2m9 tests[22m[2m)[22m[33m 1240[2mms[22m[39m
2026-09-28T04:49:39.2834280Z  [32m✓[39m src/features/reader/selection.test.ts [2m([22m[2m33 tests[22m[2m)[22m[32m 60[2mms[22m[39m
2026-09-28T04:49:39.5985428Z  [32m✓[39m src/features/tutor/useTutor.test.tsx [2m([22m[2m11 tests[22m[2m)[22m[33m 948[2mms[22m[39m
2026-09-28T04:49:39.9373763Z  [32m✓[39m src/features/draftPublication/usePublication.test.tsx [2m([22m[2m12 tests[22m[2m)[22m[33m 905[2mms[22m[39m
2026-09-28T04:49:41.7904233Z  [32m✓[39m src/features/draftReview/ReviewPanel.test.tsx [2m([22m[2m5 tests[22m[2m)[22m[33m 1509[2mms[22m[39m
2026-09-28T04:49:41.7934122Z    [33m[2m✓[22m[39m candidate creation and human rejection each require their own explicit intent and exact basis[33m 614[2mms[22m[39m
2026-09-28T04:49:41.7940806Z    [33m[2m✓[22m[39m unsubmitted reason survives rereading the same receipt and does not carry into a new revision[33m 428[2mms[22m[39m
2026-09-28T04:49:43.0854257Z  [32m✓[39m src/features/authoring/AuthoringPanel.test.tsx [2m([22m[2m1 test[22m[2m)[22m[33m 2313[2mms[22m[39m
2026-09-28T04:49:43.0891936Z    [33m[2m✓[22m[39m typed component flow prepares once, approves same Job, reads draft and declines a separate numeric preview without execution[33m 2311[2mms[22m[39m
2026-09-28T04:49:43.2762735Z  [32m✓[39m src/features/providers/ProviderSettings.test.tsx [2m([22m[2m7 tests[22m[2m)[22m[33m 2155[2mms[22m[39m
2026-09-28T04:49:43.2764831Z    [33m[2m✓[22m[39m settings shows actual empty controls/source state without a prompt or job-id entry[33m 320[2mms[22m[39m
2026-09-28T04:49:43.2773997Z    [33m[2m✓[22m[39m config remains visibly separate from proof readiness and send needs a durable original command[33m 565[2mms[22m[39m
2026-09-28T04:49:43.2776027Z    [33m[2m✓[22m[39m a same-provider refresh must not discard an unacknowledged temporary secret[33m 338[2mms[22m[39m
2026-09-28T04:49:43.2778026Z    [33m[2m✓[22m[39m reusable preview accepts a consumer-owned task but cannot manufacture a task or dispatch on approval[33m 709[2mms[22m[39m
2026-09-28T04:49:43.3064124Z  [32m✓[39m src/workbench/useWorkbenchRecovery.test.tsx [2m([22m[2m6 tests[22m[2m)[22m[33m 327[2mms[22m[39m
2026-09-28T04:49:44.2891226Z  [32m✓[39m src/features/authoring/authoringGroupCommands.test.ts [2m([22m[2m14 tests[22m[2m)[22m[32m 57[2mms[22m[39m
2026-09-28T04:49:44.5788913Z  [32m✓[39m src/features/retrieval/useRetrieval.test.tsx [2m([22m[2m7 tests[22m[2m)[22m[33m 501[2mms[22m[39m
2026-09-28T04:49:45.3351219Z  [32m✓[39m src/features/recommendations/recommendations.test.tsx [2m([22m[2m8 tests[22m[2m)[22m[33m 992[2mms[22m[39m
2026-09-28T04:49:45.3393132Z    [33m[2m✓[22m[39m opening either real parent chain is explicit, preserves all full refs and does not accept the recommendation[33m 359[2mms[22m[39m
2026-09-28T04:49:45.8112630Z  [32m✓[39m src/features/authoring/useAuthoringObservation.test.tsx [2m([22m[2m6 tests[22m[2m)[22m[33m 467[2mms[22m[39m
2026-09-28T04:49:46.6907497Z  [32m✓[39m src/features/tutor/tutorObservation.test.ts [2m([22m[2m5 tests[22m[2m)[22m[32m 150[2mms[22m[39m
2026-09-28T04:49:46.7297651Z  [32m✓[39m src/features/authoring/useAuthoringListOrder.test.tsx [2m([22m[2m5 tests[22m[2m)[22m[33m 439[2mms[22m[39m
2026-09-28T04:49:47.6959235Z  [32m✓[39m src/workbench/DraftStore.test.ts [2m([22m[2m9 tests[22m[2m)[22m[32m 141[2mms[22m[39m
2026-09-28T04:49:47.8153597Z  [32m✓[39m src/features/assessment/useWorkspacePolicy.test.tsx [2m([22m[2m10 tests[22m[2m)[22m[32m 56[2mms[22m[39m
2026-09-28T04:49:49.2390082Z  [32m✓[39m src/workbench/PreserveReaderViewport.test.tsx [2m([22m[2m11 tests[22m[2m)[22m[33m 392[2mms[22m[39m
2026-09-28T04:49:49.6539458Z  [32m✓[39m src/features/retrieval/RetrievalPanel.test.tsx [2m([22m[2m5 tests[22m[2m)[22m[33m 856[2mms[22m[39m
2026-09-28T04:49:49.6541751Z    [33m[2m✓[22m[39m visible no_match preserves its explicit result distinction without a rebuild[33m 409[2mms[22m[39m
2026-09-28T04:49:49.9894254Z  [32m✓[39m src/features/draftReview/ReviewImportShell.test.tsx [2m([22m[2m2 tests[22m[2m)[22m[33m 3469[2mms[22m[39m
2026-09-28T04:49:49.9924038Z    [33m[2m✓[22m[39m actual Import and Shell preserve review reason until explicit close without submitting import or review[33m 1664[2mms[22m[39m
2026-09-28T04:49:49.9962216Z    [33m[2m✓[22m[39m actual Import and Shell merge publication confirmations into the existing close guard without issuing a write[33m 1804[2mms[22m[39m
2026-09-28T04:49:51.0494280Z  [32m✓[39m src/features/draftReview/reviewCommands.test.ts [2m([22m[2m6 tests[22m[2m)[22m[32m 34[2mms[22m[39m
2026-09-28T04:49:51.2472480Z  [32m✓[39m src/features/routes/RouteEditorDraftSequence.test.tsx [2m([22m[2m5 tests[22m[2m)[22m[33m 906[2mms[22m[39m
2026-09-28T04:49:51.2475102Z    [33m[2m✓[22m[39m real route input and conflict candidates survive own_save_first delivery[33m 481[2mms[22m[39m
2026-09-28T04:49:51.9244336Z  [32m✓[39m src/features/grading/useGradingResult.test.tsx [2m([22m[2m6 tests[22m[2m)[22m[33m 1138[2mms[22m[39m
2026-09-28T04:49:51.9267826Z    [33m[2m✓[22m[39m reads the actual job and polls its actual needs-review outcome without turning null into zero[33m 764[2mms[22m[39m
2026-09-28T04:49:52.2005473Z  [32m✓[39m src/features/draftPublication/publicationCommands.test.ts [2m([22m[2m3 tests[22m[2m)[22m[32m 86[2mms[22m[39m
2026-09-28T04:49:53.0092662Z  [32m✓[39m src/features/retrieval/retrievalModel.test.ts [2m([22m[2m4 tests[22m[2m)[22m[32m 27[2mms[22m[39m
2026-09-28T04:49:53.0958025Z  [32m✓[39m src/features/routes/RouteEditor.test.tsx [2m([22m[2m2 tests[22m[2m)[22m[33m 1092[2mms[22m[39m
2026-09-28T04:49:53.0960135Z    [33m[2m✓[22m[39m a route command in flight through an access change can recover its actual receipt after policy resumes[33m 772[2mms[22m[39m
2026-09-28T04:49:53.0962585Z    [33m[2m✓[22m[39m policy resume allows another route edit without a late old receipt replacing its durable command[33m 318[2mms[22m[39m
2026-09-28T04:49:54.1040656Z  [32m✓[39m src/features/grading/AssessmentResultRecovery.test.tsx [2m([22m[2m2 tests[22m[2m)[22m[33m 813[2mms[22m[39m
2026-09-28T04:49:54.1094418Z    [33m[2m✓[22m[39m a failed regrade retains the real previous score and allows a new explicit command with its grading revision[33m 614[2mms[22m[39m
2026-09-28T04:49:54.1555757Z  [32m✓[39m src/workbench/model.test.ts [2m([22m[2m9 tests[22m[2m)[22m[32m 16[2mms[22m[39m
2026-09-28T04:49:54.1984316Z  [32m✓[39m src/features/retrieval/retrievalCommands.test.ts [2m([22m[2m6 tests[22m[2m)[22m[32m 75[2mms[22m[39m
2026-09-28T04:49:55.1611271Z  [32m✓[39m src/features/assessment/assessmentClient.test.ts [2m([22m[2m4 tests[22m[2m)[22m[32m 11[2mms[22m[39m
2026-09-28T04:49:55.1751480Z  [32m✓[39m src/features/providers/providerClient.test.ts [2m([22m[2m2 tests[22m[2m)[22m[32m 22[2mms[22m[39m
2026-09-28T04:49:55.2359754Z  [32m✓[39m src/features/authoring/authoringObservation.test.ts [2m([22m[2m5 tests[22m[2m)[22m[32m 47[2mms[22m[39m
2026-09-28T04:49:56.1514962Z  [32m✓[39m src/features/draftReview/reviewClient.test.ts [2m([22m[2m2 tests[22m[2m)[22m[32m 19[2mms[22m[39m
2026-09-28T04:49:56.3488766Z  [32m✓[39m src/features/recommendations/useRecommendationNavigation.test.tsx [2m([22m[2m8 tests[22m[2m)[22m[32m 64[2mms[22m[39m
2026-09-28T04:49:56.6165616Z  [32m✓[39m src/features/tutor/practiceAssistance.test.tsx [2m([22m[2m1 test[22m[2m)[22m[33m 403[2mms[22m[39m
2026-09-28T04:49:56.6167950Z    [33m[2m✓[22m[39m shows the actual per-question AI help fact without converting it into hint level 3 or released solution[33m 401[2mms[22m[39m
2026-09-28T04:49:57.3422786Z  [32m✓[39m src/features/learning/conceptModel.test.ts [2m([22m[2m4 tests[22m[2m)[22m[32m 9[2mms[22m[39m
2026-09-28T04:49:57.7120269Z  [32m✓[39m src/features/tutor/useTutorObservation.test.tsx [2m([22m[2m2 tests[22m[2m)[22m[33m 335[2mms[22m[39m
2026-09-28T04:49:57.8737885Z  [32m✓[39m src/features/tutor/TutorControls.test.tsx [2m([22m[2m3 tests[22m[2m)[22m[33m 446[2mms[22m[39m
2026-09-28T04:49:57.8740508Z    [33m[2m✓[22m[39m releases an old pending control read on workspace change and never displays its private fields[33m 360[2mms[22m[39m
2026-09-28T04:49:58.7670521Z  [32m✓[39m src/features/tutor/TutorEvidence.test.tsx [2m([22m[2m3 tests[22m[2m)[22m[33m 330[2mms[22m[39m
2026-09-28T04:49:59.1514423Z  [32m✓[39m src/features/review/GradingHistory.test.tsx [2m([22m[2m3 tests[22m[2m)[22m[33m 400[2mms[22m[39m
2026-09-28T04:49:59.1530742Z    [33m[2m✓[22m[39m restores a selected actual old version across remount and does not silently switch when another grade arrives[33m 341[2mms[22m[39m
2026-09-28T04:49:59.7173984Z  [32m✓[39m src/features/assessment/target.test.ts [2m([22m[2m5 tests[22m[2m)[22m[32m 19[2mms[22m[39m
2026-09-28T04:50:00.0914287Z  [32m✓[39m src/features/tutor/tutorState.test.ts [2m([22m[2m4 tests[22m[2m)[22m[32m 7[2mms[22m[39m
2026-09-28T04:50:00.1408990Z  [32m✓[39m src/features/authoring/AuthoringShellAdmission.test.tsx [2m([22m[2m2 tests[22m[2m)[22m[33m 1100[2mms[22m[39m
2026-09-28T04:50:00.1453803Z    [33m[2m✓[22m[39m Shell unknown Policy still exposes actual safe Authoring cancellation[33m 777[2mms[22m[39m
2026-09-28T04:50:00.1464808Z    [33m[2m✓[22m[39m Shell independent Policy still exposes actual safe Authoring cancellation[33m 321[2mms[22m[39m
2026-09-28T04:50:00.6294223Z  [32m✓[39m src/features/learning/profileDrafts.test.ts [2m([22m[2m4 tests[22m[2m)[22m[32m 14[2mms[22m[39m
2026-09-28T04:50:01.0765699Z  [32m✓[39m src/features/tutor/tutorCommands.test.ts [2m([22m[2m4 tests[22m[2m)[22m[32m 29[2mms[22m[39m
2026-09-28T04:50:01.2320255Z  [32m✓[39m src/features/providers/providerReads.test.tsx [2m([22m[2m3 tests[22m[2m)[22m[32m 204[2mms[22m[39m
2026-09-28T04:50:01.4503063Z  [32m✓[39m src/features/assessment/assessmentDrafts.test.ts [2m([22m[2m14 tests[22m[2m)[22m[32m 10[2mms[22m[39m
2026-09-28T04:50:01.8667209Z  [32m✓[39m src/features/imports/recovery.test.ts [2m([22m[2m12 tests[22m[2m)[22m[32m 24[2mms[22m[39m
2026-09-28T04:50:02.1800933Z  [32m✓[39m src/features/draftPublication/publicationClient.test.ts [2m([22m[2m2 tests[22m[2m)[22m[32m 23[2mms[22m[39m
2026-09-28T04:50:02.7398144Z  [32m✓[39m src/features/authoring/NumericCheckPanel.test.tsx [2m([22m[2m2 tests[22m[2m)[22m[33m 347[2mms[22m[39m
2026-09-28T04:50:02.7423968Z    [33m[2m✓[22m[39m confirmation belongs to the exact numeric operation and cannot approve a replacement preview[33m 307[2mms[22m[39m
2026-09-28T04:50:03.1180047Z  [32m✓[39m src/features/authoring/authoringOwnerBoundary.test.tsx [2m([22m[2m1 test[22m[2m)[22m[32m 194[2mms[22m[39m
2026-09-28T04:50:03.6099989Z  [32m✓[39m src/features/grading/reviewDrafts.test.ts [2m([22m[2m5 tests[22m[2m)[22m[32m 11[2mms[22m[39m
2026-09-28T04:50:03.7290252Z  [32m✓[39m src/features/draftPublication/PublicationPanel.test.tsx [2m([22m[2m1 test[22m[2m)[22m[33m 507[2mms[22m[39m
2026-09-28T04:50:03.7304468Z    [33m[2m✓[22m[39m each warning instance needs explicit confirmation before deduplicating codes in the real four-field command[33m 505[2mms[22m[39m
2026-09-28T04:50:03.9695273Z  [32m✓[39m src/features/practice/practiceDrafts.test.ts [2m([22m[2m11 tests[22m[2m)[22m[32m 26[2mms[22m[39m
2026-09-28T04:50:04.4211093Z  [32m✓[39m src/features/grading/gradingModel.test.ts [2m([22m[2m9 tests[22m[2m)[22m[32m 9[2mms[22m[39m
2026-09-28T04:50:04.8314305Z  [32m✓[39m src/features/review/reviewModel.test.ts [2m([22m[2m4 tests[22m[2m)[22m[32m 11[2mms[22m[39m
2026-09-28T04:50:05.0879380Z  [32m✓[39m src/features/review/ReviewMaterialLinks.test.tsx [2m([22m[2m2 tests[22m[2m)[22m[33m 414[2mms[22m[39m
2026-09-28T04:50:05.6010358Z  [32m✓[39m src/features/notes/noteDrafts.test.ts [2m([22m[2m8 tests[22m[2m)[22m[32m 27[2mms[22m[39m
2026-09-28T04:50:05.8760698Z  [32m✓[39m src/workbench/DraftConflictPreview.test.tsx [2m([22m[2m3 tests[22m[2m)[22m[33m 441[2mms[22m[39m
2026-09-28T04:50:05.8761862Z    [32m✓[39m draft conflict preview [2m(3)[22m
2026-09-28T04:50:05.8763267Z      [33m[2m✓[22m[39m shows the actual stored text separately from the current page and original base[33m 310[2mms[22m[39m
2026-09-28T04:50:06.0215378Z  [32m✓[39m src/features/practice/target.test.ts [2m([22m[2m3 tests[22m[2m)[22m[32m 24[2mms[22m[39m
2026-09-28T04:50:06.7943862Z  [32m✓[39m src/features/imports/encoding.test.ts [2m([22m[2m9 tests[22m[2m)[22m[32m 17[2mms[22m[39m
2026-09-28T04:50:06.9810910Z  [32m✓[39m src/features/imports/SourceProvenance.test.tsx [2m([22m[2m4 tests[22m[2m)[22m[32m 78[2mms[22m[39m
2026-09-28T04:50:06.9900685Z  [32m✓[39m src/features/imports/FailedOriginal.test.tsx [2m([22m[2m3 tests[22m[2m)[22m[33m 405[2mms[22m[39m
2026-09-28T04:50:07.8955365Z  [32m✓[39m src/features/recommendations/recommendationClient.test.ts [2m([22m[2m2 tests[22m[2m)[22m[32m 13[2mms[22m[39m
2026-09-28T04:50:08.0755900Z  [32m✓[39m src/features/imports/UploadForm.test.tsx [2m([22m[2m3 tests[22m[2m)[22m[33m 365[2mms[22m[39m
2026-09-28T04:50:08.0840705Z  [32m✓[39m src/features/authoring/AuthoringPanelLifecycle.test.tsx [2m([22m[2m1 test[22m[2m)[22m[32m 78[2mms[22m[39m
2026-09-28T04:50:08.8254338Z  [32m✓[39m src/features/reader/navigation.test.ts [2m([22m[2m4 tests[22m[2m)[22m[32m 29[2mms[22m[39m
2026-09-28T04:50:08.9225230Z  [32m✓[39m src/features/routes/routeDrafts.test.ts [2m([22m[2m2 tests[22m[2m)[22m[32m 7[2mms[22m[39m
2026-09-28T04:50:08.9538188Z  [32m✓[39m src/features/authoring/authoringClient.test.ts [2m([22m[2m1 test[22m[2m)[22m[32m 14[2mms[22m[39m
2026-09-28T04:50:09.6935197Z  [32m✓[39m src/workbench/selectionMerge.test.ts [2m([22m[2m3 tests[22m[2m)[22m[32m 6[2mms[22m[39m
2026-09-28T04:50:10.0728235Z  [32m✓[39m src/features/authoring/AuthoringControlList.test.tsx [2m([22m[2m1 test[22m[2m)[22m[32m 287[2mms[22m[39m
2026-09-28T04:50:10.3688120Z  [32m✓[39m src/features/grading/GradingSummary.test.tsx [2m([22m[2m2 tests[22m[2m)[22m[33m 402[2mms[22m[39m
2026-09-28T04:50:10.3693281Z    [33m[2m✓[22m[39m pending score is displayed as unknown rather than zero or a mastery claim[33m 344[2mms[22m[39m
2026-09-28T04:50:10.5191573Z  [32m✓[39m src/features/grading/useGradingReview.test.ts [2m([22m[2m11 tests[22m[2m)[22m[32m 18[2mms[22m[39m
2026-09-28T04:50:11.2436513Z  [32m✓[39m src/features/routes/completionDrafts.test.ts [2m([22m[2m2 tests[22m[2m)[22m[32m 5[2mms[22m[39m
2026-09-28T04:50:11.3779941Z  [32m✓[39m src/features/routes/target.test.ts [2m([22m[2m2 tests[22m[2m)[22m[32m 12[2mms[22m[39m
2026-09-28T04:50:11.6337082Z  [32m✓[39m src/shared/Markdown.test.tsx [2m([22m[2m3 tests[22m[2m)[22m[32m 134[2mms[22m[39m
2026-09-28T04:50:12.0730866Z  [32m✓[39m src/features/fixture.test.ts [2m([22m[2m2 tests[22m[2m)[22m[32m 27[2mms[22m[39m
2026-09-28T04:50:12.2744770Z  [32m✓[39m src/features/retrieval/retrievalContext.test.ts [2m([22m[2m1 test[22m[2m)[22m[32m 6[2mms[22m[39m
2026-09-28T04:50:12.8909717Z  [32m✓[39m src/features/review/SubmittedResponse.test.tsx [2m([22m[2m1 test[22m[2m)[22m[33m 339[2mms[22m[39m
2026-09-28T04:50:12.8924532Z    [33m[2m✓[22m[39m renders the frozen submitted answer and original Unicode steps as inert text, with no editable response control[33m 337[2mms[22m[39m
2026-09-28T04:50:12.9692479Z  [32m✓[39m src/features/imports/ReviewWarnings.test.tsx [2m([22m[2m2 tests[22m[2m)[22m[32m 188[2mms[22m[39m
2026-09-28T04:50:12.9742569Z 
2026-09-28T04:50:12.9753433Z [2m Test Files [22m [1m[32m88 passed[39m[22m[90m (88)[39m
2026-09-28T04:50:12.9755018Z [2m      Tests [22m [1m[32m512 passed[39m[22m[90m (512)[39m
2026-09-28T04:50:12.9756250Z [2m   Start at [22m 04:49:30
2026-09-28T04:50:12.9762609Z [2m   Duration [22m 42.49s[2m (environment 50%, tests 36%, import 10%, transform 3%)[22m
2026-09-28T04:50:12.9770336Z 
2026-09-28T04:50:12.9772240Z [2mEnvironment [22m [33mjsdom was created 88 times[39m[2m · 56.85s total, 50% of tracked time[22m
2026-09-28T04:50:12.9773876Z [2m            [22m [2mcreate it once per worker with [22m[33mpool: 'vmThreads'[39m[2m (keeps per-file isolation) or [22m[33misolate: false[39m[2m (shares it across files)[22m
2026-09-28T04:50:12.9775464Z [2m            [22m [2mlearn more: https://vitest.dev/guide/improving-performance#test-environments[22m
2026-09-28T04:50:12.9776195Z 
2026-09-28T04:50:13.0360842Z ##[group]Run make build
2026-09-28T04:50:13.0361140Z [36;1mmake build[0m
2026-09-28T04:50:13.0423900Z shell: /usr/bin/bash -e {0}
2026-09-28T04:50:13.0424193Z ##[endgroup]
2026-09-28T04:50:13.0545212Z bash scripts/node.sh npm --prefix apps/web run build
2026-09-28T04:50:13.1585805Z 
2026-09-28T04:50:13.1586490Z > @learning-workbench/web@0.1.0 build
2026-09-28T04:50:13.1587221Z > tsc --noEmit && vite build
2026-09-28T04:50:13.1587591Z 
2026-09-28T04:50:14.6334338Z [36mvite v8.3.0 [32mbuilding client environment for production...[36m[39m
2026-09-28T04:50:14.6431295Z transforming...
2026-09-28T04:50:14.8559185Z ✓ 754 modules transformed.
2026-09-28T04:50:14.9473023Z rendering chunks...
2026-09-28T04:50:15.0875307Z computing gzip size...
2026-09-28T04:50:15.1371260Z dist/index.html                       0.41 kB │ gzip:     0.31 kB
2026-09-28T04:50:15.1372629Z dist/assets/index-BN4pGsUm.css       40.90 kB │ gzip:     8.53 kB
2026-09-28T04:50:15.1373818Z dist/assets/index-Bew0Uiwy.js     1,328.89 kB │ gzip:   290.97 kB
2026-09-28T04:50:15.1374430Z dist/assets/Markdown-CjN1eC0l.js  2,939.32 kB │ gzip: 1,098.70 kB
2026-09-28T04:50:15.1374718Z 
2026-09-28T04:50:15.1375811Z [32m✓ built in 503ms[39m
2026-09-28T04:50:15.1384435Z [33m[plugin builtin:vite-reporter] 
2026-09-28T04:50:15.1385248Z (!) Some chunks are larger than 500 kB after minification. Consider:
2026-09-28T04:50:15.1385803Z - Using dynamic import() to code-split the application
2026-09-28T04:50:15.1386640Z - Use build.rolldownOptions.output.codeSplitting to improve chunking: https://rolldown.rs/reference/OutputOptions.codeSplitting
2026-09-28T04:50:15.1387556Z - Adjust chunk size limit for this warning via build.chunkSizeWarningLimit.[39m
2026-09-28T04:50:15.1742338Z Post job cleanup.
2026-09-28T04:50:15.2885905Z Cache hit occurred on the primary key node-cache-Linux-x64-npm-88346c344be99637313526bac40be213d9ff7980d5ac890cfb906fdfb94cb22b, not saving cache.
2026-09-28T04:50:15.3047378Z Post job cleanup.
2026-09-28T04:50:15.3924172Z [command]/usr/bin/git version
2026-09-28T04:50:15.3970896Z git version 2.55.0
2026-09-28T04:50:15.4010545Z Temporarily overriding HOME='<CI_HOME>/work/_temp/760654a3-b8a6-476c-92a0-dbad613280d2' before making global git config changes
2026-09-28T04:50:15.4012396Z Adding repository directory to the temporary git global config as a safe directory
2026-09-28T04:50:15.4016110Z [command]/usr/bin/git config --global --add safe.directory <CI_HOME>/work/Learning_Workbench/Learning_Workbench
2026-09-28T04:50:15.4056301Z Removing SSH command configuration
2026-09-28T04:50:15.4064428Z [command]/usr/bin/git config --local --name-only --get-regexp core\.sshCommand
2026-09-28T04:50:15.4107123Z [command]/usr/bin/git submodule foreach --recursive sh -c "git config --local --name-only --get-regexp 'core\.sshCommand' && git config --local --unset-all 'core.sshCommand' || :"
2026-09-28T04:50:15.4389325Z Removing HTTP extra header
2026-09-28T04:50:15.4396566Z [command]/usr/bin/git config --local --name-only --get-regexp http\.https\:\/\/github\.com\/\.extraheader
2026-09-28T04:50:15.4439109Z [command]/usr/bin/git submodule foreach --recursive sh -c "git config --local --name-only --get-regexp 'http\.https\:\/\/github\.com\/\.extraheader' && git config --local --unset-all 'http.https://github.com/.extraheader' || :"
2026-09-28T04:50:15.4744227Z Removing includeIf entries pointing to credentials config files
2026-09-28T04:50:15.4745653Z [command]/usr/bin/git config --local --name-only --get-regexp ^includeIf\.gitdir:
2026-09-28T04:50:15.4793912Z includeif.gitdir:<CI_HOME>/work/Learning_Workbench/Learning_Workbench/.git.path
2026-09-28T04:50:15.4795488Z includeif.gitdir:<CI_HOME>/work/Learning_Workbench/Learning_Workbench/.git/worktrees/*.path
2026-09-28T04:50:15.4796720Z includeif.gitdir:/github/workspace/.git.path
2026-09-28T04:50:15.4797712Z includeif.gitdir:/github/workspace/.git/worktrees/*.path
2026-09-28T04:50:15.4804914Z [command]/usr/bin/git config --local --get-all includeif.gitdir:<CI_HOME>/work/Learning_Workbench/Learning_Workbench/.git.path
2026-09-28T04:50:15.4852699Z <CI_HOME>/work/_temp/git-credentials-06c67a20-0626-4920-b736-b9b1362f6b91.config
2026-09-28T04:50:15.4869837Z [command]/usr/bin/git config --local --unset includeif.gitdir:<CI_HOME>/work/Learning_Workbench/Learning_Workbench/.git.path \/home\/runner\/work\/_temp\/git\-credentials\-06c67a20\-0626\-4920\-b736\-b9b1362f6b91\.config
2026-09-28T04:50:15.4947586Z [command]/usr/bin/git config --local --get-all includeif.gitdir:<CI_HOME>/work/Learning_Workbench/Learning_Workbench/.git/worktrees/*.path
2026-09-28T04:50:15.4993605Z <CI_HOME>/work/_temp/git-credentials-06c67a20-0626-4920-b736-b9b1362f6b91.config
2026-09-28T04:50:15.5006929Z [command]/usr/bin/git config --local --unset includeif.gitdir:<CI_HOME>/work/Learning_Workbench/Learning_Workbench/.git/worktrees/*.path \/home\/runner\/work\/_temp\/git\-credentials\-06c67a20\-0626\-4920\-b736\-b9b1362f6b91\.config
2026-09-28T04:50:15.5074351Z [command]/usr/bin/git config --local --get-all includeif.gitdir:/github/workspace/.git.path
2026-09-28T04:50:15.5106431Z /github/runner_temp/git-credentials-06c67a20-0626-4920-b736-b9b1362f6b91.config
2026-09-28T04:50:15.5115016Z [command]/usr/bin/git config --local --unset includeif.gitdir:/github/workspace/.git.path \/github\/runner_temp\/git\-credentials\-06c67a20\-0626\-4920\-b736\-b9b1362f6b91\.config
2026-09-28T04:50:15.5158935Z [command]/usr/bin/git config --local --get-all includeif.gitdir:/github/workspace/.git/worktrees/*.path
2026-09-28T04:50:15.5189138Z /github/runner_temp/git-credentials-06c67a20-0626-4920-b736-b9b1362f6b91.config
2026-09-28T04:50:15.5200897Z [command]/usr/bin/git config --local --unset includeif.gitdir:/github/workspace/.git/worktrees/*.path \/github\/runner_temp\/git\-credentials\-06c67a20\-0626\-4920\-b736\-b9b1362f6b91\.config
2026-09-28T04:50:15.5243351Z [command]/usr/bin/git submodule foreach --recursive git config --local --show-origin --name-only --get-regexp remote.origin.url
2026-09-28T04:50:15.5517668Z Removing credentials config '<CI_HOME>/work/_temp/git-credentials-06c67a20-0626-4920-b736-b9b1362f6b91.config'
2026-09-28T04:50:15.5714612Z Cleaning up orphan processes
