2026-09-28T04:49:10.9558539Z Current runner version: '2.337.0'
2026-09-28T04:49:10.9584617Z ##[group]Runner Image Provisioner
2026-09-28T04:49:10.9585482Z Hosted Compute Agent
2026-09-28T04:49:10.9586225Z Version: 20260828.587
2026-09-28T04:49:10.9586882Z Commit: abac92662cab4cc7352de4f9f9d2e2419aad9c29
2026-09-28T04:49:10.9587645Z Build Date: 2026-08-28T16:44:25Z
2026-09-28T04:49:10.9588348Z Worker ID: {5af48a01-7de0-4544-9849-fc12ced47e1e}
2026-09-28T04:49:10.9589056Z Azure Region: westus
2026-09-28T04:49:10.9589665Z ##[endgroup]
2026-09-28T04:49:10.9591335Z ##[group]Operating System
2026-09-28T04:49:10.9592498Z Ubuntu
2026-09-28T04:49:10.9593085Z 26.04.1
2026-09-28T04:49:10.9593600Z LTS
2026-09-28T04:49:10.9594200Z ##[endgroup]
2026-09-28T04:49:10.9594766Z ##[group]Runner Image
2026-09-28T04:49:10.9595359Z Image: ubuntu-26.04
2026-09-28T04:49:10.9595992Z Version: 20260920.143.1
2026-09-28T04:49:10.9597241Z Included Software: https://github.com/actions/runner-images/blob/ubuntu26/20260920.143/images/ubuntu/Ubuntu2604-Readme.md
2026-09-28T04:49:10.9598948Z Image Release: https://github.com/actions/runner-images/releases/tag/ubuntu26%2F20260920.143
2026-09-28T04:49:10.9599913Z ##[endgroup]
2026-09-28T04:49:10.9601151Z ##[group]GITHUB_TOKEN Permissions
2026-09-28T04:49:10.9603269Z Contents: read
2026-09-28T04:49:10.9604048Z Metadata: read
2026-09-28T04:49:10.9604610Z ##[endgroup]
2026-09-28T04:49:10.9606868Z Secret source: Actions
2026-09-28T04:49:10.9607824Z Cache mode: write
2026-09-28T04:49:10.9608597Z Prepare workflow directory
2026-09-28T04:49:10.9967865Z Prepare all required actions
2026-09-28T04:49:11.0020596Z Getting action download info
2026-09-28T04:49:11.3498818Z Download action repository 'actions/checkout@3d3c42e5aac5ba805825da76410c181273ba90b1' (SHA:3d3c42e5aac5ba805825da76410c181273ba90b1)
2026-09-28T04:49:11.4434950Z Download action repository 'actions/setup-python@5fda3b95a4ea91299a34e894583c3862153e4b97' (SHA:5fda3b95a4ea91299a34e894583c3862153e4b97)
2026-09-28T04:49:11.5019403Z Download action repository 'actions/setup-node@820762786026740c76f36085b0efc47a31fe5020' (SHA:820762786026740c76f36085b0efc47a31fe5020)
2026-09-28T04:49:11.5732990Z Download action repository 'actions/upload-artifact@043fb46d1a93c77aae656e7c1c64a875d1fc6a0a' (SHA:043fb46d1a93c77aae656e7c1c64a875d1fc6a0a)
2026-09-28T04:49:11.7459050Z Complete job name: browser
2026-09-28T04:49:11.8292888Z ##[group]Run actions/checkout@3d3c42e5aac5ba805825da76410c181273ba90b1
2026-09-28T04:49:11.8294005Z with:
2026-09-28T04:49:11.8294470Z   repository: kl3574/Learning_Workbench
2026-09-28T04:49:11.8298404Z   token: ***
2026-09-28T04:49:11.8298844Z   ssh-strict: true
2026-09-28T04:49:11.8299282Z   ssh-user: git
2026-09-28T04:49:11.8299726Z   persist-credentials: true
2026-09-28T04:49:11.8300214Z   clean: true
2026-09-28T04:49:11.8300664Z   sparse-checkout-cone-mode: true
2026-09-28T04:49:11.8301186Z   fetch-depth: 1
2026-09-28T04:49:11.8301621Z   fetch-tags: false
2026-09-28T04:49:11.8302567Z   show-progress: true
2026-09-28T04:49:11.8303023Z   lfs: false
2026-09-28T04:49:11.8303452Z   submodules: false
2026-09-28T04:49:11.8303901Z   set-safe-directory: true
2026-09-28T04:49:11.8304401Z   allow-unsafe-pr-checkout: false
2026-09-28T04:49:11.8305263Z ##[endgroup]
2026-09-28T04:49:11.9352372Z Syncing repository: kl3574/Learning_Workbench
2026-09-28T04:49:11.9355249Z ##[group]Getting Git version info
2026-09-28T04:49:11.9356762Z Working directory is '<CI_HOME>/work/Learning_Workbench/Learning_Workbench'
2026-09-28T04:49:11.9359063Z [command]/usr/bin/git version
2026-09-28T04:49:11.9386427Z git version 2.55.0
2026-09-28T04:49:11.9410784Z ##[endgroup]
2026-09-28T04:49:11.9424241Z Temporarily overriding HOME='<CI_HOME>/work/_temp/b7a7dd92-ce01-4edb-b8a4-931b4dfd73ba' before making global git config changes
2026-09-28T04:49:11.9426966Z Adding repository directory to the temporary git global config as a safe directory
2026-09-28T04:49:11.9431664Z [command]/usr/bin/git config --global --add safe.directory <CI_HOME>/work/Learning_Workbench/Learning_Workbench
2026-09-28T04:49:11.9502894Z Deleting the contents of '<CI_HOME>/work/Learning_Workbench/Learning_Workbench'
2026-09-28T04:49:11.9506494Z ##[group]Determining repository object format
2026-09-28T04:49:11.9508453Z ##[endgroup]
2026-09-28T04:49:11.9509803Z ##[group]Initializing the repository
2026-09-28T04:49:11.9514994Z [command]/usr/bin/git init <CI_HOME>/work/Learning_Workbench/Learning_Workbench
2026-09-28T04:49:11.9658343Z hint: Using 'master' as the name for the initial branch. This default branch name
2026-09-28T04:49:11.9662159Z hint: will change to "main" in Git 3.0. To configure the initial branch name
2026-09-28T04:49:11.9664507Z hint: to use in all of your new repositories, which will suppress this warning,
2026-09-28T04:49:11.9666296Z hint: call:
2026-09-28T04:49:11.9667223Z hint:
2026-09-28T04:49:11.9668316Z hint: 	git config --global init.defaultBranch <name>
2026-09-28T04:49:11.9669859Z hint:
2026-09-28T04:49:11.9671325Z hint: Names commonly chosen instead of 'master' are 'main', 'trunk' and
2026-09-28T04:49:11.9673621Z hint: 'development'. The just-created branch can be renamed via this command:
2026-09-28T04:49:11.9675253Z hint:
2026-09-28T04:49:11.9676200Z hint: 	git branch -m <name>
2026-09-28T04:49:11.9677157Z hint:
2026-09-28T04:49:11.9678392Z hint: Disable this message with "git config set advice.defaultBranchName false"
2026-09-28T04:49:11.9680620Z Initialized empty Git repository in <CI_HOME>/work/Learning_Workbench/Learning_Workbench/.git/
2026-09-28T04:49:11.9684519Z [command]/usr/bin/git remote add origin https://github.com/kl3574/Learning_Workbench
2026-09-28T04:49:11.9731930Z ##[endgroup]
2026-09-28T04:49:11.9733287Z ##[group]Disabling automatic garbage collection
2026-09-28T04:49:11.9735755Z [command]/usr/bin/git config --local gc.auto 0
2026-09-28T04:49:11.9774385Z ##[endgroup]
2026-09-28T04:49:11.9775601Z ##[group]Setting up auth
2026-09-28T04:49:11.9776519Z Removing SSH command configuration
2026-09-28T04:49:11.9781325Z [command]/usr/bin/git config --local --name-only --get-regexp core\.sshCommand
2026-09-28T04:49:11.9824775Z [command]/usr/bin/git submodule foreach --recursive sh -c "git config --local --name-only --get-regexp 'core\.sshCommand' && git config --local --unset-all 'core.sshCommand' || :"
2026-09-28T04:49:12.0283832Z Removing HTTP extra header
2026-09-28T04:49:12.0290715Z [command]/usr/bin/git config --local --name-only --get-regexp http\.https\:\/\/github\.com\/\.extraheader
2026-09-28T04:49:12.0331073Z [command]/usr/bin/git submodule foreach --recursive sh -c "git config --local --name-only --get-regexp 'http\.https\:\/\/github\.com\/\.extraheader' && git config --local --unset-all 'http.https://github.com/.extraheader' || :"
2026-09-28T04:49:12.0628293Z Removing includeIf entries pointing to credentials config files
2026-09-28T04:49:12.0634368Z [command]/usr/bin/git config --local --name-only --get-regexp ^includeIf\.gitdir:
2026-09-28T04:49:12.0674750Z [command]/usr/bin/git submodule foreach --recursive git config --local --show-origin --name-only --get-regexp remote.origin.url
2026-09-28T04:49:12.1013549Z [command]/usr/bin/git config --file <CI_HOME>/work/_temp/git-credentials-47a25d30-190d-4432-82bb-ee34c2d2770e.config http.https://github.com/.extraheader AUTHORIZATION: basic ***
2026-09-28T04:49:12.1062142Z [command]/usr/bin/git config --local includeIf.gitdir:<CI_HOME>/work/Learning_Workbench/Learning_Workbench/.git.path <CI_HOME>/work/_temp/git-credentials-47a25d30-190d-4432-82bb-ee34c2d2770e.config
2026-09-28T04:49:12.1099896Z [command]/usr/bin/git config --local includeIf.gitdir:<CI_HOME>/work/Learning_Workbench/Learning_Workbench/.git/worktrees/*.path <CI_HOME>/work/_temp/git-credentials-47a25d30-190d-4432-82bb-ee34c2d2770e.config
2026-09-28T04:49:12.1145064Z [command]/usr/bin/git config --local includeIf.gitdir:/github/workspace/.git.path /github/runner_temp/git-credentials-47a25d30-190d-4432-82bb-ee34c2d2770e.config
2026-09-28T04:49:12.1186267Z [command]/usr/bin/git config --local includeIf.gitdir:/github/workspace/.git/worktrees/*.path /github/runner_temp/git-credentials-47a25d30-190d-4432-82bb-ee34c2d2770e.config
2026-09-28T04:49:12.1220125Z ##[endgroup]
2026-09-28T04:49:12.1221353Z ##[group]Fetching the repository
2026-09-28T04:49:12.1227403Z [command]/usr/bin/git -c protocol.version=2 fetch --no-tags --prune --no-recurse-submodules --depth=1 origin +a944ebfbdb835a731393977a606db5b473846e98:refs/remotes/origin/feat/M6.2-candidate-review
2026-09-28T04:49:16.5235707Z From https://github.com/kl3574/Learning_Workbench
2026-09-28T04:49:16.5238103Z  * [new ref]         a944ebfbdb835a731393977a606db5b473846e98 -> origin/feat/M6.2-candidate-review
2026-09-28T04:49:16.5246786Z [command]/usr/bin/git branch --list --remote origin/feat/M6.2-candidate-review
2026-09-28T04:49:16.5276140Z   origin/feat/M6.2-candidate-review
2026-09-28T04:49:16.5284646Z [command]/usr/bin/git rev-parse refs/remotes/origin/feat/M6.2-candidate-review
2026-09-28T04:49:16.5309240Z a944ebfbdb835a731393977a606db5b473846e98
2026-09-28T04:49:16.5315078Z ##[endgroup]
2026-09-28T04:49:16.5316031Z ##[group]Determining the checkout info
2026-09-28T04:49:16.5317365Z ##[endgroup]
2026-09-28T04:49:16.5318360Z [command]/usr/bin/git sparse-checkout disable
2026-09-28T04:49:16.5370663Z [command]/usr/bin/git config --local --unset-all extensions.worktreeConfig
2026-09-28T04:49:16.5403266Z ##[group]Checking out the ref
2026-09-28T04:49:16.5407195Z [command]/usr/bin/git checkout --progress --force -B feat/M6.2-candidate-review refs/remotes/origin/feat/M6.2-candidate-review
2026-09-28T04:49:17.5698785Z Updating files:  79% (9926/12493)
2026-09-28T04:49:17.5790942Z Updating files:  80% (9995/12493)
2026-09-28T04:49:17.5896608Z Updating files:  81% (10120/12493)
2026-09-28T04:49:17.6021041Z Updating files:  82% (10245/12493)
2026-09-28T04:49:17.6136270Z Updating files:  83% (10370/12493)
2026-09-28T04:49:17.6352087Z Updating files:  84% (10495/12493)
2026-09-28T04:49:17.6446201Z Updating files:  85% (10620/12493)
2026-09-28T04:49:17.6590342Z Updating files:  86% (10744/12493)
2026-09-28T04:49:17.6691294Z Updating files:  87% (10869/12493)
2026-09-28T04:49:17.6812928Z Updating files:  88% (10994/12493)
2026-09-28T04:49:17.6986915Z Updating files:  89% (11119/12493)
2026-09-28T04:49:17.7174780Z Updating files:  90% (11244/12493)
2026-09-28T04:49:17.7309192Z Updating files:  91% (11369/12493)
2026-09-28T04:49:17.7412747Z Updating files:  92% (11494/12493)
2026-09-28T04:49:17.7487218Z Updating files:  93% (11619/12493)
2026-09-28T04:49:17.7602134Z Updating files:  94% (11744/12493)
2026-09-28T04:49:17.7728910Z Updating files:  95% (11869/12493)
2026-09-28T04:49:17.7794015Z Updating files:  96% (11994/12493)
2026-09-28T04:49:17.7867856Z Updating files:  97% (12119/12493)
2026-09-28T04:49:17.7947195Z Updating files:  98% (12244/12493)
2026-09-28T04:49:17.8029494Z Updating files:  99% (12369/12493)
2026-09-28T04:49:17.8030427Z Updating files: 100% (12493/12493)
2026-09-28T04:49:17.8031357Z Updating files: 100% (12493/12493), done.
2026-09-28T04:49:17.8268168Z Switched to a new branch 'feat/M6.2-candidate-review'
2026-09-28T04:49:17.8270500Z branch 'feat/M6.2-candidate-review' set up to track 'origin/feat/M6.2-candidate-review'.
2026-09-28T04:49:17.8370219Z ##[endgroup]
2026-09-28T04:49:17.8440584Z [command]/usr/bin/git log -1 --format=%H
2026-09-28T04:49:17.8477880Z a944ebfbdb835a731393977a606db5b473846e98
2026-09-28T04:49:17.8830580Z ##[group]Run actions/setup-python@5fda3b95a4ea91299a34e894583c3862153e4b97
2026-09-28T04:49:17.8831603Z with:
2026-09-28T04:49:17.8832176Z   python-version: 3.12.13
2026-09-28T04:49:17.8832664Z   check-latest: false
2026-09-28T04:49:17.8841076Z   token: ***
2026-09-28T04:49:17.8841460Z   update-environment: true
2026-09-28T04:49:17.8842106Z   allow-prereleases: false
2026-09-28T04:49:17.8842591Z   freethreaded: false
2026-09-28T04:49:17.8842999Z ##[endgroup]
2026-09-28T04:49:18.0115489Z ##[group]Installed versions
2026-09-28T04:49:18.0129073Z Version 3.12.13 was not found in the local cache
2026-09-28T04:49:18.6470079Z Version 3.12.13 is available for downloading
2026-09-28T04:49:18.6471334Z Download from "https://github.com/actions/python-versions/releases/download/3.12.13-27650778726/python-3.12.13-linux-26.04-x64.tar.gz"
2026-09-28T04:49:20.4143906Z Extract downloaded archive
2026-09-28T04:49:20.4332279Z [command]/usr/bin/tar xz --warning=no-unknown-keyword --overwrite -C <CI_HOME>/work/_temp/b6e812dc-b541-43d6-ba9d-b818cfc4a7b3 -f <CI_HOME>/work/_temp/22acc0d1-3c4b-4e3c-b382-684611a63c94
2026-09-28T04:49:21.6274225Z Execute installation script
2026-09-28T04:49:21.6415563Z Check if Python hostedtoolcache folder exist...
2026-09-28T04:49:21.6416401Z Create Python 3.12.13 folder
2026-09-28T04:49:21.6445873Z Copy Python binaries to hostedtoolcache folder
2026-09-28T04:49:22.1194863Z Create additional symlinks (Required for the UsePythonVersion Azure Pipelines task and the setup-python GitHub Action)
2026-09-28T04:49:22.1303794Z Upgrading pip...
2026-09-28T04:49:23.8815540Z Collecting pip
2026-09-28T04:49:24.0326995Z Downloading pip-26.2.1-py3-none-any.whl.metadata (4.6 kB)
2026-09-28T04:49:24.0806833Z Downloading pip-26.2.1-py3-none-any.whl (1.8 MB)
2026-09-28T04:49:24.3057411Z ━━━━━━━━━━━━━━━━━━━━━━━━━━━━━━━━━━━━━━━━ 1.8/1.8 MB 13.5 MB/s eta 0:00:00
2026-09-28T04:49:24.3057968Z 
2026-09-28T04:49:24.3263391Z Installing collected packages: pip
2026-09-28T04:49:24.3264216Z Attempting uninstall: pip
2026-09-28T04:49:24.3286921Z Found existing installation: pip 25.0.1
2026-09-28T04:49:24.3633770Z Uninstalling pip-25.0.1:
2026-09-28T04:49:24.3694895Z Successfully uninstalled pip-25.0.1
2026-09-28T04:49:25.2916203Z Successfully installed pip-26.2.1
2026-09-28T04:49:25.3498842Z Create complete file
2026-09-28T04:49:25.3552716Z Successfully set up CPython (3.12.13)
2026-09-28T04:49:25.3554126Z ##[endgroup]
2026-09-28T04:49:25.3770442Z ##[group]Run actions/setup-node@820762786026740c76f36085b0efc47a31fe5020
2026-09-28T04:49:25.3770869Z with:
2026-09-28T04:49:25.3771084Z   node-version: 24.21.0
2026-09-28T04:49:25.3771318Z   check-latest: false
2026-09-28T04:49:25.3774377Z   token: ***
2026-09-28T04:49:25.3774651Z   package-manager-cache: true
2026-09-28T04:49:25.3774932Z env:
2026-09-28T04:49:25.3775215Z   pythonLocation: /opt/hostedtoolcache/Python/3.12.13/x64
2026-09-28T04:49:25.3775678Z   PKG_CONFIG_PATH: /opt/hostedtoolcache/Python/3.12.13/x64/lib/pkgconfig
2026-09-28T04:49:25.3776115Z   Python_ROOT_DIR: /opt/hostedtoolcache/Python/3.12.13/x64
2026-09-28T04:49:25.3776496Z   Python2_ROOT_DIR: /opt/hostedtoolcache/Python/3.12.13/x64
2026-09-28T04:49:25.3776873Z   Python3_ROOT_DIR: /opt/hostedtoolcache/Python/3.12.13/x64
2026-09-28T04:49:25.3777253Z   LD_LIBRARY_PATH: /opt/hostedtoolcache/Python/3.12.13/x64/lib
2026-09-28T04:49:25.3777578Z ##[endgroup]
2026-09-28T04:49:25.5102263Z Found in cache @ /opt/hostedtoolcache/node/24.21.0/x64
2026-09-28T04:49:25.5116377Z ##[group]Environment details
2026-09-28T04:49:25.9660736Z node: v24.21.0
2026-09-28T04:49:25.9661381Z npm: 11.19.0
2026-09-28T04:49:25.9662029Z yarn: 1.22.22
2026-09-28T04:49:25.9662839Z ##[endgroup]
2026-09-28T04:49:25.9808857Z ##[group]Run python -m pip install uv==0.11.21
2026-09-28T04:49:25.9809368Z [36;1mpython -m pip install uv==0.11.21[0m
2026-09-28T04:49:25.9985379Z shell: /usr/bin/bash -e {0}
2026-09-28T04:49:25.9985673Z env:
2026-09-28T04:49:25.9985972Z   pythonLocation: /opt/hostedtoolcache/Python/3.12.13/x64
2026-09-28T04:49:25.9986446Z   PKG_CONFIG_PATH: /opt/hostedtoolcache/Python/3.12.13/x64/lib/pkgconfig
2026-09-28T04:49:25.9986902Z   Python_ROOT_DIR: /opt/hostedtoolcache/Python/3.12.13/x64
2026-09-28T04:49:25.9987301Z   Python2_ROOT_DIR: /opt/hostedtoolcache/Python/3.12.13/x64
2026-09-28T04:49:25.9987719Z   Python3_ROOT_DIR: /opt/hostedtoolcache/Python/3.12.13/x64
2026-09-28T04:49:25.9988138Z   LD_LIBRARY_PATH: /opt/hostedtoolcache/Python/3.12.13/x64/lib
2026-09-28T04:49:25.9988500Z ##[endgroup]
2026-09-28T04:49:26.7874331Z Collecting uv==0.11.21
2026-09-28T04:49:26.8375819Z   Downloading uv-0.11.21-py3-none-manylinux_2_17_x86_64.manylinux2014_x86_64.whl.metadata (11 kB)
2026-09-28T04:49:26.8558913Z Downloading uv-0.11.21-py3-none-manylinux_2_17_x86_64.manylinux2014_x86_64.whl (25.1 MB)
2026-09-28T04:49:27.0378238Z    ━━━━━━━━━━━━━━━━━━━━━━━━━━━━━━━━━━━━━━━━ 25.1/25.1 MB 167.3 MB/s  0:00:00
2026-09-28T04:49:27.0851210Z Installing collected packages: uv
2026-09-28T04:49:27.3510835Z Successfully installed uv-0.11.21
2026-09-28T04:49:27.4228016Z ##[group]Run uv sync --frozen
2026-09-28T04:49:27.4228357Z [36;1muv sync --frozen[0m
2026-09-28T04:49:27.4289438Z shell: /usr/bin/bash -e {0}
2026-09-28T04:49:27.4289718Z env:
2026-09-28T04:49:27.4290006Z   pythonLocation: /opt/hostedtoolcache/Python/3.12.13/x64
2026-09-28T04:49:27.4290474Z   PKG_CONFIG_PATH: /opt/hostedtoolcache/Python/3.12.13/x64/lib/pkgconfig
2026-09-28T04:49:27.4290919Z   Python_ROOT_DIR: /opt/hostedtoolcache/Python/3.12.13/x64
2026-09-28T04:49:27.4291305Z   Python2_ROOT_DIR: /opt/hostedtoolcache/Python/3.12.13/x64
2026-09-28T04:49:27.4291948Z   Python3_ROOT_DIR: /opt/hostedtoolcache/Python/3.12.13/x64
2026-09-28T04:49:27.4292372Z   LD_LIBRARY_PATH: /opt/hostedtoolcache/Python/3.12.13/x64/lib
2026-09-28T04:49:27.4292721Z ##[endgroup]
2026-09-28T04:49:27.4919771Z Using CPython 3.12.13 interpreter at: /opt/hostedtoolcache/Python/3.12.13/x64/bin/python3.12
2026-09-28T04:49:27.4920397Z Creating virtual environment at: .venv
2026-09-28T04:49:27.5656875Z Downloading pygments (1.2MiB)
2026-09-28T04:49:27.5843589Z Downloading pydantic-core (2.0MiB)
2026-09-28T04:49:27.5844413Z Downloading ast-serialize (1.3MiB)
2026-09-28T04:49:27.5850412Z Downloading mypy (14.6MiB)
2026-09-28T04:49:27.5852501Z Downloading ruff (9.9MiB)
2026-09-28T04:49:27.8003477Z  Downloaded ast-serialize
2026-09-28T04:49:27.8452331Z  Downloaded pydantic-core
2026-09-28T04:49:27.8953521Z  Downloaded ruff
2026-09-28T04:49:27.9770927Z  Downloaded pygments
2026-09-28T04:49:28.1129686Z  Downloaded mypy
2026-09-28T04:49:28.1132292Z Prepared 37 packages in 618ms
2026-09-28T04:49:28.1600749Z Installed 37 packages in 46ms
2026-09-28T04:49:28.1601431Z  + annotated-doc==0.0.5
2026-09-28T04:49:28.1602104Z  + annotated-types==0.8.0
2026-09-28T04:49:28.1602569Z  + anyio==4.15.1
2026-09-28T04:49:28.1603009Z  + ast-serialize==0.11.2
2026-09-28T04:49:28.1603440Z  + attrs==26.1.0
2026-09-28T04:49:28.1603842Z  + certifi==2026.7.22
2026-09-28T04:49:28.1604227Z  + click==8.5.0
2026-09-28T04:49:28.1604631Z  + defusedxml==0.7.1
2026-09-28T04:49:28.1605024Z  + fastapi==0.141.1
2026-09-28T04:49:28.1605396Z  + h11==0.16.0
2026-09-28T04:49:28.1605762Z  + httpcore==1.0.9
2026-09-28T04:49:28.1606140Z  + httpx==0.28.1
2026-09-28T04:49:28.1606555Z  + idna==3.19
2026-09-28T04:49:28.1606914Z  + iniconfig==2.3.0
2026-09-28T04:49:28.1607300Z  + jsonschema==4.26.0
2026-09-28T04:49:28.1607792Z  + jsonschema-specifications==2025.9.1
2026-09-28T04:49:28.1608309Z  + librt==0.15.0
2026-09-28T04:49:28.1608697Z  + markdown-it-py==4.2.0
2026-09-28T04:49:28.1609111Z  + mdurl==0.1.2
2026-09-28T04:49:28.1609475Z  + mypy==2.3.1
2026-09-28T04:49:28.1609857Z  + mypy-extensions==1.1.0
2026-09-28T04:49:28.1610326Z  + packaging==26.3
2026-09-28T04:49:28.1610694Z  + pathspec==1.1.1
2026-09-28T04:49:28.1611049Z  + pluggy==1.6.0
2026-09-28T04:49:28.1611389Z  + pydantic==2.13.5
2026-09-28T04:49:28.1611921Z  + pydantic-core==2.46.5
2026-09-28T04:49:28.1612324Z  + pygments==2.21.0
2026-09-28T04:49:28.1612666Z  + pypdf==6.18.1
2026-09-28T04:49:28.1613017Z  + pytest==9.1.1
2026-09-28T04:49:28.1613374Z  + python-multipart==0.0.32
2026-09-28T04:49:28.1613790Z  + referencing==0.37.0
2026-09-28T04:49:28.1614168Z  + rpds-py==2026.6.3
2026-09-28T04:49:28.1614531Z  + ruff==0.16.7
2026-09-28T04:49:28.1614875Z  + starlette==1.6.0
2026-09-28T04:49:28.1615254Z  + typing-extensions==4.16.0
2026-09-28T04:49:28.1615685Z  + typing-inspection==0.4.4
2026-09-28T04:49:28.1616088Z  + uvicorn==0.53.0
2026-09-28T04:49:28.1728146Z ##[group]Run sudo apt-get update
2026-09-28T04:49:28.1728750Z [36;1msudo apt-get update[0m
2026-09-28T04:49:28.1729923Z [36;1msudo apt-get install -y bubblewrap=0.11.1-1ubuntu0.3 apparmor=5.0.2-0ubuntu1~26.04.1 libapparmor1=5.0.2-0ubuntu1~26.04.1 libseccomp2=2.6.0-2ubuntu5[0m
2026-09-28T04:49:28.1731638Z [36;1mdpkg-query -W bubblewrap apparmor libapparmor1 libseccomp2[0m
2026-09-28T04:49:28.1732972Z [36;1mtest -f /etc/apparmor.d/bwrap-userns-restrict[0m
2026-09-28T04:49:28.1733575Z [36;1mbwrap --version[0m
2026-09-28T04:49:28.1822333Z shell: /usr/bin/bash -e {0}
2026-09-28T04:49:28.1822837Z env:
2026-09-28T04:49:28.1823332Z   pythonLocation: /opt/hostedtoolcache/Python/3.12.13/x64
2026-09-28T04:49:28.1824140Z   PKG_CONFIG_PATH: /opt/hostedtoolcache/Python/3.12.13/x64/lib/pkgconfig
2026-09-28T04:49:28.1825020Z   Python_ROOT_DIR: /opt/hostedtoolcache/Python/3.12.13/x64
2026-09-28T04:49:28.1825695Z   Python2_ROOT_DIR: /opt/hostedtoolcache/Python/3.12.13/x64
2026-09-28T04:49:28.1826483Z   Python3_ROOT_DIR: /opt/hostedtoolcache/Python/3.12.13/x64
2026-09-28T04:49:28.1827202Z   LD_LIBRARY_PATH: /opt/hostedtoolcache/Python/3.12.13/x64/lib
2026-09-28T04:49:28.1827807Z ##[endgroup]
2026-09-28T04:49:28.2734564Z Get:1 file:/etc/apt/apt-mirrors.txt Mirrorlist [144 B]
2026-09-28T04:49:28.4405401Z Hit:2 http://azure.archive.ubuntu.com/ubuntu resolute InRelease
2026-09-28T04:49:28.4426908Z Get:3 http://azure.archive.ubuntu.com/ubuntu resolute-updates InRelease [137 kB]
2026-09-28T04:49:28.4467267Z Get:4 http://azure.archive.ubuntu.com/ubuntu resolute-backports InRelease [137 kB]
2026-09-28T04:49:28.4476475Z Get:5 http://azure.archive.ubuntu.com/ubuntu resolute-security InRelease [137 kB]
2026-09-28T04:49:28.4535721Z Get:6 https://packages.microsoft.com/ubuntu/26.04/prod resolute InRelease [3964 B]
2026-09-28T04:49:28.4693431Z Get:7 http://azure.archive.ubuntu.com/ubuntu resolute-updates/main amd64v3 Packages [680 kB]
2026-09-28T04:49:28.4853962Z Get:8 http://azure.archive.ubuntu.com/ubuntu resolute-updates/main Translation-en [161 kB]
2026-09-28T04:49:28.4863863Z Get:9 http://azure.archive.ubuntu.com/ubuntu resolute-updates/main amd64 Components [98.0 kB]
2026-09-28T04:49:28.4873034Z Get:10 http://azure.archive.ubuntu.com/ubuntu resolute-updates/universe amd64v3 Packages [307 kB]
2026-09-28T04:49:28.4893095Z Get:11 http://azure.archive.ubuntu.com/ubuntu resolute-updates/universe Translation-en [98.6 kB]
2026-09-28T04:49:28.4903798Z Get:12 http://azure.archive.ubuntu.com/ubuntu resolute-updates/universe amd64 Components [190 kB]
2026-09-28T04:49:28.4966612Z Get:13 http://azure.archive.ubuntu.com/ubuntu resolute-updates/restricted amd64v3 Packages [458 kB]
2026-09-28T04:49:28.4968805Z Get:14 http://azure.archive.ubuntu.com/ubuntu resolute-updates/restricted Translation-en [90.8 kB]
2026-09-28T04:49:28.4970751Z Get:15 http://azure.archive.ubuntu.com/ubuntu resolute-backports/universe amd64 Components [1060 B]
2026-09-28T04:49:28.4981991Z Get:16 http://azure.archive.ubuntu.com/ubuntu resolute-security/main amd64v3 Packages [532 kB]
2026-09-28T04:49:28.5040898Z Get:24 https://packages.microsoft.com/ubuntu/26.04/prod resolute/main amd64 Packages [71.7 kB]
2026-09-28T04:49:28.5071211Z Get:25 https://packages.microsoft.com/ubuntu/26.04/prod resolute/main arm64 Packages [62.5 kB]
2026-09-28T04:49:28.5084738Z Get:26 https://packages.microsoft.com/ubuntu/26.04/prod resolute/main armhf Packages [795 B]
2026-09-28T04:49:28.5422778Z Get:17 http://azure.archive.ubuntu.com/ubuntu resolute-security/main Translation-en [125 kB]
2026-09-28T04:49:28.5433885Z Get:18 http://azure.archive.ubuntu.com/ubuntu resolute-security/main amd64 Components [46.7 kB]
2026-09-28T04:49:28.5443745Z Get:19 http://azure.archive.ubuntu.com/ubuntu resolute-security/universe amd64v3 Packages [184 kB]
2026-09-28T04:49:28.5456908Z Get:20 http://azure.archive.ubuntu.com/ubuntu resolute-security/universe Translation-en [58.5 kB]
2026-09-28T04:49:28.5466306Z Get:21 http://azure.archive.ubuntu.com/ubuntu resolute-security/universe amd64 Components [43.4 kB]
2026-09-28T04:49:28.5475668Z Get:22 http://azure.archive.ubuntu.com/ubuntu resolute-security/restricted amd64v3 Packages [437 kB]
2026-09-28T04:49:28.5498992Z Get:23 http://azure.archive.ubuntu.com/ubuntu resolute-security/restricted Translation-en [86.2 kB]
2026-09-28T04:49:31.9919252Z Fetched 4148 kB in 1s (7990 kB/s)
2026-09-28T04:49:32.6374087Z Reading package lists...
2026-09-28T04:49:32.6727518Z Reading package lists...
2026-09-28T04:49:32.8212182Z Building dependency tree...
2026-09-28T04:49:32.8218581Z Reading state information...
2026-09-28T04:49:32.8529353Z bubblewrap is already the newest version (0.11.1-1ubuntu0.3).
2026-09-28T04:49:32.8530023Z bubblewrap set to manually installed.
2026-09-28T04:49:32.8530657Z apparmor is already the newest version (5.0.2-0ubuntu1~26.04.1).
2026-09-28T04:49:32.8531253Z apparmor set to manually installed.
2026-09-28T04:49:32.8532152Z libapparmor1 is already the newest version (5.0.2-0ubuntu1~26.04.1).
2026-09-28T04:49:32.8532823Z libapparmor1 set to manually installed.
2026-09-28T04:49:32.8533429Z libseccomp2 is already the newest version (2.6.0-2ubuntu5).
2026-09-28T04:49:32.8534037Z libseccomp2 set to manually installed.
2026-09-28T04:49:32.9088729Z Solving dependencies...
2026-09-28T04:49:33.0292821Z 0 upgraded, 0 newly installed, 0 to remove and 39 not upgraded.
2026-09-28T04:49:33.0429443Z apparmor	5.0.2-0ubuntu1~26.04.1
2026-09-28T04:49:33.0429951Z bubblewrap	0.11.1-1ubuntu0.3
2026-09-28T04:49:33.0430317Z libapparmor1:amd64	5.0.2-0ubuntu1~26.04.1
2026-09-28T04:49:33.0430667Z libseccomp2:amd64	2.6.0-2ubuntu5
2026-09-28T04:49:33.0632391Z bubblewrap 0.11.1
2026-09-28T04:49:33.0666899Z ##[group]Run npm ci --prefix apps/web
2026-09-28T04:49:33.0667253Z [36;1mnpm ci --prefix apps/web[0m
2026-09-28T04:49:33.0724630Z shell: /usr/bin/bash -e {0}
2026-09-28T04:49:33.0724892Z env:
2026-09-28T04:49:33.0725168Z   pythonLocation: /opt/hostedtoolcache/Python/3.12.13/x64
2026-09-28T04:49:33.0725637Z   PKG_CONFIG_PATH: /opt/hostedtoolcache/Python/3.12.13/x64/lib/pkgconfig
2026-09-28T04:49:33.0726089Z   Python_ROOT_DIR: /opt/hostedtoolcache/Python/3.12.13/x64
2026-09-28T04:49:33.0726492Z   Python2_ROOT_DIR: /opt/hostedtoolcache/Python/3.12.13/x64
2026-09-28T04:49:33.0726907Z   Python3_ROOT_DIR: /opt/hostedtoolcache/Python/3.12.13/x64
2026-09-28T04:49:33.0727330Z   LD_LIBRARY_PATH: /opt/hostedtoolcache/Python/3.12.13/x64/lib
2026-09-28T04:49:33.0727691Z ##[endgroup]
2026-09-28T04:49:39.9938102Z 
2026-09-28T04:49:39.9938777Z added 236 packages, and audited 237 packages in 7s
2026-09-28T04:49:39.9939258Z 
2026-09-28T04:49:39.9939751Z 118 packages are looking for funding
2026-09-28T04:49:39.9940486Z   run `npm fund` for details
2026-09-28T04:49:39.9950818Z 
2026-09-28T04:49:39.9951116Z found 0 vulnerabilities
2026-09-28T04:49:40.0393154Z ##[group]Run npm --prefix apps/web exec -- playwright install --with-deps chromium
2026-09-28T04:49:40.0393840Z [36;1mnpm --prefix apps/web exec -- playwright install --with-deps chromium[0m
2026-09-28T04:49:40.0452287Z shell: /usr/bin/bash -e {0}
2026-09-28T04:49:40.0452556Z env:
2026-09-28T04:49:40.0452851Z   pythonLocation: /opt/hostedtoolcache/Python/3.12.13/x64
2026-09-28T04:49:40.0453357Z   PKG_CONFIG_PATH: /opt/hostedtoolcache/Python/3.12.13/x64/lib/pkgconfig
2026-09-28T04:49:40.0453847Z   Python_ROOT_DIR: /opt/hostedtoolcache/Python/3.12.13/x64
2026-09-28T04:49:40.0454294Z   Python2_ROOT_DIR: /opt/hostedtoolcache/Python/3.12.13/x64
2026-09-28T04:49:40.0454750Z   Python3_ROOT_DIR: /opt/hostedtoolcache/Python/3.12.13/x64
2026-09-28T04:49:40.0455195Z   LD_LIBRARY_PATH: /opt/hostedtoolcache/Python/3.12.13/x64/lib
2026-09-28T04:49:40.0455566Z ##[endgroup]
2026-09-28T04:49:40.8117686Z Installing dependencies...
2026-09-28T04:49:40.8212698Z Switching to root user to install dependencies...
2026-09-28T04:49:40.9113339Z Get:1 file:/etc/apt/apt-mirrors.txt Mirrorlist [144 B]
2026-09-28T04:49:40.9381584Z Hit:2 http://azure.archive.ubuntu.com/ubuntu resolute InRelease
2026-09-28T04:49:40.9394448Z Hit:6 https://packages.microsoft.com/ubuntu/26.04/prod resolute InRelease
2026-09-28T04:49:40.9396075Z Hit:3 http://azure.archive.ubuntu.com/ubuntu resolute-updates InRelease
2026-09-28T04:49:40.9401529Z Hit:4 http://azure.archive.ubuntu.com/ubuntu resolute-backports InRelease
2026-09-28T04:49:40.9418872Z Hit:5 http://azure.archive.ubuntu.com/ubuntu resolute-security InRelease
2026-09-28T04:49:41.8208176Z Reading package lists...
2026-09-28T04:49:41.8473310Z Reading package lists...
2026-09-28T04:49:42.0143122Z Building dependency tree...
2026-09-28T04:49:42.0150043Z Reading state information...
2026-09-28T04:49:42.0519948Z libasound2t64 is already the newest version (1.2.15.3-1ubuntu1.1).
2026-09-28T04:49:42.0521032Z libasound2t64 set to manually installed.
2026-09-28T04:49:42.0522611Z libatk-bridge2.0-0t64 is already the newest version (2.60.4-0ubuntu0.1).
2026-09-28T04:49:42.0523692Z libatk-bridge2.0-0t64 set to manually installed.
2026-09-28T04:49:42.0524639Z libatk1.0-0t64 is already the newest version (2.60.4-0ubuntu0.1).
2026-09-28T04:49:42.0525229Z libatk1.0-0t64 set to manually installed.
2026-09-28T04:49:42.0525872Z libatspi2.0-0t64 is already the newest version (2.60.4-0ubuntu0.1).
2026-09-28T04:49:42.0526497Z libatspi2.0-0t64 set to manually installed.
2026-09-28T04:49:42.0527052Z libcairo2 is already the newest version (1.18.4-3).
2026-09-28T04:49:42.0527581Z libcairo2 set to manually installed.
2026-09-28T04:49:42.0528194Z libcups2t64 is already the newest version (2.4.16-1ubuntu1.3).
2026-09-28T04:49:42.0528770Z libcups2t64 set to manually installed.
2026-09-28T04:49:42.0529354Z libdbus-1-3 is already the newest version (1.16.2-2ubuntu4).
2026-09-28T04:49:42.0529920Z libdbus-1-3 set to manually installed.
2026-09-28T04:49:42.0530515Z libdrm2 is already the newest version (2.4.131-1).
2026-09-28T04:49:42.0531063Z libdrm2 set to manually installed.
2026-09-28T04:49:42.0531552Z libgbm1 is already the newest version (26.0.8-1ubuntu0.3).
2026-09-28T04:49:42.0532318Z libgbm1 set to manually installed.
2026-09-28T04:49:42.0532806Z libnspr4 is already the newest version (2:4.38.2-1ubuntu1).
2026-09-28T04:49:42.0533273Z libnspr4 set to manually installed.
2026-09-28T04:49:42.0533747Z libnss3 is already the newest version (2:3.120-1ubuntu2.1).
2026-09-28T04:49:42.0534204Z libnss3 set to manually installed.
2026-09-28T04:49:42.0534663Z libpango-1.0-0 is already the newest version (1.57.0-1).
2026-09-28T04:49:42.0535152Z libpango-1.0-0 set to manually installed.
2026-09-28T04:49:42.0535611Z libx11-6 is already the newest version (2:1.8.13-1).
2026-09-28T04:49:42.0536035Z libx11-6 set to manually installed.
2026-09-28T04:49:42.0536481Z libxcb1 is already the newest version (1.17.0-2ubuntu1).
2026-09-28T04:49:42.0536929Z libxcb1 set to manually installed.
2026-09-28T04:49:42.0537920Z libxcomposite1 is already the newest version (1:0.4.6-1build1).
2026-09-28T04:49:42.0538463Z libxcomposite1 set to manually installed.
2026-09-28T04:49:42.0538939Z libxdamage1 is already the newest version (1:1.1.7-1).
2026-09-28T04:49:42.0539391Z libxdamage1 set to manually installed.
2026-09-28T04:49:42.0539868Z libxext6 is already the newest version (2:1.3.4-1build3).
2026-09-28T04:49:42.0540321Z libxext6 set to manually installed.
2026-09-28T04:49:42.0540799Z libxfixes3 is already the newest version (1:6.0.0-2build2).
2026-09-28T04:49:42.0541263Z libxfixes3 set to manually installed.
2026-09-28T04:49:42.0541859Z libxkbcommon0 is already the newest version (1.13.1-1).
2026-09-28T04:49:42.0542267Z libxkbcommon0 set to manually installed.
2026-09-28T04:49:42.0542696Z libxrandr2 is already the newest version (2:1.5.4-1build1).
2026-09-28T04:49:42.0543079Z libxrandr2 set to manually installed.
2026-09-28T04:49:42.0543532Z fonts-noto-color-emoji is already the newest version (2.051-1build1).
2026-09-28T04:49:42.0544084Z libfontconfig1 is already the newest version (2.17.1-3ubuntu1).
2026-09-28T04:49:42.0544522Z libfontconfig1 set to manually installed.
2026-09-28T04:49:42.0544976Z libfreetype6 is already the newest version (2.14.2+dfsg-1ubuntu0.1).
2026-09-28T04:49:42.0545411Z libfreetype6 set to manually installed.
2026-09-28T04:49:42.0545855Z fonts-liberation is already the newest version (1:2.1.5-3build1).
2026-09-28T04:49:42.0546289Z fonts-liberation set to manually installed.
2026-09-28T04:49:42.1145195Z Solving dependencies...
2026-09-28T04:49:42.2008964Z The following additional packages will be installed:
2026-09-28T04:49:42.2010874Z   gir1.2-girepository-3.0 gir1.2-glib-2.0 libgirepository-2.0-0 libglib2.0-bin
2026-09-28T04:49:42.2017684Z   libglib2.0-data xfonts-encodings xfonts-utils xserver-common
2026-09-28T04:49:42.2025134Z Recommended packages:
2026-09-28T04:49:42.2025685Z   fonts-ipafont-mincho fonts-tlwg-loma
2026-09-28T04:49:42.2305856Z The following NEW packages will be installed:
2026-09-28T04:49:42.2306941Z   fonts-freefont-ttf fonts-ipafont-gothic fonts-tlwg-loma-otf fonts-unifont
2026-09-28T04:49:42.2317178Z   fonts-wqy-zenhei xfonts-cyrillic xfonts-encodings xfonts-scalable
2026-09-28T04:49:42.2318051Z   xfonts-utils
2026-09-28T04:49:42.2322246Z The following packages will be upgraded:
2026-09-28T04:49:42.2323866Z   gir1.2-girepository-3.0 gir1.2-glib-2.0 libgirepository-2.0-0
2026-09-28T04:49:42.2329904Z   libglib2.0-0t64 libglib2.0-bin libglib2.0-data xserver-common xvfb
2026-09-28T04:49:42.2540629Z 8 upgraded, 9 newly installed, 0 to remove and 31 not upgraded.
2026-09-28T04:49:42.2541415Z Need to get 24.8 MB of archives.
2026-09-28T04:49:42.2542399Z After this operation, 80.2 MB of additional disk space will be used.
2026-09-28T04:49:42.2543281Z Get:1 file:/etc/apt/apt-mirrors.txt Mirrorlist [144 B]
2026-09-28T04:49:42.3433331Z Get:2 http://azure.archive.ubuntu.com/ubuntu resolute/universe amd64v3 fonts-ipafont-gothic all 00303-23ubuntu1 [3703 kB]
2026-09-28T04:49:42.4667759Z Get:3 http://azure.archive.ubuntu.com/ubuntu resolute-updates/main amd64v3 libglib2.0-data all 2.88.0-1ubuntu0.1 [38.5 kB]
2026-09-28T04:49:42.5277557Z Get:4 http://azure.archive.ubuntu.com/ubuntu resolute-updates/main amd64v3 libglib2.0-bin amd64 2.88.0-1ubuntu0.1 [99.5 kB]
2026-09-28T04:49:42.5893936Z Get:5 http://azure.archive.ubuntu.com/ubuntu resolute-updates/main amd64v3 gir1.2-girepository-3.0 amd64 2.88.0-1ubuntu0.1 [25.2 kB]
2026-09-28T04:49:42.6507691Z Get:6 http://azure.archive.ubuntu.com/ubuntu resolute-updates/main amd64v3 libgirepository-2.0-0 amd64 2.88.0-1ubuntu0.1 [76.1 kB]
2026-09-28T04:49:42.7122920Z Get:7 http://azure.archive.ubuntu.com/ubuntu resolute-updates/main amd64v3 gir1.2-glib-2.0 amd64 2.88.0-1ubuntu0.1 [183 kB]
2026-09-28T04:49:42.7745192Z Get:8 http://azure.archive.ubuntu.com/ubuntu resolute-updates/main amd64v3 libglib2.0-0t64 amd64 2.88.0-1ubuntu0.1 [1602 kB]
2026-09-28T04:49:42.8636850Z Get:9 http://azure.archive.ubuntu.com/ubuntu resolute/main amd64v3 fonts-freefont-ttf all 20211204+svn4273-4build1 [5656 kB]
2026-09-28T04:49:43.0345712Z Get:10 http://azure.archive.ubuntu.com/ubuntu resolute/universe amd64v3 fonts-tlwg-loma-otf all 1:0.7.3-1build1 [106 kB]
2026-09-28T04:49:43.0958616Z Get:11 http://azure.archive.ubuntu.com/ubuntu resolute/universe amd64v3 fonts-unifont all 1:16.0.04-1build1 [3169 kB]
2026-09-28T04:49:43.2201491Z Get:12 http://azure.archive.ubuntu.com/ubuntu resolute/universe amd64v3 fonts-wqy-zenhei all 0.9.45-8build1 [7863 kB]
2026-09-28T04:49:43.4299263Z Get:13 http://azure.archive.ubuntu.com/ubuntu resolute/main amd64v3 xfonts-encodings all 1:1.0.5-0ubuntu3 [576 kB]
2026-09-28T04:49:43.5186276Z Get:14 http://azure.archive.ubuntu.com/ubuntu resolute/main amd64v3 xfonts-utils amd64 1:7.7+7build1 [97.3 kB]
2026-09-28T04:49:43.5795216Z Get:15 http://azure.archive.ubuntu.com/ubuntu resolute/universe amd64v3 xfonts-cyrillic all 1:1.0.5+nmu1build1 [384 kB]
2026-09-28T04:49:43.6458845Z Get:16 http://azure.archive.ubuntu.com/ubuntu resolute/universe amd64v3 xfonts-scalable all 1:1.0.3-1.3build1 [304 kB]
2026-09-28T04:49:43.7220406Z Get:17 http://azure.archive.ubuntu.com/ubuntu resolute-updates/main amd64v3 xserver-common all 2:21.1.22-1ubuntu1.2 [29.8 kB]
2026-09-28T04:49:43.7825770Z Get:18 http://azure.archive.ubuntu.com/ubuntu resolute-updates/universe amd64v3 xvfb amd64 2:21.1.22-1ubuntu1.2 [905 kB]
2026-09-28T04:49:44.8864436Z Fetched 24.8 MB in 2s (15.9 MB/s)
2026-09-28T04:49:44.9148701Z Selecting previously unselected package fonts-ipafont-gothic.
2026-09-28T04:49:44.9443198Z (Reading database ... 
2026-09-28T04:49:44.9443738Z (Reading database ... 5%
2026-09-28T04:49:44.9444476Z (Reading database ... 10%
2026-09-28T04:49:44.9444914Z (Reading database ... 15%
2026-09-28T04:49:44.9445403Z (Reading database ... 20%
2026-09-28T04:49:44.9445835Z (Reading database ... 25%
2026-09-28T04:49:44.9446271Z (Reading database ... 30%
2026-09-28T04:49:44.9446699Z (Reading database ... 35%
2026-09-28T04:49:44.9447080Z (Reading database ... 40%
2026-09-28T04:49:44.9447323Z (Reading database ... 45%
2026-09-28T04:49:44.9447579Z (Reading database ... 50%
2026-09-28T04:49:45.0285611Z (Reading database ... 55%
2026-09-28T04:49:45.1621399Z (Reading database ... 60%
2026-09-28T04:49:45.3265468Z (Reading database ... 65%
2026-09-28T04:49:45.5155391Z (Reading database ... 70%
2026-09-28T04:49:45.7143674Z (Reading database ... 75%
2026-09-28T04:49:45.8119673Z (Reading database ... 80%
2026-09-28T04:49:45.9736821Z (Reading database ... 85%
2026-09-28T04:49:46.1902498Z (Reading database ... 90%
2026-09-28T04:49:46.2799852Z (Reading database ... 95%
2026-09-28T04:49:46.2800603Z (Reading database ... 100%
2026-09-28T04:49:46.2802026Z (Reading database ... 209649 files and directories currently installed.)
2026-09-28T04:49:46.2842696Z Preparing to unpack .../00-fonts-ipafont-gothic_00303-23ubuntu1_all.deb ...
2026-09-28T04:49:46.2946604Z Unpacking fonts-ipafont-gothic (00303-23ubuntu1) ...
2026-09-28T04:49:46.3805352Z Preparing to unpack .../01-libglib2.0-data_2.88.0-1ubuntu0.1_all.deb ...
2026-09-28T04:49:46.3823863Z Unpacking libglib2.0-data (2.88.0-1ubuntu0.1) over (2.88.0-1) ...
2026-09-28T04:49:46.4195722Z Preparing to unpack .../02-libglib2.0-bin_2.88.0-1ubuntu0.1_amd64v3.deb ...
2026-09-28T04:49:46.4214432Z Unpacking libglib2.0-bin (2.88.0-1ubuntu0.1) over (2.88.0-1) ...
2026-09-28T04:49:46.4729739Z Preparing to unpack .../03-gir1.2-girepository-3.0_2.88.0-1ubuntu0.1_amd64v3.deb ...
2026-09-28T04:49:46.4749848Z Unpacking gir1.2-girepository-3.0:amd64 (2.88.0-1ubuntu0.1) over (2.88.0-1) ...
2026-09-28T04:49:46.5132160Z Preparing to unpack .../04-libgirepository-2.0-0_2.88.0-1ubuntu0.1_amd64v3.deb ...
2026-09-28T04:49:46.5162907Z Unpacking libgirepository-2.0-0:amd64 (2.88.0-1ubuntu0.1) over (2.88.0-1) ...
2026-09-28T04:49:46.5530292Z Preparing to unpack .../05-gir1.2-glib-2.0_2.88.0-1ubuntu0.1_amd64v3.deb ...
2026-09-28T04:49:46.5550424Z Unpacking gir1.2-glib-2.0:amd64 (2.88.0-1ubuntu0.1) over (2.88.0-1) ...
2026-09-28T04:49:46.5986928Z Preparing to unpack .../06-libglib2.0-0t64_2.88.0-1ubuntu0.1_amd64v3.deb ...
2026-09-28T04:49:46.6053117Z Unpacking libglib2.0-0t64:amd64 (2.88.0-1ubuntu0.1) over (2.88.0-1) ...
2026-09-28T04:49:46.6505988Z Selecting previously unselected package fonts-freefont-ttf.
2026-09-28T04:49:46.6645230Z Preparing to unpack .../07-fonts-freefont-ttf_20211204+svn4273-4build1_all.deb ...
2026-09-28T04:49:46.6652493Z Unpacking fonts-freefont-ttf (20211204+svn4273-4build1) ...
2026-09-28T04:49:46.7503374Z Selecting previously unselected package fonts-tlwg-loma-otf.
2026-09-28T04:49:46.7637400Z Preparing to unpack .../08-fonts-tlwg-loma-otf_1%3a0.7.3-1build1_all.deb ...
2026-09-28T04:49:46.7644483Z Unpacking fonts-tlwg-loma-otf (1:0.7.3-1build1) ...
2026-09-28T04:49:46.7871284Z Selecting previously unselected package fonts-unifont.
2026-09-28T04:49:46.8015280Z Preparing to unpack .../09-fonts-unifont_1%3a16.0.04-1build1_all.deb ...
2026-09-28T04:49:46.8023772Z Unpacking fonts-unifont (1:16.0.04-1build1) ...
2026-09-28T04:49:46.9148951Z Selecting previously unselected package fonts-wqy-zenhei.
2026-09-28T04:49:46.9288562Z Preparing to unpack .../10-fonts-wqy-zenhei_0.9.45-8build1_all.deb ...
2026-09-28T04:49:46.9432730Z Unpacking fonts-wqy-zenhei (0.9.45-8build1) ...
2026-09-28T04:49:47.0309469Z Selecting previously unselected package xfonts-encodings.
2026-09-28T04:49:47.0469876Z Preparing to unpack .../11-xfonts-encodings_1%3a1.0.5-0ubuntu3_all.deb ...
2026-09-28T04:49:47.0478342Z Unpacking xfonts-encodings (1:1.0.5-0ubuntu3) ...
2026-09-28T04:49:47.0787740Z Selecting previously unselected package xfonts-utils.
2026-09-28T04:49:47.0925518Z Preparing to unpack .../12-xfonts-utils_1%3a7.7+7build1_amd64v3.deb ...
2026-09-28T04:49:47.0933400Z Unpacking xfonts-utils (1:7.7+7build1) ...
2026-09-28T04:49:47.1294687Z Selecting previously unselected package xfonts-cyrillic.
2026-09-28T04:49:47.1429279Z Preparing to unpack .../13-xfonts-cyrillic_1%3a1.0.5+nmu1build1_all.deb ...
2026-09-28T04:49:47.1437978Z Unpacking xfonts-cyrillic (1:1.0.5+nmu1build1) ...
2026-09-28T04:49:47.1787516Z Selecting previously unselected package xfonts-scalable.
2026-09-28T04:49:47.1922724Z Preparing to unpack .../14-xfonts-scalable_1%3a1.0.3-1.3build1_all.deb ...
2026-09-28T04:49:47.1931046Z Unpacking xfonts-scalable (1:1.0.3-1.3build1) ...
2026-09-28T04:49:47.2350528Z Preparing to unpack .../15-xserver-common_2%3a21.1.22-1ubuntu1.2_all.deb ...
2026-09-28T04:49:47.2372466Z Unpacking xserver-common (2:21.1.22-1ubuntu1.2) over (2:21.1.22-1ubuntu1) ...
2026-09-28T04:49:47.2797576Z Preparing to unpack .../16-xvfb_2%3a21.1.22-1ubuntu1.2_amd64v3.deb ...
2026-09-28T04:49:47.2818238Z Unpacking xvfb (2:21.1.22-1ubuntu1.2) over (2:21.1.22-1ubuntu1) ...
2026-09-28T04:49:47.3388671Z Setting up fonts-wqy-zenhei (0.9.45-8build1) ...
2026-09-28T04:49:47.3534963Z Setting up fonts-freefont-ttf (20211204+svn4273-4build1) ...
2026-09-28T04:49:47.3551160Z Setting up libglib2.0-0t64:amd64 (2.88.0-1ubuntu0.1) ...
2026-09-28T04:49:47.3656497Z Setting up libglib2.0-data (2.88.0-1ubuntu0.1) ...
2026-09-28T04:49:47.3676450Z Setting up fonts-tlwg-loma-otf (1:0.7.3-1build1) ...
2026-09-28T04:49:47.3693703Z Setting up xfonts-encodings (1:1.0.5-0ubuntu3) ...
2026-09-28T04:49:47.3709390Z Setting up gir1.2-glib-2.0:amd64 (2.88.0-1ubuntu0.1) ...
2026-09-28T04:49:47.3726912Z Setting up fonts-ipafont-gothic (00303-23ubuntu1) ...
2026-09-28T04:49:47.3787266Z update-alternatives: using /usr/share/fonts/opentype/ipafont-gothic/ipag.ttf to provide /usr/share/fonts/truetype/fonts-japanese-gothic.ttf (fonts-japanese-gothic.ttf) in auto mode
2026-09-28T04:49:47.3801324Z Setting up xserver-common (2:21.1.22-1ubuntu1.2) ...
2026-09-28T04:49:47.3818552Z Setting up fonts-unifont (1:16.0.04-1build1) ...
2026-09-28T04:49:47.3837396Z Setting up libgirepository-2.0-0:amd64 (2.88.0-1ubuntu0.1) ...
2026-09-28T04:49:47.4156002Z Setting up xvfb (2:21.1.22-1ubuntu1.2) ...
2026-09-28T04:49:47.4173053Z Setting up libglib2.0-bin (2.88.0-1ubuntu0.1) ...
2026-09-28T04:49:47.4188305Z Setting up xfonts-utils (1:7.7+7build1) ...
2026-09-28T04:49:47.4241408Z Setting up gir1.2-girepository-3.0:amd64 (2.88.0-1ubuntu0.1) ...
2026-09-28T04:49:47.4258206Z Setting up xfonts-cyrillic (1:1.0.5+nmu1build1) ...
2026-09-28T04:49:47.4671912Z Setting up xfonts-scalable (1:1.0.3-1.3build1) ...
2026-09-28T04:49:47.5058055Z Processing triggers for libc-bin (2.43-2ubuntu2.4) ...
2026-09-28T04:49:47.5338098Z Processing triggers for man-db (2.13.1-1build1) ...
2026-09-28T04:49:47.5360114Z Not building database; man-db/auto-update is not 'true'.
2026-09-28T04:49:47.5371505Z Processing triggers for fontconfig (2.17.1-3ubuntu1) ...
2026-09-28T04:49:48.1838220Z 
2026-09-28T04:49:48.1838920Z Running kernel seems to be up-to-date.
2026-09-28T04:49:48.1839359Z 
2026-09-28T04:49:48.1839561Z Restarting services...
2026-09-28T04:49:48.2463940Z  systemctl restart packagekit.service php8.5-fpm.service polkit.service udisks2.service
2026-09-28T04:49:48.3967959Z 
2026-09-28T04:49:48.3973103Z Service restarts being deferred:
2026-09-28T04:49:48.3973971Z  systemctl restart ModemManager.service
2026-09-28T04:49:48.3974950Z  systemctl restart hosted-compute-agent.service
2026-09-28T04:49:48.3975683Z  systemctl restart networkd-dispatcher.service
2026-09-28T04:49:48.3976088Z 
2026-09-28T04:49:48.3976360Z No containers need to be restarted.
2026-09-28T04:49:48.3976691Z 
2026-09-28T04:49:48.3977016Z No user sessions are running outdated binaries.
2026-09-28T04:49:48.3977386Z 
2026-09-28T04:49:48.3977907Z No VM guests are running outdated hypervisor (qemu) binaries on this host.
2026-09-28T04:49:49.4528948Z Downloading Chrome for Testing 153.0.8010.12 (playwright chromium v1243) from https://cdn.playwright.dev/builds/cft/153.0.8010.12/linux64/chrome-linux64.zip
2026-09-28T04:49:49.8763899Z |                                                                                |   0% of 186.8 MiB
2026-09-28T04:49:50.0379706Z |■■■■■■■■                                                                        |  10% of 186.8 MiB
2026-09-28T04:49:50.1737676Z |■■■■■■■■■■■■■■■■                                                                |  20% of 186.8 MiB
2026-09-28T04:49:50.3779260Z |■■■■■■■■■■■■■■■■■■■■■■■■                                                        |  30% of 186.8 MiB
2026-09-28T04:49:50.5346390Z |■■■■■■■■■■■■■■■■■■■■■■■■■■■■■■■■                                                |  40% of 186.8 MiB
2026-09-28T04:49:50.6575051Z |■■■■■■■■■■■■■■■■■■■■■■■■■■■■■■■■■■■■■■■■                                        |  50% of 186.8 MiB
2026-09-28T04:49:50.7791582Z |■■■■■■■■■■■■■■■■■■■■■■■■■■■■■■■■■■■■■■■■■■■■■■■■                                |  60% of 186.8 MiB
2026-09-28T04:49:50.8912252Z |■■■■■■■■■■■■■■■■■■■■■■■■■■■■■■■■■■■■■■■■■■■■■■■■■■■■■■■■                        |  70% of 186.8 MiB
2026-09-28T04:49:51.0337613Z |■■■■■■■■■■■■■■■■■■■■■■■■■■■■■■■■■■■■■■■■■■■■■■■■■■■■■■■■■■■■■■■■                |  80% of 186.8 MiB
2026-09-28T04:49:51.1532258Z |■■■■■■■■■■■■■■■■■■■■■■■■■■■■■■■■■■■■■■■■■■■■■■■■■■■■■■■■■■■■■■■■■■■■■■■■        |  90% of 186.8 MiB
2026-09-28T04:49:51.2589708Z |■■■■■■■■■■■■■■■■■■■■■■■■■■■■■■■■■■■■■■■■■■■■■■■■■■■■■■■■■■■■■■■■■■■■■■■■■■■■■■■■| 100% of 186.8 MiB
2026-09-28T04:49:54.2494846Z Chrome for Testing 153.0.8010.12 (playwright chromium v1243) downloaded to <CI_HOME>/.cache/ms-playwright/chromium-1243
2026-09-28T04:49:54.2499610Z Downloading FFmpeg (playwright ffmpeg v1011) from https://cdn.playwright.dev/dbazure/download/playwright/builds/ffmpeg/1011/ffmpeg-linux.zip
2026-09-28T04:49:54.6418485Z |                                                                                |   0% of 2.3 MiB
2026-09-28T04:49:54.6593109Z |■■■■■■■■                                                                        |  10% of 2.3 MiB
2026-09-28T04:49:54.6666285Z |■■■■■■■■■■■■■■■■                                                                |  20% of 2.3 MiB
2026-09-28T04:49:54.6727785Z |■■■■■■■■■■■■■■■■■■■■■■■■                                                        |  30% of 2.3 MiB
2026-09-28T04:49:54.6754808Z |■■■■■■■■■■■■■■■■■■■■■■■■■■■■■■■■                                                |  40% of 2.3 MiB
2026-09-28T04:49:54.6782013Z |■■■■■■■■■■■■■■■■■■■■■■■■■■■■■■■■■■■■■■■■                                        |  50% of 2.3 MiB
2026-09-28T04:49:54.6804927Z |■■■■■■■■■■■■■■■■■■■■■■■■■■■■■■■■■■■■■■■■■■■■■■■■                                |  60% of 2.3 MiB
2026-09-28T04:49:54.6825257Z |■■■■■■■■■■■■■■■■■■■■■■■■■■■■■■■■■■■■■■■■■■■■■■■■■■■■■■■■                        |  70% of 2.3 MiB
2026-09-28T04:49:54.6841520Z |■■■■■■■■■■■■■■■■■■■■■■■■■■■■■■■■■■■■■■■■■■■■■■■■■■■■■■■■■■■■■■■■                |  80% of 2.3 MiB
2026-09-28T04:49:54.6862325Z |■■■■■■■■■■■■■■■■■■■■■■■■■■■■■■■■■■■■■■■■■■■■■■■■■■■■■■■■■■■■■■■■■■■■■■■■        |  90% of 2.3 MiB
2026-09-28T04:49:54.6877148Z |■■■■■■■■■■■■■■■■■■■■■■■■■■■■■■■■■■■■■■■■■■■■■■■■■■■■■■■■■■■■■■■■■■■■■■■■■■■■■■■■| 100% of 2.3 MiB
2026-09-28T04:49:54.7474431Z FFmpeg (playwright ffmpeg v1011) downloaded to <CI_HOME>/.cache/ms-playwright/ffmpeg-1011
2026-09-28T04:49:54.7478118Z Downloading Chrome Headless Shell 153.0.8010.12 (playwright chromium-headless-shell v1243) from https://cdn.playwright.dev/builds/cft/153.0.8010.12/linux64/chrome-headless-shell-linux64.zip
2026-09-28T04:49:55.1744172Z |                                                                                |   0% of 114.3 MiB
2026-09-28T04:49:55.2987458Z |■■■■■■■■                                                                        |  10% of 114.3 MiB
2026-09-28T04:49:55.7313805Z |■■■■■■■■■■■■■■■■                                                                |  20% of 114.3 MiB
2026-09-28T04:49:55.8020137Z |■■■■■■■■■■■■■■■■■■■■■■■■                                                        |  30% of 114.3 MiB
2026-09-28T04:49:55.8864272Z |■■■■■■■■■■■■■■■■■■■■■■■■■■■■■■■■                                                |  40% of 114.3 MiB
2026-09-28T04:49:56.0070760Z |■■■■■■■■■■■■■■■■■■■■■■■■■■■■■■■■■■■■■■■■                                        |  50% of 114.3 MiB
2026-09-28T04:49:56.0966304Z |■■■■■■■■■■■■■■■■■■■■■■■■■■■■■■■■■■■■■■■■■■■■■■■■                                |  60% of 114.3 MiB
2026-09-28T04:49:56.1750488Z |■■■■■■■■■■■■■■■■■■■■■■■■■■■■■■■■■■■■■■■■■■■■■■■■■■■■■■■■                        |  70% of 114.3 MiB
2026-09-28T04:49:56.2139100Z |■■■■■■■■■■■■■■■■■■■■■■■■■■■■■■■■■■■■■■■■■■■■■■■■■■■■■■■■■■■■■■■■                |  80% of 114.3 MiB
2026-09-28T04:49:56.2705498Z |■■■■■■■■■■■■■■■■■■■■■■■■■■■■■■■■■■■■■■■■■■■■■■■■■■■■■■■■■■■■■■■■■■■■■■■■        |  90% of 114.3 MiB
2026-09-28T04:49:56.3313056Z |■■■■■■■■■■■■■■■■■■■■■■■■■■■■■■■■■■■■■■■■■■■■■■■■■■■■■■■■■■■■■■■■■■■■■■■■■■■■■■■■| 100% of 114.3 MiB
2026-09-28T04:49:58.4778181Z Chrome Headless Shell 153.0.8010.12 (playwright chromium-headless-shell v1243) downloaded to <CI_HOME>/.cache/ms-playwright/chromium_headless_shell-1243
2026-09-28T04:49:58.5129887Z ##[group]Run make build
2026-09-28T04:49:58.5130443Z [36;1mmake build[0m
2026-09-28T04:49:58.5200110Z shell: /usr/bin/bash -e {0}
2026-09-28T04:49:58.5200371Z env:
2026-09-28T04:49:58.5200645Z   pythonLocation: /opt/hostedtoolcache/Python/3.12.13/x64
2026-09-28T04:49:58.5201089Z   PKG_CONFIG_PATH: /opt/hostedtoolcache/Python/3.12.13/x64/lib/pkgconfig
2026-09-28T04:49:58.5201529Z   Python_ROOT_DIR: /opt/hostedtoolcache/Python/3.12.13/x64
2026-09-28T04:49:58.5202173Z   Python2_ROOT_DIR: /opt/hostedtoolcache/Python/3.12.13/x64
2026-09-28T04:49:58.5202580Z   Python3_ROOT_DIR: /opt/hostedtoolcache/Python/3.12.13/x64
2026-09-28T04:49:58.5202966Z   LD_LIBRARY_PATH: /opt/hostedtoolcache/Python/3.12.13/x64/lib
2026-09-28T04:49:58.5203295Z ##[endgroup]
2026-09-28T04:49:58.5314920Z bash scripts/node.sh npm --prefix apps/web run build
2026-09-28T04:49:58.6385809Z 
2026-09-28T04:49:58.6386588Z > @learning-workbench/web@0.1.0 build
2026-09-28T04:49:58.6387039Z > tsc --noEmit && vite build
2026-09-28T04:49:58.6387566Z 
2026-09-28T04:50:00.2810757Z [36mvite v8.3.0 [32mbuilding client environment for production...[36m[39m
2026-09-28T04:50:00.2909135Z transforming...
2026-09-28T04:50:00.5030269Z ✓ 754 modules transformed.
2026-09-28T04:50:00.6058528Z rendering chunks...
2026-09-28T04:50:00.7505369Z computing gzip size...
2026-09-28T04:50:00.8005336Z dist/index.html                       0.41 kB │ gzip:     0.31 kB
2026-09-28T04:50:00.8006978Z dist/assets/index-BN4pGsUm.css       40.90 kB │ gzip:     8.53 kB
2026-09-28T04:50:00.8008515Z dist/assets/index-Bew0Uiwy.js     1,328.89 kB │ gzip:   290.97 kB
2026-09-28T04:50:00.8010080Z dist/assets/Markdown-CjN1eC0l.js  2,939.32 kB │ gzip: 1,098.70 kB
2026-09-28T04:50:00.8010754Z 
2026-09-28T04:50:00.8012530Z [32m✓ built in 518ms[39m
2026-09-28T04:50:00.8020825Z [33m[plugin builtin:vite-reporter] 
2026-09-28T04:50:00.8022145Z (!) Some chunks are larger than 500 kB after minification. Consider:
2026-09-28T04:50:00.8023338Z - Using dynamic import() to code-split the application
2026-09-28T04:50:00.8024935Z - Use build.rolldownOptions.output.codeSplitting to improve chunking: https://rolldown.rs/reference/OutputOptions.codeSplitting
2026-09-28T04:50:00.8026631Z - Adjust chunk size limit for this warning via build.chunkSizeWarningLimit.[39m
2026-09-28T04:50:00.8331399Z ##[group]Run make test-e2e
2026-09-28T04:50:00.8332047Z [36;1mmake test-e2e[0m
2026-09-28T04:50:00.8388791Z shell: /usr/bin/bash -e {0}
2026-09-28T04:50:00.8389048Z env:
2026-09-28T04:50:00.8389318Z   pythonLocation: /opt/hostedtoolcache/Python/3.12.13/x64
2026-09-28T04:50:00.8389769Z   PKG_CONFIG_PATH: /opt/hostedtoolcache/Python/3.12.13/x64/lib/pkgconfig
2026-09-28T04:50:00.8390207Z   Python_ROOT_DIR: /opt/hostedtoolcache/Python/3.12.13/x64
2026-09-28T04:50:00.8390594Z   Python2_ROOT_DIR: /opt/hostedtoolcache/Python/3.12.13/x64
2026-09-28T04:50:00.8390978Z   Python3_ROOT_DIR: /opt/hostedtoolcache/Python/3.12.13/x64
2026-09-28T04:50:00.8391372Z   LD_LIBRARY_PATH: /opt/hostedtoolcache/Python/3.12.13/x64/lib
2026-09-28T04:50:00.8392206Z   LEARNING_E2E_OUTPUT_DIR: <CI_HOME>/work/_temp/learning-workbench-e2e-results
2026-09-28T04:50:00.8392635Z ##[endgroup]
2026-09-28T04:50:00.8489489Z bash scripts/node.sh npm --prefix apps/web run test:e2e
2026-09-28T04:50:00.9712543Z 
2026-09-28T04:50:00.9713727Z > @learning-workbench/web@0.1.0 test:e2e
2026-09-28T04:50:00.9714695Z > playwright test --config ../../tests/e2e/playwright.config.ts
2026-09-28T04:50:00.9715191Z 
2026-09-28T04:50:03.7323222Z [WebServer] INFO:     Started server process [3266]
2026-09-28T04:50:03.7323872Z [WebServer] INFO:     Waiting for application startup.
2026-09-28T04:50:03.8713581Z [WebServer] INFO:     Application startup complete.
2026-09-28T04:50:03.8719334Z [WebServer] INFO:     Uvicorn running on http://127.0.0.1:8765 (Press CTRL+C to quit)
2026-09-28T04:50:06.9878878Z 
2026-09-28T04:50:06.9892972Z Running 106 tests using 1 worker
2026-09-28T04:50:06.9897143Z 
2026-09-28T04:50:21.7000361Z   ✓    1 ../../tests/e2e/assessment-restart.spec.ts:43:1 › same assessment instance rejects forged course and assessment hashes while its independent policy remains active (14.2s)
2026-09-28T04:50:47.3659650Z   ✓    2 ../../tests/e2e/assessment-restart.spec.ts:112:1 › actual browser and API restarts retain independent drafts and keep old solution receipts protected after submission (25.7s)
2026-09-28T04:50:58.7043618Z   ✓    3 ../../tests/e2e/assessment-submit.spec.ts:7:1 › a pending real submission remains unsubmitted until its exact acknowledgement, then exposes only the actual grading result (11.3s)
2026-09-28T04:51:12.0939970Z   ✓    4 ../../tests/e2e/assessments.spec.ts:41:1 › real unreviewed independent assessment saves five types and submits without fabricated grades or answer calls (13.4s)
2026-09-28T04:51:28.8676053Z   ✓    5 ../../tests/e2e/assessments.spec.ts:90:1 › open-book and assisted freeze actual policies; explicit abandon retains saved answers and yields no score (16.8s)
2026-09-28T04:51:44.9750533Z   ✓    6 ../../tests/e2e/assessments.spec.ts:109:1 › two profiles retain a real server CAS conflict with three-way comparison and reject forged same-identity parent (15.7s)
2026-09-28T04:51:53.9065860Z   ✓    7 ../../tests/e2e/assessments.spec.ts:138:1 › missing private binding visibly blocks start instead of fabricating a usable test (8.9s)
2026-09-28T04:52:13.5979739Z   ✓    8 ../../tests/e2e/assessments.spec.ts:145:1 › two pages preserve independent local CAS candidates; a later submitted snapshot never accepts restored edits (19.7s)
2026-09-28T04:52:27.1875549Z   ✓    9 ../../tests/e2e/assessments.spec.ts:251:1 › late redacted Workbench save uses its original ETag and retains hidden selection after explicit three-way choice (13.6s)
2026-09-28T04:52:41.9537043Z   ✓   10 ../../tests/e2e/assessments.spec.ts:295:1 › a genuine solution response held in flight cannot appear after another page starts an open-book assessment (14.8s)
2026-09-28T04:52:52.1957686Z   ✓   11 ../../tests/e2e/authoring-diagnostic.spec.ts:6:1 › Authoring diagnostic preserves the original ten-second click error and excludes late deliveries and private text (10.2s)
2026-09-28T04:52:52.5929837Z   ✓   12 ../../tests/e2e/authoring-diagnostic.spec.ts:38:1 › actual requests retain separate identities and distinguish response headers from body completion at the freeze (368ms)
2026-09-28T04:52:52.8333521Z Authoring prepare diagnostic incomplete; original assertion verdict is unchanged.
2026-09-28T04:52:52.9026159Z Authoring prepare diagnostic incomplete; original assertion verdict is unchanged.
2026-09-28T04:52:53.0138845Z   ✓   13 ../../tests/e2e/authoring-diagnostic.spec.ts:78:1 › diagnostic storage failure preserves both a successful assertion and the exact original failure (400ms)
2026-09-28T04:53:20.3616897Z   ✓   14 ../../tests/e2e/authoring-groups.spec.ts:238:1 › native lesson group preserves its plan and formulas, then separately declines and executes one exact numeric member (27.3s)
2026-09-28T04:53:39.6839817Z   ✓   15 ../../tests/e2e/authoring-groups.spec.ts:297:1 › native practice group replays its lost prepare ACK with one key and clears explicitly read private answers after permission changes (19.3s)
2026-09-28T04:54:09.4935082Z   ✓   16 ../../tests/e2e/authoring-groups.spec.ts:355:1 › native assessment group keeps explicit modes and time, checks its exact private numeric plan, and cancels a separate unconsented job under a permission lock (29.8s)
2026-09-28T04:54:16.2568980Z   ✓   17 ../../tests/e2e/authoring.spec.ts:80:1 › actual Authoring preparation diagnoses missing proof without dispatch and learner can recover safe cancellation (6.7s)
2026-09-28T04:54:35.0423772Z   ✓   18 ../../tests/e2e/authoring.spec.ts:110:1 › explicit same-Job loopback grant creates a draft and numeric preview needs its own decision (18.8s)
2026-09-28T04:54:42.7455137Z 
2026-09-28T04:54:42.7514179Z   ✓   19 ../../tests/e2e/document-imports.spec.ts:87:1 › real two-page PDF keeps exact page citations, guarded original bytes and explicit fidelity approval (7.7s)
2026-09-28T04:54:50.1503079Z 
2026-09-28T04:54:50.1554640Z   ✓   20 ../../tests/e2e/document-imports.spec.ts:127:1 › real DOCX safe text stays readable for learner while original bytes require an explicit author role (7.4s)
2026-09-28T04:54:56.5745526Z 
2026-09-28T04:54:56.5772534Z   ✓   21 ../../tests/e2e/document-imports.spec.ts:202:1 › a real scanned PDF fails without invented text or OCR and its local original is checked explicitly after reload (6.4s)
2026-09-28T04:55:02.2431610Z 
2026-09-28T04:55:02.2474582Z   ✓   22 ../../tests/e2e/document-imports.spec.ts:236:3 › real encrypted.pdf extraction failure remains blocked and preserves its original hash (5.6s)
2026-09-28T04:55:06.1542596Z 
2026-09-28T04:55:06.1571044Z   ✓   23 ../../tests/e2e/document-imports.spec.ts:236:3 › real malformed.docx extraction failure remains blocked and preserves its original hash (3.9s)
2026-09-28T04:55:18.5188932Z   ✓   24 ../../tests/e2e/draft-publication.spec.ts:7:1 › real synthetic Import text block receives explicit human decisions, survives lost publish ACK and reads actual current independently (12.3s)
2026-09-28T04:55:30.2726132Z   ✓   25 ../../tests/e2e/draft-review.spec.ts:17:1 › real imported candidate review keeps original ACK, authenticated report bytes and explicit rejected decision across reload (11.7s)
2026-09-28T04:55:45.6539301Z   ✓   26 ../../tests/e2e/grading-recovery.spec.ts:57:1 › a real failed regrade survives reload and can recover from the last actual grade without losing the old submission (15.4s)
2026-09-28T04:56:05.8771030Z   ✓   27 ../../tests/e2e/grading-restart.spec.ts:50:1 › real browser and API restarts preserve the submitted answers, signed review and both grading revisions (20.2s)
2026-09-28T04:56:22.9605876Z   ✓   28 ../../tests/e2e/grading.spec.ts:34:1 › unreviewed original content stays null until an explicit author form creates a signed new grade without altering its reference approval (17.1s)
2026-09-28T04:56:40.4823004Z   ✓   29 ../../tests/e2e/grading.spec.ts:66:1 › two browser profiles keep a stale manual-review baseline through an actual 412 before explicit three-way rebase (17.5s)
2026-09-28T04:56:55.3798549Z   ✓   30 ../../tests/e2e/grading.spec.ts:81:1 › a failed manual request preserves its durable exact command and editable author draft after browser reload (14.9s)
2026-09-28T04:56:58.5694939Z   ✓   31 ../../tests/e2e/import-admission.spec.ts:8:1 › import admission waits for real Policy after UI saved and never replays a rejected click (3.2s)
2026-09-28T04:57:12.7641221Z   ✓   32 ../../tests/e2e/import-admission.spec.ts:65:1 › real independent Policy preserves an open import selection and restores only explicit admission (14.1s)
2026-09-28T04:57:26.1820124Z   ✓   33 ../../tests/e2e/imports-policy.spec.ts:11:1 › an open author import retains its task across independent start and submit but rechecks pending-answer protection before restoring content (13.4s)
2026-09-28T04:57:34.2960619Z   ✓   34 ../../tests/e2e/imports-policy.spec.ts:61:1 › a reselected failed original survives a role-policy pause in memory while decoded text must be checked again (8.1s)
2026-09-28T04:57:40.9934488Z   ✓   35 ../../tests/e2e/imports.spec.ts:111:1 › real Markdown upload stays staged, previews and downloads exact bytes, restores and commits exact course refs (6.7s)
2026-09-28T04:57:46.1419272Z   ✓   36 ../../tests/e2e/imports.spec.ts:190:1 › safe HTML warning requires explicit acceptance and native cancel leaves courses untouched (5.1s)
2026-09-28T04:57:52.8586281Z   ✓   37 ../../tests/e2e/imports.spec.ts:218:1 › UTF-8 text can target a real existing course and creates a newer exact revision (6.7s)
2026-09-28T04:57:56.9606324Z   ✓   38 ../../tests/e2e/imports.spec.ts:234:1 › upload request failure keeps the selected file; preview failure keeps the recovery ID and explicit retry works (4.1s)
2026-09-28T04:58:02.7759453Z 
2026-09-28T04:58:02.7768056Z   ✓   39 ../../tests/e2e/imports.spec.ts:254:1 › author package requires explicit role change and clears the private preview after returning to learner (5.8s)
2026-09-28T04:58:06.8143986Z   ✓   40 ../../tests/e2e/imports.spec.ts:290:1 › a real invalid UTF-8 parse shows a blocking error and cannot be confirmed (4.0s)
2026-09-28T04:58:13.9194074Z 
2026-09-28T04:58:13.9204372Z   ✓   41 ../../tests/e2e/imports.spec.ts:311:1 › local encoding choice preserves the failed original and creates a separately confirmed UTF-8 import (7.1s)
2026-09-28T04:58:20.2329910Z 
2026-09-28T04:58:20.2344443Z   ✓   42 ../../tests/e2e/imports.spec.ts:379:1 › deferred author preview and original responses cannot restore content after the role is lowered (6.3s)
2026-09-28T04:58:41.6004498Z   ✓   43 ../../tests/e2e/learning-state-restart.spec.ts:47:1 › actual browser and API restarts preserve profile candidates, exact route overrides and original reading sources (21.3s)
2026-09-28T04:58:51.3790012Z   ✓   44 ../../tests/e2e/learning-state.spec.ts:12:1 › real self-report persists a lost-ACK command once and never creates independent evidence (9.8s)
2026-09-28T04:59:05.4039805Z   ✓   45 ../../tests/e2e/learning-state.spec.ts:30:1 › actual unreviewed submission stays excluded and its precise sources disappear when another page starts independent work (14.0s)
2026-09-28T04:59:11.9978726Z   ✓   46 ../../tests/e2e/learning-state.spec.ts:45:1 › a quota-failed profile remains mounted when a global command tries to leave it (6.6s)
2026-09-28T04:59:21.9646431Z   ✓   47 ../../tests/e2e/notes-lifecycle.spec.ts:32:1 › a concurrent note move to another block remains recoverable by stable note ID after a real 412 (9.9s)
2026-09-28T04:59:32.2508130Z   ✓   48 ../../tests/e2e/notes-lifecycle.spec.ts:64:1 › soft deleting a server note preserves its unsynced local continuation for explicit recovery (10.3s)
2026-09-28T04:59:45.3574834Z   ✓   49 ../../tests/e2e/practice-restart.spec.ts:20:1 › same practice tab identity rejects changed frozen parent or child hashes and preserves the original session (13.1s)
2026-09-28T05:00:04.1848440Z   ✓   50 ../../tests/e2e/practice-restart.spec.ts:66:1 › actual browser close and API restart retain practice identity, exposure and an unsynced local response (18.8s)
2026-09-28T05:00:18.0494602Z   ✓   51 ../../tests/e2e/practice.spec.ts:26:1 › five real question kinds save and refresh; hints and solutions require explicit exposure; submit is ungraded (13.8s)
2026-09-28T05:00:30.9285738Z   ✓   52 ../../tests/e2e/practice.spec.ts:87:1 › offline recovery keeps the local candidate when session GET was also unavailable and reconnect compares its base (12.9s)
2026-09-28T05:00:45.6852276Z   ✓   53 ../../tests/e2e/practice.spec.ts:113:1 › two real browser profiles produce a server CAS conflict with base local and remote before explicit choice (14.7s)
2026-09-28T05:00:54.6054438Z   ✓   54 ../../tests/e2e/practice.spec.ts:138:1 › missing private solution fails closed and a forged same-identity parent never replaces the existing practice tab (8.9s)
2026-09-28T05:01:12.9034446Z   ✓   55 ../../tests/e2e/practice.spec.ts:159:1 › two pages keep their durable local candidates and closing an unsynced practice requires explicit retention (18.3s)
2026-09-28T05:01:21.3031209Z   ✓   56 ../../tests/e2e/provider-settings.spec.ts:53:1 › real settings persist control configuration and temporary secrets without claiming production generation (8.4s)
2026-09-28T05:01:34.1348057Z   ✓   57 ../../tests/e2e/provider-settings.spec.ts:84:1 › real config lost ACK restores the original command after browser/API restart and reads later current state separately (12.8s)
2026-09-28T05:01:45.1793967Z   ✓   58 ../../tests/e2e/provider-settings.spec.ts:112:1 › actual independent assessment policy keeps settings controls available and denies subject consent reads (11.0s)
2026-09-28T05:01:52.1225576Z   ✓   59 ../../tests/e2e/provider-settings.spec.ts:142:41 › secret controls use an actual newer readback while the parent refresh is held; peer change false (6.9s)
2026-09-28T05:01:59.3362905Z   ✓   60 ../../tests/e2e/provider-settings.spec.ts:142:41 › secret controls use an actual newer readback while the parent refresh is held; peer change true (7.2s)
2026-09-28T05:02:14.4089152Z   ✓   61 ../../tests/e2e/reader-conflict-layout.spec.ts:97:1 › real session conflict preserves the scrolled submitted explanation and requires an explicit comparison choice (15.1s)
2026-09-28T05:02:26.3600793Z   ✓   62 ../../tests/e2e/reader-conflict-layout.spec.ts:178:1 › real session conflict keeps the same enabled assessment input focused and visible in the shortened reader (11.9s)
2026-09-28T05:02:44.3839011Z   ✓   63 ../../tests/e2e/reader-restart.spec.ts:13:1 › actual browser close and API process restart retain imported references, notes, progress and Reader position (18.0s)
2026-09-28T05:02:52.7516254Z   ✓   64 ../../tests/e2e/reader.spec.ts:33:1 › real imported directory, title search, worked-example link, long formula and frozen original download (8.3s)
2026-09-28T05:03:02.1684528Z   ✓   65 ../../tests/e2e/reader.spec.ts:67:1 › second repeated rendered selection preserves exact source codepoints, saves note, edits and soft deletes (9.4s)
2026-09-28T05:03:11.3444700Z   ✓   66 ../../tests/e2e/reader.spec.ts:98:1 › native source keyboard selection creates exact Markdown codepoints without rendered-text guessing (9.2s)
2026-09-28T05:03:23.9384331Z   ✓   67 ../../tests/e2e/reader.spec.ts:123:1 › offline local note recovery and a real concurrent server revision show three-way comparison before CAS save (12.6s)
2026-09-28T05:03:38.3875905Z   ✓   68 ../../tests/e2e/reader.spec.ts:171:1 › historical course revisions stay in separate exact tabs and hash-mismatched links preserve unresolved reference (14.4s)
2026-09-28T05:03:51.5311375Z 
2026-09-28T05:03:51.5341633Z   ✓   69 ../../tests/e2e/reader.spec.ts:209:1 › a private original authorized before a cross-profile role decrease cannot trigger a late browser download (13.1s)
2026-09-28T05:04:08.3811098Z   ✓   70 ../../tests/e2e/recommendations.spec.ts:56:1 › real recommendation decisions recover a lost ACK across browser and API restart without rewriting later decisions or learning facts (16.8s)
2026-09-28T05:04:22.8495400Z   ✓   71 ../../tests/e2e/recommendations.spec.ts:90:1 › real local suggestions cover another imported textbook and open its complete original refs independently of acceptance (14.5s)
2026-09-28T05:04:38.3009051Z   ✓   72 ../../tests/e2e/recommendations.spec.ts:110:1 › real offline and stale decision candidates require explicit 412 correction and current independent policy hides delayed subject sources (15.4s)
2026-09-28T05:04:49.8553771Z   ✓   73 ../../tests/e2e/recommendations.spec.ts:151:1 › a controlled archived fixture makes the real historical recommendation stale and its formerly current UI cannot open the old target (11.5s)
2026-09-28T05:05:02.1641336Z   ✓   74 ../../tests/e2e/responsive-layout.spec.ts:43:1 › narrow layout and submitted explanation remain visible before React resize listeners run (12.3s)
2026-09-28T05:05:33.8155763Z   ✓   75 ../../tests/e2e/retrieval.spec.ts:47:1 › real explicit cold scope, original rebuild Job, complete hits/no match/resource omission and unchanged historical scope (31.6s)
2026-09-28T05:05:55.5090232Z   ✓   76 ../../tests/e2e/review.spec.ts:35:1 › real history and exact material review preserve original submitted text, null scores and a selected old revision after reload (21.7s)
2026-09-28T05:06:13.1245298Z   ✓   77 ../../tests/e2e/review.spec.ts:76:1 › a delayed old review response cannot restore history or academic context after another page starts a real independent attempt (17.6s)
2026-09-28T05:06:18.4418295Z   ✓   78 ../../tests/e2e/route-draft-input.spec.ts:9:60 › native route goal input survives its own initial draft save_first delivery after focus (5.3s)
2026-09-28T05:06:23.7344259Z   ✓   79 ../../tests/e2e/route-draft-input.spec.ts:9:60 › native route goal input survives its own initial draft load_first delivery after focus (5.3s)
2026-09-28T05:06:34.1501124Z   ✓   80 ../../tests/e2e/routes.spec.ts:10:1 › real route creation, reminder, manual false, reordered revision and exact target navigation preserve history (10.4s)
2026-09-28T05:06:39.9328056Z   ✓   81 ../../tests/e2e/tutor-diagnostic.spec.ts:5:1 › diagnostic retains the original five-second failure and a completed peer read without collecting private text (5.8s)
2026-09-28T05:06:40.2850420Z   ✓   82 ../../tests/e2e/tutor-diagnostic.spec.ts:33:1 › diagnostic closes metadata, freezes delivered ordinals and leaves missing observations unknown (321ms)
2026-09-28T05:06:55.1656591Z   ✓   83 ../../tests/e2e/tutor.spec.ts:19:1 › real Tutor thread and prepared Run recover, diagnose missing proof and cancel without a model call (14.9s)
2026-09-28T05:07:17.2598601Z   ✓   84 ../../tests/e2e/tutor.spec.ts:78:1 › lost Run ACK replays original bytes and cross-page open-book hides academic content while retaining cancellation (22.1s)
2026-09-28T05:07:36.8929387Z   ✘   85 ../../tests/e2e/tutor.spec.ts:148:1 › explicit same-Run consent uses the real loopback protocol and restores raw answer without upgrading evidence (19.6s)
2026-09-28T05:07:42.9904947Z   ✓   86 ../../tests/e2e/workbench-initial-recovery.spec.ts:6:3 › initial workbench recovery keeps the saved lesson and waits for the real session at 1440px (5.3s)
2026-09-28T05:07:48.6678598Z   ✓   87 ../../tests/e2e/workbench-initial-recovery.spec.ts:6:3 › initial workbench recovery keeps the saved lesson and waits for the real session at 390px (5.7s)
2026-09-28T05:07:51.5656076Z   ✓   88 ../../tests/e2e/workbench.spec.ts:5:1 › empty workspace, native bootstrap, four fixed navigation and truthful auxiliary states (2.8s)
2026-09-28T05:07:56.2626920Z   ✓   89 ../../tests/e2e/workbench.spec.ts:22:1 › real keyboard and mouse resize, native drawers, focus return and restored layout (4.6s)
2026-09-28T05:08:01.6173537Z   ✓   90 ../../tests/e2e/workbench.spec.ts:43:1 › object drafts survive preview switches, close choice and browser reload without fake sending (5.3s)
2026-09-28T05:08:11.6256943Z   ✓   91 ../../tests/e2e/workbench.spec.ts:60:1 › server CAS conflict is visible, local object drafts survive and explicit readback recovers (10.0s)
2026-09-28T05:08:17.4046511Z   ✓   92 ../../tests/e2e/workbench.spec.ts:73:1 › offline pending UI is restored after actual connection recovery (5.8s)
2026-09-28T05:08:21.3698995Z   ✓   93 ../../tests/e2e/workbench.spec.ts:85:1 › actual MathJax, no runtime errors, long formula local scrolling, all screenshot sizes (4.0s)
2026-09-28T05:08:29.8303276Z   ✓   94 ../../tests/e2e/workbench.spec.ts:112:1 › two browser pages keep drafts for different objects in native IndexedDB (8.4s)
2026-09-28T05:08:34.8262973Z   ✓   95 ../../tests/e2e/workbench.spec.ts:130:1 › exact reference mismatch stays unresolved and preserves the original snapshot (5.0s)
2026-09-28T05:08:41.0895834Z   ✓   96 ../../tests/e2e/workbench.spec.ts:147:1 › cold lazy renderer restores saved reading offset after the content is ready (6.2s)
2026-09-28T05:08:50.7488134Z   ✓   97 ../../tests/e2e/workbench.spec.ts:167:1 › native concurrent same-object transactions preserve both candidates and expose explicit recovery (9.6s)
2026-09-28T05:08:56.5160014Z   ✓   98 ../../tests/e2e/workbench.spec.ts:200:1 › directory history restores the current course and navigation entry (5.7s)
2026-09-28T05:09:00.7117739Z   ✓   99 ../../tests/e2e/workbench.spec.ts:212:1 › UI cache quota failure stays visibly unsaved until the real server acknowledges (4.2s)
2026-09-28T05:09:05.7670991Z   ✓  100 ../../tests/e2e/workbench.spec.ts:229:1 › offline UI candidates from two pages remain separate on reload (5.0s)
2026-09-28T05:09:14.0884637Z   ✓  101 ../../tests/e2e/workbench.spec.ts:250:1 › quota-only memory candidate with a changed server baseline shows three-way comparison before explicit CAS (8.3s)
2026-09-28T05:09:20.4312960Z   ✓  102 ../../tests/e2e/workbench.spec.ts:283:1 › per-object details and focus survive A to B to A and browser reload after lazy content readiness (6.3s)
2026-09-28T05:09:25.5305990Z   ✓  103 ../../tests/e2e/workbench.spec.ts:302:1 › first unsent-draft conflict shows original, local and stored text before any reload or choice (5.1s)
2026-09-28T05:09:31.9464312Z   ✓  104 ../../tests/e2e/workbench.spec.ts:332:1 › route directory stays honestly empty and continue reading restores the exact last lesson (6.4s)
2026-09-28T05:09:36.0993602Z   ✓  105 ../../tests/e2e/workbench.spec.ts:354:1 › native keyboard selection updates frozen-reference preview and ambiguous source matches are refused (4.1s)
2026-09-28T05:09:41.0662555Z   ✓  106 ../../tests/e2e/zoom.spec.ts:5:1 › real browser 200 percent zoom reflows CSS width through Chrome appearance setting (4.9s)
2026-09-28T05:09:41.2112229Z 
2026-09-28T05:09:41.2120122Z 
2026-09-28T05:09:41.2131446Z   1) ../../tests/e2e/tutor.spec.ts:148:1 › explicit same-Run consent uses the real loopback protocol and restores raw answer without upgrading evidence 
2026-09-28T05:09:41.2133421Z 
2026-09-28T05:09:41.2133676Z     Error: expect(locator).toBeVisible() failed
2026-09-28T05:09:41.2133941Z 
2026-09-28T05:09:41.2134651Z     Locator: getByRole('region', { name: '真实问答线程与任务', exact: true }).getByRole('heading', { name: '真实任务状态：completed', exact: true })
2026-09-28T05:09:41.2135275Z     Expected: visible
2026-09-28T05:09:41.2135630Z     Timeout: 5000ms
2026-09-28T05:09:41.2136072Z     Error: element(s) not found
2026-09-28T05:09:41.2136367Z 
2026-09-28T05:09:41.2136506Z     Call log:
2026-09-28T05:09:41.2137617Z       - Expect "toBeVisible" getByRole('region', { name: '真实问答线程与任务', exact: true }).getByRole('heading', { name: '真实任务状态：completed', exact: true }) with timeout 5000ms
2026-09-28T05:09:41.2139369Z       - waiting for getByRole('region', { name: '真实问答线程与任务', exact: true }).getByRole('heading', { name: '真实任务状态：completed', exact: true })
2026-09-28T05:09:41.2139968Z 
2026-09-28T05:09:41.2139975Z 
2026-09-28T05:09:41.2140428Z       193 |     await tutor.getByRole('button', { name: '确认发送批准授权', exact: true }).click()
2026-09-28T05:09:41.2141052Z       194 |     await diagnostic.around(info, async () => {
2026-09-28T05:09:41.2142195Z     > 195 |       await expect(tutor.getByRole('heading', { name: '真实任务状态：completed', exact: true })).toBeVisible()
2026-09-28T05:09:41.2143208Z           |                                                                                           ^
2026-09-28T05:09:41.2143656Z       196 |     })
2026-09-28T05:09:41.2144505Z       197 |     const complete: TutorRunView = await page.request.get(`/api/v1/runs/${ack.run.id}`).then(value => value.json())
2026-09-28T05:09:41.2145771Z       198 |     expect(complete.run.id).toBe(ack.run.id); expect(complete.run.thread_id).toBe(thread.id)
2026-09-28T05:09:41.2146741Z         at assertion (<CI_HOME>/work/Learning_Workbench/Learning_Workbench/tests/e2e/tutor.spec.ts:195:91)
2026-09-28T05:09:41.2147784Z         at Object.around (<CI_HOME>/work/Learning_Workbench/Learning_Workbench/tests/e2e/tutorDiagnostic.ts:182:19)
2026-09-28T05:09:41.2148661Z         at <CI_HOME>/work/Learning_Workbench/Learning_Workbench/tests/e2e/tutor.spec.ts:194:22
2026-09-28T05:09:41.2149025Z 
2026-09-28T05:09:41.2149488Z     attachment #1: tutor-completion-diagnostic (application/json) ──────────────────────────────────
2026-09-28T05:09:41.2150686Z     ../../../../_temp/learning-workbench-e2e-results/tutor-explicit-same-Run-co-e37c7--without-upgrading-evidence/attachments/tutor-completion-diagnostic-8802754c8102e8746b82007836a5b96c1ecaac4c.json
2026-09-28T05:09:41.2152913Z     ────────────────────────────────────────────────────────────────────────────────────────────────
2026-09-28T05:09:41.2153468Z 
2026-09-28T05:09:41.2154249Z     attachment #2: screenshot (image/png) ──────────────────────────────────────────────────────────
2026-09-28T05:09:41.2155744Z     ../../../../_temp/learning-workbench-e2e-results/tutor-explicit-same-Run-co-e37c7--without-upgrading-evidence/test-failed-1.png
2026-09-28T05:09:41.2157266Z     ────────────────────────────────────────────────────────────────────────────────────────────────
2026-09-28T05:09:41.2157753Z 
2026-09-28T05:09:41.2158744Z     Error Context: ../../../../_temp/learning-workbench-e2e-results/tutor-explicit-same-Run-co-e37c7--without-upgrading-evidence/error-context.md
2026-09-28T05:09:41.2159752Z 
2026-09-28T05:09:41.2160221Z   1 failed
2026-09-28T05:09:41.2161596Z     ../../tests/e2e/tutor.spec.ts:148:1 › explicit same-Run consent uses the real loopback protocol and restores raw answer without upgrading evidence 
2026-09-28T05:09:41.2162685Z   105 passed (19.7m)
2026-09-28T05:09:41.2435864Z make: *** [Makefile:32: test-e2e] Error 1
2026-09-28T05:09:41.2455855Z ##[error]Process completed with exit code 2.
2026-09-28T05:09:41.2557992Z ##[group]Run actions/upload-artifact@043fb46d1a93c77aae656e7c1c64a875d1fc6a0a
2026-09-28T05:09:41.2558517Z with:
2026-09-28T05:09:41.2558777Z   name: browser-failure-push-36379289323-1
2026-09-28T05:09:41.2561598Z   path: <CI_HOME>/work/_temp/learning-workbench-e2e-results/**/error-context.md
<CI_HOME>/work/_temp/learning-workbench-e2e-results/**/test-failed*.png
<CI_HOME>/work/_temp/learning-workbench-e2e-results/**/reader-load-diagnostic.json
<CI_HOME>/work/_temp/learning-workbench-e2e-results/**/tutor-completion-diagnostic.json
<CI_HOME>/work/_temp/learning-workbench-e2e-results/**/authoring-prepare-diagnostic.json

2026-09-28T05:09:41.2565706Z   retention-days: 3
2026-09-28T05:09:41.2566416Z   if-no-files-found: warn
2026-09-28T05:09:41.2567033Z   include-hidden-files: false
2026-09-28T05:09:41.2567279Z   compression-level: 6
2026-09-28T05:09:41.2567494Z   overwrite: false
2026-09-28T05:09:41.2568166Z   archive: true
2026-09-28T05:09:41.2568597Z env:
2026-09-28T05:09:41.2568888Z   pythonLocation: /opt/hostedtoolcache/Python/3.12.13/x64
2026-09-28T05:09:41.2569751Z   PKG_CONFIG_PATH: /opt/hostedtoolcache/Python/3.12.13/x64/lib/pkgconfig
2026-09-28T05:09:41.2570419Z   Python_ROOT_DIR: /opt/hostedtoolcache/Python/3.12.13/x64
2026-09-28T05:09:41.2571593Z   Python2_ROOT_DIR: /opt/hostedtoolcache/Python/3.12.13/x64
2026-09-28T05:09:41.2572542Z   Python3_ROOT_DIR: /opt/hostedtoolcache/Python/3.12.13/x64
2026-09-28T05:09:41.2573492Z   LD_LIBRARY_PATH: /opt/hostedtoolcache/Python/3.12.13/x64/lib
2026-09-28T05:09:41.2573902Z ##[endgroup]
2026-09-28T05:09:41.4845479Z With the provided path, there will be 8 files uploaded
2026-09-28T05:09:41.4846927Z Artifact name is valid!
2026-09-28T05:09:41.4847592Z Root directory input is valid!
2026-09-28T05:09:41.8585495Z Uploading artifact: browser-failure-push-36379289323-1.zip
2026-09-28T05:09:41.8627426Z Beginning upload of artifact content to blob storage
2026-09-28T05:09:42.4553692Z Uploaded bytes 292842
2026-09-28T05:09:42.5326531Z Finished uploading artifact content to blob storage!
2026-09-28T05:09:42.5327468Z SHA256 digest of uploaded artifact is 3dd00009e0c456a9ac0a35dfa5baf6bdeaa7141d00a3e34431563860d84e9710
2026-09-28T05:09:42.5328705Z Finalizing artifact upload
2026-09-28T05:09:42.9094159Z Artifact browser-failure-push-36379289323-1 successfully finalized. Artifact ID 10953105130
2026-09-28T05:09:42.9096416Z Artifact browser-failure-push-36379289323-1 has been successfully uploaded! Final size is 292842 bytes. Artifact ID is 10953105130
2026-09-28T05:09:42.9100868Z Artifact download URL: https://github.com/kl3574/Learning_Workbench/actions/runs/36379289323/artifacts/10953105130
2026-09-28T05:09:42.9310891Z Post job cleanup.
2026-09-28T05:09:43.0204742Z [command]/usr/bin/git version
2026-09-28T05:09:43.0268120Z git version 2.55.0
2026-09-28T05:09:43.0308164Z Temporarily overriding HOME='<CI_HOME>/work/_temp/3ec6ec11-77a0-47a1-8658-c5cd2d535aa6' before making global git config changes
2026-09-28T05:09:43.0309758Z Adding repository directory to the temporary git global config as a safe directory
2026-09-28T05:09:43.0313686Z [command]/usr/bin/git config --global --add safe.directory <CI_HOME>/work/Learning_Workbench/Learning_Workbench
2026-09-28T05:09:43.0358540Z Removing SSH command configuration
2026-09-28T05:09:43.0366534Z [command]/usr/bin/git config --local --name-only --get-regexp core\.sshCommand
2026-09-28T05:09:43.0416179Z [command]/usr/bin/git submodule foreach --recursive sh -c "git config --local --name-only --get-regexp 'core\.sshCommand' && git config --local --unset-all 'core.sshCommand' || :"
2026-09-28T05:09:43.0767102Z Removing HTTP extra header
2026-09-28T05:09:43.0773424Z [command]/usr/bin/git config --local --name-only --get-regexp http\.https\:\/\/github\.com\/\.extraheader
2026-09-28T05:09:43.0822044Z [command]/usr/bin/git submodule foreach --recursive sh -c "git config --local --name-only --get-regexp 'http\.https\:\/\/github\.com\/\.extraheader' && git config --local --unset-all 'http.https://github.com/.extraheader' || :"
2026-09-28T05:09:43.1173043Z Removing includeIf entries pointing to credentials config files
2026-09-28T05:09:43.1180122Z [command]/usr/bin/git config --local --name-only --get-regexp ^includeIf\.gitdir:
2026-09-28T05:09:43.1219383Z includeif.gitdir:<CI_HOME>/work/Learning_Workbench/Learning_Workbench/.git.path
2026-09-28T05:09:43.1220466Z includeif.gitdir:<CI_HOME>/work/Learning_Workbench/Learning_Workbench/.git/worktrees/*.path
2026-09-28T05:09:43.1221472Z includeif.gitdir:/github/workspace/.git.path
2026-09-28T05:09:43.1222676Z includeif.gitdir:/github/workspace/.git/worktrees/*.path
2026-09-28T05:09:43.1231092Z [command]/usr/bin/git config --local --get-all includeif.gitdir:<CI_HOME>/work/Learning_Workbench/Learning_Workbench/.git.path
2026-09-28T05:09:43.1265745Z <CI_HOME>/work/_temp/git-credentials-47a25d30-190d-4432-82bb-ee34c2d2770e.config
2026-09-28T05:09:43.1279701Z [command]/usr/bin/git config --local --unset includeif.gitdir:<CI_HOME>/work/Learning_Workbench/Learning_Workbench/.git.path \/home\/runner\/work\/_temp\/git\-credentials\-47a25d30\-190d\-4432\-82bb\-ee34c2d2770e\.config
2026-09-28T05:09:43.1342742Z [command]/usr/bin/git config --local --get-all includeif.gitdir:<CI_HOME>/work/Learning_Workbench/Learning_Workbench/.git/worktrees/*.path
2026-09-28T05:09:43.1376460Z <CI_HOME>/work/_temp/git-credentials-47a25d30-190d-4432-82bb-ee34c2d2770e.config
2026-09-28T05:09:43.1388383Z [command]/usr/bin/git config --local --unset includeif.gitdir:<CI_HOME>/work/Learning_Workbench/Learning_Workbench/.git/worktrees/*.path \/home\/runner\/work\/_temp\/git\-credentials\-47a25d30\-190d\-4432\-82bb\-ee34c2d2770e\.config
2026-09-28T05:09:43.1445109Z [command]/usr/bin/git config --local --get-all includeif.gitdir:/github/workspace/.git.path
2026-09-28T05:09:43.1481526Z /github/runner_temp/git-credentials-47a25d30-190d-4432-82bb-ee34c2d2770e.config
2026-09-28T05:09:43.1492548Z [command]/usr/bin/git config --local --unset includeif.gitdir:/github/workspace/.git.path \/github\/runner_temp\/git\-credentials\-47a25d30\-190d\-4432\-82bb\-ee34c2d2770e\.config
2026-09-28T05:09:43.1535257Z [command]/usr/bin/git config --local --get-all includeif.gitdir:/github/workspace/.git/worktrees/*.path
2026-09-28T05:09:43.1562599Z /github/runner_temp/git-credentials-47a25d30-190d-4432-82bb-ee34c2d2770e.config
2026-09-28T05:09:43.1604829Z [command]/usr/bin/git config --local --unset includeif.gitdir:/github/workspace/.git/worktrees/*.path \/github\/runner_temp\/git\-credentials\-47a25d30\-190d\-4432\-82bb\-ee34c2d2770e\.config
2026-09-28T05:09:43.1644201Z [command]/usr/bin/git submodule foreach --recursive git config --local --show-origin --name-only --get-regexp remote.origin.url
2026-09-28T05:09:43.1958224Z Removing credentials config '<CI_HOME>/work/_temp/git-credentials-47a25d30-190d-4432-82bb-ee34c2d2770e.config'
2026-09-28T05:09:43.2128677Z Cleaning up orphan processes
