
> @learning-workbench/web@0.1.0 test:e2e
> playwright test --config ../../tests/e2e/playwright.config.ts authoring.spec.ts authoring-groups.spec.ts

[WebServer] INFO:     Started server process [3699669]
[WebServer] INFO:     Waiting for application startup.
[WebServer] INFO:     Application startup complete.
[WebServer] INFO:     Uvicorn running on http://127.0.0.1:8765 (Press CTRL+C to quit)

Running 5 tests using 1 worker

  ✘  1 ../../tests/e2e/authoring-groups.spec.ts:238:1 › native lesson group preserves its plan and formulas, then separately declines and executes one exact numeric member (1.7s)
  ✘  2 ../../tests/e2e/authoring-groups.spec.ts:297:1 › native practice group replays its lost prepare ACK with one key and clears explicitly read private answers after permission changes (1.6s)
  ✘  3 ../../tests/e2e/authoring-groups.spec.ts:355:1 › native assessment group keeps explicit modes and time, checks its exact private numeric plan, and cancels a separate unconsented job under a permission lock (1.6s)
  ✘  4 ../../tests/e2e/authoring.spec.ts:7:1 › actual Authoring preparation diagnoses missing proof without dispatch and learner can recover safe cancellation (1.3s)
  ✘  5 ../../tests/e2e/authoring.spec.ts:37:1 › explicit same-Job loopback grant creates a draft and numeric preview needs its own decision (1.3s)


  1) ../../tests/e2e/authoring-groups.spec.ts:238:1 › native lesson group preserves its plan and formulas, then separately declines and executes one exact numeric member 

    Error: browserType.launchPersistentContext: Target page, context or browser has been closed
    Browser logs:

    <launching> /usr/bin/google-chrome --disable-field-trial-config --disable-background-networking --disable-background-timer-throttling --disable-backgrounding-occluded-windows --disable-back-forward-cache --disable-breakpad --disable-client-side-phishing-detection --disable-component-extensions-with-background-pages --disable-component-update --no-default-browser-check --disable-default-apps --disable-dev-shm-usage --disable-edgeupdater --disable-extensions --disable-features=AvoidUnnecessaryBeforeUnloadCheckSync,DestroyProfileOnBrowserClose,DialMediaRouteProvider,GlobalMediaControls,HttpsUpgrades,LensOverlay,MediaRouter,PaintHolding,ThirdPartyStoragePartitioning,BlockOriginHeaderModificationOnRedirect,Translate,AutoDeElevate,OptimizationHints,msForceBrowserSignIn,msEdgeUpdateLaunchServicesPreferredVersion --enable-features=CDPScreenshotNewSurface --allow-pre-commit-input --disable-hang-monitor --disable-ipc-flooding-protection --disable-popup-blocking --disable-prompt-on-repost --disable-renderer-backgrounding --disable-updater-scheduler --force-color-profile=srgb --metrics-recording-only --no-first-run --password-store=basic --use-mock-keychain --no-service-autorun --export-tagged-pdf --disable-search-engine-choice-screen --unsafely-disable-devtools-self-xss-warnings --edge-skip-compat-layer-relaunch --disable-infobars --disable-search-engine-choice-screen --disable-sync --enable-unsafe-swiftshader --headless --hide-scrollbars --mute-audio --blink-settings=primaryHoverType=2,availableHoverTypes=2,primaryPointerType=4,availablePointerTypes=4 --no-sandbox --user-data-dir=$HOME/.cache/learning-workbench-acceptance/m63-authoring-bind5fb-locked-acceptance-oct05/owned-final-browser-tmp/learning-workbench-authoring-provider-browser-SYzRUz --remote-debugging-pipe about:blank
    <launched> pid=3699980
    [pid=3699980][err] [3699980:3699980:1005/082240.481634:FATAL:chrome/browser/process_singleton_posix.cc:313] Socket path too long: $HOME/.cache/learning-workbench-acceptance/m63-authoring-bind5fb-locked-acceptance-oct05/owned-final-browser-tmp/com.google.Chrome.jKJ6bJ/SingletonSocket.
    Call log:
      - <launching> /usr/bin/google-chrome --disable-field-trial-config --disable-background-networking --disable-background-timer-throttling --disable-backgrounding-occluded-windows --disable-back-forward-cache --disable-breakpad --disable-client-side-phishing-detection --disable-component-extensions-with-background-pages --disable-component-update --no-default-browser-check --disable-default-apps --disable-dev-shm-usage --disable-edgeupdater --disable-extensions --disable-features=AvoidUnnecessaryBeforeUnloadCheckSync,DestroyProfileOnBrowserClose,DialMediaRouteProvider,GlobalMediaControls,HttpsUpgrades,LensOverlay,MediaRouter,PaintHolding,ThirdPartyStoragePartitioning,BlockOriginHeaderModificationOnRedirect,Translate,AutoDeElevate,OptimizationHints,msForceBrowserSignIn,msEdgeUpdateLaunchServicesPreferredVersion --enable-features=CDPScreenshotNewSurface --allow-pre-commit-input --disable-hang-monitor --disable-ipc-flooding-protection --disable-popup-blocking --disable-prompt-on-repost --disable-renderer-backgrounding --disable-updater-scheduler --force-color-profile=srgb --metrics-recording-only --no-first-run --password-store=basic --use-mock-keychain --no-service-autorun --export-tagged-pdf --disable-search-engine-choice-screen --unsafely-disable-devtools-self-xss-warnings --edge-skip-compat-layer-relaunch --disable-infobars --disable-search-engine-choice-screen --disable-sync --enable-unsafe-swiftshader --headless --hide-scrollbars --mute-audio --blink-settings=primaryHoverType=2,availableHoverTypes=2,primaryPointerType=4,availablePointerTypes=4 --no-sandbox --user-data-dir=$HOME/.cache/learning-workbench-acceptance/m63-authoring-bind5fb-locked-acceptance-oct05/owned-final-browser-tmp/learning-workbench-authoring-provider-browser-SYzRUz --remote-debugging-pipe about:blank
      - <launched> pid=3699980
      - [pid=3699980][err] [3699980:3699980:1005/082240.481634:FATAL:chrome/browser/process_singleton_posix.cc:313] Socket path too long: $HOME/.cache/learning-workbench-acceptance/m63-authoring-bind5fb-locked-acceptance-oct05/owned-final-browser-tmp/com.google.Chrome.jKJ6bJ/SingletonSocket.
      - [pid=3699980] <gracefully close start>
      - [pid=3699980] <kill>
      - [pid=3699980] <will force kill>
      - [pid=3699980] exception while trying to kill process: Error: kill ESRCH
      - [pid=3699980] <process did exit: exitCode=null, signal=SIGABRT>
      - [pid=3699980] starting temporary directories cleanup
      - [pid=3699980] finished temporary directories cleanup
      - [pid=3699980] <gracefully close end>


       at authoringRuntime.ts:67

      65 |   async openBrowser(browserType: BrowserType) {
      66 |     if (this.context) throw new Error('Close the actual previous browser before reopening')
    > 67 |     this.context = await browserType.launchPersistentContext(this.profile, {
         |                    ^
      68 |       headless: true, viewport: { width: 1440, height: 900 }, baseURL: this.origin,
      69 |       ...(existsSync('/usr/bin/google-chrome') ? { executablePath: '/usr/bin/google-chrome' } : {}),
      70 |     })
        at AuthoringRuntime.openBrowser ($HOME/.cache/learning-workbench-acceptance/m63-authoring-bind5fb-locked-environment-oct05/tests/e2e/authoringRuntime.ts:67:20)
        at $HOME/.cache/learning-workbench-acceptance/m63-authoring-bind5fb-locked-environment-oct05/tests/e2e/authoring-groups.spec.ts:242:21

    Error Context: ../../../m63-authoring-bind5fb-locked-acceptance-oct05/owned-final-browser-results/authoring-groups-native-le-f0866-es-one-exact-numeric-member/error-context.md

  2) ../../tests/e2e/authoring-groups.spec.ts:297:1 › native practice group replays its lost prepare ACK with one key and clears explicitly read private answers after permission changes 

    Error: browserType.launchPersistentContext: Target page, context or browser has been closed
    Browser logs:

    <launching> /usr/bin/google-chrome --disable-field-trial-config --disable-background-networking --disable-background-timer-throttling --disable-backgrounding-occluded-windows --disable-back-forward-cache --disable-breakpad --disable-client-side-phishing-detection --disable-component-extensions-with-background-pages --disable-component-update --no-default-browser-check --disable-default-apps --disable-dev-shm-usage --disable-edgeupdater --disable-extensions --disable-features=AvoidUnnecessaryBeforeUnloadCheckSync,DestroyProfileOnBrowserClose,DialMediaRouteProvider,GlobalMediaControls,HttpsUpgrades,LensOverlay,MediaRouter,PaintHolding,ThirdPartyStoragePartitioning,BlockOriginHeaderModificationOnRedirect,Translate,AutoDeElevate,OptimizationHints,msForceBrowserSignIn,msEdgeUpdateLaunchServicesPreferredVersion --enable-features=CDPScreenshotNewSurface --allow-pre-commit-input --disable-hang-monitor --disable-ipc-flooding-protection --disable-popup-blocking --disable-prompt-on-repost --disable-renderer-backgrounding --disable-updater-scheduler --force-color-profile=srgb --metrics-recording-only --no-first-run --password-store=basic --use-mock-keychain --no-service-autorun --export-tagged-pdf --disable-search-engine-choice-screen --unsafely-disable-devtools-self-xss-warnings --edge-skip-compat-layer-relaunch --disable-infobars --disable-search-engine-choice-screen --disable-sync --enable-unsafe-swiftshader --headless --hide-scrollbars --mute-audio --blink-settings=primaryHoverType=2,availableHoverTypes=2,primaryPointerType=4,availablePointerTypes=4 --no-sandbox --user-data-dir=$HOME/.cache/learning-workbench-acceptance/m63-authoring-bind5fb-locked-acceptance-oct05/owned-final-browser-tmp/learning-workbench-authoring-provider-browser-lCReTj --remote-debugging-pipe about:blank
    <launched> pid=3700153
    [pid=3700153][err] [3700153:3700153:1005/082242.326252:FATAL:chrome/browser/process_singleton_posix.cc:313] Socket path too long: $HOME/.cache/learning-workbench-acceptance/m63-authoring-bind5fb-locked-acceptance-oct05/owned-final-browser-tmp/com.google.Chrome.2yGPJU/SingletonSocket.
    Call log:
      - <launching> /usr/bin/google-chrome --disable-field-trial-config --disable-background-networking --disable-background-timer-throttling --disable-backgrounding-occluded-windows --disable-back-forward-cache --disable-breakpad --disable-client-side-phishing-detection --disable-component-extensions-with-background-pages --disable-component-update --no-default-browser-check --disable-default-apps --disable-dev-shm-usage --disable-edgeupdater --disable-extensions --disable-features=AvoidUnnecessaryBeforeUnloadCheckSync,DestroyProfileOnBrowserClose,DialMediaRouteProvider,GlobalMediaControls,HttpsUpgrades,LensOverlay,MediaRouter,PaintHolding,ThirdPartyStoragePartitioning,BlockOriginHeaderModificationOnRedirect,Translate,AutoDeElevate,OptimizationHints,msForceBrowserSignIn,msEdgeUpdateLaunchServicesPreferredVersion --enable-features=CDPScreenshotNewSurface --allow-pre-commit-input --disable-hang-monitor --disable-ipc-flooding-protection --disable-popup-blocking --disable-prompt-on-repost --disable-renderer-backgrounding --disable-updater-scheduler --force-color-profile=srgb --metrics-recording-only --no-first-run --password-store=basic --use-mock-keychain --no-service-autorun --export-tagged-pdf --disable-search-engine-choice-screen --unsafely-disable-devtools-self-xss-warnings --edge-skip-compat-layer-relaunch --disable-infobars --disable-search-engine-choice-screen --disable-sync --enable-unsafe-swiftshader --headless --hide-scrollbars --mute-audio --blink-settings=primaryHoverType=2,availableHoverTypes=2,primaryPointerType=4,availablePointerTypes=4 --no-sandbox --user-data-dir=$HOME/.cache/learning-workbench-acceptance/m63-authoring-bind5fb-locked-acceptance-oct05/owned-final-browser-tmp/learning-workbench-authoring-provider-browser-lCReTj --remote-debugging-pipe about:blank
      - <launched> pid=3700153
      - [pid=3700153][err] [3700153:3700153:1005/082242.326252:FATAL:chrome/browser/process_singleton_posix.cc:313] Socket path too long: $HOME/.cache/learning-workbench-acceptance/m63-authoring-bind5fb-locked-acceptance-oct05/owned-final-browser-tmp/com.google.Chrome.2yGPJU/SingletonSocket.
      - [pid=3700153] <gracefully close start>
      - [pid=3700153] <kill>
      - [pid=3700153] <will force kill>
      - [pid=3700153] exception while trying to kill process: Error: kill ESRCH
      - [pid=3700153] <process did exit: exitCode=null, signal=SIGABRT>
      - [pid=3700153] starting temporary directories cleanup
      - [pid=3700153] finished temporary directories cleanup
      - [pid=3700153] <gracefully close end>


       at authoringRuntime.ts:67

      65 |   async openBrowser(browserType: BrowserType) {
      66 |     if (this.context) throw new Error('Close the actual previous browser before reopening')
    > 67 |     this.context = await browserType.launchPersistentContext(this.profile, {
         |                    ^
      68 |       headless: true, viewport: { width: 1440, height: 900 }, baseURL: this.origin,
      69 |       ...(existsSync('/usr/bin/google-chrome') ? { executablePath: '/usr/bin/google-chrome' } : {}),
      70 |     })
        at AuthoringRuntime.openBrowser ($HOME/.cache/learning-workbench-acceptance/m63-authoring-bind5fb-locked-environment-oct05/tests/e2e/authoringRuntime.ts:67:20)
        at $HOME/.cache/learning-workbench-acceptance/m63-authoring-bind5fb-locked-environment-oct05/tests/e2e/authoring-groups.spec.ts:302:21

    Error Context: ../../../m63-authoring-bind5fb-locked-acceptance-oct05/owned-final-browser-results/authoring-groups-native-pr-d6a94-rs-after-permission-changes/error-context.md

  3) ../../tests/e2e/authoring-groups.spec.ts:355:1 › native assessment group keeps explicit modes and time, checks its exact private numeric plan, and cancels a separate unconsented job under a permission lock 

    Error: browserType.launchPersistentContext: Target page, context or browser has been closed
    Browser logs:

    <launching> /usr/bin/google-chrome --disable-field-trial-config --disable-background-networking --disable-background-timer-throttling --disable-backgrounding-occluded-windows --disable-back-forward-cache --disable-breakpad --disable-client-side-phishing-detection --disable-component-extensions-with-background-pages --disable-component-update --no-default-browser-check --disable-default-apps --disable-dev-shm-usage --disable-edgeupdater --disable-extensions --disable-features=AvoidUnnecessaryBeforeUnloadCheckSync,DestroyProfileOnBrowserClose,DialMediaRouteProvider,GlobalMediaControls,HttpsUpgrades,LensOverlay,MediaRouter,PaintHolding,ThirdPartyStoragePartitioning,BlockOriginHeaderModificationOnRedirect,Translate,AutoDeElevate,OptimizationHints,msForceBrowserSignIn,msEdgeUpdateLaunchServicesPreferredVersion --enable-features=CDPScreenshotNewSurface --allow-pre-commit-input --disable-hang-monitor --disable-ipc-flooding-protection --disable-popup-blocking --disable-prompt-on-repost --disable-renderer-backgrounding --disable-updater-scheduler --force-color-profile=srgb --metrics-recording-only --no-first-run --password-store=basic --use-mock-keychain --no-service-autorun --export-tagged-pdf --disable-search-engine-choice-screen --unsafely-disable-devtools-self-xss-warnings --edge-skip-compat-layer-relaunch --disable-infobars --disable-search-engine-choice-screen --disable-sync --enable-unsafe-swiftshader --headless --hide-scrollbars --mute-audio --blink-settings=primaryHoverType=2,availableHoverTypes=2,primaryPointerType=4,availablePointerTypes=4 --no-sandbox --user-data-dir=$HOME/.cache/learning-workbench-acceptance/m63-authoring-bind5fb-locked-acceptance-oct05/owned-final-browser-tmp/learning-workbench-authoring-provider-browser-5CxbSd --remote-debugging-pipe about:blank
    <launched> pid=3700323
    [pid=3700323][err] [3700323:3700323:1005/082244.177612:FATAL:chrome/browser/process_singleton_posix.cc:313] Socket path too long: $HOME/.cache/learning-workbench-acceptance/m63-authoring-bind5fb-locked-acceptance-oct05/owned-final-browser-tmp/com.google.Chrome.dpHNjQ/SingletonSocket.
    Call log:
      - <launching> /usr/bin/google-chrome --disable-field-trial-config --disable-background-networking --disable-background-timer-throttling --disable-backgrounding-occluded-windows --disable-back-forward-cache --disable-breakpad --disable-client-side-phishing-detection --disable-component-extensions-with-background-pages --disable-component-update --no-default-browser-check --disable-default-apps --disable-dev-shm-usage --disable-edgeupdater --disable-extensions --disable-features=AvoidUnnecessaryBeforeUnloadCheckSync,DestroyProfileOnBrowserClose,DialMediaRouteProvider,GlobalMediaControls,HttpsUpgrades,LensOverlay,MediaRouter,PaintHolding,ThirdPartyStoragePartitioning,BlockOriginHeaderModificationOnRedirect,Translate,AutoDeElevate,OptimizationHints,msForceBrowserSignIn,msEdgeUpdateLaunchServicesPreferredVersion --enable-features=CDPScreenshotNewSurface --allow-pre-commit-input --disable-hang-monitor --disable-ipc-flooding-protection --disable-popup-blocking --disable-prompt-on-repost --disable-renderer-backgrounding --disable-updater-scheduler --force-color-profile=srgb --metrics-recording-only --no-first-run --password-store=basic --use-mock-keychain --no-service-autorun --export-tagged-pdf --disable-search-engine-choice-screen --unsafely-disable-devtools-self-xss-warnings --edge-skip-compat-layer-relaunch --disable-infobars --disable-search-engine-choice-screen --disable-sync --enable-unsafe-swiftshader --headless --hide-scrollbars --mute-audio --blink-settings=primaryHoverType=2,availableHoverTypes=2,primaryPointerType=4,availablePointerTypes=4 --no-sandbox --user-data-dir=$HOME/.cache/learning-workbench-acceptance/m63-authoring-bind5fb-locked-acceptance-oct05/owned-final-browser-tmp/learning-workbench-authoring-provider-browser-5CxbSd --remote-debugging-pipe about:blank
      - <launched> pid=3700323
      - [pid=3700323][err] [3700323:3700323:1005/082244.177612:FATAL:chrome/browser/process_singleton_posix.cc:313] Socket path too long: $HOME/.cache/learning-workbench-acceptance/m63-authoring-bind5fb-locked-acceptance-oct05/owned-final-browser-tmp/com.google.Chrome.dpHNjQ/SingletonSocket.
      - [pid=3700323] <gracefully close start>
      - [pid=3700323] <kill>
      - [pid=3700323] <will force kill>
      - [pid=3700323] exception while trying to kill process: Error: kill ESRCH
      - [pid=3700323] <process did exit: exitCode=null, signal=SIGABRT>
      - [pid=3700323] starting temporary directories cleanup
      - [pid=3700323] finished temporary directories cleanup
      - [pid=3700323] <gracefully close end>


       at authoringRuntime.ts:67

      65 |   async openBrowser(browserType: BrowserType) {
      66 |     if (this.context) throw new Error('Close the actual previous browser before reopening')
    > 67 |     this.context = await browserType.launchPersistentContext(this.profile, {
         |                    ^
      68 |       headless: true, viewport: { width: 1440, height: 900 }, baseURL: this.origin,
      69 |       ...(existsSync('/usr/bin/google-chrome') ? { executablePath: '/usr/bin/google-chrome' } : {}),
      70 |     })
        at AuthoringRuntime.openBrowser ($HOME/.cache/learning-workbench-acceptance/m63-authoring-bind5fb-locked-environment-oct05/tests/e2e/authoringRuntime.ts:67:20)
        at $HOME/.cache/learning-workbench-acceptance/m63-authoring-bind5fb-locked-environment-oct05/tests/e2e/authoring-groups.spec.ts:359:21

    Error Context: ../../../m63-authoring-bind5fb-locked-acceptance-oct05/owned-final-browser-results/authoring-groups-native-as-81e35-job-under-a-permission-lock/error-context.md

  4) ../../tests/e2e/authoring.spec.ts:7:1 › actual Authoring preparation diagnoses missing proof without dispatch and learner can recover safe cancellation 

    Error: browserType.launchPersistentContext: Target page, context or browser has been closed
    Browser logs:

    <launching> /usr/bin/google-chrome --disable-field-trial-config --disable-background-networking --disable-background-timer-throttling --disable-backgrounding-occluded-windows --disable-back-forward-cache --disable-breakpad --disable-client-side-phishing-detection --disable-component-extensions-with-background-pages --disable-component-update --no-default-browser-check --disable-default-apps --disable-dev-shm-usage --disable-edgeupdater --disable-extensions --disable-features=AvoidUnnecessaryBeforeUnloadCheckSync,DestroyProfileOnBrowserClose,DialMediaRouteProvider,GlobalMediaControls,HttpsUpgrades,LensOverlay,MediaRouter,PaintHolding,ThirdPartyStoragePartitioning,BlockOriginHeaderModificationOnRedirect,Translate,AutoDeElevate,OptimizationHints,msForceBrowserSignIn,msEdgeUpdateLaunchServicesPreferredVersion --enable-features=CDPScreenshotNewSurface --allow-pre-commit-input --disable-hang-monitor --disable-ipc-flooding-protection --disable-popup-blocking --disable-prompt-on-repost --disable-renderer-backgrounding --disable-updater-scheduler --force-color-profile=srgb --metrics-recording-only --no-first-run --password-store=basic --use-mock-keychain --no-service-autorun --export-tagged-pdf --disable-search-engine-choice-screen --unsafely-disable-devtools-self-xss-warnings --edge-skip-compat-layer-relaunch --disable-infobars --disable-search-engine-choice-screen --disable-sync --enable-unsafe-swiftshader --headless --hide-scrollbars --mute-audio --blink-settings=primaryHoverType=2,availableHoverTypes=2,primaryPointerType=4,availablePointerTypes=4 --no-sandbox --user-data-dir=$HOME/.cache/learning-workbench-acceptance/m63-authoring-bind5fb-locked-acceptance-oct05/owned-final-browser-tmp/learning-workbench-authoring-provider-browser-SA8mCR --remote-debugging-pipe about:blank
    <launched> pid=3700488
    [pid=3700488][err] [3700488:3700488:1005/082245.816938:FATAL:chrome/browser/process_singleton_posix.cc:313] Socket path too long: $HOME/.cache/learning-workbench-acceptance/m63-authoring-bind5fb-locked-acceptance-oct05/owned-final-browser-tmp/com.google.Chrome.s8UXlr/SingletonSocket.
    [pid=3700488] <process did exit: exitCode=null, signal=SIGABRT>
    [pid=3700488] starting temporary directories cleanup
    Call log:
      - <launching> /usr/bin/google-chrome --disable-field-trial-config --disable-background-networking --disable-background-timer-throttling --disable-backgrounding-occluded-windows --disable-back-forward-cache --disable-breakpad --disable-client-side-phishing-detection --disable-component-extensions-with-background-pages --disable-component-update --no-default-browser-check --disable-default-apps --disable-dev-shm-usage --disable-edgeupdater --disable-extensions --disable-features=AvoidUnnecessaryBeforeUnloadCheckSync,DestroyProfileOnBrowserClose,DialMediaRouteProvider,GlobalMediaControls,HttpsUpgrades,LensOverlay,MediaRouter,PaintHolding,ThirdPartyStoragePartitioning,BlockOriginHeaderModificationOnRedirect,Translate,AutoDeElevate,OptimizationHints,msForceBrowserSignIn,msEdgeUpdateLaunchServicesPreferredVersion --enable-features=CDPScreenshotNewSurface --allow-pre-commit-input --disable-hang-monitor --disable-ipc-flooding-protection --disable-popup-blocking --disable-prompt-on-repost --disable-renderer-backgrounding --disable-updater-scheduler --force-color-profile=srgb --metrics-recording-only --no-first-run --password-store=basic --use-mock-keychain --no-service-autorun --export-tagged-pdf --disable-search-engine-choice-screen --unsafely-disable-devtools-self-xss-warnings --edge-skip-compat-layer-relaunch --disable-infobars --disable-search-engine-choice-screen --disable-sync --enable-unsafe-swiftshader --headless --hide-scrollbars --mute-audio --blink-settings=primaryHoverType=2,availableHoverTypes=2,primaryPointerType=4,availablePointerTypes=4 --no-sandbox --user-data-dir=$HOME/.cache/learning-workbench-acceptance/m63-authoring-bind5fb-locked-acceptance-oct05/owned-final-browser-tmp/learning-workbench-authoring-provider-browser-SA8mCR --remote-debugging-pipe about:blank
      - <launched> pid=3700488
      - [pid=3700488][err] [3700488:3700488:1005/082245.816938:FATAL:chrome/browser/process_singleton_posix.cc:313] Socket path too long: $HOME/.cache/learning-workbench-acceptance/m63-authoring-bind5fb-locked-acceptance-oct05/owned-final-browser-tmp/com.google.Chrome.s8UXlr/SingletonSocket.
      - [pid=3700488] <process did exit: exitCode=null, signal=SIGABRT>
      - [pid=3700488] starting temporary directories cleanup
      - [pid=3700488] finished temporary directories cleanup
      - [pid=3700488] <gracefully close start>
      - [pid=3700488] <kill>
      - [pid=3700488] <skipped force kill spawnedProcess.killed=false processClosed=true>
      - [pid=3700488] <gracefully close end>


       at authoringRuntime.ts:67

      65 |   async openBrowser(browserType: BrowserType) {
      66 |     if (this.context) throw new Error('Close the actual previous browser before reopening')
    > 67 |     this.context = await browserType.launchPersistentContext(this.profile, {
         |                    ^
      68 |       headless: true, viewport: { width: 1440, height: 900 }, baseURL: this.origin,
      69 |       ...(existsSync('/usr/bin/google-chrome') ? { executablePath: '/usr/bin/google-chrome' } : {}),
      70 |     })
        at AuthoringRuntime.openBrowser ($HOME/.cache/learning-workbench-acceptance/m63-authoring-bind5fb-locked-environment-oct05/tests/e2e/authoringRuntime.ts:67:20)
        at $HOME/.cache/learning-workbench-acceptance/m63-authoring-bind5fb-locked-environment-oct05/tests/e2e/authoring.spec.ts:11:21

    Error Context: ../../../m63-authoring-bind5fb-locked-acceptance-oct05/owned-final-browser-results/authoring-actual-Authoring-be266-n-recover-safe-cancellation/error-context.md

  5) ../../tests/e2e/authoring.spec.ts:37:1 › explicit same-Job loopback grant creates a draft and numeric preview needs its own decision 

    Error: browserType.launchPersistentContext: Target page, context or browser has been closed
    Browser logs:

    <launching> /usr/bin/google-chrome --disable-field-trial-config --disable-background-networking --disable-background-timer-throttling --disable-backgrounding-occluded-windows --disable-back-forward-cache --disable-breakpad --disable-client-side-phishing-detection --disable-component-extensions-with-background-pages --disable-component-update --no-default-browser-check --disable-default-apps --disable-dev-shm-usage --disable-edgeupdater --disable-extensions --disable-features=AvoidUnnecessaryBeforeUnloadCheckSync,DestroyProfileOnBrowserClose,DialMediaRouteProvider,GlobalMediaControls,HttpsUpgrades,LensOverlay,MediaRouter,PaintHolding,ThirdPartyStoragePartitioning,BlockOriginHeaderModificationOnRedirect,Translate,AutoDeElevate,OptimizationHints,msForceBrowserSignIn,msEdgeUpdateLaunchServicesPreferredVersion --enable-features=CDPScreenshotNewSurface --allow-pre-commit-input --disable-hang-monitor --disable-ipc-flooding-protection --disable-popup-blocking --disable-prompt-on-repost --disable-renderer-backgrounding --disable-updater-scheduler --force-color-profile=srgb --metrics-recording-only --no-first-run --password-store=basic --use-mock-keychain --no-service-autorun --export-tagged-pdf --disable-search-engine-choice-screen --unsafely-disable-devtools-self-xss-warnings --edge-skip-compat-layer-relaunch --disable-infobars --disable-search-engine-choice-screen --disable-sync --enable-unsafe-swiftshader --headless --hide-scrollbars --mute-audio --blink-settings=primaryHoverType=2,availableHoverTypes=2,primaryPointerType=4,availablePointerTypes=4 --no-sandbox --user-data-dir=$HOME/.cache/learning-workbench-acceptance/m63-authoring-bind5fb-locked-acceptance-oct05/owned-final-browser-tmp/learning-workbench-authoring-provider-browser-34jlim --remote-debugging-pipe about:blank
    <launched> pid=3700649
    [pid=3700649][err] [3700649:3700649:1005/082247.352833:FATAL:chrome/browser/process_singleton_posix.cc:313] Socket path too long: $HOME/.cache/learning-workbench-acceptance/m63-authoring-bind5fb-locked-acceptance-oct05/owned-final-browser-tmp/com.google.Chrome.mq77bp/SingletonSocket.
    Call log:
      - <launching> /usr/bin/google-chrome --disable-field-trial-config --disable-background-networking --disable-background-timer-throttling --disable-backgrounding-occluded-windows --disable-back-forward-cache --disable-breakpad --disable-client-side-phishing-detection --disable-component-extensions-with-background-pages --disable-component-update --no-default-browser-check --disable-default-apps --disable-dev-shm-usage --disable-edgeupdater --disable-extensions --disable-features=AvoidUnnecessaryBeforeUnloadCheckSync,DestroyProfileOnBrowserClose,DialMediaRouteProvider,GlobalMediaControls,HttpsUpgrades,LensOverlay,MediaRouter,PaintHolding,ThirdPartyStoragePartitioning,BlockOriginHeaderModificationOnRedirect,Translate,AutoDeElevate,OptimizationHints,msForceBrowserSignIn,msEdgeUpdateLaunchServicesPreferredVersion --enable-features=CDPScreenshotNewSurface --allow-pre-commit-input --disable-hang-monitor --disable-ipc-flooding-protection --disable-popup-blocking --disable-prompt-on-repost --disable-renderer-backgrounding --disable-updater-scheduler --force-color-profile=srgb --metrics-recording-only --no-first-run --password-store=basic --use-mock-keychain --no-service-autorun --export-tagged-pdf --disable-search-engine-choice-screen --unsafely-disable-devtools-self-xss-warnings --edge-skip-compat-layer-relaunch --disable-infobars --disable-search-engine-choice-screen --disable-sync --enable-unsafe-swiftshader --headless --hide-scrollbars --mute-audio --blink-settings=primaryHoverType=2,availableHoverTypes=2,primaryPointerType=4,availablePointerTypes=4 --no-sandbox --user-data-dir=$HOME/.cache/learning-workbench-acceptance/m63-authoring-bind5fb-locked-acceptance-oct05/owned-final-browser-tmp/learning-workbench-authoring-provider-browser-34jlim --remote-debugging-pipe about:blank
      - <launched> pid=3700649
      - [pid=3700649][err] [3700649:3700649:1005/082247.352833:FATAL:chrome/browser/process_singleton_posix.cc:313] Socket path too long: $HOME/.cache/learning-workbench-acceptance/m63-authoring-bind5fb-locked-acceptance-oct05/owned-final-browser-tmp/com.google.Chrome.mq77bp/SingletonSocket.
      - [pid=3700649] <gracefully close start>
      - [pid=3700649] <kill>
      - [pid=3700649] <will force kill>
      - [pid=3700649] exception while trying to kill process: Error: kill ESRCH
      - [pid=3700649] <process did exit: exitCode=null, signal=SIGABRT>
      - [pid=3700649] starting temporary directories cleanup
      - [pid=3700649] finished temporary directories cleanup
      - [pid=3700649] <gracefully close end>


       at authoringRuntime.ts:67

      65 |   async openBrowser(browserType: BrowserType) {
      66 |     if (this.context) throw new Error('Close the actual previous browser before reopening')
    > 67 |     this.context = await browserType.launchPersistentContext(this.profile, {
         |                    ^
      68 |       headless: true, viewport: { width: 1440, height: 900 }, baseURL: this.origin,
      69 |       ...(existsSync('/usr/bin/google-chrome') ? { executablePath: '/usr/bin/google-chrome' } : {}),
      70 |     })
        at AuthoringRuntime.openBrowser ($HOME/.cache/learning-workbench-acceptance/m63-authoring-bind5fb-locked-environment-oct05/tests/e2e/authoringRuntime.ts:67:20)
        at $HOME/.cache/learning-workbench-acceptance/m63-authoring-bind5fb-locked-environment-oct05/tests/e2e/authoring.spec.ts:41:21

    Error Context: ../../../m63-authoring-bind5fb-locked-acceptance-oct05/owned-final-browser-results/authoring-explicit-same-Jo-09ff7-view-needs-its-own-decision/error-context.md

  5 failed
    ../../tests/e2e/authoring-groups.spec.ts:238:1 › native lesson group preserves its plan and formulas, then separately declines and executes one exact numeric member 
    ../../tests/e2e/authoring-groups.spec.ts:297:1 › native practice group replays its lost prepare ACK with one key and clears explicitly read private answers after permission changes 
    ../../tests/e2e/authoring-groups.spec.ts:355:1 › native assessment group keeps explicit modes and time, checks its exact private numeric plan, and cancels a separate unconsented job under a permission lock 
    ../../tests/e2e/authoring.spec.ts:7:1 › actual Authoring preparation diagnoses missing proof without dispatch and learner can recover safe cancellation 
    ../../tests/e2e/authoring.spec.ts:37:1 › explicit same-Job loopback grant creates a draft and numeric preview needs its own decision 
