F                                                                        [100%]
=================================== FAILURES ===================================
_ test_bounded_control_transport_kills_and_reaps_owned_child[deep_json-CODEX_PROTOCOL_INVALID] _
tests/unit/test_codex_probe_transport.py:50: in test_bounded_control_transport_kills_and_reaps_owned_child
    probe._observe(descriptor, tmp_path)
services/api/app/infrastructure/codex_probe.py:232: in _observe
    initialized = receive(1)
                  ^^^^^^^^^^
services/api/app/infrastructure/codex_probe.py:205: in receive
    value = json.loads(line, object_pairs_hook=_unique_object)
            ^^^^^^^^^^^^^^^^^^^^^^^^^^^^^^^^^^^^^^^^^^^^^^^^^^
../../../.local/share/uv/python/cpython-3.12.13-linux-x86_64-gnu/lib/python3.12/json/__init__.py:359: in loads
    return cls(**kw).decode(s)
           ^^^^^^^^^^^^^^^^^^^
../../../.local/share/uv/python/cpython-3.12.13-linux-x86_64-gnu/lib/python3.12/json/decoder.py:338: in decode
    obj, end = self.raw_decode(s, idx=_w(s, 0).end())
               ^^^^^^^^^^^^^^^^^^^^^^^^^^^^^^^^^^^^^^
../../../.local/share/uv/python/cpython-3.12.13-linux-x86_64-gnu/lib/python3.12/json/decoder.py:354: in raw_decode
    obj, end = self.scan_once(s, idx)
               ^^^^^^^^^^^^^^^^^^^^^^
E   RecursionError: maximum recursion depth exceeded while decoding a JSON array from a unicode string
=========================== short test summary info ============================
FAILED tests/unit/test_codex_probe_transport.py::test_bounded_control_transport_kills_and_reaps_owned_child[deep_json-CODEX_PROTOCOL_INVALID]
1 failed, 6 deselected in 0.04s
