2026-09-22T01:39:15.3818537Z Current runner version: '2.337.0'
2026-09-22T01:39:15.3842115Z ##[group]Runner Image Provisioner
2026-09-22T01:39:15.3842867Z Hosted Compute Agent
2026-09-22T01:39:15.3843599Z Version: 20260828.587
2026-09-22T01:39:15.3844139Z Commit: abac92662cab4cc7352de4f9f9d2e2419aad9c29
2026-09-22T01:39:15.3844769Z Build Date: 2026-08-28T16:44:25Z
2026-09-22T01:39:15.3845357Z Worker ID: {57879595-a36a-413f-8efd-1bb4c8525b25}
2026-09-22T01:39:15.3845992Z Azure Region: westus
2026-09-22T01:39:15.3846530Z ##[endgroup]
2026-09-22T01:39:15.3847785Z ##[group]Operating System
2026-09-22T01:39:15.3848357Z Ubuntu
2026-09-22T01:39:15.3848848Z 24.04.5
2026-09-22T01:39:15.3849287Z LTS
2026-09-22T01:39:15.3849785Z ##[endgroup]
2026-09-22T01:39:15.3850252Z ##[group]Runner Image
2026-09-22T01:39:15.3850804Z Image: ubuntu-24.04
2026-09-22T01:39:15.3851405Z Version: 20260907.300.1
2026-09-22T01:39:15.3852399Z Included Software: https://github.com/actions/runner-images/blob/ubuntu24/20260907.300/images/ubuntu/Ubuntu2404-Readme.md
2026-09-22T01:39:15.3853826Z Image Release: https://github.com/actions/runner-images/releases/tag/ubuntu24%2F20260907.300
2026-09-22T01:39:15.3854612Z ##[endgroup]
2026-09-22T01:39:15.3855630Z ##[group]GITHUB_TOKEN Permissions
2026-09-22T01:39:15.3857814Z Contents: read
2026-09-22T01:39:15.3858353Z Metadata: read
2026-09-22T01:39:15.3858831Z ##[endgroup]
2026-09-22T01:39:15.3860708Z Secret source: Actions
2026-09-22T01:39:15.3861481Z Cache mode: write
2026-09-22T01:39:15.3862323Z Prepare workflow directory
2026-09-22T01:39:15.4119688Z Prepare all required actions
2026-09-22T01:39:15.4158080Z Getting action download info
2026-09-22T01:39:15.7649326Z Download action repository 'actions/checkout@3d3c42e5aac5ba805825da76410c181273ba90b1' (SHA:3d3c42e5aac5ba805825da76410c181273ba90b1)
2026-09-22T01:39:16.1666112Z Download action repository 'actions/setup-python@5fda3b95a4ea91299a34e894583c3862153e4b97' (SHA:5fda3b95a4ea91299a34e894583c3862153e4b97)
2026-09-22T01:39:16.3492482Z Complete job name: security-publication
2026-09-22T01:39:16.4101964Z ##[group]Run actions/checkout@3d3c42e5aac5ba805825da76410c181273ba90b1
2026-09-22T01:39:16.4102784Z with:
2026-09-22T01:39:16.4103290Z   repository: kl3574/Learning_Workbench
2026-09-22T01:39:16.4106388Z   token: ***
2026-09-22T01:39:16.4106746Z   ssh-strict: true
2026-09-22T01:39:16.4107109Z   ssh-user: git
2026-09-22T01:39:16.4107472Z   persist-credentials: true
2026-09-22T01:39:16.4107864Z   clean: true
2026-09-22T01:39:16.4108225Z   sparse-checkout-cone-mode: true
2026-09-22T01:39:16.4108635Z   fetch-depth: 1
2026-09-22T01:39:16.4108973Z   fetch-tags: false
2026-09-22T01:39:16.4109326Z   show-progress: true
2026-09-22T01:39:16.4109686Z   lfs: false
2026-09-22T01:39:16.4110020Z   submodules: false
2026-09-22T01:39:16.4110388Z   set-safe-directory: true
2026-09-22T01:39:16.4110785Z   allow-unsafe-pr-checkout: false
2026-09-22T01:39:16.4111343Z ##[endgroup]
2026-09-22T01:39:16.4928827Z Syncing repository: kl3574/Learning_Workbench
2026-09-22T01:39:16.4931060Z ##[group]Getting Git version info
2026-09-22T01:39:16.4932073Z Working directory is '<CI_HOME>/work/Learning_Workbench/Learning_Workbench'
2026-09-22T01:39:16.4933638Z [command]/usr/bin/git version
2026-09-22T01:39:16.5069865Z git version 2.55.0
2026-09-22T01:39:16.5087504Z ##[endgroup]
2026-09-22T01:39:16.5101618Z Temporarily overriding HOME='<CI_HOME>/work/_temp/ccf5e9ec-87cb-4fd7-a345-938cf74d6e62' before making global git config changes
2026-09-22T01:39:16.5103655Z Adding repository directory to the temporary git global config as a safe directory
2026-09-22T01:39:16.5106022Z [command]/usr/bin/git config --global --add safe.directory <CI_HOME>/work/Learning_Workbench/Learning_Workbench
2026-09-22T01:39:16.5148147Z Deleting the contents of '<CI_HOME>/work/Learning_Workbench/Learning_Workbench'
2026-09-22T01:39:16.5152249Z ##[group]Determining repository object format
2026-09-22T01:39:16.5153699Z ##[endgroup]
2026-09-22T01:39:16.5154656Z ##[group]Initializing the repository
2026-09-22T01:39:16.5157546Z [command]/usr/bin/git init <CI_HOME>/work/Learning_Workbench/Learning_Workbench
2026-09-22T01:39:16.5240909Z hint: Using 'master' as the name for the initial branch. This default branch name
2026-09-22T01:39:16.5242150Z hint: will change to "main" in Git 3.0. To configure the initial branch name
2026-09-22T01:39:16.5243285Z hint: to use in all of your new repositories, which will suppress this warning,
2026-09-22T01:39:16.5244077Z hint: call:
2026-09-22T01:39:16.5244580Z hint:
2026-09-22T01:39:16.5245148Z hint: 	git config --global init.defaultBranch <name>
2026-09-22T01:39:16.5245772Z hint:
2026-09-22T01:39:16.5246355Z hint: Names commonly chosen instead of 'master' are 'main', 'trunk' and
2026-09-22T01:39:16.5247237Z hint: 'development'. The just-created branch can be renamed via this command:
2026-09-22T01:39:16.5247952Z hint:
2026-09-22T01:39:16.5248406Z hint: 	git branch -m <name>
2026-09-22T01:39:16.5248926Z hint:
2026-09-22T01:39:16.5249614Z hint: Disable this message with "git config set advice.defaultBranchName false"
2026-09-22T01:39:16.5250830Z Initialized empty Git repository in <CI_HOME>/work/Learning_Workbench/Learning_Workbench/.git/
2026-09-22T01:39:16.5257449Z [command]/usr/bin/git remote add origin https://github.com/kl3574/Learning_Workbench
2026-09-22T01:39:16.5457440Z ##[endgroup]
2026-09-22T01:39:16.5458452Z ##[group]Disabling automatic garbage collection
2026-09-22T01:39:16.5461446Z [command]/usr/bin/git config --local gc.auto 0
2026-09-22T01:39:16.5501119Z ##[endgroup]
2026-09-22T01:39:16.5502464Z ##[group]Setting up auth
2026-09-22T01:39:16.5503331Z Removing SSH command configuration
2026-09-22T01:39:16.5509389Z [command]/usr/bin/git config --local --name-only --get-regexp core\.sshCommand
2026-09-22T01:39:16.5546458Z [command]/usr/bin/git submodule foreach --recursive sh -c "git config --local --name-only --get-regexp 'core\.sshCommand' && git config --local --unset-all 'core.sshCommand' || :"
2026-09-22T01:39:16.5833938Z Removing HTTP extra header
2026-09-22T01:39:16.5839342Z [command]/usr/bin/git config --local --name-only --get-regexp http\.https\:\/\/github\.com\/\.extraheader
2026-09-22T01:39:16.5870281Z [command]/usr/bin/git submodule foreach --recursive sh -c "git config --local --name-only --get-regexp 'http\.https\:\/\/github\.com\/\.extraheader' && git config --local --unset-all 'http.https://github.com/.extraheader' || :"
2026-09-22T01:39:16.6064502Z Removing includeIf entries pointing to credentials config files
2026-09-22T01:39:16.6068841Z [command]/usr/bin/git config --local --name-only --get-regexp ^includeIf\.gitdir:
2026-09-22T01:39:16.6106430Z [command]/usr/bin/git submodule foreach --recursive git config --local --show-origin --name-only --get-regexp remote.origin.url
2026-09-22T01:39:16.6304313Z [command]/usr/bin/git config --file <CI_HOME>/work/_temp/git-credentials-4ac847fd-82c4-4c55-9b92-6a24e8fc5d0c.config http.https://github.com/.extraheader AUTHORIZATION: basic ***
2026-09-22T01:39:16.6340244Z [command]/usr/bin/git config --local includeIf.gitdir:<CI_HOME>/work/Learning_Workbench/Learning_Workbench/.git.path <CI_HOME>/work/_temp/git-credentials-4ac847fd-82c4-4c55-9b92-6a24e8fc5d0c.config
2026-09-22T01:39:16.6368025Z [command]/usr/bin/git config --local includeIf.gitdir:<CI_HOME>/work/Learning_Workbench/Learning_Workbench/.git/worktrees/*.path <CI_HOME>/work/_temp/git-credentials-4ac847fd-82c4-4c55-9b92-6a24e8fc5d0c.config
2026-09-22T01:39:16.6399404Z [command]/usr/bin/git config --local includeIf.gitdir:/github/workspace/.git.path /github/runner_temp/git-credentials-4ac847fd-82c4-4c55-9b92-6a24e8fc5d0c.config
2026-09-22T01:39:16.6428601Z [command]/usr/bin/git config --local includeIf.gitdir:/github/workspace/.git/worktrees/*.path /github/runner_temp/git-credentials-4ac847fd-82c4-4c55-9b92-6a24e8fc5d0c.config
2026-09-22T01:39:16.6455922Z ##[endgroup]
2026-09-22T01:39:16.6456526Z ##[group]Fetching the repository
2026-09-22T01:39:16.6462064Z [command]/usr/bin/git -c protocol.version=2 fetch --no-tags --prune --no-recurse-submodules --depth=1 origin +79908fb941898eb2b515719ce175c68dde3c71ef:refs/remotes/origin/feat/M6.1-worked-example
2026-09-22T01:39:20.2679685Z From https://github.com/kl3574/Learning_Workbench
2026-09-22T01:39:20.2681283Z  * [new ref]         79908fb941898eb2b515719ce175c68dde3c71ef -> origin/feat/M6.1-worked-example
2026-09-22T01:39:20.2689018Z [command]/usr/bin/git branch --list --remote origin/feat/M6.1-worked-example
2026-09-22T01:39:20.2719552Z   origin/feat/M6.1-worked-example
2026-09-22T01:39:20.2727302Z [command]/usr/bin/git rev-parse refs/remotes/origin/feat/M6.1-worked-example
2026-09-22T01:39:20.2751378Z 79908fb941898eb2b515719ce175c68dde3c71ef
2026-09-22T01:39:20.2755070Z ##[endgroup]
2026-09-22T01:39:20.2755716Z ##[group]Determining the checkout info
2026-09-22T01:39:20.2756403Z ##[endgroup]
2026-09-22T01:39:20.2759764Z [command]/usr/bin/git sparse-checkout disable
2026-09-22T01:39:20.2807747Z [command]/usr/bin/git config --local --unset-all extensions.worktreeConfig
2026-09-22T01:39:20.3383910Z ##[group]Checking out the ref
2026-09-22T01:39:20.3387618Z [command]/usr/bin/git checkout --progress --force -B feat/M6.1-worked-example refs/remotes/origin/feat/M6.1-worked-example
2026-09-22T01:39:20.9105007Z Switched to a new branch 'feat/M6.1-worked-example'
2026-09-22T01:39:20.9114186Z branch 'feat/M6.1-worked-example' set up to track 'origin/feat/M6.1-worked-example'.
2026-09-22T01:39:20.9141349Z ##[endgroup]
2026-09-22T01:39:20.9185762Z [command]/usr/bin/git log -1 --format=%H
2026-09-22T01:39:20.9213570Z 79908fb941898eb2b515719ce175c68dde3c71ef
2026-09-22T01:39:20.9457661Z ##[group]Run actions/setup-python@5fda3b95a4ea91299a34e894583c3862153e4b97
2026-09-22T01:39:20.9458068Z with:
2026-09-22T01:39:20.9458283Z   python-version: 3.12.13
2026-09-22T01:39:20.9458526Z   check-latest: false
2026-09-22T01:39:20.9460485Z   token: ***
2026-09-22T01:39:20.9460711Z   update-environment: true
2026-09-22T01:39:20.9460956Z   allow-prereleases: false
2026-09-22T01:39:20.9461195Z   freethreaded: false
2026-09-22T01:39:20.9461410Z ##[endgroup]
2026-09-22T01:39:21.0447107Z ##[group]Installed versions
2026-09-22T01:39:21.0459037Z Version 3.12.13 was not found in the local cache
2026-09-22T01:39:21.7291209Z Version 3.12.13 is available for downloading
2026-09-22T01:39:21.7293332Z Download from "https://github.com/actions/python-versions/releases/download/3.12.13-27650778726/python-3.12.13-linux-24.04-x64.tar.gz"
2026-09-22T01:39:22.4521145Z Extract downloaded archive
2026-09-22T01:39:22.4628988Z [command]/usr/bin/tar xz --warning=no-unknown-keyword --overwrite -C <CI_HOME>/work/_temp/9e3c6105-710a-4977-9006-769a4a833e8f -f <CI_HOME>/work/_temp/a4cd4843-1574-43c0-93d6-16e762cc41d5
2026-09-22T01:39:24.1325167Z Execute installation script
2026-09-22T01:39:24.1358204Z Check if Python hostedtoolcache folder exist...
2026-09-22T01:39:24.1358862Z Create Python 3.12.13 folder
2026-09-22T01:39:24.1371456Z Copy Python binaries to hostedtoolcache folder
2026-09-22T01:39:24.5804265Z Create additional symlinks (Required for the UsePythonVersion Azure Pipelines task and the setup-python GitHub Action)
2026-09-22T01:39:24.5839312Z Upgrading pip...
2026-09-22T01:39:26.8901540Z Collecting pip
2026-09-22T01:39:26.9265372Z Downloading pip-26.2.1-py3-none-any.whl.metadata (4.6 kB)
2026-09-22T01:39:26.9387652Z Downloading pip-26.2.1-py3-none-any.whl (1.8 MB)
2026-09-22T01:39:26.9817663Z ━━━━━━━━━━━━━━━━━━━━━━━━━━━━━━━━━━━━━━━━ 1.8/1.8 MB 63.9 MB/s eta 0:00:00
2026-09-22T01:39:26.9818087Z 
2026-09-22T01:39:27.0010711Z Installing collected packages: pip
2026-09-22T01:39:27.0011279Z Attempting uninstall: pip
2026-09-22T01:39:27.0056729Z Found existing installation: pip 25.0.1
2026-09-22T01:39:27.0313552Z Uninstalling pip-25.0.1:
2026-09-22T01:39:27.0362425Z Successfully uninstalled pip-25.0.1
2026-09-22T01:39:27.7848676Z Successfully installed pip-26.2.1
2026-09-22T01:39:27.8488464Z Create complete file
2026-09-22T01:39:27.8521273Z Successfully set up CPython (3.12.13)
2026-09-22T01:39:27.8522231Z ##[endgroup]
2026-09-22T01:39:27.8698216Z ##[group]Run python scripts/check_publication.py --all-tracked
2026-09-22T01:39:27.8698878Z [36;1mpython scripts/check_publication.py --all-tracked[0m
2026-09-22T01:39:27.8737472Z shell: /usr/bin/bash -e {0}
2026-09-22T01:39:27.8737723Z env:
2026-09-22T01:39:27.8737962Z   pythonLocation: /opt/hostedtoolcache/Python/3.12.13/x64
2026-09-22T01:39:27.8738332Z   PKG_CONFIG_PATH: /opt/hostedtoolcache/Python/3.12.13/x64/lib/pkgconfig
2026-09-22T01:39:27.8738668Z   Python_ROOT_DIR: /opt/hostedtoolcache/Python/3.12.13/x64
2026-09-22T01:39:27.8738993Z   Python2_ROOT_DIR: /opt/hostedtoolcache/Python/3.12.13/x64
2026-09-22T01:39:27.8739290Z   Python3_ROOT_DIR: /opt/hostedtoolcache/Python/3.12.13/x64
2026-09-22T01:39:27.8739620Z   LD_LIBRARY_PATH: /opt/hostedtoolcache/Python/3.12.13/x64/lib
2026-09-22T01:39:27.8739882Z ##[endgroup]
2026-09-22T01:39:50.7088037Z PASS: scanned 7876 staged/tracked files against path and credential rules. Manual provenance review remains required.
2026-09-22T01:39:50.7248339Z Post job cleanup.
2026-09-22T01:39:50.8454891Z Post job cleanup.
2026-09-22T01:39:50.9170031Z [command]/usr/bin/git version
2026-09-22T01:39:50.9209926Z git version 2.55.0
2026-09-22T01:39:50.9247923Z Temporarily overriding HOME='<CI_HOME>/work/_temp/36e7dd1f-9ef2-4546-97c1-0793f588d0e3' before making global git config changes
2026-09-22T01:39:50.9249024Z Adding repository directory to the temporary git global config as a safe directory
2026-09-22T01:39:50.9252771Z [command]/usr/bin/git config --global --add safe.directory <CI_HOME>/work/Learning_Workbench/Learning_Workbench
2026-09-22T01:39:50.9287589Z Removing SSH command configuration
2026-09-22T01:39:50.9292337Z [command]/usr/bin/git config --local --name-only --get-regexp core\.sshCommand
2026-09-22T01:39:50.9331928Z [command]/usr/bin/git submodule foreach --recursive sh -c "git config --local --name-only --get-regexp 'core\.sshCommand' && git config --local --unset-all 'core.sshCommand' || :"
2026-09-22T01:39:50.9578858Z Removing HTTP extra header
2026-09-22T01:39:50.9584173Z [command]/usr/bin/git config --local --name-only --get-regexp http\.https\:\/\/github\.com\/\.extraheader
2026-09-22T01:39:50.9624272Z [command]/usr/bin/git submodule foreach --recursive sh -c "git config --local --name-only --get-regexp 'http\.https\:\/\/github\.com\/\.extraheader' && git config --local --unset-all 'http.https://github.com/.extraheader' || :"
2026-09-22T01:39:50.9882904Z Removing includeIf entries pointing to credentials config files
2026-09-22T01:39:50.9888979Z [command]/usr/bin/git config --local --name-only --get-regexp ^includeIf\.gitdir:
2026-09-22T01:39:50.9925247Z includeif.gitdir:<CI_HOME>/work/Learning_Workbench/Learning_Workbench/.git.path
2026-09-22T01:39:50.9926307Z includeif.gitdir:<CI_HOME>/work/Learning_Workbench/Learning_Workbench/.git/worktrees/*.path
2026-09-22T01:39:50.9927000Z includeif.gitdir:/github/workspace/.git.path
2026-09-22T01:39:50.9927431Z includeif.gitdir:/github/workspace/.git/worktrees/*.path
2026-09-22T01:39:50.9935823Z [command]/usr/bin/git config --local --get-all includeif.gitdir:<CI_HOME>/work/Learning_Workbench/Learning_Workbench/.git.path
2026-09-22T01:39:50.9962852Z <CI_HOME>/work/_temp/git-credentials-4ac847fd-82c4-4c55-9b92-6a24e8fc5d0c.config
2026-09-22T01:39:50.9974998Z [command]/usr/bin/git config --local --unset includeif.gitdir:<CI_HOME>/work/Learning_Workbench/Learning_Workbench/.git.path \/home\/runner\/work\/_temp\/git\-credentials\-4ac847fd\-82c4\-4c55\-9b92\-6a24e8fc5d0c\.config
2026-09-22T01:39:51.0006013Z [command]/usr/bin/git config --local --get-all includeif.gitdir:<CI_HOME>/work/Learning_Workbench/Learning_Workbench/.git/worktrees/*.path
2026-09-22T01:39:51.0029639Z <CI_HOME>/work/_temp/git-credentials-4ac847fd-82c4-4c55-9b92-6a24e8fc5d0c.config
2026-09-22T01:39:51.0037163Z [command]/usr/bin/git config --local --unset includeif.gitdir:<CI_HOME>/work/Learning_Workbench/Learning_Workbench/.git/worktrees/*.path \/home\/runner\/work\/_temp\/git\-credentials\-4ac847fd\-82c4\-4c55\-9b92\-6a24e8fc5d0c\.config
2026-09-22T01:39:51.0076810Z [command]/usr/bin/git config --local --get-all includeif.gitdir:/github/workspace/.git.path
2026-09-22T01:39:51.0099063Z /github/runner_temp/git-credentials-4ac847fd-82c4-4c55-9b92-6a24e8fc5d0c.config
2026-09-22T01:39:51.0105035Z [command]/usr/bin/git config --local --unset includeif.gitdir:/github/workspace/.git.path \/github\/runner_temp\/git\-credentials\-4ac847fd\-82c4\-4c55\-9b92\-6a24e8fc5d0c\.config
2026-09-22T01:39:51.0135847Z [command]/usr/bin/git config --local --get-all includeif.gitdir:/github/workspace/.git/worktrees/*.path
2026-09-22T01:39:51.0158609Z /github/runner_temp/git-credentials-4ac847fd-82c4-4c55-9b92-6a24e8fc5d0c.config
2026-09-22T01:39:51.0166339Z [command]/usr/bin/git config --local --unset includeif.gitdir:/github/workspace/.git/worktrees/*.path \/github\/runner_temp\/git\-credentials\-4ac847fd\-82c4\-4c55\-9b92\-6a24e8fc5d0c\.config
2026-09-22T01:39:51.0200189Z [command]/usr/bin/git submodule foreach --recursive git config --local --show-origin --name-only --get-regexp remote.origin.url
2026-09-22T01:39:51.0408992Z Removing credentials config '<CI_HOME>/work/_temp/git-credentials-4ac847fd-82c4-4c55-9b92-6a24e8fc5d0c.config'
2026-09-22T01:39:51.0551503Z Cleaning up orphan processes
