2026-09-22T01:39:16.1277141Z Current runner version: '2.337.0'
2026-09-22T01:39:16.1298817Z ##[group]Runner Image Provisioner
2026-09-22T01:39:16.1299524Z Hosted Compute Agent
2026-09-22T01:39:16.1300029Z Version: 20260828.587
2026-09-22T01:39:16.1300861Z Commit: abac92662cab4cc7352de4f9f9d2e2419aad9c29
2026-09-22T01:39:16.1301458Z Build Date: 2026-08-28T16:44:25Z
2026-09-22T01:39:16.1301996Z Worker ID: {d105382f-3d72-4651-98cc-e05605c34975}
2026-09-22T01:39:16.1302638Z Azure Region: westus3
2026-09-22T01:39:16.1303143Z ##[endgroup]
2026-09-22T01:39:16.1304391Z ##[group]Operating System
2026-09-22T01:39:16.1304994Z Ubuntu
2026-09-22T01:39:16.1305411Z 24.04.5
2026-09-22T01:39:16.1305891Z LTS
2026-09-22T01:39:16.1306348Z ##[endgroup]
2026-09-22T01:39:16.1306823Z ##[group]Runner Image
2026-09-22T01:39:16.1307332Z Image: ubuntu-24.04
2026-09-22T01:39:16.1307799Z Version: 20260907.300.1
2026-09-22T01:39:16.1308870Z Included Software: https://github.com/actions/runner-images/blob/ubuntu24/20260907.300/images/ubuntu/Ubuntu2404-Readme.md
2026-09-22T01:39:16.1310140Z Image Release: https://github.com/actions/runner-images/releases/tag/ubuntu24%2F20260907.300
2026-09-22T01:39:16.1311106Z ##[endgroup]
2026-09-22T01:39:16.1312314Z ##[group]GITHUB_TOKEN Permissions
2026-09-22T01:39:16.1314055Z Contents: read
2026-09-22T01:39:16.1314542Z Metadata: read
2026-09-22T01:39:16.1315061Z ##[endgroup]
2026-09-22T01:39:16.1316707Z Secret source: Actions
2026-09-22T01:39:16.1317543Z Cache mode: write
2026-09-22T01:39:16.1318277Z Prepare workflow directory
2026-09-22T01:39:16.1582273Z Prepare all required actions
2026-09-22T01:39:16.1635494Z Getting action download info
2026-09-22T01:39:16.4837323Z Download action repository 'actions/checkout@3d3c42e5aac5ba805825da76410c181273ba90b1' (SHA:3d3c42e5aac5ba805825da76410c181273ba90b1)
2026-09-22T01:39:16.5647651Z Download action repository 'actions/setup-python@5fda3b95a4ea91299a34e894583c3862153e4b97' (SHA:5fda3b95a4ea91299a34e894583c3862153e4b97)
2026-09-22T01:39:16.6814287Z Download action repository 'actions/setup-node@820762786026740c76f36085b0efc47a31fe5020' (SHA:820762786026740c76f36085b0efc47a31fe5020)
2026-09-22T01:39:16.8714989Z Complete job name: spec-contracts
2026-09-22T01:39:16.9321519Z ##[group]Run actions/checkout@3d3c42e5aac5ba805825da76410c181273ba90b1
2026-09-22T01:39:16.9322493Z with:
2026-09-22T01:39:16.9323010Z   repository: kl3574/Learning_Workbench
2026-09-22T01:39:16.9326099Z   token: ***
2026-09-22T01:39:16.9326607Z   ssh-strict: true
2026-09-22T01:39:16.9327121Z   ssh-user: git
2026-09-22T01:39:16.9327639Z   persist-credentials: true
2026-09-22T01:39:16.9328188Z   clean: true
2026-09-22T01:39:16.9328697Z   sparse-checkout-cone-mode: true
2026-09-22T01:39:16.9329257Z   fetch-depth: 1
2026-09-22T01:39:16.9329761Z   fetch-tags: false
2026-09-22T01:39:16.9330262Z   show-progress: true
2026-09-22T01:39:16.9330885Z   lfs: false
2026-09-22T01:39:16.9331381Z   submodules: false
2026-09-22T01:39:16.9331895Z   set-safe-directory: true
2026-09-22T01:39:16.9332455Z   allow-unsafe-pr-checkout: false
2026-09-22T01:39:16.9333230Z ##[endgroup]
2026-09-22T01:39:17.0132062Z Syncing repository: kl3574/Learning_Workbench
2026-09-22T01:39:17.0134116Z ##[group]Getting Git version info
2026-09-22T01:39:17.0135096Z Working directory is '<CI_HOME>/work/Learning_Workbench/Learning_Workbench'
2026-09-22T01:39:17.0136492Z [command]/usr/bin/git version
2026-09-22T01:39:17.0194812Z git version 2.55.0
2026-09-22T01:39:17.0210865Z ##[endgroup]
2026-09-22T01:39:17.0221510Z Temporarily overriding HOME='<CI_HOME>/work/_temp/20084357-2d45-466c-88ee-23aa543d0142' before making global git config changes
2026-09-22T01:39:17.0223824Z Adding repository directory to the temporary git global config as a safe directory
2026-09-22T01:39:17.0226907Z [command]/usr/bin/git config --global --add safe.directory <CI_HOME>/work/Learning_Workbench/Learning_Workbench
2026-09-22T01:39:17.0269651Z Deleting the contents of '<CI_HOME>/work/Learning_Workbench/Learning_Workbench'
2026-09-22T01:39:17.0272808Z ##[group]Determining repository object format
2026-09-22T01:39:17.0274350Z ##[endgroup]
2026-09-22T01:39:17.0275250Z ##[group]Initializing the repository
2026-09-22T01:39:17.0278253Z [command]/usr/bin/git init <CI_HOME>/work/Learning_Workbench/Learning_Workbench
2026-09-22T01:39:17.0372110Z hint: Using 'master' as the name for the initial branch. This default branch name
2026-09-22T01:39:17.0373405Z hint: will change to "main" in Git 3.0. To configure the initial branch name
2026-09-22T01:39:17.0374739Z hint: to use in all of your new repositories, which will suppress this warning,
2026-09-22T01:39:17.0375671Z hint: call:
2026-09-22T01:39:17.0376162Z hint:
2026-09-22T01:39:17.0376775Z hint: 	git config --global init.defaultBranch <name>
2026-09-22T01:39:17.0377536Z hint:
2026-09-22T01:39:17.0378214Z hint: Names commonly chosen instead of 'master' are 'main', 'trunk' and
2026-09-22T01:39:17.0379367Z hint: 'development'. The just-created branch can be renamed via this command:
2026-09-22T01:39:17.0380301Z hint:
2026-09-22T01:39:17.0380980Z hint: 	git branch -m <name>
2026-09-22T01:39:17.0381607Z hint:
2026-09-22T01:39:17.0382783Z hint: Disable this message with "git config set advice.defaultBranchName false"
2026-09-22T01:39:17.0384304Z Initialized empty Git repository in <CI_HOME>/work/Learning_Workbench/Learning_Workbench/.git/
2026-09-22T01:39:17.0386812Z [command]/usr/bin/git remote add origin https://github.com/kl3574/Learning_Workbench
2026-09-22T01:39:17.0425408Z ##[endgroup]
2026-09-22T01:39:17.0426337Z ##[group]Disabling automatic garbage collection
2026-09-22T01:39:17.0428117Z [command]/usr/bin/git config --local gc.auto 0
2026-09-22T01:39:17.0455409Z ##[endgroup]
2026-09-22T01:39:17.0456340Z ##[group]Setting up auth
2026-09-22T01:39:17.0457018Z Removing SSH command configuration
2026-09-22T01:39:17.0459811Z [command]/usr/bin/git config --local --name-only --get-regexp core\.sshCommand
2026-09-22T01:39:17.0489137Z [command]/usr/bin/git submodule foreach --recursive sh -c "git config --local --name-only --get-regexp 'core\.sshCommand' && git config --local --unset-all 'core.sshCommand' || :"
2026-09-22T01:39:17.0845397Z Removing HTTP extra header
2026-09-22T01:39:17.0851032Z [command]/usr/bin/git config --local --name-only --get-regexp http\.https\:\/\/github\.com\/\.extraheader
2026-09-22T01:39:17.0880839Z [command]/usr/bin/git submodule foreach --recursive sh -c "git config --local --name-only --get-regexp 'http\.https\:\/\/github\.com\/\.extraheader' && git config --local --unset-all 'http.https://github.com/.extraheader' || :"
2026-09-22T01:39:17.1068497Z Removing includeIf entries pointing to credentials config files
2026-09-22T01:39:17.1074359Z [command]/usr/bin/git config --local --name-only --get-regexp ^includeIf\.gitdir:
2026-09-22T01:39:17.1110902Z [command]/usr/bin/git submodule foreach --recursive git config --local --show-origin --name-only --get-regexp remote.origin.url
2026-09-22T01:39:17.1302659Z [command]/usr/bin/git config --file <CI_HOME>/work/_temp/git-credentials-7df61ac1-3a84-49ba-b9d8-b724d2a19e4b.config http.https://github.com/.extraheader AUTHORIZATION: basic ***
2026-09-22T01:39:17.1335335Z [command]/usr/bin/git config --local includeIf.gitdir:<CI_HOME>/work/Learning_Workbench/Learning_Workbench/.git.path <CI_HOME>/work/_temp/git-credentials-7df61ac1-3a84-49ba-b9d8-b724d2a19e4b.config
2026-09-22T01:39:17.1363719Z [command]/usr/bin/git config --local includeIf.gitdir:<CI_HOME>/work/Learning_Workbench/Learning_Workbench/.git/worktrees/*.path <CI_HOME>/work/_temp/git-credentials-7df61ac1-3a84-49ba-b9d8-b724d2a19e4b.config
2026-09-22T01:39:17.1396095Z [command]/usr/bin/git config --local includeIf.gitdir:/github/workspace/.git.path /github/runner_temp/git-credentials-7df61ac1-3a84-49ba-b9d8-b724d2a19e4b.config
2026-09-22T01:39:17.1424586Z [command]/usr/bin/git config --local includeIf.gitdir:/github/workspace/.git/worktrees/*.path /github/runner_temp/git-credentials-7df61ac1-3a84-49ba-b9d8-b724d2a19e4b.config
2026-09-22T01:39:17.1449116Z ##[endgroup]
2026-09-22T01:39:17.1449718Z ##[group]Fetching the repository
2026-09-22T01:39:17.1454463Z [command]/usr/bin/git -c protocol.version=2 fetch --no-tags --prune --no-recurse-submodules --depth=1 origin +79908fb941898eb2b515719ce175c68dde3c71ef:refs/remotes/origin/feat/M6.1-worked-example
2026-09-22T01:39:20.5342432Z From https://github.com/kl3574/Learning_Workbench
2026-09-22T01:39:20.5344141Z  * [new ref]         79908fb941898eb2b515719ce175c68dde3c71ef -> origin/feat/M6.1-worked-example
2026-09-22T01:39:20.5349974Z [command]/usr/bin/git branch --list --remote origin/feat/M6.1-worked-example
2026-09-22T01:39:20.5375709Z   origin/feat/M6.1-worked-example
2026-09-22T01:39:20.5382514Z [command]/usr/bin/git rev-parse refs/remotes/origin/feat/M6.1-worked-example
2026-09-22T01:39:20.5407271Z 79908fb941898eb2b515719ce175c68dde3c71ef
2026-09-22T01:39:20.5412445Z ##[endgroup]
2026-09-22T01:39:20.5413452Z ##[group]Determining the checkout info
2026-09-22T01:39:20.5414525Z ##[endgroup]
2026-09-22T01:39:20.5415218Z [command]/usr/bin/git sparse-checkout disable
2026-09-22T01:39:20.5461468Z [command]/usr/bin/git config --local --unset-all extensions.worktreeConfig
2026-09-22T01:39:20.5489313Z ##[group]Checking out the ref
2026-09-22T01:39:20.5492599Z [command]/usr/bin/git checkout --progress --force -B feat/M6.1-worked-example refs/remotes/origin/feat/M6.1-worked-example
2026-09-22T01:39:21.1124987Z Switched to a new branch 'feat/M6.1-worked-example'
2026-09-22T01:39:21.1127792Z branch 'feat/M6.1-worked-example' set up to track 'origin/feat/M6.1-worked-example'.
2026-09-22T01:39:21.1163224Z ##[endgroup]
2026-09-22T01:39:21.1206989Z [command]/usr/bin/git log -1 --format=%H
2026-09-22T01:39:21.1231667Z 79908fb941898eb2b515719ce175c68dde3c71ef
2026-09-22T01:39:21.1589577Z ##[group]Run actions/setup-python@5fda3b95a4ea91299a34e894583c3862153e4b97
2026-09-22T01:39:21.1590978Z with:
2026-09-22T01:39:21.1591729Z   python-version: 3.12.13
2026-09-22T01:39:21.1592580Z   check-latest: false
2026-09-22T01:39:21.1598610Z   token: ***
2026-09-22T01:39:21.1599393Z   update-environment: true
2026-09-22T01:39:21.1600280Z   allow-prereleases: false
2026-09-22T01:39:21.1601329Z   freethreaded: false
2026-09-22T01:39:21.1602129Z ##[endgroup]
2026-09-22T01:39:21.2514427Z ##[group]Installed versions
2026-09-22T01:39:21.2527620Z Version 3.12.13 was not found in the local cache
2026-09-22T01:39:22.2732693Z Version 3.12.13 is available for downloading
2026-09-22T01:39:22.2733352Z Download from "https://github.com/actions/python-versions/releases/download/3.12.13-27650778726/python-3.12.13-linux-24.04-x64.tar.gz"
2026-09-22T01:39:23.0115757Z Extract downloaded archive
2026-09-22T01:39:23.0210550Z [command]/usr/bin/tar xz --warning=no-unknown-keyword --overwrite -C <CI_HOME>/work/_temp/5086c02b-784c-4a17-9fd2-5b9c7a6d4383 -f <CI_HOME>/work/_temp/498e3008-6659-4e9c-b646-6e9b4e5c61bf
2026-09-22T01:39:24.6799041Z Execute installation script
2026-09-22T01:39:24.6881017Z Check if Python hostedtoolcache folder exist...
2026-09-22T01:39:24.6881803Z Create Python 3.12.13 folder
2026-09-22T01:39:24.6892581Z Copy Python binaries to hostedtoolcache folder
2026-09-22T01:39:25.3104818Z Create additional symlinks (Required for the UsePythonVersion Azure Pipelines task and the setup-python GitHub Action)
2026-09-22T01:39:25.3139088Z Upgrading pip...
2026-09-22T01:39:31.5192123Z Collecting pip
2026-09-22T01:39:31.5484257Z Downloading pip-26.2.1-py3-none-any.whl.metadata (4.6 kB)
2026-09-22T01:39:31.5551826Z Downloading pip-26.2.1-py3-none-any.whl (1.8 MB)
2026-09-22T01:39:31.5990939Z ━━━━━━━━━━━━━━━━━━━━━━━━━━━━━━━━━━━━━━━━ 1.8/1.8 MB 50.9 MB/s eta 0:00:00
2026-09-22T01:39:31.5991331Z 
2026-09-22T01:39:31.6145048Z Installing collected packages: pip
2026-09-22T01:39:31.6146058Z Attempting uninstall: pip
2026-09-22T01:39:31.6165397Z Found existing installation: pip 25.0.1
2026-09-22T01:39:31.6427120Z Uninstalling pip-25.0.1:
2026-09-22T01:39:31.6470968Z Successfully uninstalled pip-25.0.1
2026-09-22T01:39:32.3721252Z Successfully installed pip-26.2.1
2026-09-22T01:39:32.4181692Z Create complete file
2026-09-22T01:39:32.4212605Z Successfully set up CPython (3.12.13)
2026-09-22T01:39:32.4214156Z ##[endgroup]
2026-09-22T01:39:32.4387082Z ##[group]Run actions/setup-node@820762786026740c76f36085b0efc47a31fe5020
2026-09-22T01:39:32.4387397Z with:
2026-09-22T01:39:32.4387570Z   node-version: 24.21.0
2026-09-22T01:39:32.4387756Z   check-latest: false
2026-09-22T01:39:32.4389544Z   token: ***
2026-09-22T01:39:32.4389725Z   package-manager-cache: true
2026-09-22T01:39:32.4389919Z env:
2026-09-22T01:39:32.4390156Z   pythonLocation: /opt/hostedtoolcache/Python/3.12.13/x64
2026-09-22T01:39:32.4390702Z   PKG_CONFIG_PATH: /opt/hostedtoolcache/Python/3.12.13/x64/lib/pkgconfig
2026-09-22T01:39:32.4391067Z   Python_ROOT_DIR: /opt/hostedtoolcache/Python/3.12.13/x64
2026-09-22T01:39:32.4391476Z   Python2_ROOT_DIR: /opt/hostedtoolcache/Python/3.12.13/x64
2026-09-22T01:39:32.4391882Z   Python3_ROOT_DIR: /opt/hostedtoolcache/Python/3.12.13/x64
2026-09-22T01:39:32.4392300Z   LD_LIBRARY_PATH: /opt/hostedtoolcache/Python/3.12.13/x64/lib
2026-09-22T01:39:32.4392694Z ##[endgroup]
2026-09-22T01:39:32.5401363Z Attempting to download 24.21.0...
2026-09-22T01:39:33.4926404Z Acquiring 24.21.0 - x64 from https://github.com/actions/node-versions/releases/download/24.21.0-34304089047/node-24.21.0-linux-x64.tar.gz
2026-09-22T01:39:33.9629712Z Extracting ...
2026-09-22T01:39:33.9729111Z [command]/usr/bin/tar xz --strip 1 --warning=no-unknown-keyword --overwrite -C <CI_HOME>/work/_temp/00112254-ed60-4e86-9e6a-9b24e1a91ec1 -f <CI_HOME>/work/_temp/a234633d-9163-44b2-a69e-82cb22448c93
2026-09-22T01:39:35.0150020Z Adding to the cache ...
2026-09-22T01:39:37.9264264Z ##[group]Environment details
2026-09-22T01:39:38.0999802Z node: v24.21.0
2026-09-22T01:39:38.1000029Z npm: 11.19.0
2026-09-22T01:39:38.1000197Z yarn: 1.22.22
2026-09-22T01:39:38.1000707Z ##[endgroup]
2026-09-22T01:39:38.1142845Z ##[group]Run npm ci --prefix apps/web
2026-09-22T01:39:38.1143170Z [36;1mnpm ci --prefix apps/web[0m
2026-09-22T01:39:38.1179988Z shell: /usr/bin/bash -e {0}
2026-09-22T01:39:38.1180199Z env:
2026-09-22T01:39:38.1180675Z   pythonLocation: /opt/hostedtoolcache/Python/3.12.13/x64
2026-09-22T01:39:38.1181032Z   PKG_CONFIG_PATH: /opt/hostedtoolcache/Python/3.12.13/x64/lib/pkgconfig
2026-09-22T01:39:38.1181363Z   Python_ROOT_DIR: /opt/hostedtoolcache/Python/3.12.13/x64
2026-09-22T01:39:38.1181667Z   Python2_ROOT_DIR: /opt/hostedtoolcache/Python/3.12.13/x64
2026-09-22T01:39:38.1181973Z   Python3_ROOT_DIR: /opt/hostedtoolcache/Python/3.12.13/x64
2026-09-22T01:39:38.1182268Z   LD_LIBRARY_PATH: /opt/hostedtoolcache/Python/3.12.13/x64/lib
2026-09-22T01:39:38.1182524Z ##[endgroup]
2026-09-22T01:39:43.0751181Z 
2026-09-22T01:39:43.0758092Z added 236 packages, and audited 237 packages in 5s
2026-09-22T01:39:43.0758380Z 
2026-09-22T01:39:43.0758543Z 118 packages are looking for funding
2026-09-22T01:39:43.0758914Z   run `npm fund` for details
2026-09-22T01:39:43.0760931Z 
2026-09-22T01:39:43.0761111Z found 0 vulnerabilities
2026-09-22T01:39:43.1238616Z ##[group]Run python -m pip install uv==0.11.21
2026-09-22T01:39:43.1238952Z [36;1mpython -m pip install uv==0.11.21[0m
2026-09-22T01:39:43.1277983Z shell: /usr/bin/bash -e {0}
2026-09-22T01:39:43.1278193Z env:
2026-09-22T01:39:43.1278419Z   pythonLocation: /opt/hostedtoolcache/Python/3.12.13/x64
2026-09-22T01:39:43.1278774Z   PKG_CONFIG_PATH: /opt/hostedtoolcache/Python/3.12.13/x64/lib/pkgconfig
2026-09-22T01:39:43.1279114Z   Python_ROOT_DIR: /opt/hostedtoolcache/Python/3.12.13/x64
2026-09-22T01:39:43.1279419Z   Python2_ROOT_DIR: /opt/hostedtoolcache/Python/3.12.13/x64
2026-09-22T01:39:43.1279716Z   Python3_ROOT_DIR: /opt/hostedtoolcache/Python/3.12.13/x64
2026-09-22T01:39:43.1280019Z   LD_LIBRARY_PATH: /opt/hostedtoolcache/Python/3.12.13/x64/lib
2026-09-22T01:39:43.1280279Z ##[endgroup]
2026-09-22T01:39:43.8253026Z Collecting uv==0.11.21
2026-09-22T01:39:43.8622001Z   Downloading uv-0.11.21-py3-none-manylinux_2_17_x86_64.manylinux2014_x86_64.whl.metadata (11 kB)
2026-09-22T01:39:43.8701221Z Downloading uv-0.11.21-py3-none-manylinux_2_17_x86_64.manylinux2014_x86_64.whl (25.1 MB)
2026-09-22T01:39:44.1829969Z    ━━━━━━━━━━━━━━━━━━━━━━━━━━━━━━━━━━━━━━━━ 25.1/25.1 MB 85.5 MB/s  0:00:00
2026-09-22T01:39:44.2198841Z Installing collected packages: uv
2026-09-22T01:39:44.5953554Z Successfully installed uv-0.11.21
2026-09-22T01:39:44.6399527Z ##[group]Run uv sync --frozen
2026-09-22T01:39:44.6399781Z [36;1muv sync --frozen[0m
2026-09-22T01:39:44.6432447Z shell: /usr/bin/bash -e {0}
2026-09-22T01:39:44.6432655Z env:
2026-09-22T01:39:44.6432877Z   pythonLocation: /opt/hostedtoolcache/Python/3.12.13/x64
2026-09-22T01:39:44.6433226Z   PKG_CONFIG_PATH: /opt/hostedtoolcache/Python/3.12.13/x64/lib/pkgconfig
2026-09-22T01:39:44.6433661Z   Python_ROOT_DIR: /opt/hostedtoolcache/Python/3.12.13/x64
2026-09-22T01:39:44.6433971Z   Python2_ROOT_DIR: /opt/hostedtoolcache/Python/3.12.13/x64
2026-09-22T01:39:44.6434266Z   Python3_ROOT_DIR: /opt/hostedtoolcache/Python/3.12.13/x64
2026-09-22T01:39:44.6434568Z   LD_LIBRARY_PATH: /opt/hostedtoolcache/Python/3.12.13/x64/lib
2026-09-22T01:39:44.6434844Z ##[endgroup]
2026-09-22T01:39:44.7355083Z Using CPython 3.12.13 interpreter at: /opt/hostedtoolcache/Python/3.12.13/x64/bin/python3.12
2026-09-22T01:39:44.7355993Z Creating virtual environment at: .venv
2026-09-22T01:39:44.8081509Z Downloading ruff (9.9MiB)
2026-09-22T01:39:44.8081994Z Downloading pydantic-core (2.0MiB)
2026-09-22T01:39:44.8085081Z Downloading ast-serialize (1.3MiB)
2026-09-22T01:39:44.8086247Z Downloading pygments (1.2MiB)
2026-09-22T01:39:44.8089631Z Downloading mypy (14.6MiB)
2026-09-22T01:39:44.9176905Z  Downloaded ast-serialize
2026-09-22T01:39:44.9396814Z  Downloaded pydantic-core
2026-09-22T01:39:45.0547443Z  Downloaded ruff
2026-09-22T01:39:45.0848921Z  Downloaded pygments
2026-09-22T01:39:45.2008902Z  Downloaded mypy
2026-09-22T01:39:45.2013619Z Prepared 37 packages in 463ms
2026-09-22T01:39:45.2327728Z Installed 37 packages in 31ms
2026-09-22T01:39:45.2328120Z  + annotated-doc==0.0.5
2026-09-22T01:39:45.2328430Z  + annotated-types==0.8.0
2026-09-22T01:39:45.2328846Z  + anyio==4.15.1
2026-09-22T01:39:45.2329269Z  + ast-serialize==0.11.2
2026-09-22T01:39:45.2329745Z  + attrs==26.1.0
2026-09-22T01:39:45.2330206Z  + certifi==2026.7.22
2026-09-22T01:39:45.2330827Z  + click==8.5.0
2026-09-22T01:39:45.2331281Z  + defusedxml==0.7.1
2026-09-22T01:39:45.2331757Z  + fastapi==0.141.1
2026-09-22T01:39:45.2332228Z  + h11==0.16.0
2026-09-22T01:39:45.2332741Z  + httpcore==1.0.9
2026-09-22T01:39:45.2333288Z  + httpx==0.28.1
2026-09-22T01:39:45.2351207Z  + idna==3.19
2026-09-22T01:39:45.2351417Z  + iniconfig==2.3.0
2026-09-22T01:39:45.2351608Z  + jsonschema==4.26.0
2026-09-22T01:39:45.2351842Z  + jsonschema-specifications==2025.9.1
2026-09-22T01:39:45.2352067Z  + librt==0.15.0
2026-09-22T01:39:45.2352249Z  + markdown-it-py==4.2.0
2026-09-22T01:39:45.2352452Z  + mdurl==0.1.2
2026-09-22T01:39:45.2352613Z  + mypy==2.3.1
2026-09-22T01:39:45.2352789Z  + mypy-extensions==1.1.0
2026-09-22T01:39:45.2352980Z  + packaging==26.3
2026-09-22T01:39:45.2353149Z  + pathspec==1.1.1
2026-09-22T01:39:45.2353310Z  + pluggy==1.6.0
2026-09-22T01:39:45.2353492Z  + pydantic==2.13.5
2026-09-22T01:39:45.2353667Z  + pydantic-core==2.46.5
2026-09-22T01:39:45.2353848Z  + pygments==2.21.0
2026-09-22T01:39:45.2354008Z  + pypdf==6.18.1
2026-09-22T01:39:45.2354174Z  + pytest==9.1.1
2026-09-22T01:39:45.2354353Z  + python-multipart==0.0.32
2026-09-22T01:39:45.2354569Z  + referencing==0.37.0
2026-09-22T01:39:45.2371495Z  + rpds-py==2026.6.3
2026-09-22T01:39:45.2371821Z  + ruff==0.16.7
2026-09-22T01:39:45.2372097Z  + starlette==1.6.0
2026-09-22T01:39:45.2373056Z  + typing-extensions==4.16.0
2026-09-22T01:39:45.2373385Z  + typing-inspection==0.4.4
2026-09-22T01:39:45.2373690Z  + uvicorn==0.53.0
2026-09-22T01:39:45.2397347Z ##[group]Run make verify-spec
2026-09-22T01:39:45.2397593Z [36;1mmake verify-spec[0m
2026-09-22T01:39:45.2430832Z shell: /usr/bin/bash -e {0}
2026-09-22T01:39:45.2431039Z env:
2026-09-22T01:39:45.2431262Z   pythonLocation: /opt/hostedtoolcache/Python/3.12.13/x64
2026-09-22T01:39:45.2431615Z   PKG_CONFIG_PATH: /opt/hostedtoolcache/Python/3.12.13/x64/lib/pkgconfig
2026-09-22T01:39:45.2432121Z   Python_ROOT_DIR: /opt/hostedtoolcache/Python/3.12.13/x64
2026-09-22T01:39:45.2432424Z   Python2_ROOT_DIR: /opt/hostedtoolcache/Python/3.12.13/x64
2026-09-22T01:39:45.2432719Z   Python3_ROOT_DIR: /opt/hostedtoolcache/Python/3.12.13/x64
2026-09-22T01:39:45.2433016Z   LD_LIBRARY_PATH: /opt/hostedtoolcache/Python/3.12.13/x64/lib
2026-09-22T01:39:45.2433283Z ##[endgroup]
2026-09-22T01:39:45.2508005Z uv run --frozen python scripts/verify_spec.py
2026-09-22T01:39:48.5597227Z {
2026-09-22T01:39:48.5597578Z   "embedded_files": 6,
2026-09-22T01:39:48.5597897Z   "generated_artifacts": 75,
2026-09-22T01:39:48.5598480Z   "learning_effectiveness": "NOT_RUN",
2026-09-22T01:39:48.5598790Z   "models": 54,
2026-09-22T01:39:48.5599034Z   "package_receipts": [
2026-09-22T01:39:48.5599281Z     {
2026-09-22T01:39:48.5599752Z       "archive_sha256": "9933ad962be34e42a29a3299e81c0f03249b584ba1574299672b76eb0242e7b6",
2026-09-22T01:39:48.5600260Z       "object_count": 9,
2026-09-22T01:39:48.5600735Z       "payload_count": 12,
2026-09-22T01:39:48.5601001Z       "profile": "author",
2026-09-22T01:39:48.5601310Z       "scope": "structure_and_integrity_only",
2026-09-22T01:39:48.5601640Z       "total_bytes": 6730
2026-09-22T01:39:48.5601885Z     },
2026-09-22T01:39:48.5602082Z     {
2026-09-22T01:39:48.5602546Z       "archive_sha256": "6d4ddb4c423521625d4686765e1f80f2b65e46ee874eca1bec118dc20a136479",
2026-09-22T01:39:48.5603028Z       "object_count": 9,
2026-09-22T01:39:48.5603282Z       "payload_count": 11,
2026-09-22T01:39:48.5603544Z       "profile": "learner",
2026-09-22T01:39:48.5603859Z       "scope": "structure_and_integrity_only",
2026-09-22T01:39:48.5604172Z       "total_bytes": 5179
2026-09-22T01:39:48.5604412Z     }
2026-09-22T01:39:48.5604603Z   ],
2026-09-22T01:39:48.5604847Z   "product_acceptance": "NOT_RUN",
2026-09-22T01:39:48.5605164Z   "publication": "NOT_CHECKED",
2026-09-22T01:39:48.5605436Z   "real_codex": "NOT_RUN",
2026-09-22T01:39:48.5605699Z   "real_provider": "NOT_RUN",
2026-09-22T01:39:48.5605973Z   "requirements": 38,
2026-09-22T01:39:48.5606319Z   "routes": 113,
2026-09-22T01:39:48.5606600Z   "scope": "M0_structural_baseline_only",
2026-09-22T01:39:48.5606937Z   "source": "PRODUCT_DESIGN.md",
2026-09-22T01:39:48.5607428Z   "spec_sha256": "30220c34fe7312887f5bcb1c67406c9638f1719ff3ed7bc9e95d7d5085b5d924",
2026-09-22T01:39:48.5607913Z   "spec_version": "3.0.6",
2026-09-22T01:39:48.5608211Z   "sql_tables_including_fts": 53,
2026-09-22T01:39:48.5608490Z   "status": "PASS",
2026-09-22T01:39:48.5608728Z   "target_scenarios": 33,
2026-09-22T01:39:48.5608976Z   "tasks": 27
2026-09-22T01:39:48.5609183Z }
2026-09-22T01:39:48.6788604Z ##[group]Run uv run --frozen pytest tests/contract tests/unit/test_spec_*.py
2026-09-22T01:39:48.6789281Z [36;1muv run --frozen pytest tests/contract tests/unit/test_spec_*.py[0m
2026-09-22T01:39:48.6822307Z shell: /usr/bin/bash -e {0}
2026-09-22T01:39:48.6822518Z env:
2026-09-22T01:39:48.6822738Z   pythonLocation: /opt/hostedtoolcache/Python/3.12.13/x64
2026-09-22T01:39:48.6823096Z   PKG_CONFIG_PATH: /opt/hostedtoolcache/Python/3.12.13/x64/lib/pkgconfig
2026-09-22T01:39:48.6823450Z   Python_ROOT_DIR: /opt/hostedtoolcache/Python/3.12.13/x64
2026-09-22T01:39:48.6823749Z   Python2_ROOT_DIR: /opt/hostedtoolcache/Python/3.12.13/x64
2026-09-22T01:39:48.6824048Z   Python3_ROOT_DIR: /opt/hostedtoolcache/Python/3.12.13/x64
2026-09-22T01:39:48.6824338Z   LD_LIBRARY_PATH: /opt/hostedtoolcache/Python/3.12.13/x64/lib
2026-09-22T01:39:48.6824592Z ##[endgroup]
2026-09-22T01:39:51.5215706Z ============================= test session starts ==============================
2026-09-22T01:39:51.5216497Z platform linux -- Python 3.12.13, pytest-9.1.1, pluggy-1.6.0
2026-09-22T01:39:51.5217154Z rootdir: <CI_HOME>/work/Learning_Workbench/Learning_Workbench
2026-09-22T01:39:51.5217608Z configfile: pyproject.toml
2026-09-22T01:39:51.5217924Z plugins: anyio-4.15.1
2026-09-22T01:39:51.5218219Z collected 543 items
2026-09-22T01:39:51.5218386Z 
2026-09-22T01:40:42.4505274Z tests/contract/test_api_projection.py .................................. [  6%]
2026-09-22T01:42:10.1521439Z ........................................................                 [ 16%]
2026-09-22T01:42:10.1987798Z tests/contract/test_authoring_contracts.py ...........                   [ 18%]
2026-09-22T01:42:10.3180027Z tests/contract/test_generated_transport.py ...............               [ 21%]
2026-09-22T01:42:10.5793253Z tests/contract/test_generated_upload.py ..                               [ 21%]
2026-09-22T01:42:10.8299146Z tests/contract/test_models.py ............................               [ 26%]
2026-09-22T01:42:10.8380241Z tests/contract/test_optional_patch.py .                                  [ 27%]
2026-09-22T01:42:10.9051566Z tests/contract/test_package_integrity.py ........................        [ 31%]
2026-09-22T01:42:10.9854258Z tests/contract/test_practice_public_projection.py ...................... [ 35%]
2026-09-22T01:42:19.5228977Z .............                                                            [ 37%]
2026-09-22T01:42:20.2047593Z tests/contract/test_provider_binding.py .........................        [ 42%]
2026-09-22T01:42:20.6461180Z tests/contract/test_provider_dto.py .................................... [ 49%]
2026-09-22T01:42:20.8316591Z ........................................................................ [ 62%]
2026-09-22T01:42:20.8321674Z                                                                          [ 62%]
2026-09-22T01:42:20.9927509Z tests/contract/test_recommendation_binding.py ........                   [ 63%]
2026-09-22T01:42:21.0117841Z tests/contract/test_recommendation_dto.py .............................. [ 69%]
2026-09-22T01:42:21.1329738Z ........................                                                 [ 73%]
2026-09-22T01:42:21.1487672Z tests/contract/test_retrieval_dto.py ............................        [ 79%]
2026-09-22T01:42:46.4615697Z tests/contract/test_retrieval_generation.py ...................          [ 82%]
2026-09-22T01:42:54.9558060Z tests/contract/test_retrieval_http.py ....................               [ 86%]
2026-09-22T01:42:54.9776912Z tests/contract/test_tutor_dto.py ....................................... [ 93%]
2026-09-22T01:42:54.9795469Z ..                                                                       [ 93%]
2026-09-22T01:42:56.2567649Z tests/contract/test_tutor_transport.py .....................             [ 97%]
2026-09-22T01:42:57.5249304Z tests/unit/test_spec_catalog.py ....                                     [ 98%]
2026-09-22T01:42:57.7535911Z tests/unit/test_spec_extraction.py .........                             [100%]
2026-09-22T01:42:57.7536841Z 
2026-09-22T01:42:57.7537061Z =============================== warnings summary ===============================
2026-09-22T01:42:57.7537463Z .venv/lib/python3.12/site-packages/fastapi/testclient.py:1
2026-09-22T01:42:57.7538365Z   <CI_HOME>/work/Learning_Workbench/Learning_Workbench/.venv/lib/python3.12/site-packages/fastapi/testclient.py:1: StarletteDeprecationWarning: Using `httpx` with `starlette.testclient` is deprecated; install `httpx2` instead.
2026-09-22T01:42:57.7539228Z     from starlette.testclient import TestClient as TestClient  # noqa
2026-09-22T01:42:57.7539448Z 
2026-09-22T01:42:57.7539639Z .venv/lib/python3.12/site-packages/starlette/testclient.py:53
2026-09-22T01:42:57.7540699Z   <CI_HOME>/work/Learning_Workbench/Learning_Workbench/.venv/lib/python3.12/site-packages/starlette/testclient.py:53: DeprecationWarning: The anyio.abc.BlockingPortal alias is deprecated, use anyio.from_thread.BlockingPortal instead.
2026-09-22T01:42:57.7541766Z     _PortalFactoryType = Callable[[], AbstractContextManager[anyio.abc.BlockingPortal]]
2026-09-22T01:42:57.7542038Z 
2026-09-22T01:42:57.7542274Z -- Docs: https://docs.pytest.org/en/stable/how-to/capture-warnings.html
2026-09-22T01:42:57.7542769Z ================= 543 passed, 2 warnings in 188.27s (0:03:08) ==================
2026-09-22T01:42:58.1388781Z Post job cleanup.
2026-09-22T01:42:58.2387732Z Post job cleanup.
2026-09-22T01:42:58.3500143Z Post job cleanup.
2026-09-22T01:42:58.4223319Z [command]/usr/bin/git version
2026-09-22T01:42:58.4270984Z git version 2.55.0
2026-09-22T01:42:58.4301414Z Temporarily overriding HOME='<CI_HOME>/work/_temp/8679e09e-323d-4c6a-acb7-fee39b1c9645' before making global git config changes
2026-09-22T01:42:58.4302508Z Adding repository directory to the temporary git global config as a safe directory
2026-09-22T01:42:58.4305612Z [command]/usr/bin/git config --global --add safe.directory <CI_HOME>/work/Learning_Workbench/Learning_Workbench
2026-09-22T01:42:58.4333660Z Removing SSH command configuration
2026-09-22T01:42:58.4339383Z [command]/usr/bin/git config --local --name-only --get-regexp core\.sshCommand
2026-09-22T01:42:58.4369003Z [command]/usr/bin/git submodule foreach --recursive sh -c "git config --local --name-only --get-regexp 'core\.sshCommand' && git config --local --unset-all 'core.sshCommand' || :"
2026-09-22T01:42:58.4590614Z Removing HTTP extra header
2026-09-22T01:42:58.4596159Z [command]/usr/bin/git config --local --name-only --get-regexp http\.https\:\/\/github\.com\/\.extraheader
2026-09-22T01:42:58.4642800Z [command]/usr/bin/git submodule foreach --recursive sh -c "git config --local --name-only --get-regexp 'http\.https\:\/\/github\.com\/\.extraheader' && git config --local --unset-all 'http.https://github.com/.extraheader' || :"
2026-09-22T01:42:58.4872637Z Removing includeIf entries pointing to credentials config files
2026-09-22T01:42:58.4873487Z [command]/usr/bin/git config --local --name-only --get-regexp ^includeIf\.gitdir:
2026-09-22T01:42:58.4905985Z includeif.gitdir:<CI_HOME>/work/Learning_Workbench/Learning_Workbench/.git.path
2026-09-22T01:42:58.4908509Z includeif.gitdir:<CI_HOME>/work/Learning_Workbench/Learning_Workbench/.git/worktrees/*.path
2026-09-22T01:42:58.4909289Z includeif.gitdir:/github/workspace/.git.path
2026-09-22T01:42:58.4909824Z includeif.gitdir:/github/workspace/.git/worktrees/*.path
2026-09-22T01:42:58.4914028Z [command]/usr/bin/git config --local --get-all includeif.gitdir:<CI_HOME>/work/Learning_Workbench/Learning_Workbench/.git.path
2026-09-22T01:42:58.4950987Z <CI_HOME>/work/_temp/git-credentials-7df61ac1-3a84-49ba-b9d8-b724d2a19e4b.config
2026-09-22T01:42:58.4953070Z [command]/usr/bin/git config --local --unset includeif.gitdir:<CI_HOME>/work/Learning_Workbench/Learning_Workbench/.git.path \/home\/runner\/work\/_temp\/git\-credentials\-7df61ac1\-3a84\-49ba\-b9d8\-b724d2a19e4b\.config
2026-09-22T01:42:58.4983394Z [command]/usr/bin/git config --local --get-all includeif.gitdir:<CI_HOME>/work/Learning_Workbench/Learning_Workbench/.git/worktrees/*.path
2026-09-22T01:42:58.5017458Z <CI_HOME>/work/_temp/git-credentials-7df61ac1-3a84-49ba-b9d8-b724d2a19e4b.config
2026-09-22T01:42:58.5023837Z [command]/usr/bin/git config --local --unset includeif.gitdir:<CI_HOME>/work/Learning_Workbench/Learning_Workbench/.git/worktrees/*.path \/home\/runner\/work\/_temp\/git\-credentials\-7df61ac1\-3a84\-49ba\-b9d8\-b724d2a19e4b\.config
2026-09-22T01:42:58.5070952Z [command]/usr/bin/git config --local --get-all includeif.gitdir:/github/workspace/.git.path
2026-09-22T01:42:58.5097176Z /github/runner_temp/git-credentials-7df61ac1-3a84-49ba-b9d8-b724d2a19e4b.config
2026-09-22T01:42:58.5103289Z [command]/usr/bin/git config --local --unset includeif.gitdir:/github/workspace/.git.path \/github\/runner_temp\/git\-credentials\-7df61ac1\-3a84\-49ba\-b9d8\-b724d2a19e4b\.config
2026-09-22T01:42:58.5132910Z [command]/usr/bin/git config --local --get-all includeif.gitdir:/github/workspace/.git/worktrees/*.path
2026-09-22T01:42:58.5154176Z /github/runner_temp/git-credentials-7df61ac1-3a84-49ba-b9d8-b724d2a19e4b.config
2026-09-22T01:42:58.5160327Z [command]/usr/bin/git config --local --unset includeif.gitdir:/github/workspace/.git/worktrees/*.path \/github\/runner_temp\/git\-credentials\-7df61ac1\-3a84\-49ba\-b9d8\-b724d2a19e4b\.config
2026-09-22T01:42:58.5191739Z [command]/usr/bin/git submodule foreach --recursive git config --local --show-origin --name-only --get-regexp remote.origin.url
2026-09-22T01:42:58.5397509Z Removing credentials config '<CI_HOME>/work/_temp/git-credentials-7df61ac1-3a84-49ba-b9d8-b724d2a19e4b.config'
2026-09-22T01:42:58.5542045Z Cleaning up orphan processes
