2026-09-22T05:59:53.2512917Z Current runner version: '2.337.0'
2026-09-22T05:59:53.2537711Z ##[group]Runner Image Provisioner
2026-09-22T05:59:53.2538628Z Hosted Compute Agent
2026-09-22T05:59:53.2539238Z Version: 20260828.587
2026-09-22T05:59:53.2540226Z Commit: abac92662cab4cc7352de4f9f9d2e2419aad9c29
2026-09-22T05:59:53.2541036Z Build Date: 2026-08-28T16:44:25Z
2026-09-22T05:59:53.2541822Z Worker ID: {1914b0c7-c8ed-49d3-aed1-21e0eac8a9c5}
2026-09-22T05:59:53.2542650Z Azure Region: westus3
2026-09-22T05:59:53.2543212Z ##[endgroup]
2026-09-22T05:59:53.2544905Z ##[group]Operating System
2026-09-22T05:59:53.2545543Z Ubuntu
2026-09-22T05:59:53.2546039Z 26.04.1
2026-09-22T05:59:53.2546670Z LTS
2026-09-22T05:59:53.2547185Z ##[endgroup]
2026-09-22T05:59:53.2547811Z ##[group]Runner Image
2026-09-22T05:59:53.2548408Z Image: ubuntu-26.04
2026-09-22T05:59:53.2548939Z Version: 20260907.131.1
2026-09-22T05:59:53.2550628Z Included Software: https://github.com/actions/runner-images/blob/ubuntu26/20260907.131/images/ubuntu/Ubuntu2604-Readme.md
2026-09-22T05:59:53.2552351Z Image Release: https://github.com/actions/runner-images/releases/tag/ubuntu26%2F20260907.131
2026-09-22T05:59:53.2553319Z ##[endgroup]
2026-09-22T05:59:53.2554449Z ##[group]GITHUB_TOKEN Permissions
2026-09-22T05:59:53.2556636Z Contents: read
2026-09-22T05:59:53.2557202Z Metadata: read
2026-09-22T05:59:53.2558224Z ##[endgroup]
2026-09-22T05:59:53.2560636Z Secret source: Actions
2026-09-22T05:59:53.2561726Z Cache mode: write
2026-09-22T05:59:53.2562659Z Prepare workflow directory
2026-09-22T05:59:53.2960835Z Prepare all required actions
2026-09-22T05:59:53.3007522Z Getting action download info
2026-09-22T05:59:53.5834954Z Download action repository 'actions/checkout@3d3c42e5aac5ba805825da76410c181273ba90b1' (SHA:3d3c42e5aac5ba805825da76410c181273ba90b1)
2026-09-22T05:59:54.0341789Z Download action repository 'actions/setup-python@5fda3b95a4ea91299a34e894583c3862153e4b97' (SHA:5fda3b95a4ea91299a34e894583c3862153e4b97)
2026-09-22T05:59:54.5166979Z Complete job name: integration
2026-09-22T05:59:54.6049590Z ##[group]Run actions/checkout@3d3c42e5aac5ba805825da76410c181273ba90b1
2026-09-22T05:59:54.6051373Z with:
2026-09-22T05:59:54.6051957Z   repository: kl3574/Learning_Workbench
2026-09-22T05:59:54.6060538Z   token: ***
2026-09-22T05:59:54.6061084Z   ssh-strict: true
2026-09-22T05:59:54.6061648Z   ssh-user: git
2026-09-22T05:59:54.6062222Z   persist-credentials: true
2026-09-22T05:59:54.6062876Z   clean: true
2026-09-22T05:59:54.6063452Z   sparse-checkout-cone-mode: true
2026-09-22T05:59:54.6064193Z   fetch-depth: 1
2026-09-22T05:59:54.6064738Z   fetch-tags: false
2026-09-22T05:59:54.6065315Z   show-progress: true
2026-09-22T05:59:54.6065908Z   lfs: false
2026-09-22T05:59:54.6066432Z   submodules: false
2026-09-22T05:59:54.6067031Z   set-safe-directory: true
2026-09-22T05:59:54.6067738Z   allow-unsafe-pr-checkout: false
2026-09-22T05:59:54.6068739Z ##[endgroup]
2026-09-22T05:59:54.7137670Z Syncing repository: kl3574/Learning_Workbench
2026-09-22T05:59:54.7142716Z ##[group]Getting Git version info
2026-09-22T05:59:54.7144776Z Working directory is '<CI_HOME>/work/Learning_Workbench/Learning_Workbench'
2026-09-22T05:59:54.7147583Z [command]/usr/bin/git version
2026-09-22T05:59:54.7159860Z git version 2.55.0
2026-09-22T05:59:54.7184872Z ##[endgroup]
2026-09-22T05:59:54.7200433Z Temporarily overriding HOME='<CI_HOME>/work/_temp/7e81a3a3-1412-4cbf-8326-d8c5bfc802cc' before making global git config changes
2026-09-22T05:59:54.7204627Z Adding repository directory to the temporary git global config as a safe directory
2026-09-22T05:59:54.7206956Z [command]/usr/bin/git config --global --add safe.directory <CI_HOME>/work/Learning_Workbench/Learning_Workbench
2026-09-22T05:59:54.7603483Z Deleting the contents of '<CI_HOME>/work/Learning_Workbench/Learning_Workbench'
2026-09-22T05:59:54.7606875Z ##[group]Determining repository object format
2026-09-22T05:59:54.7609007Z ##[endgroup]
2026-09-22T05:59:54.7610829Z ##[group]Initializing the repository
2026-09-22T05:59:54.7613038Z [command]/usr/bin/git init <CI_HOME>/work/Learning_Workbench/Learning_Workbench
2026-09-22T05:59:54.8295465Z hint: Using 'master' as the name for the initial branch. This default branch name
2026-09-22T05:59:54.8297937Z hint: will change to "main" in Git 3.0. To configure the initial branch name
2026-09-22T05:59:54.8301245Z hint: to use in all of your new repositories, which will suppress this warning,
2026-09-22T05:59:54.8303370Z hint: call:
2026-09-22T05:59:54.8304170Z hint:
2026-09-22T05:59:54.8304931Z hint: 	git config --global init.defaultBranch <name>
2026-09-22T05:59:54.8305904Z hint:
2026-09-22T05:59:54.8306791Z hint: Names commonly chosen instead of 'master' are 'main', 'trunk' and
2026-09-22T05:59:54.8308547Z hint: 'development'. The just-created branch can be renamed via this command:
2026-09-22T05:59:54.8310583Z hint:
2026-09-22T05:59:54.8311172Z hint: 	git branch -m <name>
2026-09-22T05:59:54.8311859Z hint:
2026-09-22T05:59:54.8312858Z hint: Disable this message with "git config set advice.defaultBranchName false"
2026-09-22T05:59:54.8314791Z Initialized empty Git repository in <CI_HOME>/work/Learning_Workbench/Learning_Workbench/.git/
2026-09-22T05:59:54.8317866Z [command]/usr/bin/git remote add origin https://github.com/kl3574/Learning_Workbench
2026-09-22T05:59:54.8565085Z ##[endgroup]
2026-09-22T05:59:54.8567421Z ##[group]Disabling automatic garbage collection
2026-09-22T05:59:54.8569537Z [command]/usr/bin/git config --local gc.auto 0
2026-09-22T05:59:54.8606900Z ##[endgroup]
2026-09-22T05:59:54.8609165Z ##[group]Setting up auth
2026-09-22T05:59:54.8610962Z Removing SSH command configuration
2026-09-22T05:59:54.8613356Z [command]/usr/bin/git config --local --name-only --get-regexp core\.sshCommand
2026-09-22T05:59:54.8659192Z [command]/usr/bin/git submodule foreach --recursive sh -c "git config --local --name-only --get-regexp 'core\.sshCommand' && git config --local --unset-all 'core.sshCommand' || :"
2026-09-22T05:59:55.0995402Z Removing HTTP extra header
2026-09-22T05:59:55.1001996Z [command]/usr/bin/git config --local --name-only --get-regexp http\.https\:\/\/github\.com\/\.extraheader
2026-09-22T05:59:55.1037104Z [command]/usr/bin/git submodule foreach --recursive sh -c "git config --local --name-only --get-regexp 'http\.https\:\/\/github\.com\/\.extraheader' && git config --local --unset-all 'http.https://github.com/.extraheader' || :"
2026-09-22T05:59:55.1300542Z Removing includeIf entries pointing to credentials config files
2026-09-22T05:59:55.1304079Z [command]/usr/bin/git config --local --name-only --get-regexp ^includeIf\.gitdir:
2026-09-22T05:59:55.1337150Z [command]/usr/bin/git submodule foreach --recursive git config --local --show-origin --name-only --get-regexp remote.origin.url
2026-09-22T05:59:55.1613367Z [command]/usr/bin/git config --file <CI_HOME>/work/_temp/git-credentials-dce585b6-a7a6-4ad8-bda8-eeb3c28e5bf5.config http.https://github.com/.extraheader AUTHORIZATION: basic ***
2026-09-22T05:59:55.1654571Z [command]/usr/bin/git config --local includeIf.gitdir:<CI_HOME>/work/Learning_Workbench/Learning_Workbench/.git.path <CI_HOME>/work/_temp/git-credentials-dce585b6-a7a6-4ad8-bda8-eeb3c28e5bf5.config
2026-09-22T05:59:55.1689696Z [command]/usr/bin/git config --local includeIf.gitdir:<CI_HOME>/work/Learning_Workbench/Learning_Workbench/.git/worktrees/*.path <CI_HOME>/work/_temp/git-credentials-dce585b6-a7a6-4ad8-bda8-eeb3c28e5bf5.config
2026-09-22T05:59:55.1731321Z [command]/usr/bin/git config --local includeIf.gitdir:/github/workspace/.git.path /github/runner_temp/git-credentials-dce585b6-a7a6-4ad8-bda8-eeb3c28e5bf5.config
2026-09-22T05:59:55.1764073Z [command]/usr/bin/git config --local includeIf.gitdir:/github/workspace/.git/worktrees/*.path /github/runner_temp/git-credentials-dce585b6-a7a6-4ad8-bda8-eeb3c28e5bf5.config
2026-09-22T05:59:55.1793545Z ##[endgroup]
2026-09-22T05:59:55.1795302Z ##[group]Fetching the repository
2026-09-22T05:59:55.1800630Z [command]/usr/bin/git -c protocol.version=2 fetch --no-tags --prune --no-recurse-submodules --depth=1 origin +b90b4446172b39a3858a9684437920c27eda01ae:refs/remotes/origin/feat/M6.2-candidate-review
2026-09-22T05:59:57.0466685Z From https://github.com/kl3574/Learning_Workbench
2026-09-22T05:59:57.0468549Z  * [new ref]         b90b4446172b39a3858a9684437920c27eda01ae -> origin/feat/M6.2-candidate-review
2026-09-22T05:59:57.0476839Z [command]/usr/bin/git branch --list --remote origin/feat/M6.2-candidate-review
2026-09-22T05:59:57.0505672Z   origin/feat/M6.2-candidate-review
2026-09-22T05:59:57.0514426Z [command]/usr/bin/git rev-parse refs/remotes/origin/feat/M6.2-candidate-review
2026-09-22T05:59:57.0539410Z b90b4446172b39a3858a9684437920c27eda01ae
2026-09-22T05:59:57.0544136Z ##[endgroup]
2026-09-22T05:59:57.0544769Z ##[group]Determining the checkout info
2026-09-22T05:59:57.0545466Z ##[endgroup]
2026-09-22T05:59:57.0549005Z [command]/usr/bin/git sparse-checkout disable
2026-09-22T05:59:57.0655643Z [command]/usr/bin/git config --local --unset-all extensions.worktreeConfig
2026-09-22T05:59:57.0708890Z ##[group]Checking out the ref
2026-09-22T05:59:57.0713457Z [command]/usr/bin/git checkout --progress --force -B feat/M6.2-candidate-review refs/remotes/origin/feat/M6.2-candidate-review
2026-09-22T05:59:57.9822802Z Switched to a new branch 'feat/M6.2-candidate-review'
2026-09-22T05:59:57.9823804Z branch 'feat/M6.2-candidate-review' set up to track 'origin/feat/M6.2-candidate-review'.
2026-09-22T05:59:57.9871380Z ##[endgroup]
2026-09-22T05:59:57.9957402Z [command]/usr/bin/git log -1 --format=%H
2026-09-22T05:59:57.9988312Z b90b4446172b39a3858a9684437920c27eda01ae
2026-09-22T05:59:58.0274432Z ##[group]Run actions/setup-python@5fda3b95a4ea91299a34e894583c3862153e4b97
2026-09-22T05:59:58.0274881Z with:
2026-09-22T05:59:58.0275103Z   python-version: 3.12.13
2026-09-22T05:59:58.0275346Z   check-latest: false
2026-09-22T05:59:58.0277654Z   token: ***
2026-09-22T05:59:58.0277873Z   update-environment: true
2026-09-22T05:59:58.0278121Z   allow-prereleases: false
2026-09-22T05:59:58.0278363Z   freethreaded: false
2026-09-22T05:59:58.0278590Z ##[endgroup]
2026-09-22T05:59:58.1484988Z ##[group]Installed versions
2026-09-22T05:59:58.1498625Z Version 3.12.13 was not found in the local cache
2026-09-22T05:59:59.1790885Z Version 3.12.13 is available for downloading
2026-09-22T05:59:59.1791907Z Download from "https://github.com/actions/python-versions/releases/download/3.12.13-27650778726/python-3.12.13-linux-26.04-x64.tar.gz"
2026-09-22T06:00:00.2855365Z Extract downloaded archive
2026-09-22T06:00:00.2983728Z [command]/usr/bin/tar xz --warning=no-unknown-keyword --overwrite -C <CI_HOME>/work/_temp/c6bd526e-a5bd-4f6a-950f-42f6292871d7 -f <CI_HOME>/work/_temp/d770e426-778a-40ba-8847-ada0f263ade7
2026-09-22T06:00:01.4837448Z Execute installation script
2026-09-22T06:00:01.4974348Z Check if Python hostedtoolcache folder exist...
2026-09-22T06:00:01.4976906Z Create Python 3.12.13 folder
2026-09-22T06:00:01.5001224Z Copy Python binaries to hostedtoolcache folder
2026-09-22T06:00:01.9714362Z Create additional symlinks (Required for the UsePythonVersion Azure Pipelines task and the setup-python GitHub Action)
2026-09-22T06:00:01.9817046Z Upgrading pip...
2026-09-22T06:00:04.0605122Z Collecting pip
2026-09-22T06:00:04.0804352Z Downloading pip-26.2.1-py3-none-any.whl.metadata (4.6 kB)
2026-09-22T06:00:04.0884218Z Downloading pip-26.2.1-py3-none-any.whl (1.8 MB)
2026-09-22T06:00:04.1058516Z ━━━━━━━━━━━━━━━━━━━━━━━━━━━━━━━━━━━━━━━━ 1.8/1.8 MB 171.8 MB/s eta 0:00:00
2026-09-22T06:00:04.1059172Z 
2026-09-22T06:00:04.2485462Z Installing collected packages: pip
2026-09-22T06:00:04.2491536Z Attempting uninstall: pip
2026-09-22T06:00:04.2510524Z Found existing installation: pip 25.0.1
2026-09-22T06:00:04.2853016Z Uninstalling pip-25.0.1:
2026-09-22T06:00:04.2911001Z Successfully uninstalled pip-25.0.1
2026-09-22T06:00:05.1839932Z Successfully installed pip-26.2.1
2026-09-22T06:00:05.2373339Z Create complete file
2026-09-22T06:00:05.2430821Z Successfully set up CPython (3.12.13)
2026-09-22T06:00:05.2432180Z ##[endgroup]
2026-09-22T06:00:05.2621960Z ##[group]Run python -m pip install uv==0.11.21
2026-09-22T06:00:05.2622576Z [36;1mpython -m pip install uv==0.11.21[0m
2026-09-22T06:00:05.3315817Z shell: /usr/bin/bash -e {0}
2026-09-22T06:00:05.3316183Z env:
2026-09-22T06:00:05.3316536Z   pythonLocation: /opt/hostedtoolcache/Python/3.12.13/x64
2026-09-22T06:00:05.3317110Z   PKG_CONFIG_PATH: /opt/hostedtoolcache/Python/3.12.13/x64/lib/pkgconfig
2026-09-22T06:00:05.3317666Z   Python_ROOT_DIR: /opt/hostedtoolcache/Python/3.12.13/x64
2026-09-22T06:00:05.3318158Z   Python2_ROOT_DIR: /opt/hostedtoolcache/Python/3.12.13/x64
2026-09-22T06:00:05.3318664Z   Python3_ROOT_DIR: /opt/hostedtoolcache/Python/3.12.13/x64
2026-09-22T06:00:05.3319163Z   LD_LIBRARY_PATH: /opt/hostedtoolcache/Python/3.12.13/x64/lib
2026-09-22T06:00:05.3319583Z ##[endgroup]
2026-09-22T06:00:06.4678610Z Collecting uv==0.11.21
2026-09-22T06:00:06.5107814Z   Downloading uv-0.11.21-py3-none-manylinux_2_17_x86_64.manylinux2014_x86_64.whl.metadata (11 kB)
2026-09-22T06:00:06.5266793Z Downloading uv-0.11.21-py3-none-manylinux_2_17_x86_64.manylinux2014_x86_64.whl (25.1 MB)
2026-09-22T06:00:06.6840357Z    ━━━━━━━━━━━━━━━━━━━━━━━━━━━━━━━━━━━━━━━━ 25.1/25.1 MB 190.5 MB/s  0:00:00
2026-09-22T06:00:06.7297278Z Installing collected packages: uv
2026-09-22T06:00:06.9925452Z Successfully installed uv-0.11.21
2026-09-22T06:00:07.0534742Z ##[group]Run uv sync --frozen
2026-09-22T06:00:07.0535091Z [36;1muv sync --frozen[0m
2026-09-22T06:00:07.0593443Z shell: /usr/bin/bash -e {0}
2026-09-22T06:00:07.0593701Z env:
2026-09-22T06:00:07.0593967Z   pythonLocation: /opt/hostedtoolcache/Python/3.12.13/x64
2026-09-22T06:00:07.0594406Z   PKG_CONFIG_PATH: /opt/hostedtoolcache/Python/3.12.13/x64/lib/pkgconfig
2026-09-22T06:00:07.0594844Z   Python_ROOT_DIR: /opt/hostedtoolcache/Python/3.12.13/x64
2026-09-22T06:00:07.0595235Z   Python2_ROOT_DIR: /opt/hostedtoolcache/Python/3.12.13/x64
2026-09-22T06:00:07.0595620Z   Python3_ROOT_DIR: /opt/hostedtoolcache/Python/3.12.13/x64
2026-09-22T06:00:07.0596006Z   LD_LIBRARY_PATH: /opt/hostedtoolcache/Python/3.12.13/x64/lib
2026-09-22T06:00:07.0596350Z ##[endgroup]
2026-09-22T06:00:07.1205433Z Using CPython 3.12.13 interpreter at: /opt/hostedtoolcache/Python/3.12.13/x64/bin/python3.12
2026-09-22T06:00:07.1206270Z Creating virtual environment at: .venv
2026-09-22T06:00:07.2127814Z Downloading mypy (14.6MiB)
2026-09-22T06:00:07.2128381Z Downloading pydantic-core (2.0MiB)
2026-09-22T06:00:07.2131356Z Downloading pygments (1.2MiB)
2026-09-22T06:00:07.2132697Z Downloading ruff (9.9MiB)
2026-09-22T06:00:07.2137989Z Downloading ast-serialize (1.3MiB)
2026-09-22T06:00:07.3682372Z  Downloaded ast-serialize
2026-09-22T06:00:07.3910315Z  Downloaded pydantic-core
2026-09-22T06:00:07.5301109Z  Downloaded ruff
2026-09-22T06:00:07.6023197Z  Downloaded pygments
2026-09-22T06:00:07.7623234Z  Downloaded mypy
2026-09-22T06:00:07.7626083Z Prepared 37 packages in 638ms
2026-09-22T06:00:07.8008948Z Installed 37 packages in 38ms
2026-09-22T06:00:07.8009507Z  + annotated-doc==0.0.5
2026-09-22T06:00:07.8009942Z  + annotated-types==0.8.0
2026-09-22T06:00:07.8010650Z  + anyio==4.15.1
2026-09-22T06:00:07.8011045Z  + ast-serialize==0.11.2
2026-09-22T06:00:07.8011440Z  + attrs==26.1.0
2026-09-22T06:00:07.8011790Z  + certifi==2026.7.22
2026-09-22T06:00:07.8012165Z  + click==8.5.0
2026-09-22T06:00:07.8012543Z  + defusedxml==0.7.1
2026-09-22T06:00:07.8012934Z  + fastapi==0.141.1
2026-09-22T06:00:07.8013305Z  + h11==0.16.0
2026-09-22T06:00:07.8013695Z  + httpcore==1.0.9
2026-09-22T06:00:07.8014067Z  + httpx==0.28.1
2026-09-22T06:00:07.8014410Z  + idna==3.19
2026-09-22T06:00:07.8014754Z  + iniconfig==2.3.0
2026-09-22T06:00:07.8015119Z  + jsonschema==4.26.0
2026-09-22T06:00:07.8015547Z  + jsonschema-specifications==2025.9.1
2026-09-22T06:00:07.8016031Z  + librt==0.15.0
2026-09-22T06:00:07.8016397Z  + markdown-it-py==4.2.0
2026-09-22T06:00:07.8016786Z  + mdurl==0.1.2
2026-09-22T06:00:07.8017139Z  + mypy==2.3.1
2026-09-22T06:00:07.8017500Z  + mypy-extensions==1.1.0
2026-09-22T06:00:07.8017937Z  + packaging==26.3
2026-09-22T06:00:07.8018311Z  + pathspec==1.1.1
2026-09-22T06:00:07.8019017Z  + pluggy==1.6.0
2026-09-22T06:00:07.8019427Z  + pydantic==2.13.5
2026-09-22T06:00:07.8019862Z  + pydantic-core==2.46.5
2026-09-22T06:00:07.8020508Z  + pygments==2.21.0
2026-09-22T06:00:07.8020897Z  + pypdf==6.18.1
2026-09-22T06:00:07.8021321Z  + pytest==9.1.1
2026-09-22T06:00:07.8021559Z  + python-multipart==0.0.32
2026-09-22T06:00:07.8022026Z  + referencing==0.37.0
2026-09-22T06:00:07.8022370Z  + rpds-py==2026.6.3
2026-09-22T06:00:07.8022581Z  + ruff==0.16.7
2026-09-22T06:00:07.8022786Z  + starlette==1.6.0
2026-09-22T06:00:07.8023009Z  + typing-extensions==4.16.0
2026-09-22T06:00:07.8023263Z  + typing-inspection==0.4.4
2026-09-22T06:00:07.8023497Z  + uvicorn==0.53.0
2026-09-22T06:00:07.8094899Z ##[group]Run sudo apt-get update
2026-09-22T06:00:07.8095245Z [36;1msudo apt-get update[0m
2026-09-22T06:00:07.8095886Z [36;1msudo apt-get install -y bubblewrap=0.11.1-1ubuntu0.1 apparmor=5.0.2-0ubuntu1~26.04.1 libapparmor1=5.0.2-0ubuntu1~26.04.1 libseccomp2=2.6.0-2ubuntu5[0m
2026-09-22T06:00:07.8096652Z [36;1mdpkg-query -W bubblewrap apparmor libapparmor1 libseccomp2[0m
2026-09-22T06:00:07.8097069Z [36;1mtest -f /etc/apparmor.d/bwrap-userns-restrict[0m
2026-09-22T06:00:07.8097389Z [36;1mbwrap --version[0m
2026-09-22T06:00:07.8155376Z shell: /usr/bin/bash -e {0}
2026-09-22T06:00:07.8155643Z env:
2026-09-22T06:00:07.8155938Z   pythonLocation: /opt/hostedtoolcache/Python/3.12.13/x64
2026-09-22T06:00:07.8156391Z   PKG_CONFIG_PATH: /opt/hostedtoolcache/Python/3.12.13/x64/lib/pkgconfig
2026-09-22T06:00:07.8156825Z   Python_ROOT_DIR: /opt/hostedtoolcache/Python/3.12.13/x64
2026-09-22T06:00:07.8157211Z   Python2_ROOT_DIR: /opt/hostedtoolcache/Python/3.12.13/x64
2026-09-22T06:00:07.8157660Z   Python3_ROOT_DIR: /opt/hostedtoolcache/Python/3.12.13/x64
2026-09-22T06:00:07.8158064Z   LD_LIBRARY_PATH: /opt/hostedtoolcache/Python/3.12.13/x64/lib
2026-09-22T06:00:07.8158391Z ##[endgroup]
2026-09-22T06:00:07.9653565Z Get:1 file:/etc/apt/apt-mirrors.txt Mirrorlist [144 B]
2026-09-22T06:00:08.0147856Z Hit:2 http://azure.archive.ubuntu.com/ubuntu resolute InRelease
2026-09-22T06:00:08.0193116Z Get:3 http://azure.archive.ubuntu.com/ubuntu resolute-updates InRelease [137 kB]
2026-09-22T06:00:08.0348414Z Get:4 http://azure.archive.ubuntu.com/ubuntu resolute-backports InRelease [137 kB]
2026-09-22T06:00:08.0464207Z Get:5 http://azure.archive.ubuntu.com/ubuntu resolute-security InRelease [137 kB]
2026-09-22T06:00:08.0571108Z Get:6 https://dl.google.com/linux/chrome-stable/deb stable InRelease [2548 B]
2026-09-22T06:00:08.0623435Z Get:7 https://packages.microsoft.com/ubuntu/26.04/prod resolute InRelease [3964 B]
2026-09-22T06:00:08.0883755Z Get:8 http://azure.archive.ubuntu.com/ubuntu resolute-updates/main amd64v3 Packages [642 kB]
2026-09-22T06:00:08.1063582Z Get:9 http://azure.archive.ubuntu.com/ubuntu resolute-updates/main Translation-en [153 kB]
2026-09-22T06:00:08.1088760Z Get:10 http://azure.archive.ubuntu.com/ubuntu resolute-updates/main amd64 Components [97.8 kB]
2026-09-22T06:00:08.1102972Z Get:11 http://azure.archive.ubuntu.com/ubuntu resolute-updates/universe amd64v3 Packages [295 kB]
2026-09-22T06:00:08.1127568Z Get:12 http://azure.archive.ubuntu.com/ubuntu resolute-updates/universe Translation-en [94.0 kB]
2026-09-22T06:00:08.1216113Z Get:13 http://azure.archive.ubuntu.com/ubuntu resolute-updates/universe amd64 Components [188 kB]
2026-09-22T06:00:08.1218471Z Get:14 http://azure.archive.ubuntu.com/ubuntu resolute-updates/restricted amd64v3 Packages [432 kB]
2026-09-22T06:00:08.1230928Z Get:15 http://azure.archive.ubuntu.com/ubuntu resolute-updates/restricted Translation-en [84.5 kB]
2026-09-22T06:00:08.1238953Z Get:16 http://azure.archive.ubuntu.com/ubuntu resolute-updates/multiverse amd64v3 Packages [11.6 kB]
2026-09-22T06:00:08.1251201Z Get:17 http://azure.archive.ubuntu.com/ubuntu resolute-updates/multiverse Translation-en [3172 B]
2026-09-22T06:00:08.1467239Z Get:29 https://packages.microsoft.com/ubuntu/26.04/prod resolute/main amd64 Packages [66.1 kB]
2026-09-22T06:00:08.1507406Z Get:30 https://packages.microsoft.com/ubuntu/26.04/prod resolute/main arm64 Packages [57.7 kB]
2026-09-22T06:00:08.1714929Z Get:18 http://azure.archive.ubuntu.com/ubuntu resolute-backports/universe amd64 Components [1056 B]
2026-09-22T06:00:08.1729544Z Get:19 http://azure.archive.ubuntu.com/ubuntu resolute-security/main amd64v3 Packages [502 kB]
2026-09-22T06:00:08.1764996Z Get:31 https://dl.google.com/linux/chrome-stable/deb stable/main amd64 Packages [1411 B]
2026-09-22T06:00:08.1766022Z Get:20 http://azure.archive.ubuntu.com/ubuntu resolute-security/main Translation-en [117 kB]
2026-09-22T06:00:08.1774589Z Get:21 http://azure.archive.ubuntu.com/ubuntu resolute-security/main amd64 Components [46.6 kB]
2026-09-22T06:00:08.1789234Z Get:22 http://azure.archive.ubuntu.com/ubuntu resolute-security/universe amd64v3 Packages [174 kB]
2026-09-22T06:00:08.1809917Z Get:23 http://azure.archive.ubuntu.com/ubuntu resolute-security/universe Translation-en [54.8 kB]
2026-09-22T06:00:08.1828313Z Get:24 http://azure.archive.ubuntu.com/ubuntu resolute-security/universe amd64 Components [43.4 kB]
2026-09-22T06:00:08.1856016Z Get:25 http://azure.archive.ubuntu.com/ubuntu resolute-security/restricted amd64v3 Packages [418 kB]
2026-09-22T06:00:08.1863551Z Get:26 http://azure.archive.ubuntu.com/ubuntu resolute-security/restricted Translation-en [81.5 kB]
2026-09-22T06:00:08.1881444Z Get:27 http://azure.archive.ubuntu.com/ubuntu resolute-security/multiverse amd64v3 Packages [10.9 kB]
2026-09-22T06:00:08.1893309Z Get:28 http://azure.archive.ubuntu.com/ubuntu resolute-security/multiverse Translation-en [2844 B]
2026-09-22T06:00:14.5772945Z Fetched 3996 kB in 0s (8840 kB/s)
2026-09-22T06:00:15.2765405Z Reading package lists...
2026-09-22T06:00:15.3123145Z Reading package lists...
2026-09-22T06:00:15.4711965Z Building dependency tree...
2026-09-22T06:00:15.4719035Z Reading state information...
2026-09-22T06:00:15.5031545Z bubblewrap is already the newest version (0.11.1-1ubuntu0.1).
2026-09-22T06:00:15.5032055Z bubblewrap set to manually installed.
2026-09-22T06:00:15.5032526Z apparmor is already the newest version (5.0.2-0ubuntu1~26.04.1).
2026-09-22T06:00:15.5032966Z apparmor set to manually installed.
2026-09-22T06:00:15.5033388Z libapparmor1 is already the newest version (5.0.2-0ubuntu1~26.04.1).
2026-09-22T06:00:15.5033843Z libapparmor1 set to manually installed.
2026-09-22T06:00:15.5034254Z libseccomp2 is already the newest version (2.6.0-2ubuntu5).
2026-09-22T06:00:15.5034669Z libseccomp2 set to manually installed.
2026-09-22T06:00:15.5611146Z Solving dependencies...
2026-09-22T06:00:15.6844318Z 0 upgraded, 0 newly installed, 0 to remove and 101 not upgraded.
2026-09-22T06:00:15.7151217Z apparmor	5.0.2-0ubuntu1~26.04.1
2026-09-22T06:00:15.7151777Z bubblewrap	0.11.1-1ubuntu0.1
2026-09-22T06:00:15.7152211Z libapparmor1:amd64	5.0.2-0ubuntu1~26.04.1
2026-09-22T06:00:15.7152565Z libseccomp2:amd64	2.6.0-2ubuntu5
2026-09-22T06:00:15.7424187Z bubblewrap 0.11.1
2026-09-22T06:00:15.7469415Z ##[group]Run uv run --frozen pytest tests/integration
2026-09-22T06:00:15.7470440Z [36;1muv run --frozen pytest tests/integration[0m
2026-09-22T06:00:15.7556918Z shell: /usr/bin/bash -e {0}
2026-09-22T06:00:15.7557360Z env:
2026-09-22T06:00:15.7557824Z   pythonLocation: /opt/hostedtoolcache/Python/3.12.13/x64
2026-09-22T06:00:15.7558601Z   PKG_CONFIG_PATH: /opt/hostedtoolcache/Python/3.12.13/x64/lib/pkgconfig
2026-09-22T06:00:15.7559403Z   Python_ROOT_DIR: /opt/hostedtoolcache/Python/3.12.13/x64
2026-09-22T06:00:15.7560716Z   Python2_ROOT_DIR: /opt/hostedtoolcache/Python/3.12.13/x64
2026-09-22T06:00:15.7561288Z   Python3_ROOT_DIR: /opt/hostedtoolcache/Python/3.12.13/x64
2026-09-22T06:00:15.7561834Z   LD_LIBRARY_PATH: /opt/hostedtoolcache/Python/3.12.13/x64/lib
2026-09-22T06:00:15.7562286Z ##[endgroup]
2026-09-22T06:00:21.7864742Z ============================= test session starts ==============================
2026-09-22T06:00:21.7865752Z platform linux -- Python 3.12.13, pytest-9.1.1, pluggy-1.6.0
2026-09-22T06:00:21.7867087Z rootdir: <CI_HOME>/work/Learning_Workbench/Learning_Workbench
2026-09-22T06:00:21.7868166Z configfile: pyproject.toml
2026-09-22T06:00:21.7868667Z plugins: anyio-4.15.1
2026-09-22T06:00:21.7869121Z collected 956 items
2026-09-22T06:00:21.7869387Z 
2026-09-22T06:00:48.6258115Z tests/integration/test_assessment_attempts.py .......................... [  2%]
2026-09-22T06:00:59.7369824Z ...........                                                              [  3%]
2026-09-22T06:01:24.6799408Z tests/integration/test_assessment_grading.py ....................        [  5%]
2026-09-22T06:01:30.4918037Z tests/integration/test_assessment_independent_review.py .......          [  6%]
2026-09-22T06:01:40.1005373Z tests/integration/test_assessment_learning_port.py ...........           [  7%]
2026-09-22T06:01:57.6894944Z tests/integration/test_assessment_policy.py ...................          [  9%]
2026-09-22T06:02:10.1380240Z tests/integration/test_assessment_review_history.py ........             [ 10%]
2026-09-22T06:02:11.4486677Z tests/integration/test_authoring_actor_control.py ..                     [ 10%]
2026-09-22T06:02:14.2944525Z tests/integration/test_authoring_cancel_policy_recovery.py ..            [ 11%]
2026-09-22T06:02:14.7671258Z tests/integration/test_authoring_context.py ......                       [ 11%]
2026-09-22T06:02:16.3377573Z tests/integration/test_authoring_generation_integrity.py ..              [ 11%]
2026-09-22T06:02:16.8205163Z tests/integration/test_authoring_group_context.py ......                 [ 12%]
2026-09-22T06:02:30.5920561Z tests/integration/test_authoring_group_http.py ...                       [ 12%]
2026-09-22T06:04:31.7800983Z tests/integration/test_authoring_group_numeric_service.py .............. [ 14%]
2026-09-22T06:04:39.8246751Z ....                                                                     [ 14%]
2026-09-22T06:04:58.1159708Z tests/integration/test_authoring_group_numeric_worker.py ......          [ 15%]
2026-09-22T06:05:13.4807689Z tests/integration/test_authoring_group_provider.py .........             [ 16%]
2026-09-22T06:05:24.2443302Z tests/integration/test_authoring_group_recovery.py ...                   [ 16%]
2026-09-22T06:05:29.7018802Z tests/integration/test_authoring_http.py ..                              [ 16%]
2026-09-22T06:05:52.6405234Z tests/integration/test_authoring_numeric_provider_history.py ........... [ 17%]
2026-09-22T06:06:06.4898017Z .......                                                                  [ 18%]
2026-09-22T06:06:08.3935880Z tests/integration/test_authoring_numeric_runtime.py .s.....              [ 19%]
2026-09-22T06:07:02.3155600Z tests/integration/test_authoring_numeric_service.py ...........          [ 20%]
2026-09-22T06:07:07.8001183Z tests/integration/test_authoring_numeric_worker.py ...                   [ 20%]
2026-09-22T06:07:14.9270146Z tests/integration/test_authoring_provider.py ......                      [ 21%]
2026-09-22T06:07:23.9966398Z tests/integration/test_concept_states.py .........                       [ 22%]
2026-09-22T06:07:24.9216300Z tests/integration/test_content_authoring_targets.py .................... [ 24%]
2026-09-22T06:07:26.0624412Z ........................                                                 [ 27%]
2026-09-22T06:07:32.1640403Z tests/integration/test_content_http.py ...........                       [ 28%]
2026-09-22T06:07:33.6440789Z tests/integration/test_content_repository.py ........................... [ 31%]
2026-09-22T06:07:34.0951586Z ........                                                                 [ 31%]
2026-09-22T06:07:45.3181371Z tests/integration/test_content_retrieval.py .....................        [ 34%]
2026-09-22T06:07:58.8438771Z tests/integration/test_document_http.py ..F...                           [ 34%]
2026-09-22T06:08:06.2747771Z tests/integration/test_document_imports.py ......                        [ 35%]
2026-09-22T06:08:07.2893805Z tests/integration/test_draft_candidate_migration.py .................... [ 37%]
2026-09-22T06:08:08.5124253Z ......................                                                   [ 39%]
2026-09-22T06:08:46.6036595Z tests/integration/test_draft_candidate_owners.py ....................... [ 42%]
2026-09-22T06:09:14.7734706Z .................                                                        [ 43%]
2026-09-22T06:09:21.2518058Z tests/integration/test_evidence_independent_review.py ......             [ 44%]
2026-09-22T06:09:25.3624839Z tests/integration/test_grading_queue_isolation.py ..                     [ 44%]
2026-09-22T06:09:41.4631669Z tests/integration/test_import_http.py ...............                    [ 46%]
2026-09-22T06:10:03.7135275Z tests/integration/test_import_repository.py ............................ [ 49%]
2026-09-22T06:10:16.9340555Z ......                                                                   [ 49%]
2026-09-22T06:10:19.8487473Z tests/integration/test_learner_profile.py ....................           [ 51%]
2026-09-22T06:10:20.7715180Z tests/integration/test_learning_action_integrity.py ...                  [ 52%]
2026-09-22T06:10:25.7498021Z tests/integration/test_learning_activity_access.py ......                [ 52%]
2026-09-22T06:10:26.6135378Z tests/integration/test_learning_content_scope.py ...............         [ 54%]
2026-09-22T06:10:28.1666939Z tests/integration/test_learning_course_history.py ..                     [ 54%]
2026-09-22T06:10:46.3537556Z tests/integration/test_learning_evidence.py ................             [ 56%]
2026-09-22T06:10:49.4799696Z tests/integration/test_learning_state_observations.py ...                [ 56%]
2026-09-22T06:10:53.7614081Z tests/integration/test_notes_learning.py ............................... [ 59%]
2026-09-22T06:10:55.9528776Z .................                                                        [ 61%]
2026-09-22T06:11:03.3197602Z tests/integration/test_practice_grading.py .........                     [ 62%]
2026-09-22T06:11:11.1948109Z tests/integration/test_practice_independent_review.py ........           [ 63%]
2026-09-22T06:11:11.8961901Z tests/integration/test_practice_learning_port.py ............            [ 64%]
2026-09-22T06:11:43.6297257Z tests/integration/test_practice_model_help.py ...........                [ 65%]
2026-09-22T06:12:03.3739360Z tests/integration/test_practice_sessions.py ........................     [ 68%]
2026-09-22T06:12:09.6350201Z tests/integration/test_provenance_recovery_integrity.py ......           [ 69%]
2026-09-22T06:12:10.1269071Z tests/integration/test_provider_config.py ........                       [ 69%]
2026-09-22T06:12:10.8141134Z tests/integration/test_provider_consents.py ......                       [ 70%]
2026-09-22T06:12:26.2465459Z tests/integration/test_provider_dispatch.py ..........................   [ 73%]
2026-09-22T06:12:35.5885252Z tests/integration/test_provider_http.py ..............                   [ 74%]
2026-09-22T06:12:36.7919494Z tests/integration/test_provider_lifecycle.py .                           [ 74%]
2026-09-22T06:12:37.0050401Z tests/integration/test_provider_migration.py ..                          [ 75%]
2026-09-22T06:12:39.8535578Z tests/integration/test_provider_proof_admission.py .......               [ 75%]
2026-09-22T06:12:40.0793074Z tests/integration/test_question_qualification.py ....                    [ 76%]
2026-09-22T06:12:40.3058932Z tests/integration/test_reader_directory.py ....                          [ 76%]
2026-09-22T06:12:51.2734830Z tests/integration/test_reader_provenance.py ...........                  [ 77%]
2026-09-22T06:12:52.7759856Z tests/integration/test_recommendation_content_access.py ................ [ 79%]
2026-09-22T06:12:53.4118024Z .......                                                                  [ 80%]
2026-09-22T06:12:55.8216702Z tests/integration/test_recommendation_http.py ..                         [ 80%]
2026-09-22T06:13:11.4540890Z tests/integration/test_recommendation_source_ports.py ..............     [ 81%]
2026-09-22T06:13:13.8433519Z tests/integration/test_recommendation_worker_readiness.py ..........     [ 82%]
2026-09-22T06:13:52.8497922Z tests/integration/test_recommendations.py .............................  [ 85%]
2026-09-22T06:15:05.1052390Z tests/integration/test_retrieval.py .........................            [ 88%]
2026-09-22T06:15:07.9394895Z tests/integration/test_retrieval_integrity.py ............               [ 89%]
2026-09-22T06:15:08.0574358Z tests/integration/test_retrieval_migration.py ..                         [ 89%]
2026-09-22T06:15:08.5864892Z tests/integration/test_route_completion_sources.py ........              [ 90%]
2026-09-22T06:15:11.3302701Z tests/integration/test_routes_commands.py .............                  [ 92%]
2026-09-22T06:15:17.9774115Z tests/integration/test_tutor_context.py ............                     [ 93%]
2026-09-22T06:15:24.9430891Z tests/integration/test_tutor_http.py ......                              [ 94%]
2026-09-22T06:15:33.5105551Z tests/integration/test_tutor_jobs_http.py ..........                     [ 95%]
2026-09-22T06:15:33.6503183Z tests/integration/test_tutor_replay_integrity.py ..                      [ 95%]
2026-09-22T06:15:53.6792355Z tests/integration/test_tutor_runs.py ....................                [ 97%]
2026-09-22T06:15:55.1646138Z tests/integration/test_tutor_worker_fairness.py ....                     [ 97%]
2026-09-22T06:16:03.9134896Z tests/integration/test_workbench_assessment_policy.py ......             [ 98%]
2026-09-22T06:16:11.0500688Z tests/integration/test_workbench_persistence.py ...............          [100%]
2026-09-22T06:16:11.0503321Z 
2026-09-22T06:16:11.0503743Z =================================== FAILURES ===================================
2026-09-22T06:16:11.0505067Z _ test_failed_documents_report_safe_failure_and_retain_exact_original_without_formal_content[pdf-pdf_scan_fixture-True] _
2026-09-22T06:16:11.0505927Z 
2026-09-22T06:16:11.0506389Z tmp_path = PosixPath('/tmp/pytest-of-runner/pytest-0/test_failed_documents_report_s0')
2026-09-22T06:16:11.0507064Z kind = 'pdf', factory = <function pdf_scan_fixture at 0x71203a08c9a0>
2026-09-22T06:16:11.0507519Z scan = True
2026-09-22T06:16:11.0507669Z 
2026-09-22T06:16:11.0507846Z     @pytest.mark.parametrize('kind,factory,scan', [
2026-09-22T06:16:11.0508346Z         ('pdf', pdf_scan_fixture, True), ('pdf', pdf_malformed_fixture, False),
2026-09-22T06:16:11.0508944Z         ('pdf', pdf_encrypted_fixture, False), ('docx', docx_malformed_fixture, False),
2026-09-22T06:16:11.0509409Z     ])
2026-09-22T06:16:11.0510272Z     def test_failed_documents_report_safe_failure_and_retain_exact_original_without_formal_content(tmp_path, kind, factory, scan):
2026-09-22T06:16:11.0511080Z         settings = Settings(data_dir=tmp_path / 'data')
2026-09-22T06:16:11.0511452Z         original = factory()
2026-09-22T06:16:11.0511791Z         with application_client(settings) as (app, client):
2026-09-22T06:16:11.0512295Z             staged, preview = staged_document(client, settings, original, kind)
2026-09-22T06:16:11.0513159Z             assert preview['status'] == 'failed', preview
2026-09-22T06:16:11.0513564Z             assert preview['preview_refs'] == []
2026-09-22T06:16:11.0514015Z             denied = confirm(client, settings, preview, acknowledge=True)
2026-09-22T06:16:11.0514580Z             assert denied.status_code == (403 if kind == 'docx' else 409), denied.text
2026-09-22T06:16:11.0515140Z             job = client.get('/api/v1/jobs/' + staged['job']['id']).json()
2026-09-22T06:16:11.0515647Z             assert job['status'] == 'failed' and job['result_refs'] == []
2026-09-22T06:16:11.0516125Z >           assert job['error']['code'] != 'IMPORT_PARSE_FAILED', job
2026-09-22T06:16:11.0516902Z E           AssertionError: {'id': 'job_59b5db4cb14940c7b6de8f3b41b48de9', 'workspace_id': 'workspace_132fe446256140bf8ef986a143742d15', 'kind': 'import', 'status': 'failed', ...}
2026-09-22T06:16:11.0517674Z E           assert 'IMPORT_PARSE_FAILED' != 'IMPORT_PARSE_FAILED'
2026-09-22T06:16:11.0517918Z 
2026-09-22T06:16:11.0518091Z tests/integration/test_document_http.py:169: AssertionError
2026-09-22T06:16:11.0518483Z =============================== warnings summary ===============================
2026-09-22T06:16:11.0519057Z .venv/lib/python3.12/site-packages/fastapi/testclient.py:1
2026-09-22T06:16:11.0520361Z   <CI_HOME>/work/Learning_Workbench/Learning_Workbench/.venv/lib/python3.12/site-packages/fastapi/testclient.py:1: StarletteDeprecationWarning: Using `httpx` with `starlette.testclient` is deprecated; install `httpx2` instead.
2026-09-22T06:16:11.0521423Z     from starlette.testclient import TestClient as TestClient  # noqa
2026-09-22T06:16:11.0521698Z 
2026-09-22T06:16:11.0521865Z .venv/lib/python3.12/site-packages/starlette/testclient.py:53
2026-09-22T06:16:11.0522874Z   <CI_HOME>/work/Learning_Workbench/Learning_Workbench/.venv/lib/python3.12/site-packages/starlette/testclient.py:53: DeprecationWarning: The anyio.abc.BlockingPortal alias is deprecated, use anyio.from_thread.BlockingPortal instead.
2026-09-22T06:16:11.0523969Z     _PortalFactoryType = Callable[[], AbstractContextManager[anyio.abc.BlockingPortal]]
2026-09-22T06:16:11.0524329Z 
2026-09-22T06:16:11.0524544Z -- Docs: https://docs.pytest.org/en/stable/how-to/capture-warnings.html
2026-09-22T06:16:11.0524994Z =========================== short test summary info ============================
2026-09-22T06:16:11.0525739Z SKIPPED [1] tests/integration/test_authoring_numeric_runtime.py:46: BLOCKED_ENVIRONMENT: real sealed runtime did not execute the calculator; original FAIL retained
2026-09-22T06:16:11.0527415Z FAILED tests/integration/test_document_http.py::test_failed_documents_report_safe_failure_and_retain_exact_original_without_formal_content[pdf-pdf_scan_fixture-True] - AssertionError: {'id': 'job_59b5db4cb14940c7b6de8f3b41b48de9', 'workspace_id': 'workspace_132fe446256140bf8ef986a143742d15', 'kind': 'import', 'status': 'failed', ...}
2026-09-22T06:16:11.0528703Z assert 'IMPORT_PARSE_FAILED' != 'IMPORT_PARSE_FAILED'
2026-09-22T06:16:11.0529113Z ======= 1 failed, 954 passed, 1 skipped, 2 warnings in 954.15s (0:15:54) =======
2026-09-22T06:16:11.4255316Z ##[error]Process completed with exit code 1.
2026-09-22T06:16:11.4391804Z Post job cleanup.
2026-09-22T06:16:11.5239512Z [command]/usr/bin/git version
2026-09-22T06:16:11.5291694Z git version 2.55.0
2026-09-22T06:16:11.5341873Z Temporarily overriding HOME='<CI_HOME>/work/_temp/77da77cf-da41-4a3f-b64e-ccc6f7282589' before making global git config changes
2026-09-22T06:16:11.5342809Z Adding repository directory to the temporary git global config as a safe directory
2026-09-22T06:16:11.5347558Z [command]/usr/bin/git config --global --add safe.directory <CI_HOME>/work/Learning_Workbench/Learning_Workbench
2026-09-22T06:16:11.5394033Z Removing SSH command configuration
2026-09-22T06:16:11.5411367Z [command]/usr/bin/git config --local --name-only --get-regexp core\.sshCommand
2026-09-22T06:16:11.5446096Z [command]/usr/bin/git submodule foreach --recursive sh -c "git config --local --name-only --get-regexp 'core\.sshCommand' && git config --local --unset-all 'core.sshCommand' || :"
2026-09-22T06:16:11.5770510Z Removing HTTP extra header
2026-09-22T06:16:11.5779647Z [command]/usr/bin/git config --local --name-only --get-regexp http\.https\:\/\/github\.com\/\.extraheader
2026-09-22T06:16:11.5828839Z [command]/usr/bin/git submodule foreach --recursive sh -c "git config --local --name-only --get-regexp 'http\.https\:\/\/github\.com\/\.extraheader' && git config --local --unset-all 'http.https://github.com/.extraheader' || :"
2026-09-22T06:16:11.6158634Z Removing includeIf entries pointing to credentials config files
2026-09-22T06:16:11.6166209Z [command]/usr/bin/git config --local --name-only --get-regexp ^includeIf\.gitdir:
2026-09-22T06:16:11.6197656Z includeif.gitdir:<CI_HOME>/work/Learning_Workbench/Learning_Workbench/.git.path
2026-09-22T06:16:11.6198899Z includeif.gitdir:<CI_HOME>/work/Learning_Workbench/Learning_Workbench/.git/worktrees/*.path
2026-09-22T06:16:11.6199894Z includeif.gitdir:/github/workspace/.git.path
2026-09-22T06:16:11.6201066Z includeif.gitdir:/github/workspace/.git/worktrees/*.path
2026-09-22T06:16:11.6207265Z [command]/usr/bin/git config --local --get-all includeif.gitdir:<CI_HOME>/work/Learning_Workbench/Learning_Workbench/.git.path
2026-09-22T06:16:11.6233673Z <CI_HOME>/work/_temp/git-credentials-dce585b6-a7a6-4ad8-bda8-eeb3c28e5bf5.config
2026-09-22T06:16:11.6246331Z [command]/usr/bin/git config --local --unset includeif.gitdir:<CI_HOME>/work/Learning_Workbench/Learning_Workbench/.git.path \/home\/runner\/work\/_temp\/git\-credentials\-dce585b6\-a7a6\-4ad8\-bda8\-eeb3c28e5bf5\.config
2026-09-22T06:16:11.6288664Z [command]/usr/bin/git config --local --get-all includeif.gitdir:<CI_HOME>/work/Learning_Workbench/Learning_Workbench/.git/worktrees/*.path
2026-09-22T06:16:11.6316553Z <CI_HOME>/work/_temp/git-credentials-dce585b6-a7a6-4ad8-bda8-eeb3c28e5bf5.config
2026-09-22T06:16:11.6327391Z [command]/usr/bin/git config --local --unset includeif.gitdir:<CI_HOME>/work/Learning_Workbench/Learning_Workbench/.git/worktrees/*.path \/home\/runner\/work\/_temp\/git\-credentials\-dce585b6\-a7a6\-4ad8\-bda8\-eeb3c28e5bf5\.config
2026-09-22T06:16:11.6371302Z [command]/usr/bin/git config --local --get-all includeif.gitdir:/github/workspace/.git.path
2026-09-22T06:16:11.6397627Z /github/runner_temp/git-credentials-dce585b6-a7a6-4ad8-bda8-eeb3c28e5bf5.config
2026-09-22T06:16:11.6411601Z [command]/usr/bin/git config --local --unset includeif.gitdir:/github/workspace/.git.path \/github\/runner_temp\/git\-credentials\-dce585b6\-a7a6\-4ad8\-bda8\-eeb3c28e5bf5\.config
2026-09-22T06:16:11.6444531Z [command]/usr/bin/git config --local --get-all includeif.gitdir:/github/workspace/.git/worktrees/*.path
2026-09-22T06:16:11.6471942Z /github/runner_temp/git-credentials-dce585b6-a7a6-4ad8-bda8-eeb3c28e5bf5.config
2026-09-22T06:16:11.6480630Z [command]/usr/bin/git config --local --unset includeif.gitdir:/github/workspace/.git/worktrees/*.path \/github\/runner_temp\/git\-credentials\-dce585b6\-a7a6\-4ad8\-bda8\-eeb3c28e5bf5\.config
2026-09-22T06:16:11.6519719Z [command]/usr/bin/git submodule foreach --recursive git config --local --show-origin --name-only --get-regexp remote.origin.url
2026-09-22T06:16:11.6827598Z Removing credentials config '<CI_HOME>/work/_temp/git-credentials-dce585b6-a7a6-4ad8-bda8-eeb3c28e5bf5.config'
2026-09-22T06:16:11.6983509Z Cleaning up orphan processes
