integration	Set up job	﻿2026-10-04T00:41:00.1911217Z Current runner version: '2.337.0'
integration	Set up job	2026-10-04T00:41:00.1932009Z ##[group]Runner Image Provisioner
integration	Set up job	2026-10-04T00:41:00.1932705Z Hosted Compute Agent
integration	Set up job	2026-10-04T00:41:00.1933064Z Version: 20260901.588
integration	Set up job	2026-10-04T00:41:00.1933444Z Commit: f88ec8081b781fac6c440065ac7ff9e710ce3d0b
integration	Set up job	2026-10-04T00:41:00.1933897Z Build Date: 2026-09-01T19:56:44Z
integration	Set up job	2026-10-04T00:41:00.1934291Z Worker ID: {033d1de3-0655-4b80-a3a6-71c57d1c7035}
integration	Set up job	2026-10-04T00:41:00.1934687Z Azure Region: westus2
integration	Set up job	2026-10-04T00:41:00.1935093Z ##[endgroup]
integration	Set up job	2026-10-04T00:41:00.1935913Z ##[group]Operating System
integration	Set up job	2026-10-04T00:41:00.1936305Z Ubuntu
integration	Set up job	2026-10-04T00:41:00.1936615Z 26.04.1
integration	Set up job	2026-10-04T00:41:00.1936940Z LTS
integration	Set up job	2026-10-04T00:41:00.1937308Z ##[endgroup]
integration	Set up job	2026-10-04T00:41:00.1937633Z ##[group]Runner Image
integration	Set up job	2026-10-04T00:41:00.1938018Z Image: ubuntu-26.04
integration	Set up job	2026-10-04T00:41:00.1938356Z Version: 20260927.149.1
integration	Set up job	2026-10-04T00:41:00.1938987Z Included Software: https://github.com/actions/runner-images/blob/ubuntu26/20260927.149/images/ubuntu/Ubuntu2604-Readme.md
integration	Set up job	2026-10-04T00:41:00.1940030Z Image Release: https://github.com/actions/runner-images/releases/tag/ubuntu26%2F20260927.149
integration	Set up job	2026-10-04T00:41:00.1940594Z ##[endgroup]
integration	Set up job	2026-10-04T00:41:00.1941249Z ##[group]GITHUB_TOKEN Permissions
integration	Set up job	2026-10-04T00:41:00.1942933Z Contents: read
integration	Set up job	2026-10-04T00:41:00.1943283Z Metadata: read
integration	Set up job	2026-10-04T00:41:00.1943609Z ##[endgroup]
integration	Set up job	2026-10-04T00:41:00.1945101Z Secret source: Actions
integration	Set up job	2026-10-04T00:41:00.1945659Z Cache mode: write
integration	Set up job	2026-10-04T00:41:00.1946130Z Prepare workflow directory
integration	Set up job	2026-10-04T00:41:00.2170303Z Prepare all required actions
integration	Set up job	2026-10-04T00:41:00.2204581Z Getting action download info
integration	Set up job	2026-10-04T00:41:00.5232218Z Download action repository 'actions/checkout@3d3c42e5aac5ba805825da76410c181273ba90b1' (SHA:3d3c42e5aac5ba805825da76410c181273ba90b1)
integration	Set up job	2026-10-04T00:41:00.6070852Z Download action repository 'actions/setup-python@5fda3b95a4ea91299a34e894583c3862153e4b97' (SHA:5fda3b95a4ea91299a34e894583c3862153e4b97)
integration	Set up job	2026-10-04T00:41:00.7746833Z Complete job name: integration
integration	Run actions/checkout@3d3c42e5aac5ba805825da76410c181273ba90b1	﻿2026-10-04T00:41:00.8218180Z ##[group]Run actions/checkout@3d3c42e5aac5ba805825da76410c181273ba90b1
integration	Run actions/checkout@3d3c42e5aac5ba805825da76410c181273ba90b1	2026-10-04T00:41:00.8218743Z with:
integration	Run actions/checkout@3d3c42e5aac5ba805825da76410c181273ba90b1	2026-10-04T00:41:00.8218995Z   repository: kl3574/Learning_Workbench
integration	Run actions/checkout@3d3c42e5aac5ba805825da76410c181273ba90b1	2026-10-04T00:41:00.8221350Z   token: ***
integration	Run actions/checkout@3d3c42e5aac5ba805825da76410c181273ba90b1	2026-10-04T00:41:00.8221724Z   ssh-strict: true
integration	Run actions/checkout@3d3c42e5aac5ba805825da76410c181273ba90b1	2026-10-04T00:41:00.8221985Z   ssh-user: git
integration	Run actions/checkout@3d3c42e5aac5ba805825da76410c181273ba90b1	2026-10-04T00:41:00.8222241Z   persist-credentials: true
integration	Run actions/checkout@3d3c42e5aac5ba805825da76410c181273ba90b1	2026-10-04T00:41:00.8222530Z   clean: true
integration	Run actions/checkout@3d3c42e5aac5ba805825da76410c181273ba90b1	2026-10-04T00:41:00.8222788Z   sparse-checkout-cone-mode: true
integration	Run actions/checkout@3d3c42e5aac5ba805825da76410c181273ba90b1	2026-10-04T00:41:00.8223084Z   fetch-depth: 1
integration	Run actions/checkout@3d3c42e5aac5ba805825da76410c181273ba90b1	2026-10-04T00:41:00.8223328Z   fetch-tags: false
integration	Run actions/checkout@3d3c42e5aac5ba805825da76410c181273ba90b1	2026-10-04T00:41:00.8223581Z   show-progress: true
integration	Run actions/checkout@3d3c42e5aac5ba805825da76410c181273ba90b1	2026-10-04T00:41:00.8223833Z   lfs: false
integration	Run actions/checkout@3d3c42e5aac5ba805825da76410c181273ba90b1	2026-10-04T00:41:00.8224064Z   submodules: false
integration	Run actions/checkout@3d3c42e5aac5ba805825da76410c181273ba90b1	2026-10-04T00:41:00.8224316Z   set-safe-directory: true
integration	Run actions/checkout@3d3c42e5aac5ba805825da76410c181273ba90b1	2026-10-04T00:41:00.8224598Z   allow-unsafe-pr-checkout: false
integration	Run actions/checkout@3d3c42e5aac5ba805825da76410c181273ba90b1	2026-10-04T00:41:00.8224973Z ##[endgroup]
integration	Run actions/checkout@3d3c42e5aac5ba805825da76410c181273ba90b1	2026-10-04T00:41:00.8947193Z Syncing repository: kl3574/Learning_Workbench
integration	Run actions/checkout@3d3c42e5aac5ba805825da76410c181273ba90b1	2026-10-04T00:41:00.8948830Z ##[group]Getting Git version info
integration	Run actions/checkout@3d3c42e5aac5ba805825da76410c181273ba90b1	2026-10-04T00:41:00.8949674Z Working directory is '$RUNNER_HOME/work/Learning_Workbench/Learning_Workbench'
integration	Run actions/checkout@3d3c42e5aac5ba805825da76410c181273ba90b1	2026-10-04T00:41:00.8950695Z [command]/usr/bin/git version
integration	Run actions/checkout@3d3c42e5aac5ba805825da76410c181273ba90b1	2026-10-04T00:41:00.8951121Z git version 2.55.0
integration	Run actions/checkout@3d3c42e5aac5ba805825da76410c181273ba90b1	2026-10-04T00:41:00.8959490Z ##[endgroup]
integration	Run actions/checkout@3d3c42e5aac5ba805825da76410c181273ba90b1	2026-10-04T00:41:00.8967362Z Temporarily overriding HOME='$RUNNER_HOME/work/_temp/35f1e789-040f-46a8-8da2-7c58752e32bd' before making global git config changes
integration	Run actions/checkout@3d3c42e5aac5ba805825da76410c181273ba90b1	2026-10-04T00:41:00.8968912Z Adding repository directory to the temporary git global config as a safe directory
integration	Run actions/checkout@3d3c42e5aac5ba805825da76410c181273ba90b1	2026-10-04T00:41:00.8971152Z [command]/usr/bin/git config --global --add safe.directory $RUNNER_HOME/work/Learning_Workbench/Learning_Workbench
integration	Run actions/checkout@3d3c42e5aac5ba805825da76410c181273ba90b1	2026-10-04T00:41:00.9032341Z Deleting the contents of '$RUNNER_HOME/work/Learning_Workbench/Learning_Workbench'
integration	Run actions/checkout@3d3c42e5aac5ba805825da76410c181273ba90b1	2026-10-04T00:41:00.9034315Z ##[group]Determining repository object format
integration	Run actions/checkout@3d3c42e5aac5ba805825da76410c181273ba90b1	2026-10-04T00:41:00.9035379Z ##[endgroup]
integration	Run actions/checkout@3d3c42e5aac5ba805825da76410c181273ba90b1	2026-10-04T00:41:00.9035988Z ##[group]Initializing the repository
integration	Run actions/checkout@3d3c42e5aac5ba805825da76410c181273ba90b1	2026-10-04T00:41:00.9038184Z [command]/usr/bin/git init $RUNNER_HOME/work/Learning_Workbench/Learning_Workbench
integration	Run actions/checkout@3d3c42e5aac5ba805825da76410c181273ba90b1	2026-10-04T00:41:00.9153243Z hint: Using 'master' as the name for the initial branch. This default branch name
integration	Run actions/checkout@3d3c42e5aac5ba805825da76410c181273ba90b1	2026-10-04T00:41:00.9154675Z hint: will change to "main" in Git 3.0. To configure the initial branch name
integration	Run actions/checkout@3d3c42e5aac5ba805825da76410c181273ba90b1	2026-10-04T00:41:00.9155463Z hint: to use in all of your new repositories, which will suppress this warning,
integration	Run actions/checkout@3d3c42e5aac5ba805825da76410c181273ba90b1	2026-10-04T00:41:00.9156070Z hint: call:
integration	Run actions/checkout@3d3c42e5aac5ba805825da76410c181273ba90b1	2026-10-04T00:41:00.9156395Z hint:
integration	Run actions/checkout@3d3c42e5aac5ba805825da76410c181273ba90b1	2026-10-04T00:41:00.9156752Z hint: 	git config --global init.defaultBranch <name>
integration	Run actions/checkout@3d3c42e5aac5ba805825da76410c181273ba90b1	2026-10-04T00:41:00.9157086Z hint:
integration	Run actions/checkout@3d3c42e5aac5ba805825da76410c181273ba90b1	2026-10-04T00:41:00.9157398Z hint: Names commonly chosen instead of 'master' are 'main', 'trunk' and
integration	Run actions/checkout@3d3c42e5aac5ba805825da76410c181273ba90b1	2026-10-04T00:41:00.9158004Z hint: 'development'. The just-created branch can be renamed via this command:
integration	Run actions/checkout@3d3c42e5aac5ba805825da76410c181273ba90b1	2026-10-04T00:41:00.9158606Z hint:
integration	Run actions/checkout@3d3c42e5aac5ba805825da76410c181273ba90b1	2026-10-04T00:41:00.9158851Z hint: 	git branch -m <name>
integration	Run actions/checkout@3d3c42e5aac5ba805825da76410c181273ba90b1	2026-10-04T00:41:00.9159113Z hint:
integration	Run actions/checkout@3d3c42e5aac5ba805825da76410c181273ba90b1	2026-10-04T00:41:00.9159447Z hint: Disable this message with "git config set advice.defaultBranchName false"
integration	Run actions/checkout@3d3c42e5aac5ba805825da76410c181273ba90b1	2026-10-04T00:41:00.9160084Z Initialized empty Git repository in $RUNNER_HOME/work/Learning_Workbench/Learning_Workbench/.git/
integration	Run actions/checkout@3d3c42e5aac5ba805825da76410c181273ba90b1	2026-10-04T00:41:00.9161204Z [command]/usr/bin/git remote add origin https://github.com/kl3574/Learning_Workbench
integration	Run actions/checkout@3d3c42e5aac5ba805825da76410c181273ba90b1	2026-10-04T00:41:00.9205238Z ##[endgroup]
integration	Run actions/checkout@3d3c42e5aac5ba805825da76410c181273ba90b1	2026-10-04T00:41:00.9205985Z ##[group]Disabling automatic garbage collection
integration	Run actions/checkout@3d3c42e5aac5ba805825da76410c181273ba90b1	2026-10-04T00:41:00.9207271Z [command]/usr/bin/git config --local gc.auto 0
integration	Run actions/checkout@3d3c42e5aac5ba805825da76410c181273ba90b1	2026-10-04T00:41:00.9239449Z ##[endgroup]
integration	Run actions/checkout@3d3c42e5aac5ba805825da76410c181273ba90b1	2026-10-04T00:41:00.9240106Z ##[group]Setting up auth
integration	Run actions/checkout@3d3c42e5aac5ba805825da76410c181273ba90b1	2026-10-04T00:41:00.9240617Z Removing SSH command configuration
integration	Run actions/checkout@3d3c42e5aac5ba805825da76410c181273ba90b1	2026-10-04T00:41:00.9252732Z [command]/usr/bin/git config --local --name-only --get-regexp core\.sshCommand
integration	Run actions/checkout@3d3c42e5aac5ba805825da76410c181273ba90b1	2026-10-04T00:41:00.9279631Z [command]/usr/bin/git submodule foreach --recursive sh -c "git config --local --name-only --get-regexp 'core\.sshCommand' && git config --local --unset-all 'core.sshCommand' || :"
integration	Run actions/checkout@3d3c42e5aac5ba805825da76410c181273ba90b1	2026-10-04T00:41:00.9644540Z Removing HTTP extra header
integration	Run actions/checkout@3d3c42e5aac5ba805825da76410c181273ba90b1	2026-10-04T00:41:00.9648829Z [command]/usr/bin/git config --local --name-only --get-regexp http\.https\:\/\/github\.com\/\.extraheader
integration	Run actions/checkout@3d3c42e5aac5ba805825da76410c181273ba90b1	2026-10-04T00:41:00.9675549Z [command]/usr/bin/git submodule foreach --recursive sh -c "git config --local --name-only --get-regexp 'http\.https\:\/\/github\.com\/\.extraheader' && git config --local --unset-all 'http.https://github.com/.extraheader' || :"
integration	Run actions/checkout@3d3c42e5aac5ba805825da76410c181273ba90b1	2026-10-04T00:41:00.9888591Z Removing includeIf entries pointing to credentials config files
integration	Run actions/checkout@3d3c42e5aac5ba805825da76410c181273ba90b1	2026-10-04T00:41:00.9892113Z [command]/usr/bin/git config --local --name-only --get-regexp ^includeIf\.gitdir:
integration	Run actions/checkout@3d3c42e5aac5ba805825da76410c181273ba90b1	2026-10-04T00:41:00.9918334Z [command]/usr/bin/git submodule foreach --recursive git config --local --show-origin --name-only --get-regexp remote.origin.url
integration	Run actions/checkout@3d3c42e5aac5ba805825da76410c181273ba90b1	2026-10-04T00:41:01.0130536Z [command]/usr/bin/git config --file $RUNNER_HOME/work/_temp/git-credentials-b4175c8d-3571-4dcb-8532-7594d2bc7b79.config http.https://github.com/.extraheader AUTHORIZATION: basic ***
integration	Run actions/checkout@3d3c42e5aac5ba805825da76410c181273ba90b1	2026-10-04T00:41:01.0161000Z [command]/usr/bin/git config --local includeIf.gitdir:$RUNNER_HOME/work/Learning_Workbench/Learning_Workbench/.git.path $RUNNER_HOME/work/_temp/git-credentials-b4175c8d-3571-4dcb-8532-7594d2bc7b79.config
integration	Run actions/checkout@3d3c42e5aac5ba805825da76410c181273ba90b1	2026-10-04T00:41:01.0212694Z [command]/usr/bin/git config --local includeIf.gitdir:$RUNNER_HOME/work/Learning_Workbench/Learning_Workbench/.git/worktrees/*.path $RUNNER_HOME/work/_temp/git-credentials-b4175c8d-3571-4dcb-8532-7594d2bc7b79.config
integration	Run actions/checkout@3d3c42e5aac5ba805825da76410c181273ba90b1	2026-10-04T00:41:01.0241945Z [command]/usr/bin/git config --local includeIf.gitdir:/github/workspace/.git.path /github/runner_temp/git-credentials-b4175c8d-3571-4dcb-8532-7594d2bc7b79.config
integration	Run actions/checkout@3d3c42e5aac5ba805825da76410c181273ba90b1	2026-10-04T00:41:01.0267695Z [command]/usr/bin/git config --local includeIf.gitdir:/github/workspace/.git/worktrees/*.path /github/runner_temp/git-credentials-b4175c8d-3571-4dcb-8532-7594d2bc7b79.config
integration	Run actions/checkout@3d3c42e5aac5ba805825da76410c181273ba90b1	2026-10-04T00:41:01.0290534Z ##[endgroup]
integration	Run actions/checkout@3d3c42e5aac5ba805825da76410c181273ba90b1	2026-10-04T00:41:01.0290990Z ##[group]Fetching the repository
integration	Run actions/checkout@3d3c42e5aac5ba805825da76410c181273ba90b1	2026-10-04T00:41:01.0295389Z [command]/usr/bin/git -c protocol.version=2 fetch --no-tags --prune --no-recurse-submodules --depth=1 origin +339d5a61f9be9a8306b1a6851286c765c6aeb21e:refs/remotes/pull/56/merge
integration	Run actions/checkout@3d3c42e5aac5ba805825da76410c181273ba90b1	2026-10-04T00:41:06.9988679Z From https://github.com/kl3574/Learning_Workbench
integration	Run actions/checkout@3d3c42e5aac5ba805825da76410c181273ba90b1	2026-10-04T00:41:06.9990141Z  * [new ref]           339d5a61f9be9a8306b1a6851286c765c6aeb21e -> pull/56/merge
integration	Run actions/checkout@3d3c42e5aac5ba805825da76410c181273ba90b1	2026-10-04T00:41:06.9994713Z ##[endgroup]
integration	Run actions/checkout@3d3c42e5aac5ba805825da76410c181273ba90b1	2026-10-04T00:41:06.9995868Z ##[group]Determining the checkout info
integration	Run actions/checkout@3d3c42e5aac5ba805825da76410c181273ba90b1	2026-10-04T00:41:06.9997137Z ##[endgroup]
integration	Run actions/checkout@3d3c42e5aac5ba805825da76410c181273ba90b1	2026-10-04T00:41:06.9997925Z [command]/usr/bin/git sparse-checkout disable
integration	Run actions/checkout@3d3c42e5aac5ba805825da76410c181273ba90b1	2026-10-04T00:41:07.0044798Z [command]/usr/bin/git config --local --unset-all extensions.worktreeConfig
integration	Run actions/checkout@3d3c42e5aac5ba805825da76410c181273ba90b1	2026-10-04T00:41:07.0073543Z ##[group]Checking out the ref
integration	Run actions/checkout@3d3c42e5aac5ba805825da76410c181273ba90b1	2026-10-04T00:41:07.0075834Z [command]/usr/bin/git checkout --progress --force refs/remotes/pull/56/merge
integration	Run actions/checkout@3d3c42e5aac5ba805825da76410c181273ba90b1	2026-10-04T00:41:08.0292926Z Updating files:  74% (13685/18368)
integration	Run actions/checkout@3d3c42e5aac5ba805825da76410c181273ba90b1	2026-10-04T00:41:08.0416086Z Updating files:  75% (13776/18368)
integration	Run actions/checkout@3d3c42e5aac5ba805825da76410c181273ba90b1	2026-10-04T00:41:08.0552813Z Updating files:  76% (13960/18368)
integration	Run actions/checkout@3d3c42e5aac5ba805825da76410c181273ba90b1	2026-10-04T00:41:08.3118478Z Updating files:  77% (14144/18368)
integration	Run actions/checkout@3d3c42e5aac5ba805825da76410c181273ba90b1	2026-10-04T00:41:08.3207819Z Updating files:  78% (14328/18368)
integration	Run actions/checkout@3d3c42e5aac5ba805825da76410c181273ba90b1	2026-10-04T00:41:08.3278445Z Updating files:  79% (14511/18368)
integration	Run actions/checkout@3d3c42e5aac5ba805825da76410c181273ba90b1	2026-10-04T00:41:08.3413718Z Updating files:  80% (14695/18368)
integration	Run actions/checkout@3d3c42e5aac5ba805825da76410c181273ba90b1	2026-10-04T00:41:08.3542911Z Updating files:  81% (14879/18368)
integration	Run actions/checkout@3d3c42e5aac5ba805825da76410c181273ba90b1	2026-10-04T00:41:08.3657373Z Updating files:  82% (15062/18368)
integration	Run actions/checkout@3d3c42e5aac5ba805825da76410c181273ba90b1	2026-10-04T00:41:08.4105899Z Updating files:  83% (15246/18368)
integration	Run actions/checkout@3d3c42e5aac5ba805825da76410c181273ba90b1	2026-10-04T00:41:08.4421220Z Updating files:  84% (15430/18368)
integration	Run actions/checkout@3d3c42e5aac5ba805825da76410c181273ba90b1	2026-10-04T00:41:08.4630393Z Updating files:  85% (15613/18368)
integration	Run actions/checkout@3d3c42e5aac5ba805825da76410c181273ba90b1	2026-10-04T00:41:08.5020801Z Updating files:  86% (15797/18368)
integration	Run actions/checkout@3d3c42e5aac5ba805825da76410c181273ba90b1	2026-10-04T00:41:08.5477355Z Updating files:  87% (15981/18368)
integration	Run actions/checkout@3d3c42e5aac5ba805825da76410c181273ba90b1	2026-10-04T00:41:08.5587509Z Updating files:  88% (16164/18368)
integration	Run actions/checkout@3d3c42e5aac5ba805825da76410c181273ba90b1	2026-10-04T00:41:08.5690963Z Updating files:  89% (16348/18368)
integration	Run actions/checkout@3d3c42e5aac5ba805825da76410c181273ba90b1	2026-10-04T00:41:08.6389558Z Updating files:  90% (16532/18368)
integration	Run actions/checkout@3d3c42e5aac5ba805825da76410c181273ba90b1	2026-10-04T00:41:08.6538150Z Updating files:  91% (16715/18368)
integration	Run actions/checkout@3d3c42e5aac5ba805825da76410c181273ba90b1	2026-10-04T00:41:08.6645850Z Updating files:  92% (16899/18368)
integration	Run actions/checkout@3d3c42e5aac5ba805825da76410c181273ba90b1	2026-10-04T00:41:08.6758512Z Updating files:  93% (17083/18368)
integration	Run actions/checkout@3d3c42e5aac5ba805825da76410c181273ba90b1	2026-10-04T00:41:08.6908526Z Updating files:  94% (17266/18368)
integration	Run actions/checkout@3d3c42e5aac5ba805825da76410c181273ba90b1	2026-10-04T00:41:08.6998236Z Updating files:  95% (17450/18368)
integration	Run actions/checkout@3d3c42e5aac5ba805825da76410c181273ba90b1	2026-10-04T00:41:08.7098325Z Updating files:  96% (17634/18368)
integration	Run actions/checkout@3d3c42e5aac5ba805825da76410c181273ba90b1	2026-10-04T00:41:08.7195249Z Updating files:  97% (17817/18368)
integration	Run actions/checkout@3d3c42e5aac5ba805825da76410c181273ba90b1	2026-10-04T00:41:08.7270583Z Updating files:  98% (18001/18368)
integration	Run actions/checkout@3d3c42e5aac5ba805825da76410c181273ba90b1	2026-10-04T00:41:08.7366343Z Updating files:  99% (18185/18368)
integration	Run actions/checkout@3d3c42e5aac5ba805825da76410c181273ba90b1	2026-10-04T00:41:08.7366782Z Updating files: 100% (18368/18368)
integration	Run actions/checkout@3d3c42e5aac5ba805825da76410c181273ba90b1	2026-10-04T00:41:08.7366940Z Updating files: 100% (18368/18368), done.
integration	Run actions/checkout@3d3c42e5aac5ba805825da76410c181273ba90b1	2026-10-04T00:41:08.7595399Z Note: switching to 'refs/remotes/pull/56/merge'.
integration	Run actions/checkout@3d3c42e5aac5ba805825da76410c181273ba90b1	2026-10-04T00:41:08.7596006Z 
integration	Run actions/checkout@3d3c42e5aac5ba805825da76410c181273ba90b1	2026-10-04T00:41:08.7596417Z You are in 'detached HEAD' state. You can look around, make experimental
integration	Run actions/checkout@3d3c42e5aac5ba805825da76410c181273ba90b1	2026-10-04T00:41:08.7596964Z changes and commit them, and you can discard any commits you make in this
integration	Run actions/checkout@3d3c42e5aac5ba805825da76410c181273ba90b1	2026-10-04T00:41:08.7597488Z state without impacting any branches by switching back to a branch.
integration	Run actions/checkout@3d3c42e5aac5ba805825da76410c181273ba90b1	2026-10-04T00:41:08.7597846Z 
integration	Run actions/checkout@3d3c42e5aac5ba805825da76410c181273ba90b1	2026-10-04T00:41:08.7598125Z If you want to create a new branch to retain commits you create, you may
integration	Run actions/checkout@3d3c42e5aac5ba805825da76410c181273ba90b1	2026-10-04T00:41:08.7598756Z do so (now or later) by using -c with the switch command. Example:
integration	Run actions/checkout@3d3c42e5aac5ba805825da76410c181273ba90b1	2026-10-04T00:41:08.7599118Z 
integration	Run actions/checkout@3d3c42e5aac5ba805825da76410c181273ba90b1	2026-10-04T00:41:08.7599357Z   git switch -c <new-branch-name>
integration	Run actions/checkout@3d3c42e5aac5ba805825da76410c181273ba90b1	2026-10-04T00:41:08.7599622Z 
integration	Run actions/checkout@3d3c42e5aac5ba805825da76410c181273ba90b1	2026-10-04T00:41:08.7599839Z Or undo this operation with:
integration	Run actions/checkout@3d3c42e5aac5ba805825da76410c181273ba90b1	2026-10-04T00:41:08.7600087Z 
integration	Run actions/checkout@3d3c42e5aac5ba805825da76410c181273ba90b1	2026-10-04T00:41:08.7600295Z   git switch -
integration	Run actions/checkout@3d3c42e5aac5ba805825da76410c181273ba90b1	2026-10-04T00:41:08.7600542Z 
integration	Run actions/checkout@3d3c42e5aac5ba805825da76410c181273ba90b1	2026-10-04T00:41:08.7600906Z Turn off this advice by setting config variable advice.detachedHead to false
integration	Run actions/checkout@3d3c42e5aac5ba805825da76410c181273ba90b1	2026-10-04T00:41:08.7601289Z 
integration	Run actions/checkout@3d3c42e5aac5ba805825da76410c181273ba90b1	2026-10-04T00:41:08.7602013Z HEAD is now at 339d5a61 Merge 4ecc27a883782855a6e5611d7610979e4b4b05ca into e2877101d9c2bda0f793a460db63ef496350c6b4
integration	Run actions/checkout@3d3c42e5aac5ba805825da76410c181273ba90b1	2026-10-04T00:41:08.7713448Z ##[endgroup]
integration	Run actions/checkout@3d3c42e5aac5ba805825da76410c181273ba90b1	2026-10-04T00:41:08.7761129Z [command]/usr/bin/git log -1 --format=%H
integration	Run actions/checkout@3d3c42e5aac5ba805825da76410c181273ba90b1	2026-10-04T00:41:08.7786190Z 339d5a61f9be9a8306b1a6851286c765c6aeb21e
integration	Run actions/setup-python@5fda3b95a4ea91299a34e894583c3862153e4b97	﻿2026-10-04T00:41:08.8041172Z ##[group]Run actions/setup-python@5fda3b95a4ea91299a34e894583c3862153e4b97
integration	Run actions/setup-python@5fda3b95a4ea91299a34e894583c3862153e4b97	2026-10-04T00:41:08.8041569Z with:
integration	Run actions/setup-python@5fda3b95a4ea91299a34e894583c3862153e4b97	2026-10-04T00:41:08.8041697Z   python-version: 3.12.13
integration	Run actions/setup-python@5fda3b95a4ea91299a34e894583c3862153e4b97	2026-10-04T00:41:08.8041962Z   check-latest: false
integration	Run actions/setup-python@5fda3b95a4ea91299a34e894583c3862153e4b97	2026-10-04T00:41:08.8043355Z   token: ***
integration	Run actions/setup-python@5fda3b95a4ea91299a34e894583c3862153e4b97	2026-10-04T00:41:08.8043472Z   update-environment: true
integration	Run actions/setup-python@5fda3b95a4ea91299a34e894583c3862153e4b97	2026-10-04T00:41:08.8043609Z   allow-prereleases: false
integration	Run actions/setup-python@5fda3b95a4ea91299a34e894583c3862153e4b97	2026-10-04T00:41:08.8043739Z   freethreaded: false
integration	Run actions/setup-python@5fda3b95a4ea91299a34e894583c3862153e4b97	2026-10-04T00:41:08.8043863Z ##[endgroup]
integration	Run actions/setup-python@5fda3b95a4ea91299a34e894583c3862153e4b97	2026-10-04T00:41:08.8863185Z ##[group]Installed versions
integration	Run actions/setup-python@5fda3b95a4ea91299a34e894583c3862153e4b97	2026-10-04T00:41:08.8872192Z Version 3.12.13 was not found in the local cache
integration	Run actions/setup-python@5fda3b95a4ea91299a34e894583c3862153e4b97	2026-10-04T00:41:09.8748429Z Version 3.12.13 is available for downloading
integration	Run actions/setup-python@5fda3b95a4ea91299a34e894583c3862153e4b97	2026-10-04T00:41:09.8749543Z Download from "https://github.com/actions/python-versions/releases/download/3.12.13-27650778726/python-3.12.13-linux-26.04-x64.tar.gz"
integration	Run actions/setup-python@5fda3b95a4ea91299a34e894583c3862153e4b97	2026-10-04T00:41:11.1812576Z Extract downloaded archive
integration	Run actions/setup-python@5fda3b95a4ea91299a34e894583c3862153e4b97	2026-10-04T00:41:11.1906022Z [command]/usr/bin/tar xz --warning=no-unknown-keyword --overwrite -C $RUNNER_HOME/work/_temp/c17adabd-f4ea-4bcf-98f3-cffbe2c3f238 -f $RUNNER_HOME/work/_temp/e7c98850-14a5-451f-9a33-05652e3ee622
integration	Run actions/setup-python@5fda3b95a4ea91299a34e894583c3862153e4b97	2026-10-04T00:41:12.1649944Z Execute installation script
integration	Run actions/setup-python@5fda3b95a4ea91299a34e894583c3862153e4b97	2026-10-04T00:41:12.1770733Z Check if Python hostedtoolcache folder exist...
integration	Run actions/setup-python@5fda3b95a4ea91299a34e894583c3862153e4b97	2026-10-04T00:41:12.1771109Z Create Python 3.12.13 folder
integration	Run actions/setup-python@5fda3b95a4ea91299a34e894583c3862153e4b97	2026-10-04T00:41:12.1795301Z Copy Python binaries to hostedtoolcache folder
integration	Run actions/setup-python@5fda3b95a4ea91299a34e894583c3862153e4b97	2026-10-04T00:41:12.5197781Z Create additional symlinks (Required for the UsePythonVersion Azure Pipelines task and the setup-python GitHub Action)
integration	Run actions/setup-python@5fda3b95a4ea91299a34e894583c3862153e4b97	2026-10-04T00:41:12.5288408Z Upgrading pip...
integration	Run actions/setup-python@5fda3b95a4ea91299a34e894583c3862153e4b97	2026-10-04T00:41:15.6628351Z Collecting pip
integration	Run actions/setup-python@5fda3b95a4ea91299a34e894583c3862153e4b97	2026-10-04T00:41:15.6994723Z Downloading pip-26.2.1-py3-none-any.whl.metadata (4.6 kB)
integration	Run actions/setup-python@5fda3b95a4ea91299a34e894583c3862153e4b97	2026-10-04T00:41:15.7098369Z Downloading pip-26.2.1-py3-none-any.whl (1.8 MB)
integration	Run actions/setup-python@5fda3b95a4ea91299a34e894583c3862153e4b97	2026-10-04T00:41:15.7466466Z ━━━━━━━━━━━━━━━━━━━━━━━━━━━━━━━━━━━━━━━━ 1.8/1.8 MB 79.6 MB/s eta 0:00:00
integration	Run actions/setup-python@5fda3b95a4ea91299a34e894583c3862153e4b97	2026-10-04T00:41:15.7466817Z 
integration	Run actions/setup-python@5fda3b95a4ea91299a34e894583c3862153e4b97	2026-10-04T00:41:15.7746676Z Installing collected packages: pip
integration	Run actions/setup-python@5fda3b95a4ea91299a34e894583c3862153e4b97	2026-10-04T00:41:15.7747062Z Attempting uninstall: pip
integration	Run actions/setup-python@5fda3b95a4ea91299a34e894583c3862153e4b97	2026-10-04T00:41:15.7759416Z Found existing installation: pip 25.0.1
integration	Run actions/setup-python@5fda3b95a4ea91299a34e894583c3862153e4b97	2026-10-04T00:41:15.7953725Z Uninstalling pip-25.0.1:
integration	Run actions/setup-python@5fda3b95a4ea91299a34e894583c3862153e4b97	2026-10-04T00:41:15.7994026Z Successfully uninstalled pip-25.0.1
integration	Run actions/setup-python@5fda3b95a4ea91299a34e894583c3862153e4b97	2026-10-04T00:41:16.4612627Z Successfully installed pip-26.2.1
integration	Run actions/setup-python@5fda3b95a4ea91299a34e894583c3862153e4b97	2026-10-04T00:41:16.5152281Z Create complete file
integration	Run actions/setup-python@5fda3b95a4ea91299a34e894583c3862153e4b97	2026-10-04T00:41:16.5194564Z Successfully set up CPython (3.12.13)
integration	Run actions/setup-python@5fda3b95a4ea91299a34e894583c3862153e4b97	2026-10-04T00:41:16.5195098Z ##[endgroup]
integration	Run python -m pip install uv==0.11.21	﻿2026-10-04T00:41:16.5332033Z ##[group]Run python -m pip install uv==0.11.21
integration	Run python -m pip install uv==0.11.21	2026-10-04T00:41:16.5332299Z [36;1mpython -m pip install uv==0.11.21[0m
integration	Run python -m pip install uv==0.11.21	2026-10-04T00:41:16.5475552Z shell: /usr/bin/bash -e {0}
integration	Run python -m pip install uv==0.11.21	2026-10-04T00:41:16.5475751Z env:
integration	Run python -m pip install uv==0.11.21	2026-10-04T00:41:16.5475916Z   pythonLocation: /opt/hostedtoolcache/Python/3.12.13/x64
integration	Run python -m pip install uv==0.11.21	2026-10-04T00:41:16.5476160Z   PKG_CONFIG_PATH: /opt/hostedtoolcache/Python/3.12.13/x64/lib/pkgconfig
integration	Run python -m pip install uv==0.11.21	2026-10-04T00:41:16.5476390Z   Python_ROOT_DIR: /opt/hostedtoolcache/Python/3.12.13/x64
integration	Run python -m pip install uv==0.11.21	2026-10-04T00:41:16.5476595Z   Python2_ROOT_DIR: /opt/hostedtoolcache/Python/3.12.13/x64
integration	Run python -m pip install uv==0.11.21	2026-10-04T00:41:16.5476799Z   Python3_ROOT_DIR: /opt/hostedtoolcache/Python/3.12.13/x64
integration	Run python -m pip install uv==0.11.21	2026-10-04T00:41:16.5477004Z   LD_LIBRARY_PATH: /opt/hostedtoolcache/Python/3.12.13/x64/lib
integration	Run python -m pip install uv==0.11.21	2026-10-04T00:41:16.5477207Z ##[endgroup]
integration	Run python -m pip install uv==0.11.21	2026-10-04T00:41:16.9807158Z Collecting uv==0.11.21
integration	Run python -m pip install uv==0.11.21	2026-10-04T00:41:17.0155437Z   Downloading uv-0.11.21-py3-none-manylinux_2_17_x86_64.manylinux2014_x86_64.whl.metadata (11 kB)
integration	Run python -m pip install uv==0.11.21	2026-10-04T00:41:17.0284948Z Downloading uv-0.11.21-py3-none-manylinux_2_17_x86_64.manylinux2014_x86_64.whl (25.1 MB)
integration	Run python -m pip install uv==0.11.21	2026-10-04T00:41:17.2483602Z    ━━━━━━━━━━━━━━━━━━━━━━━━━━━━━━━━━━━━━━━━ 25.1/25.1 MB 123.0 MB/s  0:00:00
integration	Run python -m pip install uv==0.11.21	2026-10-04T00:41:17.2804163Z Installing collected packages: uv
integration	Run python -m pip install uv==0.11.21	2026-10-04T00:41:17.4881676Z Successfully installed uv-0.11.21
integration	Run uv sync --frozen	﻿2026-10-04T00:41:17.5792895Z ##[group]Run uv sync --frozen
integration	Run uv sync --frozen	2026-10-04T00:41:17.5793140Z [36;1muv sync --frozen[0m
integration	Run uv sync --frozen	2026-10-04T00:41:17.5846056Z shell: /usr/bin/bash -e {0}
integration	Run uv sync --frozen	2026-10-04T00:41:17.5846235Z env:
integration	Run uv sync --frozen	2026-10-04T00:41:17.5846413Z   pythonLocation: /opt/hostedtoolcache/Python/3.12.13/x64
integration	Run uv sync --frozen	2026-10-04T00:41:17.5846688Z   PKG_CONFIG_PATH: /opt/hostedtoolcache/Python/3.12.13/x64/lib/pkgconfig
integration	Run uv sync --frozen	2026-10-04T00:41:17.5846969Z   Python_ROOT_DIR: /opt/hostedtoolcache/Python/3.12.13/x64
integration	Run uv sync --frozen	2026-10-04T00:41:17.5847493Z   Python2_ROOT_DIR: /opt/hostedtoolcache/Python/3.12.13/x64
integration	Run uv sync --frozen	2026-10-04T00:41:17.5847730Z   Python3_ROOT_DIR: /opt/hostedtoolcache/Python/3.12.13/x64
integration	Run uv sync --frozen	2026-10-04T00:41:17.5847950Z   LD_LIBRARY_PATH: /opt/hostedtoolcache/Python/3.12.13/x64/lib
integration	Run uv sync --frozen	2026-10-04T00:41:17.5848142Z ##[endgroup]
integration	Run uv sync --frozen	2026-10-04T00:41:17.6327212Z Using CPython 3.12.13 interpreter at: /opt/hostedtoolcache/Python/3.12.13/x64/bin/python3.12
integration	Run uv sync --frozen	2026-10-04T00:41:17.6327620Z Creating virtual environment at: .venv
integration	Run uv sync --frozen	2026-10-04T00:41:17.6903741Z Downloading pygments (1.2MiB)
integration	Run uv sync --frozen	2026-10-04T00:41:17.7008767Z Downloading mypy (14.6MiB)
integration	Run uv sync --frozen	2026-10-04T00:41:17.7009123Z Downloading ast-serialize (1.3MiB)
integration	Run uv sync --frozen	2026-10-04T00:41:17.7012840Z Downloading pydantic-core (2.0MiB)
integration	Run uv sync --frozen	2026-10-04T00:41:17.7021875Z Downloading ruff (9.9MiB)
integration	Run uv sync --frozen	2026-10-04T00:41:17.9214554Z  Downloaded ast-serialize
integration	Run uv sync --frozen	2026-10-04T00:41:17.9251375Z  Downloaded pygments
integration	Run uv sync --frozen	2026-10-04T00:41:17.9444322Z  Downloaded pydantic-core
integration	Run uv sync --frozen	2026-10-04T00:41:18.0521003Z  Downloaded ruff
integration	Run uv sync --frozen	2026-10-04T00:41:18.1676033Z  Downloaded mypy
integration	Run uv sync --frozen	2026-10-04T00:41:18.1706910Z Prepared 37 packages in 535ms
integration	Run uv sync --frozen	2026-10-04T00:41:18.5096994Z Installed 37 packages in 338ms
integration	Run uv sync --frozen	2026-10-04T00:41:18.5097361Z  + annotated-doc==0.0.5
integration	Run uv sync --frozen	2026-10-04T00:41:18.5097574Z  + annotated-types==0.8.0
integration	Run uv sync --frozen	2026-10-04T00:41:18.5097775Z  + anyio==4.15.1
integration	Run uv sync --frozen	2026-10-04T00:41:18.5097960Z  + ast-serialize==0.11.2
integration	Run uv sync --frozen	2026-10-04T00:41:18.5098150Z  + attrs==26.1.0
integration	Run uv sync --frozen	2026-10-04T00:41:18.5098334Z  + certifi==2026.7.22
integration	Run uv sync --frozen	2026-10-04T00:41:18.5098513Z  + click==8.5.0
integration	Run uv sync --frozen	2026-10-04T00:41:18.5098684Z  + defusedxml==0.7.1
integration	Run uv sync --frozen	2026-10-04T00:41:18.5098906Z  + fastapi==0.141.1
integration	Run uv sync --frozen	2026-10-04T00:41:18.5099163Z  + h11==0.16.0
integration	Run uv sync --frozen	2026-10-04T00:41:18.5099330Z  + httpcore==1.0.9
integration	Run uv sync --frozen	2026-10-04T00:41:18.5099481Z  + httpx==0.28.1
integration	Run uv sync --frozen	2026-10-04T00:41:18.5102045Z  + idna==3.19
integration	Run uv sync --frozen	2026-10-04T00:41:18.5102214Z  + iniconfig==2.3.0
integration	Run uv sync --frozen	2026-10-04T00:41:18.5102394Z  + jsonschema==4.26.0
integration	Run uv sync --frozen	2026-10-04T00:41:18.5102613Z  + jsonschema-specifications==2025.9.1
integration	Run uv sync --frozen	2026-10-04T00:41:18.5102840Z  + librt==0.15.0
integration	Run uv sync --frozen	2026-10-04T00:41:18.5103033Z  + markdown-it-py==4.2.0
integration	Run uv sync --frozen	2026-10-04T00:41:18.5103226Z  + mdurl==0.1.2
integration	Run uv sync --frozen	2026-10-04T00:41:18.5103394Z  + mypy==2.3.1
integration	Run uv sync --frozen	2026-10-04T00:41:18.5103511Z  + mypy-extensions==1.1.0
integration	Run uv sync --frozen	2026-10-04T00:41:18.5103666Z  + packaging==26.3
integration	Run uv sync --frozen	2026-10-04T00:41:18.5103786Z  + pathspec==1.1.1
integration	Run uv sync --frozen	2026-10-04T00:41:18.5103903Z  + pluggy==1.6.0
integration	Run uv sync --frozen	2026-10-04T00:41:18.5104022Z  + pydantic==2.13.5
integration	Run uv sync --frozen	2026-10-04T00:41:18.5104149Z  + pydantic-core==2.46.5
integration	Run uv sync --frozen	2026-10-04T00:41:18.5104277Z  + pygments==2.21.0
integration	Run uv sync --frozen	2026-10-04T00:41:18.5104389Z  + pypdf==6.18.1
integration	Run uv sync --frozen	2026-10-04T00:41:18.5104499Z  + pytest==9.1.1
integration	Run uv sync --frozen	2026-10-04T00:41:18.5104621Z  + python-multipart==0.0.32
integration	Run uv sync --frozen	2026-10-04T00:41:18.5104754Z  + referencing==0.37.0
integration	Run uv sync --frozen	2026-10-04T00:41:18.5104874Z  + rpds-py==2026.6.3
integration	Run uv sync --frozen	2026-10-04T00:41:18.5104983Z  + ruff==0.16.7
integration	Run uv sync --frozen	2026-10-04T00:41:18.5105092Z  + starlette==1.6.0
integration	Run uv sync --frozen	2026-10-04T00:41:18.5105211Z  + typing-extensions==4.16.0
integration	Run uv sync --frozen	2026-10-04T00:41:18.5105350Z  + typing-inspection==0.4.4
integration	Run uv sync --frozen	2026-10-04T00:41:18.5105487Z  + uvicorn==0.53.0
integration	Install fixed official Ubuntu document sandbox dependencies	﻿2026-10-04T00:41:18.5162401Z ##[group]Run sudo apt-get update
integration	Install fixed official Ubuntu document sandbox dependencies	2026-10-04T00:41:18.5162614Z [36;1msudo apt-get update[0m
integration	Install fixed official Ubuntu document sandbox dependencies	2026-10-04T00:41:18.5162951Z [36;1msudo apt-get install -y bubblewrap=0.11.1-1ubuntu0.3 apparmor=5.0.2-0ubuntu1~26.04.1 libapparmor1=5.0.2-0ubuntu1~26.04.1 libseccomp2=2.6.0-2ubuntu5[0m
integration	Install fixed official Ubuntu document sandbox dependencies	2026-10-04T00:41:18.5163340Z [36;1mdpkg-query -W bubblewrap apparmor libapparmor1 libseccomp2[0m
integration	Install fixed official Ubuntu document sandbox dependencies	2026-10-04T00:41:18.5163564Z [36;1mtest -f /etc/apparmor.d/bwrap-userns-restrict[0m
integration	Install fixed official Ubuntu document sandbox dependencies	2026-10-04T00:41:18.5163737Z [36;1mbwrap --version[0m
integration	Install fixed official Ubuntu document sandbox dependencies	2026-10-04T00:41:18.5211858Z shell: /usr/bin/bash -e {0}
integration	Install fixed official Ubuntu document sandbox dependencies	2026-10-04T00:41:18.5212008Z env:
integration	Install fixed official Ubuntu document sandbox dependencies	2026-10-04T00:41:18.5212171Z   pythonLocation: /opt/hostedtoolcache/Python/3.12.13/x64
integration	Install fixed official Ubuntu document sandbox dependencies	2026-10-04T00:41:18.5212409Z   PKG_CONFIG_PATH: /opt/hostedtoolcache/Python/3.12.13/x64/lib/pkgconfig
integration	Install fixed official Ubuntu document sandbox dependencies	2026-10-04T00:41:18.5212639Z   Python_ROOT_DIR: /opt/hostedtoolcache/Python/3.12.13/x64
integration	Install fixed official Ubuntu document sandbox dependencies	2026-10-04T00:41:18.5212849Z   Python2_ROOT_DIR: /opt/hostedtoolcache/Python/3.12.13/x64
integration	Install fixed official Ubuntu document sandbox dependencies	2026-10-04T00:41:18.5213053Z   Python3_ROOT_DIR: /opt/hostedtoolcache/Python/3.12.13/x64
integration	Install fixed official Ubuntu document sandbox dependencies	2026-10-04T00:41:18.5213426Z   LD_LIBRARY_PATH: /opt/hostedtoolcache/Python/3.12.13/x64/lib
integration	Install fixed official Ubuntu document sandbox dependencies	2026-10-04T00:41:18.5213604Z ##[endgroup]
integration	Install fixed official Ubuntu document sandbox dependencies	2026-10-04T00:41:18.6288214Z Get:1 file:/etc/apt/apt-mirrors.txt Mirrorlist [144 B]
integration	Install fixed official Ubuntu document sandbox dependencies	2026-10-04T00:41:18.6702607Z Get:6 https://packages.microsoft.com/ubuntu/26.04/prod resolute InRelease [3964 B]
integration	Install fixed official Ubuntu document sandbox dependencies	2026-10-04T00:41:18.7107885Z Hit:2 http://azure.archive.ubuntu.com/ubuntu resolute InRelease
integration	Install fixed official Ubuntu document sandbox dependencies	2026-10-04T00:41:18.7176968Z Get:3 http://azure.archive.ubuntu.com/ubuntu resolute-updates InRelease [137 kB]
integration	Install fixed official Ubuntu document sandbox dependencies	2026-10-04T00:41:18.7299513Z Get:4 http://azure.archive.ubuntu.com/ubuntu resolute-backports InRelease [137 kB]
integration	Install fixed official Ubuntu document sandbox dependencies	2026-10-04T00:41:18.7476214Z Get:5 http://azure.archive.ubuntu.com/ubuntu resolute-security InRelease [137 kB]
integration	Install fixed official Ubuntu document sandbox dependencies	2026-10-04T00:41:18.7671168Z Get:7 https://packages.microsoft.com/ubuntu/26.04/prod resolute/main amd64 Packages [76.6 kB]
integration	Install fixed official Ubuntu document sandbox dependencies	2026-10-04T00:41:18.7736116Z Get:8 http://azure.archive.ubuntu.com/ubuntu resolute-updates/main amd64v3 Packages [718 kB]
integration	Install fixed official Ubuntu document sandbox dependencies	2026-10-04T00:41:18.7941708Z Get:27 https://packages.microsoft.com/ubuntu/26.04/prod resolute/main armhf Packages [850 B]
integration	Install fixed official Ubuntu document sandbox dependencies	2026-10-04T00:41:18.8035941Z Get:28 https://packages.microsoft.com/ubuntu/26.04/prod resolute/main arm64 Packages [66.8 kB]
integration	Install fixed official Ubuntu document sandbox dependencies	2026-10-04T00:41:18.8432606Z Get:9 http://azure.archive.ubuntu.com/ubuntu resolute-updates/main Translation-en [167 kB]
integration	Install fixed official Ubuntu document sandbox dependencies	2026-10-04T00:41:18.8610598Z Get:10 http://azure.archive.ubuntu.com/ubuntu resolute-updates/main amd64 Components [98.1 kB]
integration	Install fixed official Ubuntu document sandbox dependencies	2026-10-04T00:41:18.8831999Z Get:11 http://azure.archive.ubuntu.com/ubuntu resolute-updates/universe amd64v3 Packages [316 kB]
integration	Install fixed official Ubuntu document sandbox dependencies	2026-10-04T00:41:18.9320159Z Get:12 http://azure.archive.ubuntu.com/ubuntu resolute-updates/universe Translation-en [101 kB]
integration	Install fixed official Ubuntu document sandbox dependencies	2026-10-04T00:41:18.9506620Z Get:13 http://azure.archive.ubuntu.com/ubuntu resolute-updates/universe amd64 Components [201 kB]
integration	Install fixed official Ubuntu document sandbox dependencies	2026-10-04T00:41:19.0112638Z Get:14 http://azure.archive.ubuntu.com/ubuntu resolute-updates/restricted amd64v3 Packages [487 kB]
integration	Install fixed official Ubuntu document sandbox dependencies	2026-10-04T00:41:19.0735672Z Get:15 http://azure.archive.ubuntu.com/ubuntu resolute-updates/restricted Translation-en [97.7 kB]
integration	Install fixed official Ubuntu document sandbox dependencies	2026-10-04T00:41:19.1706610Z Get:16 http://azure.archive.ubuntu.com/ubuntu resolute-updates/multiverse amd64v3 Packages [11.9 kB]
integration	Install fixed official Ubuntu document sandbox dependencies	2026-10-04T00:41:19.1719196Z Get:17 http://azure.archive.ubuntu.com/ubuntu resolute-updates/multiverse Translation-en [3276 B]
integration	Install fixed official Ubuntu document sandbox dependencies	2026-10-04T00:41:19.2665459Z Get:18 http://azure.archive.ubuntu.com/ubuntu resolute-backports/universe amd64 Components [1060 B]
integration	Install fixed official Ubuntu document sandbox dependencies	2026-10-04T00:41:19.2697853Z Get:19 http://azure.archive.ubuntu.com/ubuntu resolute-security/main amd64v3 Packages [551 kB]
integration	Install fixed official Ubuntu document sandbox dependencies	2026-10-04T00:41:19.2797159Z Get:20 http://azure.archive.ubuntu.com/ubuntu resolute-security/main Translation-en [129 kB]
integration	Install fixed official Ubuntu document sandbox dependencies	2026-10-04T00:41:19.2895738Z Get:21 http://azure.archive.ubuntu.com/ubuntu resolute-security/main amd64 Components [46.7 kB]
integration	Install fixed official Ubuntu document sandbox dependencies	2026-10-04T00:41:19.3016414Z Get:22 http://azure.archive.ubuntu.com/ubuntu resolute-security/universe amd64v3 Packages [192 kB]
integration	Install fixed official Ubuntu document sandbox dependencies	2026-10-04T00:41:19.3413769Z Get:23 http://azure.archive.ubuntu.com/ubuntu resolute-security/universe Translation-en [60.4 kB]
integration	Install fixed official Ubuntu document sandbox dependencies	2026-10-04T00:41:19.3815012Z Get:24 http://azure.archive.ubuntu.com/ubuntu resolute-security/universe amd64 Components [55.5 kB]
integration	Install fixed official Ubuntu document sandbox dependencies	2026-10-04T00:41:19.3899911Z Get:25 http://azure.archive.ubuntu.com/ubuntu resolute-security/restricted amd64v3 Packages [447 kB]
integration	Install fixed official Ubuntu document sandbox dependencies	2026-10-04T00:41:19.3996071Z Get:26 http://azure.archive.ubuntu.com/ubuntu resolute-security/restricted Translation-en [89.7 kB]
integration	Install fixed official Ubuntu document sandbox dependencies	2026-10-04T00:41:24.6863154Z Fetched 4332 kB in 1s (5306 kB/s)
integration	Install fixed official Ubuntu document sandbox dependencies	2026-10-04T00:41:25.1417547Z Reading package lists...
integration	Install fixed official Ubuntu document sandbox dependencies	2026-10-04T00:41:25.1704457Z Reading package lists...
integration	Install fixed official Ubuntu document sandbox dependencies	2026-10-04T00:41:25.3185777Z Building dependency tree...
integration	Install fixed official Ubuntu document sandbox dependencies	2026-10-04T00:41:25.3190956Z Reading state information...
integration	Install fixed official Ubuntu document sandbox dependencies	2026-10-04T00:41:25.3466735Z bubblewrap is already the newest version (0.11.1-1ubuntu0.3).
integration	Install fixed official Ubuntu document sandbox dependencies	2026-10-04T00:41:25.3467156Z bubblewrap set to manually installed.
integration	Install fixed official Ubuntu document sandbox dependencies	2026-10-04T00:41:25.3467472Z apparmor is already the newest version (5.0.2-0ubuntu1~26.04.1).
integration	Install fixed official Ubuntu document sandbox dependencies	2026-10-04T00:41:25.3468207Z apparmor set to manually installed.
integration	Install fixed official Ubuntu document sandbox dependencies	2026-10-04T00:41:25.3468504Z libapparmor1 is already the newest version (5.0.2-0ubuntu1~26.04.1).
integration	Install fixed official Ubuntu document sandbox dependencies	2026-10-04T00:41:25.3468836Z libapparmor1 set to manually installed.
integration	Install fixed official Ubuntu document sandbox dependencies	2026-10-04T00:41:25.3469119Z libseccomp2 is already the newest version (2.6.0-2ubuntu5).
integration	Install fixed official Ubuntu document sandbox dependencies	2026-10-04T00:41:25.3469329Z libseccomp2 set to manually installed.
integration	Install fixed official Ubuntu document sandbox dependencies	2026-10-04T00:41:25.3915316Z Solving dependencies...
integration	Install fixed official Ubuntu document sandbox dependencies	2026-10-04T00:41:25.5110616Z 0 upgraded, 0 newly installed, 0 to remove and 25 not upgraded.
integration	Install fixed official Ubuntu document sandbox dependencies	2026-10-04T00:41:25.5212395Z apparmor	5.0.2-0ubuntu1~26.04.1
integration	Install fixed official Ubuntu document sandbox dependencies	2026-10-04T00:41:25.5212730Z bubblewrap	0.11.1-1ubuntu0.3
integration	Install fixed official Ubuntu document sandbox dependencies	2026-10-04T00:41:25.5212932Z libapparmor1:amd64	5.0.2-0ubuntu1~26.04.1
integration	Install fixed official Ubuntu document sandbox dependencies	2026-10-04T00:41:25.5213107Z libseccomp2:amd64	2.6.0-2ubuntu5
integration	Install fixed official Ubuntu document sandbox dependencies	2026-10-04T00:41:25.5300221Z bubblewrap 0.11.1
integration	Run uv run --frozen pytest tests/integration	﻿2026-10-04T00:41:25.5599658Z ##[group]Run uv run --frozen pytest tests/integration
integration	Run uv run --frozen pytest tests/integration	2026-10-04T00:41:25.5599917Z [36;1muv run --frozen pytest tests/integration[0m
integration	Run uv run --frozen pytest tests/integration	2026-10-04T00:41:25.5647994Z shell: /usr/bin/bash -e {0}
integration	Run uv run --frozen pytest tests/integration	2026-10-04T00:41:25.5648141Z env:
integration	Run uv run --frozen pytest tests/integration	2026-10-04T00:41:25.5648291Z   pythonLocation: /opt/hostedtoolcache/Python/3.12.13/x64
integration	Run uv run --frozen pytest tests/integration	2026-10-04T00:41:25.5648525Z   PKG_CONFIG_PATH: /opt/hostedtoolcache/Python/3.12.13/x64/lib/pkgconfig
integration	Run uv run --frozen pytest tests/integration	2026-10-04T00:41:25.5648763Z   Python_ROOT_DIR: /opt/hostedtoolcache/Python/3.12.13/x64
integration	Run uv run --frozen pytest tests/integration	2026-10-04T00:41:25.5648975Z   Python2_ROOT_DIR: /opt/hostedtoolcache/Python/3.12.13/x64
integration	Run uv run --frozen pytest tests/integration	2026-10-04T00:41:25.5649186Z   Python3_ROOT_DIR: /opt/hostedtoolcache/Python/3.12.13/x64
integration	Run uv run --frozen pytest tests/integration	2026-10-04T00:41:25.5649403Z   LD_LIBRARY_PATH: /opt/hostedtoolcache/Python/3.12.13/x64/lib
integration	Run uv run --frozen pytest tests/integration	2026-10-04T00:41:25.5649582Z ##[endgroup]
integration	Run uv run --frozen pytest tests/integration	2026-10-04T00:41:32.3750266Z ============================= test session starts ==============================
integration	Run uv run --frozen pytest tests/integration	2026-10-04T00:41:32.3750813Z platform linux -- Python 3.12.13, pytest-9.1.1, pluggy-1.6.0
integration	Run uv run --frozen pytest tests/integration	2026-10-04T00:41:32.3751313Z rootdir: $RUNNER_HOME/work/Learning_Workbench/Learning_Workbench
integration	Run uv run --frozen pytest tests/integration	2026-10-04T00:41:32.3751777Z configfile: pyproject.toml
integration	Run uv run --frozen pytest tests/integration	2026-10-04T00:41:32.3751952Z plugins: anyio-4.15.1
integration	Run uv run --frozen pytest tests/integration	2026-10-04T00:41:32.3752096Z collected 2145 items
integration	Run uv run --frozen pytest tests/integration	2026-10-04T00:41:32.3752183Z 
integration	Run uv run --frozen pytest tests/integration	2026-10-04T00:42:05.0383652Z tests/integration/test_artifact_owners.py ...........................    [  1%]
integration	Run uv run --frozen pytest tests/integration	2026-10-04T00:42:24.9664843Z tests/integration/test_assessment_attempts.py .......................... [  2%]
integration	Run uv run --frozen pytest tests/integration	2026-10-04T00:42:33.0667249Z ...........                                                              [  2%]
integration	Run uv run --frozen pytest tests/integration	2026-10-04T00:42:49.1499655Z tests/integration/test_assessment_grading.py ....................        [  3%]
integration	Run uv run --frozen pytest tests/integration	2026-10-04T00:42:53.0913275Z tests/integration/test_assessment_independent_review.py .......          [  4%]
integration	Run uv run --frozen pytest tests/integration	2026-10-04T00:42:59.4260861Z tests/integration/test_assessment_learning_port.py ...........           [  4%]
integration	Run uv run --frozen pytest tests/integration	2026-10-04T00:43:11.0805037Z tests/integration/test_assessment_policy.py ...................          [  5%]
integration	Run uv run --frozen pytest tests/integration	2026-10-04T00:43:19.2299369Z tests/integration/test_assessment_review_history.py ........             [  6%]
integration	Run uv run --frozen pytest tests/integration	2026-10-04T00:43:19.9247590Z tests/integration/test_authoring_actor_control.py ..                     [  6%]
integration	Run uv run --frozen pytest tests/integration	2026-10-04T00:43:21.3672550Z tests/integration/test_authoring_cancel_policy_recovery.py ..            [  6%]
integration	Run uv run --frozen pytest tests/integration	2026-10-04T00:43:21.7552299Z tests/integration/test_authoring_context.py ......                       [  6%]
integration	Run uv run --frozen pytest tests/integration	2026-10-04T00:43:22.5472936Z tests/integration/test_authoring_generation_integrity.py ..              [  6%]
integration	Run uv run --frozen pytest tests/integration	2026-10-04T00:43:22.9352287Z tests/integration/test_authoring_group_context.py ......                 [  6%]
integration	Run uv run --frozen pytest tests/integration	2026-10-04T00:43:30.5783824Z tests/integration/test_authoring_group_http.py ...                       [  6%]
integration	Run uv run --frozen pytest tests/integration	2026-10-04T00:44:29.7240570Z tests/integration/test_authoring_group_numeric_service.py .............. [  7%]
integration	Run uv run --frozen pytest tests/integration	2026-10-04T00:44:34.0082553Z ....                                                                     [  7%]
integration	Run uv run --frozen pytest tests/integration	2026-10-04T00:44:43.5392385Z tests/integration/test_authoring_group_numeric_worker.py ......          [  8%]
integration	Run uv run --frozen pytest tests/integration	2026-10-04T00:44:51.8635654Z tests/integration/test_authoring_group_provider.py .........             [  8%]
integration	Run uv run --frozen pytest tests/integration	2026-10-04T00:44:57.5573423Z tests/integration/test_authoring_group_recovery.py ...                   [  8%]
integration	Run uv run --frozen pytest tests/integration	2026-10-04T00:45:00.9094966Z tests/integration/test_authoring_http.py ..                              [  8%]
integration	Run uv run --frozen pytest tests/integration	2026-10-04T00:45:13.3944435Z tests/integration/test_authoring_numeric_provider_history.py ........... [  9%]
integration	Run uv run --frozen pytest tests/integration	2026-10-04T00:45:20.7684421Z .......                                                                  [  9%]
integration	Run uv run --frozen pytest tests/integration	2026-10-04T00:45:21.9443531Z tests/integration/test_authoring_numeric_runtime.py .s.....              [  9%]
integration	Run uv run --frozen pytest tests/integration	2026-10-04T00:45:53.5904101Z tests/integration/test_authoring_numeric_service.py ...........          [ 10%]
integration	Run uv run --frozen pytest tests/integration	2026-10-04T00:45:56.7718500Z tests/integration/test_authoring_numeric_worker.py ...                   [ 10%]
integration	Run uv run --frozen pytest tests/integration	2026-10-04T00:46:00.6507064Z tests/integration/test_authoring_provider.py ......                      [ 10%]
integration	Run uv run --frozen pytest tests/integration	2026-10-04T00:46:05.8881262Z tests/integration/test_backup_codex_control_history.py ....              [ 11%]
integration	Run uv run --frozen pytest tests/integration	2026-10-04T00:46:10.1777783Z tests/integration/test_backup_owner_history.py ...                       [ 11%]
integration	Run uv run --frozen pytest tests/integration	2026-10-04T00:46:13.2741002Z tests/integration/test_backup_session_history.py .                       [ 11%]
integration	Run uv run --frozen pytest tests/integration	2026-10-04T00:46:27.9367059Z tests/integration/test_codex_bootstrap_http.py ......................... [ 12%]
integration	Run uv run --frozen pytest tests/integration	2026-10-04T00:46:33.9230686Z .........                                                                [ 12%]
integration	Run uv run --frozen pytest tests/integration	2026-10-04T00:46:36.0886804Z tests/integration/test_codex_bootstrap_legacy.py ..                      [ 12%]
integration	Run uv run --frozen pytest tests/integration	2026-10-04T00:46:40.0237579Z tests/integration/test_codex_capabilities_http.py ......                 [ 13%]
integration	Run uv run --frozen pytest tests/integration	2026-10-04T00:46:46.5378310Z tests/integration/test_concept_states.py .........                       [ 13%]
integration	Run uv run --frozen pytest tests/integration	2026-10-04T00:46:47.4343790Z tests/integration/test_content_authoring_targets.py .................... [ 14%]
integration	Run uv run --frozen pytest tests/integration	2026-10-04T00:46:48.5835836Z ........................                                                 [ 15%]
integration	Run uv run --frozen pytest tests/integration	2026-10-04T00:46:54.9250701Z tests/integration/test_content_http.py ...........                       [ 16%]
integration	Run uv run --frozen pytest tests/integration	2026-10-04T00:47:02.2659914Z tests/integration/test_content_impact_decisions_http.py ................ [ 16%]
integration	Run uv run --frozen pytest tests/integration	2026-10-04T00:47:22.7387519Z ......................................                                   [ 18%]
integration	Run uv run --frozen pytest tests/integration	2026-10-04T00:47:30.4445325Z tests/integration/test_content_impact_discovery_http.py ................ [ 19%]
integration	Run uv run --frozen pytest tests/integration	2026-10-04T00:47:39.5606642Z ...................                                                      [ 20%]
integration	Run uv run --frozen pytest tests/integration	2026-10-04T00:47:41.2594210Z tests/integration/test_content_impact_snapshot.py ...................... [ 21%]
integration	Run uv run --frozen pytest tests/integration	2026-10-04T00:47:42.0896876Z ....                                                                     [ 21%]
integration	Run uv run --frozen pytest tests/integration	2026-10-04T00:47:43.4799987Z tests/integration/test_content_repository.py ........................... [ 22%]
integration	Run uv run --frozen pytest tests/integration	2026-10-04T00:47:43.9368708Z ........                                                                 [ 23%]
integration	Run uv run --frozen pytest tests/integration	2026-10-04T00:48:17.3382482Z tests/integration/test_content_restore_http.py ......................... [ 24%]
integration	Run uv run --frozen pytest tests/integration	2026-10-04T00:48:30.0194492Z .........                                                                [ 24%]
integration	Run uv run --frozen pytest tests/integration	2026-10-04T00:48:32.2088056Z tests/integration/test_content_restore_migration.py ...                  [ 24%]
integration	Run uv run --frozen pytest tests/integration	2026-10-04T00:48:39.6901674Z tests/integration/test_content_retrieval.py .....................        [ 25%]
integration	Run uv run --frozen pytest tests/integration	2026-10-04T00:48:51.3849523Z tests/integration/test_document_http.py ......                           [ 26%]
integration	Run uv run --frozen pytest tests/integration	2026-10-04T00:48:57.6264066Z tests/integration/test_document_imports.py ......                        [ 26%]
integration	Run uv run --frozen pytest tests/integration	2026-10-04T00:49:12.8614268Z tests/integration/test_draft_candidate_catalog.py ...................... [ 27%]
integration	Run uv run --frozen pytest tests/integration	2026-10-04T00:49:27.5393120Z .................                                                        [ 28%]
integration	Run uv run --frozen pytest tests/integration	2026-10-04T00:49:28.2292280Z tests/integration/test_draft_candidate_migration.py .................... [ 29%]
integration	Run uv run --frozen pytest tests/integration	2026-10-04T00:49:29.0319939Z ......................                                                   [ 30%]
integration	Run uv run --frozen pytest tests/integration	2026-10-04T00:49:47.9843952Z tests/integration/test_draft_candidate_owners.py ....................... [ 31%]
integration	Run uv run --frozen pytest tests/integration	2026-10-04T00:50:03.7623628Z .................                                                        [ 32%]
integration	Run uv run --frozen pytest tests/integration	2026-10-04T00:50:18.2486902Z tests/integration/test_draft_edit_boundaries.py ........................ [ 33%]
integration	Run uv run --frozen pytest tests/integration	2026-10-04T00:50:39.9964827Z ................................                                         [ 34%]
integration	Run uv run --frozen pytest tests/integration	2026-10-04T00:50:51.2950370Z tests/integration/test_draft_edit_http.py .........                      [ 35%]
integration	Run uv run --frozen pytest tests/integration	2026-10-04T00:51:08.2021030Z tests/integration/test_draft_edit_integrity.py ......................    [ 36%]
integration	Run uv run --frozen pytest tests/integration	2026-10-04T00:51:10.4446325Z tests/integration/test_draft_edit_migration.py ....                      [ 36%]
integration	Run uv run --frozen pytest tests/integration	2026-10-04T00:51:30.9757475Z tests/integration/test_draft_edit_read_http.py ...............           [ 37%]
integration	Run uv run --frozen pytest tests/integration	2026-10-04T00:51:32.6149975Z tests/integration/test_draft_edits.py ..                                 [ 37%]
integration	Run uv run --frozen pytest tests/integration	2026-10-04T00:51:37.7202229Z tests/integration/test_draft_publication.py .......                      [ 37%]
integration	Run uv run --frozen pytest tests/integration	2026-10-04T00:51:45.3078885Z tests/integration/test_draft_publication_atomic.py ...........           [ 37%]
integration	Run uv run --frozen pytest tests/integration	2026-10-04T00:52:01.8722837Z tests/integration/test_draft_publication_http.py ..............          [ 38%]
integration	Run uv run --frozen pytest tests/integration	2026-10-04T00:52:15.4081787Z tests/integration/test_draft_publication_integrity.py .................. [ 39%]
integration	Run uv run --frozen pytest tests/integration	2026-10-04T00:52:18.9998480Z .....                                                                    [ 39%]
integration	Run uv run --frozen pytest tests/integration	2026-10-04T00:52:28.2417519Z tests/integration/test_draft_publication_scope.py ...........            [ 40%]
integration	Run uv run --frozen pytest tests/integration	2026-10-04T00:52:44.8608741Z tests/integration/test_edit_publication.py .................             [ 40%]
integration	Run uv run --frozen pytest tests/integration	2026-10-04T00:52:56.0368396Z tests/integration/test_edit_publication_atomic.py ............           [ 41%]
integration	Run uv run --frozen pytest tests/integration	2026-10-04T00:53:18.7006463Z tests/integration/test_edit_publication_concepts.py ................     [ 42%]
integration	Run uv run --frozen pytest tests/integration	2026-10-04T00:53:41.7424728Z tests/integration/test_edit_publication_dependencies.py ................ [ 43%]
integration	Run uv run --frozen pytest tests/integration	2026-10-04T00:53:49.1042480Z ....                                                                     [ 43%]
integration	Run uv run --frozen pytest tests/integration	2026-10-04T00:53:59.1199950Z tests/integration/test_edit_publication_http.py .......                  [ 43%]
integration	Run uv run --frozen pytest tests/integration	2026-10-04T00:54:01.7395183Z tests/integration/test_edit_publication_learning_http.py .               [ 43%]
integration	Run uv run --frozen pytest tests/integration	2026-10-04T00:54:03.8883229Z tests/integration/test_edit_publication_migration.py ...                 [ 43%]
integration	Run uv run --frozen pytest tests/integration	2026-10-04T00:54:05.7912758Z tests/integration/test_edit_publication_terminal.py ..                   [ 43%]
integration	Run uv run --frozen pytest tests/integration	2026-10-04T00:54:18.2119426Z tests/integration/test_evidence_applicability_decisions.py ............. [ 44%]
integration	Run uv run --frozen pytest tests/integration	2026-10-04T00:54:28.7362272Z ............                                                             [ 44%]
integration	Run uv run --frozen pytest tests/integration	2026-10-04T00:54:50.5083768Z tests/integration/test_evidence_applicability_http.py .................. [ 45%]
integration	Run uv run --frozen pytest tests/integration	2026-10-04T00:54:59.7531799Z ........                                                                 [ 46%]
integration	Run uv run --frozen pytest tests/integration	2026-10-04T00:55:04.1554746Z tests/integration/test_evidence_independent_review.py ......             [ 46%]
integration	Run uv run --frozen pytest tests/integration	2026-10-04T00:55:07.5699374Z tests/integration/test_grading_queue_isolation.py ..                     [ 46%]
integration	Run uv run --frozen pytest tests/integration	2026-10-04T00:55:21.9834622Z tests/integration/test_import_http.py ...............                    [ 47%]
integration	Run uv run --frozen pytest tests/integration	2026-10-04T00:55:26.4056895Z tests/integration/test_import_parser_exit_race.py ...                    [ 47%]
integration	Run uv run --frozen pytest tests/integration	2026-10-04T00:55:42.5333464Z tests/integration/test_import_repository.py ............................ [ 48%]
integration	Run uv run --frozen pytest tests/integration	2026-10-04T00:55:50.9842335Z ......                                                                   [ 48%]
integration	Run uv run --frozen pytest tests/integration	2026-10-04T00:55:53.2226964Z tests/integration/test_learner_profile.py ....................           [ 49%]
integration	Run uv run --frozen pytest tests/integration	2026-10-04T00:55:53.9512461Z tests/integration/test_learning_action_integrity.py ...                  [ 50%]
integration	Run uv run --frozen pytest tests/integration	2026-10-04T00:55:57.5055871Z tests/integration/test_learning_activity_access.py ......                [ 50%]
integration	Run uv run --frozen pytest tests/integration	2026-10-04T00:55:58.3142135Z tests/integration/test_learning_content_scope.py ...............         [ 51%]
integration	Run uv run --frozen pytest tests/integration	2026-10-04T00:56:00.0822965Z tests/integration/test_learning_course_history.py ..                     [ 51%]
integration	Run uv run --frozen pytest tests/integration	2026-10-04T00:56:13.0055122Z tests/integration/test_learning_evidence.py ................             [ 51%]
integration	Run uv run --frozen pytest tests/integration	2026-10-04T00:56:15.0427197Z tests/integration/test_learning_state_observations.py ...                [ 52%]
integration	Run uv run --frozen pytest tests/integration	2026-10-04T00:56:18.7101004Z tests/integration/test_notes_learning.py ............................... [ 53%]
integration	Run uv run --frozen pytest tests/integration	2026-10-04T00:56:20.7653780Z .................                                                        [ 54%]
integration	Run uv run --frozen pytest tests/integration	2026-10-04T00:56:26.1694736Z tests/integration/test_practice_grading.py .........                     [ 54%]
integration	Run uv run --frozen pytest tests/integration	2026-10-04T00:56:31.9704832Z tests/integration/test_practice_independent_review.py ........           [ 55%]
integration	Run uv run --frozen pytest tests/integration	2026-10-04T00:56:32.6193859Z tests/integration/test_practice_learning_port.py ............            [ 55%]
integration	Run uv run --frozen pytest tests/integration	2026-10-04T00:56:42.8055658Z tests/integration/test_practice_model_help.py ...........                [ 56%]
integration	Run uv run --frozen pytest tests/integration	2026-10-04T00:56:57.3303521Z tests/integration/test_practice_sessions.py ........................     [ 57%]
integration	Run uv run --frozen pytest tests/integration	2026-10-04T00:57:01.8044030Z tests/integration/test_provenance_recovery_integrity.py ......           [ 57%]
integration	Run uv run --frozen pytest tests/integration	2026-10-04T00:57:02.2711367Z tests/integration/test_provider_config.py ........                       [ 57%]
integration	Run uv run --frozen pytest tests/integration	2026-10-04T00:57:02.8567727Z tests/integration/test_provider_consents.py ......                       [ 58%]
integration	Run uv run --frozen pytest tests/integration	2026-10-04T00:57:13.1557261Z tests/integration/test_provider_dispatch.py ..........................   [ 59%]
integration	Run uv run --frozen pytest tests/integration	2026-10-04T00:57:20.0293020Z tests/integration/test_provider_http.py ..............                   [ 60%]
integration	Run uv run --frozen pytest tests/integration	2026-10-04T00:57:21.2315680Z tests/integration/test_provider_lifecycle.py .                           [ 60%]
integration	Run uv run --frozen pytest tests/integration	2026-10-04T00:57:21.4063782Z tests/integration/test_provider_migration.py ..                          [ 60%]
integration	Run uv run --frozen pytest tests/integration	2026-10-04T00:57:22.9970616Z tests/integration/test_provider_proof_admission.py .......               [ 60%]
integration	Run uv run --frozen pytest tests/integration	2026-10-04T00:57:58.9471000Z tests/integration/test_publication_admission.py ........................ [ 61%]
integration	Run uv run --frozen pytest tests/integration	2026-10-04T00:58:16.6879635Z ........                                                                 [ 62%]
integration	Run uv run --frozen pytest tests/integration	2026-10-04T00:58:16.8999315Z tests/integration/test_question_qualification.py ....                    [ 62%]
integration	Run uv run --frozen pytest tests/integration	2026-10-04T00:58:17.1263880Z tests/integration/test_reader_directory.py ....                          [ 62%]
integration	Run uv run --frozen pytest tests/integration	2026-10-04T00:58:25.3887365Z tests/integration/test_reader_provenance.py ...........                  [ 62%]
integration	Run uv run --frozen pytest tests/integration	2026-10-04T00:58:26.5813787Z tests/integration/test_recommendation_content_access.py ................ [ 63%]
integration	Run uv run --frozen pytest tests/integration	2026-10-04T00:58:27.1003757Z .......                                                                  [ 63%]
integration	Run uv run --frozen pytest tests/integration	2026-10-04T00:58:29.1273800Z tests/integration/test_recommendation_http.py ..                         [ 64%]
integration	Run uv run --frozen pytest tests/integration	2026-10-04T00:58:40.0113400Z tests/integration/test_recommendation_source_ports.py ..............     [ 64%]
integration	Run uv run --frozen pytest tests/integration	2026-10-04T00:58:41.7948134Z tests/integration/test_recommendation_worker_readiness.py ..........     [ 65%]
integration	Run uv run --frozen pytest tests/integration	2026-10-04T00:59:08.5360824Z tests/integration/test_recommendations.py .............................  [ 66%]
integration	Run uv run --frozen pytest tests/integration	2026-10-04T00:59:09.9680303Z tests/integration/test_restore_numeric_actual_runtime.py s               [ 66%]
integration	Run uv run --frozen pytest tests/integration	2026-10-04T00:59:23.9585264Z tests/integration/test_restore_numeric_execution.py ...............      [ 67%]
integration	Run uv run --frozen pytest tests/integration	2026-10-04T00:59:37.3395155Z tests/integration/test_restore_numeric_http_boundary.py ................ [ 68%]
integration	Run uv run --frozen pytest tests/integration	2026-10-04T00:59:42.5505454Z ......                                                                   [ 68%]
integration	Run uv run --frozen pytest tests/integration	2026-10-04T00:59:57.0607767Z tests/integration/test_restore_numeric_integrity.py .................... [ 69%]
integration	Run uv run --frozen pytest tests/integration	2026-10-04T00:59:59.2586816Z ....                                                                     [ 69%]
integration	Run uv run --frozen pytest tests/integration	2026-10-04T01:00:00.1857177Z tests/integration/test_restore_numeric_migration.py ..                   [ 69%]
integration	Run uv run --frozen pytest tests/integration	2026-10-04T01:00:21.3370739Z tests/integration/test_restore_numeric_service.py ...............        [ 70%]
integration	Run uv run --frozen pytest tests/integration	2026-10-04T01:01:00.5938423Z tests/integration/test_retrieval.py .........................            [ 71%]
integration	Run uv run --frozen pytest tests/integration	2026-10-04T01:01:02.7094067Z tests/integration/test_retrieval_integrity.py ............               [ 71%]
integration	Run uv run --frozen pytest tests/integration	2026-10-04T01:01:02.8154176Z tests/integration/test_retrieval_migration.py ..                         [ 72%]
integration	Run uv run --frozen pytest tests/integration	2026-10-04T01:01:07.9385955Z tests/integration/test_review_boundary_diagnostics.py .......            [ 72%]
integration	Run uv run --frozen pytest tests/integration	2026-10-04T01:01:12.5842697Z tests/integration/test_review_control_headers.py ....                    [ 72%]
integration	Run uv run --frozen pytest tests/integration	2026-10-04T01:01:30.7359299Z tests/integration/test_review_history.py ............................... [ 73%]
integration	Run uv run --frozen pytest tests/integration	2026-10-04T01:01:46.2041721Z ........................                                                 [ 75%]
integration	Run uv run --frozen pytest tests/integration	2026-10-04T01:02:21.4597373Z tests/integration/test_review_http.py ..............................     [ 76%]
integration	Run uv run --frozen pytest tests/integration	2026-10-04T01:02:35.5160202Z tests/integration/test_review_job_lifecycle.py ........................  [ 77%]
integration	Run uv run --frozen pytest tests/integration	2026-10-04T01:03:01.4654253Z tests/integration/test_review_materials.py ............................. [ 78%]
integration	Run uv run --frozen pytest tests/integration	2026-10-04T01:03:14.7822797Z ................                                                         [ 79%]
integration	Run uv run --frozen pytest tests/integration	2026-10-04T01:03:37.0473889Z tests/integration/test_review_numeric_observations.py .................. [ 80%]
integration	Run uv run --frozen pytest tests/integration	2026-10-04T01:04:03.7516382Z .......................                                                  [ 81%]
integration	Run uv run --frozen pytest tests/integration	2026-10-04T01:04:10.9029506Z tests/integration/test_review_repository.py .............                [ 82%]
integration	Run uv run --frozen pytest tests/integration	2026-10-04T01:04:11.7390724Z tests/integration/test_review_storage_constraints.py ................... [ 83%]
integration	Run uv run --frozen pytest tests/integration	2026-10-04T01:04:15.1073639Z ........................................................................ [ 86%]
integration	Run uv run --frozen pytest tests/integration	2026-10-04T01:04:15.3724585Z ......                                                                   [ 86%]
integration	Run uv run --frozen pytest tests/integration	2026-10-04T01:04:15.5847355Z tests/integration/test_review_storage_migration.py ....                  [ 86%]
integration	Run uv run --frozen pytest tests/integration	2026-10-04T01:04:32.9450992Z tests/integration/test_review_structure_checks.py ...................... [ 87%]
integration	Run uv run --frozen pytest tests/integration	2026-10-04T01:05:05.0071522Z .......................................                                  [ 89%]
integration	Run uv run --frozen pytest tests/integration	2026-10-04T01:05:25.2288833Z tests/integration/test_review_workflow.py .............................. [ 91%]
integration	Run uv run --frozen pytest tests/integration	2026-10-04T01:05:52.9398686Z ...............................                                          [ 92%]
integration	Run uv run --frozen pytest tests/integration	2026-10-04T01:05:53.4033329Z tests/integration/test_route_completion_sources.py ........              [ 93%]
integration	Run uv run --frozen pytest tests/integration	2026-10-04T01:05:55.3073894Z tests/integration/test_routes_commands.py .............                  [ 93%]
integration	Run uv run --frozen pytest tests/integration	2026-10-04T01:06:00.2266779Z tests/integration/test_session_actor_continuity.py .....                 [ 93%]
integration	Run uv run --frozen pytest tests/integration	2026-10-04T01:06:54.8505507Z tests/integration/test_single_publication.py ...............             [ 94%]
integration	Run uv run --frozen pytest tests/integration	2026-10-04T01:07:19.7531007Z tests/integration/test_single_publication_continuity.py .......          [ 94%]
integration	Run uv run --frozen pytest tests/integration	2026-10-04T01:07:26.6574220Z tests/integration/test_single_publication_http.py .                      [ 94%]
integration	Run uv run --frozen pytest tests/integration	2026-10-04T01:08:15.3494486Z tests/integration/test_single_publication_integrity.py ...............   [ 95%]
integration	Run uv run --frozen pytest tests/integration	2026-10-04T01:08:25.3795082Z tests/integration/test_single_publication_races.py ...                   [ 95%]
integration	Run uv run --frozen pytest tests/integration	2026-10-04T01:08:32.4559815Z tests/integration/test_single_publication_sources.py ..                  [ 95%]
integration	Run uv run --frozen pytest tests/integration	2026-10-04T01:08:36.2738763Z tests/integration/test_tutor_context.py ............                     [ 96%]
integration	Run uv run --frozen pytest tests/integration	2026-10-04T01:08:40.5066492Z tests/integration/test_tutor_http.py ......                              [ 96%]
integration	Run uv run --frozen pytest tests/integration	2026-10-04T01:08:46.8033140Z tests/integration/test_tutor_jobs_http.py ..........                     [ 97%]
integration	Run uv run --frozen pytest tests/integration	2026-10-04T01:08:48.1852678Z tests/integration/test_tutor_observation.py ......                       [ 97%]
integration	Run uv run --frozen pytest tests/integration	2026-10-04T01:08:50.4335915Z tests/integration/test_tutor_poll_replay.py .                            [ 97%]
integration	Run uv run --frozen pytest tests/integration	2026-10-04T01:08:50.8540948Z tests/integration/test_tutor_read_work.py .......                        [ 97%]
integration	Run uv run --frozen pytest tests/integration	2026-10-04T01:08:50.9860142Z tests/integration/test_tutor_replay_integrity.py ..                      [ 97%]
integration	Run uv run --frozen pytest tests/integration	2026-10-04T01:08:57.6610945Z tests/integration/test_tutor_runs.py ....................                [ 98%]
integration	Run uv run --frozen pytest tests/integration	2026-10-04T01:08:58.5904977Z tests/integration/test_tutor_worker_fairness.py ....                     [ 99%]
integration	Run uv run --frozen pytest tests/integration	2026-10-04T01:09:06.0328632Z tests/integration/test_workbench_assessment_policy.py ......             [ 99%]
integration	Run uv run --frozen pytest tests/integration	2026-10-04T01:09:13.3703753Z tests/integration/test_workbench_persistence.py ...............          [100%]
integration	Run uv run --frozen pytest tests/integration	2026-10-04T01:09:13.3704165Z 
integration	Run uv run --frozen pytest tests/integration	2026-10-04T01:09:13.3704314Z =============================== warnings summary ===============================
integration	Run uv run --frozen pytest tests/integration	2026-10-04T01:09:13.3704691Z .venv/lib/python3.12/site-packages/fastapi/testclient.py:1
integration	Run uv run --frozen pytest tests/integration	2026-10-04T01:09:13.3708106Z   $RUNNER_HOME/work/Learning_Workbench/Learning_Workbench/.venv/lib/python3.12/site-packages/fastapi/testclient.py:1: StarletteDeprecationWarning: Using `httpx` with `starlette.testclient` is deprecated; install `httpx2` instead.
integration	Run uv run --frozen pytest tests/integration	2026-10-04T01:09:13.3709659Z     from starlette.testclient import TestClient as TestClient  # noqa
integration	Run uv run --frozen pytest tests/integration	2026-10-04T01:09:13.3709934Z 
integration	Run uv run --frozen pytest tests/integration	2026-10-04T01:09:13.3710091Z .venv/lib/python3.12/site-packages/starlette/testclient.py:53
integration	Run uv run --frozen pytest tests/integration	2026-10-04T01:09:13.3710970Z   $RUNNER_HOME/work/Learning_Workbench/Learning_Workbench/.venv/lib/python3.12/site-packages/starlette/testclient.py:53: DeprecationWarning: The anyio.abc.BlockingPortal alias is deprecated, use anyio.from_thread.BlockingPortal instead.
integration	Run uv run --frozen pytest tests/integration	2026-10-04T01:09:13.3712079Z     _PortalFactoryType = Callable[[], AbstractContextManager[anyio.abc.BlockingPortal]]
integration	Run uv run --frozen pytest tests/integration	2026-10-04T01:09:13.3712388Z 
integration	Run uv run --frozen pytest tests/integration	2026-10-04T01:09:13.3712583Z -- Docs: https://docs.pytest.org/en/stable/how-to/capture-warnings.html
integration	Run uv run --frozen pytest tests/integration	2026-10-04T01:09:13.3712999Z =========================== short test summary info ============================
integration	Run uv run --frozen pytest tests/integration	2026-10-04T01:09:13.3713639Z SKIPPED [1] tests/integration/test_authoring_numeric_runtime.py:46: BLOCKED_ENVIRONMENT: real sealed runtime did not execute the calculator; original FAIL retained
integration	Run uv run --frozen pytest tests/integration	2026-10-04T01:09:13.3714566Z SKIPPED [1] tests/integration/test_restore_numeric_actual_runtime.py:42: BLOCKED_ENVIRONMENT: actual sealed Restore evaluator did not return a numeric PASS; no fallback
integration	Run uv run --frozen pytest tests/integration	2026-10-04T01:09:13.3715265Z =========== 2143 passed, 2 skipped, 2 warnings in 1666.73s (0:27:46) ===========
integration	Post Run actions/setup-python@5fda3b95a4ea91299a34e894583c3862153e4b97	﻿2026-10-04T01:09:14.2136841Z Post job cleanup.
integration	Post Run actions/checkout@3d3c42e5aac5ba805825da76410c181273ba90b1	﻿2026-10-04T01:09:14.3104847Z Post job cleanup.
integration	Post Run actions/checkout@3d3c42e5aac5ba805825da76410c181273ba90b1	2026-10-04T01:09:14.3749047Z [command]/usr/bin/git version
integration	Post Run actions/checkout@3d3c42e5aac5ba805825da76410c181273ba90b1	2026-10-04T01:09:14.3786606Z git version 2.55.0
integration	Post Run actions/checkout@3d3c42e5aac5ba805825da76410c181273ba90b1	2026-10-04T01:09:14.3816237Z Temporarily overriding HOME='$RUNNER_HOME/work/_temp/89e8ce53-d8d5-4d8a-b10e-9256629a4124' before making global git config changes
integration	Post Run actions/checkout@3d3c42e5aac5ba805825da76410c181273ba90b1	2026-10-04T01:09:14.3817045Z Adding repository directory to the temporary git global config as a safe directory
integration	Post Run actions/checkout@3d3c42e5aac5ba805825da76410c181273ba90b1	2026-10-04T01:09:14.3817789Z [command]/usr/bin/git config --global --add safe.directory $RUNNER_HOME/work/Learning_Workbench/Learning_Workbench
integration	Post Run actions/checkout@3d3c42e5aac5ba805825da76410c181273ba90b1	2026-10-04T01:09:14.3845011Z Removing SSH command configuration
integration	Post Run actions/checkout@3d3c42e5aac5ba805825da76410c181273ba90b1	2026-10-04T01:09:14.3849475Z [command]/usr/bin/git config --local --name-only --get-regexp core\.sshCommand
integration	Post Run actions/checkout@3d3c42e5aac5ba805825da76410c181273ba90b1	2026-10-04T01:09:14.3884633Z [command]/usr/bin/git submodule foreach --recursive sh -c "git config --local --name-only --get-regexp 'core\.sshCommand' && git config --local --unset-all 'core.sshCommand' || :"
integration	Post Run actions/checkout@3d3c42e5aac5ba805825da76410c181273ba90b1	2026-10-04T01:09:14.4198755Z Removing HTTP extra header
integration	Post Run actions/checkout@3d3c42e5aac5ba805825da76410c181273ba90b1	2026-10-04T01:09:14.4204169Z [command]/usr/bin/git config --local --name-only --get-regexp http\.https\:\/\/github\.com\/\.extraheader
integration	Post Run actions/checkout@3d3c42e5aac5ba805825da76410c181273ba90b1	2026-10-04T01:09:14.4242596Z [command]/usr/bin/git submodule foreach --recursive sh -c "git config --local --name-only --get-regexp 'http\.https\:\/\/github\.com\/\.extraheader' && git config --local --unset-all 'http.https://github.com/.extraheader' || :"
integration	Post Run actions/checkout@3d3c42e5aac5ba805825da76410c181273ba90b1	2026-10-04T01:09:14.4502677Z Removing includeIf entries pointing to credentials config files
integration	Post Run actions/checkout@3d3c42e5aac5ba805825da76410c181273ba90b1	2026-10-04T01:09:14.4508466Z [command]/usr/bin/git config --local --name-only --get-regexp ^includeIf\.gitdir:
integration	Post Run actions/checkout@3d3c42e5aac5ba805825da76410c181273ba90b1	2026-10-04T01:09:14.4533373Z includeif.gitdir:$RUNNER_HOME/work/Learning_Workbench/Learning_Workbench/.git.path
integration	Post Run actions/checkout@3d3c42e5aac5ba805825da76410c181273ba90b1	2026-10-04T01:09:14.4533958Z includeif.gitdir:$RUNNER_HOME/work/Learning_Workbench/Learning_Workbench/.git/worktrees/*.path
integration	Post Run actions/checkout@3d3c42e5aac5ba805825da76410c181273ba90b1	2026-10-04T01:09:14.4534750Z includeif.gitdir:/github/workspace/.git.path
integration	Post Run actions/checkout@3d3c42e5aac5ba805825da76410c181273ba90b1	2026-10-04T01:09:14.4535064Z includeif.gitdir:/github/workspace/.git/worktrees/*.path
integration	Post Run actions/checkout@3d3c42e5aac5ba805825da76410c181273ba90b1	2026-10-04T01:09:14.4539592Z [command]/usr/bin/git config --local --get-all includeif.gitdir:$RUNNER_HOME/work/Learning_Workbench/Learning_Workbench/.git.path
integration	Post Run actions/checkout@3d3c42e5aac5ba805825da76410c181273ba90b1	2026-10-04T01:09:14.4559688Z $RUNNER_HOME/work/_temp/git-credentials-b4175c8d-3571-4dcb-8532-7594d2bc7b79.config
integration	Post Run actions/checkout@3d3c42e5aac5ba805825da76410c181273ba90b1	2026-10-04T01:09:14.4567218Z [command]/usr/bin/git config --local --unset includeif.gitdir:$RUNNER_HOME/work/Learning_Workbench/Learning_Workbench/.git.path \/home\/runner\/work\/_temp\/git\-credentials\-b4175c8d\-3571\-4dcb\-8532\-7594d2bc7b79\.config
integration	Post Run actions/checkout@3d3c42e5aac5ba805825da76410c181273ba90b1	2026-10-04T01:09:14.4597818Z [command]/usr/bin/git config --local --get-all includeif.gitdir:$RUNNER_HOME/work/Learning_Workbench/Learning_Workbench/.git/worktrees/*.path
integration	Post Run actions/checkout@3d3c42e5aac5ba805825da76410c181273ba90b1	2026-10-04T01:09:14.4624357Z $RUNNER_HOME/work/_temp/git-credentials-b4175c8d-3571-4dcb-8532-7594d2bc7b79.config
integration	Post Run actions/checkout@3d3c42e5aac5ba805825da76410c181273ba90b1	2026-10-04T01:09:14.4633119Z [command]/usr/bin/git config --local --unset includeif.gitdir:$RUNNER_HOME/work/Learning_Workbench/Learning_Workbench/.git/worktrees/*.path \/home\/runner\/work\/_temp\/git\-credentials\-b4175c8d\-3571\-4dcb\-8532\-7594d2bc7b79\.config
integration	Post Run actions/checkout@3d3c42e5aac5ba805825da76410c181273ba90b1	2026-10-04T01:09:14.4661148Z [command]/usr/bin/git config --local --get-all includeif.gitdir:/github/workspace/.git.path
integration	Post Run actions/checkout@3d3c42e5aac5ba805825da76410c181273ba90b1	2026-10-04T01:09:14.4680535Z /github/runner_temp/git-credentials-b4175c8d-3571-4dcb-8532-7594d2bc7b79.config
integration	Post Run actions/checkout@3d3c42e5aac5ba805825da76410c181273ba90b1	2026-10-04T01:09:14.4685854Z [command]/usr/bin/git config --local --unset includeif.gitdir:/github/workspace/.git.path \/github\/runner_temp\/git\-credentials\-b4175c8d\-3571\-4dcb\-8532\-7594d2bc7b79\.config
integration	Post Run actions/checkout@3d3c42e5aac5ba805825da76410c181273ba90b1	2026-10-04T01:09:14.4719487Z [command]/usr/bin/git config --local --get-all includeif.gitdir:/github/workspace/.git/worktrees/*.path
integration	Post Run actions/checkout@3d3c42e5aac5ba805825da76410c181273ba90b1	2026-10-04T01:09:14.4741358Z /github/runner_temp/git-credentials-b4175c8d-3571-4dcb-8532-7594d2bc7b79.config
integration	Post Run actions/checkout@3d3c42e5aac5ba805825da76410c181273ba90b1	2026-10-04T01:09:14.4750116Z [command]/usr/bin/git config --local --unset includeif.gitdir:/github/workspace/.git/worktrees/*.path \/github\/runner_temp\/git\-credentials\-b4175c8d\-3571\-4dcb\-8532\-7594d2bc7b79\.config
integration	Post Run actions/checkout@3d3c42e5aac5ba805825da76410c181273ba90b1	2026-10-04T01:09:14.4787240Z [command]/usr/bin/git submodule foreach --recursive git config --local --show-origin --name-only --get-regexp remote.origin.url
integration	Post Run actions/checkout@3d3c42e5aac5ba805825da76410c181273ba90b1	2026-10-04T01:09:14.5035031Z Removing credentials config '$RUNNER_HOME/work/_temp/git-credentials-b4175c8d-3571-4dcb-8532-7594d2bc7b79.config'
integration	Complete job	﻿2026-10-04T01:09:14.5169841Z Cleaning up orphan processes
