2026-09-15T07:21:08.5792740Z Current runner version: '2.337.0'
2026-09-15T07:21:08.5818274Z ##[group]Runner Image Provisioner
2026-09-15T07:21:08.5819160Z Hosted Compute Agent
2026-09-15T07:21:08.5819841Z Version: 20260828.587
2026-09-15T07:21:08.5820452Z Commit: abac92662cab4cc7352de4f9f9d2e2419aad9c29
2026-09-15T07:21:08.5821159Z Build Date: 2026-08-28T16:44:25Z
2026-09-15T07:21:08.5821826Z Worker ID: {38a23fc4-bc79-44c9-949a-abecec37bb94}
2026-09-15T07:21:08.5822534Z Azure Region: westcentralus
2026-09-15T07:21:08.5823165Z ##[endgroup]
2026-09-15T07:21:08.5824722Z ##[group]Operating System
2026-09-15T07:21:08.5825328Z Ubuntu
2026-09-15T07:21:08.5825859Z 24.04.5
2026-09-15T07:21:08.5826341Z LTS
2026-09-15T07:21:08.5826845Z ##[endgroup]
2026-09-15T07:21:08.5827357Z ##[group]Runner Image
2026-09-15T07:21:08.5827907Z Image: ubuntu-24.04
2026-09-15T07:21:08.5828467Z Version: 20260907.300.1
2026-09-15T07:21:08.5830035Z Included Software: https://github.com/actions/runner-images/blob/ubuntu24/20260907.300/images/ubuntu/Ubuntu2404-Readme.md
2026-09-15T07:21:08.5831500Z Image Release: https://github.com/actions/runner-images/releases/tag/ubuntu24%2F20260907.300
2026-09-15T07:21:08.5832422Z ##[endgroup]
2026-09-15T07:21:08.5833450Z ##[group]GITHUB_TOKEN Permissions
2026-09-15T07:21:08.5836137Z Contents: read
2026-09-15T07:21:08.5836699Z Metadata: read
2026-09-15T07:21:08.5837202Z ##[endgroup]
2026-09-15T07:21:08.5839290Z Secret source: Actions
2026-09-15T07:21:08.5840143Z Cache mode: write
2026-09-15T07:21:08.5841025Z Prepare workflow directory
2026-09-15T07:21:08.6154771Z Prepare all required actions
2026-09-15T07:21:08.6204879Z Getting action download info
2026-09-15T07:21:08.9274156Z Download action repository 'actions/checkout@3d3c42e5aac5ba805825da76410c181273ba90b1' (SHA:3d3c42e5aac5ba805825da76410c181273ba90b1)
2026-09-15T07:21:09.0221944Z Download action repository 'actions/setup-python@5fda3b95a4ea91299a34e894583c3862153e4b97' (SHA:5fda3b95a4ea91299a34e894583c3862153e4b97)
2026-09-15T07:21:09.2168020Z Download action repository 'actions/setup-node@820762786026740c76f36085b0efc47a31fe5020' (SHA:820762786026740c76f36085b0efc47a31fe5020)
2026-09-15T07:21:09.4395547Z Complete job name: spec-contracts
2026-09-15T07:21:09.5159946Z ##[group]Run actions/checkout@3d3c42e5aac5ba805825da76410c181273ba90b1
2026-09-15T07:21:09.5160940Z with:
2026-09-15T07:21:09.5161449Z   repository: kl3574/Learning_Workbench
2026-09-15T07:21:09.5165674Z   token: ***
2026-09-15T07:21:09.5166228Z   ssh-strict: true
2026-09-15T07:21:09.5166721Z   ssh-user: git
2026-09-15T07:21:09.5167268Z   persist-credentials: true
2026-09-15T07:21:09.5167800Z   clean: true
2026-09-15T07:21:09.5168288Z   sparse-checkout-cone-mode: true
2026-09-15T07:21:09.5168884Z   fetch-depth: 1
2026-09-15T07:21:09.5169359Z   fetch-tags: false
2026-09-15T07:21:09.5169835Z   show-progress: true
2026-09-15T07:21:09.5170355Z   lfs: false
2026-09-15T07:21:09.5170813Z   submodules: false
2026-09-15T07:21:09.5171299Z   set-safe-directory: true
2026-09-15T07:21:09.5171877Z   allow-unsafe-pr-checkout: false
2026-09-15T07:21:09.5172636Z ##[endgroup]
2026-09-15T07:21:09.6169169Z Syncing repository: kl3574/Learning_Workbench
2026-09-15T07:21:09.6171989Z ##[group]Getting Git version info
2026-09-15T07:21:09.6173304Z Working directory is '<RUNNER_WORKSPACE>'
2026-09-15T07:21:09.6175352Z [command]/usr/bin/git version
2026-09-15T07:21:09.6313238Z git version 2.55.0
2026-09-15T07:21:09.6356434Z ##[endgroup]
2026-09-15T07:21:09.6367618Z Temporarily overriding HOME='<RUNNER_HOME>/work/_temp/990a2212-00d7-4f93-b627-5695943d36d4' before making global git config changes
2026-09-15T07:21:09.6378213Z Adding repository directory to the temporary git global config as a safe directory
2026-09-15T07:21:09.6380179Z [command]/usr/bin/git config --global --add safe.directory <RUNNER_WORKSPACE>
2026-09-15T07:21:09.6421338Z Deleting the contents of '<RUNNER_WORKSPACE>'
2026-09-15T07:21:09.6424874Z ##[group]Determining repository object format
2026-09-15T07:21:09.6439781Z ##[endgroup]
2026-09-15T07:21:09.6441404Z ##[group]Initializing the repository
2026-09-15T07:21:09.6442525Z [command]/usr/bin/git init <RUNNER_WORKSPACE>
2026-09-15T07:21:09.6535823Z hint: Using 'master' as the name for the initial branch. This default branch name
2026-09-15T07:21:09.6542776Z hint: will change to "main" in Git 3.0. To configure the initial branch name
2026-09-15T07:21:09.6546111Z hint: to use in all of your new repositories, which will suppress this warning,
2026-09-15T07:21:09.6550475Z hint: call:
2026-09-15T07:21:09.6551300Z hint:
2026-09-15T07:21:09.6552369Z hint: 	git config --global init.defaultBranch <name>
2026-09-15T07:21:09.6553515Z hint:
2026-09-15T07:21:09.6554718Z hint: Names commonly chosen instead of 'master' are 'main', 'trunk' and
2026-09-15T07:21:09.6556313Z hint: 'development'. The just-created branch can be renamed via this command:
2026-09-15T07:21:09.6557706Z hint:
2026-09-15T07:21:09.6558522Z hint: 	git branch -m <name>
2026-09-15T07:21:09.6559419Z hint:
2026-09-15T07:21:09.6560492Z hint: Disable this message with "git config set advice.defaultBranchName false"
2026-09-15T07:21:09.6562480Z Initialized empty Git repository in <RUNNER_WORKSPACE>/.git/
2026-09-15T07:21:09.6566134Z [command]/usr/bin/git remote add origin https://github.com/kl3574/Learning_Workbench
2026-09-15T07:21:09.6608241Z ##[endgroup]
2026-09-15T07:21:09.6609592Z ##[group]Disabling automatic garbage collection
2026-09-15T07:21:09.6611978Z [command]/usr/bin/git config --local gc.auto 0
2026-09-15T07:21:09.6645639Z ##[endgroup]
2026-09-15T07:21:09.6647208Z ##[group]Setting up auth
2026-09-15T07:21:09.6648255Z Removing SSH command configuration
2026-09-15T07:21:09.6654055Z [command]/usr/bin/git config --local --name-only --get-regexp core\.sshCommand
2026-09-15T07:21:09.6710851Z [command]/usr/bin/git submodule foreach --recursive sh -c "git config --local --name-only --get-regexp 'core\.sshCommand' && git config --local --unset-all 'core.sshCommand' || :"
2026-09-15T07:21:09.7032772Z Removing HTTP extra header
2026-09-15T07:21:09.7038976Z [command]/usr/bin/git config --local --name-only --get-regexp http\.https\:\/\/github\.com\/\.extraheader
2026-09-15T07:21:09.7071300Z [command]/usr/bin/git submodule foreach --recursive sh -c "git config --local --name-only --get-regexp 'http\.https\:\/\/github\.com\/\.extraheader' && git config --local --unset-all 'http.https://github.com/.extraheader' || :"
2026-09-15T07:21:09.7267525Z Removing includeIf entries pointing to credentials config files
2026-09-15T07:21:09.7274335Z [command]/usr/bin/git config --local --name-only --get-regexp ^includeIf\.gitdir:
2026-09-15T07:21:09.7305534Z [command]/usr/bin/git submodule foreach --recursive git config --local --show-origin --name-only --get-regexp remote.origin.url
2026-09-15T07:21:09.7497284Z [command]/usr/bin/git config --file <RUNNER_HOME>/work/_temp/git-credentials-029b2caf-4996-4b86-b3eb-9fc9e0b53021.config http.https://github.com/.extraheader AUTHORIZATION: basic ***
2026-09-15T07:21:09.7531633Z [command]/usr/bin/git config --local includeIf.gitdir:<RUNNER_WORKSPACE>/.git.path <RUNNER_HOME>/work/_temp/git-credentials-029b2caf-4996-4b86-b3eb-9fc9e0b53021.config
2026-09-15T07:21:09.7560660Z [command]/usr/bin/git config --local includeIf.gitdir:<RUNNER_WORKSPACE>/.git/worktrees/*.path <RUNNER_HOME>/work/_temp/git-credentials-029b2caf-4996-4b86-b3eb-9fc9e0b53021.config
2026-09-15T07:21:09.7590570Z [command]/usr/bin/git config --local includeIf.gitdir:/github/workspace/.git.path /github/runner_temp/git-credentials-029b2caf-4996-4b86-b3eb-9fc9e0b53021.config
2026-09-15T07:21:09.7618919Z [command]/usr/bin/git config --local includeIf.gitdir:/github/workspace/.git/worktrees/*.path /github/runner_temp/git-credentials-029b2caf-4996-4b86-b3eb-9fc9e0b53021.config
2026-09-15T07:21:09.7649533Z ##[endgroup]
2026-09-15T07:21:09.7650733Z ##[group]Fetching the repository
2026-09-15T07:21:09.7653241Z [command]/usr/bin/git -c protocol.version=2 fetch --no-tags --prune --no-recurse-submodules --depth=1 origin +6c9f997a89793a6cdbdd83a1f20e07e504047612:refs/remotes/origin/feat/M5.1-provider-consent
2026-09-15T07:21:13.2513951Z From https://github.com/kl3574/Learning_Workbench
2026-09-15T07:21:13.2515730Z  * [new ref]         6c9f997a89793a6cdbdd83a1f20e07e504047612 -> origin/feat/M5.1-provider-consent
2026-09-15T07:21:13.2524114Z [command]/usr/bin/git branch --list --remote origin/feat/M5.1-provider-consent
2026-09-15T07:21:13.2549631Z   origin/feat/M5.1-provider-consent
2026-09-15T07:21:13.2559513Z [command]/usr/bin/git rev-parse refs/remotes/origin/feat/M5.1-provider-consent
2026-09-15T07:21:13.2581503Z 6c9f997a89793a6cdbdd83a1f20e07e504047612
2026-09-15T07:21:13.2585430Z ##[endgroup]
2026-09-15T07:21:13.2586663Z ##[group]Determining the checkout info
2026-09-15T07:21:13.2588260Z ##[endgroup]
2026-09-15T07:21:13.2591955Z [command]/usr/bin/git sparse-checkout disable
2026-09-15T07:21:13.2639513Z [command]/usr/bin/git config --local --unset-all extensions.worktreeConfig
2026-09-15T07:21:13.2668376Z ##[group]Checking out the ref
2026-09-15T07:21:13.2672786Z [command]/usr/bin/git checkout --progress --force -B feat/M5.1-provider-consent refs/remotes/origin/feat/M5.1-provider-consent
2026-09-15T07:21:13.6099165Z Switched to a new branch 'feat/M5.1-provider-consent'
2026-09-15T07:21:13.6103365Z branch 'feat/M5.1-provider-consent' set up to track 'origin/feat/M5.1-provider-consent'.
2026-09-15T07:21:13.6119769Z ##[endgroup]
2026-09-15T07:21:13.6161906Z [command]/usr/bin/git log -1 --format=%H
2026-09-15T07:21:13.6187310Z 6c9f997a89793a6cdbdd83a1f20e07e504047612
2026-09-15T07:21:13.6562934Z ##[group]Run actions/setup-python@5fda3b95a4ea91299a34e894583c3862153e4b97
2026-09-15T07:21:13.6565059Z with:
2026-09-15T07:21:13.6566173Z   python-version: 3.12.13
2026-09-15T07:21:13.6567373Z   check-latest: false
2026-09-15T07:21:13.6578368Z   token: ***
2026-09-15T07:21:13.6579701Z   update-environment: true
2026-09-15T07:21:13.6581187Z   allow-prereleases: false
2026-09-15T07:21:13.6582599Z   freethreaded: false
2026-09-15T07:21:13.6584041Z ##[endgroup]
2026-09-15T07:21:13.7744156Z ##[group]Installed versions
2026-09-15T07:21:13.7762896Z Version 3.12.13 was not found in the local cache
2026-09-15T07:21:14.8250587Z Version 3.12.13 is available for downloading
2026-09-15T07:21:14.8251873Z Download from "https://github.com/actions/python-versions/releases/download/3.12.13-27650778726/python-3.12.13-linux-24.04-x64.tar.gz"
2026-09-15T07:21:15.5902729Z Extract downloaded archive
2026-09-15T07:21:15.6011690Z [command]/usr/bin/tar xz --warning=no-unknown-keyword --overwrite -C <RUNNER_HOME>/work/_temp/3df76dad-7f6d-4549-85df-efb023ca0eba -f <RUNNER_HOME>/work/_temp/393ad5ee-6b8e-40c9-9722-dbe9c1c4e7cc
2026-09-15T07:21:17.7224611Z Execute installation script
2026-09-15T07:21:17.7307967Z Check if Python hostedtoolcache folder exist...
2026-09-15T07:21:17.7309124Z Create Python 3.12.13 folder
2026-09-15T07:21:17.7319417Z Copy Python binaries to hostedtoolcache folder
2026-09-15T07:21:18.1819779Z Create additional symlinks (Required for the UsePythonVersion Azure Pipelines task and the setup-python GitHub Action)
2026-09-15T07:21:18.1855431Z Upgrading pip...
2026-09-15T07:21:21.3750107Z Collecting pip
2026-09-15T07:21:21.4571949Z Downloading pip-26.2.1-py3-none-any.whl.metadata (4.6 kB)
2026-09-15T07:21:21.4811517Z Downloading pip-26.2.1-py3-none-any.whl (1.8 MB)
2026-09-15T07:21:21.6189052Z ━━━━━━━━━━━━━━━━━━━━━━━━━━━━━━━━━━━━━━━━ 1.8/1.8 MB 18.9 MB/s eta 0:00:00
2026-09-15T07:21:21.6189776Z 
2026-09-15T07:21:21.6401348Z Installing collected packages: pip
2026-09-15T07:21:21.6402386Z Attempting uninstall: pip
2026-09-15T07:21:21.6422182Z Found existing installation: pip 25.0.1
2026-09-15T07:21:21.6656029Z Uninstalling pip-25.0.1:
2026-09-15T07:21:21.6699893Z Successfully uninstalled pip-25.0.1
2026-09-15T07:21:22.6155702Z Successfully installed pip-26.2.1
2026-09-15T07:21:22.6787631Z Create complete file
2026-09-15T07:21:22.6819573Z Successfully set up CPython (3.12.13)
2026-09-15T07:21:22.6821262Z ##[endgroup]
2026-09-15T07:21:22.7006928Z ##[group]Run actions/setup-node@820762786026740c76f36085b0efc47a31fe5020
2026-09-15T07:21:22.7007378Z with:
2026-09-15T07:21:22.7007758Z   node-version: 24.21.0
2026-09-15T07:21:22.7008070Z   check-latest: false
2026-09-15T07:21:22.7010548Z   token: ***
2026-09-15T07:21:22.7010868Z   package-manager-cache: true
2026-09-15T07:21:22.7011193Z env:
2026-09-15T07:21:22.7011632Z   pythonLocation: /opt/hostedtoolcache/Python/3.12.13/x64
2026-09-15T07:21:22.7012137Z   PKG_CONFIG_PATH: /opt/hostedtoolcache/Python/3.12.13/x64/lib/pkgconfig
2026-09-15T07:21:22.7012630Z   Python_ROOT_DIR: /opt/hostedtoolcache/Python/3.12.13/x64
2026-09-15T07:21:22.7013086Z   Python2_ROOT_DIR: /opt/hostedtoolcache/Python/3.12.13/x64
2026-09-15T07:21:22.7013549Z   Python3_ROOT_DIR: /opt/hostedtoolcache/Python/3.12.13/x64
2026-09-15T07:21:22.7014473Z   LD_LIBRARY_PATH: /opt/hostedtoolcache/Python/3.12.13/x64/lib
2026-09-15T07:21:22.7014931Z ##[endgroup]
2026-09-15T07:21:22.8396446Z Attempting to download 24.21.0...
2026-09-15T07:21:23.8701646Z Acquiring 24.21.0 - x64 from https://github.com/actions/node-versions/releases/download/24.21.0-34304089047/node-24.21.0-linux-x64.tar.gz
2026-09-15T07:21:24.5616633Z Extracting ...
2026-09-15T07:21:24.5728519Z [command]/usr/bin/tar xz --strip 1 --warning=no-unknown-keyword --overwrite -C <RUNNER_HOME>/work/_temp/9141a04b-f22f-4c88-b22c-53ae399e90dd -f <RUNNER_HOME>/work/_temp/ae9ff419-6309-464d-b780-ac432b17096f
2026-09-15T07:21:25.9510907Z Adding to the cache ...
2026-09-15T07:21:29.6412994Z ##[group]Environment details
2026-09-15T07:21:29.8645275Z node: v24.21.0
2026-09-15T07:21:29.8645771Z npm: 11.19.0
2026-09-15T07:21:29.8646282Z yarn: 1.22.22
2026-09-15T07:21:29.8647059Z ##[endgroup]
2026-09-15T07:21:29.8807946Z ##[group]Run npm ci --prefix apps/web
2026-09-15T07:21:29.8808581Z [36;1mnpm ci --prefix apps/web[0m
2026-09-15T07:21:29.8838412Z shell: /usr/bin/bash -e {0}
2026-09-15T07:21:29.8838813Z env:
2026-09-15T07:21:29.8839209Z   pythonLocation: /opt/hostedtoolcache/Python/3.12.13/x64
2026-09-15T07:21:29.8839726Z   PKG_CONFIG_PATH: /opt/hostedtoolcache/Python/3.12.13/x64/lib/pkgconfig
2026-09-15T07:21:29.8840263Z   Python_ROOT_DIR: /opt/hostedtoolcache/Python/3.12.13/x64
2026-09-15T07:21:29.8840775Z   Python2_ROOT_DIR: /opt/hostedtoolcache/Python/3.12.13/x64
2026-09-15T07:21:29.8841222Z   Python3_ROOT_DIR: /opt/hostedtoolcache/Python/3.12.13/x64
2026-09-15T07:21:29.8841678Z   LD_LIBRARY_PATH: /opt/hostedtoolcache/Python/3.12.13/x64/lib
2026-09-15T07:21:29.8842120Z ##[endgroup]
2026-09-15T07:21:36.2038324Z 
2026-09-15T07:21:36.2046900Z added 236 packages, and audited 237 packages in 6s
2026-09-15T07:21:36.2047664Z 
2026-09-15T07:21:36.2048008Z 118 packages are looking for funding
2026-09-15T07:21:36.2048745Z   run `npm fund` for details
2026-09-15T07:21:36.2049909Z 
2026-09-15T07:21:36.2050183Z found 0 vulnerabilities
2026-09-15T07:21:36.2472534Z ##[group]Run python -m pip install uv==0.11.21
2026-09-15T07:21:36.2473288Z [36;1mpython -m pip install uv==0.11.21[0m
2026-09-15T07:21:36.2507130Z shell: /usr/bin/bash -e {0}
2026-09-15T07:21:36.2507496Z env:
2026-09-15T07:21:36.2507994Z   pythonLocation: /opt/hostedtoolcache/Python/3.12.13/x64
2026-09-15T07:21:36.2508492Z   PKG_CONFIG_PATH: /opt/hostedtoolcache/Python/3.12.13/x64/lib/pkgconfig
2026-09-15T07:21:36.2509001Z   Python_ROOT_DIR: /opt/hostedtoolcache/Python/3.12.13/x64
2026-09-15T07:21:36.2509454Z   Python2_ROOT_DIR: /opt/hostedtoolcache/Python/3.12.13/x64
2026-09-15T07:21:36.2509896Z   Python3_ROOT_DIR: /opt/hostedtoolcache/Python/3.12.13/x64
2026-09-15T07:21:36.2510817Z   LD_LIBRARY_PATH: /opt/hostedtoolcache/Python/3.12.13/x64/lib
2026-09-15T07:21:36.2511213Z ##[endgroup]
2026-09-15T07:21:37.1018122Z Collecting uv==0.11.21
2026-09-15T07:21:37.1964796Z   Downloading uv-0.11.21-py3-none-manylinux_2_17_x86_64.manylinux2014_x86_64.whl.metadata (11 kB)
2026-09-15T07:21:37.2242142Z Downloading uv-0.11.21-py3-none-manylinux_2_17_x86_64.manylinux2014_x86_64.whl (25.1 MB)
2026-09-15T07:21:37.6548044Z    ━━━━━━━━━━━━━━━━━━━━━━━━━━━━━━━━━━━━━━━━ 25.1/25.1 MB 65.9 MB/s  0:00:00
2026-09-15T07:21:37.7019542Z Installing collected packages: uv
2026-09-15T07:21:38.0248603Z Successfully installed uv-0.11.21
2026-09-15T07:21:38.0972702Z ##[group]Run uv sync --frozen
2026-09-15T07:21:38.0973337Z [36;1muv sync --frozen[0m
2026-09-15T07:21:38.0999702Z shell: /usr/bin/bash -e {0}
2026-09-15T07:21:38.1000074Z env:
2026-09-15T07:21:38.1000457Z   pythonLocation: /opt/hostedtoolcache/Python/3.12.13/x64
2026-09-15T07:21:38.1000997Z   PKG_CONFIG_PATH: /opt/hostedtoolcache/Python/3.12.13/x64/lib/pkgconfig
2026-09-15T07:21:38.1001494Z   Python_ROOT_DIR: /opt/hostedtoolcache/Python/3.12.13/x64
2026-09-15T07:21:38.1001938Z   Python2_ROOT_DIR: /opt/hostedtoolcache/Python/3.12.13/x64
2026-09-15T07:21:38.1002383Z   Python3_ROOT_DIR: /opt/hostedtoolcache/Python/3.12.13/x64
2026-09-15T07:21:38.1002811Z   LD_LIBRARY_PATH: /opt/hostedtoolcache/Python/3.12.13/x64/lib
2026-09-15T07:21:38.1003239Z ##[endgroup]
2026-09-15T07:21:38.1561619Z Using CPython 3.12.13 interpreter at: /opt/hostedtoolcache/Python/3.12.13/x64/bin/python3.12
2026-09-15T07:21:38.1562752Z Creating virtual environment at: .venv
2026-09-15T07:21:38.3075373Z Downloading mypy (14.6MiB)
2026-09-15T07:21:38.3084946Z Downloading pydantic-core (2.0MiB)
2026-09-15T07:21:38.3103974Z Downloading pygments (1.2MiB)
2026-09-15T07:21:38.3104641Z Downloading ruff (9.9MiB)
2026-09-15T07:21:38.3105275Z Downloading ast-serialize (1.3MiB)
2026-09-15T07:21:38.5939984Z  Downloaded ast-serialize
2026-09-15T07:21:38.6179900Z  Downloaded pydantic-core
2026-09-15T07:21:38.7056714Z  Downloaded ruff
2026-09-15T07:21:38.7545553Z  Downloaded pygments
2026-09-15T07:21:38.8937878Z  Downloaded mypy
2026-09-15T07:21:38.8940368Z Prepared 37 packages in 735ms
2026-09-15T07:21:38.9268656Z Installed 37 packages in 32ms
2026-09-15T07:21:38.9269388Z  + annotated-doc==0.0.5
2026-09-15T07:21:38.9269856Z  + annotated-types==0.8.0
2026-09-15T07:21:38.9270604Z  + anyio==4.15.1
2026-09-15T07:21:38.9271098Z  + ast-serialize==0.11.2
2026-09-15T07:21:38.9271532Z  + attrs==26.1.0
2026-09-15T07:21:38.9271995Z  + certifi==2026.7.22
2026-09-15T07:21:38.9272409Z  + click==8.5.0
2026-09-15T07:21:38.9272827Z  + defusedxml==0.7.1
2026-09-15T07:21:38.9273323Z  + fastapi==0.141.1
2026-09-15T07:21:38.9273915Z  + h11==0.16.0
2026-09-15T07:21:38.9274383Z  + httpcore==1.0.9
2026-09-15T07:21:38.9274779Z  + httpx==0.28.1
2026-09-15T07:21:38.9275172Z  + idna==3.19
2026-09-15T07:21:38.9275650Z  + iniconfig==2.3.0
2026-09-15T07:21:38.9276013Z  + jsonschema==4.26.0
2026-09-15T07:21:38.9276475Z  + jsonschema-specifications==2025.9.1
2026-09-15T07:21:38.9276935Z  + librt==0.15.0
2026-09-15T07:21:38.9277311Z  + markdown-it-py==4.2.0
2026-09-15T07:21:38.9277757Z  + mdurl==0.1.2
2026-09-15T07:21:38.9278137Z  + mypy==2.3.1
2026-09-15T07:21:38.9279262Z  + mypy-extensions==1.1.0
2026-09-15T07:21:38.9279697Z  + packaging==26.3
2026-09-15T07:21:38.9280096Z  + pathspec==1.1.1
2026-09-15T07:21:38.9280622Z  + pluggy==1.6.0
2026-09-15T07:21:38.9280999Z  + pydantic==2.13.5
2026-09-15T07:21:38.9281579Z  + pydantic-core==2.46.5
2026-09-15T07:21:38.9282202Z  + pygments==2.21.0
2026-09-15T07:21:38.9282894Z  + pypdf==6.18.1
2026-09-15T07:21:38.9283438Z  + pytest==9.1.1
2026-09-15T07:21:38.9284150Z  + python-multipart==0.0.32
2026-09-15T07:21:38.9284823Z  + referencing==0.37.0
2026-09-15T07:21:38.9285378Z  + rpds-py==2026.6.3
2026-09-15T07:21:38.9285910Z  + ruff==0.16.7
2026-09-15T07:21:38.9286305Z  + starlette==1.6.0
2026-09-15T07:21:38.9286776Z  + typing-extensions==4.16.0
2026-09-15T07:21:38.9287524Z  + typing-inspection==0.4.4
2026-09-15T07:21:38.9288163Z  + uvicorn==0.53.0
2026-09-15T07:21:38.9343561Z ##[group]Run make verify-spec
2026-09-15T07:21:38.9344173Z [36;1mmake verify-spec[0m
2026-09-15T07:21:38.9371520Z shell: /usr/bin/bash -e {0}
2026-09-15T07:21:38.9371999Z env:
2026-09-15T07:21:38.9372377Z   pythonLocation: /opt/hostedtoolcache/Python/3.12.13/x64
2026-09-15T07:21:38.9373068Z   PKG_CONFIG_PATH: /opt/hostedtoolcache/Python/3.12.13/x64/lib/pkgconfig
2026-09-15T07:21:38.9373591Z   Python_ROOT_DIR: /opt/hostedtoolcache/Python/3.12.13/x64
2026-09-15T07:21:38.9374312Z   Python2_ROOT_DIR: /opt/hostedtoolcache/Python/3.12.13/x64
2026-09-15T07:21:38.9374782Z   Python3_ROOT_DIR: /opt/hostedtoolcache/Python/3.12.13/x64
2026-09-15T07:21:38.9375253Z   LD_LIBRARY_PATH: /opt/hostedtoolcache/Python/3.12.13/x64/lib
2026-09-15T07:21:38.9375651Z ##[endgroup]
2026-09-15T07:21:38.9449017Z uv run --frozen python scripts/verify_spec.py
2026-09-15T07:21:42.2451273Z {
2026-09-15T07:21:42.2451775Z   "embedded_files": 6,
2026-09-15T07:21:42.2452452Z   "generated_artifacts": 67,
2026-09-15T07:21:42.2453095Z   "learning_effectiveness": "NOT_RUN",
2026-09-15T07:21:42.2453503Z   "models": 54,
2026-09-15T07:21:42.2454107Z   "package_receipts": [
2026-09-15T07:21:42.2454407Z     {
2026-09-15T07:21:42.2454978Z       "archive_sha256": "9933ad962be34e42a29a3299e81c0f03249b584ba1574299672b76eb0242e7b6",
2026-09-15T07:21:42.2455510Z       "object_count": 9,
2026-09-15T07:21:42.2455890Z       "payload_count": 12,
2026-09-15T07:21:42.2456212Z       "profile": "author",
2026-09-15T07:21:42.2456561Z       "scope": "structure_and_integrity_only",
2026-09-15T07:21:42.2456988Z       "total_bytes": 6730
2026-09-15T07:21:42.2457291Z     },
2026-09-15T07:21:42.2457594Z     {
2026-09-15T07:21:42.2458168Z       "archive_sha256": "6d4ddb4c423521625d4686765e1f80f2b65e46ee874eca1bec118dc20a136479",
2026-09-15T07:21:42.2458643Z       "object_count": 9,
2026-09-15T07:21:42.2459020Z       "payload_count": 11,
2026-09-15T07:21:42.2459361Z       "profile": "learner",
2026-09-15T07:21:42.2459750Z       "scope": "structure_and_integrity_only",
2026-09-15T07:21:42.2460120Z       "total_bytes": 5179
2026-09-15T07:21:42.2460407Z     }
2026-09-15T07:21:42.2460704Z   ],
2026-09-15T07:21:42.2461075Z   "product_acceptance": "NOT_RUN",
2026-09-15T07:21:42.2461459Z   "publication": "NOT_CHECKED",
2026-09-15T07:21:42.2461789Z   "real_codex": "NOT_RUN",
2026-09-15T07:21:42.2462101Z   "real_provider": "NOT_RUN",
2026-09-15T07:21:42.2462455Z   "requirements": 38,
2026-09-15T07:21:42.2462784Z   "routes": 106,
2026-09-15T07:21:42.2463460Z   "scope": "M0_structural_baseline_only",
2026-09-15T07:21:42.2464031Z   "source": "PRODUCT_DESIGN.md",
2026-09-15T07:21:42.2464597Z   "spec_sha256": "537239aa30315170b2a177b74a5dfca026397fdc0e15ab14a094a8b14f7c51d9",
2026-09-15T07:21:42.2465227Z   "spec_version": "3.0.2",
2026-09-15T07:21:42.2465659Z   "sql_tables_including_fts": 53,
2026-09-15T07:21:42.2466118Z   "status": "PASS",
2026-09-15T07:21:42.2466483Z   "target_scenarios": 33,
2026-09-15T07:21:42.2466832Z   "tasks": 27
2026-09-15T07:21:42.2467210Z }
2026-09-15T07:21:42.3850755Z ##[group]Run uv run --frozen pytest tests/contract tests/unit/test_spec_*.py
2026-09-15T07:21:42.3851606Z [36;1muv run --frozen pytest tests/contract tests/unit/test_spec_*.py[0m
2026-09-15T07:21:42.3886468Z shell: /usr/bin/bash -e {0}
2026-09-15T07:21:42.3887088Z env:
2026-09-15T07:21:42.3887649Z   pythonLocation: /opt/hostedtoolcache/Python/3.12.13/x64
2026-09-15T07:21:42.3888433Z   PKG_CONFIG_PATH: /opt/hostedtoolcache/Python/3.12.13/x64/lib/pkgconfig
2026-09-15T07:21:42.3889141Z   Python_ROOT_DIR: /opt/hostedtoolcache/Python/3.12.13/x64
2026-09-15T07:21:42.3889852Z   Python2_ROOT_DIR: /opt/hostedtoolcache/Python/3.12.13/x64
2026-09-15T07:21:42.3890606Z   Python3_ROOT_DIR: /opt/hostedtoolcache/Python/3.12.13/x64
2026-09-15T07:21:42.3891293Z   LD_LIBRARY_PATH: /opt/hostedtoolcache/Python/3.12.13/x64/lib
2026-09-15T07:21:42.3891863Z ##[endgroup]
2026-09-15T07:21:45.3110033Z ============================= test session starts ==============================
2026-09-15T07:21:45.3111036Z platform linux -- Python 3.12.13, pytest-9.1.1, pluggy-1.6.0
2026-09-15T07:21:45.3111776Z rootdir: <RUNNER_WORKSPACE>
2026-09-15T07:21:45.3112287Z configfile: pyproject.toml
2026-09-15T07:21:45.3112680Z plugins: anyio-4.15.1
2026-09-15T07:21:45.3113062Z collected 386 items
2026-09-15T07:21:45.3113493Z 
2026-09-15T07:22:31.3676937Z tests/contract/test_api_projection.py .................................. [  8%]
2026-09-15T07:23:25.5350195Z .......................................                                  [ 18%]
2026-09-15T07:23:25.6812827Z tests/contract/test_generated_transport.py ...............               [ 22%]
2026-09-15T07:23:25.9994692Z tests/contract/test_generated_upload.py ..                               [ 23%]
2026-09-15T07:23:26.4205213Z tests/contract/test_models.py ............................               [ 30%]
2026-09-15T07:23:26.4305416Z tests/contract/test_optional_patch.py .                                  [ 30%]
2026-09-15T07:23:26.5016086Z tests/contract/test_package_integrity.py ........................        [ 37%]
2026-09-15T07:23:26.5956603Z tests/contract/test_practice_public_projection.py ...................... [ 42%]
2026-09-15T07:23:36.0501478Z .............                                                            [ 46%]
2026-09-15T07:23:36.7751509Z tests/contract/test_provider_binding.py .........................        [ 52%]
2026-09-15T07:23:37.3114824Z tests/contract/test_provider_dto.py .................................... [ 61%]
2026-09-15T07:23:37.5227310Z ........................................................................ [ 80%]
2026-09-15T07:23:37.5232836Z                                                                          [ 80%]
2026-09-15T07:23:37.7083173Z tests/contract/test_recommendation_binding.py ........                   [ 82%]
2026-09-15T07:23:37.7287798Z tests/contract/test_recommendation_dto.py .............................. [ 90%]
2026-09-15T07:23:37.8779248Z ........................                                                 [ 96%]
2026-09-15T07:23:39.0015833Z tests/unit/test_spec_catalog.py ....                                     [ 97%]
2026-09-15T07:23:39.1927992Z tests/unit/test_spec_extraction.py .........                             [100%]
2026-09-15T07:23:39.1929396Z 
2026-09-15T07:23:39.1930565Z =============================== warnings summary ===============================
2026-09-15T07:23:39.1932173Z .venv/lib/python3.12/site-packages/fastapi/testclient.py:1
2026-09-15T07:23:39.1935571Z   <RUNNER_WORKSPACE>/.venv/lib/python3.12/site-packages/fastapi/testclient.py:1: StarletteDeprecationWarning: Using `httpx` with `starlette.testclient` is deprecated; install `httpx2` instead.
2026-09-15T07:23:39.1938722Z     from starlette.testclient import TestClient as TestClient  # noqa
2026-09-15T07:23:39.1939572Z 
2026-09-15T07:23:39.1940369Z .venv/lib/python3.12/site-packages/starlette/testclient.py:53
2026-09-15T07:23:39.1944193Z   <RUNNER_WORKSPACE>/.venv/lib/python3.12/site-packages/starlette/testclient.py:53: DeprecationWarning: The anyio.abc.BlockingPortal alias is deprecated, use anyio.from_thread.BlockingPortal instead.
2026-09-15T07:23:39.1947432Z     _PortalFactoryType = Callable[[], AbstractContextManager[anyio.abc.BlockingPortal]]
2026-09-15T07:23:39.1948437Z 
2026-09-15T07:23:39.1949375Z -- Docs: https://docs.pytest.org/en/stable/how-to/capture-warnings.html
2026-09-15T07:23:39.1951053Z ================= 386 passed, 2 warnings in 115.67s (0:01:55) ==================
2026-09-15T07:23:39.5138518Z Post job cleanup.
2026-09-15T07:23:39.6367012Z Post job cleanup.
2026-09-15T07:23:39.7674341Z Post job cleanup.
2026-09-15T07:23:39.8560015Z [command]/usr/bin/git version
2026-09-15T07:23:39.8598223Z git version 2.55.0
2026-09-15T07:23:39.8645415Z Temporarily overriding HOME='<RUNNER_HOME>/work/_temp/4fd141a8-8dc5-4c64-a714-d7d659dc6d97' before making global git config changes
2026-09-15T07:23:39.8655394Z Adding repository directory to the temporary git global config as a safe directory
2026-09-15T07:23:39.8657279Z [command]/usr/bin/git config --global --add safe.directory <RUNNER_WORKSPACE>
2026-09-15T07:23:39.8680775Z Removing SSH command configuration
2026-09-15T07:23:39.8695283Z [command]/usr/bin/git config --local --name-only --get-regexp core\.sshCommand
2026-09-15T07:23:39.8727116Z [command]/usr/bin/git submodule foreach --recursive sh -c "git config --local --name-only --get-regexp 'core\.sshCommand' && git config --local --unset-all 'core.sshCommand' || :"
2026-09-15T07:23:39.8941611Z Removing HTTP extra header
2026-09-15T07:23:39.8948830Z [command]/usr/bin/git config --local --name-only --get-regexp http\.https\:\/\/github\.com\/\.extraheader
2026-09-15T07:23:39.8981075Z [command]/usr/bin/git submodule foreach --recursive sh -c "git config --local --name-only --get-regexp 'http\.https\:\/\/github\.com\/\.extraheader' && git config --local --unset-all 'http.https://github.com/.extraheader' || :"
2026-09-15T07:23:39.9288242Z Removing includeIf entries pointing to credentials config files
2026-09-15T07:23:39.9292500Z [command]/usr/bin/git config --local --name-only --get-regexp ^includeIf\.gitdir:
2026-09-15T07:23:39.9325204Z includeif.gitdir:<RUNNER_WORKSPACE>/.git.path
2026-09-15T07:23:39.9326991Z includeif.gitdir:<RUNNER_WORKSPACE>/.git/worktrees/*.path
2026-09-15T07:23:39.9328106Z includeif.gitdir:/github/workspace/.git.path
2026-09-15T07:23:39.9329034Z includeif.gitdir:/github/workspace/.git/worktrees/*.path
2026-09-15T07:23:39.9347530Z [command]/usr/bin/git config --local --get-all includeif.gitdir:<RUNNER_WORKSPACE>/.git.path
2026-09-15T07:23:39.9391118Z <RUNNER_HOME>/work/_temp/git-credentials-029b2caf-4996-4b86-b3eb-9fc9e0b53021.config
2026-09-15T07:23:39.9434126Z [command]/usr/bin/git config --local --unset includeif.gitdir:<RUNNER_WORKSPACE>/.git.path \/home\/runner\/work\/_temp\/git\-credentials\-029b2caf\-4996\-4b86\-b3eb\-9fc9e0b53021\.config
2026-09-15T07:23:39.9475351Z [command]/usr/bin/git config --local --get-all includeif.gitdir:<RUNNER_WORKSPACE>/.git/worktrees/*.path
2026-09-15T07:23:39.9486178Z <RUNNER_HOME>/work/_temp/git-credentials-029b2caf-4996-4b86-b3eb-9fc9e0b53021.config
2026-09-15T07:23:39.9506678Z [command]/usr/bin/git config --local --unset includeif.gitdir:<RUNNER_WORKSPACE>/.git/worktrees/*.path \/home\/runner\/work\/_temp\/git\-credentials\-029b2caf\-4996\-4b86\-b3eb\-9fc9e0b53021\.config
2026-09-15T07:23:39.9545802Z [command]/usr/bin/git config --local --get-all includeif.gitdir:/github/workspace/.git.path
2026-09-15T07:23:39.9576384Z /github/runner_temp/git-credentials-029b2caf-4996-4b86-b3eb-9fc9e0b53021.config
2026-09-15T07:23:39.9595302Z [command]/usr/bin/git config --local --unset includeif.gitdir:/github/workspace/.git.path \/github\/runner_temp\/git\-credentials\-029b2caf\-4996\-4b86\-b3eb\-9fc9e0b53021\.config
2026-09-15T07:23:39.9640930Z [command]/usr/bin/git config --local --get-all includeif.gitdir:/github/workspace/.git/worktrees/*.path
2026-09-15T07:23:39.9660049Z /github/runner_temp/git-credentials-029b2caf-4996-4b86-b3eb-9fc9e0b53021.config
2026-09-15T07:23:39.9684119Z [command]/usr/bin/git config --local --unset includeif.gitdir:/github/workspace/.git/worktrees/*.path \/github\/runner_temp\/git\-credentials\-029b2caf\-4996\-4b86\-b3eb\-9fc9e0b53021\.config
2026-09-15T07:23:39.9725636Z [command]/usr/bin/git submodule foreach --recursive git config --local --show-origin --name-only --get-regexp remote.origin.url
2026-09-15T07:23:39.9939829Z Removing credentials config '<RUNNER_HOME>/work/_temp/git-credentials-029b2caf-4996-4b86-b3eb-9fc9e0b53021.config'
2026-09-15T07:23:40.0077753Z Cleaning up orphan processes
