2026-09-15T07:22:01.1691032Z Current runner version: '2.337.0'
2026-09-15T07:22:01.1717692Z ##[group]Runner Image Provisioner
2026-09-15T07:22:01.1718653Z Hosted Compute Agent
2026-09-15T07:22:01.1719292Z Version: 20260828.587
2026-09-15T07:22:01.1719904Z Commit: abac92662cab4cc7352de4f9f9d2e2419aad9c29
2026-09-15T07:22:01.1720691Z Build Date: 2026-08-28T16:44:25Z
2026-09-15T07:22:01.1721363Z Worker ID: {5b200912-a5fe-41e9-bcf1-42c4293a3579}
2026-09-15T07:22:01.1722149Z Azure Region: eastus
2026-09-15T07:22:01.1722749Z ##[endgroup]
2026-09-15T07:22:01.1724269Z ##[group]Operating System
2026-09-15T07:22:01.1725305Z Ubuntu
2026-09-15T07:22:01.1725832Z 26.04.1
2026-09-15T07:22:01.1726398Z LTS
2026-09-15T07:22:01.1726964Z ##[endgroup]
2026-09-15T07:22:01.1727546Z ##[group]Runner Image
2026-09-15T07:22:01.1728164Z Image: ubuntu-26.04
2026-09-15T07:22:01.1728717Z Version: 20260907.131.1
2026-09-15T07:22:01.1730095Z Included Software: https://github.com/actions/runner-images/blob/ubuntu26/20260907.131/images/ubuntu/Ubuntu2604-Readme.md
2026-09-15T07:22:01.1731706Z Image Release: https://github.com/actions/runner-images/releases/tag/ubuntu26%2F20260907.131
2026-09-15T07:22:01.1732681Z ##[endgroup]
2026-09-15T07:22:01.1733871Z ##[group]GITHUB_TOKEN Permissions
2026-09-15T07:22:01.1736106Z Contents: read
2026-09-15T07:22:01.1736775Z Metadata: read
2026-09-15T07:22:01.1737338Z ##[endgroup]
2026-09-15T07:22:01.1739340Z Secret source: Actions
2026-09-15T07:22:01.1740391Z Cache mode: write
2026-09-15T07:22:01.1741135Z Prepare workflow directory
2026-09-15T07:22:01.2078521Z Prepare all required actions
2026-09-15T07:22:01.2126960Z Getting action download info
2026-09-15T07:22:01.3669703Z Download action repository 'actions/checkout@3d3c42e5aac5ba805825da76410c181273ba90b1' (SHA:3d3c42e5aac5ba805825da76410c181273ba90b1)
2026-09-15T07:22:01.4681310Z Download action repository 'actions/setup-python@5fda3b95a4ea91299a34e894583c3862153e4b97' (SHA:5fda3b95a4ea91299a34e894583c3862153e4b97)
2026-09-15T07:22:01.6501999Z Complete job name: backend
2026-09-15T07:22:01.7335151Z ##[group]Run actions/checkout@3d3c42e5aac5ba805825da76410c181273ba90b1
2026-09-15T07:22:01.7336268Z with:
2026-09-15T07:22:01.7336728Z   repository: kl3574/Learning_Workbench
2026-09-15T07:22:01.7340809Z   token: ***
2026-09-15T07:22:01.7341247Z   ssh-strict: true
2026-09-15T07:22:01.7341682Z   ssh-user: git
2026-09-15T07:22:01.7342120Z   persist-credentials: true
2026-09-15T07:22:01.7342606Z   clean: true
2026-09-15T07:22:01.7343047Z   sparse-checkout-cone-mode: true
2026-09-15T07:22:01.7343563Z   fetch-depth: 1
2026-09-15T07:22:01.7343989Z   fetch-tags: false
2026-09-15T07:22:01.7344427Z   show-progress: true
2026-09-15T07:22:01.7345085Z   lfs: false
2026-09-15T07:22:01.7345496Z   submodules: false
2026-09-15T07:22:01.7345940Z   set-safe-directory: true
2026-09-15T07:22:01.7346447Z   allow-unsafe-pr-checkout: false
2026-09-15T07:22:01.7347281Z ##[endgroup]
2026-09-15T07:22:01.8376813Z Syncing repository: kl3574/Learning_Workbench
2026-09-15T07:22:01.8379619Z ##[group]Getting Git version info
2026-09-15T07:22:01.8380925Z Working directory is '<RUNNER_WORKSPACE>'
2026-09-15T07:22:01.8382719Z [command]/usr/bin/git version
2026-09-15T07:22:01.8407822Z git version 2.55.0
2026-09-15T07:22:01.8467419Z ##[endgroup]
2026-09-15T07:22:01.8475825Z Temporarily overriding HOME='<RUNNER_HOME>/work/_temp/785b5bad-7445-4e60-83f9-9e112993b2d9' before making global git config changes
2026-09-15T07:22:01.8477921Z Adding repository directory to the temporary git global config as a safe directory
2026-09-15T07:22:01.8479287Z [command]/usr/bin/git config --global --add safe.directory <RUNNER_WORKSPACE>
2026-09-15T07:22:01.8514238Z Deleting the contents of '<RUNNER_WORKSPACE>'
2026-09-15T07:22:01.8519679Z ##[group]Determining repository object format
2026-09-15T07:22:01.8521470Z ##[endgroup]
2026-09-15T07:22:01.8522867Z ##[group]Initializing the repository
2026-09-15T07:22:01.8527401Z [command]/usr/bin/git init <RUNNER_WORKSPACE>
2026-09-15T07:22:01.8676897Z hint: Using 'master' as the name for the initial branch. This default branch name
2026-09-15T07:22:01.8679202Z hint: will change to "main" in Git 3.0. To configure the initial branch name
2026-09-15T07:22:01.8681039Z hint: to use in all of your new repositories, which will suppress this warning,
2026-09-15T07:22:01.8682541Z hint: call:
2026-09-15T07:22:01.8685002Z hint:
2026-09-15T07:22:01.8686112Z hint: 	git config --global init.defaultBranch <name>
2026-09-15T07:22:01.8687478Z hint:
2026-09-15T07:22:01.8688705Z hint: Names commonly chosen instead of 'master' are 'main', 'trunk' and
2026-09-15T07:22:01.8690448Z hint: 'development'. The just-created branch can be renamed via this command:
2026-09-15T07:22:01.8691879Z hint:
2026-09-15T07:22:01.8692828Z hint: 	git branch -m <name>
2026-09-15T07:22:01.8693567Z hint:
2026-09-15T07:22:01.8694467Z hint: Disable this message with "git config set advice.defaultBranchName false"
2026-09-15T07:22:01.8697123Z Initialized empty Git repository in <RUNNER_WORKSPACE>/.git/
2026-09-15T07:22:01.8701064Z [command]/usr/bin/git remote add origin https://github.com/kl3574/Learning_Workbench
2026-09-15T07:22:01.8742497Z ##[endgroup]
2026-09-15T07:22:01.8743885Z ##[group]Disabling automatic garbage collection
2026-09-15T07:22:01.8745965Z [command]/usr/bin/git config --local gc.auto 0
2026-09-15T07:22:01.8782732Z ##[endgroup]
2026-09-15T07:22:01.8784332Z ##[group]Setting up auth
2026-09-15T07:22:01.8785821Z Removing SSH command configuration
2026-09-15T07:22:01.8789752Z [command]/usr/bin/git config --local --name-only --get-regexp core\.sshCommand
2026-09-15T07:22:01.8829446Z [command]/usr/bin/git submodule foreach --recursive sh -c "git config --local --name-only --get-regexp 'core\.sshCommand' && git config --local --unset-all 'core.sshCommand' || :"
2026-09-15T07:22:01.9282034Z Removing HTTP extra header
2026-09-15T07:22:01.9288703Z [command]/usr/bin/git config --local --name-only --get-regexp http\.https\:\/\/github\.com\/\.extraheader
2026-09-15T07:22:01.9322926Z [command]/usr/bin/git submodule foreach --recursive sh -c "git config --local --name-only --get-regexp 'http\.https\:\/\/github\.com\/\.extraheader' && git config --local --unset-all 'http.https://github.com/.extraheader' || :"
2026-09-15T07:22:01.9631217Z Removing includeIf entries pointing to credentials config files
2026-09-15T07:22:01.9637696Z [command]/usr/bin/git config --local --name-only --get-regexp ^includeIf\.gitdir:
2026-09-15T07:22:01.9673467Z [command]/usr/bin/git submodule foreach --recursive git config --local --show-origin --name-only --get-regexp remote.origin.url
2026-09-15T07:22:01.9956549Z [command]/usr/bin/git config --file <RUNNER_HOME>/work/_temp/git-credentials-3123f288-8bdf-40f8-94cf-edbfd3c1a68f.config http.https://github.com/.extraheader AUTHORIZATION: basic ***
2026-09-15T07:22:02.0068446Z [command]/usr/bin/git config --local includeIf.gitdir:<RUNNER_WORKSPACE>/.git.path <RUNNER_HOME>/work/_temp/git-credentials-3123f288-8bdf-40f8-94cf-edbfd3c1a68f.config
2026-09-15T07:22:02.0075749Z [command]/usr/bin/git config --local includeIf.gitdir:<RUNNER_WORKSPACE>/.git/worktrees/*.path <RUNNER_HOME>/work/_temp/git-credentials-3123f288-8bdf-40f8-94cf-edbfd3c1a68f.config
2026-09-15T07:22:02.0081774Z [command]/usr/bin/git config --local includeIf.gitdir:/github/workspace/.git.path /github/runner_temp/git-credentials-3123f288-8bdf-40f8-94cf-edbfd3c1a68f.config
2026-09-15T07:22:02.0113822Z [command]/usr/bin/git config --local includeIf.gitdir:/github/workspace/.git/worktrees/*.path /github/runner_temp/git-credentials-3123f288-8bdf-40f8-94cf-edbfd3c1a68f.config
2026-09-15T07:22:02.0150068Z ##[endgroup]
2026-09-15T07:22:02.0158040Z ##[group]Fetching the repository
2026-09-15T07:22:02.0160913Z [command]/usr/bin/git -c protocol.version=2 fetch --no-tags --prune --no-recurse-submodules --depth=1 origin +9512cfdeb375ecc70e958fb2b737e835b627fe9b:refs/remotes/pull/49/merge
2026-09-15T07:22:04.4244841Z From https://github.com/kl3574/Learning_Workbench
2026-09-15T07:22:04.4245646Z  * [new ref]         9512cfdeb375ecc70e958fb2b737e835b627fe9b -> pull/49/merge
2026-09-15T07:22:04.4249765Z ##[endgroup]
2026-09-15T07:22:04.4250618Z ##[group]Determining the checkout info
2026-09-15T07:22:04.4251464Z ##[endgroup]
2026-09-15T07:22:04.4257879Z [command]/usr/bin/git sparse-checkout disable
2026-09-15T07:22:04.4310220Z [command]/usr/bin/git config --local --unset-all extensions.worktreeConfig
2026-09-15T07:22:04.4341378Z ##[group]Checking out the ref
2026-09-15T07:22:04.4345009Z [command]/usr/bin/git checkout --progress --force refs/remotes/pull/49/merge
2026-09-15T07:22:04.8233318Z Note: switching to 'refs/remotes/pull/49/merge'.
2026-09-15T07:22:04.8235033Z 
2026-09-15T07:22:04.8235860Z You are in 'detached HEAD' state. You can look around, make experimental
2026-09-15T07:22:04.8236976Z changes and commit them, and you can discard any commits you make in this
2026-09-15T07:22:04.8237946Z state without impacting any branches by switching back to a branch.
2026-09-15T07:22:04.8238518Z 
2026-09-15T07:22:04.8238894Z If you want to create a new branch to retain commits you create, you may
2026-09-15T07:22:04.8239762Z do so (now or later) by using -c with the switch command. Example:
2026-09-15T07:22:04.8240255Z 
2026-09-15T07:22:04.8240497Z   git switch -c <new-branch-name>
2026-09-15T07:22:04.8240859Z 
2026-09-15T07:22:04.8241087Z Or undo this operation with:
2026-09-15T07:22:04.8241412Z 
2026-09-15T07:22:04.8241623Z   git switch -
2026-09-15T07:22:04.8241920Z 
2026-09-15T07:22:04.8242366Z Turn off this advice by setting config variable advice.detachedHead to false
2026-09-15T07:22:04.8242993Z 
2026-09-15T07:22:04.8243617Z HEAD is now at 9512cfd Merge 6c9f997a89793a6cdbdd83a1f20e07e504047612 into 4ed8ea9244cafdad955f24a8d6ae699c82577779
2026-09-15T07:22:04.8258285Z ##[endgroup]
2026-09-15T07:22:04.8322833Z [command]/usr/bin/git log -1 --format=%H
2026-09-15T07:22:04.8354215Z 9512cfdeb375ecc70e958fb2b737e835b627fe9b
2026-09-15T07:22:04.8716016Z ##[group]Run actions/setup-python@5fda3b95a4ea91299a34e894583c3862153e4b97
2026-09-15T07:22:04.8716460Z with:
2026-09-15T07:22:04.8716674Z   python-version: 3.12.13
2026-09-15T07:22:04.8716918Z   check-latest: false
2026-09-15T07:22:04.8719461Z   token: ***
2026-09-15T07:22:04.8719699Z   update-environment: true
2026-09-15T07:22:04.8719959Z   allow-prereleases: false
2026-09-15T07:22:04.8720199Z   freethreaded: false
2026-09-15T07:22:04.8720428Z ##[endgroup]
2026-09-15T07:22:04.9946949Z ##[group]Installed versions
2026-09-15T07:22:04.9965714Z Version 3.12.13 was not found in the local cache
2026-09-15T07:22:05.7338499Z Version 3.12.13 is available for downloading
2026-09-15T07:22:05.7339970Z Download from "https://github.com/actions/python-versions/releases/download/3.12.13-27650778726/python-3.12.13-linux-26.04-x64.tar.gz"
2026-09-15T07:22:06.3204321Z Extract downloaded archive
2026-09-15T07:22:06.3337655Z [command]/usr/bin/tar xz --warning=no-unknown-keyword --overwrite -C <RUNNER_HOME>/work/_temp/73c8e628-d8dd-47dd-90fb-8d7418f4592d -f <RUNNER_HOME>/work/_temp/170c549a-10f2-4f69-8b62-73f9401c9925
2026-09-15T07:22:07.5163593Z Execute installation script
2026-09-15T07:22:07.5299072Z Check if Python hostedtoolcache folder exist...
2026-09-15T07:22:07.5299524Z Create Python 3.12.13 folder
2026-09-15T07:22:07.5326898Z Copy Python binaries to hostedtoolcache folder
2026-09-15T07:22:08.0013612Z Create additional symlinks (Required for the UsePythonVersion Azure Pipelines task and the setup-python GitHub Action)
2026-09-15T07:22:08.0117530Z Upgrading pip...
2026-09-15T07:22:10.0326749Z Collecting pip
2026-09-15T07:22:10.0506288Z Downloading pip-26.2.1-py3-none-any.whl.metadata (4.6 kB)
2026-09-15T07:22:10.0594010Z Downloading pip-26.2.1-py3-none-any.whl (1.8 MB)
2026-09-15T07:22:10.0786746Z ━━━━━━━━━━━━━━━━━━━━━━━━━━━━━━━━━━━━━━━━ 1.8/1.8 MB 138.6 MB/s eta 0:00:00
2026-09-15T07:22:10.0787325Z 
2026-09-15T07:22:10.0987586Z Installing collected packages: pip
2026-09-15T07:22:10.0989060Z Attempting uninstall: pip
2026-09-15T07:22:10.1010998Z Found existing installation: pip 25.0.1
2026-09-15T07:22:10.1363474Z Uninstalling pip-25.0.1:
2026-09-15T07:22:10.1424983Z Successfully uninstalled pip-25.0.1
2026-09-15T07:22:11.0280791Z Successfully installed pip-26.2.1
2026-09-15T07:22:11.0778709Z Create complete file
2026-09-15T07:22:11.0835425Z Successfully set up CPython (3.12.13)
2026-09-15T07:22:11.0836540Z ##[endgroup]
2026-09-15T07:22:11.1011453Z ##[group]Run python -m pip install uv==0.11.21
2026-09-15T07:22:11.1011871Z [36;1mpython -m pip install uv==0.11.21[0m
2026-09-15T07:22:11.1186865Z shell: /usr/bin/bash -e {0}
2026-09-15T07:22:11.1187202Z env:
2026-09-15T07:22:11.1187516Z   pythonLocation: /opt/hostedtoolcache/Python/3.12.13/x64
2026-09-15T07:22:11.1188062Z   PKG_CONFIG_PATH: /opt/hostedtoolcache/Python/3.12.13/x64/lib/pkgconfig
2026-09-15T07:22:11.1188591Z   Python_ROOT_DIR: /opt/hostedtoolcache/Python/3.12.13/x64
2026-09-15T07:22:11.1189100Z   Python2_ROOT_DIR: /opt/hostedtoolcache/Python/3.12.13/x64
2026-09-15T07:22:11.1189562Z   Python3_ROOT_DIR: /opt/hostedtoolcache/Python/3.12.13/x64
2026-09-15T07:22:11.1190030Z   LD_LIBRARY_PATH: /opt/hostedtoolcache/Python/3.12.13/x64/lib
2026-09-15T07:22:11.1190440Z ##[endgroup]
2026-09-15T07:22:12.2506731Z Collecting uv==0.11.21
2026-09-15T07:22:12.2733394Z   Downloading uv-0.11.21-py3-none-manylinux_2_17_x86_64.manylinux2014_x86_64.whl.metadata (11 kB)
2026-09-15T07:22:12.2841321Z Downloading uv-0.11.21-py3-none-manylinux_2_17_x86_64.manylinux2014_x86_64.whl (25.1 MB)
2026-09-15T07:22:12.4264909Z    ━━━━━━━━━━━━━━━━━━━━━━━━━━━━━━━━━━━━━━━━ 25.1/25.1 MB 193.0 MB/s  0:00:00
2026-09-15T07:22:12.4715571Z Installing collected packages: uv
2026-09-15T07:22:12.7309011Z Successfully installed uv-0.11.21
2026-09-15T07:22:12.7864149Z ##[group]Run uv sync --frozen
2026-09-15T07:22:12.7864790Z [36;1muv sync --frozen[0m
2026-09-15T07:22:12.7923971Z shell: /usr/bin/bash -e {0}
2026-09-15T07:22:12.7924222Z env:
2026-09-15T07:22:12.7924690Z   pythonLocation: /opt/hostedtoolcache/Python/3.12.13/x64
2026-09-15T07:22:12.7925153Z   PKG_CONFIG_PATH: /opt/hostedtoolcache/Python/3.12.13/x64/lib/pkgconfig
2026-09-15T07:22:12.7925597Z   Python_ROOT_DIR: /opt/hostedtoolcache/Python/3.12.13/x64
2026-09-15T07:22:12.7925988Z   Python2_ROOT_DIR: /opt/hostedtoolcache/Python/3.12.13/x64
2026-09-15T07:22:12.7926370Z   Python3_ROOT_DIR: /opt/hostedtoolcache/Python/3.12.13/x64
2026-09-15T07:22:12.7926755Z   LD_LIBRARY_PATH: /opt/hostedtoolcache/Python/3.12.13/x64/lib
2026-09-15T07:22:12.7927097Z ##[endgroup]
2026-09-15T07:22:12.8524739Z Using CPython 3.12.13 interpreter at: /opt/hostedtoolcache/Python/3.12.13/x64/bin/python3.12
2026-09-15T07:22:12.8525382Z Creating virtual environment at: .venv
2026-09-15T07:22:12.9382935Z Downloading pygments (1.2MiB)
2026-09-15T07:22:12.9394492Z Downloading ast-serialize (1.3MiB)
2026-09-15T07:22:12.9396174Z Downloading pydantic-core (2.0MiB)
2026-09-15T07:22:12.9398344Z Downloading ruff (9.9MiB)
2026-09-15T07:22:12.9401848Z Downloading mypy (14.6MiB)
2026-09-15T07:22:13.1768994Z  Downloaded ast-serialize
2026-09-15T07:22:13.2301882Z  Downloaded pydantic-core
2026-09-15T07:22:13.2618779Z  Downloaded ruff
2026-09-15T07:22:13.3519817Z  Downloaded pygments
2026-09-15T07:22:13.4963121Z  Downloaded mypy
2026-09-15T07:22:13.4966385Z Prepared 37 packages in 641ms
2026-09-15T07:22:13.5427224Z Installed 37 packages in 45ms
2026-09-15T07:22:13.5427970Z  + annotated-doc==0.0.5
2026-09-15T07:22:13.5428424Z  + annotated-types==0.8.0
2026-09-15T07:22:13.5428850Z  + anyio==4.15.1
2026-09-15T07:22:13.5429217Z  + ast-serialize==0.11.2
2026-09-15T07:22:13.5429621Z  + attrs==26.1.0
2026-09-15T07:22:13.5429988Z  + certifi==2026.7.22
2026-09-15T07:22:13.5430374Z  + click==8.5.0
2026-09-15T07:22:13.5430744Z  + defusedxml==0.7.1
2026-09-15T07:22:13.5431119Z  + fastapi==0.141.1
2026-09-15T07:22:13.5431491Z  + h11==0.16.0
2026-09-15T07:22:13.5431861Z  + httpcore==1.0.9
2026-09-15T07:22:13.5432226Z  + httpx==0.28.1
2026-09-15T07:22:13.5432873Z  + idna==3.19
2026-09-15T07:22:13.5433220Z  + iniconfig==2.3.0
2026-09-15T07:22:13.5433597Z  + jsonschema==4.26.0
2026-09-15T07:22:13.5434014Z  + jsonschema-specifications==2025.9.1
2026-09-15T07:22:13.5434710Z  + librt==0.15.0
2026-09-15T07:22:13.5435108Z  + markdown-it-py==4.2.0
2026-09-15T07:22:13.5435553Z  + mdurl==0.1.2
2026-09-15T07:22:13.5435928Z  + mypy==2.3.1
2026-09-15T07:22:13.5436341Z  + mypy-extensions==1.1.0
2026-09-15T07:22:13.5436786Z  + packaging==26.3
2026-09-15T07:22:13.5437185Z  + pathspec==1.1.1
2026-09-15T07:22:13.5437576Z  + pluggy==1.6.0
2026-09-15T07:22:13.5437936Z  + pydantic==2.13.5
2026-09-15T07:22:13.5438311Z  + pydantic-core==2.46.5
2026-09-15T07:22:13.5438694Z  + pygments==2.21.0
2026-09-15T07:22:13.5439092Z  + pypdf==6.18.1
2026-09-15T07:22:13.5439491Z  + pytest==9.1.1
2026-09-15T07:22:13.5439923Z  + python-multipart==0.0.32
2026-09-15T07:22:13.5440247Z  + referencing==0.37.0
2026-09-15T07:22:13.5440468Z  + rpds-py==2026.6.3
2026-09-15T07:22:13.5440680Z  + ruff==0.16.7
2026-09-15T07:22:13.5440890Z  + starlette==1.6.0
2026-09-15T07:22:13.5441111Z  + typing-extensions==4.16.0
2026-09-15T07:22:13.5441368Z  + typing-inspection==0.4.4
2026-09-15T07:22:13.5441603Z  + uvicorn==0.53.0
2026-09-15T07:22:13.5513033Z ##[group]Run sudo apt-get update
2026-09-15T07:22:13.5513369Z [36;1msudo apt-get update[0m
2026-09-15T07:22:13.5514006Z [36;1msudo apt-get install -y bubblewrap=0.11.1-1ubuntu0.1 apparmor=5.0.2-0ubuntu1~26.04.1 libapparmor1=5.0.2-0ubuntu1~26.04.1 libseccomp2=2.6.0-2ubuntu5[0m
2026-09-15T07:22:13.5515245Z [36;1mdpkg-query -W bubblewrap apparmor libapparmor1 libseccomp2[0m
2026-09-15T07:22:13.5515697Z [36;1mtest -f /etc/apparmor.d/bwrap-userns-restrict[0m
2026-09-15T07:22:13.5516015Z [36;1mbwrap --version[0m
2026-09-15T07:22:13.5573234Z shell: /usr/bin/bash -e {0}
2026-09-15T07:22:13.5573476Z env:
2026-09-15T07:22:13.5573748Z   pythonLocation: /opt/hostedtoolcache/Python/3.12.13/x64
2026-09-15T07:22:13.5574197Z   PKG_CONFIG_PATH: /opt/hostedtoolcache/Python/3.12.13/x64/lib/pkgconfig
2026-09-15T07:22:13.5574932Z   Python_ROOT_DIR: /opt/hostedtoolcache/Python/3.12.13/x64
2026-09-15T07:22:13.5575320Z   Python2_ROOT_DIR: /opt/hostedtoolcache/Python/3.12.13/x64
2026-09-15T07:22:13.5575731Z   Python3_ROOT_DIR: /opt/hostedtoolcache/Python/3.12.13/x64
2026-09-15T07:22:13.5576120Z   LD_LIBRARY_PATH: /opt/hostedtoolcache/Python/3.12.13/x64/lib
2026-09-15T07:22:13.5576442Z ##[endgroup]
2026-09-15T07:22:13.6451236Z Get:1 file:/etc/apt/apt-mirrors.txt Mirrorlist [144 B]
2026-09-15T07:22:13.6796321Z Hit:2 http://azure.archive.ubuntu.com/ubuntu resolute InRelease
2026-09-15T07:22:13.6813775Z Get:6 https://packages.microsoft.com/ubuntu/26.04/prod resolute InRelease [3964 B]
2026-09-15T07:22:13.6865669Z Get:3 http://azure.archive.ubuntu.com/ubuntu resolute-updates InRelease [137 kB]
2026-09-15T07:22:13.6885366Z Get:4 http://azure.archive.ubuntu.com/ubuntu resolute-backports InRelease [137 kB]
2026-09-15T07:22:13.6923882Z Get:5 http://azure.archive.ubuntu.com/ubuntu resolute-security InRelease [137 kB]
2026-09-15T07:22:13.7103642Z Get:7 https://dl.google.com/linux/chrome-stable/deb stable InRelease [2548 B]
2026-09-15T07:22:13.7171245Z Get:8 https://packages.microsoft.com/ubuntu/26.04/prod resolute/main amd64 Packages [59.9 kB]
2026-09-15T07:22:13.7476151Z Get:9 http://azure.archive.ubuntu.com/ubuntu resolute-updates/main amd64v3 Packages [610 kB]
2026-09-15T07:22:13.7483393Z Get:19 https://packages.microsoft.com/ubuntu/26.04/prod resolute/main arm64 Packages [52.1 kB]
2026-09-15T07:22:13.7528029Z Get:10 http://azure.archive.ubuntu.com/ubuntu resolute-updates/main Translation-en [145 kB]
2026-09-15T07:22:13.7577166Z Get:11 http://azure.archive.ubuntu.com/ubuntu resolute-updates/main amd64 Components [97.8 kB]
2026-09-15T07:22:13.7615790Z Get:12 http://azure.archive.ubuntu.com/ubuntu resolute-updates/universe amd64v3 Packages [293 kB]
2026-09-15T07:22:13.7705787Z Get:13 http://azure.archive.ubuntu.com/ubuntu resolute-updates/universe Translation-en [93.2 kB]
2026-09-15T07:22:13.7707666Z Get:14 http://azure.archive.ubuntu.com/ubuntu resolute-updates/universe amd64 Components [188 kB]
2026-09-15T07:22:13.7716107Z Get:15 http://azure.archive.ubuntu.com/ubuntu resolute-updates/restricted amd64v3 Packages [409 kB]
2026-09-15T07:22:13.7745852Z Get:16 http://azure.archive.ubuntu.com/ubuntu resolute-updates/restricted Translation-en [79.5 kB]
2026-09-15T07:22:13.7765815Z Get:17 http://azure.archive.ubuntu.com/ubuntu resolute-updates/multiverse amd64v3 Packages [11.6 kB]
2026-09-15T07:22:13.7795614Z Get:18 http://azure.archive.ubuntu.com/ubuntu resolute-updates/multiverse Translation-en [3036 B]
2026-09-15T07:22:13.8124732Z Get:31 https://dl.google.com/linux/chrome-stable/deb stable/main amd64 Packages [1413 B]
2026-09-15T07:22:13.8188642Z Get:20 http://azure.archive.ubuntu.com/ubuntu resolute-backports/universe amd64 Components [1056 B]
2026-09-15T07:22:13.8200733Z Get:21 http://azure.archive.ubuntu.com/ubuntu resolute-security/main amd64v3 Packages [474 kB]
2026-09-15T07:22:13.8231988Z Get:22 http://azure.archive.ubuntu.com/ubuntu resolute-security/main Translation-en [111 kB]
2026-09-15T07:22:13.8247225Z Get:23 http://azure.archive.ubuntu.com/ubuntu resolute-security/main amd64 Components [46.6 kB]
2026-09-15T07:22:13.8260417Z Get:24 http://azure.archive.ubuntu.com/ubuntu resolute-security/universe amd64v3 Packages [173 kB]
2026-09-15T07:22:13.8282960Z Get:25 http://azure.archive.ubuntu.com/ubuntu resolute-security/universe Translation-en [54.4 kB]
2026-09-15T07:22:13.8294204Z Get:26 http://azure.archive.ubuntu.com/ubuntu resolute-security/universe amd64 Components [43.4 kB]
2026-09-15T07:22:13.8306579Z Get:27 http://azure.archive.ubuntu.com/ubuntu resolute-security/restricted amd64v3 Packages [399 kB]
2026-09-15T07:22:13.8343569Z Get:28 http://azure.archive.ubuntu.com/ubuntu resolute-security/restricted Translation-en [77.7 kB]
2026-09-15T07:22:13.8356962Z Get:29 http://azure.archive.ubuntu.com/ubuntu resolute-security/multiverse amd64v3 Packages [10.9 kB]
2026-09-15T07:22:13.8373996Z Get:30 http://azure.archive.ubuntu.com/ubuntu resolute-security/multiverse Translation-en [2844 B]
2026-09-15T07:22:17.2055622Z Fetched 3855 kB in 0s (9342 kB/s)
2026-09-15T07:22:17.8342743Z Reading package lists...
2026-09-15T07:22:17.8691655Z Reading package lists...
2026-09-15T07:22:18.0071160Z Building dependency tree...
2026-09-15T07:22:18.0078465Z Reading state information...
2026-09-15T07:22:18.0380166Z bubblewrap is already the newest version (0.11.1-1ubuntu0.1).
2026-09-15T07:22:18.0381011Z bubblewrap set to manually installed.
2026-09-15T07:22:18.0381501Z apparmor is already the newest version (5.0.2-0ubuntu1~26.04.1).
2026-09-15T07:22:18.0381965Z apparmor set to manually installed.
2026-09-15T07:22:18.0382416Z libapparmor1 is already the newest version (5.0.2-0ubuntu1~26.04.1).
2026-09-15T07:22:18.0382903Z libapparmor1 set to manually installed.
2026-09-15T07:22:18.0383335Z libseccomp2 is already the newest version (2.6.0-2ubuntu5).
2026-09-15T07:22:18.0383783Z libseccomp2 set to manually installed.
2026-09-15T07:22:18.0908420Z Solving dependencies...
2026-09-15T07:22:18.2091400Z 0 upgraded, 0 newly installed, 0 to remove and 73 not upgraded.
2026-09-15T07:22:18.2228576Z apparmor	5.0.2-0ubuntu1~26.04.1
2026-09-15T07:22:18.2229108Z bubblewrap	0.11.1-1ubuntu0.1
2026-09-15T07:22:18.2229565Z libapparmor1:amd64	5.0.2-0ubuntu1~26.04.1
2026-09-15T07:22:18.2230098Z libseccomp2:amd64	2.6.0-2ubuntu5
2026-09-15T07:22:18.2648144Z bubblewrap 0.11.1
2026-09-15T07:22:18.2682103Z ##[group]Run uv run --frozen ruff check .
2026-09-15T07:22:18.2682456Z [36;1muv run --frozen ruff check .[0m
2026-09-15T07:22:18.2740018Z shell: /usr/bin/bash -e {0}
2026-09-15T07:22:18.2740273Z env:
2026-09-15T07:22:18.2740546Z   pythonLocation: /opt/hostedtoolcache/Python/3.12.13/x64
2026-09-15T07:22:18.2740994Z   PKG_CONFIG_PATH: /opt/hostedtoolcache/Python/3.12.13/x64/lib/pkgconfig
2026-09-15T07:22:18.2741437Z   Python_ROOT_DIR: /opt/hostedtoolcache/Python/3.12.13/x64
2026-09-15T07:22:18.2741817Z   Python2_ROOT_DIR: /opt/hostedtoolcache/Python/3.12.13/x64
2026-09-15T07:22:18.2742364Z   Python3_ROOT_DIR: /opt/hostedtoolcache/Python/3.12.13/x64
2026-09-15T07:22:18.2742750Z   LD_LIBRARY_PATH: /opt/hostedtoolcache/Python/3.12.13/x64/lib
2026-09-15T07:22:18.2743086Z ##[endgroup]
2026-09-15T07:22:18.3742750Z All checks passed!
2026-09-15T07:22:18.3815138Z ##[group]Run uv run --frozen mypy
2026-09-15T07:22:18.3815483Z [36;1muv run --frozen mypy[0m
2026-09-15T07:22:18.3873799Z shell: /usr/bin/bash -e {0}
2026-09-15T07:22:18.3874057Z env:
2026-09-15T07:22:18.3874326Z   pythonLocation: /opt/hostedtoolcache/Python/3.12.13/x64
2026-09-15T07:22:18.3875159Z   PKG_CONFIG_PATH: /opt/hostedtoolcache/Python/3.12.13/x64/lib/pkgconfig
2026-09-15T07:22:18.3875609Z   Python_ROOT_DIR: /opt/hostedtoolcache/Python/3.12.13/x64
2026-09-15T07:22:18.3876001Z   Python2_ROOT_DIR: /opt/hostedtoolcache/Python/3.12.13/x64
2026-09-15T07:22:18.3876391Z   Python3_ROOT_DIR: /opt/hostedtoolcache/Python/3.12.13/x64
2026-09-15T07:22:18.3876775Z   LD_LIBRARY_PATH: /opt/hostedtoolcache/Python/3.12.13/x64/lib
2026-09-15T07:22:18.3877116Z ##[endgroup]
2026-09-15T07:22:25.5003689Z Success: no issues found in 125 source files
2026-09-15T07:22:25.5222365Z ##[group]Run uv run --frozen python scripts/probe_document_sandbox.py
2026-09-15T07:22:25.5222888Z [36;1muv run --frozen python scripts/probe_document_sandbox.py[0m
2026-09-15T07:22:25.5280094Z shell: /usr/bin/bash -e {0}
2026-09-15T07:22:25.5280345Z env:
2026-09-15T07:22:25.5280614Z   pythonLocation: /opt/hostedtoolcache/Python/3.12.13/x64
2026-09-15T07:22:25.5281087Z   PKG_CONFIG_PATH: /opt/hostedtoolcache/Python/3.12.13/x64/lib/pkgconfig
2026-09-15T07:22:25.5281536Z   Python_ROOT_DIR: /opt/hostedtoolcache/Python/3.12.13/x64
2026-09-15T07:22:25.5281926Z   Python2_ROOT_DIR: /opt/hostedtoolcache/Python/3.12.13/x64
2026-09-15T07:22:25.5282313Z   Python3_ROOT_DIR: /opt/hostedtoolcache/Python/3.12.13/x64
2026-09-15T07:22:25.5282701Z   LD_LIBRARY_PATH: /opt/hostedtoolcache/Python/3.12.13/x64/lib
2026-09-15T07:22:25.5283033Z ##[endgroup]
2026-09-15T07:22:26.0418012Z {
2026-09-15T07:22:26.0418706Z   "scope": "fixed synthetic runtime probe; no uploaded document or environment dump",
2026-09-15T07:22:26.0419273Z   "python_version": "3.12.13",
2026-09-15T07:22:26.0419530Z   "exit_code": 0,
2026-09-15T07:22:26.0419789Z   "stdout": "{\"synthetic_runtime_ready\": true}\n",
2026-09-15T07:22:26.0420091Z   "stderr": "",
2026-09-15T07:22:26.0420300Z   "status": "PASS"
2026-09-15T07:22:26.0420503Z }
2026-09-15T07:22:26.0661284Z ##[group]Run uv run --frozen pytest tests/unit tests/security
2026-09-15T07:22:26.0661766Z [36;1muv run --frozen pytest tests/unit tests/security[0m
2026-09-15T07:22:26.0717908Z shell: /usr/bin/bash -e {0}
2026-09-15T07:22:26.0718164Z env:
2026-09-15T07:22:26.0718436Z   pythonLocation: /opt/hostedtoolcache/Python/3.12.13/x64
2026-09-15T07:22:26.0718888Z   PKG_CONFIG_PATH: /opt/hostedtoolcache/Python/3.12.13/x64/lib/pkgconfig
2026-09-15T07:22:26.0719333Z   Python_ROOT_DIR: /opt/hostedtoolcache/Python/3.12.13/x64
2026-09-15T07:22:26.0719743Z   Python2_ROOT_DIR: /opt/hostedtoolcache/Python/3.12.13/x64
2026-09-15T07:22:26.0720139Z   Python3_ROOT_DIR: /opt/hostedtoolcache/Python/3.12.13/x64
2026-09-15T07:22:26.0720542Z   LD_LIBRARY_PATH: /opt/hostedtoolcache/Python/3.12.13/x64/lib
2026-09-15T07:22:26.0720874Z ##[endgroup]
2026-09-15T07:22:28.9816658Z ============================= test session starts ==============================
2026-09-15T07:22:28.9817718Z platform linux -- Python 3.12.13, pytest-9.1.1, pluggy-1.6.0
2026-09-15T07:22:28.9818606Z rootdir: <RUNNER_WORKSPACE>
2026-09-15T07:22:28.9819337Z configfile: pyproject.toml
2026-09-15T07:22:28.9819815Z plugins: anyio-4.15.1
2026-09-15T07:22:28.9820235Z collected 537 items
2026-09-15T07:22:28.9820500Z 
2026-09-15T07:22:29.1067396Z tests/unit/test_backend_database.py .........                            [  1%]
2026-09-15T07:22:29.6038988Z tests/unit/test_backup_command.py ....                                   [  2%]
2026-09-15T07:22:29.6211131Z tests/unit/test_concept_state_rules.py ..................                [  5%]
2026-09-15T07:22:29.6898996Z tests/unit/test_content_store.py ....................................... [ 13%]
2026-09-15T07:22:29.7318389Z ...........................                                              [ 18%]
2026-09-15T07:22:33.3592672Z tests/unit/test_document_extraction.py ................................. [ 24%]
2026-09-15T07:22:34.6242181Z ................                                                         [ 27%]
2026-09-15T07:22:34.6684757Z tests/unit/test_eligibility.py ......................................... [ 34%]
2026-09-15T07:22:34.6768664Z .......                                                                  [ 36%]
2026-09-15T07:22:34.6821436Z tests/unit/test_governance.py .....                                      [ 37%]
2026-09-15T07:22:34.7265018Z tests/unit/test_grading_rules.py ....................................... [ 44%]
2026-09-15T07:22:34.7836052Z ....................................................                     [ 54%]
2026-09-15T07:22:34.8366338Z tests/unit/test_import_budgets.py ......................                 [ 58%]
2026-09-15T07:22:35.2188033Z tests/unit/test_import_parsing.py ...................................... [ 65%]
2026-09-15T07:22:35.3526160Z ......                                                                   [ 66%]
2026-09-15T07:22:35.8829987Z tests/unit/test_provider_budget.py ............                          [ 68%]
2026-09-15T07:22:36.3759488Z tests/unit/test_provider_protocol.py .............................       [ 73%]
2026-09-15T07:22:38.6279497Z tests/unit/test_provider_repository.py ...........                       [ 75%]
2026-09-15T07:22:39.6130282Z tests/unit/test_provider_secret_store.py .......................         [ 80%]
2026-09-15T07:22:39.6186025Z tests/unit/test_recommendation_config.py .......                         [ 81%]
2026-09-15T07:22:39.7150125Z tests/unit/test_recommendation_rules.py ..................               [ 84%]
2026-09-15T07:22:41.0662700Z tests/unit/test_spec_catalog.py ....                                     [ 85%]
2026-09-15T07:22:41.0856823Z tests/unit/test_spec_extraction.py .........                             [ 87%]
2026-09-15T07:22:43.3893037Z tests/security/test_document_sandbox.py ...............                  [ 90%]
2026-09-15T07:22:49.4909133Z tests/security/test_local_boundary.py .................................  [ 96%]
2026-09-15T07:22:50.0948154Z tests/security/test_provider_network.py ....................             [100%]
2026-09-15T07:22:50.0948924Z 
2026-09-15T07:22:50.0949341Z =============================== warnings summary ===============================
2026-09-15T07:22:50.0950380Z .venv/lib/python3.12/site-packages/fastapi/testclient.py:1
2026-09-15T07:22:50.0953073Z   <RUNNER_WORKSPACE>/.venv/lib/python3.12/site-packages/fastapi/testclient.py:1: StarletteDeprecationWarning: Using `httpx` with `starlette.testclient` is deprecated; install `httpx2` instead.
2026-09-15T07:22:50.0956270Z     from starlette.testclient import TestClient as TestClient  # noqa
2026-09-15T07:22:50.0956753Z 
2026-09-15T07:22:50.0957026Z .venv/lib/python3.12/site-packages/starlette/testclient.py:53
2026-09-15T07:22:50.0958645Z   <RUNNER_WORKSPACE>/.venv/lib/python3.12/site-packages/starlette/testclient.py:53: DeprecationWarning: The anyio.abc.BlockingPortal alias is deprecated, use anyio.from_thread.BlockingPortal instead.
2026-09-15T07:22:50.0960142Z     _PortalFactoryType = Callable[[], AbstractContextManager[anyio.abc.BlockingPortal]]
2026-09-15T07:22:50.0960611Z 
2026-09-15T07:22:50.0960890Z -- Docs: https://docs.pytest.org/en/stable/how-to/capture-warnings.html
2026-09-15T07:22:50.0961506Z ======================= 537 passed, 2 warnings in 23.11s =======================
2026-09-15T07:22:50.3149525Z Post job cleanup.
2026-09-15T07:22:50.4492438Z Post job cleanup.
2026-09-15T07:22:50.5432807Z [command]/usr/bin/git version
2026-09-15T07:22:50.5483757Z git version 2.55.0
2026-09-15T07:22:50.5525944Z Temporarily overriding HOME='<RUNNER_HOME>/work/_temp/74f1fab8-a050-4cae-84c0-c019c58f925c' before making global git config changes
2026-09-15T07:22:50.5527698Z Adding repository directory to the temporary git global config as a safe directory
2026-09-15T07:22:50.5532129Z [command]/usr/bin/git config --global --add safe.directory <RUNNER_WORKSPACE>
2026-09-15T07:22:50.5576158Z Removing SSH command configuration
2026-09-15T07:22:50.5583159Z [command]/usr/bin/git config --local --name-only --get-regexp core\.sshCommand
2026-09-15T07:22:50.5628110Z [command]/usr/bin/git submodule foreach --recursive sh -c "git config --local --name-only --get-regexp 'core\.sshCommand' && git config --local --unset-all 'core.sshCommand' || :"
2026-09-15T07:22:50.5939809Z Removing HTTP extra header
2026-09-15T07:22:50.5948002Z [command]/usr/bin/git config --local --name-only --get-regexp http\.https\:\/\/github\.com\/\.extraheader
2026-09-15T07:22:50.5993132Z [command]/usr/bin/git submodule foreach --recursive sh -c "git config --local --name-only --get-regexp 'http\.https\:\/\/github\.com\/\.extraheader' && git config --local --unset-all 'http.https://github.com/.extraheader' || :"
2026-09-15T07:22:50.6312287Z Removing includeIf entries pointing to credentials config files
2026-09-15T07:22:50.6318660Z [command]/usr/bin/git config --local --name-only --get-regexp ^includeIf\.gitdir:
2026-09-15T07:22:50.6348329Z includeif.gitdir:<RUNNER_WORKSPACE>/.git.path
2026-09-15T07:22:50.6349263Z includeif.gitdir:<RUNNER_WORKSPACE>/.git/worktrees/*.path
2026-09-15T07:22:50.6349793Z includeif.gitdir:/github/workspace/.git.path
2026-09-15T07:22:50.6350178Z includeif.gitdir:/github/workspace/.git/worktrees/*.path
2026-09-15T07:22:50.6358101Z [command]/usr/bin/git config --local --get-all includeif.gitdir:<RUNNER_WORKSPACE>/.git.path
2026-09-15T07:22:50.6383720Z <RUNNER_HOME>/work/_temp/git-credentials-3123f288-8bdf-40f8-94cf-edbfd3c1a68f.config
2026-09-15T07:22:50.6395825Z [command]/usr/bin/git config --local --unset includeif.gitdir:<RUNNER_WORKSPACE>/.git.path \/home\/runner\/work\/_temp\/git\-credentials\-3123f288\-8bdf\-40f8\-94cf\-edbfd3c1a68f\.config
2026-09-15T07:22:50.6434861Z [command]/usr/bin/git config --local --get-all includeif.gitdir:<RUNNER_WORKSPACE>/.git/worktrees/*.path
2026-09-15T07:22:50.6460140Z <RUNNER_HOME>/work/_temp/git-credentials-3123f288-8bdf-40f8-94cf-edbfd3c1a68f.config
2026-09-15T07:22:50.6469267Z [command]/usr/bin/git config --local --unset includeif.gitdir:<RUNNER_WORKSPACE>/.git/worktrees/*.path \/home\/runner\/work\/_temp\/git\-credentials\-3123f288\-8bdf\-40f8\-94cf\-edbfd3c1a68f\.config
2026-09-15T07:22:50.6502573Z [command]/usr/bin/git config --local --get-all includeif.gitdir:/github/workspace/.git.path
2026-09-15T07:22:50.6526697Z /github/runner_temp/git-credentials-3123f288-8bdf-40f8-94cf-edbfd3c1a68f.config
2026-09-15T07:22:50.6533569Z [command]/usr/bin/git config --local --unset includeif.gitdir:/github/workspace/.git.path \/github\/runner_temp\/git\-credentials\-3123f288\-8bdf\-40f8\-94cf\-edbfd3c1a68f\.config
2026-09-15T07:22:50.6623159Z [command]/usr/bin/git config --local --get-all includeif.gitdir:/github/workspace/.git/worktrees/*.path
2026-09-15T07:22:50.6624867Z /github/runner_temp/git-credentials-3123f288-8bdf-40f8-94cf-edbfd3c1a68f.config
2026-09-15T07:22:50.6627775Z [command]/usr/bin/git config --local --unset includeif.gitdir:/github/workspace/.git/worktrees/*.path \/github\/runner_temp\/git\-credentials\-3123f288\-8bdf\-40f8\-94cf\-edbfd3c1a68f\.config
2026-09-15T07:22:50.6639512Z [command]/usr/bin/git submodule foreach --recursive git config --local --show-origin --name-only --get-regexp remote.origin.url
2026-09-15T07:22:50.6920869Z Removing credentials config '<RUNNER_HOME>/work/_temp/git-credentials-3123f288-8bdf-40f8-94cf-edbfd3c1a68f.config'
2026-09-15T07:22:50.7081516Z Cleaning up orphan processes
