2026-09-15T07:22:01.2254764Z Current runner version: '2.337.0'
2026-09-15T07:22:01.2280205Z ##[group]Runner Image Provisioner
2026-09-15T07:22:01.2281162Z Hosted Compute Agent
2026-09-15T07:22:01.2282732Z Version: 20260828.587
2026-09-15T07:22:01.2283828Z Commit: abac92662cab4cc7352de4f9f9d2e2419aad9c29
2026-09-15T07:22:01.2285096Z Build Date: 2026-08-28T16:44:25Z
2026-09-15T07:22:01.2285848Z Worker ID: {a3e2c825-19e6-4a57-8e0c-c5026bd355c4}
2026-09-15T07:22:01.2286609Z Azure Region: westcentralus
2026-09-15T07:22:01.2287227Z ##[endgroup]
2026-09-15T07:22:01.2289263Z ##[group]Operating System
2026-09-15T07:22:01.2290007Z Ubuntu
2026-09-15T07:22:01.2290537Z 26.04.1
2026-09-15T07:22:01.2291066Z LTS
2026-09-15T07:22:01.2291629Z ##[endgroup]
2026-09-15T07:22:01.2292210Z ##[group]Runner Image
2026-09-15T07:22:01.2292900Z Image: ubuntu-26.04
2026-09-15T07:22:01.2293496Z Version: 20260907.131.1
2026-09-15T07:22:01.2294815Z Included Software: https://github.com/actions/runner-images/blob/ubuntu26/20260907.131/images/ubuntu/Ubuntu2604-Readme.md
2026-09-15T07:22:01.2296378Z Image Release: https://github.com/actions/runner-images/releases/tag/ubuntu26%2F20260907.131
2026-09-15T07:22:01.2297417Z ##[endgroup]
2026-09-15T07:22:01.2298719Z ##[group]GITHUB_TOKEN Permissions
2026-09-15T07:22:01.2301047Z Contents: read
2026-09-15T07:22:01.2301656Z Metadata: read
2026-09-15T07:22:01.2302191Z ##[endgroup]
2026-09-15T07:22:01.2304975Z Secret source: Actions
2026-09-15T07:22:01.2306151Z Cache mode: write
2026-09-15T07:22:01.2307385Z Prepare workflow directory
2026-09-15T07:22:01.2650444Z Prepare all required actions
2026-09-15T07:22:01.2698914Z Getting action download info
2026-09-15T07:22:01.5553735Z Download action repository 'actions/checkout@3d3c42e5aac5ba805825da76410c181273ba90b1' (SHA:3d3c42e5aac5ba805825da76410c181273ba90b1)
2026-09-15T07:22:02.0871269Z Download action repository 'actions/setup-python@5fda3b95a4ea91299a34e894583c3862153e4b97' (SHA:5fda3b95a4ea91299a34e894583c3862153e4b97)
2026-09-15T07:22:02.3722529Z Complete job name: integration
2026-09-15T07:22:02.4557757Z ##[group]Run actions/checkout@3d3c42e5aac5ba805825da76410c181273ba90b1
2026-09-15T07:22:02.4559167Z with:
2026-09-15T07:22:02.4559674Z   repository: kl3574/Learning_Workbench
2026-09-15T07:22:02.4563936Z   token: ***
2026-09-15T07:22:02.4564409Z   ssh-strict: true
2026-09-15T07:22:02.4564887Z   ssh-user: git
2026-09-15T07:22:02.4565364Z   persist-credentials: true
2026-09-15T07:22:02.4565889Z   clean: true
2026-09-15T07:22:02.4566366Z   sparse-checkout-cone-mode: true
2026-09-15T07:22:02.4566926Z   fetch-depth: 1
2026-09-15T07:22:02.4567387Z   fetch-tags: false
2026-09-15T07:22:02.4567867Z   show-progress: true
2026-09-15T07:22:02.4568535Z   lfs: false
2026-09-15T07:22:02.4568991Z   submodules: false
2026-09-15T07:22:02.4569478Z   set-safe-directory: true
2026-09-15T07:22:02.4570031Z   allow-unsafe-pr-checkout: false
2026-09-15T07:22:02.4570873Z ##[endgroup]
2026-09-15T07:22:02.5594331Z Syncing repository: kl3574/Learning_Workbench
2026-09-15T07:22:02.5597317Z ##[group]Getting Git version info
2026-09-15T07:22:02.5599159Z Working directory is '<RUNNER_WORKSPACE>'
2026-09-15T07:22:02.5601372Z [command]/usr/bin/git version
2026-09-15T07:22:02.5602323Z git version 2.55.0
2026-09-15T07:22:02.5642880Z ##[endgroup]
2026-09-15T07:22:02.5655276Z Temporarily overriding HOME='<RUNNER_HOME>/work/_temp/be752789-e32f-4e54-a923-fe25ca3b2f53' before making global git config changes
2026-09-15T07:22:02.5658308Z Adding repository directory to the temporary git global config as a safe directory
2026-09-15T07:22:02.5660738Z [command]/usr/bin/git config --global --add safe.directory <RUNNER_WORKSPACE>
2026-09-15T07:22:02.6167558Z Deleting the contents of '<RUNNER_WORKSPACE>'
2026-09-15T07:22:02.6172370Z ##[group]Determining repository object format
2026-09-15T07:22:02.6173993Z ##[endgroup]
2026-09-15T07:22:02.6175007Z ##[group]Initializing the repository
2026-09-15T07:22:02.6179980Z [command]/usr/bin/git init <RUNNER_WORKSPACE>
2026-09-15T07:22:02.6895472Z hint: Using 'master' as the name for the initial branch. This default branch name
2026-09-15T07:22:02.6897726Z hint: will change to "main" in Git 3.0. To configure the initial branch name
2026-09-15T07:22:02.6900157Z hint: to use in all of your new repositories, which will suppress this warning,
2026-09-15T07:22:02.6901214Z hint: call:
2026-09-15T07:22:02.6901785Z hint:
2026-09-15T07:22:02.6902490Z hint: 	git config --global init.defaultBranch <name>
2026-09-15T07:22:02.6903335Z hint:
2026-09-15T07:22:02.6904099Z hint: Names commonly chosen instead of 'master' are 'main', 'trunk' and
2026-09-15T07:22:02.6905240Z hint: 'development'. The just-created branch can be renamed via this command:
2026-09-15T07:22:02.6906161Z hint:
2026-09-15T07:22:02.6906703Z hint: 	git branch -m <name>
2026-09-15T07:22:02.6907309Z hint:
2026-09-15T07:22:02.6908503Z hint: Disable this message with "git config set advice.defaultBranchName false"
2026-09-15T07:22:02.6913937Z Initialized empty Git repository in <RUNNER_WORKSPACE>/.git/
2026-09-15T07:22:02.6926922Z [command]/usr/bin/git remote add origin https://github.com/kl3574/Learning_Workbench
2026-09-15T07:22:02.7209536Z ##[endgroup]
2026-09-15T07:22:02.7211177Z ##[group]Disabling automatic garbage collection
2026-09-15T07:22:02.7213188Z [command]/usr/bin/git config --local gc.auto 0
2026-09-15T07:22:02.7252252Z ##[endgroup]
2026-09-15T07:22:02.7253841Z ##[group]Setting up auth
2026-09-15T07:22:02.7255096Z Removing SSH command configuration
2026-09-15T07:22:02.7259672Z [command]/usr/bin/git config --local --name-only --get-regexp core\.sshCommand
2026-09-15T07:22:02.7296232Z [command]/usr/bin/git submodule foreach --recursive sh -c "git config --local --name-only --get-regexp 'core\.sshCommand' && git config --local --unset-all 'core.sshCommand' || :"
2026-09-15T07:22:03.0069862Z Removing HTTP extra header
2026-09-15T07:22:03.0077447Z [command]/usr/bin/git config --local --name-only --get-regexp http\.https\:\/\/github\.com\/\.extraheader
2026-09-15T07:22:03.0114790Z [command]/usr/bin/git submodule foreach --recursive sh -c "git config --local --name-only --get-regexp 'http\.https\:\/\/github\.com\/\.extraheader' && git config --local --unset-all 'http.https://github.com/.extraheader' || :"
2026-09-15T07:22:03.0385127Z Removing includeIf entries pointing to credentials config files
2026-09-15T07:22:03.0390365Z [command]/usr/bin/git config --local --name-only --get-regexp ^includeIf\.gitdir:
2026-09-15T07:22:03.0425851Z [command]/usr/bin/git submodule foreach --recursive git config --local --show-origin --name-only --get-regexp remote.origin.url
2026-09-15T07:22:03.0707118Z [command]/usr/bin/git config --file <RUNNER_HOME>/work/_temp/git-credentials-e879b865-451e-42e2-8988-782d777da13a.config http.https://github.com/.extraheader AUTHORIZATION: basic ***
2026-09-15T07:22:03.0750105Z [command]/usr/bin/git config --local includeIf.gitdir:<RUNNER_WORKSPACE>/.git.path <RUNNER_HOME>/work/_temp/git-credentials-e879b865-451e-42e2-8988-782d777da13a.config
2026-09-15T07:22:03.0784890Z [command]/usr/bin/git config --local includeIf.gitdir:<RUNNER_WORKSPACE>/.git/worktrees/*.path <RUNNER_HOME>/work/_temp/git-credentials-e879b865-451e-42e2-8988-782d777da13a.config
2026-09-15T07:22:03.0822050Z [command]/usr/bin/git config --local includeIf.gitdir:/github/workspace/.git.path /github/runner_temp/git-credentials-e879b865-451e-42e2-8988-782d777da13a.config
2026-09-15T07:22:03.0855947Z [command]/usr/bin/git config --local includeIf.gitdir:/github/workspace/.git/worktrees/*.path /github/runner_temp/git-credentials-e879b865-451e-42e2-8988-782d777da13a.config
2026-09-15T07:22:03.0885704Z ##[endgroup]
2026-09-15T07:22:03.0887699Z ##[group]Fetching the repository
2026-09-15T07:22:03.0893357Z [command]/usr/bin/git -c protocol.version=2 fetch --no-tags --prune --no-recurse-submodules --depth=1 origin +9512cfdeb375ecc70e958fb2b737e835b627fe9b:refs/remotes/pull/49/merge
2026-09-15T07:22:05.2942675Z From https://github.com/kl3574/Learning_Workbench
2026-09-15T07:22:05.2944569Z  * [new ref]         9512cfdeb375ecc70e958fb2b737e835b627fe9b -> pull/49/merge
2026-09-15T07:22:05.2946823Z ##[endgroup]
2026-09-15T07:22:05.2947572Z ##[group]Determining the checkout info
2026-09-15T07:22:05.2948719Z ##[endgroup]
2026-09-15T07:22:05.2949235Z [command]/usr/bin/git sparse-checkout disable
2026-09-15T07:22:05.3038499Z [command]/usr/bin/git config --local --unset-all extensions.worktreeConfig
2026-09-15T07:22:05.3077053Z ##[group]Checking out the ref
2026-09-15T07:22:05.3077659Z [command]/usr/bin/git checkout --progress --force refs/remotes/pull/49/merge
2026-09-15T07:22:05.6980618Z Note: switching to 'refs/remotes/pull/49/merge'.
2026-09-15T07:22:05.6981154Z 
2026-09-15T07:22:05.6981528Z You are in 'detached HEAD' state. You can look around, make experimental
2026-09-15T07:22:05.6982452Z changes and commit them, and you can discard any commits you make in this
2026-09-15T07:22:05.6983152Z state without impacting any branches by switching back to a branch.
2026-09-15T07:22:05.6983583Z 
2026-09-15T07:22:05.6983893Z If you want to create a new branch to retain commits you create, you may
2026-09-15T07:22:05.6984512Z do so (now or later) by using -c with the switch command. Example:
2026-09-15T07:22:05.6984855Z 
2026-09-15T07:22:05.6985035Z   git switch -c <new-branch-name>
2026-09-15T07:22:05.6985280Z 
2026-09-15T07:22:05.6985462Z Or undo this operation with:
2026-09-15T07:22:05.6985687Z 
2026-09-15T07:22:05.6985868Z   git switch -
2026-09-15T07:22:05.6986070Z 
2026-09-15T07:22:05.6986377Z Turn off this advice by setting config variable advice.detachedHead to false
2026-09-15T07:22:05.6986801Z 
2026-09-15T07:22:05.6987283Z HEAD is now at 9512cfd Merge 6c9f997a89793a6cdbdd83a1f20e07e504047612 into 4ed8ea9244cafdad955f24a8d6ae699c82577779
2026-09-15T07:22:05.6999281Z ##[endgroup]
2026-09-15T07:22:05.7058470Z [command]/usr/bin/git log -1 --format=%H
2026-09-15T07:22:05.7085375Z 9512cfdeb375ecc70e958fb2b737e835b627fe9b
2026-09-15T07:22:05.7447748Z ##[group]Run actions/setup-python@5fda3b95a4ea91299a34e894583c3862153e4b97
2026-09-15T07:22:05.7448912Z with:
2026-09-15T07:22:05.7449368Z   python-version: 3.12.13
2026-09-15T07:22:05.7449866Z   check-latest: false
2026-09-15T07:22:05.7455948Z   token: ***
2026-09-15T07:22:05.7456423Z   update-environment: true
2026-09-15T07:22:05.7456849Z   allow-prereleases: false
2026-09-15T07:22:05.7457178Z   freethreaded: false
2026-09-15T07:22:05.7457445Z ##[endgroup]
2026-09-15T07:22:05.8667863Z ##[group]Installed versions
2026-09-15T07:22:05.8682472Z Version 3.12.13 was not found in the local cache
2026-09-15T07:22:06.8684803Z Version 3.12.13 is available for downloading
2026-09-15T07:22:06.8686356Z Download from "https://github.com/actions/python-versions/releases/download/3.12.13-27650778726/python-3.12.13-linux-26.04-x64.tar.gz"
2026-09-15T07:22:07.9189754Z Extract downloaded archive
2026-09-15T07:22:07.9319887Z [command]/usr/bin/tar xz --warning=no-unknown-keyword --overwrite -C <RUNNER_HOME>/work/_temp/9ee0ec6a-8133-4c2f-a867-4b1da2982ac1 -f <RUNNER_HOME>/work/_temp/f2ec8798-70af-41b4-8b45-e3eb446fc734
2026-09-15T07:22:09.1322294Z Execute installation script
2026-09-15T07:22:09.1455708Z Check if Python hostedtoolcache folder exist...
2026-09-15T07:22:09.1456558Z Create Python 3.12.13 folder
2026-09-15T07:22:09.1482461Z Copy Python binaries to hostedtoolcache folder
2026-09-15T07:22:09.6144152Z Create additional symlinks (Required for the UsePythonVersion Azure Pipelines task and the setup-python GitHub Action)
2026-09-15T07:22:09.6244146Z Upgrading pip...
2026-09-15T07:22:11.7252288Z Collecting pip
2026-09-15T07:22:11.7916024Z Downloading pip-26.2.1-py3-none-any.whl.metadata (4.6 kB)
2026-09-15T07:22:11.8157042Z Downloading pip-26.2.1-py3-none-any.whl (1.8 MB)
2026-09-15T07:22:11.9135470Z ━━━━━━━━━━━━━━━━━━━━━━━━━━━━━━━━━━━━━━━━ 1.8/1.8 MB 30.0 MB/s eta 0:00:00
2026-09-15T07:22:11.9136049Z 
2026-09-15T07:22:11.9878068Z Installing collected packages: pip
2026-09-15T07:22:11.9879550Z Attempting uninstall: pip
2026-09-15T07:22:11.9900392Z Found existing installation: pip 25.0.1
2026-09-15T07:22:12.0242074Z Uninstalling pip-25.0.1:
2026-09-15T07:22:12.0299901Z Successfully uninstalled pip-25.0.1
2026-09-15T07:22:12.9150969Z Successfully installed pip-26.2.1
2026-09-15T07:22:12.9684562Z Create complete file
2026-09-15T07:22:12.9740793Z Successfully set up CPython (3.12.13)
2026-09-15T07:22:12.9741946Z ##[endgroup]
2026-09-15T07:22:12.9909603Z ##[group]Run python -m pip install uv==0.11.21
2026-09-15T07:22:12.9910038Z [36;1mpython -m pip install uv==0.11.21[0m
2026-09-15T07:22:13.0609610Z shell: /usr/bin/bash -e {0}
2026-09-15T07:22:13.0610031Z env:
2026-09-15T07:22:13.0610392Z   pythonLocation: /opt/hostedtoolcache/Python/3.12.13/x64
2026-09-15T07:22:13.0610981Z   PKG_CONFIG_PATH: /opt/hostedtoolcache/Python/3.12.13/x64/lib/pkgconfig
2026-09-15T07:22:13.0611512Z   Python_ROOT_DIR: /opt/hostedtoolcache/Python/3.12.13/x64
2026-09-15T07:22:13.0612008Z   Python2_ROOT_DIR: /opt/hostedtoolcache/Python/3.12.13/x64
2026-09-15T07:22:13.0612496Z   Python3_ROOT_DIR: /opt/hostedtoolcache/Python/3.12.13/x64
2026-09-15T07:22:13.0612974Z   LD_LIBRARY_PATH: /opt/hostedtoolcache/Python/3.12.13/x64/lib
2026-09-15T07:22:13.0613371Z ##[endgroup]
2026-09-15T07:22:14.2878725Z Collecting uv==0.11.21
2026-09-15T07:22:14.3573242Z   Downloading uv-0.11.21-py3-none-manylinux_2_17_x86_64.manylinux2014_x86_64.whl.metadata (11 kB)
2026-09-15T07:22:14.3833160Z Downloading uv-0.11.21-py3-none-manylinux_2_17_x86_64.manylinux2014_x86_64.whl (25.1 MB)
2026-09-15T07:22:14.5893328Z    ━━━━━━━━━━━━━━━━━━━━━━━━━━━━━━━━━━━━━━━━ 25.1/25.1 MB 154.3 MB/s  0:00:00
2026-09-15T07:22:14.6353159Z Installing collected packages: uv
2026-09-15T07:22:14.9001093Z Successfully installed uv-0.11.21
2026-09-15T07:22:14.9674612Z ##[group]Run uv sync --frozen
2026-09-15T07:22:14.9674956Z [36;1muv sync --frozen[0m
2026-09-15T07:22:14.9733691Z shell: /usr/bin/bash -e {0}
2026-09-15T07:22:14.9733977Z env:
2026-09-15T07:22:14.9734253Z   pythonLocation: /opt/hostedtoolcache/Python/3.12.13/x64
2026-09-15T07:22:14.9734704Z   PKG_CONFIG_PATH: /opt/hostedtoolcache/Python/3.12.13/x64/lib/pkgconfig
2026-09-15T07:22:14.9735158Z   Python_ROOT_DIR: /opt/hostedtoolcache/Python/3.12.13/x64
2026-09-15T07:22:14.9735546Z   Python2_ROOT_DIR: /opt/hostedtoolcache/Python/3.12.13/x64
2026-09-15T07:22:14.9735943Z   Python3_ROOT_DIR: /opt/hostedtoolcache/Python/3.12.13/x64
2026-09-15T07:22:14.9736355Z   LD_LIBRARY_PATH: /opt/hostedtoolcache/Python/3.12.13/x64/lib
2026-09-15T07:22:14.9736691Z ##[endgroup]
2026-09-15T07:22:15.0349892Z Using CPython 3.12.13 interpreter at: /opt/hostedtoolcache/Python/3.12.13/x64/bin/python3.12
2026-09-15T07:22:15.0351006Z Creating virtual environment at: .venv
2026-09-15T07:22:15.1842906Z Downloading pygments (1.2MiB)
2026-09-15T07:22:15.1849394Z Downloading mypy (14.6MiB)
2026-09-15T07:22:15.1852768Z Downloading ruff (9.9MiB)
2026-09-15T07:22:15.1857256Z Downloading pydantic-core (2.0MiB)
2026-09-15T07:22:15.1863147Z Downloading ast-serialize (1.3MiB)
2026-09-15T07:22:15.3636811Z  Downloaded ast-serialize
2026-09-15T07:22:15.3658695Z  Downloaded pydantic-core
2026-09-15T07:22:15.5005251Z  Downloaded ruff
2026-09-15T07:22:15.5711913Z  Downloaded pygments
2026-09-15T07:22:15.7442434Z  Downloaded mypy
2026-09-15T07:22:15.7446056Z Prepared 37 packages in 706ms
2026-09-15T07:22:15.7887237Z Installed 37 packages in 44ms
2026-09-15T07:22:15.7887773Z  + annotated-doc==0.0.5
2026-09-15T07:22:15.7888421Z  + annotated-types==0.8.0
2026-09-15T07:22:15.7888812Z  + anyio==4.15.1
2026-09-15T07:22:15.7889160Z  + ast-serialize==0.11.2
2026-09-15T07:22:15.7889753Z  + attrs==26.1.0
2026-09-15T07:22:15.7890287Z  + certifi==2026.7.22
2026-09-15T07:22:15.7890842Z  + click==8.5.0
2026-09-15T07:22:15.7891411Z  + defusedxml==0.7.1
2026-09-15T07:22:15.7891762Z  + fastapi==0.141.1
2026-09-15T07:22:15.7892259Z  + h11==0.16.0
2026-09-15T07:22:15.7892602Z  + httpcore==1.0.9
2026-09-15T07:22:15.7893024Z  + httpx==0.28.1
2026-09-15T07:22:15.7893630Z  + idna==3.19
2026-09-15T07:22:15.7893953Z  + iniconfig==2.3.0
2026-09-15T07:22:15.7894299Z  + jsonschema==4.26.0
2026-09-15T07:22:15.7894701Z  + jsonschema-specifications==2025.9.1
2026-09-15T07:22:15.7895151Z  + librt==0.15.0
2026-09-15T07:22:15.7895495Z  + markdown-it-py==4.2.0
2026-09-15T07:22:15.7895875Z  + mdurl==0.1.2
2026-09-15T07:22:15.7896191Z  + mypy==2.3.1
2026-09-15T07:22:15.7896528Z  + mypy-extensions==1.1.0
2026-09-15T07:22:15.7896907Z  + packaging==26.3
2026-09-15T07:22:15.7897248Z  + pathspec==1.1.1
2026-09-15T07:22:15.7897581Z  + pluggy==1.6.0
2026-09-15T07:22:15.7897907Z  + pydantic==2.13.5
2026-09-15T07:22:15.7898473Z  + pydantic-core==2.46.5
2026-09-15T07:22:15.7898857Z  + pygments==2.21.0
2026-09-15T07:22:15.7899193Z  + pypdf==6.18.1
2026-09-15T07:22:15.7899526Z  + pytest==9.1.1
2026-09-15T07:22:15.7899916Z  + python-multipart==0.0.32
2026-09-15T07:22:15.7900320Z  + referencing==0.37.0
2026-09-15T07:22:15.7900709Z  + rpds-py==2026.6.3
2026-09-15T07:22:15.7901057Z  + ruff==0.16.7
2026-09-15T07:22:15.7901381Z  + starlette==1.6.0
2026-09-15T07:22:15.7901865Z  + typing-extensions==4.16.0
2026-09-15T07:22:15.7902278Z  + typing-inspection==0.4.4
2026-09-15T07:22:15.7902667Z  + uvicorn==0.53.0
2026-09-15T07:22:15.7973173Z ##[group]Run sudo apt-get update
2026-09-15T07:22:15.7973687Z [36;1msudo apt-get update[0m
2026-09-15T07:22:15.7974341Z [36;1msudo apt-get install -y bubblewrap=0.11.1-1ubuntu0.1 apparmor=5.0.2-0ubuntu1~26.04.1 libapparmor1=5.0.2-0ubuntu1~26.04.1 libseccomp2=2.6.0-2ubuntu5[0m
2026-09-15T07:22:15.7975106Z [36;1mdpkg-query -W bubblewrap apparmor libapparmor1 libseccomp2[0m
2026-09-15T07:22:15.7975532Z [36;1mtest -f /etc/apparmor.d/bwrap-userns-restrict[0m
2026-09-15T07:22:15.7975851Z [36;1mbwrap --version[0m
2026-09-15T07:22:15.8033672Z shell: /usr/bin/bash -e {0}
2026-09-15T07:22:15.8033928Z env:
2026-09-15T07:22:15.8034196Z   pythonLocation: /opt/hostedtoolcache/Python/3.12.13/x64
2026-09-15T07:22:15.8034659Z   PKG_CONFIG_PATH: /opt/hostedtoolcache/Python/3.12.13/x64/lib/pkgconfig
2026-09-15T07:22:15.8035121Z   Python_ROOT_DIR: /opt/hostedtoolcache/Python/3.12.13/x64
2026-09-15T07:22:15.8035528Z   Python2_ROOT_DIR: /opt/hostedtoolcache/Python/3.12.13/x64
2026-09-15T07:22:15.8035956Z   Python3_ROOT_DIR: /opt/hostedtoolcache/Python/3.12.13/x64
2026-09-15T07:22:15.8036353Z   LD_LIBRARY_PATH: /opt/hostedtoolcache/Python/3.12.13/x64/lib
2026-09-15T07:22:15.8036675Z ##[endgroup]
2026-09-15T07:22:15.9664673Z Get:1 file:/etc/apt/apt-mirrors.txt Mirrorlist [144 B]
2026-09-15T07:22:16.0214099Z Hit:2 http://azure.archive.ubuntu.com/ubuntu resolute InRelease
2026-09-15T07:22:16.0231990Z Get:6 https://packages.microsoft.com/ubuntu/26.04/prod resolute InRelease [3964 B]
2026-09-15T07:22:16.0317295Z Get:3 http://azure.archive.ubuntu.com/ubuntu resolute-updates InRelease [137 kB]
2026-09-15T07:22:16.0434956Z Get:4 http://azure.archive.ubuntu.com/ubuntu resolute-backports InRelease [137 kB]
2026-09-15T07:22:16.0568778Z Get:5 http://azure.archive.ubuntu.com/ubuntu resolute-security InRelease [137 kB]
2026-09-15T07:22:16.0833335Z Get:7 https://dl.google.com/linux/chrome-stable/deb stable InRelease [2548 B]
2026-09-15T07:22:16.1111366Z Get:8 https://packages.microsoft.com/ubuntu/26.04/prod resolute/main arm64 Packages [52.1 kB]
2026-09-15T07:22:16.1262755Z Get:9 http://azure.archive.ubuntu.com/ubuntu resolute-updates/main amd64v3 Packages [610 kB]
2026-09-15T07:22:16.1288744Z Get:19 https://packages.microsoft.com/ubuntu/26.04/prod resolute/main amd64 Packages [59.9 kB]
2026-09-15T07:22:16.1303898Z Get:10 http://azure.archive.ubuntu.com/ubuntu resolute-updates/main Translation-en [145 kB]
2026-09-15T07:22:16.1379217Z Get:11 http://azure.archive.ubuntu.com/ubuntu resolute-updates/main amd64 Components [97.8 kB]
2026-09-15T07:22:16.1380738Z Get:12 http://azure.archive.ubuntu.com/ubuntu resolute-updates/universe amd64v3 Packages [293 kB]
2026-09-15T07:22:16.1382123Z Get:13 http://azure.archive.ubuntu.com/ubuntu resolute-updates/universe Translation-en [93.2 kB]
2026-09-15T07:22:16.1383676Z Get:14 http://azure.archive.ubuntu.com/ubuntu resolute-updates/universe amd64 Components [188 kB]
2026-09-15T07:22:16.1389558Z Get:15 http://azure.archive.ubuntu.com/ubuntu resolute-updates/restricted amd64v3 Packages [409 kB]
2026-09-15T07:22:16.1419068Z Get:16 http://azure.archive.ubuntu.com/ubuntu resolute-updates/restricted Translation-en [79.5 kB]
2026-09-15T07:22:16.1429620Z Get:17 http://azure.archive.ubuntu.com/ubuntu resolute-updates/multiverse amd64v3 Packages [11.6 kB]
2026-09-15T07:22:16.1430940Z Get:18 http://azure.archive.ubuntu.com/ubuntu resolute-updates/multiverse Translation-en [3036 B]
2026-09-15T07:22:16.1853171Z Get:20 http://azure.archive.ubuntu.com/ubuntu resolute-backports/universe amd64 Components [1056 B]
2026-09-15T07:22:16.1866889Z Get:21 http://azure.archive.ubuntu.com/ubuntu resolute-security/main amd64v3 Packages [474 kB]
2026-09-15T07:22:16.1892606Z Get:22 http://azure.archive.ubuntu.com/ubuntu resolute-security/main Translation-en [111 kB]
2026-09-15T07:22:16.1903793Z Get:23 http://azure.archive.ubuntu.com/ubuntu resolute-security/main amd64 Components [46.6 kB]
2026-09-15T07:22:16.1914875Z Get:24 http://azure.archive.ubuntu.com/ubuntu resolute-security/universe amd64v3 Packages [173 kB]
2026-09-15T07:22:16.1929153Z Get:25 http://azure.archive.ubuntu.com/ubuntu resolute-security/universe Translation-en [54.4 kB]
2026-09-15T07:22:16.1943684Z Get:26 http://azure.archive.ubuntu.com/ubuntu resolute-security/universe amd64 Components [43.4 kB]
2026-09-15T07:22:16.1953977Z Get:27 http://azure.archive.ubuntu.com/ubuntu resolute-security/restricted amd64v3 Packages [399 kB]
2026-09-15T07:22:16.1977114Z Get:28 http://azure.archive.ubuntu.com/ubuntu resolute-security/restricted Translation-en [77.7 kB]
2026-09-15T07:22:16.1987757Z Get:29 http://azure.archive.ubuntu.com/ubuntu resolute-security/multiverse amd64v3 Packages [10.9 kB]
2026-09-15T07:22:16.1995759Z Get:30 http://azure.archive.ubuntu.com/ubuntu resolute-security/multiverse Translation-en [2844 B]
2026-09-15T07:22:16.2092089Z Get:31 https://dl.google.com/linux/chrome-stable/deb stable/main amd64 Packages [1413 B]
2026-09-15T07:22:23.4200058Z Fetched 3855 kB in 0s (8126 kB/s)
2026-09-15T07:22:24.0828761Z Reading package lists...
2026-09-15T07:22:24.1184591Z Reading package lists...
2026-09-15T07:22:24.2891220Z Building dependency tree...
2026-09-15T07:22:24.2898698Z Reading state information...
2026-09-15T07:22:24.3254394Z bubblewrap is already the newest version (0.11.1-1ubuntu0.1).
2026-09-15T07:22:24.3255238Z bubblewrap set to manually installed.
2026-09-15T07:22:24.3256045Z apparmor is already the newest version (5.0.2-0ubuntu1~26.04.1).
2026-09-15T07:22:24.3256853Z apparmor set to manually installed.
2026-09-15T07:22:24.3257599Z libapparmor1 is already the newest version (5.0.2-0ubuntu1~26.04.1).
2026-09-15T07:22:24.3258689Z libapparmor1 set to manually installed.
2026-09-15T07:22:24.3259176Z libseccomp2 is already the newest version (2.6.0-2ubuntu5).
2026-09-15T07:22:24.3259648Z libseccomp2 set to manually installed.
2026-09-15T07:22:24.3843407Z Solving dependencies...
2026-09-15T07:22:24.5196212Z 0 upgraded, 0 newly installed, 0 to remove and 73 not upgraded.
2026-09-15T07:22:24.5499129Z apparmor	5.0.2-0ubuntu1~26.04.1
2026-09-15T07:22:24.5499763Z bubblewrap	0.11.1-1ubuntu0.1
2026-09-15T07:22:24.5500294Z libapparmor1:amd64	5.0.2-0ubuntu1~26.04.1
2026-09-15T07:22:24.5500813Z libseccomp2:amd64	2.6.0-2ubuntu5
2026-09-15T07:22:24.6019541Z bubblewrap 0.11.1
2026-09-15T07:22:24.6054203Z ##[group]Run uv run --frozen pytest tests/integration
2026-09-15T07:22:24.6054639Z [36;1muv run --frozen pytest tests/integration[0m
2026-09-15T07:22:24.6112341Z shell: /usr/bin/bash -e {0}
2026-09-15T07:22:24.6112602Z env:
2026-09-15T07:22:24.6112875Z   pythonLocation: /opt/hostedtoolcache/Python/3.12.13/x64
2026-09-15T07:22:24.6113336Z   PKG_CONFIG_PATH: /opt/hostedtoolcache/Python/3.12.13/x64/lib/pkgconfig
2026-09-15T07:22:24.6113785Z   Python_ROOT_DIR: /opt/hostedtoolcache/Python/3.12.13/x64
2026-09-15T07:22:24.6114174Z   Python2_ROOT_DIR: /opt/hostedtoolcache/Python/3.12.13/x64
2026-09-15T07:22:24.6114773Z   Python3_ROOT_DIR: /opt/hostedtoolcache/Python/3.12.13/x64
2026-09-15T07:22:24.6115173Z   LD_LIBRARY_PATH: /opt/hostedtoolcache/Python/3.12.13/x64/lib
2026-09-15T07:22:24.6115505Z ##[endgroup]
2026-09-15T07:22:28.9187002Z ============================= test session starts ==============================
2026-09-15T07:22:28.9187690Z platform linux -- Python 3.12.13, pytest-9.1.1, pluggy-1.6.0
2026-09-15T07:22:28.9188648Z rootdir: <RUNNER_WORKSPACE>
2026-09-15T07:22:28.9189166Z configfile: pyproject.toml
2026-09-15T07:22:28.9189474Z plugins: anyio-4.15.1
2026-09-15T07:22:28.9189748Z collected 584 items
2026-09-15T07:22:28.9189912Z 
2026-09-15T07:22:52.8269676Z tests/integration/test_assessment_attempts.py .......................... [  4%]
2026-09-15T07:23:02.2941171Z ...........                                                              [  6%]
2026-09-15T07:23:24.7382200Z tests/integration/test_assessment_grading.py ....................        [  9%]
2026-09-15T07:23:29.9291078Z tests/integration/test_assessment_independent_review.py .......          [ 10%]
2026-09-15T07:23:38.3538471Z tests/integration/test_assessment_learning_port.py ...........           [ 12%]
2026-09-15T07:23:53.6309167Z tests/integration/test_assessment_policy.py ...................          [ 16%]
2026-09-15T07:24:04.8626216Z tests/integration/test_assessment_review_history.py ........             [ 17%]
2026-09-15T07:24:12.9157766Z tests/integration/test_concept_states.py .........                       [ 19%]
2026-09-15T07:24:16.7614319Z tests/integration/test_content_http.py ...........                       [ 20%]
2026-09-15T07:24:17.7430195Z tests/integration/test_content_repository.py ........................... [ 25%]
2026-09-15T07:24:18.0757858Z ........                                                                 [ 26%]
2026-09-15T07:24:29.6781492Z tests/integration/test_document_http.py ......                           [ 27%]
2026-09-15T07:24:36.6067687Z tests/integration/test_document_imports.py ......                        [ 28%]
2026-09-15T07:24:42.4552264Z tests/integration/test_evidence_independent_review.py ......             [ 29%]
2026-09-15T07:24:46.2629346Z tests/integration/test_grading_queue_isolation.py ..                     [ 30%]
2026-09-15T07:24:58.9830489Z tests/integration/test_import_http.py ...............                    [ 32%]
2026-09-15T07:25:18.4317494Z tests/integration/test_import_repository.py ............................ [ 37%]
2026-09-15T07:25:31.0889104Z ......                                                                   [ 38%]
2026-09-15T07:25:33.3836924Z tests/integration/test_learner_profile.py ....................           [ 42%]
2026-09-15T07:25:34.1921546Z tests/integration/test_learning_action_integrity.py ...                  [ 42%]
2026-09-15T07:25:38.8471728Z tests/integration/test_learning_activity_access.py ......                [ 43%]
2026-09-15T07:25:39.5088357Z tests/integration/test_learning_content_scope.py ...............         [ 46%]
2026-09-15T07:25:40.5382943Z tests/integration/test_learning_course_history.py ..                     [ 46%]
2026-09-15T07:25:57.1760044Z tests/integration/test_learning_evidence.py ................             [ 49%]
2026-09-15T07:26:00.0541425Z tests/integration/test_learning_state_observations.py ...                [ 49%]
2026-09-15T07:26:03.6828786Z tests/integration/test_notes_learning.py ............................... [ 55%]
2026-09-15T07:26:05.4144914Z .................                                                        [ 58%]
2026-09-15T07:26:12.1404380Z tests/integration/test_practice_grading.py .........                     [ 59%]
2026-09-15T07:26:19.3690860Z tests/integration/test_practice_independent_review.py ........           [ 60%]
2026-09-15T07:26:19.9091071Z tests/integration/test_practice_learning_port.py ............            [ 63%]
2026-09-15T07:26:37.7776665Z tests/integration/test_practice_sessions.py ........................     [ 67%]
2026-09-15T07:26:43.4229392Z tests/integration/test_provenance_recovery_integrity.py ......           [ 68%]
2026-09-15T07:26:43.8040746Z tests/integration/test_provider_config.py ........                       [ 69%]
2026-09-15T07:26:44.3651237Z tests/integration/test_provider_consents.py ......                       [ 70%]
2026-09-15T07:26:57.4556776Z tests/integration/test_provider_dispatch.py ..........................   [ 75%]
2026-09-15T07:27:05.6597666Z tests/integration/test_provider_http.py ..............                   [ 77%]
2026-09-15T07:27:06.5152892Z tests/integration/test_provider_lifecycle.py .                           [ 77%]
2026-09-15T07:27:06.6955323Z tests/integration/test_provider_migration.py ..                          [ 77%]
2026-09-15T07:27:06.8655583Z tests/integration/test_question_qualification.py ....                    [ 78%]
2026-09-15T07:27:07.0359228Z tests/integration/test_reader_directory.py ....                          [ 79%]
2026-09-15T07:27:16.7928960Z tests/integration/test_reader_provenance.py ...........                  [ 81%]
2026-09-15T07:27:18.0308533Z tests/integration/test_recommendation_content_access.py ................ [ 83%]
2026-09-15T07:27:18.5471308Z .......                                                                  [ 85%]
2026-09-15T07:27:20.7602914Z tests/integration/test_recommendation_http.py ..                         [ 85%]
2026-09-15T07:27:34.9212670Z tests/integration/test_recommendation_source_ports.py ..............     [ 87%]
2026-09-15T07:28:10.3973595Z tests/integration/test_recommendations.py .............................  [ 92%]
2026-09-15T07:28:10.7844566Z tests/integration/test_route_completion_sources.py ........              [ 94%]
2026-09-15T07:28:13.1295982Z tests/integration/test_routes_commands.py .............                  [ 96%]
2026-09-15T07:28:20.3128464Z tests/integration/test_workbench_assessment_policy.py ......             [ 97%]
2026-09-15T07:28:24.9564548Z tests/integration/test_workbench_persistence.py ...............          [100%]
2026-09-15T07:28:24.9565203Z 
2026-09-15T07:28:24.9565413Z =============================== warnings summary ===============================
2026-09-15T07:28:24.9565995Z .venv/lib/python3.12/site-packages/fastapi/testclient.py:1
2026-09-15T07:28:24.9567508Z   <RUNNER_WORKSPACE>/.venv/lib/python3.12/site-packages/fastapi/testclient.py:1: StarletteDeprecationWarning: Using `httpx` with `starlette.testclient` is deprecated; install `httpx2` instead.
2026-09-15T07:28:24.9569447Z     from starlette.testclient import TestClient as TestClient  # noqa
2026-09-15T07:28:24.9569856Z 
2026-09-15T07:28:24.9570097Z .venv/lib/python3.12/site-packages/starlette/testclient.py:53
2026-09-15T07:28:24.9571607Z   <RUNNER_WORKSPACE>/.venv/lib/python3.12/site-packages/starlette/testclient.py:53: DeprecationWarning: The anyio.abc.BlockingPortal alias is deprecated, use anyio.from_thread.BlockingPortal instead.
2026-09-15T07:28:24.9573061Z     _PortalFactoryType = Callable[[], AbstractContextManager[anyio.abc.BlockingPortal]]
2026-09-15T07:28:24.9573463Z 
2026-09-15T07:28:24.9573694Z -- Docs: https://docs.pytest.org/en/stable/how-to/capture-warnings.html
2026-09-15T07:28:24.9574232Z ================= 584 passed, 2 warnings in 359.27s (0:05:59) ==================
2026-09-15T07:28:25.2856333Z Post job cleanup.
2026-09-15T07:28:25.4225244Z Post job cleanup.
2026-09-15T07:28:25.5162758Z [command]/usr/bin/git version
2026-09-15T07:28:25.5210405Z git version 2.55.0
2026-09-15T07:28:25.5251047Z Temporarily overriding HOME='<RUNNER_HOME>/work/_temp/4f70f908-0d12-42e4-936b-a0a99886550e' before making global git config changes
2026-09-15T07:28:25.5252687Z Adding repository directory to the temporary git global config as a safe directory
2026-09-15T07:28:25.5256845Z [command]/usr/bin/git config --global --add safe.directory <RUNNER_WORKSPACE>
2026-09-15T07:28:25.5294832Z Removing SSH command configuration
2026-09-15T07:28:25.5301900Z [command]/usr/bin/git config --local --name-only --get-regexp core\.sshCommand
2026-09-15T07:28:25.5343682Z [command]/usr/bin/git submodule foreach --recursive sh -c "git config --local --name-only --get-regexp 'core\.sshCommand' && git config --local --unset-all 'core.sshCommand' || :"
2026-09-15T07:28:25.5690479Z Removing HTTP extra header
2026-09-15T07:28:25.5696433Z [command]/usr/bin/git config --local --name-only --get-regexp http\.https\:\/\/github\.com\/\.extraheader
2026-09-15T07:28:25.5740243Z [command]/usr/bin/git submodule foreach --recursive sh -c "git config --local --name-only --get-regexp 'http\.https\:\/\/github\.com\/\.extraheader' && git config --local --unset-all 'http.https://github.com/.extraheader' || :"
2026-09-15T07:28:25.6121552Z Removing includeIf entries pointing to credentials config files
2026-09-15T07:28:25.6130541Z [command]/usr/bin/git config --local --name-only --get-regexp ^includeIf\.gitdir:
2026-09-15T07:28:25.6179653Z includeif.gitdir:<RUNNER_WORKSPACE>/.git.path
2026-09-15T07:28:25.6189710Z includeif.gitdir:<RUNNER_WORKSPACE>/.git/worktrees/*.path
2026-09-15T07:28:25.6190817Z includeif.gitdir:/github/workspace/.git.path
2026-09-15T07:28:25.6191660Z includeif.gitdir:/github/workspace/.git/worktrees/*.path
2026-09-15T07:28:25.6193780Z [command]/usr/bin/git config --local --get-all includeif.gitdir:<RUNNER_WORKSPACE>/.git.path
2026-09-15T07:28:25.6241121Z <RUNNER_HOME>/work/_temp/git-credentials-e879b865-451e-42e2-8988-782d777da13a.config
2026-09-15T07:28:25.6254635Z [command]/usr/bin/git config --local --unset includeif.gitdir:<RUNNER_WORKSPACE>/.git.path \/home\/runner\/work\/_temp\/git\-credentials\-e879b865\-451e\-42e2\-8988\-782d777da13a\.config
2026-09-15T07:28:25.6310596Z [command]/usr/bin/git config --local --get-all includeif.gitdir:<RUNNER_WORKSPACE>/.git/worktrees/*.path
2026-09-15T07:28:25.6346690Z <RUNNER_HOME>/work/_temp/git-credentials-e879b865-451e-42e2-8988-782d777da13a.config
2026-09-15T07:28:25.6358329Z [command]/usr/bin/git config --local --unset includeif.gitdir:<RUNNER_WORKSPACE>/.git/worktrees/*.path \/home\/runner\/work\/_temp\/git\-credentials\-e879b865\-451e\-42e2\-8988\-782d777da13a\.config
2026-09-15T07:28:25.6392220Z [command]/usr/bin/git config --local --get-all includeif.gitdir:/github/workspace/.git.path
2026-09-15T07:28:25.6417153Z /github/runner_temp/git-credentials-e879b865-451e-42e2-8988-782d777da13a.config
2026-09-15T07:28:25.6424894Z [command]/usr/bin/git config --local --unset includeif.gitdir:/github/workspace/.git.path \/github\/runner_temp\/git\-credentials\-e879b865\-451e\-42e2\-8988\-782d777da13a\.config
2026-09-15T07:28:25.6460649Z [command]/usr/bin/git config --local --get-all includeif.gitdir:/github/workspace/.git/worktrees/*.path
2026-09-15T07:28:25.6486987Z /github/runner_temp/git-credentials-e879b865-451e-42e2-8988-782d777da13a.config
2026-09-15T07:28:25.6494026Z [command]/usr/bin/git config --local --unset includeif.gitdir:/github/workspace/.git/worktrees/*.path \/github\/runner_temp\/git\-credentials\-e879b865\-451e\-42e2\-8988\-782d777da13a\.config
2026-09-15T07:28:25.6533716Z [command]/usr/bin/git submodule foreach --recursive git config --local --show-origin --name-only --get-regexp remote.origin.url
2026-09-15T07:28:25.6829869Z Removing credentials config '<RUNNER_HOME>/work/_temp/git-credentials-e879b865-451e-42e2-8988-782d777da13a.config'
2026-09-15T07:28:25.7001606Z Cleaning up orphan processes
