
==================================== ERRORS ====================================
_______ ERROR collecting tests/integration/test_tutor_worker_fairness.py _______
.venv/lib/python3.12/site-packages/_pytest/python.py:508: in importtestmodule
    mod = import_path(
.venv/lib/python3.12/site-packages/_pytest/pathlib.py:596: in import_path
    importlib.import_module(module_name)
../../../.local/share/uv/python/cpython-3.12.13-linux-x86_64-gnu/lib/python3.12/importlib/__init__.py:90: in import_module
    return _bootstrap._gcd_import(name[level:], package, level)
           ^^^^^^^^^^^^^^^^^^^^^^^^^^^^^^^^^^^^^^^^^^^^^^^^^^^^
<frozen importlib._bootstrap>:1387: in _gcd_import
    ???
<frozen importlib._bootstrap>:1360: in _find_and_load
    ???
<frozen importlib._bootstrap>:1331: in _find_and_load_unlocked
    ???
<frozen importlib._bootstrap>:935: in _load_unlocked
    ???
.venv/lib/python3.12/site-packages/_pytest/assertion/rewrite.py:179: in exec_module
    source_stat, co = _rewrite_test(fn, self.config)
                      ^^^^^^^^^^^^^^^^^^^^^^^^^^^^^^
.venv/lib/python3.12/site-packages/_pytest/assertion/rewrite.py:348: in _rewrite_test
    tree = ast.parse(source, filename=strfn)
           ^^^^^^^^^^^^^^^^^^^^^^^^^^^^^^^^^
../../../.local/share/uv/python/cpython-3.12.13-linux-x86_64-gnu/lib/python3.12/ast.py:52: in parse
    return compile(source, filename, mode, flags,
E     File "[LOCAL_HOME]/.cache/learning-workbench-acceptance/m53-active/tests/integration/test_tutor_worker_fairness.py", line 1
E       """Bounded scheduling over actual queued Tutor jobs, without altering bad history.""""
E                                                                                            ^
E   SyntaxError: unterminated string literal (detected at line 1)
=========================== short test summary info ============================
ERROR tests/integration/test_tutor_worker_fairness.py
!!!!!!!!!!!!!!!!!!!! Interrupted: 1 error during collection !!!!!!!!!!!!!!!!!!!!
1 error in 0.08s
