python3 scripts/setup.py
Using CPython 3.12.13
Creating virtual environment at: .venv
warning: Failed to hardlink files; falling back to full copy. This may lead to degraded performance.
         If the cache and target directories are on different filesystems, hardlinking may not be supported.
         If this is intentional, set `export UV_LINK_MODE=copy` or use `--link-mode=copy` to suppress this warning.
Installed 32 packages in 66ms
 + annotated-doc==0.0.5
 + annotated-types==0.8.0
 + anyio==4.15.1
 + ast-serialize==0.11.2
 + attrs==26.1.0
 + certifi==2026.7.22
 + click==8.5.0
 + fastapi==0.141.1
 + h11==0.16.0
 + httpcore==1.0.9
 + httpx==0.28.1
 + idna==3.19
 + iniconfig==2.3.0
 + jsonschema==4.26.0
 + jsonschema-specifications==2025.9.1
 + librt==0.15.0
 + mypy==2.3.1
 + mypy-extensions==1.1.0
 + packaging==26.3
 + pathspec==1.1.1
 + pluggy==1.6.0
 + pydantic==2.13.5
 + pydantic-core==2.46.5
 + pygments==2.21.0
 + pytest==9.1.1
 + referencing==0.37.0
 + rpds-py==2026.6.3
 + ruff==0.16.7
 + starlette==1.6.0
 + typing-extensions==4.16.0
 + typing-inspection==0.4.4
 + uvicorn==0.53.0

added 235 packages, and audited 236 packages in 2s

118 packages are looking for funding
  run `npm fund` for details

found 0 vulnerabilities
Locked Python and Node dependencies installed; no model provider contacted.
