.............FFFFFFFFF                                                   [100%]
=================================== FAILURES ===================================
__ test_strict_cas_transport_and_empty_permissions_do_not_write[missing_csrf] __
tests/integration/test_codex_bootstrap_http.py:223: in test_strict_cas_transport_and_empty_permissions_do_not_write
    assert response.status_code == expected, response.text
E   AssertionError: {"error":{"code":"CSRF_INVALID","message":"请求未通过本机会话保护校验。","request_id":"request_2799a7c4d2dd4cafba3b9ed6a00b99b1","retryable":false,"details":[]}}
E   assert 403 == 422
E    +  where 403 = <Response [403 Forbidden]>.status_code
_ test_incomplete_history_cannot_replay_or_repair[codex_bootstrap_events-tail] _
tests/integration/test_codex_bootstrap_http.py:232: in test_incomplete_history_cannot_replay_or_repair
    original, _, body = approve(case)
                        ^^^^^^^
E   UnboundLocalError: cannot access local variable 'approve' where it is not associated with a value
_ test_incomplete_history_cannot_replay_or_repair[codex_bootstrap_events-all] __
tests/integration/test_codex_bootstrap_http.py:232: in test_incomplete_history_cannot_replay_or_repair
    original, _, body = approve(case)
                        ^^^^^^^
E   UnboundLocalError: cannot access local variable 'approve' where it is not associated with a value
__ test_incomplete_history_cannot_replay_or_repair[codex_bootstrap_heads-all] __
tests/integration/test_codex_bootstrap_http.py:232: in test_incomplete_history_cannot_replay_or_repair
    original, _, body = approve(case)
                        ^^^^^^^
E   UnboundLocalError: cannot access local variable 'approve' where it is not associated with a value
_ test_incomplete_history_cannot_replay_or_repair[codex_bootstrap_memberships-all] _
tests/integration/test_codex_bootstrap_http.py:232: in test_incomplete_history_cannot_replay_or_repair
    original, _, body = approve(case)
                        ^^^^^^^
E   UnboundLocalError: cannot access local variable 'approve' where it is not associated with a value
_ test_incomplete_history_cannot_replay_or_repair[codex_bootstrap_event_memberships-all] _
tests/integration/test_codex_bootstrap_http.py:232: in test_incomplete_history_cannot_replay_or_repair
    original, _, body = approve(case)
                        ^^^^^^^
E   UnboundLocalError: cannot access local variable 'approve' where it is not associated with a value
_ test_incomplete_history_cannot_replay_or_repair[codex_bootstrap_commands-all] _
tests/integration/test_codex_bootstrap_http.py:232: in test_incomplete_history_cannot_replay_or_repair
    original, _, body = approve(case)
                        ^^^^^^^
E   UnboundLocalError: cannot access local variable 'approve' where it is not associated with a value
_ test_incomplete_history_cannot_replay_or_repair[codex_bootstrap_session_memberships-all] _
tests/integration/test_codex_bootstrap_http.py:232: in test_incomplete_history_cannot_replay_or_repair
    original, _, body = approve(case)
                        ^^^^^^^
E   UnboundLocalError: cannot access local variable 'approve' where it is not associated with a value
_____ test_incomplete_history_cannot_replay_or_repair[codex_sessions-all] ______
tests/integration/test_codex_bootstrap_http.py:232: in test_incomplete_history_cannot_replay_or_repair
    original, _, body = approve(case)
                        ^^^^^^^
E   UnboundLocalError: cannot access local variable 'approve' where it is not associated with a value
=============================== warnings summary ===============================
../../../Desktop/learning/Learning_Workbench/.venv/lib/python3.12/site-packages/fastapi/testclient.py:1
  $HOME/Desktop/learning/Learning_Workbench/.venv/lib/python3.12/site-packages/fastapi/testclient.py:1: StarletteDeprecationWarning: Using `httpx` with `starlette.testclient` is deprecated; install `httpx2` instead.
    from starlette.testclient import TestClient as TestClient  # noqa

../../../Desktop/learning/Learning_Workbench/.venv/lib/python3.12/site-packages/starlette/testclient.py:53
  $HOME/Desktop/learning/Learning_Workbench/.venv/lib/python3.12/site-packages/starlette/testclient.py:53: DeprecationWarning: The anyio.abc.BlockingPortal alias is deprecated, use anyio.from_thread.BlockingPortal instead.
    _PortalFactoryType = Callable[[], AbstractContextManager[anyio.abc.BlockingPortal]]

-- Docs: https://docs.pytest.org/en/stable/how-to/capture-warnings.html
=========================== short test summary info ============================
FAILED tests/integration/test_codex_bootstrap_http.py::test_strict_cas_transport_and_empty_permissions_do_not_write[missing_csrf]
FAILED tests/integration/test_codex_bootstrap_http.py::test_incomplete_history_cannot_replay_or_repair[codex_bootstrap_events-tail]
FAILED tests/integration/test_codex_bootstrap_http.py::test_incomplete_history_cannot_replay_or_repair[codex_bootstrap_events-all]
FAILED tests/integration/test_codex_bootstrap_http.py::test_incomplete_history_cannot_replay_or_repair[codex_bootstrap_heads-all]
FAILED tests/integration/test_codex_bootstrap_http.py::test_incomplete_history_cannot_replay_or_repair[codex_bootstrap_memberships-all]
FAILED tests/integration/test_codex_bootstrap_http.py::test_incomplete_history_cannot_replay_or_repair[codex_bootstrap_event_memberships-all]
FAILED tests/integration/test_codex_bootstrap_http.py::test_incomplete_history_cannot_replay_or_repair[codex_bootstrap_commands-all]
FAILED tests/integration/test_codex_bootstrap_http.py::test_incomplete_history_cannot_replay_or_repair[codex_bootstrap_session_memberships-all]
FAILED tests/integration/test_codex_bootstrap_http.py::test_incomplete_history_cannot_replay_or_repair[codex_sessions-all]
9 failed, 13 passed, 2 warnings in 9.03s
