uv run --frozen pytest
============================= test session starts ==============================
platform linux -- Python 3.12.13, pytest-9.1.1, pluggy-1.6.0
rootdir: <REPO>
configfile: pyproject.toml
testpaths: tests
plugins: anyio-4.15.1
collected 1494 items

tests/contract/test_api_projection.py .................................. [  2%]
.......................................                                  [  4%]
tests/contract/test_generated_transport.py ...............               [  5%]
tests/contract/test_generated_upload.py ..                               [  6%]
tests/contract/test_models.py ............................               [  7%]
tests/contract/test_optional_patch.py .                                  [  7%]
tests/contract/test_package_integrity.py ........................        [  9%]
tests/contract/test_practice_public_projection.py ...................... [ 11%]
.............                                                            [ 11%]
tests/contract/test_provider_binding.py .........................        [ 13%]
tests/contract/test_provider_dto.py .................................... [ 15%]
........................................................................ [ 20%]
                                                                         [ 20%]
tests/contract/test_recommendation_binding.py ........                   [ 21%]
tests/contract/test_recommendation_dto.py .............................. [ 23%]
........................                                                 [ 24%]
tests/integration/test_assessment_attempts.py .......................... [ 26%]
...........                                                              [ 27%]
tests/integration/test_assessment_grading.py ....................        [ 28%]
tests/integration/test_assessment_independent_review.py .......          [ 29%]
tests/integration/test_assessment_learning_port.py ...........           [ 29%]
tests/integration/test_assessment_policy.py ...................          [ 31%]
tests/integration/test_assessment_review_history.py ........             [ 31%]
tests/integration/test_concept_states.py .........                       [ 32%]
tests/integration/test_content_http.py ...........                       [ 33%]
tests/integration/test_content_repository.py ........................... [ 34%]
........                                                                 [ 35%]
tests/integration/test_document_http.py ......                           [ 35%]
tests/integration/test_document_imports.py ......                        [ 36%]
tests/integration/test_evidence_independent_review.py ......             [ 36%]
tests/integration/test_grading_queue_isolation.py ..                     [ 36%]
tests/integration/test_import_http.py ...............                    [ 37%]
tests/integration/test_import_repository.py ............................ [ 39%]
......                                                                   [ 40%]
tests/integration/test_learner_profile.py ....................           [ 41%]
tests/integration/test_learning_action_integrity.py ...                  [ 41%]
tests/integration/test_learning_activity_access.py ......                [ 42%]
tests/integration/test_learning_content_scope.py ...............         [ 43%]
tests/integration/test_learning_course_history.py ..                     [ 43%]
tests/integration/test_learning_evidence.py ................             [ 44%]
tests/integration/test_learning_state_observations.py ...                [ 44%]
tests/integration/test_notes_learning.py ............................... [ 46%]
.................                                                        [ 47%]
tests/integration/test_practice_grading.py .........                     [ 48%]
tests/integration/test_practice_independent_review.py ........           [ 48%]
tests/integration/test_practice_learning_port.py ............            [ 49%]
tests/integration/test_practice_sessions.py ........................     [ 51%]
tests/integration/test_provenance_recovery_integrity.py ......           [ 51%]
tests/integration/test_provider_config.py ........                       [ 52%]
tests/integration/test_provider_consents.py ......                       [ 52%]
tests/integration/test_provider_dispatch.py ..........................   [ 54%]
tests/integration/test_provider_http.py ..............                   [ 55%]
tests/integration/test_provider_lifecycle.py .                           [ 55%]
tests/integration/test_provider_migration.py ..                          [ 55%]
tests/integration/test_question_qualification.py ....                    [ 55%]
tests/integration/test_reader_directory.py ....                          [ 55%]
tests/integration/test_reader_provenance.py ...........                  [ 56%]
tests/integration/test_recommendation_content_access.py ................ [ 57%]
.......                                                                  [ 58%]
tests/integration/test_recommendation_http.py ..                         [ 58%]
tests/integration/test_recommendation_source_ports.py ..............     [ 59%]
tests/integration/test_recommendations.py .............................  [ 61%]
tests/integration/test_route_completion_sources.py ........              [ 61%]
tests/integration/test_routes_commands.py .............                  [ 62%]
tests/integration/test_workbench_assessment_policy.py ......             [ 63%]
tests/integration/test_workbench_persistence.py ...............          [ 64%]
tests/security/test_document_sandbox.py ...............                  [ 65%]
tests/security/test_local_boundary.py .....................F...........  [ 67%]
tests/security/test_provider_network.py ....................             [ 68%]
tests/unit/test_backend_database.py .........                            [ 69%]
tests/unit/test_backup_command.py ....                                   [ 69%]
tests/unit/test_concept_state_rules.py ..................                [ 70%]
tests/unit/test_content_store.py ....................................... [ 73%]
...........................                                              [ 75%]
tests/unit/test_document_extraction.py ................................. [ 77%]
................                                                         [ 78%]
tests/unit/test_eligibility.py ......................................... [ 81%]
.......                                                                  [ 81%]
tests/unit/test_governance.py .....                                      [ 81%]
tests/unit/test_grading_rules.py ....................................... [ 84%]
....................................................                     [ 88%]
tests/unit/test_import_budgets.py ......................                 [ 89%]
tests/unit/test_import_parsing.py ...................................... [ 92%]
......                                                                   [ 92%]
tests/unit/test_provider_budget.py ............                          [ 93%]
tests/unit/test_provider_protocol.py .............................       [ 95%]
tests/unit/test_provider_repository.py ...........                       [ 95%]
tests/unit/test_provider_secret_store.py .......................         [ 97%]
tests/unit/test_recommendation_config.py .......                         [ 97%]
tests/unit/test_recommendation_rules.py ..................               [ 99%]
tests/unit/test_spec_catalog.py .F..                                     [ 99%]
tests/unit/test_spec_extraction.py .........                             [100%]

=================================== FAILURES ===================================
_________________ test_payload_budget_and_unimplemented_routes _________________

runtime = (<fastapi.applications.FastAPI object at 0x79bc64877230>, <starlette.testclient.TestClient object at 0x79bc64e943e0>, ...52428800, max_block_characters=400000, max_package_bytes=209715200, max_package_files=2000, max_compression_ratio=100))

    def test_payload_budget_and_unimplemented_routes(runtime):
        application, client, settings = runtime
        headers = login(application, client, settings)
        assert client.post("/api/v1/session/logout", content=b"x" * (settings.max_request_bytes + 1), headers=headers).status_code == 413
        # M4.1 now implements routes. A later provider endpoint still must not be
        # installed as a success stub or silently fall through to the SPA.
>       assert client.get("/api/v1/providers/capabilities").status_code == 404
E       AssertionError: assert 200 == 404
E        +  where 200 = <Response [200 OK]>.status_code
E        +    where <Response [200 OK]> = get('/api/v1/providers/capabilities')
E        +      where get = <starlette.testclient.TestClient object at 0x79bc64e943e0>.get

tests/security/test_local_boundary.py:207: AssertionError
_________ test_route_inventory_includes_inline_response_routes_and_e1 __________

    def test_route_inventory_includes_inline_response_routes_and_e1():
        catalog = route_catalog(ROOT / "PRODUCT_DESIGN.md")
        routes = {(route["method"], route["path"]): route for route in catalog["routes"]}
>       assert len(routes) == 102
E       AssertionError: assert 106 == 102
E        +  where 106 = len({('POST', '/api/v1/approvals/{id}/decision'): {'method': 'POST', 'path': '/api/v1/approvals/{id}/decision', 'source_pa...ath': '/api/v1/assessments/{id}/attempts', 'source_path': '/assessments/{id}/attempts', 'source_line': 1159, ...}, ...})

tests/unit/test_spec_catalog.py:23: AssertionError
=============================== warnings summary ===============================
.venv/lib/python3.12/site-packages/fastapi/testclient.py:1
  <REPO>/.venv/lib/python3.12/site-packages/fastapi/testclient.py:1: StarletteDeprecationWarning: Using `httpx` with `starlette.testclient` is deprecated; install `httpx2` instead.
    from starlette.testclient import TestClient as TestClient  # noqa

.venv/lib/python3.12/site-packages/starlette/testclient.py:53
  <REPO>/.venv/lib/python3.12/site-packages/starlette/testclient.py:53: DeprecationWarning: The anyio.abc.BlockingPortal alias is deprecated, use anyio.from_thread.BlockingPortal instead.
    _PortalFactoryType = Callable[[], AbstractContextManager[anyio.abc.BlockingPortal]]

-- Docs: https://docs.pytest.org/en/stable/how-to/capture-warnings.html
=========================== short test summary info ============================
FAILED tests/security/test_local_boundary.py::test_payload_budget_and_unimplemented_routes
FAILED tests/unit/test_spec_catalog.py::test_route_inventory_includes_inline_response_routes_and_e1
============ 2 failed, 1492 passed, 2 warnings in 209.57s (0:03:29) ============
make: *** [Makefile:28: test] Error 1
