
> @learning-workbench/web@0.1.0 test
> vitest run src/features/providers/ProviderSettings.test.tsx -t policy hides previously read summaries but preserves only safe revoke identities


 RUN  v5.0.0 <REPO>/apps/web

 ❯ src/features/providers/ProviderSettings.test.tsx (7 tests | 1 failed | 6 skipped) 1108ms
   × policy hides previously read summaries but preserves only safe revoke identities 1108ms

⎯⎯⎯⎯⎯⎯⎯ Failed Tests 1 ⎯⎯⎯⎯⎯⎯⎯

 FAIL  src/features/providers/ProviderSettings.test.tsx > policy hides previously read summaries but preserves only safe revoke identities
TestingLibraryElementError: Unable to find role="button" and name "确认发送撤销授权"

Ignored nodes: comments, script, style
[36m<body>[39m
  [36m<div>[39m
    [36m<section[39m
      [33maria-label[39m=[32m"提供商与授权设置"[39m
      [33mclass[39m=[32m"provider-settings"[39m
    [36m>[39m
      [36m<h3>[39m
        [0m提供商与授权[0m
      [36m</h3>[39m
      [36m<p>[39m
        [0m设置操作只访问本机服务，不连接、验证密钥或调用模型。配置存在与模型可调度分别显示。[0m
      [36m</p>[39m
      [36m<section[39m
        [33maria-label[39m=[32m"提供商能力"[39m
      [36m>[39m
        [36m<h4>[39m
          [0m当前能力[0m
        [36m</h4>[39m
        [36m<button>[39m
          [0m重新读取配置与能力[0m
        [36m</button>[39m
        [36m<ul>[39m
          [36m<li>[39m
            [36m<button>[39m
              [0mprovider_test[0m
            [36m</button>[39m
            [0m · 已配置 [0m
            [0m是[0m
            [0m · 文本 [0m
            [0m不可调度[0m
            [0m · 流 [0m
            [0m不可调度[0m
            [0m · 搜索 [0m
            [0m不支持[0m
            [0m · 工具 [0m
            [0m不支持[0m
            [0m · 结构化 [0m
            [0m不支持[0m
            [36m<p>[39m
              [0mINPUT_BOUND_UNAVAILABLE：仅合成单元配置，非生产证明[0m
            [36m</p>[39m
          [36m</li>[39m
        [36m</ul>[39m
      [36m</section>[39m
      [36m<div[39m
        [33mclass[39m=[32m"provider-actions"[39m
      [36m>[39m
        [36m<label>[39m
          [0m提供商标识[0m
          [36m<input[39m
            [33mautocomplete[39m=[32m"off"[39m
            [33mvalue[39m=[32m""[39m
          [36m/>[39m
        [36m</label>[39m
        [36m<button[39m
          [33mdisabled[39m=[32m""[39m
        [36m>[39m
          [0m读取或准备新配置[0m
        [36m</button>[39m
      [36m</div>[39m
      [36m<section[39m
        [33maria-label[39m=[32m"授权任务"[39m
      [36m>[39m
        [36m<h4>[39m
          [0m发起授权[0m
        [36m</h4>[39m
        [36m<p>[39m
          [0m本阶段尚无可发起授权的生成任务。后续由真实生成任务提供准备好的输入；这里不创建任意提示词任务。[0m
        [36m</p>[39m
      [36m</section>[39m
      [36m<section[39m
        [33maria-label[39m=[32m"配置与授权命令"[39m
      [36m>[39m
        [36m<h3>[39m
          [0m配置与授权命令[0m
        [36m</h3>[39m
        [36m<p[39m
          [33mrole[39m=[32m"status"[39m
        [36m>[39m
          [0m无秘密候选已安全保留在本机[0m
        [36m</p>[39m
      [36m</section>[39m
      [36m<section[39m
        [33maria-label[39m=[32m"授权历史"[39m
      [36m>[39m
        [36m<h3>[39m
          [0m授权历史与停止控制[0m
        [36m</h3>[39m
        [36m<p>[39m
          [0m撤销阻止新的派发，并请求停止在途处理；无法保证撤回内容或退款。[0m
        [36m</p>[39m
        [36m<p>[39m
          [0m当前正在核验权限或处于独立测试。授权摘要隐藏，已停止新的摘要读取；此前安全取得的授权标识仍可用于撤销。[0m
        [36m</p>[39m
        [36m<div[39m
          [33mclass[39m=[32m"provider-actions"[39m
        [36m>[39m
          [36m<span>[39m
            [0m停止控制：[0m
            [0mconsent_test[0m
            [0m · 已取得基准 r[0m
            [0m1[0m
          [36m</span>[39m
          [36m<button>[39m
            [0m准备撤销 [0m
            [0mconsent_test[0m
          [36m</button>[39m
        [36m</div>[39m
      [36m</section>[39m
    [36m</section>[39m
  [36m</div>[39m
[36m</body>[39m

Ignored nodes: comments, script, style
[36m<html>[39m
  [36m<head />[39m
  [36m<body>[39m
    [36m<div>[39m
      [36m<section[39m
        [33maria-label[39m=[32m"提供商与授权设置"[39m
        [33mclass[39m=[32m"provider-settings"[39m
      [36m>[39m
        [36m<h3>[39m
          [0m提供商与授权[0m
        [36m</h3>[39m
        [36m<p>[39m
          [0m设置操作只访问本机服务，不连接、验证密钥或调用模型。配置存在与模型可调度分别显示。[0m
        [36m</p>[39m
        [36m<section[39m
          [33maria-label[39m=[32m"提供商能力"[39m
        [36m>[39m
          [36m<h4>[39m
            [0m当前能力[0m
          [36m</h4>[39m
          [36m<button>[39m
            [0m重新读取配置与能力[0m
          [36m</button>[39m
          [36m<ul>[39m
            [36m<li>[39m
              [36m<button>[39m
                [0mprovider_test[0m
              [36m</button>[39m
              [0m · 已配置 [0m
              [0m是[0m
              [0m · 文本 [0m
              [0m不可调度[0m
              [0m · 流 [0m
              [0m不可调度[0m
              [0m · 搜索 [0m
              [0m不支持[0m
              [0m · 工具 [0m
              [0m不支持[0m
              [0m · 结构化 [0m
              [0m不支持[0m
              [36m<p>[39m
                [0mINPUT_BOUND_UNAVAILABLE：仅合成单元配置，非生产证明[0m
              [36m</p>[39m
            [36m</li>[39m
          [36m</ul>[39m
        [36m</section>[39m
        [36m<div[39m
          [33mclass[39m=[32m"provider-actions"[39m
        [36m>[39m
          [36m<label>[39m
            [0m提供商标识[0m
            [36m<input[39m
              [33mautocomplete[39m=[32m"off"[39m
              [33mvalue[39m=[32m""[39m
            [36m/>[39m
          [36m</label>[39m
          [36m<button[39m
            [33mdisabled[39m=[32m""[39m
          [36m>[39m
            [0m读取或准备新配置[0m
          [36m</button>[39m
        [36m</div>[39m
        [36m<section[39m
          [33maria-label[39m=[32m"授权任务"[39m
        [36m>[39m
          [36m<h4>[39m
            [0m发起授权[0m
          [36m</h4>[39m
          [36m<p>[39m
            [0m本阶段尚无可发起授权的生成任务。后续由真实生成任务提供准备好的输入；这里不创建任意提示词任务。[0m
          [36m</p>[39m
        [36m</section>[39m
        [36m<section[39m
          [33maria-label[39m=[32m"配置与授权命令"[39m
        [36m>[39m
          [36m<h3>[39m
            [0m配置与授权命令[0m
          [36m</h3>[39m
          [36m<p[39m
            [33mrole[39m=[32m"status"[39m
          [36m>[39m
            [0m无秘密候选已安全保留在本机[0m
          [36m</p>[39m
        [36m</section>[39m
        [36m<section[39m
          [33maria-label[39m=[32m"授权历史"[39m
        [36m>[39m
          [36m<h3>[39m
            [0m授权历史与停止控制[0m
          [36m</h3>[39m
          [36m<p>[39m
            [0m撤销阻止新的派发，并请求停止在途处理；无法保证撤回内容或退款。[0m
          [36m</p>[39m
          [36m<p>[39m
            [0m当前正在核验权限或处于独立测试。授权摘要隐藏，已停止新的摘要读取；此前安全取得的授权标识仍可用于撤销。[0m
          [36m</p>[39m
          [36m<div[39m
            [33mclass[39m=[32m"provider-actions"[39m
          [36m>[39m
            [36m<span>[39m
              [0m停止控制：[0m
              [0mconsent_test[0m
              [0m · 已取得基准 r[0m
              [0m1[0m
            [36m</span>[39m
            [36m<button>[39m
              [0m准备撤销 [0m
              [0mconsent_test[0m
            [36m</button>[39m
          [36m</div>[39m
        [36m</section>[39m
      [36m</section>[39m
    [36m</div>[39m
  [36m</body>[39m
[36m</html>[39m
 ❯ waitForWrapper node_modules/@testing-library/dom/dist/wait-for.js:163:27
 ❯ src/features/providers/ProviderSettings.test.tsx:59:9
     57|   expect(screen.queryByText('synthetic-model-1', { exact: true })).toB…
     58|   fireEvent.click(screen.getByRole('button', { name: '准备撤销 consent_tes…
     59|   await waitFor(() => expect(screen.getByRole('button', { name: '确认发送撤…
       |         ^
     60|   fireEvent.click(screen.getByRole('button', { name: '确认发送撤销授权' }))
     61|   await waitFor(() => expect(fixture.port.revoke).toHaveBeenCalledOnce…

⎯⎯⎯⎯⎯⎯⎯⎯⎯⎯⎯⎯⎯⎯⎯⎯⎯⎯⎯⎯⎯⎯⎯⎯[1/1]⎯


 Test Files  1 failed (1)
      Tests  1 failed | 6 skipped (7)
   Start at  15:45:59
   Duration  1.58s (tests 74%, environment 13%, transform 9%, import 5%)

