........................................................................ [  3%]
........................................................................ [  7%]
........................................................................ [ 11%]
........................................................................ [ 15%]
........................................................................ [ 19%]
........................................................................ [ 23%]
........................................................................ [ 27%]
........................................................................ [ 31%]
........................................................................ [ 35%]
........................................................................ [ 39%]
........................................................................ [ 43%]
........................................................................ [ 47%]
........................................................................ [ 51%]
........................................................................ [ 55%]
........................................................................ [ 59%]
........................................................................ [ 63%]
........................................................................ [ 67%]
........................................................................ [ 71%]
........................................................................ [ 75%]
........................................................................ [ 79%]
........................................................................ [ 83%]
........................................................................ [ 87%]
........................................................................ [ 91%]
........................................................................ [ 95%]
........................................................................ [ 99%]
.......                                                                  [100%]
=============================== warnings summary ===============================
.venv/lib/python3.12/site-packages/fastapi/testclient.py:1
  <REPO>/.venv/lib/python3.12/site-packages/fastapi/testclient.py:1: StarletteDeprecationWarning: Using `httpx` with `starlette.testclient` is deprecated; install `httpx2` instead.
    from starlette.testclient import TestClient as TestClient  # noqa

.venv/lib/python3.12/site-packages/starlette/testclient.py:53
  <REPO>/.venv/lib/python3.12/site-packages/starlette/testclient.py:53: DeprecationWarning: The anyio.abc.BlockingPortal alias is deprecated, use anyio.from_thread.BlockingPortal instead.
    _PortalFactoryType = Callable[[], AbstractContextManager[anyio.abc.BlockingPortal]]

-- Docs: https://docs.pytest.org/en/stable/how-to/capture-warnings.html
1807 passed, 2 warnings in 328.07s (0:05:28)
