2026-09-15T12:58:20.2930560Z Current runner version: '2.337.0'
2026-09-15T12:58:20.2968561Z ##[group]Runner Image Provisioner
2026-09-15T12:58:20.2970486Z Hosted Compute Agent
2026-09-15T12:58:20.2971517Z Version: 20260828.587
2026-09-15T12:58:20.2972766Z Commit: abac92662cab4cc7352de4f9f9d2e2419aad9c29
2026-09-15T12:58:20.2974038Z Build Date: 2026-08-28T16:44:25Z
2026-09-15T12:58:20.2975658Z Worker ID: {154d8457-23fb-427b-91de-ea626e32a50d}
2026-09-15T12:58:20.2976970Z Azure Region: eastus
2026-09-15T12:58:20.2978013Z ##[endgroup]
2026-09-15T12:58:20.2980809Z ##[group]Operating System
2026-09-15T12:58:20.2981881Z Ubuntu
2026-09-15T12:58:20.2983465Z 24.04.5
2026-09-15T12:58:20.2984415Z LTS
2026-09-15T12:58:20.2985597Z ##[endgroup]
2026-09-15T12:58:20.2986745Z ##[group]Runner Image
2026-09-15T12:58:20.2987759Z Image: ubuntu-24.04
2026-09-15T12:58:20.2988843Z Version: 20260907.300.1
2026-09-15T12:58:20.2991079Z Included Software: https://github.com/actions/runner-images/blob/ubuntu24/20260907.300/images/ubuntu/Ubuntu2404-Readme.md
2026-09-15T12:58:20.2994471Z Image Release: https://github.com/actions/runner-images/releases/tag/ubuntu24%2F20260907.300
2026-09-15T12:58:20.2996625Z ##[endgroup]
2026-09-15T12:58:20.2998967Z ##[group]GITHUB_TOKEN Permissions
2026-09-15T12:58:20.3002249Z Contents: read
2026-09-15T12:58:20.3003367Z Metadata: read
2026-09-15T12:58:20.3004274Z ##[endgroup]
2026-09-15T12:58:20.3007716Z Secret source: Actions
2026-09-15T12:58:20.3009357Z Cache mode: write
2026-09-15T12:58:20.3011084Z Prepare workflow directory
2026-09-15T12:58:20.4378866Z Prepare all required actions
2026-09-15T12:58:20.4427099Z Getting action download info
2026-09-15T12:58:20.6151746Z Download action repository 'actions/checkout@3d3c42e5aac5ba805825da76410c181273ba90b1' (SHA:3d3c42e5aac5ba805825da76410c181273ba90b1)
2026-09-15T12:58:20.7223185Z Download action repository 'actions/setup-python@5fda3b95a4ea91299a34e894583c3862153e4b97' (SHA:5fda3b95a4ea91299a34e894583c3862153e4b97)
2026-09-15T12:58:20.8301835Z Download action repository 'actions/setup-node@820762786026740c76f36085b0efc47a31fe5020' (SHA:820762786026740c76f36085b0efc47a31fe5020)
2026-09-15T12:58:21.1243581Z Complete job name: spec-contracts
2026-09-15T12:58:21.3621740Z ##[group]Run actions/checkout@3d3c42e5aac5ba805825da76410c181273ba90b1
2026-09-15T12:58:21.3622830Z with:
2026-09-15T12:58:21.3623281Z   repository: kl3574/Learning_Workbench
2026-09-15T12:58:21.3627138Z   token: ***
2026-09-15T12:58:21.3627576Z   ssh-strict: true
2026-09-15T12:58:21.3628017Z   ssh-user: git
2026-09-15T12:58:21.3628465Z   persist-credentials: true
2026-09-15T12:58:21.3628958Z   clean: true
2026-09-15T12:58:21.3629409Z   sparse-checkout-cone-mode: true
2026-09-15T12:58:21.3629931Z   fetch-depth: 1
2026-09-15T12:58:21.3630365Z   fetch-tags: false
2026-09-15T12:58:21.3630807Z   show-progress: true
2026-09-15T12:58:21.3631248Z   lfs: false
2026-09-15T12:58:21.3631651Z   submodules: false
2026-09-15T12:58:21.3632100Z   set-safe-directory: true
2026-09-15T12:58:21.3632605Z   allow-unsafe-pr-checkout: false
2026-09-15T12:58:21.3633423Z ##[endgroup]
2026-09-15T12:58:21.4613808Z Syncing repository: kl3574/Learning_Workbench
2026-09-15T12:58:21.4616875Z ##[group]Getting Git version info
2026-09-15T12:58:21.4618227Z Working directory is '<github-runner-home>/work/Learning_Workbench/Learning_Workbench'
2026-09-15T12:58:21.4620319Z [command]/usr/bin/git version
2026-09-15T12:58:21.4695515Z git version 2.55.0
2026-09-15T12:58:21.4730783Z ##[endgroup]
2026-09-15T12:58:21.4740201Z Temporarily overriding HOME='<github-runner-home>/work/_temp/9f084336-599b-49bc-9088-4280ace50c95' before making global git config changes
2026-09-15T12:58:21.4743131Z Adding repository directory to the temporary git global config as a safe directory
2026-09-15T12:58:21.4746342Z [command]/usr/bin/git config --global --add safe.directory <github-runner-home>/work/Learning_Workbench/Learning_Workbench
2026-09-15T12:58:21.4792657Z Deleting the contents of '<github-runner-home>/work/Learning_Workbench/Learning_Workbench'
2026-09-15T12:58:21.4796124Z ##[group]Determining repository object format
2026-09-15T12:58:21.4797861Z ##[endgroup]
2026-09-15T12:58:21.4799133Z ##[group]Initializing the repository
2026-09-15T12:58:21.4802806Z [command]/usr/bin/git init <github-runner-home>/work/Learning_Workbench/Learning_Workbench
2026-09-15T12:58:21.4945985Z hint: Using 'master' as the name for the initial branch. This default branch name
2026-09-15T12:58:21.4947815Z hint: will change to "main" in Git 3.0. To configure the initial branch name
2026-09-15T12:58:21.4949413Z hint: to use in all of your new repositories, which will suppress this warning,
2026-09-15T12:58:21.4950714Z hint: call:
2026-09-15T12:58:21.4951545Z hint:
2026-09-15T12:58:21.4952558Z hint: 	git config --global init.defaultBranch <name>
2026-09-15T12:58:21.4953646Z hint:
2026-09-15T12:58:21.4954851Z hint: Names commonly chosen instead of 'master' are 'main', 'trunk' and
2026-09-15T12:58:21.4956563Z hint: 'development'. The just-created branch can be renamed via this command:
2026-09-15T12:58:21.4958211Z hint:
2026-09-15T12:58:21.4967431Z hint: 	git branch -m <name>
2026-09-15T12:58:21.4968561Z hint:
2026-09-15T12:58:21.4969936Z hint: Disable this message with "git config set advice.defaultBranchName false"
2026-09-15T12:58:21.4972053Z Initialized empty Git repository in <github-runner-home>/work/Learning_Workbench/Learning_Workbench/.git/
2026-09-15T12:58:21.4976024Z [command]/usr/bin/git remote add origin https://github.com/kl3574/Learning_Workbench
2026-09-15T12:58:21.5004965Z ##[endgroup]
2026-09-15T12:58:21.5006326Z ##[group]Disabling automatic garbage collection
2026-09-15T12:58:21.5009766Z [command]/usr/bin/git config --local gc.auto 0
2026-09-15T12:58:21.5055913Z ##[endgroup]
2026-09-15T12:58:21.5057093Z ##[group]Setting up auth
2026-09-15T12:58:21.5057987Z Removing SSH command configuration
2026-09-15T12:58:21.5059261Z [command]/usr/bin/git config --local --name-only --get-regexp core\.sshCommand
2026-09-15T12:58:21.5082804Z [command]/usr/bin/git submodule foreach --recursive sh -c "git config --local --name-only --get-regexp 'core\.sshCommand' && git config --local --unset-all 'core.sshCommand' || :"
2026-09-15T12:58:21.5483843Z Removing HTTP extra header
2026-09-15T12:58:21.5489781Z [command]/usr/bin/git config --local --name-only --get-regexp http\.https\:\/\/github\.com\/\.extraheader
2026-09-15T12:58:21.5545065Z [command]/usr/bin/git submodule foreach --recursive sh -c "git config --local --name-only --get-regexp 'http\.https\:\/\/github\.com\/\.extraheader' && git config --local --unset-all 'http.https://github.com/.extraheader' || :"
2026-09-15T12:58:21.5742716Z Removing includeIf entries pointing to credentials config files
2026-09-15T12:58:21.5748253Z [command]/usr/bin/git config --local --name-only --get-regexp ^includeIf\.gitdir:
2026-09-15T12:58:21.5818687Z [command]/usr/bin/git submodule foreach --recursive git config --local --show-origin --name-only --get-regexp remote.origin.url
2026-09-15T12:58:21.6047244Z [command]/usr/bin/git config --file <github-runner-home>/work/_temp/git-credentials-f5e9eeb8-3734-41df-9f61-9063e37d8301.config http.https://github.com/.extraheader AUTHORIZATION: basic ***
2026-09-15T12:58:21.6086420Z [command]/usr/bin/git config --local includeIf.gitdir:<github-runner-home>/work/Learning_Workbench/Learning_Workbench/.git.path <github-runner-home>/work/_temp/git-credentials-f5e9eeb8-3734-41df-9f61-9063e37d8301.config
2026-09-15T12:58:21.6119819Z [command]/usr/bin/git config --local includeIf.gitdir:<github-runner-home>/work/Learning_Workbench/Learning_Workbench/.git/worktrees/*.path <github-runner-home>/work/_temp/git-credentials-f5e9eeb8-3734-41df-9f61-9063e37d8301.config
2026-09-15T12:58:21.6158468Z [command]/usr/bin/git config --local includeIf.gitdir:/github/workspace/.git.path /github/runner_temp/git-credentials-f5e9eeb8-3734-41df-9f61-9063e37d8301.config
2026-09-15T12:58:21.6191824Z [command]/usr/bin/git config --local includeIf.gitdir:/github/workspace/.git/worktrees/*.path /github/runner_temp/git-credentials-f5e9eeb8-3734-41df-9f61-9063e37d8301.config
2026-09-15T12:58:21.6221891Z ##[endgroup]
2026-09-15T12:58:21.6222669Z ##[group]Fetching the repository
2026-09-15T12:58:21.6228646Z [command]/usr/bin/git -c protocol.version=2 fetch --no-tags --prune --no-recurse-submodules --depth=1 origin +0484a4ccea8b0dcb17c87743dc512b78e5633dd5:refs/remotes/origin/feat/M5.2-local-retrieval
2026-09-15T12:58:24.4940082Z From https://github.com/kl3574/Learning_Workbench
2026-09-15T12:58:24.4943074Z  * [new ref]         0484a4ccea8b0dcb17c87743dc512b78e5633dd5 -> origin/feat/M5.2-local-retrieval
2026-09-15T12:58:24.4949624Z [command]/usr/bin/git branch --list --remote origin/feat/M5.2-local-retrieval
2026-09-15T12:58:24.4979475Z   origin/feat/M5.2-local-retrieval
2026-09-15T12:58:24.4989224Z [command]/usr/bin/git rev-parse refs/remotes/origin/feat/M5.2-local-retrieval
2026-09-15T12:58:24.5015398Z 0484a4ccea8b0dcb17c87743dc512b78e5633dd5
2026-09-15T12:58:24.5020402Z ##[endgroup]
2026-09-15T12:58:24.5022154Z ##[group]Determining the checkout info
2026-09-15T12:58:24.5025196Z ##[endgroup]
2026-09-15T12:58:24.5026267Z [command]/usr/bin/git sparse-checkout disable
2026-09-15T12:58:24.5086046Z [command]/usr/bin/git config --local --unset-all extensions.worktreeConfig
2026-09-15T12:58:24.5122458Z ##[group]Checking out the ref
2026-09-15T12:58:24.5124867Z [command]/usr/bin/git checkout --progress --force -B feat/M5.2-local-retrieval refs/remotes/origin/feat/M5.2-local-retrieval
2026-09-15T12:58:25.0589776Z Switched to a new branch 'feat/M5.2-local-retrieval'
2026-09-15T12:58:25.0594032Z branch 'feat/M5.2-local-retrieval' set up to track 'origin/feat/M5.2-local-retrieval'.
2026-09-15T12:58:25.0632732Z ##[endgroup]
2026-09-15T12:58:25.0689889Z [command]/usr/bin/git log -1 --format=%H
2026-09-15T12:58:25.0722624Z 0484a4ccea8b0dcb17c87743dc512b78e5633dd5
2026-09-15T12:58:25.1846628Z ##[group]Run actions/setup-python@5fda3b95a4ea91299a34e894583c3862153e4b97
2026-09-15T12:58:25.1847122Z with:
2026-09-15T12:58:25.1847372Z   python-version: 3.12.13
2026-09-15T12:58:25.1847658Z   check-latest: false
2026-09-15T12:58:25.1850065Z   token: ***
2026-09-15T12:58:25.1850327Z   update-environment: true
2026-09-15T12:58:25.1850641Z   allow-prereleases: false
2026-09-15T12:58:25.1850922Z   freethreaded: false
2026-09-15T12:58:25.1851174Z ##[endgroup]
2026-09-15T12:58:25.2993179Z ##[group]Installed versions
2026-09-15T12:58:25.3010578Z Version 3.12.13 was not found in the local cache
2026-09-15T12:58:25.8753469Z Version 3.12.13 is available for downloading
2026-09-15T12:58:25.8755585Z Download from "https://github.com/actions/python-versions/releases/download/3.12.13-27650778726/python-3.12.13-linux-24.04-x64.tar.gz"
2026-09-15T12:58:26.4857597Z Extract downloaded archive
2026-09-15T12:58:26.4982663Z [command]/usr/bin/tar xz --warning=no-unknown-keyword --overwrite -C <github-runner-home>/work/_temp/d8b75f96-fd7f-4396-95b8-ca92fd1c4034 -f <github-runner-home>/work/_temp/4505e3be-5203-4473-9bc6-8ccea724ecda
2026-09-15T12:58:28.3942172Z Execute installation script
2026-09-15T12:58:28.4037009Z Check if Python hostedtoolcache folder exist...
2026-09-15T12:58:28.4037403Z Create Python 3.12.13 folder
2026-09-15T12:58:28.4050946Z Copy Python binaries to hostedtoolcache folder
2026-09-15T12:58:28.9179295Z Create additional symlinks (Required for the UsePythonVersion Azure Pipelines task and the setup-python GitHub Action)
2026-09-15T12:58:28.9222954Z Upgrading pip...
2026-09-15T12:58:30.7262411Z Collecting pip
2026-09-15T12:58:30.7580124Z Downloading pip-26.2.1-py3-none-any.whl.metadata (4.6 kB)
2026-09-15T12:58:30.7683724Z Downloading pip-26.2.1-py3-none-any.whl (1.8 MB)
2026-09-15T12:58:30.8149603Z ━━━━━━━━━━━━━━━━━━━━━━━━━━━━━━━━━━━━━━━━ 1.8/1.8 MB 56.8 MB/s eta 0:00:00
2026-09-15T12:58:30.8150525Z 
2026-09-15T12:58:30.8359307Z Installing collected packages: pip
2026-09-15T12:58:30.8361834Z Attempting uninstall: pip
2026-09-15T12:58:30.8383637Z Found existing installation: pip 25.0.1
2026-09-15T12:58:30.8744658Z Uninstalling pip-25.0.1:
2026-09-15T12:58:30.8801706Z Successfully uninstalled pip-25.0.1
2026-09-15T12:58:31.7632425Z Successfully installed pip-26.2.1
2026-09-15T12:58:31.8141180Z Create complete file
2026-09-15T12:58:31.8177158Z Successfully set up CPython (3.12.13)
2026-09-15T12:58:31.8178000Z ##[endgroup]
2026-09-15T12:58:31.9638113Z ##[group]Run actions/setup-node@820762786026740c76f36085b0efc47a31fe5020
2026-09-15T12:58:31.9638519Z with:
2026-09-15T12:58:31.9638731Z   node-version: 24.21.0
2026-09-15T12:58:31.9638958Z   check-latest: false
2026-09-15T12:58:31.9641260Z   token: ***
2026-09-15T12:58:31.9641486Z   package-manager-cache: true
2026-09-15T12:58:31.9641732Z env:
2026-09-15T12:58:31.9642008Z   pythonLocation: /opt/hostedtoolcache/Python/3.12.13/x64
2026-09-15T12:58:31.9642469Z   PKG_CONFIG_PATH: /opt/hostedtoolcache/Python/3.12.13/x64/lib/pkgconfig
2026-09-15T12:58:31.9642975Z   Python_ROOT_DIR: /opt/hostedtoolcache/Python/3.12.13/x64
2026-09-15T12:58:31.9643367Z   Python2_ROOT_DIR: /opt/hostedtoolcache/Python/3.12.13/x64
2026-09-15T12:58:31.9643750Z   Python3_ROOT_DIR: /opt/hostedtoolcache/Python/3.12.13/x64
2026-09-15T12:58:31.9644137Z   LD_LIBRARY_PATH: /opt/hostedtoolcache/Python/3.12.13/x64/lib
2026-09-15T12:58:31.9644474Z ##[endgroup]
2026-09-15T12:58:32.0875720Z Attempting to download 24.21.0...
2026-09-15T12:58:32.6347124Z Acquiring 24.21.0 - x64 from https://github.com/actions/node-versions/releases/download/24.21.0-34304089047/node-24.21.0-linux-x64.tar.gz
2026-09-15T12:58:33.0614225Z Extracting ...
2026-09-15T12:58:33.0751951Z [command]/usr/bin/tar xz --strip 1 --warning=no-unknown-keyword --overwrite -C <github-runner-home>/work/_temp/79eb4ae6-57e4-45ee-adf1-036b8d1430d5 -f <github-runner-home>/work/_temp/6af8ef52-9a26-4520-9f01-9793d6330d9b
2026-09-15T12:58:34.3699699Z Adding to the cache ...
2026-09-15T12:58:36.4375262Z ##[group]Environment details
2026-09-15T12:58:36.6556687Z node: v24.21.0
2026-09-15T12:58:36.6556989Z npm: 11.19.0
2026-09-15T12:58:36.6557232Z yarn: 1.22.22
2026-09-15T12:58:36.6557732Z ##[endgroup]
2026-09-15T12:58:36.6799207Z ##[group]Run npm ci --prefix apps/web
2026-09-15T12:58:36.6799609Z [36;1mnpm ci --prefix apps/web[0m
2026-09-15T12:58:36.6840982Z shell: /usr/bin/bash -e {0}
2026-09-15T12:58:36.6841269Z env:
2026-09-15T12:58:36.6841541Z   pythonLocation: /opt/hostedtoolcache/Python/3.12.13/x64
2026-09-15T12:58:36.6841997Z   PKG_CONFIG_PATH: /opt/hostedtoolcache/Python/3.12.13/x64/lib/pkgconfig
2026-09-15T12:58:36.6842438Z   Python_ROOT_DIR: /opt/hostedtoolcache/Python/3.12.13/x64
2026-09-15T12:58:36.6842854Z   Python2_ROOT_DIR: /opt/hostedtoolcache/Python/3.12.13/x64
2026-09-15T12:58:36.6843252Z   Python3_ROOT_DIR: /opt/hostedtoolcache/Python/3.12.13/x64
2026-09-15T12:58:36.6843638Z   LD_LIBRARY_PATH: /opt/hostedtoolcache/Python/3.12.13/x64/lib
2026-09-15T12:58:36.6843961Z ##[endgroup]
2026-09-15T12:58:44.2061527Z 
2026-09-15T12:58:44.2068748Z added 236 packages, and audited 237 packages in 7s
2026-09-15T12:58:44.2069118Z 
2026-09-15T12:58:44.2069336Z 118 packages are looking for funding
2026-09-15T12:58:44.2069788Z   run `npm fund` for details
2026-09-15T12:58:44.2075116Z 
2026-09-15T12:58:44.2075373Z found 0 vulnerabilities
2026-09-15T12:58:44.2772777Z ##[group]Run python -m pip install uv==0.11.21
2026-09-15T12:58:44.2773259Z [36;1mpython -m pip install uv==0.11.21[0m
2026-09-15T12:58:44.2811933Z shell: /usr/bin/bash -e {0}
2026-09-15T12:58:44.2812190Z env:
2026-09-15T12:58:44.2812461Z   pythonLocation: /opt/hostedtoolcache/Python/3.12.13/x64
2026-09-15T12:58:44.2812904Z   PKG_CONFIG_PATH: /opt/hostedtoolcache/Python/3.12.13/x64/lib/pkgconfig
2026-09-15T12:58:44.2813352Z   Python_ROOT_DIR: /opt/hostedtoolcache/Python/3.12.13/x64
2026-09-15T12:58:44.2813736Z   Python2_ROOT_DIR: /opt/hostedtoolcache/Python/3.12.13/x64
2026-09-15T12:58:44.2814126Z   Python3_ROOT_DIR: /opt/hostedtoolcache/Python/3.12.13/x64
2026-09-15T12:58:44.2814763Z   LD_LIBRARY_PATH: /opt/hostedtoolcache/Python/3.12.13/x64/lib
2026-09-15T12:58:44.2815108Z ##[endgroup]
2026-09-15T12:58:44.9690219Z Collecting uv==0.11.21
2026-09-15T12:58:45.0194347Z   Downloading uv-0.11.21-py3-none-manylinux_2_17_x86_64.manylinux2014_x86_64.whl.metadata (11 kB)
2026-09-15T12:58:45.0817499Z Downloading uv-0.11.21-py3-none-manylinux_2_17_x86_64.manylinux2014_x86_64.whl (25.1 MB)
2026-09-15T12:58:45.2393625Z    ━━━━━━━━━━━━━━━━━━━━━━━━━━━━━━━━━━━━━━━━ 25.1/25.1 MB 185.2 MB/s  0:00:00
2026-09-15T12:58:45.2847064Z Installing collected packages: uv
2026-09-15T12:58:45.5413299Z Successfully installed uv-0.11.21
2026-09-15T12:58:45.5999243Z ##[group]Run uv sync --frozen
2026-09-15T12:58:45.6067776Z [36;1muv sync --frozen[0m
2026-09-15T12:58:45.6105617Z shell: /usr/bin/bash -e {0}
2026-09-15T12:58:45.6105877Z env:
2026-09-15T12:58:45.6106146Z   pythonLocation: /opt/hostedtoolcache/Python/3.12.13/x64
2026-09-15T12:58:45.6106595Z   PKG_CONFIG_PATH: /opt/hostedtoolcache/Python/3.12.13/x64/lib/pkgconfig
2026-09-15T12:58:45.6107037Z   Python_ROOT_DIR: /opt/hostedtoolcache/Python/3.12.13/x64
2026-09-15T12:58:45.6107416Z   Python2_ROOT_DIR: /opt/hostedtoolcache/Python/3.12.13/x64
2026-09-15T12:58:45.6107799Z   Python3_ROOT_DIR: /opt/hostedtoolcache/Python/3.12.13/x64
2026-09-15T12:58:45.6108183Z   LD_LIBRARY_PATH: /opt/hostedtoolcache/Python/3.12.13/x64/lib
2026-09-15T12:58:45.6108527Z ##[endgroup]
2026-09-15T12:58:45.6674088Z Using CPython 3.12.13 interpreter at: /opt/hostedtoolcache/Python/3.12.13/x64/bin/python3.12
2026-09-15T12:58:45.6675037Z Creating virtual environment at: .venv
2026-09-15T12:58:45.7520269Z Downloading pygments (1.2MiB)
2026-09-15T12:58:45.7528736Z Downloading ast-serialize (1.3MiB)
2026-09-15T12:58:45.7529989Z Downloading mypy (14.6MiB)
2026-09-15T12:58:45.7533173Z Downloading pydantic-core (2.0MiB)
2026-09-15T12:58:45.7541491Z Downloading ruff (9.9MiB)
2026-09-15T12:58:45.8840614Z  Downloaded ast-serialize
2026-09-15T12:58:45.9123239Z  Downloaded pydantic-core
2026-09-15T12:58:46.0581168Z  Downloaded ruff
2026-09-15T12:58:46.1056037Z  Downloaded pygments
2026-09-15T12:58:46.2982947Z  Downloaded mypy
2026-09-15T12:58:46.2985677Z Prepared 37 packages in 628ms
2026-09-15T12:58:46.3399588Z Installed 37 packages in 41ms
2026-09-15T12:58:46.3400238Z  + annotated-doc==0.0.5
2026-09-15T12:58:46.3400706Z  + annotated-types==0.8.0
2026-09-15T12:58:46.3401154Z  + anyio==4.15.1
2026-09-15T12:58:46.3401505Z  + ast-serialize==0.11.2
2026-09-15T12:58:46.3401865Z  + attrs==26.1.0
2026-09-15T12:58:46.3402588Z  + certifi==2026.7.22
2026-09-15T12:58:46.3402991Z  + click==8.5.0
2026-09-15T12:58:46.3403391Z  + defusedxml==0.7.1
2026-09-15T12:58:46.3403768Z  + fastapi==0.141.1
2026-09-15T12:58:46.3404211Z  + h11==0.16.0
2026-09-15T12:58:46.3404779Z  + httpcore==1.0.9
2026-09-15T12:58:46.3405169Z  + httpx==0.28.1
2026-09-15T12:58:46.3405515Z  + idna==3.19
2026-09-15T12:58:46.3405869Z  + iniconfig==2.3.0
2026-09-15T12:58:46.3406391Z  + jsonschema==4.26.0
2026-09-15T12:58:46.3406957Z  + jsonschema-specifications==2025.9.1
2026-09-15T12:58:46.3407482Z  + librt==0.15.0
2026-09-15T12:58:46.3408483Z  + markdown-it-py==4.2.0
2026-09-15T12:58:46.3408873Z  + mdurl==0.1.2
2026-09-15T12:58:46.3409227Z  + mypy==2.3.1
2026-09-15T12:58:46.3409919Z  + mypy-extensions==1.1.0
2026-09-15T12:58:46.3410394Z  + packaging==26.3
2026-09-15T12:58:46.3411003Z  + pathspec==1.1.1
2026-09-15T12:58:46.3411703Z  + pluggy==1.6.0
2026-09-15T12:58:46.3412423Z  + pydantic==2.13.5
2026-09-15T12:58:46.3413175Z  + pydantic-core==2.46.5
2026-09-15T12:58:46.3413828Z  + pygments==2.21.0
2026-09-15T12:58:46.3414697Z  + pypdf==6.18.1
2026-09-15T12:58:46.3415461Z  + pytest==9.1.1
2026-09-15T12:58:46.3416181Z  + python-multipart==0.0.32
2026-09-15T12:58:46.3416834Z  + referencing==0.37.0
2026-09-15T12:58:46.3417560Z  + rpds-py==2026.6.3
2026-09-15T12:58:46.3418232Z  + ruff==0.16.7
2026-09-15T12:58:46.3418934Z  + starlette==1.6.0
2026-09-15T12:58:46.3419584Z  + typing-extensions==4.16.0
2026-09-15T12:58:46.3420289Z  + typing-inspection==0.4.4
2026-09-15T12:58:46.3420915Z  + uvicorn==0.53.0
2026-09-15T12:58:46.3543592Z ##[group]Run make verify-spec
2026-09-15T12:58:46.3543914Z [36;1mmake verify-spec[0m
2026-09-15T12:58:46.3581973Z shell: /usr/bin/bash -e {0}
2026-09-15T12:58:46.3582231Z env:
2026-09-15T12:58:46.3582497Z   pythonLocation: /opt/hostedtoolcache/Python/3.12.13/x64
2026-09-15T12:58:46.3582946Z   PKG_CONFIG_PATH: /opt/hostedtoolcache/Python/3.12.13/x64/lib/pkgconfig
2026-09-15T12:58:46.3583557Z   Python_ROOT_DIR: /opt/hostedtoolcache/Python/3.12.13/x64
2026-09-15T12:58:46.3583944Z   Python2_ROOT_DIR: /opt/hostedtoolcache/Python/3.12.13/x64
2026-09-15T12:58:46.3584334Z   Python3_ROOT_DIR: /opt/hostedtoolcache/Python/3.12.13/x64
2026-09-15T12:58:46.3585042Z   LD_LIBRARY_PATH: /opt/hostedtoolcache/Python/3.12.13/x64/lib
2026-09-15T12:58:46.3585367Z ##[endgroup]
2026-09-15T12:58:46.3669402Z uv run --frozen python scripts/verify_spec.py
2026-09-15T12:58:50.3131781Z {
2026-09-15T12:58:50.3132295Z   "embedded_files": 6,
2026-09-15T12:58:50.3132865Z   "generated_artifacts": 70,
2026-09-15T12:58:50.3133561Z   "learning_effectiveness": "NOT_RUN",
2026-09-15T12:58:50.3134146Z   "models": 54,
2026-09-15T12:58:50.3134923Z   "package_receipts": [
2026-09-15T12:58:50.3135403Z     {
2026-09-15T12:58:50.3136115Z       "archive_sha256": "9933ad962be34e42a29a3299e81c0f03249b584ba1574299672b76eb0242e7b6",
2026-09-15T12:58:50.3136755Z       "object_count": 9,
2026-09-15T12:58:50.3137097Z       "payload_count": 12,
2026-09-15T12:58:50.3137431Z       "profile": "author",
2026-09-15T12:58:50.3137891Z       "scope": "structure_and_integrity_only",
2026-09-15T12:58:50.3138270Z       "total_bytes": 6730
2026-09-15T12:58:50.3138561Z     },
2026-09-15T12:58:50.3138789Z     {
2026-09-15T12:58:50.3139325Z       "archive_sha256": "6d4ddb4c423521625d4686765e1f80f2b65e46ee874eca1bec118dc20a136479",
2026-09-15T12:58:50.3139908Z       "object_count": 9,
2026-09-15T12:58:50.3140209Z       "payload_count": 11,
2026-09-15T12:58:50.3140519Z       "profile": "learner",
2026-09-15T12:58:50.3140902Z       "scope": "structure_and_integrity_only",
2026-09-15T12:58:50.3141277Z       "total_bytes": 5179
2026-09-15T12:58:50.3141585Z     }
2026-09-15T12:58:50.3141815Z   ],
2026-09-15T12:58:50.3142102Z   "product_acceptance": "NOT_RUN",
2026-09-15T12:58:50.3142476Z   "publication": "NOT_CHECKED",
2026-09-15T12:58:50.3142799Z   "real_codex": "NOT_RUN",
2026-09-15T12:58:50.3143112Z   "real_provider": "NOT_RUN",
2026-09-15T12:58:50.3143435Z   "requirements": 38,
2026-09-15T12:58:50.3143713Z   "routes": 106,
2026-09-15T12:58:50.3144282Z   "scope": "M0_structural_baseline_only",
2026-09-15T12:58:50.3144999Z   "source": "PRODUCT_DESIGN.md",
2026-09-15T12:58:50.3145942Z   "spec_sha256": "a9ad5cd57913630ef5cdf4781ae5f9155d44c7a7d8169bfec8ae4811be6481c8",
2026-09-15T12:58:50.3146897Z   "spec_version": "3.0.3",
2026-09-15T12:58:50.3147435Z   "sql_tables_including_fts": 53,
2026-09-15T12:58:50.3147996Z   "status": "PASS",
2026-09-15T12:58:50.3148515Z   "target_scenarios": 33,
2026-09-15T12:58:50.3149093Z   "tasks": 27
2026-09-15T12:58:50.3149581Z }
2026-09-15T12:58:50.4463463Z ##[group]Run uv run --frozen pytest tests/contract tests/unit/test_spec_*.py
2026-09-15T12:58:50.4464047Z [36;1muv run --frozen pytest tests/contract tests/unit/test_spec_*.py[0m
2026-09-15T12:58:50.4501097Z shell: /usr/bin/bash -e {0}
2026-09-15T12:58:50.4501353Z env:
2026-09-15T12:58:50.4501617Z   pythonLocation: /opt/hostedtoolcache/Python/3.12.13/x64
2026-09-15T12:58:50.4502085Z   PKG_CONFIG_PATH: /opt/hostedtoolcache/Python/3.12.13/x64/lib/pkgconfig
2026-09-15T12:58:50.4502522Z   Python_ROOT_DIR: /opt/hostedtoolcache/Python/3.12.13/x64
2026-09-15T12:58:50.4502907Z   Python2_ROOT_DIR: /opt/hostedtoolcache/Python/3.12.13/x64
2026-09-15T12:58:50.4503286Z   Python3_ROOT_DIR: /opt/hostedtoolcache/Python/3.12.13/x64
2026-09-15T12:58:50.4503669Z   LD_LIBRARY_PATH: /opt/hostedtoolcache/Python/3.12.13/x64/lib
2026-09-15T12:58:50.4503992Z ##[endgroup]
2026-09-15T12:58:53.7854386Z ============================= test session starts ==============================
2026-09-15T12:58:53.7855974Z platform linux -- Python 3.12.13, pytest-9.1.1, pluggy-1.6.0
2026-09-15T12:58:53.7857006Z rootdir: <github-runner-home>/work/Learning_Workbench/Learning_Workbench
2026-09-15T12:58:53.7857758Z configfile: pyproject.toml
2026-09-15T12:58:53.7858284Z plugins: anyio-4.15.1
2026-09-15T12:58:53.7858742Z collected 456 items
2026-09-15T12:58:53.7859454Z 
2026-09-15T12:59:54.7985011Z tests/contract/test_api_projection.py .................................. [  7%]
2026-09-15T13:01:12.1223019Z ..........................................                               [ 16%]
2026-09-15T13:01:12.2762621Z tests/contract/test_generated_transport.py ...............               [ 19%]
2026-09-15T13:01:12.6212187Z tests/contract/test_generated_upload.py ..                               [ 20%]
2026-09-15T13:01:13.0267981Z tests/contract/test_models.py ............................               [ 26%]
2026-09-15T13:01:13.0404103Z tests/contract/test_optional_patch.py .                                  [ 26%]
2026-09-15T13:01:13.2128470Z tests/contract/test_package_integrity.py ........................        [ 32%]
2026-09-15T13:01:13.3377665Z tests/contract/test_practice_public_projection.py ...................... [ 36%]
2026-09-15T13:01:24.2815892Z .............                                                            [ 39%]
2026-09-15T13:01:25.0130375Z tests/contract/test_provider_binding.py .........................        [ 45%]
2026-09-15T13:01:25.7175745Z tests/contract/test_provider_dto.py .................................... [ 53%]
2026-09-15T13:01:25.9885861Z ........................................................................ [ 68%]
2026-09-15T13:01:25.9891908Z                                                                          [ 68%]
2026-09-15T13:01:26.2025781Z tests/contract/test_recommendation_binding.py ........                   [ 70%]
2026-09-15T13:01:26.2288242Z tests/contract/test_recommendation_dto.py .............................. [ 77%]
2026-09-15T13:01:26.4222946Z ........................                                                 [ 82%]
2026-09-15T13:01:26.4444802Z tests/contract/test_retrieval_dto.py ............................        [ 88%]
2026-09-15T13:01:53.9743299Z tests/contract/test_retrieval_generation.py ...................          [ 92%]
2026-09-15T13:02:04.7379685Z tests/contract/test_retrieval_http.py ....................               [ 97%]
2026-09-15T13:02:06.1580435Z tests/unit/test_spec_catalog.py ....                                     [ 98%]
2026-09-15T13:02:06.3207103Z tests/unit/test_spec_extraction.py .........                             [100%]
2026-09-15T13:02:06.3207696Z 
2026-09-15T13:02:06.3208104Z =============================== warnings summary ===============================
2026-09-15T13:02:06.3208868Z .venv/lib/python3.12/site-packages/fastapi/testclient.py:1
2026-09-15T13:02:06.3211337Z   <github-runner-home>/work/Learning_Workbench/Learning_Workbench/.venv/lib/python3.12/site-packages/fastapi/testclient.py:1: StarletteDeprecationWarning: Using `httpx` with `starlette.testclient` is deprecated; install `httpx2` instead.
2026-09-15T13:02:06.3213091Z     from starlette.testclient import TestClient as TestClient  # noqa
2026-09-15T13:02:06.3213535Z 
2026-09-15T13:02:06.3213905Z .venv/lib/python3.12/site-packages/starlette/testclient.py:53
2026-09-15T13:02:06.3216081Z   <github-runner-home>/work/Learning_Workbench/Learning_Workbench/.venv/lib/python3.12/site-packages/starlette/testclient.py:53: DeprecationWarning: The anyio.abc.BlockingPortal alias is deprecated, use anyio.from_thread.BlockingPortal instead.
2026-09-15T13:02:06.3217966Z     _PortalFactoryType = Callable[[], AbstractContextManager[anyio.abc.BlockingPortal]]
2026-09-15T13:02:06.3218521Z 
2026-09-15T13:02:06.3218958Z -- Docs: https://docs.pytest.org/en/stable/how-to/capture-warnings.html
2026-09-15T13:02:06.3219868Z ================= 456 passed, 2 warnings in 195.00s (0:03:15) ==================
2026-09-15T13:02:06.5832105Z Post job cleanup.
2026-09-15T13:02:06.7365309Z Post job cleanup.
2026-09-15T13:02:06.9091166Z Post job cleanup.
2026-09-15T13:02:06.9937380Z [command]/usr/bin/git version
2026-09-15T13:02:06.9983344Z git version 2.55.0
2026-09-15T13:02:07.0033842Z Temporarily overriding HOME='<github-runner-home>/work/_temp/fdd2c340-555f-4613-b6ad-cbc0e8d3004b' before making global git config changes
2026-09-15T13:02:07.0035523Z Adding repository directory to the temporary git global config as a safe directory
2026-09-15T13:02:07.0040452Z [command]/usr/bin/git config --global --add safe.directory <github-runner-home>/work/Learning_Workbench/Learning_Workbench
2026-09-15T13:02:07.0075192Z Removing SSH command configuration
2026-09-15T13:02:07.0082212Z [command]/usr/bin/git config --local --name-only --get-regexp core\.sshCommand
2026-09-15T13:02:07.0118187Z [command]/usr/bin/git submodule foreach --recursive sh -c "git config --local --name-only --get-regexp 'core\.sshCommand' && git config --local --unset-all 'core.sshCommand' || :"
2026-09-15T13:02:07.0383543Z Removing HTTP extra header
2026-09-15T13:02:07.0390651Z [command]/usr/bin/git config --local --name-only --get-regexp http\.https\:\/\/github\.com\/\.extraheader
2026-09-15T13:02:07.0429098Z [command]/usr/bin/git submodule foreach --recursive sh -c "git config --local --name-only --get-regexp 'http\.https\:\/\/github\.com\/\.extraheader' && git config --local --unset-all 'http.https://github.com/.extraheader' || :"
2026-09-15T13:02:07.0700460Z Removing includeIf entries pointing to credentials config files
2026-09-15T13:02:07.0720960Z [command]/usr/bin/git config --local --name-only --get-regexp ^includeIf\.gitdir:
2026-09-15T13:02:07.0755213Z includeif.gitdir:<github-runner-home>/work/Learning_Workbench/Learning_Workbench/.git.path
2026-09-15T13:02:07.0756524Z includeif.gitdir:<github-runner-home>/work/Learning_Workbench/Learning_Workbench/.git/worktrees/*.path
2026-09-15T13:02:07.0763625Z includeif.gitdir:/github/workspace/.git.path
2026-09-15T13:02:07.0764849Z includeif.gitdir:/github/workspace/.git/worktrees/*.path
2026-09-15T13:02:07.0766912Z [command]/usr/bin/git config --local --get-all includeif.gitdir:<github-runner-home>/work/Learning_Workbench/Learning_Workbench/.git.path
2026-09-15T13:02:07.0792822Z <github-runner-home>/work/_temp/git-credentials-f5e9eeb8-3734-41df-9f61-9063e37d8301.config
2026-09-15T13:02:07.0803929Z [command]/usr/bin/git config --local --unset includeif.gitdir:<github-runner-home>/work/Learning_Workbench/Learning_Workbench/.git.path \/home\/runner\/work\/_temp\/git\-credentials\-f5e9eeb8\-3734\-41df\-9f61\-9063e37d8301\.config
2026-09-15T13:02:07.0852182Z [command]/usr/bin/git config --local --get-all includeif.gitdir:<github-runner-home>/work/Learning_Workbench/Learning_Workbench/.git/worktrees/*.path
2026-09-15T13:02:07.0882849Z <github-runner-home>/work/_temp/git-credentials-f5e9eeb8-3734-41df-9f61-9063e37d8301.config
2026-09-15T13:02:07.0929564Z [command]/usr/bin/git config --local --unset includeif.gitdir:<github-runner-home>/work/Learning_Workbench/Learning_Workbench/.git/worktrees/*.path \/home\/runner\/work\/_temp\/git\-credentials\-f5e9eeb8\-3734\-41df\-9f61\-9063e37d8301\.config
2026-09-15T13:02:07.0968986Z [command]/usr/bin/git config --local --get-all includeif.gitdir:/github/workspace/.git.path
2026-09-15T13:02:07.0997765Z /github/runner_temp/git-credentials-f5e9eeb8-3734-41df-9f61-9063e37d8301.config
2026-09-15T13:02:07.1006310Z [command]/usr/bin/git config --local --unset includeif.gitdir:/github/workspace/.git.path \/github\/runner_temp\/git\-credentials\-f5e9eeb8\-3734\-41df\-9f61\-9063e37d8301\.config
2026-09-15T13:02:07.1041332Z [command]/usr/bin/git config --local --get-all includeif.gitdir:/github/workspace/.git/worktrees/*.path
2026-09-15T13:02:07.1067561Z /github/runner_temp/git-credentials-f5e9eeb8-3734-41df-9f61-9063e37d8301.config
2026-09-15T13:02:07.1075081Z [command]/usr/bin/git config --local --unset includeif.gitdir:/github/workspace/.git/worktrees/*.path \/github\/runner_temp\/git\-credentials\-f5e9eeb8\-3734\-41df\-9f61\-9063e37d8301\.config
2026-09-15T13:02:07.1110979Z [command]/usr/bin/git submodule foreach --recursive git config --local --show-origin --name-only --get-regexp remote.origin.url
2026-09-15T13:02:07.1344199Z Removing credentials config '<github-runner-home>/work/_temp/git-credentials-f5e9eeb8-3734-41df-9f61-9063e37d8301.config'
2026-09-15T13:02:07.1489647Z Cleaning up orphan processes
