2026-09-15T12:58:23.4069668Z Current runner version: '2.337.0'
2026-09-15T12:58:23.4092742Z ##[group]Runner Image Provisioner
2026-09-15T12:58:23.4093566Z Hosted Compute Agent
2026-09-15T12:58:23.4094097Z Version: 20260828.587
2026-09-15T12:58:23.4094962Z Commit: abac92662cab4cc7352de4f9f9d2e2419aad9c29
2026-09-15T12:58:23.4095685Z Build Date: 2026-08-28T16:44:25Z
2026-09-15T12:58:23.4096331Z Worker ID: {57cccf66-b4a0-4fce-800d-275f2dff60e7}
2026-09-15T12:58:23.4096999Z Azure Region: centralus
2026-09-15T12:58:23.4097535Z ##[endgroup]
2026-09-15T12:58:23.4099009Z ##[group]Operating System
2026-09-15T12:58:23.4099603Z Ubuntu
2026-09-15T12:58:23.4100064Z 24.04.5
2026-09-15T12:58:23.4100564Z LTS
2026-09-15T12:58:23.4101011Z ##[endgroup]
2026-09-15T12:58:23.4101553Z ##[group]Runner Image
2026-09-15T12:58:23.4102127Z Image: ubuntu-24.04
2026-09-15T12:58:23.4102621Z Version: 20260907.300.1
2026-09-15T12:58:23.4103850Z Included Software: https://github.com/actions/runner-images/blob/ubuntu24/20260907.300/images/ubuntu/Ubuntu2404-Readme.md
2026-09-15T12:58:23.4105670Z Image Release: https://github.com/actions/runner-images/releases/tag/ubuntu24%2F20260907.300
2026-09-15T12:58:23.4106590Z ##[endgroup]
2026-09-15T12:58:23.4107676Z ##[group]GITHUB_TOKEN Permissions
2026-09-15T12:58:23.4110028Z Contents: read
2026-09-15T12:58:23.4110549Z Metadata: read
2026-09-15T12:58:23.4111143Z ##[endgroup]
2026-09-15T12:58:23.4113160Z Secret source: Actions
2026-09-15T12:58:23.4114101Z Cache mode: write
2026-09-15T12:58:23.4115015Z Prepare workflow directory
2026-09-15T12:58:23.4397309Z Prepare all required actions
2026-09-15T12:58:23.4432364Z Getting action download info
2026-09-15T12:58:23.6927578Z Download action repository 'actions/checkout@3d3c42e5aac5ba805825da76410c181273ba90b1' (SHA:3d3c42e5aac5ba805825da76410c181273ba90b1)
2026-09-15T12:58:25.1107238Z Download action repository 'actions/setup-python@5fda3b95a4ea91299a34e894583c3862153e4b97' (SHA:5fda3b95a4ea91299a34e894583c3862153e4b97)
2026-09-15T12:58:25.2395812Z Download action repository 'actions/setup-node@820762786026740c76f36085b0efc47a31fe5020' (SHA:820762786026740c76f36085b0efc47a31fe5020)
2026-09-15T12:58:25.4250215Z Complete job name: spec-contracts
2026-09-15T12:58:25.4887952Z ##[group]Run actions/checkout@3d3c42e5aac5ba805825da76410c181273ba90b1
2026-09-15T12:58:25.4889278Z with:
2026-09-15T12:58:25.4890019Z   repository: kl3574/Learning_Workbench
2026-09-15T12:58:25.4896815Z   token: ***
2026-09-15T12:58:25.4897603Z   ssh-strict: true
2026-09-15T12:58:25.4898324Z   ssh-user: git
2026-09-15T12:58:25.4899062Z   persist-credentials: true
2026-09-15T12:58:25.4899847Z   clean: true
2026-09-15T12:58:25.4900580Z   sparse-checkout-cone-mode: true
2026-09-15T12:58:25.4901499Z   fetch-depth: 1
2026-09-15T12:58:25.4902208Z   fetch-tags: false
2026-09-15T12:58:25.4902974Z   show-progress: true
2026-09-15T12:58:25.4903734Z   lfs: false
2026-09-15T12:58:25.4904519Z   submodules: false
2026-09-15T12:58:25.4905318Z   set-safe-directory: true
2026-09-15T12:58:25.4906142Z   allow-unsafe-pr-checkout: false
2026-09-15T12:58:25.4907217Z ##[endgroup]
2026-09-15T12:58:25.5683864Z Syncing repository: kl3574/Learning_Workbench
2026-09-15T12:58:25.5687628Z ##[group]Getting Git version info
2026-09-15T12:58:25.5689170Z Working directory is '<github-runner-home>/work/Learning_Workbench/Learning_Workbench'
2026-09-15T12:58:25.5691418Z [command]/usr/bin/git version
2026-09-15T12:58:25.5715718Z git version 2.55.0
2026-09-15T12:58:25.5731521Z ##[endgroup]
2026-09-15T12:58:25.5738254Z Temporarily overriding HOME='<github-runner-home>/work/_temp/89a33d84-ff13-4978-aff7-b5cf655429f1' before making global git config changes
2026-09-15T12:58:25.5741005Z Adding repository directory to the temporary git global config as a safe directory
2026-09-15T12:58:25.5743674Z [command]/usr/bin/git config --global --add safe.directory <github-runner-home>/work/Learning_Workbench/Learning_Workbench
2026-09-15T12:58:25.6402405Z Deleting the contents of '<github-runner-home>/work/Learning_Workbench/Learning_Workbench'
2026-09-15T12:58:25.6405870Z ##[group]Determining repository object format
2026-09-15T12:58:25.6408385Z ##[endgroup]
2026-09-15T12:58:25.6409929Z ##[group]Initializing the repository
2026-09-15T12:58:25.6411553Z [command]/usr/bin/git init <github-runner-home>/work/Learning_Workbench/Learning_Workbench
2026-09-15T12:58:25.6960090Z hint: Using 'master' as the name for the initial branch. This default branch name
2026-09-15T12:58:25.6962265Z hint: will change to "main" in Git 3.0. To configure the initial branch name
2026-09-15T12:58:25.6963801Z hint: to use in all of your new repositories, which will suppress this warning,
2026-09-15T12:58:25.6965507Z hint: call:
2026-09-15T12:58:25.6966501Z hint:
2026-09-15T12:58:25.6967448Z hint: 	git config --global init.defaultBranch <name>
2026-09-15T12:58:25.6968498Z hint:
2026-09-15T12:58:25.6969500Z hint: Names commonly chosen instead of 'master' are 'main', 'trunk' and
2026-09-15T12:58:25.6971280Z hint: 'development'. The just-created branch can be renamed via this command:
2026-09-15T12:58:25.6972593Z hint:
2026-09-15T12:58:25.6973353Z hint: 	git branch -m <name>
2026-09-15T12:58:25.6974430Z hint:
2026-09-15T12:58:25.6975824Z hint: Disable this message with "git config set advice.defaultBranchName false"
2026-09-15T12:58:25.6977928Z Initialized empty Git repository in <github-runner-home>/work/Learning_Workbench/Learning_Workbench/.git/
2026-09-15T12:58:25.6981476Z [command]/usr/bin/git remote add origin https://github.com/kl3574/Learning_Workbench
2026-09-15T12:58:25.7011993Z ##[endgroup]
2026-09-15T12:58:25.7013253Z ##[group]Disabling automatic garbage collection
2026-09-15T12:58:25.7014389Z [command]/usr/bin/git config --local gc.auto 0
2026-09-15T12:58:25.7034031Z ##[endgroup]
2026-09-15T12:58:25.7035424Z ##[group]Setting up auth
2026-09-15T12:58:25.7036423Z Removing SSH command configuration
2026-09-15T12:58:25.7037785Z [command]/usr/bin/git config --local --name-only --get-regexp core\.sshCommand
2026-09-15T12:58:25.7060659Z [command]/usr/bin/git submodule foreach --recursive sh -c "git config --local --name-only --get-regexp 'core\.sshCommand' && git config --local --unset-all 'core.sshCommand' || :"
2026-09-15T12:58:25.7805872Z Removing HTTP extra header
2026-09-15T12:58:25.7809202Z [command]/usr/bin/git config --local --name-only --get-regexp http\.https\:\/\/github\.com\/\.extraheader
2026-09-15T12:58:25.7831856Z [command]/usr/bin/git submodule foreach --recursive sh -c "git config --local --name-only --get-regexp 'http\.https\:\/\/github\.com\/\.extraheader' && git config --local --unset-all 'http.https://github.com/.extraheader' || :"
2026-09-15T12:58:25.7981326Z Removing includeIf entries pointing to credentials config files
2026-09-15T12:58:25.7985586Z [command]/usr/bin/git config --local --name-only --get-regexp ^includeIf\.gitdir:
2026-09-15T12:58:25.8007758Z [command]/usr/bin/git submodule foreach --recursive git config --local --show-origin --name-only --get-regexp remote.origin.url
2026-09-15T12:58:25.8153452Z [command]/usr/bin/git config --file <github-runner-home>/work/_temp/git-credentials-8b2f2313-06ee-40c0-b023-2f96e73b2139.config http.https://github.com/.extraheader AUTHORIZATION: basic ***
2026-09-15T12:58:25.8177691Z [command]/usr/bin/git config --local includeIf.gitdir:<github-runner-home>/work/Learning_Workbench/Learning_Workbench/.git.path <github-runner-home>/work/_temp/git-credentials-8b2f2313-06ee-40c0-b023-2f96e73b2139.config
2026-09-15T12:58:25.8196806Z [command]/usr/bin/git config --local includeIf.gitdir:<github-runner-home>/work/Learning_Workbench/Learning_Workbench/.git/worktrees/*.path <github-runner-home>/work/_temp/git-credentials-8b2f2313-06ee-40c0-b023-2f96e73b2139.config
2026-09-15T12:58:25.8396656Z [command]/usr/bin/git config --local includeIf.gitdir:/github/workspace/.git.path /github/runner_temp/git-credentials-8b2f2313-06ee-40c0-b023-2f96e73b2139.config
2026-09-15T12:58:25.8417335Z [command]/usr/bin/git config --local includeIf.gitdir:/github/workspace/.git/worktrees/*.path /github/runner_temp/git-credentials-8b2f2313-06ee-40c0-b023-2f96e73b2139.config
2026-09-15T12:58:25.8434572Z ##[endgroup]
2026-09-15T12:58:25.8435026Z ##[group]Fetching the repository
2026-09-15T12:58:25.8438984Z [command]/usr/bin/git -c protocol.version=2 fetch --no-tags --prune --no-recurse-submodules --depth=1 origin +833744497a2bee1d30bfa0f0ccbf269c4114d130:refs/remotes/pull/50/merge
2026-09-15T12:58:28.8035052Z From https://github.com/kl3574/Learning_Workbench
2026-09-15T12:58:28.8035958Z  * [new ref]         833744497a2bee1d30bfa0f0ccbf269c4114d130 -> pull/50/merge
2026-09-15T12:58:28.8038316Z ##[endgroup]
2026-09-15T12:58:28.8039110Z ##[group]Determining the checkout info
2026-09-15T12:58:28.8039932Z ##[endgroup]
2026-09-15T12:58:28.8044678Z [command]/usr/bin/git sparse-checkout disable
2026-09-15T12:58:28.8234512Z [command]/usr/bin/git config --local --unset-all extensions.worktreeConfig
2026-09-15T12:58:28.8253337Z ##[group]Checking out the ref
2026-09-15T12:58:28.8256118Z [command]/usr/bin/git checkout --progress --force refs/remotes/pull/50/merge
2026-09-15T12:58:29.2475190Z Note: switching to 'refs/remotes/pull/50/merge'.
2026-09-15T12:58:29.2475648Z 
2026-09-15T12:58:29.2475965Z You are in 'detached HEAD' state. You can look around, make experimental
2026-09-15T12:58:29.2476685Z changes and commit them, and you can discard any commits you make in this
2026-09-15T12:58:29.2477214Z state without impacting any branches by switching back to a branch.
2026-09-15T12:58:29.2477553Z 
2026-09-15T12:58:29.2477823Z If you want to create a new branch to retain commits you create, you may
2026-09-15T12:58:29.2478298Z do so (now or later) by using -c with the switch command. Example:
2026-09-15T12:58:29.2478584Z 
2026-09-15T12:58:29.2478714Z   git switch -c <new-branch-name>
2026-09-15T12:58:29.2478946Z 
2026-09-15T12:58:29.2480404Z Or undo this operation with:
2026-09-15T12:58:29.2480759Z 
2026-09-15T12:58:29.2480976Z   git switch -
2026-09-15T12:58:29.2481175Z 
2026-09-15T12:58:29.2481548Z Turn off this advice by setting config variable advice.detachedHead to false
2026-09-15T12:58:29.2481944Z 
2026-09-15T12:58:29.2482307Z HEAD is now at 8337444 Merge 0484a4ccea8b0dcb17c87743dc512b78e5633dd5 into f0b4ce2e39a3bc374751379051553108ad6a57ed
2026-09-15T12:58:29.2493110Z ##[endgroup]
2026-09-15T12:58:29.2531847Z [command]/usr/bin/git log -1 --format=%H
2026-09-15T12:58:29.2550843Z 833744497a2bee1d30bfa0f0ccbf269c4114d130
2026-09-15T12:58:29.2748492Z ##[group]Run actions/setup-python@5fda3b95a4ea91299a34e894583c3862153e4b97
2026-09-15T12:58:29.2748865Z with:
2026-09-15T12:58:29.2749110Z   python-version: 3.12.13
2026-09-15T12:58:29.2749356Z   check-latest: false
2026-09-15T12:58:29.2751126Z   token: ***
2026-09-15T12:58:29.2751351Z   update-environment: true
2026-09-15T12:58:29.2751622Z   allow-prereleases: false
2026-09-15T12:58:29.2751901Z   freethreaded: false
2026-09-15T12:58:29.2752146Z ##[endgroup]
2026-09-15T12:58:29.3599072Z ##[group]Installed versions
2026-09-15T12:58:29.3611972Z Version 3.12.13 was not found in the local cache
2026-09-15T12:58:30.1642339Z Version 3.12.13 is available for downloading
2026-09-15T12:58:30.1643147Z Download from "https://github.com/actions/python-versions/releases/download/3.12.13-27650778726/python-3.12.13-linux-24.04-x64.tar.gz"
2026-09-15T12:58:31.2643425Z Extract downloaded archive
2026-09-15T12:58:31.2725512Z [command]/usr/bin/tar xz --warning=no-unknown-keyword --overwrite -C <github-runner-home>/work/_temp/9a2b36ff-7725-49c5-9773-e3866ad07145 -f <github-runner-home>/work/_temp/cd034514-5429-4c86-aea8-51187ca2c6b3
2026-09-15T12:58:32.8504395Z Execute installation script
2026-09-15T12:58:32.8573676Z Check if Python hostedtoolcache folder exist...
2026-09-15T12:58:32.8574173Z Create Python 3.12.13 folder
2026-09-15T12:58:32.8595371Z Copy Python binaries to hostedtoolcache folder
2026-09-15T12:58:33.0695361Z Create additional symlinks (Required for the UsePythonVersion Azure Pipelines task and the setup-python GitHub Action)
2026-09-15T12:58:33.0722124Z Upgrading pip...
2026-09-15T12:58:34.7221865Z Collecting pip
2026-09-15T12:58:34.7909175Z Downloading pip-26.2.1-py3-none-any.whl.metadata (4.6 kB)
2026-09-15T12:58:34.8089774Z Downloading pip-26.2.1-py3-none-any.whl (1.8 MB)
2026-09-15T12:58:34.9093141Z ━━━━━━━━━━━━━━━━━━━━━━━━━━━━━━━━━━━━━━━━ 1.8/1.8 MB 25.0 MB/s eta 0:00:00
2026-09-15T12:58:34.9093587Z 
2026-09-15T12:58:34.9231685Z Installing collected packages: pip
2026-09-15T12:58:34.9232944Z Attempting uninstall: pip
2026-09-15T12:58:34.9245421Z Found existing installation: pip 25.0.1
2026-09-15T12:58:34.9410033Z Uninstalling pip-25.0.1:
2026-09-15T12:58:34.9441526Z Successfully uninstalled pip-25.0.1
2026-09-15T12:58:35.4716479Z Successfully installed pip-26.2.1
2026-09-15T12:58:35.5237213Z Create complete file
2026-09-15T12:58:35.5267917Z Successfully set up CPython (3.12.13)
2026-09-15T12:58:35.5269382Z ##[endgroup]
2026-09-15T12:58:35.5407531Z ##[group]Run actions/setup-node@820762786026740c76f36085b0efc47a31fe5020
2026-09-15T12:58:35.5407918Z with:
2026-09-15T12:58:35.5408152Z   node-version: 24.21.0
2026-09-15T12:58:35.5408403Z   check-latest: false
2026-09-15T12:58:35.5410249Z   token: ***
2026-09-15T12:58:35.5410507Z   package-manager-cache: true
2026-09-15T12:58:35.5410818Z env:
2026-09-15T12:58:35.5411087Z   pythonLocation: /opt/hostedtoolcache/Python/3.12.13/x64
2026-09-15T12:58:35.5411481Z   PKG_CONFIG_PATH: /opt/hostedtoolcache/Python/3.12.13/x64/lib/pkgconfig
2026-09-15T12:58:35.5411864Z   Python_ROOT_DIR: /opt/hostedtoolcache/Python/3.12.13/x64
2026-09-15T12:58:35.5412213Z   Python2_ROOT_DIR: /opt/hostedtoolcache/Python/3.12.13/x64
2026-09-15T12:58:35.5412587Z   Python3_ROOT_DIR: /opt/hostedtoolcache/Python/3.12.13/x64
2026-09-15T12:58:35.5412964Z   LD_LIBRARY_PATH: /opt/hostedtoolcache/Python/3.12.13/x64/lib
2026-09-15T12:58:35.5413661Z ##[endgroup]
2026-09-15T12:58:35.6317736Z Attempting to download 24.21.0...
2026-09-15T12:58:36.3986766Z Acquiring 24.21.0 - x64 from https://github.com/actions/node-versions/releases/download/24.21.0-34304089047/node-24.21.0-linux-x64.tar.gz
2026-09-15T12:58:36.8873910Z Extracting ...
2026-09-15T12:58:36.8959320Z [command]/usr/bin/tar xz --strip 1 --warning=no-unknown-keyword --overwrite -C <github-runner-home>/work/_temp/8e775601-96a6-4fd0-826b-6baaab0a1d2c -f <github-runner-home>/work/_temp/f01020f5-ef94-4c29-8b5f-6292ec7aeefb
2026-09-15T12:58:37.9202626Z Adding to the cache ...
2026-09-15T12:58:40.2057078Z ##[group]Environment details
2026-09-15T12:58:40.4922171Z node: v24.21.0
2026-09-15T12:58:40.4922651Z npm: 11.19.0
2026-09-15T12:58:40.4922906Z yarn: 1.22.22
2026-09-15T12:58:40.4923561Z ##[endgroup]
2026-09-15T12:58:40.5055161Z ##[group]Run npm ci --prefix apps/web
2026-09-15T12:58:40.5055564Z [36;1mnpm ci --prefix apps/web[0m
2026-09-15T12:58:40.5078899Z shell: /usr/bin/bash -e {0}
2026-09-15T12:58:40.5079199Z env:
2026-09-15T12:58:40.5079549Z   pythonLocation: /opt/hostedtoolcache/Python/3.12.13/x64
2026-09-15T12:58:40.5079946Z   PKG_CONFIG_PATH: /opt/hostedtoolcache/Python/3.12.13/x64/lib/pkgconfig
2026-09-15T12:58:40.5080311Z   Python_ROOT_DIR: /opt/hostedtoolcache/Python/3.12.13/x64
2026-09-15T12:58:40.5080656Z   Python2_ROOT_DIR: /opt/hostedtoolcache/Python/3.12.13/x64
2026-09-15T12:58:40.5081004Z   Python3_ROOT_DIR: /opt/hostedtoolcache/Python/3.12.13/x64
2026-09-15T12:58:40.5081374Z   LD_LIBRARY_PATH: /opt/hostedtoolcache/Python/3.12.13/x64/lib
2026-09-15T12:58:40.5081678Z ##[endgroup]
2026-09-15T12:58:45.6186641Z 
2026-09-15T12:58:45.6193064Z added 236 packages, and audited 237 packages in 5s
2026-09-15T12:58:45.6193399Z 
2026-09-15T12:58:45.6193588Z 118 packages are looking for funding
2026-09-15T12:58:45.6194373Z   run `npm fund` for details
2026-09-15T12:58:45.6194690Z 
2026-09-15T12:58:45.6195124Z found 0 vulnerabilities
2026-09-15T12:58:45.6452212Z ##[group]Run python -m pip install uv==0.11.21
2026-09-15T12:58:45.6452604Z [36;1mpython -m pip install uv==0.11.21[0m
2026-09-15T12:58:45.6472528Z shell: /usr/bin/bash -e {0}
2026-09-15T12:58:45.6472860Z env:
2026-09-15T12:58:45.6473138Z   pythonLocation: /opt/hostedtoolcache/Python/3.12.13/x64
2026-09-15T12:58:45.6473496Z   PKG_CONFIG_PATH: /opt/hostedtoolcache/Python/3.12.13/x64/lib/pkgconfig
2026-09-15T12:58:45.6473880Z   Python_ROOT_DIR: /opt/hostedtoolcache/Python/3.12.13/x64
2026-09-15T12:58:45.6474554Z   Python2_ROOT_DIR: /opt/hostedtoolcache/Python/3.12.13/x64
2026-09-15T12:58:45.6474909Z   Python3_ROOT_DIR: /opt/hostedtoolcache/Python/3.12.13/x64
2026-09-15T12:58:45.6475700Z   LD_LIBRARY_PATH: /opt/hostedtoolcache/Python/3.12.13/x64/lib
2026-09-15T12:58:45.6475988Z ##[endgroup]
2026-09-15T12:58:46.9081273Z Collecting uv==0.11.21
2026-09-15T12:58:46.9779086Z   Downloading uv-0.11.21-py3-none-manylinux_2_17_x86_64.manylinux2014_x86_64.whl.metadata (11 kB)
2026-09-15T12:58:47.0278241Z Downloading uv-0.11.21-py3-none-manylinux_2_17_x86_64.manylinux2014_x86_64.whl (25.1 MB)
2026-09-15T12:58:47.3532734Z    ━━━━━━━━━━━━━━━━━━━━━━━━━━━━━━━━━━━━━━━━ 25.1/25.1 MB 87.6 MB/s  0:00:00
2026-09-15T12:58:47.3885336Z Installing collected packages: uv
2026-09-15T12:58:47.6306815Z Successfully installed uv-0.11.21
2026-09-15T12:58:47.6856992Z ##[group]Run uv sync --frozen
2026-09-15T12:58:47.6857301Z [36;1muv sync --frozen[0m
2026-09-15T12:58:47.6876872Z shell: /usr/bin/bash -e {0}
2026-09-15T12:58:47.6877297Z env:
2026-09-15T12:58:47.6877602Z   pythonLocation: /opt/hostedtoolcache/Python/3.12.13/x64
2026-09-15T12:58:47.6877983Z   PKG_CONFIG_PATH: /opt/hostedtoolcache/Python/3.12.13/x64/lib/pkgconfig
2026-09-15T12:58:47.6878408Z   Python_ROOT_DIR: /opt/hostedtoolcache/Python/3.12.13/x64
2026-09-15T12:58:47.6878777Z   Python2_ROOT_DIR: /opt/hostedtoolcache/Python/3.12.13/x64
2026-09-15T12:58:47.6879106Z   Python3_ROOT_DIR: /opt/hostedtoolcache/Python/3.12.13/x64
2026-09-15T12:58:47.6879481Z   LD_LIBRARY_PATH: /opt/hostedtoolcache/Python/3.12.13/x64/lib
2026-09-15T12:58:47.6879777Z ##[endgroup]
2026-09-15T12:58:47.7295161Z Using CPython 3.12.13 interpreter at: /opt/hostedtoolcache/Python/3.12.13/x64/bin/python3.12
2026-09-15T12:58:47.7295942Z Creating virtual environment at: .venv
2026-09-15T12:58:47.8172835Z Downloading pydantic-core (2.0MiB)
2026-09-15T12:58:47.8177877Z Downloading ast-serialize (1.3MiB)
2026-09-15T12:58:47.8179189Z Downloading pygments (1.2MiB)
2026-09-15T12:58:47.8184723Z Downloading mypy (14.6MiB)
2026-09-15T12:58:47.8185461Z Downloading ruff (9.9MiB)
2026-09-15T12:58:47.9838863Z  Downloaded ast-serialize
2026-09-15T12:58:47.9844412Z  Downloaded pydantic-core
2026-09-15T12:58:48.0866875Z  Downloaded ruff
2026-09-15T12:58:48.1367132Z  Downloaded pygments
2026-09-15T12:58:48.3019979Z  Downloaded mypy
2026-09-15T12:58:48.3021571Z Prepared 37 packages in 570ms
2026-09-15T12:58:48.3759640Z Installed 37 packages in 73ms
2026-09-15T12:58:48.3760240Z  + annotated-doc==0.0.5
2026-09-15T12:58:48.3760632Z  + annotated-types==0.8.0
2026-09-15T12:58:48.3760922Z  + anyio==4.15.1
2026-09-15T12:58:48.3761244Z  + ast-serialize==0.11.2
2026-09-15T12:58:48.3761548Z  + attrs==26.1.0
2026-09-15T12:58:48.3761852Z  + certifi==2026.7.22
2026-09-15T12:58:48.3762168Z  + click==8.5.0
2026-09-15T12:58:48.3762448Z  + defusedxml==0.7.1
2026-09-15T12:58:48.3762747Z  + fastapi==0.141.1
2026-09-15T12:58:48.3763107Z  + h11==0.16.0
2026-09-15T12:58:48.3763390Z  + httpcore==1.0.9
2026-09-15T12:58:48.3763659Z  + httpx==0.28.1
2026-09-15T12:58:48.3763956Z  + idna==3.19
2026-09-15T12:58:48.3764481Z  + iniconfig==2.3.0
2026-09-15T12:58:48.3764794Z  + jsonschema==4.26.0
2026-09-15T12:58:48.3765179Z  + jsonschema-specifications==2025.9.1
2026-09-15T12:58:48.3765511Z  + librt==0.15.0
2026-09-15T12:58:48.3765793Z  + markdown-it-py==4.2.0
2026-09-15T12:58:48.3766137Z  + mdurl==0.1.2
2026-09-15T12:58:48.3766386Z  + mypy==2.3.1
2026-09-15T12:58:48.3766649Z  + mypy-extensions==1.1.0
2026-09-15T12:58:48.3766964Z  + packaging==26.3
2026-09-15T12:58:48.3767193Z  + pathspec==1.1.1
2026-09-15T12:58:48.3767467Z  + pluggy==1.6.0
2026-09-15T12:58:48.3767692Z  + pydantic==2.13.5
2026-09-15T12:58:48.3767928Z  + pydantic-core==2.46.5
2026-09-15T12:58:48.3768178Z  + pygments==2.21.0
2026-09-15T12:58:48.3768396Z  + pypdf==6.18.1
2026-09-15T12:58:48.3768755Z  + pytest==9.1.1
2026-09-15T12:58:48.3769080Z  + python-multipart==0.0.32
2026-09-15T12:58:48.3769485Z  + referencing==0.37.0
2026-09-15T12:58:48.3769796Z  + rpds-py==2026.6.3
2026-09-15T12:58:48.3770338Z  + ruff==0.16.7
2026-09-15T12:58:48.3770723Z  + starlette==1.6.0
2026-09-15T12:58:48.3771047Z  + typing-extensions==4.16.0
2026-09-15T12:58:48.3771507Z  + typing-inspection==0.4.4
2026-09-15T12:58:48.3771921Z  + uvicorn==0.53.0
2026-09-15T12:58:48.3812815Z ##[group]Run make verify-spec
2026-09-15T12:58:48.3813126Z [36;1mmake verify-spec[0m
2026-09-15T12:58:48.3832647Z shell: /usr/bin/bash -e {0}
2026-09-15T12:58:48.3832921Z env:
2026-09-15T12:58:48.3833198Z   pythonLocation: /opt/hostedtoolcache/Python/3.12.13/x64
2026-09-15T12:58:48.3833951Z   PKG_CONFIG_PATH: /opt/hostedtoolcache/Python/3.12.13/x64/lib/pkgconfig
2026-09-15T12:58:48.3834488Z   Python_ROOT_DIR: /opt/hostedtoolcache/Python/3.12.13/x64
2026-09-15T12:58:48.3834834Z   Python2_ROOT_DIR: /opt/hostedtoolcache/Python/3.12.13/x64
2026-09-15T12:58:48.3835181Z   Python3_ROOT_DIR: /opt/hostedtoolcache/Python/3.12.13/x64
2026-09-15T12:58:48.3835543Z   LD_LIBRARY_PATH: /opt/hostedtoolcache/Python/3.12.13/x64/lib
2026-09-15T12:58:48.3835855Z ##[endgroup]
2026-09-15T12:58:48.4293624Z uv run --frozen python scripts/verify_spec.py
2026-09-15T12:58:50.8912040Z {
2026-09-15T12:58:50.8912888Z   "embedded_files": 6,
2026-09-15T12:58:50.8913480Z   "generated_artifacts": 70,
2026-09-15T12:58:50.8914577Z   "learning_effectiveness": "NOT_RUN",
2026-09-15T12:58:50.8915212Z   "models": 54,
2026-09-15T12:58:50.8915706Z   "package_receipts": [
2026-09-15T12:58:50.8916191Z     {
2026-09-15T12:58:50.8917074Z       "archive_sha256": "9933ad962be34e42a29a3299e81c0f03249b584ba1574299672b76eb0242e7b6",
2026-09-15T12:58:50.8917967Z       "object_count": 9,
2026-09-15T12:58:50.8918511Z       "payload_count": 12,
2026-09-15T12:58:50.8919053Z       "profile": "author",
2026-09-15T12:58:50.8919650Z       "scope": "structure_and_integrity_only",
2026-09-15T12:58:50.8920241Z       "total_bytes": 6730
2026-09-15T12:58:50.8920802Z     },
2026-09-15T12:58:50.8921245Z     {
2026-09-15T12:58:50.8922062Z       "archive_sha256": "6d4ddb4c423521625d4686765e1f80f2b65e46ee874eca1bec118dc20a136479",
2026-09-15T12:58:50.8922952Z       "object_count": 9,
2026-09-15T12:58:50.8923439Z       "payload_count": 11,
2026-09-15T12:58:50.8924060Z       "profile": "learner",
2026-09-15T12:58:50.8924872Z       "scope": "structure_and_integrity_only",
2026-09-15T12:58:50.8925499Z       "total_bytes": 5179
2026-09-15T12:58:50.8925987Z     }
2026-09-15T12:58:50.8926385Z   ],
2026-09-15T12:58:50.8926902Z   "product_acceptance": "NOT_RUN",
2026-09-15T12:58:50.8927572Z   "publication": "NOT_CHECKED",
2026-09-15T12:58:50.8928132Z   "real_codex": "NOT_RUN",
2026-09-15T12:58:50.8928646Z   "real_provider": "NOT_RUN",
2026-09-15T12:58:50.8929160Z   "requirements": 38,
2026-09-15T12:58:50.8929710Z   "routes": 106,
2026-09-15T12:58:50.8930546Z   "scope": "M0_structural_baseline_only",
2026-09-15T12:58:50.8931222Z   "source": "PRODUCT_DESIGN.md",
2026-09-15T12:58:50.8932104Z   "spec_sha256": "a9ad5cd57913630ef5cdf4781ae5f9155d44c7a7d8169bfec8ae4811be6481c8",
2026-09-15T12:58:50.8932945Z   "spec_version": "3.0.3",
2026-09-15T12:58:50.8933591Z   "sql_tables_including_fts": 53,
2026-09-15T12:58:50.8934146Z   "status": "PASS",
2026-09-15T12:58:50.8935022Z   "target_scenarios": 33,
2026-09-15T12:58:50.8935524Z   "tasks": 27
2026-09-15T12:58:50.8935947Z }
2026-09-15T12:58:50.9931207Z ##[group]Run uv run --frozen pytest tests/contract tests/unit/test_spec_*.py
2026-09-15T12:58:50.9931753Z [36;1muv run --frozen pytest tests/contract tests/unit/test_spec_*.py[0m
2026-09-15T12:58:50.9952172Z shell: /usr/bin/bash -e {0}
2026-09-15T12:58:50.9952468Z env:
2026-09-15T12:58:50.9952768Z   pythonLocation: /opt/hostedtoolcache/Python/3.12.13/x64
2026-09-15T12:58:50.9953187Z   PKG_CONFIG_PATH: /opt/hostedtoolcache/Python/3.12.13/x64/lib/pkgconfig
2026-09-15T12:58:50.9953588Z   Python_ROOT_DIR: /opt/hostedtoolcache/Python/3.12.13/x64
2026-09-15T12:58:50.9953981Z   Python2_ROOT_DIR: /opt/hostedtoolcache/Python/3.12.13/x64
2026-09-15T12:58:50.9954950Z   Python3_ROOT_DIR: /opt/hostedtoolcache/Python/3.12.13/x64
2026-09-15T12:58:50.9955309Z   LD_LIBRARY_PATH: /opt/hostedtoolcache/Python/3.12.13/x64/lib
2026-09-15T12:58:50.9955911Z ##[endgroup]
2026-09-15T12:58:53.2334356Z ============================= test session starts ==============================
2026-09-15T12:58:53.2335606Z platform linux -- Python 3.12.13, pytest-9.1.1, pluggy-1.6.0
2026-09-15T12:58:53.2336256Z rootdir: <github-runner-home>/work/Learning_Workbench/Learning_Workbench
2026-09-15T12:58:53.2336772Z configfile: pyproject.toml
2026-09-15T12:58:53.2337277Z plugins: anyio-4.15.1
2026-09-15T12:58:53.2337780Z collected 456 items
2026-09-15T12:58:53.2337986Z 
2026-09-15T12:59:28.0130848Z tests/contract/test_api_projection.py .................................. [  7%]
2026-09-15T13:00:11.5723535Z ..........................................                               [ 16%]
2026-09-15T13:00:11.6813987Z tests/contract/test_generated_transport.py ...............               [ 19%]
2026-09-15T13:00:11.9033440Z tests/contract/test_generated_upload.py ..                               [ 20%]
2026-09-15T13:00:12.1221310Z tests/contract/test_models.py ............................               [ 26%]
2026-09-15T13:00:12.1298526Z tests/contract/test_optional_patch.py .                                  [ 26%]
2026-09-15T13:00:12.2540875Z tests/contract/test_package_integrity.py ........................        [ 32%]
2026-09-15T13:00:12.3225804Z tests/contract/test_practice_public_projection.py ...................... [ 36%]
2026-09-15T13:00:28.5515729Z .............                                                            [ 39%]
2026-09-15T13:00:29.0176445Z tests/contract/test_provider_binding.py .........................        [ 45%]
2026-09-15T13:00:29.4163484Z tests/contract/test_provider_dto.py .................................... [ 53%]
2026-09-15T13:00:29.5696878Z ........................................................................ [ 68%]
2026-09-15T13:00:29.5701255Z                                                                          [ 68%]
2026-09-15T13:00:29.7227900Z tests/contract/test_recommendation_binding.py ........                   [ 70%]
2026-09-15T13:00:29.7391150Z tests/contract/test_recommendation_dto.py .............................. [ 77%]
2026-09-15T13:00:29.8515557Z ........................                                                 [ 82%]
2026-09-15T13:00:29.8633361Z tests/contract/test_retrieval_dto.py ............................        [ 88%]
2026-09-15T13:00:46.0489521Z tests/contract/test_retrieval_generation.py ...................          [ 92%]
2026-09-15T13:00:59.4764621Z tests/contract/test_retrieval_http.py ....................               [ 97%]
2026-09-15T13:01:00.3460715Z tests/unit/test_spec_catalog.py ....                                     [ 98%]
2026-09-15T13:01:00.4429323Z tests/unit/test_spec_extraction.py .........                             [100%]
2026-09-15T13:01:00.4431445Z 
2026-09-15T13:01:00.4431879Z =============================== warnings summary ===============================
2026-09-15T13:01:00.4432436Z .venv/lib/python3.12/site-packages/fastapi/testclient.py:1
2026-09-15T13:01:00.4433624Z   <github-runner-home>/work/Learning_Workbench/Learning_Workbench/.venv/lib/python3.12/site-packages/fastapi/testclient.py:1: StarletteDeprecationWarning: Using `httpx` with `starlette.testclient` is deprecated; install `httpx2` instead.
2026-09-15T13:01:00.4434670Z     from starlette.testclient import TestClient as TestClient  # noqa
2026-09-15T13:01:00.4434918Z 
2026-09-15T13:01:00.4435181Z .venv/lib/python3.12/site-packages/starlette/testclient.py:53
2026-09-15T13:01:00.4436023Z   <github-runner-home>/work/Learning_Workbench/Learning_Workbench/.venv/lib/python3.12/site-packages/starlette/testclient.py:53: DeprecationWarning: The anyio.abc.BlockingPortal alias is deprecated, use anyio.from_thread.BlockingPortal instead.
2026-09-15T13:01:00.4436880Z     _PortalFactoryType = Callable[[], AbstractContextManager[anyio.abc.BlockingPortal]]
2026-09-15T13:01:00.4437124Z 
2026-09-15T13:01:00.4437369Z -- Docs: https://docs.pytest.org/en/stable/how-to/capture-warnings.html
2026-09-15T13:01:00.4437988Z ================= 456 passed, 2 warnings in 128.72s (0:02:08) ==================
2026-09-15T13:01:00.6252159Z Post job cleanup.
2026-09-15T13:01:00.7132141Z Post job cleanup.
2026-09-15T13:01:00.8106781Z Post job cleanup.
2026-09-15T13:01:00.8702120Z [command]/usr/bin/git version
2026-09-15T13:01:00.8731371Z git version 2.55.0
2026-09-15T13:01:00.8759258Z Temporarily overriding HOME='<github-runner-home>/work/_temp/128e9276-1a06-4084-90e1-9a02e5f88f42' before making global git config changes
2026-09-15T13:01:00.8760191Z Adding repository directory to the temporary git global config as a safe directory
2026-09-15T13:01:00.8763675Z [command]/usr/bin/git config --global --add safe.directory <github-runner-home>/work/Learning_Workbench/Learning_Workbench
2026-09-15T13:01:00.8786524Z Removing SSH command configuration
2026-09-15T13:01:00.8791147Z [command]/usr/bin/git config --local --name-only --get-regexp core\.sshCommand
2026-09-15T13:01:00.8819321Z [command]/usr/bin/git submodule foreach --recursive sh -c "git config --local --name-only --get-regexp 'core\.sshCommand' && git config --local --unset-all 'core.sshCommand' || :"
2026-09-15T13:01:00.8990929Z Removing HTTP extra header
2026-09-15T13:01:00.8995439Z [command]/usr/bin/git config --local --name-only --get-regexp http\.https\:\/\/github\.com\/\.extraheader
2026-09-15T13:01:00.9025715Z [command]/usr/bin/git submodule foreach --recursive sh -c "git config --local --name-only --get-regexp 'http\.https\:\/\/github\.com\/\.extraheader' && git config --local --unset-all 'http.https://github.com/.extraheader' || :"
2026-09-15T13:01:00.9182378Z Removing includeIf entries pointing to credentials config files
2026-09-15T13:01:00.9186265Z [command]/usr/bin/git config --local --name-only --get-regexp ^includeIf\.gitdir:
2026-09-15T13:01:00.9206275Z includeif.gitdir:<github-runner-home>/work/Learning_Workbench/Learning_Workbench/.git.path
2026-09-15T13:01:00.9207291Z includeif.gitdir:<github-runner-home>/work/Learning_Workbench/Learning_Workbench/.git/worktrees/*.path
2026-09-15T13:01:00.9208164Z includeif.gitdir:/github/workspace/.git.path
2026-09-15T13:01:00.9208790Z includeif.gitdir:/github/workspace/.git/worktrees/*.path
2026-09-15T13:01:00.9235114Z [command]/usr/bin/git config --local --get-all includeif.gitdir:<github-runner-home>/work/Learning_Workbench/Learning_Workbench/.git.path
2026-09-15T13:01:00.9245688Z <github-runner-home>/work/_temp/git-credentials-8b2f2313-06ee-40c0-b023-2f96e73b2139.config
2026-09-15T13:01:00.9247958Z [command]/usr/bin/git config --local --unset includeif.gitdir:<github-runner-home>/work/Learning_Workbench/Learning_Workbench/.git.path \/home\/runner\/work\/_temp\/git\-credentials\-8b2f2313\-06ee\-40c0\-b023\-2f96e73b2139\.config
2026-09-15T13:01:00.9267730Z [command]/usr/bin/git config --local --get-all includeif.gitdir:<github-runner-home>/work/Learning_Workbench/Learning_Workbench/.git/worktrees/*.path
2026-09-15T13:01:00.9289357Z <github-runner-home>/work/_temp/git-credentials-8b2f2313-06ee-40c0-b023-2f96e73b2139.config
2026-09-15T13:01:00.9295497Z [command]/usr/bin/git config --local --unset includeif.gitdir:<github-runner-home>/work/Learning_Workbench/Learning_Workbench/.git/worktrees/*.path \/home\/runner\/work\/_temp\/git\-credentials\-8b2f2313\-06ee\-40c0\-b023\-2f96e73b2139\.config
2026-09-15T13:01:00.9432081Z [command]/usr/bin/git config --local --get-all includeif.gitdir:/github/workspace/.git.path
2026-09-15T13:01:00.9446785Z /github/runner_temp/git-credentials-8b2f2313-06ee-40c0-b023-2f96e73b2139.config
2026-09-15T13:01:00.9451534Z [command]/usr/bin/git config --local --unset includeif.gitdir:/github/workspace/.git.path \/github\/runner_temp\/git\-credentials\-8b2f2313\-06ee\-40c0\-b023\-2f96e73b2139\.config
2026-09-15T13:01:00.9621486Z [command]/usr/bin/git config --local --get-all includeif.gitdir:/github/workspace/.git/worktrees/*.path
2026-09-15T13:01:00.9635939Z /github/runner_temp/git-credentials-8b2f2313-06ee-40c0-b023-2f96e73b2139.config
2026-09-15T13:01:00.9641416Z [command]/usr/bin/git config --local --unset includeif.gitdir:/github/workspace/.git/worktrees/*.path \/github\/runner_temp\/git\-credentials\-8b2f2313\-06ee\-40c0\-b023\-2f96e73b2139\.config
2026-09-15T13:01:00.9662860Z [command]/usr/bin/git submodule foreach --recursive git config --local --show-origin --name-only --get-regexp remote.origin.url
2026-09-15T13:01:00.9813455Z Removing credentials config '<github-runner-home>/work/_temp/git-credentials-8b2f2313-06ee-40c0-b023-2f96e73b2139.config'
2026-09-15T13:01:00.9916619Z Cleaning up orphan processes
