2026-09-15T13:45:51.9064250Z Current runner version: '2.337.0'
2026-09-15T13:45:51.9086983Z ##[group]Runner Image Provisioner
2026-09-15T13:45:51.9087690Z Hosted Compute Agent
2026-09-15T13:45:51.9088171Z Version: 20260828.587
2026-09-15T13:45:51.9088848Z Commit: abac92662cab4cc7352de4f9f9d2e2419aad9c29
2026-09-15T13:45:51.9089440Z Build Date: 2026-08-28T16:44:25Z
2026-09-15T13:45:51.9090030Z Worker ID: {6222b9a3-391a-413a-8fed-e9f192fe14ab}
2026-09-15T13:45:51.9090601Z Azure Region: westus3
2026-09-15T13:45:51.9091060Z ##[endgroup]
2026-09-15T13:45:51.9092325Z ##[group]Operating System
2026-09-15T13:45:51.9092849Z Ubuntu
2026-09-15T13:45:51.9093326Z 26.04.1
2026-09-15T13:45:51.9093771Z LTS
2026-09-15T13:45:51.9094200Z ##[endgroup]
2026-09-15T13:45:51.9094725Z ##[group]Runner Image
2026-09-15T13:45:51.9095406Z Image: ubuntu-26.04
2026-09-15T13:45:51.9095900Z Version: 20260907.131.1
2026-09-15T13:45:51.9096962Z Included Software: https://github.com/actions/runner-images/blob/ubuntu26/20260907.131/images/ubuntu/Ubuntu2604-Readme.md
2026-09-15T13:45:51.9098303Z Image Release: https://github.com/actions/runner-images/releases/tag/ubuntu26%2F20260907.131
2026-09-15T13:45:51.9099090Z ##[endgroup]
2026-09-15T13:45:51.9100339Z ##[group]GITHUB_TOKEN Permissions
2026-09-15T13:45:51.9102168Z Contents: read
2026-09-15T13:45:51.9102744Z Metadata: read
2026-09-15T13:45:51.9103334Z ##[endgroup]
2026-09-15T13:45:51.9105365Z Secret source: Actions
2026-09-15T13:45:51.9106244Z Cache mode: write
2026-09-15T13:45:51.9107025Z Prepare workflow directory
2026-09-15T13:45:51.9781044Z Prepare all required actions
2026-09-15T13:45:51.9822553Z Getting action download info
2026-09-15T13:45:52.3039437Z Download action repository 'actions/checkout@3d3c42e5aac5ba805825da76410c181273ba90b1' (SHA:3d3c42e5aac5ba805825da76410c181273ba90b1)
2026-09-15T13:45:52.6048346Z Download action repository 'actions/setup-python@5fda3b95a4ea91299a34e894583c3862153e4b97' (SHA:5fda3b95a4ea91299a34e894583c3862153e4b97)
2026-09-15T13:45:53.1880294Z Complete job name: backend
2026-09-15T13:45:53.2609675Z ##[group]Run actions/checkout@3d3c42e5aac5ba805825da76410c181273ba90b1
2026-09-15T13:45:53.2611068Z with:
2026-09-15T13:45:53.2611773Z   repository: kl3574/Learning_Workbench
2026-09-15T13:45:53.2618573Z   token: ***
2026-09-15T13:45:53.2619251Z   ssh-strict: true
2026-09-15T13:45:53.2619990Z   ssh-user: git
2026-09-15T13:45:53.2620698Z   persist-credentials: true
2026-09-15T13:45:53.2621467Z   clean: true
2026-09-15T13:45:53.2622169Z   sparse-checkout-cone-mode: true
2026-09-15T13:45:53.2622996Z   fetch-depth: 1
2026-09-15T13:45:53.2623687Z   fetch-tags: false
2026-09-15T13:45:53.2624400Z   show-progress: true
2026-09-15T13:45:53.2625206Z   lfs: false
2026-09-15T13:45:53.2625889Z   submodules: false
2026-09-15T13:45:53.2626618Z   set-safe-directory: true
2026-09-15T13:45:53.2627442Z   allow-unsafe-pr-checkout: false
2026-09-15T13:45:53.2628451Z ##[endgroup]
2026-09-15T13:45:53.3450892Z Syncing repository: kl3574/Learning_Workbench
2026-09-15T13:45:53.3454426Z ##[group]Getting Git version info
2026-09-15T13:45:53.3456299Z Working directory is '<private-home>/work/Learning_Workbench/Learning_Workbench'
2026-09-15T13:45:53.3458934Z [command]/usr/bin/git version
2026-09-15T13:45:53.3463596Z git version 2.55.0
2026-09-15T13:45:53.3482307Z ##[endgroup]
2026-09-15T13:45:53.3490405Z Temporarily overriding HOME='<private-home>/work/_temp/5459f7ae-44fc-4184-8b7e-8c097a336489' before making global git config changes
2026-09-15T13:45:53.3493897Z Adding repository directory to the temporary git global config as a safe directory
2026-09-15T13:45:53.3497274Z [command]/usr/bin/git config --global --add safe.directory <private-home>/work/Learning_Workbench/Learning_Workbench
2026-09-15T13:45:53.3886641Z Deleting the contents of '<private-home>/work/Learning_Workbench/Learning_Workbench'
2026-09-15T13:45:53.3898348Z ##[group]Determining repository object format
2026-09-15T13:45:53.3900148Z ##[endgroup]
2026-09-15T13:45:53.3901536Z ##[group]Initializing the repository
2026-09-15T13:45:53.3904447Z [command]/usr/bin/git init <private-home>/work/Learning_Workbench/Learning_Workbench
2026-09-15T13:45:53.5228544Z hint: Using 'master' as the name for the initial branch. This default branch name
2026-09-15T13:45:53.5231369Z hint: will change to "main" in Git 3.0. To configure the initial branch name
2026-09-15T13:45:53.5233812Z hint: to use in all of your new repositories, which will suppress this warning,
2026-09-15T13:45:53.5235954Z hint: call:
2026-09-15T13:45:53.5237047Z hint:
2026-09-15T13:45:53.5238405Z hint: 	git config --global init.defaultBranch <name>
2026-09-15T13:45:53.5240099Z hint:
2026-09-15T13:45:53.5241635Z hint: Names commonly chosen instead of 'master' are 'main', 'trunk' and
2026-09-15T13:45:53.5244045Z hint: 'development'. The just-created branch can be renamed via this command:
2026-09-15T13:45:53.5246176Z hint:
2026-09-15T13:45:53.5247301Z hint: 	git branch -m <name>
2026-09-15T13:45:53.5248601Z hint:
2026-09-15T13:45:53.5250322Z hint: Disable this message with "git config set advice.defaultBranchName false"
2026-09-15T13:45:53.5663070Z Initialized empty Git repository in <private-home>/work/Learning_Workbench/Learning_Workbench/.git/
2026-09-15T13:45:53.5674680Z [command]/usr/bin/git remote add origin https://github.com/kl3574/Learning_Workbench
2026-09-15T13:45:53.6194085Z ##[endgroup]
2026-09-15T13:45:53.6198553Z ##[group]Disabling automatic garbage collection
2026-09-15T13:45:53.6199874Z [command]/usr/bin/git config --local gc.auto 0
2026-09-15T13:45:53.6232644Z ##[endgroup]
2026-09-15T13:45:53.6234215Z ##[group]Setting up auth
2026-09-15T13:45:53.6235521Z Removing SSH command configuration
2026-09-15T13:45:53.6237275Z [command]/usr/bin/git config --local --name-only --get-regexp core\.sshCommand
2026-09-15T13:45:53.6268666Z [command]/usr/bin/git submodule foreach --recursive sh -c "git config --local --name-only --get-regexp 'core\.sshCommand' && git config --local --unset-all 'core.sshCommand' || :"
2026-09-15T13:45:53.6573154Z Removing HTTP extra header
2026-09-15T13:45:53.6578050Z [command]/usr/bin/git config --local --name-only --get-regexp http\.https\:\/\/github\.com\/\.extraheader
2026-09-15T13:45:53.6606515Z [command]/usr/bin/git submodule foreach --recursive sh -c "git config --local --name-only --get-regexp 'http\.https\:\/\/github\.com\/\.extraheader' && git config --local --unset-all 'http.https://github.com/.extraheader' || :"
2026-09-15T13:45:53.6833974Z Removing includeIf entries pointing to credentials config files
2026-09-15T13:45:53.6838635Z [command]/usr/bin/git config --local --name-only --get-regexp ^includeIf\.gitdir:
2026-09-15T13:45:53.6867984Z [command]/usr/bin/git submodule foreach --recursive git config --local --show-origin --name-only --get-regexp remote.origin.url
2026-09-15T13:45:53.7099878Z [command]/usr/bin/git config --file <private-home>/work/_temp/git-credentials-910735e3-25b3-4961-9d29-5c027bd0941a.config http.https://github.com/.extraheader AUTHORIZATION: basic ***
2026-09-15T13:45:53.7316305Z [command]/usr/bin/git config --local includeIf.gitdir:<private-home>/work/Learning_Workbench/Learning_Workbench/.git.path <private-home>/work/_temp/git-credentials-910735e3-25b3-4961-9d29-5c027bd0941a.config
2026-09-15T13:45:53.7927381Z [command]/usr/bin/git config --local includeIf.gitdir:<private-home>/work/Learning_Workbench/Learning_Workbench/.git/worktrees/*.path <private-home>/work/_temp/git-credentials-910735e3-25b3-4961-9d29-5c027bd0941a.config
2026-09-15T13:45:53.8059133Z [command]/usr/bin/git config --local includeIf.gitdir:/github/workspace/.git.path /github/runner_temp/git-credentials-910735e3-25b3-4961-9d29-5c027bd0941a.config
2026-09-15T13:45:53.8542946Z [command]/usr/bin/git config --local includeIf.gitdir:/github/workspace/.git/worktrees/*.path /github/runner_temp/git-credentials-910735e3-25b3-4961-9d29-5c027bd0941a.config
2026-09-15T13:45:53.8595321Z ##[endgroup]
2026-09-15T13:45:53.8595761Z ##[group]Fetching the repository
2026-09-15T13:45:53.8602400Z [command]/usr/bin/git -c protocol.version=2 fetch --no-tags --prune --no-recurse-submodules --depth=1 origin +b8952a3ec0cc9c2bbbaf9ed41cbd9a9e1eb81ce2:refs/remotes/origin/feat/M5.2-local-retrieval
2026-09-15T13:45:56.9939024Z From https://github.com/kl3574/Learning_Workbench
2026-09-15T13:45:56.9939797Z  * [new ref]         b8952a3ec0cc9c2bbbaf9ed41cbd9a9e1eb81ce2 -> origin/feat/M5.2-local-retrieval
2026-09-15T13:45:56.9947133Z [command]/usr/bin/git branch --list --remote origin/feat/M5.2-local-retrieval
2026-09-15T13:45:56.9970974Z   origin/feat/M5.2-local-retrieval
2026-09-15T13:45:56.9977612Z [command]/usr/bin/git rev-parse refs/remotes/origin/feat/M5.2-local-retrieval
2026-09-15T13:45:56.9998073Z b8952a3ec0cc9c2bbbaf9ed41cbd9a9e1eb81ce2
2026-09-15T13:45:57.0001111Z ##[endgroup]
2026-09-15T13:45:57.0001447Z ##[group]Determining the checkout info
2026-09-15T13:45:57.0002225Z ##[endgroup]
2026-09-15T13:45:57.0005364Z [command]/usr/bin/git sparse-checkout disable
2026-09-15T13:45:57.0045241Z [command]/usr/bin/git config --local --unset-all extensions.worktreeConfig
2026-09-15T13:45:57.0069484Z ##[group]Checking out the ref
2026-09-15T13:45:57.0073221Z [command]/usr/bin/git checkout --progress --force -B feat/M5.2-local-retrieval refs/remotes/origin/feat/M5.2-local-retrieval
2026-09-15T13:45:57.4407211Z Switched to a new branch 'feat/M5.2-local-retrieval'
2026-09-15T13:45:57.4407908Z branch 'feat/M5.2-local-retrieval' set up to track 'origin/feat/M5.2-local-retrieval'.
2026-09-15T13:45:57.4446721Z ##[endgroup]
2026-09-15T13:45:57.4496788Z [command]/usr/bin/git log -1 --format=%H
2026-09-15T13:45:57.4506638Z b8952a3ec0cc9c2bbbaf9ed41cbd9a9e1eb81ce2
2026-09-15T13:45:57.4727187Z ##[group]Run actions/setup-python@5fda3b95a4ea91299a34e894583c3862153e4b97
2026-09-15T13:45:57.4727535Z with:
2026-09-15T13:45:57.4727721Z   python-version: 3.12.13
2026-09-15T13:45:57.4727929Z   check-latest: false
2026-09-15T13:45:57.4729844Z   token: ***
2026-09-15T13:45:57.4730033Z   update-environment: true
2026-09-15T13:45:57.4730243Z   allow-prereleases: false
2026-09-15T13:45:57.4730448Z   freethreaded: false
2026-09-15T13:45:57.4730636Z ##[endgroup]
2026-09-15T13:45:57.5689201Z ##[group]Installed versions
2026-09-15T13:45:57.5698853Z Version 3.12.13 was not found in the local cache
2026-09-15T13:45:58.5969534Z Version 3.12.13 is available for downloading
2026-09-15T13:45:58.5970604Z Download from "https://github.com/actions/python-versions/releases/download/3.12.13-27650778726/python-3.12.13-linux-26.04-x64.tar.gz"
2026-09-15T13:45:59.6626208Z Extract downloaded archive
2026-09-15T13:45:59.6770638Z [command]/usr/bin/tar xz --warning=no-unknown-keyword --overwrite -C <private-home>/work/_temp/7e276b9f-9907-4743-b049-dd3dfed96284 -f <private-home>/work/_temp/1275b862-de23-42f2-aa7f-a0fe26db08de
2026-09-15T13:46:00.6798658Z Execute installation script
2026-09-15T13:46:00.6913732Z Check if Python hostedtoolcache folder exist...
2026-09-15T13:46:00.6918703Z Create Python 3.12.13 folder
2026-09-15T13:46:00.6936269Z Copy Python binaries to hostedtoolcache folder
2026-09-15T13:46:01.0626454Z Create additional symlinks (Required for the UsePythonVersion Azure Pipelines task and the setup-python GitHub Action)
2026-09-15T13:46:01.0714237Z Upgrading pip...
2026-09-15T13:46:03.2454464Z Collecting pip
2026-09-15T13:46:03.2659326Z Downloading pip-26.2.1-py3-none-any.whl.metadata (4.6 kB)
2026-09-15T13:46:03.2906981Z Downloading pip-26.2.1-py3-none-any.whl (1.8 MB)
2026-09-15T13:46:03.3894016Z ━━━━━━━━━━━━━━━━━━━━━━━━━━━━━━━━━━━━━━━━ 1.8/1.8 MB 17.1 MB/s eta 0:00:00
2026-09-15T13:46:03.3894523Z 
2026-09-15T13:46:03.4334699Z Installing collected packages: pip
2026-09-15T13:46:03.4335676Z Attempting uninstall: pip
2026-09-15T13:46:03.4351514Z Found existing installation: pip 25.0.1
2026-09-15T13:46:03.4594270Z Uninstalling pip-25.0.1:
2026-09-15T13:46:03.4639562Z Successfully uninstalled pip-25.0.1
2026-09-15T13:46:04.1706413Z Successfully installed pip-26.2.1
2026-09-15T13:46:04.2175976Z Create complete file
2026-09-15T13:46:04.2220735Z Successfully set up CPython (3.12.13)
2026-09-15T13:46:04.2221749Z ##[endgroup]
2026-09-15T13:46:04.2354625Z ##[group]Run python -m pip install uv==0.11.21
2026-09-15T13:46:04.2355405Z [36;1mpython -m pip install uv==0.11.21[0m
2026-09-15T13:46:04.2493003Z shell: /usr/bin/bash -e {0}
2026-09-15T13:46:04.2493252Z env:
2026-09-15T13:46:04.2493501Z   pythonLocation: /opt/hostedtoolcache/Python/3.12.13/x64
2026-09-15T13:46:04.2493892Z   PKG_CONFIG_PATH: /opt/hostedtoolcache/Python/3.12.13/x64/lib/pkgconfig
2026-09-15T13:46:04.2494247Z   Python_ROOT_DIR: /opt/hostedtoolcache/Python/3.12.13/x64
2026-09-15T13:46:04.2494560Z   Python2_ROOT_DIR: /opt/hostedtoolcache/Python/3.12.13/x64
2026-09-15T13:46:04.2494865Z   Python3_ROOT_DIR: /opt/hostedtoolcache/Python/3.12.13/x64
2026-09-15T13:46:04.2495398Z   LD_LIBRARY_PATH: /opt/hostedtoolcache/Python/3.12.13/x64/lib
2026-09-15T13:46:04.2495667Z ##[endgroup]
2026-09-15T13:46:05.4453961Z Collecting uv==0.11.21
2026-09-15T13:46:05.4625187Z   Downloading uv-0.11.21-py3-none-manylinux_2_17_x86_64.manylinux2014_x86_64.whl.metadata (11 kB)
2026-09-15T13:46:05.5024605Z Downloading uv-0.11.21-py3-none-manylinux_2_17_x86_64.manylinux2014_x86_64.whl (25.1 MB)
2026-09-15T13:46:05.9449705Z    ━━━━━━━━━━━━━━━━━━━━━━━━━━━━━━━━━━━━━━━━ 25.1/25.1 MB 57.3 MB/s  0:00:00
2026-09-15T13:46:05.9821388Z Installing collected packages: uv
2026-09-15T13:46:06.2813626Z Successfully installed uv-0.11.21
2026-09-15T13:46:06.3356969Z ##[group]Run uv sync --frozen
2026-09-15T13:46:06.3357271Z [36;1muv sync --frozen[0m
2026-09-15T13:46:06.3409744Z shell: /usr/bin/bash -e {0}
2026-09-15T13:46:06.3409962Z env:
2026-09-15T13:46:06.3410198Z   pythonLocation: /opt/hostedtoolcache/Python/3.12.13/x64
2026-09-15T13:46:06.3410556Z   PKG_CONFIG_PATH: /opt/hostedtoolcache/Python/3.12.13/x64/lib/pkgconfig
2026-09-15T13:46:06.3410895Z   Python_ROOT_DIR: /opt/hostedtoolcache/Python/3.12.13/x64
2026-09-15T13:46:06.3411201Z   Python2_ROOT_DIR: /opt/hostedtoolcache/Python/3.12.13/x64
2026-09-15T13:46:06.3411499Z   Python3_ROOT_DIR: /opt/hostedtoolcache/Python/3.12.13/x64
2026-09-15T13:46:06.3411801Z   LD_LIBRARY_PATH: /opt/hostedtoolcache/Python/3.12.13/x64/lib
2026-09-15T13:46:06.3412096Z ##[endgroup]
2026-09-15T13:46:06.3926849Z Using CPython 3.12.13 interpreter at: /opt/hostedtoolcache/Python/3.12.13/x64/bin/python3.12
2026-09-15T13:46:06.3927600Z Creating virtual environment at: .venv
2026-09-15T13:46:06.4620664Z Downloading pygments (1.2MiB)
2026-09-15T13:46:06.4621866Z Downloading ruff (9.9MiB)
2026-09-15T13:46:06.4625970Z Downloading mypy (14.6MiB)
2026-09-15T13:46:06.4628997Z Downloading ast-serialize (1.3MiB)
2026-09-15T13:46:06.4631555Z Downloading pydantic-core (2.0MiB)
2026-09-15T13:46:06.6459818Z  Downloaded ast-serialize
2026-09-15T13:46:06.6584550Z  Downloaded pydantic-core
2026-09-15T13:46:06.7575577Z  Downloaded ruff
2026-09-15T13:46:06.8029902Z  Downloaded pygments
2026-09-15T13:46:06.9061251Z  Downloaded mypy
2026-09-15T13:46:06.9063010Z Prepared 37 packages in 511ms
2026-09-15T13:46:06.9360780Z Installed 37 packages in 29ms
2026-09-15T13:46:06.9361204Z  + annotated-doc==0.0.5
2026-09-15T13:46:06.9361526Z  + annotated-types==0.8.0
2026-09-15T13:46:06.9361822Z  + anyio==4.15.1
2026-09-15T13:46:06.9362124Z  + ast-serialize==0.11.2
2026-09-15T13:46:06.9362541Z  + attrs==26.1.0
2026-09-15T13:46:06.9362844Z  + certifi==2026.7.22
2026-09-15T13:46:06.9363272Z  + click==8.5.0
2026-09-15T13:46:06.9363685Z  + defusedxml==0.7.1
2026-09-15T13:46:06.9364054Z  + fastapi==0.141.1
2026-09-15T13:46:06.9364391Z  + h11==0.16.0
2026-09-15T13:46:06.9364757Z  + httpcore==1.0.9
2026-09-15T13:46:06.9365321Z  + httpx==0.28.1
2026-09-15T13:46:06.9365580Z  + idna==3.19
2026-09-15T13:46:06.9365992Z  + iniconfig==2.3.0
2026-09-15T13:46:06.9366428Z  + jsonschema==4.26.0
2026-09-15T13:46:06.9366896Z  + jsonschema-specifications==2025.9.1
2026-09-15T13:46:06.9367326Z  + librt==0.15.0
2026-09-15T13:46:06.9367609Z  + markdown-it-py==4.2.0
2026-09-15T13:46:06.9367907Z  + mdurl==0.1.2
2026-09-15T13:46:06.9368182Z  + mypy==2.3.1
2026-09-15T13:46:06.9368457Z  + mypy-extensions==1.1.0
2026-09-15T13:46:06.9368756Z  + packaging==26.3
2026-09-15T13:46:06.9369025Z  + pathspec==1.1.1
2026-09-15T13:46:06.9369289Z  + pluggy==1.6.0
2026-09-15T13:46:06.9369774Z  + pydantic==2.13.5
2026-09-15T13:46:06.9370049Z  + pydantic-core==2.46.5
2026-09-15T13:46:06.9370339Z  + pygments==2.21.0
2026-09-15T13:46:06.9370608Z  + pypdf==6.18.1
2026-09-15T13:46:06.9370872Z  + pytest==9.1.1
2026-09-15T13:46:06.9371152Z  + python-multipart==0.0.32
2026-09-15T13:46:06.9371501Z  + referencing==0.37.0
2026-09-15T13:46:06.9371782Z  + rpds-py==2026.6.3
2026-09-15T13:46:06.9372139Z  + ruff==0.16.7
2026-09-15T13:46:06.9372498Z  + starlette==1.6.0
2026-09-15T13:46:06.9372861Z  + typing-extensions==4.16.0
2026-09-15T13:46:06.9373310Z  + typing-inspection==0.4.4
2026-09-15T13:46:06.9373689Z  + uvicorn==0.53.0
2026-09-15T13:46:06.9431162Z ##[group]Run sudo apt-get update
2026-09-15T13:46:06.9431434Z [36;1msudo apt-get update[0m
2026-09-15T13:46:06.9431937Z [36;1msudo apt-get install -y bubblewrap=0.11.1-1ubuntu0.1 apparmor=5.0.2-0ubuntu1~26.04.1 libapparmor1=5.0.2-0ubuntu1~26.04.1 libseccomp2=2.6.0-2ubuntu5[0m
2026-09-15T13:46:06.9432529Z [36;1mdpkg-query -W bubblewrap apparmor libapparmor1 libseccomp2[0m
2026-09-15T13:46:06.9432878Z [36;1mtest -f /etc/apparmor.d/bwrap-userns-restrict[0m
2026-09-15T13:46:06.9433134Z [36;1mbwrap --version[0m
2026-09-15T13:46:06.9486393Z shell: /usr/bin/bash -e {0}
2026-09-15T13:46:06.9486612Z env:
2026-09-15T13:46:06.9486844Z   pythonLocation: /opt/hostedtoolcache/Python/3.12.13/x64
2026-09-15T13:46:06.9487197Z   PKG_CONFIG_PATH: /opt/hostedtoolcache/Python/3.12.13/x64/lib/pkgconfig
2026-09-15T13:46:06.9487548Z   Python_ROOT_DIR: /opt/hostedtoolcache/Python/3.12.13/x64
2026-09-15T13:46:06.9487853Z   Python2_ROOT_DIR: /opt/hostedtoolcache/Python/3.12.13/x64
2026-09-15T13:46:06.9488194Z   Python3_ROOT_DIR: /opt/hostedtoolcache/Python/3.12.13/x64
2026-09-15T13:46:06.9488501Z   LD_LIBRARY_PATH: /opt/hostedtoolcache/Python/3.12.13/x64/lib
2026-09-15T13:46:06.9488765Z ##[endgroup]
2026-09-15T13:46:07.0186657Z Get:1 file:/etc/apt/apt-mirrors.txt Mirrorlist [144 B]
2026-09-15T13:46:07.0465304Z Get:6 https://packages.microsoft.com/ubuntu/26.04/prod resolute InRelease [3964 B]
2026-09-15T13:46:07.0566894Z Hit:2 http://azure.archive.ubuntu.com/ubuntu resolute InRelease
2026-09-15T13:46:07.0589333Z Get:3 http://azure.archive.ubuntu.com/ubuntu resolute-updates InRelease [137 kB]
2026-09-15T13:46:07.0613247Z Get:4 http://azure.archive.ubuntu.com/ubuntu resolute-backports InRelease [137 kB]
2026-09-15T13:46:07.0641556Z Get:5 http://azure.archive.ubuntu.com/ubuntu resolute-security InRelease [137 kB]
2026-09-15T13:46:07.0708144Z Get:7 https://packages.microsoft.com/ubuntu/26.04/prod resolute/main amd64 Packages [59.9 kB]
2026-09-15T13:46:07.0865623Z Get:8 https://packages.microsoft.com/ubuntu/26.04/prod resolute/main arm64 Packages [52.1 kB]
2026-09-15T13:46:07.0959425Z Get:9 http://azure.archive.ubuntu.com/ubuntu resolute-updates/main amd64v3 Packages [610 kB]
2026-09-15T13:46:07.0992904Z Get:10 http://azure.archive.ubuntu.com/ubuntu resolute-updates/main Translation-en [145 kB]
2026-09-15T13:46:07.1025520Z Get:11 http://azure.archive.ubuntu.com/ubuntu resolute-updates/main amd64 Components [97.8 kB]
2026-09-15T13:46:07.1039849Z Get:12 http://azure.archive.ubuntu.com/ubuntu resolute-updates/universe amd64v3 Packages [293 kB]
2026-09-15T13:46:07.1049576Z Get:13 http://azure.archive.ubuntu.com/ubuntu resolute-updates/universe Translation-en [93.2 kB]
2026-09-15T13:46:07.1060114Z Get:14 http://azure.archive.ubuntu.com/ubuntu resolute-updates/universe amd64 Components [188 kB]
2026-09-15T13:46:07.1112963Z Get:15 http://azure.archive.ubuntu.com/ubuntu resolute-updates/restricted amd64v3 Packages [409 kB]
2026-09-15T13:46:07.1119980Z Get:20 https://dl.google.com/linux/chrome-stable/deb stable InRelease [2548 B]
2026-09-15T13:46:07.1137572Z Get:16 http://azure.archive.ubuntu.com/ubuntu resolute-updates/restricted Translation-en [79.5 kB]
2026-09-15T13:46:07.1152764Z Get:17 http://azure.archive.ubuntu.com/ubuntu resolute-updates/multiverse amd64v3 Packages [11.6 kB]
2026-09-15T13:46:07.1165895Z Get:18 http://azure.archive.ubuntu.com/ubuntu resolute-updates/multiverse Translation-en [3036 B]
2026-09-15T13:46:07.1626472Z Get:19 http://azure.archive.ubuntu.com/ubuntu resolute-backports/universe amd64 Components [1056 B]
2026-09-15T13:46:07.1636750Z Get:21 http://azure.archive.ubuntu.com/ubuntu resolute-security/main amd64v3 Packages [474 kB]
2026-09-15T13:46:07.1663169Z Get:22 http://azure.archive.ubuntu.com/ubuntu resolute-security/main Translation-en [111 kB]
2026-09-15T13:46:07.1672922Z Get:31 https://dl.google.com/linux/chrome-stable/deb stable/main amd64 Packages [1415 B]
2026-09-15T13:46:07.1677026Z Get:23 http://azure.archive.ubuntu.com/ubuntu resolute-security/main amd64 Components [46.6 kB]
2026-09-15T13:46:07.1701350Z Get:24 http://azure.archive.ubuntu.com/ubuntu resolute-security/universe amd64v3 Packages [173 kB]
2026-09-15T13:46:07.1709048Z Get:25 http://azure.archive.ubuntu.com/ubuntu resolute-security/universe Translation-en [54.4 kB]
2026-09-15T13:46:07.1721115Z Get:26 http://azure.archive.ubuntu.com/ubuntu resolute-security/universe amd64 Components [43.4 kB]
2026-09-15T13:46:07.1753248Z Get:27 http://azure.archive.ubuntu.com/ubuntu resolute-security/restricted amd64v3 Packages [399 kB]
2026-09-15T13:46:07.1779819Z Get:28 http://azure.archive.ubuntu.com/ubuntu resolute-security/restricted Translation-en [77.7 kB]
2026-09-15T13:46:07.1795214Z Get:29 http://azure.archive.ubuntu.com/ubuntu resolute-security/multiverse amd64v3 Packages [10.9 kB]
2026-09-15T13:46:07.1809805Z Get:30 http://azure.archive.ubuntu.com/ubuntu resolute-security/multiverse Translation-en [2844 B]
2026-09-15T13:46:11.4394787Z Fetched 3855 kB in 0s (11.6 MB/s)
2026-09-15T13:46:11.9539302Z Reading package lists...
2026-09-15T13:46:11.9841042Z Reading package lists...
2026-09-15T13:46:12.1205925Z Building dependency tree...
2026-09-15T13:46:12.1211552Z Reading state information...
2026-09-15T13:46:12.1483651Z bubblewrap is already the newest version (0.11.1-1ubuntu0.1).
2026-09-15T13:46:12.1484066Z bubblewrap set to manually installed.
2026-09-15T13:46:12.1484360Z apparmor is already the newest version (5.0.2-0ubuntu1~26.04.1).
2026-09-15T13:46:12.1484688Z apparmor set to manually installed.
2026-09-15T13:46:12.1484969Z libapparmor1 is already the newest version (5.0.2-0ubuntu1~26.04.1).
2026-09-15T13:46:12.1485691Z libapparmor1 set to manually installed.
2026-09-15T13:46:12.1485979Z libseccomp2 is already the newest version (2.6.0-2ubuntu5).
2026-09-15T13:46:12.1486262Z libseccomp2 set to manually installed.
2026-09-15T13:46:12.1957874Z Solving dependencies...
2026-09-15T13:46:12.3068590Z 0 upgraded, 0 newly installed, 0 to remove and 73 not upgraded.
2026-09-15T13:46:12.3410462Z apparmor	5.0.2-0ubuntu1~26.04.1
2026-09-15T13:46:12.3410900Z bubblewrap	0.11.1-1ubuntu0.1
2026-09-15T13:46:12.3411246Z libapparmor1:amd64	5.0.2-0ubuntu1~26.04.1
2026-09-15T13:46:12.3411611Z libseccomp2:amd64	2.6.0-2ubuntu5
2026-09-15T13:46:12.3645254Z bubblewrap 0.11.1
2026-09-15T13:46:12.3671938Z ##[group]Run uv run --frozen ruff check .
2026-09-15T13:46:12.3672225Z [36;1muv run --frozen ruff check .[0m
2026-09-15T13:46:12.3724529Z shell: /usr/bin/bash -e {0}
2026-09-15T13:46:12.3724747Z env:
2026-09-15T13:46:12.3724974Z   pythonLocation: /opt/hostedtoolcache/Python/3.12.13/x64
2026-09-15T13:46:12.3725463Z   PKG_CONFIG_PATH: /opt/hostedtoolcache/Python/3.12.13/x64/lib/pkgconfig
2026-09-15T13:46:12.3725802Z   Python_ROOT_DIR: /opt/hostedtoolcache/Python/3.12.13/x64
2026-09-15T13:46:12.3726107Z   Python2_ROOT_DIR: /opt/hostedtoolcache/Python/3.12.13/x64
2026-09-15T13:46:12.3726415Z   Python3_ROOT_DIR: /opt/hostedtoolcache/Python/3.12.13/x64
2026-09-15T13:46:12.3726729Z   LD_LIBRARY_PATH: /opt/hostedtoolcache/Python/3.12.13/x64/lib
2026-09-15T13:46:12.3727000Z ##[endgroup]
2026-09-15T13:46:12.5204508Z All checks passed!
2026-09-15T13:46:12.5251163Z ##[group]Run uv run --frozen mypy
2026-09-15T13:46:12.5251429Z [36;1muv run --frozen mypy[0m
2026-09-15T13:46:12.5303573Z shell: /usr/bin/bash -e {0}
2026-09-15T13:46:12.5303795Z env:
2026-09-15T13:46:12.5304030Z   pythonLocation: /opt/hostedtoolcache/Python/3.12.13/x64
2026-09-15T13:46:12.5304537Z   PKG_CONFIG_PATH: /opt/hostedtoolcache/Python/3.12.13/x64/lib/pkgconfig
2026-09-15T13:46:12.5304913Z   Python_ROOT_DIR: /opt/hostedtoolcache/Python/3.12.13/x64
2026-09-15T13:46:12.5305414Z   Python2_ROOT_DIR: /opt/hostedtoolcache/Python/3.12.13/x64
2026-09-15T13:46:12.5305707Z   Python3_ROOT_DIR: /opt/hostedtoolcache/Python/3.12.13/x64
2026-09-15T13:46:12.5306010Z   LD_LIBRARY_PATH: /opt/hostedtoolcache/Python/3.12.13/x64/lib
2026-09-15T13:46:12.5306277Z ##[endgroup]
2026-09-15T13:46:18.3853550Z Success: no issues found in 133 source files
2026-09-15T13:46:18.4067382Z ##[group]Run uv run --frozen python scripts/probe_document_sandbox.py
2026-09-15T13:46:18.4067781Z [36;1muv run --frozen python scripts/probe_document_sandbox.py[0m
2026-09-15T13:46:18.4119984Z shell: /usr/bin/bash -e {0}
2026-09-15T13:46:18.4120205Z env:
2026-09-15T13:46:18.4120444Z   pythonLocation: /opt/hostedtoolcache/Python/3.12.13/x64
2026-09-15T13:46:18.4120803Z   PKG_CONFIG_PATH: /opt/hostedtoolcache/Python/3.12.13/x64/lib/pkgconfig
2026-09-15T13:46:18.4121157Z   Python_ROOT_DIR: /opt/hostedtoolcache/Python/3.12.13/x64
2026-09-15T13:46:18.4121459Z   Python2_ROOT_DIR: /opt/hostedtoolcache/Python/3.12.13/x64
2026-09-15T13:46:18.4121768Z   Python3_ROOT_DIR: /opt/hostedtoolcache/Python/3.12.13/x64
2026-09-15T13:46:18.4122069Z   LD_LIBRARY_PATH: /opt/hostedtoolcache/Python/3.12.13/x64/lib
2026-09-15T13:46:18.4122331Z ##[endgroup]
2026-09-15T13:46:18.8285801Z {
2026-09-15T13:46:18.8286370Z   "scope": "fixed synthetic runtime probe; no uploaded document or environment dump",
2026-09-15T13:46:18.8287011Z   "python_version": "3.12.13",
2026-09-15T13:46:18.8287319Z   "exit_code": 0,
2026-09-15T13:46:18.8287642Z   "stdout": "{\"synthetic_runtime_ready\": true}\n",
2026-09-15T13:46:18.8288001Z   "stderr": "",
2026-09-15T13:46:18.8288251Z   "status": "PASS"
2026-09-15T13:46:18.8288479Z }
2026-09-15T13:46:18.8510862Z ##[group]Run uv run --frozen pytest tests/unit tests/security
2026-09-15T13:46:18.8511233Z [36;1muv run --frozen pytest tests/unit tests/security[0m
2026-09-15T13:46:18.8563692Z shell: /usr/bin/bash -e {0}
2026-09-15T13:46:18.8563916Z env:
2026-09-15T13:46:18.8564150Z   pythonLocation: /opt/hostedtoolcache/Python/3.12.13/x64
2026-09-15T13:46:18.8564521Z   PKG_CONFIG_PATH: /opt/hostedtoolcache/Python/3.12.13/x64/lib/pkgconfig
2026-09-15T13:46:18.8564873Z   Python_ROOT_DIR: /opt/hostedtoolcache/Python/3.12.13/x64
2026-09-15T13:46:18.8565322Z   Python2_ROOT_DIR: /opt/hostedtoolcache/Python/3.12.13/x64
2026-09-15T13:46:18.8565635Z   Python3_ROOT_DIR: /opt/hostedtoolcache/Python/3.12.13/x64
2026-09-15T13:46:18.8565953Z   LD_LIBRARY_PATH: /opt/hostedtoolcache/Python/3.12.13/x64/lib
2026-09-15T13:46:18.8566222Z ##[endgroup]
2026-09-15T13:46:21.2782257Z ============================= test session starts ==============================
2026-09-15T13:46:21.2782997Z platform linux -- Python 3.12.13, pytest-9.1.1, pluggy-1.6.0
2026-09-15T13:46:21.2783354Z rootdir: <private-home>/work/Learning_Workbench/Learning_Workbench
2026-09-15T13:46:21.2783670Z configfile: pyproject.toml
2026-09-15T13:46:21.2783879Z plugins: anyio-4.15.1
2026-09-15T13:46:21.2784063Z collected 576 items
2026-09-15T13:46:21.2784170Z 
2026-09-15T13:46:21.3781431Z tests/unit/test_backend_database.py .........                            [  1%]
2026-09-15T13:46:21.8019480Z tests/unit/test_backup_command.py ....                                   [  2%]
2026-09-15T13:46:21.8127403Z tests/unit/test_concept_state_rules.py ..................                [  5%]
2026-09-15T13:46:21.8623095Z tests/unit/test_content_store.py ....................................... [ 12%]
2026-09-15T13:46:21.8937020Z ...........................                                              [ 16%]
2026-09-15T13:46:24.8173225Z tests/unit/test_document_extraction.py ................................. [ 22%]
2026-09-15T13:46:25.8657958Z ................                                                         [ 25%]
2026-09-15T13:46:25.8962333Z tests/unit/test_eligibility.py ......................................... [ 32%]
2026-09-15T13:46:25.9015563Z .......                                                                  [ 33%]
2026-09-15T13:46:25.9052729Z tests/unit/test_governance.py .....                                      [ 34%]
2026-09-15T13:46:25.9333344Z tests/unit/test_grading_rules.py ....................................... [ 41%]
2026-09-15T13:46:25.9704143Z ....................................................                     [ 50%]
2026-09-15T13:46:26.0102607Z tests/unit/test_import_budgets.py ......................                 [ 54%]
2026-09-15T13:46:26.3217706Z tests/unit/test_import_parsing.py ...................................... [ 60%]
2026-09-15T13:46:26.4218454Z ......                                                                   [ 61%]
2026-09-15T13:46:26.8210179Z tests/unit/test_provider_budget.py ............                          [ 63%]
2026-09-15T13:46:27.0811616Z tests/unit/test_provider_protocol.py .............................       [ 68%]
2026-09-15T13:46:28.6864338Z tests/unit/test_provider_repository.py ...........                       [ 70%]
2026-09-15T13:46:29.5786151Z tests/unit/test_provider_secret_store.py .......................         [ 74%]
2026-09-15T13:46:29.5823453Z tests/unit/test_recommendation_config.py .......                         [ 76%]
2026-09-15T13:46:29.6533274Z tests/unit/test_recommendation_rules.py ..................               [ 79%]
2026-09-15T13:46:29.7719798Z tests/unit/test_retrieval_lexical.py ................................... [ 85%]
2026-09-15T13:46:29.7986816Z ....                                                                     [ 85%]
2026-09-15T13:46:30.8441062Z tests/unit/test_spec_catalog.py ....                                     [ 86%]
2026-09-15T13:46:30.8601464Z tests/unit/test_spec_extraction.py .........                             [ 88%]
2026-09-15T13:46:32.9624575Z tests/security/test_document_sandbox.py ...............                  [ 90%]
2026-09-15T13:46:37.9509661Z tests/security/test_local_boundary.py .................................  [ 96%]
2026-09-15T13:46:38.5740598Z tests/security/test_provider_network.py ....................             [100%]
2026-09-15T13:46:38.5740952Z 
2026-09-15T13:46:38.5741144Z =============================== warnings summary ===============================
2026-09-15T13:46:38.5741600Z .venv/lib/python3.12/site-packages/fastapi/testclient.py:1
2026-09-15T13:46:38.5742625Z   <private-home>/work/Learning_Workbench/Learning_Workbench/.venv/lib/python3.12/site-packages/fastapi/testclient.py:1: StarletteDeprecationWarning: Using `httpx` with `starlette.testclient` is deprecated; install `httpx2` instead.
2026-09-15T13:46:38.5743739Z     from starlette.testclient import TestClient as TestClient  # noqa
2026-09-15T13:46:38.5744054Z 
2026-09-15T13:46:38.5744231Z .venv/lib/python3.12/site-packages/starlette/testclient.py:53
2026-09-15T13:46:38.5745565Z   <private-home>/work/Learning_Workbench/Learning_Workbench/.venv/lib/python3.12/site-packages/starlette/testclient.py:53: DeprecationWarning: The anyio.abc.BlockingPortal alias is deprecated, use anyio.from_thread.BlockingPortal instead.
2026-09-15T13:46:38.5746719Z     _PortalFactoryType = Callable[[], AbstractContextManager[anyio.abc.BlockingPortal]]
2026-09-15T13:46:38.5746987Z 
2026-09-15T13:46:38.5747179Z -- Docs: https://docs.pytest.org/en/stable/how-to/capture-warnings.html
2026-09-15T13:46:38.5747545Z ======================= 576 passed, 2 warnings in 18.97s =======================
2026-09-15T13:46:38.8192741Z Post job cleanup.
2026-09-15T13:46:38.9274944Z Post job cleanup.
2026-09-15T13:46:38.9982572Z [command]/usr/bin/git version
2026-09-15T13:46:39.0021615Z git version 2.55.0
2026-09-15T13:46:39.0056070Z Temporarily overriding HOME='<private-home>/work/_temp/f573abbf-1b7d-4543-8674-8fd682f2d699' before making global git config changes
2026-09-15T13:46:39.0057053Z Adding repository directory to the temporary git global config as a safe directory
2026-09-15T13:46:39.0060747Z [command]/usr/bin/git config --global --add safe.directory <private-home>/work/Learning_Workbench/Learning_Workbench
2026-09-15T13:46:39.0090721Z Removing SSH command configuration
2026-09-15T13:46:39.0096039Z [command]/usr/bin/git config --local --name-only --get-regexp core\.sshCommand
2026-09-15T13:46:39.0127314Z [command]/usr/bin/git submodule foreach --recursive sh -c "git config --local --name-only --get-regexp 'core\.sshCommand' && git config --local --unset-all 'core.sshCommand' || :"
2026-09-15T13:46:39.0384816Z Removing HTTP extra header
2026-09-15T13:46:39.0393214Z [command]/usr/bin/git config --local --name-only --get-regexp http\.https\:\/\/github\.com\/\.extraheader
2026-09-15T13:46:39.0417752Z [command]/usr/bin/git submodule foreach --recursive sh -c "git config --local --name-only --get-regexp 'http\.https\:\/\/github\.com\/\.extraheader' && git config --local --unset-all 'http.https://github.com/.extraheader' || :"
2026-09-15T13:46:39.0704712Z Removing includeIf entries pointing to credentials config files
2026-09-15T13:46:39.0713072Z [command]/usr/bin/git config --local --name-only --get-regexp ^includeIf\.gitdir:
2026-09-15T13:46:39.0740092Z includeif.gitdir:<private-home>/work/Learning_Workbench/Learning_Workbench/.git.path
2026-09-15T13:46:39.0740961Z includeif.gitdir:<private-home>/work/Learning_Workbench/Learning_Workbench/.git/worktrees/*.path
2026-09-15T13:46:39.0741570Z includeif.gitdir:/github/workspace/.git.path
2026-09-15T13:46:39.0741983Z includeif.gitdir:/github/workspace/.git/worktrees/*.path
2026-09-15T13:46:39.0747990Z [command]/usr/bin/git config --local --get-all includeif.gitdir:<private-home>/work/Learning_Workbench/Learning_Workbench/.git.path
2026-09-15T13:46:39.0769054Z <private-home>/work/_temp/git-credentials-910735e3-25b3-4961-9d29-5c027bd0941a.config
2026-09-15T13:46:39.0779132Z [command]/usr/bin/git config --local --unset includeif.gitdir:<private-home>/work/Learning_Workbench/Learning_Workbench/.git.path \/home\/runner\/work\/_temp\/git\-credentials\-910735e3\-25b3\-4961\-9d29\-5c027bd0941a\.config
2026-09-15T13:46:39.0828652Z [command]/usr/bin/git config --local --get-all includeif.gitdir:<private-home>/work/Learning_Workbench/Learning_Workbench/.git/worktrees/*.path
2026-09-15T13:46:39.0849324Z <private-home>/work/_temp/git-credentials-910735e3-25b3-4961-9d29-5c027bd0941a.config
2026-09-15T13:46:39.0856490Z [command]/usr/bin/git config --local --unset includeif.gitdir:<private-home>/work/Learning_Workbench/Learning_Workbench/.git/worktrees/*.path \/home\/runner\/work\/_temp\/git\-credentials\-910735e3\-25b3\-4961\-9d29\-5c027bd0941a\.config
2026-09-15T13:46:39.0891759Z [command]/usr/bin/git config --local --get-all includeif.gitdir:/github/workspace/.git.path
2026-09-15T13:46:39.0911665Z /github/runner_temp/git-credentials-910735e3-25b3-4961-9d29-5c027bd0941a.config
2026-09-15T13:46:39.0917334Z [command]/usr/bin/git config --local --unset includeif.gitdir:/github/workspace/.git.path \/github\/runner_temp\/git\-credentials\-910735e3\-25b3\-4961\-9d29\-5c027bd0941a\.config
2026-09-15T13:46:39.0944126Z [command]/usr/bin/git config --local --get-all includeif.gitdir:/github/workspace/.git/worktrees/*.path
2026-09-15T13:46:39.0963224Z /github/runner_temp/git-credentials-910735e3-25b3-4961-9d29-5c027bd0941a.config
2026-09-15T13:46:39.0968816Z [command]/usr/bin/git config --local --unset includeif.gitdir:/github/workspace/.git/worktrees/*.path \/github\/runner_temp\/git\-credentials\-910735e3\-25b3\-4961\-9d29\-5c027bd0941a\.config
2026-09-15T13:46:39.0997821Z [command]/usr/bin/git submodule foreach --recursive git config --local --show-origin --name-only --get-regexp remote.origin.url
2026-09-15T13:46:39.1242338Z Removing credentials config '<private-home>/work/_temp/git-credentials-910735e3-25b3-4961-9d29-5c027bd0941a.config'
2026-09-15T13:46:39.1403352Z Cleaning up orphan processes
