2026-09-15T13:45:52.2654305Z Current runner version: '2.337.0'
2026-09-15T13:45:52.2672950Z ##[group]Runner Image Provisioner
2026-09-15T13:45:52.2673780Z Hosted Compute Agent
2026-09-15T13:45:52.2674280Z Version: 20260828.587
2026-09-15T13:45:52.2675038Z Commit: abac92662cab4cc7352de4f9f9d2e2419aad9c29
2026-09-15T13:45:52.2675675Z Build Date: 2026-08-28T16:44:25Z
2026-09-15T13:45:52.2676233Z Worker ID: {23752cfb-a643-4ce4-8a13-c4d425d102f3}
2026-09-15T13:45:52.2676882Z Azure Region: centralus
2026-09-15T13:45:52.2677369Z ##[endgroup]
2026-09-15T13:45:52.2678601Z ##[group]Operating System
2026-09-15T13:45:52.2679140Z Ubuntu
2026-09-15T13:45:52.2679580Z 26.04.1
2026-09-15T13:45:52.2680362Z LTS
2026-09-15T13:45:52.2680819Z ##[endgroup]
2026-09-15T13:45:52.2681322Z ##[group]Runner Image
2026-09-15T13:45:52.2681835Z Image: ubuntu-26.04
2026-09-15T13:45:52.2682304Z Version: 20260907.131.1
2026-09-15T13:45:52.2683381Z Included Software: https://github.com/actions/runner-images/blob/ubuntu26/20260907.131/images/ubuntu/Ubuntu2604-Readme.md
2026-09-15T13:45:52.2684640Z Image Release: https://github.com/actions/runner-images/releases/tag/ubuntu26%2F20260907.131
2026-09-15T13:45:52.2685647Z ##[endgroup]
2026-09-15T13:45:52.2686627Z ##[group]GITHUB_TOKEN Permissions
2026-09-15T13:45:52.2688660Z Contents: read
2026-09-15T13:45:52.2689152Z Metadata: read
2026-09-15T13:45:52.2689640Z ##[endgroup]
2026-09-15T13:45:52.2691341Z Secret source: Actions
2026-09-15T13:45:52.2692169Z Cache mode: write
2026-09-15T13:45:52.2692735Z Prepare workflow directory
2026-09-15T13:45:52.2974757Z Prepare all required actions
2026-09-15T13:45:52.3016309Z Getting action download info
2026-09-15T13:45:52.5767086Z Download action repository 'actions/checkout@3d3c42e5aac5ba805825da76410c181273ba90b1' (SHA:3d3c42e5aac5ba805825da76410c181273ba90b1)
2026-09-15T13:45:52.6501122Z Download action repository 'actions/setup-python@5fda3b95a4ea91299a34e894583c3862153e4b97' (SHA:5fda3b95a4ea91299a34e894583c3862153e4b97)
2026-09-15T13:45:52.9125515Z Download action repository 'actions/setup-node@820762786026740c76f36085b0efc47a31fe5020' (SHA:820762786026740c76f36085b0efc47a31fe5020)
2026-09-15T13:45:52.9917256Z Download action repository 'actions/upload-artifact@043fb46d1a93c77aae656e7c1c64a875d1fc6a0a' (SHA:043fb46d1a93c77aae656e7c1c64a875d1fc6a0a)
2026-09-15T13:45:53.1589030Z Complete job name: browser
2026-09-15T13:45:53.2194198Z ##[group]Run actions/checkout@3d3c42e5aac5ba805825da76410c181273ba90b1
2026-09-15T13:45:53.2195540Z with:
2026-09-15T13:45:53.2195994Z   repository: kl3574/Learning_Workbench
2026-09-15T13:45:53.2199130Z   token: ***
2026-09-15T13:45:53.2199571Z   ssh-strict: true
2026-09-15T13:45:53.2200021Z   ssh-user: git
2026-09-15T13:45:53.2200498Z   persist-credentials: true
2026-09-15T13:45:53.2200981Z   clean: true
2026-09-15T13:45:53.2201430Z   sparse-checkout-cone-mode: true
2026-09-15T13:45:53.2201945Z   fetch-depth: 1
2026-09-15T13:45:53.2202403Z   fetch-tags: false
2026-09-15T13:45:53.2202860Z   show-progress: true
2026-09-15T13:45:53.2203308Z   lfs: false
2026-09-15T13:45:53.2203788Z   submodules: false
2026-09-15T13:45:53.2204251Z   set-safe-directory: true
2026-09-15T13:45:53.2204773Z   allow-unsafe-pr-checkout: false
2026-09-15T13:45:53.2205596Z ##[endgroup]
2026-09-15T13:45:53.3062720Z Syncing repository: kl3574/Learning_Workbench
2026-09-15T13:45:53.3065763Z ##[group]Getting Git version info
2026-09-15T13:45:53.3067028Z Working directory is '<private-home>/work/Learning_Workbench/Learning_Workbench'
2026-09-15T13:45:53.3068832Z [command]/usr/bin/git version
2026-09-15T13:45:53.3105516Z git version 2.55.0
2026-09-15T13:45:53.3134245Z ##[endgroup]
2026-09-15T13:45:53.3161437Z Temporarily overriding HOME='<private-home>/work/_temp/1eed5d97-3d45-4ced-a2ba-4752452b6b58' before making global git config changes
2026-09-15T13:45:53.3165737Z Adding repository directory to the temporary git global config as a safe directory
2026-09-15T13:45:53.3186432Z [command]/usr/bin/git config --global --add safe.directory <private-home>/work/Learning_Workbench/Learning_Workbench
2026-09-15T13:45:53.3249736Z Deleting the contents of '<private-home>/work/Learning_Workbench/Learning_Workbench'
2026-09-15T13:45:53.3263493Z ##[group]Determining repository object format
2026-09-15T13:45:53.3265169Z ##[endgroup]
2026-09-15T13:45:53.3272570Z ##[group]Initializing the repository
2026-09-15T13:45:53.3273956Z [command]/usr/bin/git init <private-home>/work/Learning_Workbench/Learning_Workbench
2026-09-15T13:45:53.3366685Z hint: Using 'master' as the name for the initial branch. This default branch name
2026-09-15T13:45:53.3368399Z hint: will change to "main" in Git 3.0. To configure the initial branch name
2026-09-15T13:45:53.3373521Z hint: to use in all of your new repositories, which will suppress this warning,
2026-09-15T13:45:53.3374940Z hint: call:
2026-09-15T13:45:53.3384094Z hint:
2026-09-15T13:45:53.3385948Z hint: 	git config --global init.defaultBranch <name>
2026-09-15T13:45:53.3387290Z hint:
2026-09-15T13:45:53.3388343Z hint: Names commonly chosen instead of 'master' are 'main', 'trunk' and
2026-09-15T13:45:53.3389523Z hint: 'development'. The just-created branch can be renamed via this command:
2026-09-15T13:45:53.3390456Z hint:
2026-09-15T13:45:53.3391151Z hint: 	git branch -m <name>
2026-09-15T13:45:53.3391828Z hint:
2026-09-15T13:45:53.3392507Z hint: Disable this message with "git config set advice.defaultBranchName false"
2026-09-15T13:45:53.3393471Z Initialized empty Git repository in <private-home>/work/Learning_Workbench/Learning_Workbench/.git/
2026-09-15T13:45:53.3419701Z [command]/usr/bin/git remote add origin https://github.com/kl3574/Learning_Workbench
2026-09-15T13:45:53.3421964Z ##[endgroup]
2026-09-15T13:45:53.3423038Z ##[group]Disabling automatic garbage collection
2026-09-15T13:45:53.3424194Z [command]/usr/bin/git config --local gc.auto 0
2026-09-15T13:45:53.3451414Z ##[endgroup]
2026-09-15T13:45:53.3452821Z ##[group]Setting up auth
2026-09-15T13:45:53.3453791Z Removing SSH command configuration
2026-09-15T13:45:53.3455534Z [command]/usr/bin/git config --local --name-only --get-regexp core\.sshCommand
2026-09-15T13:45:53.3492728Z [command]/usr/bin/git submodule foreach --recursive sh -c "git config --local --name-only --get-regexp 'core\.sshCommand' && git config --local --unset-all 'core.sshCommand' || :"
2026-09-15T13:45:53.3826987Z Removing HTTP extra header
2026-09-15T13:45:53.3832385Z [command]/usr/bin/git config --local --name-only --get-regexp http\.https\:\/\/github\.com\/\.extraheader
2026-09-15T13:45:53.3857384Z [command]/usr/bin/git submodule foreach --recursive sh -c "git config --local --name-only --get-regexp 'http\.https\:\/\/github\.com\/\.extraheader' && git config --local --unset-all 'http.https://github.com/.extraheader' || :"
2026-09-15T13:45:53.4037924Z Removing includeIf entries pointing to credentials config files
2026-09-15T13:45:53.4041470Z [command]/usr/bin/git config --local --name-only --get-regexp ^includeIf\.gitdir:
2026-09-15T13:45:53.4063830Z [command]/usr/bin/git submodule foreach --recursive git config --local --show-origin --name-only --get-regexp remote.origin.url
2026-09-15T13:45:53.4247514Z [command]/usr/bin/git config --file <private-home>/work/_temp/git-credentials-584755ed-16e7-4e77-a9c3-cf63af2149d6.config http.https://github.com/.extraheader AUTHORIZATION: basic ***
2026-09-15T13:45:53.4273449Z [command]/usr/bin/git config --local includeIf.gitdir:<private-home>/work/Learning_Workbench/Learning_Workbench/.git.path <private-home>/work/_temp/git-credentials-584755ed-16e7-4e77-a9c3-cf63af2149d6.config
2026-09-15T13:45:53.4293906Z [command]/usr/bin/git config --local includeIf.gitdir:<private-home>/work/Learning_Workbench/Learning_Workbench/.git/worktrees/*.path <private-home>/work/_temp/git-credentials-584755ed-16e7-4e77-a9c3-cf63af2149d6.config
2026-09-15T13:45:53.4317071Z [command]/usr/bin/git config --local includeIf.gitdir:/github/workspace/.git.path /github/runner_temp/git-credentials-584755ed-16e7-4e77-a9c3-cf63af2149d6.config
2026-09-15T13:45:53.4338050Z [command]/usr/bin/git config --local includeIf.gitdir:/github/workspace/.git/worktrees/*.path /github/runner_temp/git-credentials-584755ed-16e7-4e77-a9c3-cf63af2149d6.config
2026-09-15T13:45:53.4357498Z ##[endgroup]
2026-09-15T13:45:53.4358296Z ##[group]Fetching the repository
2026-09-15T13:45:53.4361851Z [command]/usr/bin/git -c protocol.version=2 fetch --no-tags --prune --no-recurse-submodules --depth=1 origin +b8952a3ec0cc9c2bbbaf9ed41cbd9a9e1eb81ce2:refs/remotes/origin/feat/M5.2-local-retrieval
2026-09-15T13:45:56.8908395Z From https://github.com/kl3574/Learning_Workbench
2026-09-15T13:45:56.8910082Z  * [new ref]         b8952a3ec0cc9c2bbbaf9ed41cbd9a9e1eb81ce2 -> origin/feat/M5.2-local-retrieval
2026-09-15T13:45:56.8937085Z [command]/usr/bin/git branch --list --remote origin/feat/M5.2-local-retrieval
2026-09-15T13:45:56.8938333Z   origin/feat/M5.2-local-retrieval
2026-09-15T13:45:56.8945825Z [command]/usr/bin/git rev-parse refs/remotes/origin/feat/M5.2-local-retrieval
2026-09-15T13:45:56.8966060Z b8952a3ec0cc9c2bbbaf9ed41cbd9a9e1eb81ce2
2026-09-15T13:45:56.8974011Z ##[endgroup]
2026-09-15T13:45:56.8975098Z ##[group]Determining the checkout info
2026-09-15T13:45:56.8976268Z ##[endgroup]
2026-09-15T13:45:56.8976784Z [command]/usr/bin/git sparse-checkout disable
2026-09-15T13:45:56.9019357Z [command]/usr/bin/git config --local --unset-all extensions.worktreeConfig
2026-09-15T13:45:56.9042516Z ##[group]Checking out the ref
2026-09-15T13:45:56.9047418Z [command]/usr/bin/git checkout --progress --force -B feat/M5.2-local-retrieval refs/remotes/origin/feat/M5.2-local-retrieval
2026-09-15T13:45:57.2993695Z Switched to a new branch 'feat/M5.2-local-retrieval'
2026-09-15T13:45:57.2995668Z branch 'feat/M5.2-local-retrieval' set up to track 'origin/feat/M5.2-local-retrieval'.
2026-09-15T13:45:57.3011327Z ##[endgroup]
2026-09-15T13:45:57.3059945Z [command]/usr/bin/git log -1 --format=%H
2026-09-15T13:45:57.3082006Z b8952a3ec0cc9c2bbbaf9ed41cbd9a9e1eb81ce2
2026-09-15T13:45:57.3311912Z ##[group]Run actions/setup-python@5fda3b95a4ea91299a34e894583c3862153e4b97
2026-09-15T13:45:57.3312370Z with:
2026-09-15T13:45:57.3312707Z   python-version: 3.12.13
2026-09-15T13:45:57.3313058Z   check-latest: false
2026-09-15T13:45:57.3315360Z   token: ***
2026-09-15T13:45:57.3315713Z   update-environment: true
2026-09-15T13:45:57.3316040Z   allow-prereleases: false
2026-09-15T13:45:57.3316402Z   freethreaded: false
2026-09-15T13:45:57.3316729Z ##[endgroup]
2026-09-15T13:45:57.4292157Z ##[group]Installed versions
2026-09-15T13:45:57.4302008Z Version 3.12.13 was not found in the local cache
2026-09-15T13:45:58.1818917Z Version 3.12.13 is available for downloading
2026-09-15T13:45:58.1819991Z Download from "https://github.com/actions/python-versions/releases/download/3.12.13-27650778726/python-3.12.13-linux-26.04-x64.tar.gz"
2026-09-15T13:45:59.0639509Z Extract downloaded archive
2026-09-15T13:45:59.0733609Z [command]/usr/bin/tar xz --warning=no-unknown-keyword --overwrite -C <private-home>/work/_temp/277dcfaa-c941-4277-9fdd-b167368e9e02 -f <private-home>/work/_temp/8e328f6a-82f3-42a7-930e-85076ddc2039
2026-09-15T13:46:00.1817328Z Execute installation script
2026-09-15T13:46:00.1921163Z Check if Python hostedtoolcache folder exist...
2026-09-15T13:46:00.1923153Z Create Python 3.12.13 folder
2026-09-15T13:46:00.1940940Z Copy Python binaries to hostedtoolcache folder
2026-09-15T13:46:00.4228874Z Create additional symlinks (Required for the UsePythonVersion Azure Pipelines task and the setup-python GitHub Action)
2026-09-15T13:46:00.4304952Z Upgrading pip...
2026-09-15T13:46:01.8609934Z Collecting pip
2026-09-15T13:46:01.9825312Z Downloading pip-26.2.1-py3-none-any.whl.metadata (4.6 kB)
2026-09-15T13:46:02.0199140Z Downloading pip-26.2.1-py3-none-any.whl (1.8 MB)
2026-09-15T13:46:02.1997738Z ━━━━━━━━━━━━━━━━━━━━━━━━━━━━━━━━━━━━━━━━ 1.8/1.8 MB 16.3 MB/s eta 0:00:00
2026-09-15T13:46:02.2149426Z 
2026-09-15T13:46:02.2150108Z Installing collected packages: pip
2026-09-15T13:46:02.2150732Z Attempting uninstall: pip
2026-09-15T13:46:02.2166494Z Found existing installation: pip 25.0.1
2026-09-15T13:46:02.2352940Z Uninstalling pip-25.0.1:
2026-09-15T13:46:02.2389905Z Successfully uninstalled pip-25.0.1
2026-09-15T13:46:02.8558914Z Successfully installed pip-26.2.1
2026-09-15T13:46:02.9075756Z Create complete file
2026-09-15T13:46:02.9114060Z Successfully set up CPython (3.12.13)
2026-09-15T13:46:02.9115441Z ##[endgroup]
2026-09-15T13:46:02.9272376Z ##[group]Run actions/setup-node@820762786026740c76f36085b0efc47a31fe5020
2026-09-15T13:46:02.9272803Z with:
2026-09-15T13:46:02.9273098Z   node-version: 24.21.0
2026-09-15T13:46:02.9273367Z   check-latest: false
2026-09-15T13:46:02.9276156Z   token: ***
2026-09-15T13:46:02.9276437Z   package-manager-cache: true
2026-09-15T13:46:02.9276726Z env:
2026-09-15T13:46:02.9277109Z   pythonLocation: /opt/hostedtoolcache/Python/3.12.13/x64
2026-09-15T13:46:02.9277555Z   PKG_CONFIG_PATH: /opt/hostedtoolcache/Python/3.12.13/x64/lib/pkgconfig
2026-09-15T13:46:02.9278006Z   Python_ROOT_DIR: /opt/hostedtoolcache/Python/3.12.13/x64
2026-09-15T13:46:02.9278400Z   Python2_ROOT_DIR: /opt/hostedtoolcache/Python/3.12.13/x64
2026-09-15T13:46:02.9278834Z   Python3_ROOT_DIR: /opt/hostedtoolcache/Python/3.12.13/x64
2026-09-15T13:46:02.9279267Z   LD_LIBRARY_PATH: /opt/hostedtoolcache/Python/3.12.13/x64/lib
2026-09-15T13:46:02.9279600Z ##[endgroup]
2026-09-15T13:46:03.0311794Z Attempting to download 24.21.0...
2026-09-15T13:46:03.7844086Z Acquiring 24.21.0 - x64 from https://github.com/actions/node-versions/releases/download/24.21.0-34304089047/node-24.21.0-linux-x64.tar.gz
2026-09-15T13:46:04.5577490Z Extracting ...
2026-09-15T13:46:04.5666819Z [command]/usr/bin/tar xz --strip 1 --warning=no-unknown-keyword --overwrite -C <private-home>/work/_temp/154d2f12-1bdb-4540-8172-408132d9bee5 -f <private-home>/work/_temp/fc06a240-ea67-45f4-a28a-618593bd7f79
2026-09-15T13:46:05.2842920Z Adding to the cache ...
2026-09-15T13:46:06.9321928Z ##[group]Environment details
2026-09-15T13:46:07.1232539Z node: v24.21.0
2026-09-15T13:46:07.1233107Z npm: 11.19.0
2026-09-15T13:46:07.1233498Z yarn: 1.22.22
2026-09-15T13:46:07.1234184Z ##[endgroup]
2026-09-15T13:46:07.1360442Z ##[group]Run python -m pip install uv==0.11.21
2026-09-15T13:46:07.1360979Z [36;1mpython -m pip install uv==0.11.21[0m
2026-09-15T13:46:07.1470730Z shell: /usr/bin/bash -e {0}
2026-09-15T13:46:07.1471079Z env:
2026-09-15T13:46:07.1471430Z   pythonLocation: /opt/hostedtoolcache/Python/3.12.13/x64
2026-09-15T13:46:07.1471874Z   PKG_CONFIG_PATH: /opt/hostedtoolcache/Python/3.12.13/x64/lib/pkgconfig
2026-09-15T13:46:07.1472294Z   Python_ROOT_DIR: /opt/hostedtoolcache/Python/3.12.13/x64
2026-09-15T13:46:07.1472724Z   Python2_ROOT_DIR: /opt/hostedtoolcache/Python/3.12.13/x64
2026-09-15T13:46:07.1473102Z   Python3_ROOT_DIR: /opt/hostedtoolcache/Python/3.12.13/x64
2026-09-15T13:46:07.1473472Z   LD_LIBRARY_PATH: /opt/hostedtoolcache/Python/3.12.13/x64/lib
2026-09-15T13:46:07.1473830Z ##[endgroup]
2026-09-15T13:46:07.7202103Z Collecting uv==0.11.21
2026-09-15T13:46:07.8312061Z   Downloading uv-0.11.21-py3-none-manylinux_2_17_x86_64.manylinux2014_x86_64.whl.metadata (11 kB)
2026-09-15T13:46:07.8739694Z Downloading uv-0.11.21-py3-none-manylinux_2_17_x86_64.manylinux2014_x86_64.whl (25.1 MB)
2026-09-15T13:46:08.3142292Z    ━━━━━━━━━━━━━━━━━━━━━━━━━━━━━━━━━━━━━━━━ 25.1/25.1 MB 69.6 MB/s  0:00:00
2026-09-15T13:46:08.3552466Z Installing collected packages: uv
2026-09-15T13:46:08.6355706Z Successfully installed uv-0.11.21
2026-09-15T13:46:08.6911019Z ##[group]Run uv sync --frozen
2026-09-15T13:46:08.6911379Z [36;1muv sync --frozen[0m
2026-09-15T13:46:08.6947168Z shell: /usr/bin/bash -e {0}
2026-09-15T13:46:08.6947467Z env:
2026-09-15T13:46:08.6947859Z   pythonLocation: /opt/hostedtoolcache/Python/3.12.13/x64
2026-09-15T13:46:08.6948299Z   PKG_CONFIG_PATH: /opt/hostedtoolcache/Python/3.12.13/x64/lib/pkgconfig
2026-09-15T13:46:08.6948753Z   Python_ROOT_DIR: /opt/hostedtoolcache/Python/3.12.13/x64
2026-09-15T13:46:08.6949183Z   Python2_ROOT_DIR: /opt/hostedtoolcache/Python/3.12.13/x64
2026-09-15T13:46:08.6949557Z   Python3_ROOT_DIR: /opt/hostedtoolcache/Python/3.12.13/x64
2026-09-15T13:46:08.6949973Z   LD_LIBRARY_PATH: /opt/hostedtoolcache/Python/3.12.13/x64/lib
2026-09-15T13:46:08.6950453Z ##[endgroup]
2026-09-15T13:46:08.7421298Z Using CPython 3.12.13 interpreter at: /opt/hostedtoolcache/Python/3.12.13/x64/bin/python3.12
2026-09-15T13:46:08.7422353Z Creating virtual environment at: .venv
2026-09-15T13:46:08.9089721Z Downloading mypy (14.6MiB)
2026-09-15T13:46:08.9092484Z Downloading pygments (1.2MiB)
2026-09-15T13:46:08.9093282Z Downloading ruff (9.9MiB)
2026-09-15T13:46:08.9094175Z Downloading pydantic-core (2.0MiB)
2026-09-15T13:46:08.9097673Z Downloading ast-serialize (1.3MiB)
2026-09-15T13:46:09.1424720Z  Downloaded ast-serialize
2026-09-15T13:46:09.1508320Z  Downloaded pydantic-core
2026-09-15T13:46:09.2707663Z  Downloaded ruff
2026-09-15T13:46:09.2729080Z  Downloaded pygments
2026-09-15T13:46:09.4834252Z  Downloaded mypy
2026-09-15T13:46:09.4836392Z Prepared 37 packages in 739ms
2026-09-15T13:46:09.5024521Z Installed 37 packages in 18ms
2026-09-15T13:46:09.5025345Z  + annotated-doc==0.0.5
2026-09-15T13:46:09.5025995Z  + annotated-types==0.8.0
2026-09-15T13:46:09.5026468Z  + anyio==4.15.1
2026-09-15T13:46:09.5026898Z  + ast-serialize==0.11.2
2026-09-15T13:46:09.5027322Z  + attrs==26.1.0
2026-09-15T13:46:09.5027695Z  + certifi==2026.7.22
2026-09-15T13:46:09.5028111Z  + click==8.5.0
2026-09-15T13:46:09.5028481Z  + defusedxml==0.7.1
2026-09-15T13:46:09.5028849Z  + fastapi==0.141.1
2026-09-15T13:46:09.5029272Z  + h11==0.16.0
2026-09-15T13:46:09.5029595Z  + httpcore==1.0.9
2026-09-15T13:46:09.5029905Z  + httpx==0.28.1
2026-09-15T13:46:09.5030342Z  + idna==3.19
2026-09-15T13:46:09.5030718Z  + iniconfig==2.3.0
2026-09-15T13:46:09.5031096Z  + jsonschema==4.26.0
2026-09-15T13:46:09.5031645Z  + jsonschema-specifications==2025.9.1
2026-09-15T13:46:09.5031948Z  + librt==0.15.0
2026-09-15T13:46:09.5032278Z  + markdown-it-py==4.2.0
2026-09-15T13:46:09.5032574Z  + mdurl==0.1.2
2026-09-15T13:46:09.5032833Z  + mypy==2.3.1
2026-09-15T13:46:09.5033092Z  + mypy-extensions==1.1.0
2026-09-15T13:46:09.5033354Z  + packaging==26.3
2026-09-15T13:46:09.5033640Z  + pathspec==1.1.1
2026-09-15T13:46:09.5034064Z  + pluggy==1.6.0
2026-09-15T13:46:09.5034497Z  + pydantic==2.13.5
2026-09-15T13:46:09.5035005Z  + pydantic-core==2.46.5
2026-09-15T13:46:09.5035409Z  + pygments==2.21.0
2026-09-15T13:46:09.5035788Z  + pypdf==6.18.1
2026-09-15T13:46:09.5036133Z  + pytest==9.1.1
2026-09-15T13:46:09.5036985Z  + python-multipart==0.0.32
2026-09-15T13:46:09.5037557Z  + referencing==0.37.0
2026-09-15T13:46:09.5038123Z  + rpds-py==2026.6.3
2026-09-15T13:46:09.5038527Z  + ruff==0.16.7
2026-09-15T13:46:09.5039012Z  + starlette==1.6.0
2026-09-15T13:46:09.5039457Z  + typing-extensions==4.16.0
2026-09-15T13:46:09.5039945Z  + typing-inspection==0.4.4
2026-09-15T13:46:09.5040323Z  + uvicorn==0.53.0
2026-09-15T13:46:09.5111702Z ##[group]Run sudo apt-get update
2026-09-15T13:46:09.5112213Z [36;1msudo apt-get update[0m
2026-09-15T13:46:09.5113118Z [36;1msudo apt-get install -y bubblewrap=0.11.1-1ubuntu0.1 apparmor=5.0.2-0ubuntu1~26.04.1 libapparmor1=5.0.2-0ubuntu1~26.04.1 libseccomp2=2.6.0-2ubuntu5[0m
2026-09-15T13:46:09.5114107Z [36;1mdpkg-query -W bubblewrap apparmor libapparmor1 libseccomp2[0m
2026-09-15T13:46:09.5115962Z [36;1mtest -f /etc/apparmor.d/bwrap-userns-restrict[0m
2026-09-15T13:46:09.5116323Z [36;1mbwrap --version[0m
2026-09-15T13:46:09.5150214Z shell: /usr/bin/bash -e {0}
2026-09-15T13:46:09.5150532Z env:
2026-09-15T13:46:09.5150916Z   pythonLocation: /opt/hostedtoolcache/Python/3.12.13/x64
2026-09-15T13:46:09.5151357Z   PKG_CONFIG_PATH: /opt/hostedtoolcache/Python/3.12.13/x64/lib/pkgconfig
2026-09-15T13:46:09.5151779Z   Python_ROOT_DIR: /opt/hostedtoolcache/Python/3.12.13/x64
2026-09-15T13:46:09.5152214Z   Python2_ROOT_DIR: /opt/hostedtoolcache/Python/3.12.13/x64
2026-09-15T13:46:09.5152728Z   Python3_ROOT_DIR: /opt/hostedtoolcache/Python/3.12.13/x64
2026-09-15T13:46:09.5153111Z   LD_LIBRARY_PATH: /opt/hostedtoolcache/Python/3.12.13/x64/lib
2026-09-15T13:46:09.5153437Z ##[endgroup]
2026-09-15T13:46:09.5820897Z Get:1 file:/etc/apt/apt-mirrors.txt Mirrorlist [144 B]
2026-09-15T13:46:09.6239196Z Get:6 https://packages.microsoft.com/ubuntu/26.04/prod resolute InRelease [3964 B]
2026-09-15T13:46:09.6336162Z Hit:2 http://azure.archive.ubuntu.com/ubuntu resolute InRelease
2026-09-15T13:46:09.6351253Z Get:3 http://azure.archive.ubuntu.com/ubuntu resolute-updates InRelease [137 kB]
2026-09-15T13:46:09.6406845Z Get:4 http://azure.archive.ubuntu.com/ubuntu resolute-backports InRelease [137 kB]
2026-09-15T13:46:09.6429531Z Get:5 http://azure.archive.ubuntu.com/ubuntu resolute-security InRelease [137 kB]
2026-09-15T13:46:09.6539105Z Get:7 https://packages.microsoft.com/ubuntu/26.04/prod resolute/main arm64 Packages [52.1 kB]
2026-09-15T13:46:09.6664276Z Get:8 http://azure.archive.ubuntu.com/ubuntu resolute-updates/main amd64v3 Packages [610 kB]
2026-09-15T13:46:09.6757831Z Get:9 http://azure.archive.ubuntu.com/ubuntu resolute-updates/main Translation-en [145 kB]
2026-09-15T13:46:09.6769765Z Get:10 http://azure.archive.ubuntu.com/ubuntu resolute-updates/main amd64 Components [97.8 kB]
2026-09-15T13:46:09.6771489Z Get:11 http://azure.archive.ubuntu.com/ubuntu resolute-updates/universe amd64v3 Packages [293 kB]
2026-09-15T13:46:09.6772699Z Get:12 http://azure.archive.ubuntu.com/ubuntu resolute-updates/universe Translation-en [93.2 kB]
2026-09-15T13:46:09.6775980Z Get:18 https://packages.microsoft.com/ubuntu/26.04/prod resolute/main amd64 Packages [59.9 kB]
2026-09-15T13:46:09.6777271Z Get:13 http://azure.archive.ubuntu.com/ubuntu resolute-updates/universe amd64 Components [188 kB]
2026-09-15T13:46:09.6792930Z Get:14 http://azure.archive.ubuntu.com/ubuntu resolute-updates/restricted amd64v3 Packages [409 kB]
2026-09-15T13:46:09.6801693Z Get:15 http://azure.archive.ubuntu.com/ubuntu resolute-updates/restricted Translation-en [79.5 kB]
2026-09-15T13:46:09.6809882Z Get:16 http://azure.archive.ubuntu.com/ubuntu resolute-updates/multiverse amd64v3 Packages [11.6 kB]
2026-09-15T13:46:09.6813299Z Get:17 http://azure.archive.ubuntu.com/ubuntu resolute-updates/multiverse Translation-en [3036 B]
2026-09-15T13:46:09.7235675Z Get:19 http://azure.archive.ubuntu.com/ubuntu resolute-backports/universe amd64 Components [1056 B]
2026-09-15T13:46:09.7248262Z Get:20 http://azure.archive.ubuntu.com/ubuntu resolute-security/main amd64v3 Packages [474 kB]
2026-09-15T13:46:09.7285753Z Get:21 http://azure.archive.ubuntu.com/ubuntu resolute-security/main Translation-en [111 kB]
2026-09-15T13:46:09.7297082Z Get:22 http://azure.archive.ubuntu.com/ubuntu resolute-security/main amd64 Components [46.6 kB]
2026-09-15T13:46:09.7306453Z Get:23 http://azure.archive.ubuntu.com/ubuntu resolute-security/universe amd64v3 Packages [173 kB]
2026-09-15T13:46:09.7318229Z Get:24 http://azure.archive.ubuntu.com/ubuntu resolute-security/universe Translation-en [54.4 kB]
2026-09-15T13:46:09.7325003Z Get:25 http://azure.archive.ubuntu.com/ubuntu resolute-security/universe amd64 Components [43.4 kB]
2026-09-15T13:46:09.7336412Z Get:26 http://azure.archive.ubuntu.com/ubuntu resolute-security/restricted amd64v3 Packages [399 kB]
2026-09-15T13:46:09.7356554Z Get:27 http://azure.archive.ubuntu.com/ubuntu resolute-security/restricted Translation-en [77.7 kB]
2026-09-15T13:46:09.7365496Z Get:28 http://azure.archive.ubuntu.com/ubuntu resolute-security/multiverse amd64v3 Packages [10.9 kB]
2026-09-15T13:46:09.7370604Z Get:29 http://azure.archive.ubuntu.com/ubuntu resolute-security/multiverse Translation-en [2844 B]
2026-09-15T13:46:09.7782580Z Get:30 https://dl.google.com/linux/chrome-stable/deb stable InRelease [2548 B]
2026-09-15T13:46:09.9371070Z Get:31 https://dl.google.com/linux/chrome-stable/deb stable/main amd64 Packages [1415 B]
2026-09-15T13:46:13.3621414Z Fetched 3855 kB in 0s (10.3 MB/s)
2026-09-15T13:46:13.8903003Z Reading package lists...
2026-09-15T13:46:13.9146656Z Reading package lists...
2026-09-15T13:46:14.0015543Z Building dependency tree...
2026-09-15T13:46:14.0020491Z Reading state information...
2026-09-15T13:46:14.0299434Z bubblewrap is already the newest version (0.11.1-1ubuntu0.1).
2026-09-15T13:46:14.0300075Z bubblewrap set to manually installed.
2026-09-15T13:46:14.0301037Z apparmor is already the newest version (5.0.2-0ubuntu1~26.04.1).
2026-09-15T13:46:14.0301633Z apparmor set to manually installed.
2026-09-15T13:46:14.0302306Z libapparmor1 is already the newest version (5.0.2-0ubuntu1~26.04.1).
2026-09-15T13:46:14.0302910Z libapparmor1 set to manually installed.
2026-09-15T13:46:14.0303577Z libseccomp2 is already the newest version (2.6.0-2ubuntu5).
2026-09-15T13:46:14.0303993Z libseccomp2 set to manually installed.
2026-09-15T13:46:14.0652882Z Solving dependencies...
2026-09-15T13:46:14.1775421Z 0 upgraded, 0 newly installed, 0 to remove and 73 not upgraded.
2026-09-15T13:46:14.1887899Z apparmor	5.0.2-0ubuntu1~26.04.1
2026-09-15T13:46:14.1888699Z bubblewrap	0.11.1-1ubuntu0.1
2026-09-15T13:46:14.1889286Z libapparmor1:amd64	5.0.2-0ubuntu1~26.04.1
2026-09-15T13:46:14.1889849Z libseccomp2:amd64	2.6.0-2ubuntu5
2026-09-15T13:46:14.1904236Z bubblewrap 0.11.1
2026-09-15T13:46:14.1942434Z ##[group]Run npm ci --prefix apps/web
2026-09-15T13:46:14.1943059Z [36;1mnpm ci --prefix apps/web[0m
2026-09-15T13:46:14.1977867Z shell: /usr/bin/bash -e {0}
2026-09-15T13:46:14.1978171Z env:
2026-09-15T13:46:14.1978499Z   pythonLocation: /opt/hostedtoolcache/Python/3.12.13/x64
2026-09-15T13:46:14.1978941Z   PKG_CONFIG_PATH: /opt/hostedtoolcache/Python/3.12.13/x64/lib/pkgconfig
2026-09-15T13:46:14.1979360Z   Python_ROOT_DIR: /opt/hostedtoolcache/Python/3.12.13/x64
2026-09-15T13:46:14.1979781Z   Python2_ROOT_DIR: /opt/hostedtoolcache/Python/3.12.13/x64
2026-09-15T13:46:14.1980165Z   Python3_ROOT_DIR: /opt/hostedtoolcache/Python/3.12.13/x64
2026-09-15T13:46:14.1980532Z   LD_LIBRARY_PATH: /opt/hostedtoolcache/Python/3.12.13/x64/lib
2026-09-15T13:46:14.1980929Z ##[endgroup]
2026-09-15T13:46:19.3067661Z 
2026-09-15T13:46:19.3068602Z added 236 packages, and audited 237 packages in 5s
2026-09-15T13:46:19.3069246Z 
2026-09-15T13:46:19.3069569Z 118 packages are looking for funding
2026-09-15T13:46:19.3070192Z   run `npm fund` for details
2026-09-15T13:46:19.3078407Z 
2026-09-15T13:46:19.3078613Z found 0 vulnerabilities
2026-09-15T13:46:19.3317901Z ##[group]Run npm --prefix apps/web exec -- playwright install --with-deps chromium
2026-09-15T13:46:19.3318514Z [36;1mnpm --prefix apps/web exec -- playwright install --with-deps chromium[0m
2026-09-15T13:46:19.3357336Z shell: /usr/bin/bash -e {0}
2026-09-15T13:46:19.3357661Z env:
2026-09-15T13:46:19.3358037Z   pythonLocation: /opt/hostedtoolcache/Python/3.12.13/x64
2026-09-15T13:46:19.3358509Z   PKG_CONFIG_PATH: /opt/hostedtoolcache/Python/3.12.13/x64/lib/pkgconfig
2026-09-15T13:46:19.3358944Z   Python_ROOT_DIR: /opt/hostedtoolcache/Python/3.12.13/x64
2026-09-15T13:46:19.3359365Z   Python2_ROOT_DIR: /opt/hostedtoolcache/Python/3.12.13/x64
2026-09-15T13:46:19.3359757Z   Python3_ROOT_DIR: /opt/hostedtoolcache/Python/3.12.13/x64
2026-09-15T13:46:19.3360161Z   LD_LIBRARY_PATH: /opt/hostedtoolcache/Python/3.12.13/x64/lib
2026-09-15T13:46:19.3360502Z ##[endgroup]
2026-09-15T13:46:19.8992855Z Installing dependencies...
2026-09-15T13:46:19.9065954Z Switching to root user to install dependencies...
2026-09-15T13:46:19.9727594Z Get:1 file:/etc/apt/apt-mirrors.txt Mirrorlist [144 B]
2026-09-15T13:46:20.0106989Z Hit:6 https://packages.microsoft.com/ubuntu/26.04/prod resolute InRelease
2026-09-15T13:46:20.0113144Z Hit:2 http://azure.archive.ubuntu.com/ubuntu resolute InRelease
2026-09-15T13:46:20.0121169Z Hit:3 http://azure.archive.ubuntu.com/ubuntu resolute-updates InRelease
2026-09-15T13:46:20.0136181Z Hit:4 http://azure.archive.ubuntu.com/ubuntu resolute-backports InRelease
2026-09-15T13:46:20.0142344Z Hit:5 http://azure.archive.ubuntu.com/ubuntu resolute-security InRelease
2026-09-15T13:46:20.1537755Z Hit:7 https://dl.google.com/linux/chrome-stable/deb stable InRelease
2026-09-15T13:46:20.7790223Z Reading package lists...
2026-09-15T13:46:20.7975610Z Reading package lists...
2026-09-15T13:46:20.8832564Z Building dependency tree...
2026-09-15T13:46:20.8837688Z Reading state information...
2026-09-15T13:46:20.9110705Z libasound2t64 is already the newest version (1.2.15.3-1ubuntu1.1).
2026-09-15T13:46:20.9111943Z libasound2t64 set to manually installed.
2026-09-15T13:46:20.9112788Z libatk-bridge2.0-0t64 is already the newest version (2.60.4-0ubuntu0.1).
2026-09-15T13:46:20.9113556Z libatk-bridge2.0-0t64 set to manually installed.
2026-09-15T13:46:20.9114266Z libatk1.0-0t64 is already the newest version (2.60.4-0ubuntu0.1).
2026-09-15T13:46:20.9115191Z libatk1.0-0t64 set to manually installed.
2026-09-15T13:46:20.9115933Z libatspi2.0-0t64 is already the newest version (2.60.4-0ubuntu0.1).
2026-09-15T13:46:20.9116658Z libatspi2.0-0t64 set to manually installed.
2026-09-15T13:46:20.9117286Z libcairo2 is already the newest version (1.18.4-3).
2026-09-15T13:46:20.9117842Z libcairo2 set to manually installed.
2026-09-15T13:46:20.9118532Z libcups2t64 is already the newest version (2.4.16-1ubuntu1.3).
2026-09-15T13:46:20.9119251Z libcups2t64 set to manually installed.
2026-09-15T13:46:20.9119922Z libdbus-1-3 is already the newest version (1.16.2-2ubuntu4).
2026-09-15T13:46:20.9120571Z libdbus-1-3 set to manually installed.
2026-09-15T13:46:20.9121138Z libdrm2 is already the newest version (2.4.131-1).
2026-09-15T13:46:20.9121771Z libdrm2 set to manually installed.
2026-09-15T13:46:20.9122461Z libgbm1 is already the newest version (26.0.8-1ubuntu0.3).
2026-09-15T13:46:20.9123102Z libgbm1 set to manually installed.
2026-09-15T13:46:20.9123708Z libglib2.0-0t64 is already the newest version (2.88.0-1).
2026-09-15T13:46:20.9124324Z libglib2.0-0t64 set to manually installed.
2026-09-15T13:46:20.9125246Z libnspr4 is already the newest version (2:4.38.2-1ubuntu1).
2026-09-15T13:46:20.9125917Z libnspr4 set to manually installed.
2026-09-15T13:46:20.9126626Z libnss3 is already the newest version (2:3.120-1ubuntu2.1).
2026-09-15T13:46:20.9127238Z libnss3 set to manually installed.
2026-09-15T13:46:20.9127837Z libpango-1.0-0 is already the newest version (1.57.0-1).
2026-09-15T13:46:20.9128519Z libpango-1.0-0 set to manually installed.
2026-09-15T13:46:20.9129174Z libx11-6 is already the newest version (2:1.8.13-1).
2026-09-15T13:46:20.9130150Z libx11-6 set to manually installed.
2026-09-15T13:46:20.9130779Z libxcb1 is already the newest version (1.17.0-2ubuntu1).
2026-09-15T13:46:20.9131377Z libxcb1 set to manually installed.
2026-09-15T13:46:20.9132131Z libxcomposite1 is already the newest version (1:0.4.6-1build1).
2026-09-15T13:46:20.9132775Z libxcomposite1 set to manually installed.
2026-09-15T13:46:20.9133455Z libxdamage1 is already the newest version (1:1.1.7-1).
2026-09-15T13:46:20.9134016Z libxdamage1 set to manually installed.
2026-09-15T13:46:20.9134613Z libxext6 is already the newest version (2:1.3.4-1build3).
2026-09-15T13:46:20.9135420Z libxext6 set to manually installed.
2026-09-15T13:46:20.9135985Z libxfixes3 is already the newest version (1:6.0.0-2build2).
2026-09-15T13:46:20.9136589Z libxfixes3 set to manually installed.
2026-09-15T13:46:20.9137247Z libxkbcommon0 is already the newest version (1.13.1-1).
2026-09-15T13:46:20.9137827Z libxkbcommon0 set to manually installed.
2026-09-15T13:46:20.9138561Z libxrandr2 is already the newest version (2:1.5.4-1build1).
2026-09-15T13:46:20.9139133Z libxrandr2 set to manually installed.
2026-09-15T13:46:20.9139746Z xvfb is already the newest version (2:21.1.22-1ubuntu1).
2026-09-15T13:46:20.9140552Z fonts-noto-color-emoji is already the newest version (2.051-1build1).
2026-09-15T13:46:20.9141328Z libfontconfig1 is already the newest version (2.17.1-3ubuntu1).
2026-09-15T13:46:20.9142055Z libfontconfig1 set to manually installed.
2026-09-15T13:46:20.9142736Z libfreetype6 is already the newest version (2.14.2+dfsg-1ubuntu0.1).
2026-09-15T13:46:20.9143414Z libfreetype6 set to manually installed.
2026-09-15T13:46:20.9144309Z fonts-liberation is already the newest version (1:2.1.5-3build1).
2026-09-15T13:46:20.9145081Z fonts-liberation set to manually installed.
2026-09-15T13:46:20.9447038Z Solving dependencies...
2026-09-15T13:46:21.0225738Z The following additional packages will be installed:
2026-09-15T13:46:21.0226801Z   xfonts-encodings xfonts-utils
2026-09-15T13:46:21.0232670Z Recommended packages:
2026-09-15T13:46:21.0233315Z   fonts-ipafont-mincho fonts-tlwg-loma
2026-09-15T13:46:21.0364458Z The following NEW packages will be installed:
2026-09-15T13:46:21.0365820Z   fonts-freefont-ttf fonts-ipafont-gothic fonts-tlwg-loma-otf fonts-unifont
2026-09-15T13:46:21.0370920Z   fonts-wqy-zenhei xfonts-cyrillic xfonts-encodings xfonts-scalable
2026-09-15T13:46:21.0371659Z   xfonts-utils
2026-09-15T13:46:21.0534014Z 0 upgraded, 9 newly installed, 0 to remove and 73 not upgraded.
2026-09-15T13:46:21.0534621Z Need to get 21.9 MB of archives.
2026-09-15T13:46:21.0535415Z After this operation, 80.2 MB of additional disk space will be used.
2026-09-15T13:46:21.0536031Z Get:1 file:/etc/apt/apt-mirrors.txt Mirrorlist [144 B]
2026-09-15T13:46:21.1117016Z Get:2 http://azure.archive.ubuntu.com/ubuntu resolute/universe amd64v3 fonts-ipafont-gothic all 00303-23ubuntu1 [3703 kB]
2026-09-15T13:46:21.1913813Z Get:3 http://azure.archive.ubuntu.com/ubuntu resolute/main amd64v3 fonts-freefont-ttf all 20211204+svn4273-4build1 [5656 kB]
2026-09-15T13:46:21.2951897Z Get:4 http://azure.archive.ubuntu.com/ubuntu resolute/universe amd64v3 fonts-tlwg-loma-otf all 1:0.7.3-1build1 [106 kB]
2026-09-15T13:46:21.3301214Z Get:5 http://azure.archive.ubuntu.com/ubuntu resolute/universe amd64v3 fonts-unifont all 1:16.0.04-1build1 [3169 kB]
2026-09-15T13:46:21.4006823Z Get:6 http://azure.archive.ubuntu.com/ubuntu resolute/universe amd64v3 fonts-wqy-zenhei all 0.9.45-8build1 [7863 kB]
2026-09-15T13:46:21.5134328Z Get:7 http://azure.archive.ubuntu.com/ubuntu resolute/main amd64v3 xfonts-encodings all 1:1.0.5-0ubuntu3 [576 kB]
2026-09-15T13:46:21.5502138Z Get:8 http://azure.archive.ubuntu.com/ubuntu resolute/main amd64v3 xfonts-utils amd64 1:7.7+7build1 [97.3 kB]
2026-09-15T13:46:21.5852107Z Get:9 http://azure.archive.ubuntu.com/ubuntu resolute/universe amd64v3 xfonts-cyrillic all 1:1.0.5+nmu1build1 [384 kB]
2026-09-15T13:46:21.6211099Z Get:10 http://azure.archive.ubuntu.com/ubuntu resolute/universe amd64v3 xfonts-scalable all 1:1.0.3-1.3build1 [304 kB]
2026-09-15T13:46:21.8822223Z Fetched 21.9 MB in 1s (37.8 MB/s)
2026-09-15T13:46:21.9367442Z Selecting previously unselected package fonts-ipafont-gothic.
2026-09-15T13:46:21.9571323Z (Reading database ... 
2026-09-15T13:46:21.9571899Z (Reading database ... 5%
2026-09-15T13:46:21.9572382Z (Reading database ... 10%
2026-09-15T13:46:21.9572740Z (Reading database ... 15%
2026-09-15T13:46:21.9573166Z (Reading database ... 20%
2026-09-15T13:46:21.9573727Z (Reading database ... 25%
2026-09-15T13:46:21.9574253Z (Reading database ... 30%
2026-09-15T13:46:21.9574771Z (Reading database ... 35%
2026-09-15T13:46:21.9575414Z (Reading database ... 40%
2026-09-15T13:46:21.9575897Z (Reading database ... 45%
2026-09-15T13:46:21.9576385Z (Reading database ... 50%
2026-09-15T13:46:22.0454071Z (Reading database ... 55%
2026-09-15T13:46:22.2007997Z (Reading database ... 60%
2026-09-15T13:46:22.3456346Z (Reading database ... 65%
2026-09-15T13:46:22.5119028Z (Reading database ... 70%
2026-09-15T13:46:22.7091175Z (Reading database ... 75%
2026-09-15T13:46:22.7966544Z (Reading database ... 80%
2026-09-15T13:46:22.9023927Z (Reading database ... 85%
2026-09-15T13:46:23.0553275Z (Reading database ... 90%
2026-09-15T13:46:23.1703708Z (Reading database ... 95%
2026-09-15T13:46:23.1704288Z (Reading database ... 100%
2026-09-15T13:46:23.1704945Z (Reading database ... 209256 files and directories currently installed.)
2026-09-15T13:46:23.1744533Z Preparing to unpack .../0-fonts-ipafont-gothic_00303-23ubuntu1_all.deb ...
2026-09-15T13:46:23.2077639Z Unpacking fonts-ipafont-gothic (00303-23ubuntu1) ...
2026-09-15T13:46:23.6727867Z Selecting previously unselected package fonts-freefont-ttf.
2026-09-15T13:46:23.6843141Z Preparing to unpack .../1-fonts-freefont-ttf_20211204+svn4273-4build1_all.deb ...
2026-09-15T13:46:23.7140230Z Unpacking fonts-freefont-ttf (20211204+svn4273-4build1) ...
2026-09-15T13:46:24.3624308Z Selecting previously unselected package fonts-tlwg-loma-otf.
2026-09-15T13:46:24.3740331Z Preparing to unpack .../2-fonts-tlwg-loma-otf_1%3a0.7.3-1build1_all.deb ...
2026-09-15T13:46:24.4623726Z Unpacking fonts-tlwg-loma-otf (1:0.7.3-1build1) ...
2026-09-15T13:46:24.5939700Z Selecting previously unselected package fonts-unifont.
2026-09-15T13:46:24.6053495Z Preparing to unpack .../3-fonts-unifont_1%3a16.0.04-1build1_all.deb ...
2026-09-15T13:46:24.6129335Z Unpacking fonts-unifont (1:16.0.04-1build1) ...
2026-09-15T13:46:25.2141419Z Selecting previously unselected package fonts-wqy-zenhei.
2026-09-15T13:46:25.2260253Z Preparing to unpack .../4-fonts-wqy-zenhei_0.9.45-8build1_all.deb ...
2026-09-15T13:46:25.3523924Z Unpacking fonts-wqy-zenhei (0.9.45-8build1) ...
2026-09-15T13:46:25.7029840Z Selecting previously unselected package xfonts-encodings.
2026-09-15T13:46:25.7143691Z Preparing to unpack .../5-xfonts-encodings_1%3a1.0.5-0ubuntu3_all.deb ...
2026-09-15T13:46:25.7424014Z Unpacking xfonts-encodings (1:1.0.5-0ubuntu3) ...
2026-09-15T13:46:26.0823505Z Selecting previously unselected package xfonts-utils.
2026-09-15T13:46:26.0942367Z Preparing to unpack .../6-xfonts-utils_1%3a7.7+7build1_amd64v3.deb ...
2026-09-15T13:46:26.1223992Z Unpacking xfonts-utils (1:7.7+7build1) ...
2026-09-15T13:46:26.6033935Z Selecting previously unselected package xfonts-cyrillic.
2026-09-15T13:46:26.6147529Z Preparing to unpack .../7-xfonts-cyrillic_1%3a1.0.5+nmu1build1_all.deb ...
2026-09-15T13:46:26.6232470Z Unpacking xfonts-cyrillic (1:1.0.5+nmu1build1) ...
2026-09-15T13:46:27.4429914Z Selecting previously unselected package xfonts-scalable.
2026-09-15T13:46:27.4543662Z Preparing to unpack .../8-xfonts-scalable_1%3a1.0.3-1.3build1_all.deb ...
2026-09-15T13:46:27.4635798Z Unpacking xfonts-scalable (1:1.0.3-1.3build1) ...
2026-09-15T13:46:27.6888750Z Setting up fonts-wqy-zenhei (0.9.45-8build1) ...
2026-09-15T13:46:27.9331943Z Setting up fonts-freefont-ttf (20211204+svn4273-4build1) ...
2026-09-15T13:46:27.9629724Z Setting up fonts-tlwg-loma-otf (1:0.7.3-1build1) ...
2026-09-15T13:46:28.2922348Z Setting up xfonts-encodings (1:1.0.5-0ubuntu3) ...
2026-09-15T13:46:28.6124224Z Setting up fonts-ipafont-gothic (00303-23ubuntu1) ...
2026-09-15T13:46:28.6860002Z update-alternatives: using /usr/share/fonts/opentype/ipafont-gothic/ipag.ttf to provide /usr/share/fonts/truetype/fonts-japanese-gothic.ttf (fonts-japanese-gothic.ttf) in auto mode
2026-09-15T13:46:29.0725936Z Setting up fonts-unifont (1:16.0.04-1build1) ...
2026-09-15T13:46:29.1652755Z Setting up xfonts-utils (1:7.7+7build1) ...
2026-09-15T13:46:29.1717804Z Setting up xfonts-cyrillic (1:1.0.5+nmu1build1) ...
2026-09-15T13:46:29.2059495Z Setting up xfonts-scalable (1:1.0.3-1.3build1) ...
2026-09-15T13:46:29.2355435Z Processing triggers for man-db (2.13.1-1build1) ...
2026-09-15T13:46:29.2375981Z Not building database; man-db/auto-update is not 'true'.
2026-09-15T13:46:29.2392864Z Processing triggers for fontconfig (2.17.1-3ubuntu1) ...
2026-09-15T13:46:29.8043543Z 
2026-09-15T13:46:29.8044490Z Running kernel seems to be up-to-date.
2026-09-15T13:46:29.8045266Z 
2026-09-15T13:46:29.8045500Z Restarting services...
2026-09-15T13:46:29.8105379Z 
2026-09-15T13:46:29.8105930Z Service restarts being deferred:
2026-09-15T13:46:29.8108421Z  systemctl restart hosted-compute-agent.service
2026-09-15T13:46:29.8108758Z 
2026-09-15T13:46:29.8109076Z No containers need to be restarted.
2026-09-15T13:46:29.8109320Z 
2026-09-15T13:46:29.8109491Z No user sessions are running outdated binaries.
2026-09-15T13:46:29.8109697Z 
2026-09-15T13:46:29.8109938Z No VM guests are running outdated hypervisor (qemu) binaries on this host.
2026-09-15T13:46:30.5404152Z Downloading Chrome for Testing 153.0.8010.12 (playwright chromium v1243) from https://cdn.playwright.dev/builds/cft/153.0.8010.12/linux64/chrome-linux64.zip
2026-09-15T13:46:30.9607450Z |                                                                                |   0% of 186.8 MiB
2026-09-15T13:46:31.1588752Z |■■■■■■■■                                                                        |  10% of 186.8 MiB
2026-09-15T13:46:31.4692341Z |■■■■■■■■■■■■■■■■                                                                |  20% of 186.8 MiB
2026-09-15T13:46:31.7820686Z |■■■■■■■■■■■■■■■■■■■■■■■■                                                        |  30% of 186.8 MiB
2026-09-15T13:46:31.9171863Z |■■■■■■■■■■■■■■■■■■■■■■■■■■■■■■■■                                                |  40% of 186.8 MiB
2026-09-15T13:46:32.0737877Z |■■■■■■■■■■■■■■■■■■■■■■■■■■■■■■■■■■■■■■■■                                        |  50% of 186.8 MiB
2026-09-15T13:46:32.2436276Z |■■■■■■■■■■■■■■■■■■■■■■■■■■■■■■■■■■■■■■■■■■■■■■■■                                |  60% of 186.8 MiB
2026-09-15T13:46:32.4890006Z |■■■■■■■■■■■■■■■■■■■■■■■■■■■■■■■■■■■■■■■■■■■■■■■■■■■■■■■■                        |  70% of 186.8 MiB
2026-09-15T13:46:32.7026758Z |■■■■■■■■■■■■■■■■■■■■■■■■■■■■■■■■■■■■■■■■■■■■■■■■■■■■■■■■■■■■■■■■                |  80% of 186.8 MiB
2026-09-15T13:46:32.8468640Z |■■■■■■■■■■■■■■■■■■■■■■■■■■■■■■■■■■■■■■■■■■■■■■■■■■■■■■■■■■■■■■■■■■■■■■■■        |  90% of 186.8 MiB
2026-09-15T13:46:32.9977089Z |■■■■■■■■■■■■■■■■■■■■■■■■■■■■■■■■■■■■■■■■■■■■■■■■■■■■■■■■■■■■■■■■■■■■■■■■■■■■■■■■| 100% of 186.8 MiB
2026-09-15T13:46:35.7663519Z Chrome for Testing 153.0.8010.12 (playwright chromium v1243) downloaded to <private-home>/.cache/ms-playwright/chromium-1243
2026-09-15T13:46:35.7666692Z Downloading FFmpeg (playwright ffmpeg v1011) from https://cdn.playwright.dev/dbazure/download/playwright/builds/ffmpeg/1011/ffmpeg-linux.zip
2026-09-15T13:46:36.2779264Z |                                                                                |   0% of 2.3 MiB
2026-09-15T13:46:36.3285404Z |■■■■■■■■                                                                        |  10% of 2.3 MiB
2026-09-15T13:46:36.3491375Z |■■■■■■■■■■■■■■■■                                                                |  20% of 2.3 MiB
2026-09-15T13:46:36.3632647Z |■■■■■■■■■■■■■■■■■■■■■■■■                                                        |  30% of 2.3 MiB
2026-09-15T13:46:36.3738646Z |■■■■■■■■■■■■■■■■■■■■■■■■■■■■■■■■                                                |  40% of 2.3 MiB
2026-09-15T13:46:36.3795930Z |■■■■■■■■■■■■■■■■■■■■■■■■■■■■■■■■■■■■■■■■                                        |  50% of 2.3 MiB
2026-09-15T13:46:36.3861358Z |■■■■■■■■■■■■■■■■■■■■■■■■■■■■■■■■■■■■■■■■■■■■■■■■                                |  60% of 2.3 MiB
2026-09-15T13:46:36.3915288Z |■■■■■■■■■■■■■■■■■■■■■■■■■■■■■■■■■■■■■■■■■■■■■■■■■■■■■■■■                        |  70% of 2.3 MiB
2026-09-15T13:46:36.3956350Z |■■■■■■■■■■■■■■■■■■■■■■■■■■■■■■■■■■■■■■■■■■■■■■■■■■■■■■■■■■■■■■■■                |  80% of 2.3 MiB
2026-09-15T13:46:36.3998445Z |■■■■■■■■■■■■■■■■■■■■■■■■■■■■■■■■■■■■■■■■■■■■■■■■■■■■■■■■■■■■■■■■■■■■■■■■        |  90% of 2.3 MiB
2026-09-15T13:46:36.4039240Z |■■■■■■■■■■■■■■■■■■■■■■■■■■■■■■■■■■■■■■■■■■■■■■■■■■■■■■■■■■■■■■■■■■■■■■■■■■■■■■■■| 100% of 2.3 MiB
2026-09-15T13:46:36.4531988Z FFmpeg (playwright ffmpeg v1011) downloaded to <private-home>/.cache/ms-playwright/ffmpeg-1011
2026-09-15T13:46:36.4534644Z Downloading Chrome Headless Shell 153.0.8010.12 (playwright chromium-headless-shell v1243) from https://cdn.playwright.dev/builds/cft/153.0.8010.12/linux64/chrome-headless-shell-linux64.zip
2026-09-15T13:46:36.8759064Z |                                                                                |   0% of 114.3 MiB
2026-09-15T13:46:37.0318489Z |■■■■■■■■                                                                        |  10% of 114.3 MiB
2026-09-15T13:46:37.1155834Z |■■■■■■■■■■■■■■■■                                                                |  20% of 114.3 MiB
2026-09-15T13:46:37.2028195Z |■■■■■■■■■■■■■■■■■■■■■■■■                                                        |  30% of 114.3 MiB
2026-09-15T13:46:37.2641401Z |■■■■■■■■■■■■■■■■■■■■■■■■■■■■■■■■                                                |  40% of 114.3 MiB
2026-09-15T13:46:37.3295975Z |■■■■■■■■■■■■■■■■■■■■■■■■■■■■■■■■■■■■■■■■                                        |  50% of 114.3 MiB
2026-09-15T13:46:37.4254045Z |■■■■■■■■■■■■■■■■■■■■■■■■■■■■■■■■■■■■■■■■■■■■■■■■                                |  60% of 114.3 MiB
2026-09-15T13:46:37.5610314Z |■■■■■■■■■■■■■■■■■■■■■■■■■■■■■■■■■■■■■■■■■■■■■■■■■■■■■■■■                        |  70% of 114.3 MiB
2026-09-15T13:46:37.6329470Z |■■■■■■■■■■■■■■■■■■■■■■■■■■■■■■■■■■■■■■■■■■■■■■■■■■■■■■■■■■■■■■■■                |  80% of 114.3 MiB
2026-09-15T13:46:37.6984758Z |■■■■■■■■■■■■■■■■■■■■■■■■■■■■■■■■■■■■■■■■■■■■■■■■■■■■■■■■■■■■■■■■■■■■■■■■        |  90% of 114.3 MiB
2026-09-15T13:46:37.7860557Z |■■■■■■■■■■■■■■■■■■■■■■■■■■■■■■■■■■■■■■■■■■■■■■■■■■■■■■■■■■■■■■■■■■■■■■■■■■■■■■■■| 100% of 114.3 MiB
2026-09-15T13:46:39.8101926Z Chrome Headless Shell 153.0.8010.12 (playwright chromium-headless-shell v1243) downloaded to <private-home>/.cache/ms-playwright/chromium_headless_shell-1243
2026-09-15T13:46:39.8350267Z ##[group]Run make build
2026-09-15T13:46:39.8350580Z [36;1mmake build[0m
2026-09-15T13:46:39.8385487Z shell: /usr/bin/bash -e {0}
2026-09-15T13:46:39.8385860Z env:
2026-09-15T13:46:39.8386191Z   pythonLocation: /opt/hostedtoolcache/Python/3.12.13/x64
2026-09-15T13:46:39.8386699Z   PKG_CONFIG_PATH: /opt/hostedtoolcache/Python/3.12.13/x64/lib/pkgconfig
2026-09-15T13:46:39.8387204Z   Python_ROOT_DIR: /opt/hostedtoolcache/Python/3.12.13/x64
2026-09-15T13:46:39.8387618Z   Python2_ROOT_DIR: /opt/hostedtoolcache/Python/3.12.13/x64
2026-09-15T13:46:39.8388027Z   Python3_ROOT_DIR: /opt/hostedtoolcache/Python/3.12.13/x64
2026-09-15T13:46:39.8388438Z   LD_LIBRARY_PATH: /opt/hostedtoolcache/Python/3.12.13/x64/lib
2026-09-15T13:46:39.8388801Z ##[endgroup]
2026-09-15T13:46:39.8465574Z bash scripts/node.sh npm --prefix apps/web run build
2026-09-15T13:46:39.9313960Z 
2026-09-15T13:46:39.9314547Z > @learning-workbench/web@0.1.0 build
2026-09-15T13:46:39.9315278Z > tsc --noEmit && vite build
2026-09-15T13:46:39.9315629Z 
2026-09-15T13:46:40.9100662Z [36mvite v8.3.0 [32mbuilding client environment for production...[36m[39m
2026-09-15T13:46:40.9178646Z transforming...
2026-09-15T13:46:41.0821637Z ✓ 717 modules transformed.
2026-09-15T13:46:41.1842476Z rendering chunks...
2026-09-15T13:46:41.3069287Z computing gzip size...
2026-09-15T13:46:41.3551125Z dist/index.html                       0.41 kB │ gzip:     0.32 kB
2026-09-15T13:46:41.3551864Z dist/assets/index-iEAos8Rd.css       38.42 kB │ gzip:     8.15 kB
2026-09-15T13:46:41.3552723Z dist/assets/index-CO72SUTB.js     1,060.35 kB │ gzip:   240.50 kB
2026-09-15T13:46:41.3553320Z dist/assets/Markdown-DIC_xS_k.js  2,939.32 kB │ gzip: 1,098.70 kB
2026-09-15T13:46:41.3553615Z 
2026-09-15T13:46:41.3554714Z [32m✓ built in 445ms[39m
2026-09-15T13:46:41.3560361Z [33m[plugin builtin:vite-reporter] 
2026-09-15T13:46:41.3561123Z (!) Some chunks are larger than 500 kB after minification. Consider:
2026-09-15T13:46:41.3561950Z - Using dynamic import() to code-split the application
2026-09-15T13:46:41.3562927Z - Use build.rolldownOptions.output.codeSplitting to improve chunking: https://rolldown.rs/reference/OutputOptions.codeSplitting
2026-09-15T13:46:41.3563987Z - Adjust chunk size limit for this warning via build.chunkSizeWarningLimit.[39m
2026-09-15T13:46:41.3772306Z ##[group]Run make test-e2e
2026-09-15T13:46:41.3772632Z [36;1mmake test-e2e[0m
2026-09-15T13:46:41.3807116Z shell: /usr/bin/bash -e {0}
2026-09-15T13:46:41.3807427Z env:
2026-09-15T13:46:41.3807831Z   pythonLocation: /opt/hostedtoolcache/Python/3.12.13/x64
2026-09-15T13:46:41.3808296Z   PKG_CONFIG_PATH: /opt/hostedtoolcache/Python/3.12.13/x64/lib/pkgconfig
2026-09-15T13:46:41.3808799Z   Python_ROOT_DIR: /opt/hostedtoolcache/Python/3.12.13/x64
2026-09-15T13:46:41.3809261Z   Python2_ROOT_DIR: /opt/hostedtoolcache/Python/3.12.13/x64
2026-09-15T13:46:41.3809659Z   Python3_ROOT_DIR: /opt/hostedtoolcache/Python/3.12.13/x64
2026-09-15T13:46:41.3810096Z   LD_LIBRARY_PATH: /opt/hostedtoolcache/Python/3.12.13/x64/lib
2026-09-15T13:46:41.3810562Z   LEARNING_E2E_OUTPUT_DIR: <private-home>/work/_temp/learning-workbench-e2e-results
2026-09-15T13:46:41.3811013Z ##[endgroup]
2026-09-15T13:46:41.3875373Z bash scripts/node.sh npm --prefix apps/web run test:e2e
2026-09-15T13:46:41.4718635Z 
2026-09-15T13:46:41.4719378Z > @learning-workbench/web@0.1.0 test:e2e
2026-09-15T13:46:41.4720079Z > playwright test --config ../../tests/e2e/playwright.config.ts
2026-09-15T13:46:41.4720486Z 
2026-09-15T13:46:43.2406718Z [WebServer] INFO:     Started server process [2963]
2026-09-15T13:46:43.2408282Z [WebServer] INFO:     Waiting for application startup.
2026-09-15T13:46:43.3290775Z [WebServer] INFO:     Application startup complete.
2026-09-15T13:46:43.3306348Z [WebServer] INFO:     Uvicorn running on http://127.0.0.1:8765 (Press CTRL+C to quit)
2026-09-15T13:46:45.1489356Z 
2026-09-15T13:46:45.1490515Z Running 90 tests using 1 worker
2026-09-15T13:46:45.1490933Z 
2026-09-15T13:47:29.6574091Z   ✓   1 ../../tests/e2e/assessment-restart.spec.ts:43:1 › same assessment instance rejects forged course and assessment hashes while its independent policy remains active (44.2s)
2026-09-15T13:47:46.1579613Z   ✓   2 ../../tests/e2e/assessment-restart.spec.ts:112:1 › actual browser and API restarts retain independent drafts and keep old solution receipts protected after submission (16.5s)
2026-09-15T13:47:54.9581513Z   ✓   3 ../../tests/e2e/assessments.spec.ts:41:1 › real unreviewed independent assessment saves five types and submits without fabricated grades or answer calls (8.8s)
2026-09-15T13:48:05.3776817Z   ✓   4 ../../tests/e2e/assessments.spec.ts:90:1 › open-book and assisted freeze actual policies; explicit abandon retains saved answers and yields no score (10.4s)
2026-09-15T13:48:16.6110493Z   ✓   5 ../../tests/e2e/assessments.spec.ts:109:1 › two profiles retain a real server CAS conflict with three-way comparison and reject forged same-identity parent (11.1s)
2026-09-15T13:48:22.1192271Z   ✓   6 ../../tests/e2e/assessments.spec.ts:138:1 › missing private binding visibly blocks start instead of fabricating a usable test (5.5s)
2026-09-15T13:48:35.3760574Z   ✓   7 ../../tests/e2e/assessments.spec.ts:145:1 › two pages preserve independent local CAS candidates; a later submitted snapshot never accepts restored edits (13.3s)
2026-09-15T13:48:45.2327107Z   ✓   8 ../../tests/e2e/assessments.spec.ts:251:1 › late redacted Workbench save uses its original ETag and retains hidden selection after explicit three-way choice (9.8s)
2026-09-15T13:48:54.7275518Z   ✓   9 ../../tests/e2e/assessments.spec.ts:295:1 › a genuine solution response held in flight cannot appear after another page starts an open-book assessment (9.5s)
2026-09-15T13:48:59.5459819Z 
2026-09-15T13:48:59.5478509Z   ✓  10 ../../tests/e2e/document-imports.spec.ts:87:1 › real two-page PDF keeps exact page citations, guarded original bytes and explicit fidelity approval (4.8s)
2026-09-15T13:49:03.9979157Z 
2026-09-15T13:49:04.0012405Z   ✓  11 ../../tests/e2e/document-imports.spec.ts:127:1 › real DOCX safe text stays readable for learner while original bytes require an explicit author role (4.4s)
2026-09-15T13:49:07.6885840Z 
2026-09-15T13:49:07.6951466Z   ✓  12 ../../tests/e2e/document-imports.spec.ts:202:1 › a real scanned PDF fails without invented text or OCR and its local original is checked explicitly after reload (3.7s)
2026-09-15T13:49:10.9618066Z 
2026-09-15T13:49:10.9623178Z   ✓  13 ../../tests/e2e/document-imports.spec.ts:236:3 › real encrypted.pdf extraction failure remains blocked and preserves its original hash (3.3s)
2026-09-15T13:49:13.9095573Z 
2026-09-15T13:49:13.9116599Z   ✓  14 ../../tests/e2e/document-imports.spec.ts:236:3 › real malformed.docx extraction failure remains blocked and preserves its original hash (2.9s)
2026-09-15T13:49:22.9552060Z   ✓  15 ../../tests/e2e/grading-recovery.spec.ts:57:1 › a real failed regrade survives reload and can recover from the last actual grade without losing the old submission (9.0s)
2026-09-15T13:49:35.5222041Z   ✓  16 ../../tests/e2e/grading-restart.spec.ts:50:1 › real browser and API restarts preserve the submitted answers, signed review and both grading revisions (12.6s)
2026-09-15T13:49:46.8551932Z   ✓  17 ../../tests/e2e/grading.spec.ts:34:1 › unreviewed original content stays null until an explicit author form creates a signed new grade without altering its reference approval (11.3s)
2026-09-15T13:49:58.6653943Z   ✓  18 ../../tests/e2e/grading.spec.ts:66:1 › two browser profiles keep a stale manual-review baseline through an actual 412 before explicit three-way rebase (11.8s)
2026-09-15T13:50:08.3626058Z   ✓  19 ../../tests/e2e/grading.spec.ts:81:1 › a failed manual request preserves its durable exact command and editable author draft after browser reload (9.7s)
2026-09-15T13:50:10.3990387Z   ✓  20 ../../tests/e2e/import-admission.spec.ts:8:1 › import admission waits for real Policy after UI saved and never replays a rejected click (2.0s)
2026-09-15T13:50:20.7937852Z   ✓  21 ../../tests/e2e/import-admission.spec.ts:65:1 › real independent Policy preserves an open import selection and restores only explicit admission (10.4s)
2026-09-15T13:50:29.3670291Z   ✓  22 ../../tests/e2e/imports-policy.spec.ts:11:1 › an open author import retains its task across independent start and submit but rechecks pending-answer protection before restoring content (8.6s)
2026-09-15T13:50:34.4758394Z   ✓  23 ../../tests/e2e/imports-policy.spec.ts:61:1 › a reselected failed original survives a role-policy pause in memory while decoded text must be checked again (5.1s)
2026-09-15T13:50:38.9254123Z   ✓  24 ../../tests/e2e/imports.spec.ts:111:1 › real Markdown upload stays staged, previews and downloads exact bytes, restores and commits exact course refs (4.4s)
2026-09-15T13:50:42.2647521Z   ✓  25 ../../tests/e2e/imports.spec.ts:190:1 › safe HTML warning requires explicit acceptance and native cancel leaves courses untouched (3.3s)
2026-09-15T13:50:47.1574240Z   ✓  26 ../../tests/e2e/imports.spec.ts:218:1 › UTF-8 text can target a real existing course and creates a newer exact revision (4.9s)
2026-09-15T13:50:50.3260638Z   ✓  27 ../../tests/e2e/imports.spec.ts:234:1 › upload request failure keeps the selected file; preview failure keeps the recovery ID and explicit retry works (3.2s)
2026-09-15T13:50:54.5504257Z 
2026-09-15T13:50:54.5507066Z   ✓  28 ../../tests/e2e/imports.spec.ts:254:1 › author package requires explicit role change and clears the private preview after returning to learner (4.2s)
2026-09-15T13:50:57.7287764Z   ✓  29 ../../tests/e2e/imports.spec.ts:290:1 › a real invalid UTF-8 parse shows a blocking error and cannot be confirmed (3.2s)
2026-09-15T13:51:03.2894625Z 
2026-09-15T13:51:03.2896806Z   ✓  30 ../../tests/e2e/imports.spec.ts:311:1 › local encoding choice preserves the failed original and creates a separately confirmed UTF-8 import (5.5s)
2026-09-15T13:51:08.0621850Z 
2026-09-15T13:51:08.0623897Z   ✓  31 ../../tests/e2e/imports.spec.ts:379:1 › deferred author preview and original responses cannot restore content after the role is lowered (4.8s)
2026-09-15T13:51:20.8607189Z   ✓  32 ../../tests/e2e/learning-state-restart.spec.ts:47:1 › actual browser and API restarts preserve profile candidates, exact route overrides and original reading sources (12.8s)
2026-09-15T13:51:27.0932986Z   ✓  33 ../../tests/e2e/learning-state.spec.ts:12:1 › real self-report persists a lost-ACK command once and never creates independent evidence (6.2s)
2026-09-15T13:51:36.0362737Z   ✓  34 ../../tests/e2e/learning-state.spec.ts:30:1 › actual unreviewed submission stays excluded and its precise sources disappear when another page starts independent work (8.9s)
2026-09-15T13:51:39.7979898Z   ✓  35 ../../tests/e2e/learning-state.spec.ts:45:1 › a quota-failed profile remains mounted when a global command tries to leave it (3.8s)
2026-09-15T13:51:46.2392909Z   ✓  36 ../../tests/e2e/notes-lifecycle.spec.ts:32:1 › a concurrent note move to another block remains recoverable by stable note ID after a real 412 (6.4s)
2026-09-15T13:51:52.6634890Z   ✓  37 ../../tests/e2e/notes-lifecycle.spec.ts:64:1 › soft deleting a server note preserves its unsynced local continuation for explicit recovery (6.4s)
2026-09-15T13:52:00.0791892Z   ✓  38 ../../tests/e2e/practice-restart.spec.ts:20:1 › same practice tab identity rejects changed frozen parent or child hashes and preserves the original session (7.4s)
2026-09-15T13:52:11.9778537Z   ✓  39 ../../tests/e2e/practice-restart.spec.ts:66:1 › actual browser close and API restart retain practice identity, exposure and an unsynced local response (11.9s)
2026-09-15T13:52:19.6241689Z   ✓  40 ../../tests/e2e/practice.spec.ts:26:1 › five real question kinds save and refresh; hints and solutions require explicit exposure; submit is ungraded (7.6s)
2026-09-15T13:52:28.2199797Z   ✓  41 ../../tests/e2e/practice.spec.ts:87:1 › offline recovery keeps the local candidate when session GET was also unavailable and reconnect compares its base (8.6s)
2026-09-15T13:52:37.8937755Z   ✓  42 ../../tests/e2e/practice.spec.ts:113:1 › two real browser profiles produce a server CAS conflict with base local and remote before explicit choice (9.7s)
2026-09-15T13:52:43.8779656Z   ✓  43 ../../tests/e2e/practice.spec.ts:138:1 › missing private solution fails closed and a forged same-identity parent never replaces the existing practice tab (6.0s)
2026-09-15T13:52:55.0185054Z   ✓  44 ../../tests/e2e/practice.spec.ts:159:1 › two pages keep their durable local candidates and closing an unsynced practice requires explicit retention (11.1s)
2026-09-15T13:53:00.1950521Z   ✓  45 ../../tests/e2e/provider-settings.spec.ts:53:1 › real settings persist control configuration and temporary secrets without claiming production generation (5.2s)
2026-09-15T13:53:06.6511467Z   ✓  46 ../../tests/e2e/provider-settings.spec.ts:84:1 › real config lost ACK restores the original command after browser/API restart and reads later current state separately (6.5s)
2026-09-15T13:53:13.3185089Z   ✓  47 ../../tests/e2e/provider-settings.spec.ts:112:1 › actual independent assessment policy keeps settings controls available and denies subject consent reads (6.7s)
2026-09-15T13:53:16.9620108Z   ✓  48 ../../tests/e2e/provider-settings.spec.ts:142:41 › secret controls use an actual newer readback while the parent refresh is held; peer change false (3.6s)
2026-09-15T13:53:20.6426209Z   ✓  49 ../../tests/e2e/provider-settings.spec.ts:142:41 › secret controls use an actual newer readback while the parent refresh is held; peer change true (3.7s)
2026-09-15T13:53:30.8258993Z   ✓  50 ../../tests/e2e/reader-conflict-layout.spec.ts:97:1 › real session conflict preserves the scrolled submitted explanation and requires an explicit comparison choice (10.2s)
2026-09-15T13:53:38.6626343Z   ✓  51 ../../tests/e2e/reader-conflict-layout.spec.ts:178:1 › real session conflict keeps the same enabled assessment input focused and visible in the shortened reader (7.8s)
2026-09-15T13:53:49.6564100Z   ✓  52 ../../tests/e2e/reader-restart.spec.ts:13:1 › actual browser close and API process restart retain imported references, notes, progress and Reader position (11.0s)
2026-09-15T13:53:56.0747418Z   ✓  53 ../../tests/e2e/reader.spec.ts:33:1 › real imported directory, title search, worked-example link, long formula and frozen original download (6.4s)
2026-09-15T13:54:01.8197643Z   ✓  54 ../../tests/e2e/reader.spec.ts:67:1 › second repeated rendered selection preserves exact source codepoints, saves note, edits and soft deletes (5.7s)
2026-09-15T13:54:06.9877469Z   ✓  55 ../../tests/e2e/reader.spec.ts:98:1 › native source keyboard selection creates exact Markdown codepoints without rendered-text guessing (5.1s)
2026-09-15T13:54:14.5300609Z   ✓  56 ../../tests/e2e/reader.spec.ts:123:1 › offline local note recovery and a real concurrent server revision show three-way comparison before CAS save (7.5s)
2026-09-15T13:54:23.0317015Z   ✓  57 ../../tests/e2e/reader.spec.ts:171:1 › historical course revisions stay in separate exact tabs and hash-mismatched links preserve unresolved reference (8.5s)
2026-09-15T13:54:31.4066336Z 
2026-09-15T13:54:31.4088245Z   ✓  58 ../../tests/e2e/reader.spec.ts:209:1 › a private original authorized before a cross-profile role decrease cannot trigger a late browser download (8.4s)
2026-09-15T13:54:41.3117649Z   ✓  59 ../../tests/e2e/recommendations.spec.ts:56:1 › real recommendation decisions recover a lost ACK across browser and API restart without rewriting later decisions or learning facts (9.9s)
2026-09-15T13:54:50.8060549Z   ✓  60 ../../tests/e2e/recommendations.spec.ts:90:1 › real local suggestions cover another imported textbook and open its complete original refs independently of acceptance (9.5s)
2026-09-15T13:55:00.2198273Z   ✓  61 ../../tests/e2e/recommendations.spec.ts:110:1 › real offline and stale decision candidates require explicit 412 correction and current independent policy hides delayed subject sources (9.4s)
2026-09-15T13:55:07.0852320Z   ✓  62 ../../tests/e2e/recommendations.spec.ts:151:1 › a controlled archived fixture makes the real historical recommendation stale and its formerly current UI cannot open the old target (6.9s)
2026-09-15T13:55:14.7434150Z   ✓  63 ../../tests/e2e/responsive-layout.spec.ts:43:1 › narrow layout and submitted explanation remain visible before React resize listeners run (7.6s)
2026-09-15T13:55:35.9606383Z   ✓  64 ../../tests/e2e/retrieval.spec.ts:47:1 › real explicit cold scope, original rebuild Job, complete hits/no match/resource omission and unchanged historical scope (21.2s)
2026-09-15T13:55:51.4099702Z   ✓  65 ../../tests/e2e/review.spec.ts:35:1 › real history and exact material review preserve original submitted text, null scores and a selected old revision after reload (15.4s)
2026-09-15T13:56:02.1165018Z   ✓  66 ../../tests/e2e/review.spec.ts:76:1 › a delayed old review response cannot restore history or academic context after another page starts a real independent attempt (10.7s)
2026-09-15T13:56:05.1518675Z   ✓  67 ../../tests/e2e/route-draft-input.spec.ts:9:60 › native route goal input survives its own initial draft save_first delivery after focus (3.0s)
2026-09-15T13:56:08.1812553Z   ✓  68 ../../tests/e2e/route-draft-input.spec.ts:9:60 › native route goal input survives its own initial draft load_first delivery after focus (3.0s)
2026-09-15T13:56:14.4381375Z   ✓  69 ../../tests/e2e/routes.spec.ts:10:1 › real route creation, reminder, manual false, reordered revision and exact target navigation preserve history (6.2s)
2026-09-15T13:56:18.3015242Z   ✓  70 ../../tests/e2e/workbench-initial-recovery.spec.ts:6:3 › initial workbench recovery keeps the saved lesson and waits for the real session at 1440px (3.9s)
2026-09-15T13:56:22.1271726Z   ✓  71 ../../tests/e2e/workbench-initial-recovery.spec.ts:6:3 › initial workbench recovery keeps the saved lesson and waits for the real session at 390px (3.8s)
2026-09-15T13:56:24.0357213Z   ✓  72 ../../tests/e2e/workbench.spec.ts:5:1 › empty workspace, native bootstrap, four fixed navigation and truthful auxiliary states (1.9s)
2026-09-15T13:56:26.9057253Z   ✓  73 ../../tests/e2e/workbench.spec.ts:22:1 › real keyboard and mouse resize, native drawers, focus return and restored layout (2.9s)
2026-09-15T13:56:30.7718914Z   ✓  74 ../../tests/e2e/workbench.spec.ts:43:1 › object drafts survive preview switches, close choice and browser reload without fake sending (3.9s)
2026-09-15T13:56:36.6376815Z   ✓  75 ../../tests/e2e/workbench.spec.ts:60:1 › server CAS conflict is visible, local object drafts survive and explicit readback recovers (5.8s)
2026-09-15T13:56:40.7950529Z   ✓  76 ../../tests/e2e/workbench.spec.ts:73:1 › offline pending UI is restored after actual connection recovery (4.1s)
2026-09-15T13:56:43.6218643Z   ✓  77 ../../tests/e2e/workbench.spec.ts:85:1 › actual MathJax, no runtime errors, long formula local scrolling, all screenshot sizes (2.8s)
2026-09-15T13:56:50.1633035Z   ✓  78 ../../tests/e2e/workbench.spec.ts:112:1 › two browser pages keep drafts for different objects in native IndexedDB (6.5s)
2026-09-15T13:56:52.7976071Z   ✓  79 ../../tests/e2e/workbench.spec.ts:130:1 › exact reference mismatch stays unresolved and preserves the original snapshot (2.6s)
2026-09-15T13:56:57.0737320Z   ✓  80 ../../tests/e2e/workbench.spec.ts:147:1 › cold lazy renderer restores saved reading offset after the content is ready (4.3s)
2026-09-15T13:57:04.4369673Z   ✓  81 ../../tests/e2e/workbench.spec.ts:167:1 › native concurrent same-object transactions preserve both candidates and expose explicit recovery (7.3s)
2026-09-15T13:57:08.5425623Z   ✓  82 ../../tests/e2e/workbench.spec.ts:200:1 › directory history restores the current course and navigation entry (4.1s)
2026-09-15T13:57:11.8492720Z   ✓  83 ../../tests/e2e/workbench.spec.ts:212:1 › UI cache quota failure stays visibly unsaved until the real server acknowledges (3.3s)
2026-09-15T13:57:15.3147716Z   ✓  84 ../../tests/e2e/workbench.spec.ts:229:1 › offline UI candidates from two pages remain separate on reload (3.4s)
2026-09-15T13:57:21.1062795Z   ✓  85 ../../tests/e2e/workbench.spec.ts:250:1 › quota-only memory candidate with a changed server baseline shows three-way comparison before explicit CAS (5.8s)
2026-09-15T13:57:25.8773921Z   ✓  86 ../../tests/e2e/workbench.spec.ts:283:1 › per-object details and focus survive A to B to A and browser reload after lazy content readiness (4.8s)
2026-09-15T13:57:29.0771646Z   ✓  87 ../../tests/e2e/workbench.spec.ts:302:1 › first unsent-draft conflict shows original, local and stored text before any reload or choice (3.2s)
2026-09-15T13:57:32.8955419Z   ✓  88 ../../tests/e2e/workbench.spec.ts:332:1 › route directory stays honestly empty and continue reading restores the exact last lesson (3.8s)
2026-09-15T13:57:36.1078573Z   ✓  89 ../../tests/e2e/workbench.spec.ts:354:1 › native keyboard selection updates frozen-reference preview and ambiguous source matches are refused (3.2s)
2026-09-15T13:57:39.7734967Z   ✓  90 ../../tests/e2e/zoom.spec.ts:5:1 › real browser 200 percent zoom reflows CSS width through Chrome appearance setting (3.6s)
2026-09-15T13:57:39.8616700Z 
2026-09-15T13:57:39.8624141Z   90 passed (11.0m)
2026-09-15T13:57:39.8876706Z Post job cleanup.
2026-09-15T13:57:40.0036984Z Post job cleanup.
2026-09-15T13:57:40.1159501Z Post job cleanup.
2026-09-15T13:57:40.1927935Z [command]/usr/bin/git version
2026-09-15T13:57:40.1967937Z git version 2.55.0
2026-09-15T13:57:40.2007695Z Temporarily overriding HOME='<private-home>/work/_temp/2e4c6fd4-6f44-4883-a976-a1f649a4f4c2' before making global git config changes
2026-09-15T13:57:40.2008610Z Adding repository directory to the temporary git global config as a safe directory
2026-09-15T13:57:40.2012544Z [command]/usr/bin/git config --global --add safe.directory <private-home>/work/Learning_Workbench/Learning_Workbench
2026-09-15T13:57:40.2040319Z Removing SSH command configuration
2026-09-15T13:57:40.2046015Z [command]/usr/bin/git config --local --name-only --get-regexp core\.sshCommand
2026-09-15T13:57:40.2076214Z [command]/usr/bin/git submodule foreach --recursive sh -c "git config --local --name-only --get-regexp 'core\.sshCommand' && git config --local --unset-all 'core.sshCommand' || :"
2026-09-15T13:57:40.2298515Z Removing HTTP extra header
2026-09-15T13:57:40.2303405Z [command]/usr/bin/git config --local --name-only --get-regexp http\.https\:\/\/github\.com\/\.extraheader
2026-09-15T13:57:40.2348418Z [command]/usr/bin/git submodule foreach --recursive sh -c "git config --local --name-only --get-regexp 'http\.https\:\/\/github\.com\/\.extraheader' && git config --local --unset-all 'http.https://github.com/.extraheader' || :"
2026-09-15T13:57:40.2595615Z Removing includeIf entries pointing to credentials config files
2026-09-15T13:57:40.2602362Z [command]/usr/bin/git config --local --name-only --get-regexp ^includeIf\.gitdir:
2026-09-15T13:57:40.2624147Z includeif.gitdir:<private-home>/work/Learning_Workbench/Learning_Workbench/.git.path
2026-09-15T13:57:40.2625518Z includeif.gitdir:<private-home>/work/Learning_Workbench/Learning_Workbench/.git/worktrees/*.path
2026-09-15T13:57:40.2626607Z includeif.gitdir:/github/workspace/.git.path
2026-09-15T13:57:40.2627520Z includeif.gitdir:/github/workspace/.git/worktrees/*.path
2026-09-15T13:57:40.2633420Z [command]/usr/bin/git config --local --get-all includeif.gitdir:<private-home>/work/Learning_Workbench/Learning_Workbench/.git.path
2026-09-15T13:57:40.2656296Z <private-home>/work/_temp/git-credentials-584755ed-16e7-4e77-a9c3-cf63af2149d6.config
2026-09-15T13:57:40.2663700Z [command]/usr/bin/git config --local --unset includeif.gitdir:<private-home>/work/Learning_Workbench/Learning_Workbench/.git.path \/home\/runner\/work\/_temp\/git\-credentials\-584755ed\-16e7\-4e77\-a9c3\-cf63af2149d6\.config
2026-09-15T13:57:40.2691649Z [command]/usr/bin/git config --local --get-all includeif.gitdir:<private-home>/work/Learning_Workbench/Learning_Workbench/.git/worktrees/*.path
2026-09-15T13:57:40.2711055Z <private-home>/work/_temp/git-credentials-584755ed-16e7-4e77-a9c3-cf63af2149d6.config
2026-09-15T13:57:40.2724039Z [command]/usr/bin/git config --local --unset includeif.gitdir:<private-home>/work/Learning_Workbench/Learning_Workbench/.git/worktrees/*.path \/home\/runner\/work\/_temp\/git\-credentials\-584755ed\-16e7\-4e77\-a9c3\-cf63af2149d6\.config
2026-09-15T13:57:40.2748399Z [command]/usr/bin/git config --local --get-all includeif.gitdir:/github/workspace/.git.path
2026-09-15T13:57:40.2765278Z /github/runner_temp/git-credentials-584755ed-16e7-4e77-a9c3-cf63af2149d6.config
2026-09-15T13:57:40.2771206Z [command]/usr/bin/git config --local --unset includeif.gitdir:/github/workspace/.git.path \/github\/runner_temp\/git\-credentials\-584755ed\-16e7\-4e77\-a9c3\-cf63af2149d6\.config
2026-09-15T13:57:40.2795134Z [command]/usr/bin/git config --local --get-all includeif.gitdir:/github/workspace/.git/worktrees/*.path
2026-09-15T13:57:40.2811729Z /github/runner_temp/git-credentials-584755ed-16e7-4e77-a9c3-cf63af2149d6.config
2026-09-15T13:57:40.2849239Z [command]/usr/bin/git config --local --unset includeif.gitdir:/github/workspace/.git/worktrees/*.path \/github\/runner_temp\/git\-credentials\-584755ed\-16e7\-4e77\-a9c3\-cf63af2149d6\.config
2026-09-15T13:57:40.2872621Z [command]/usr/bin/git submodule foreach --recursive git config --local --show-origin --name-only --get-regexp remote.origin.url
2026-09-15T13:57:40.3061888Z Removing credentials config '<private-home>/work/_temp/git-credentials-584755ed-16e7-4e77-a9c3-cf63af2149d6.config'
2026-09-15T13:57:40.3180893Z Cleaning up orphan processes
