2026-09-15T13:45:56.5941690Z Current runner version: '2.337.0'
2026-09-15T13:45:56.5966375Z ##[group]Runner Image Provisioner
2026-09-15T13:45:56.5967405Z Hosted Compute Agent
2026-09-15T13:45:56.5968007Z Version: 20260828.587
2026-09-15T13:45:56.5968750Z Commit: abac92662cab4cc7352de4f9f9d2e2419aad9c29
2026-09-15T13:45:56.5969510Z Build Date: 2026-08-28T16:44:25Z
2026-09-15T13:45:56.5970188Z Worker ID: {53987d27-7f14-4168-93d7-a6883d6ca4d0}
2026-09-15T13:45:56.5970967Z Azure Region: westus2
2026-09-15T13:45:56.5971560Z ##[endgroup]
2026-09-15T13:45:56.5973133Z ##[group]Operating System
2026-09-15T13:45:56.5974318Z Ubuntu
2026-09-15T13:45:56.5974867Z 24.04.5
2026-09-15T13:45:56.5975531Z LTS
2026-09-15T13:45:56.5976057Z ##[endgroup]
2026-09-15T13:45:56.5976714Z ##[group]Runner Image
2026-09-15T13:45:56.5977344Z Image: ubuntu-24.04
2026-09-15T13:45:56.5977923Z Version: 20260907.300.1
2026-09-15T13:45:56.5979242Z Included Software: https://github.com/actions/runner-images/blob/ubuntu24/20260907.300/images/ubuntu/Ubuntu2404-Readme.md
2026-09-15T13:45:56.5980877Z Image Release: https://github.com/actions/runner-images/releases/tag/ubuntu24%2F20260907.300
2026-09-15T13:45:56.5981881Z ##[endgroup]
2026-09-15T13:45:56.5983165Z ##[group]GITHUB_TOKEN Permissions
2026-09-15T13:45:56.5985460Z Contents: read
2026-09-15T13:45:56.5986114Z Metadata: read
2026-09-15T13:45:56.5986815Z ##[endgroup]
2026-09-15T13:45:56.5989010Z Secret source: Actions
2026-09-15T13:45:56.5990064Z Cache mode: write
2026-09-15T13:45:56.5990799Z Prepare workflow directory
2026-09-15T13:45:56.6318449Z Prepare all required actions
2026-09-15T13:45:56.6366242Z Getting action download info
2026-09-15T13:45:57.0562530Z Download action repository 'actions/checkout@3d3c42e5aac5ba805825da76410c181273ba90b1' (SHA:3d3c42e5aac5ba805825da76410c181273ba90b1)
2026-09-15T13:45:57.2090966Z Download action repository 'actions/setup-python@5fda3b95a4ea91299a34e894583c3862153e4b97' (SHA:5fda3b95a4ea91299a34e894583c3862153e4b97)
2026-09-15T13:45:57.4299260Z Complete job name: security-publication
2026-09-15T13:45:57.5058618Z ##[group]Run actions/checkout@3d3c42e5aac5ba805825da76410c181273ba90b1
2026-09-15T13:45:57.5059821Z with:
2026-09-15T13:45:57.5060316Z   repository: kl3574/Learning_Workbench
2026-09-15T13:45:57.5064335Z   token: ***
2026-09-15T13:45:57.5064797Z   ssh-strict: true
2026-09-15T13:45:57.5065259Z   ssh-user: git
2026-09-15T13:45:57.5065723Z   persist-credentials: true
2026-09-15T13:45:57.5066225Z   clean: true
2026-09-15T13:45:57.5066688Z   sparse-checkout-cone-mode: true
2026-09-15T13:45:57.5067251Z   fetch-depth: 1
2026-09-15T13:45:57.5067690Z   fetch-tags: false
2026-09-15T13:45:57.5068155Z   show-progress: true
2026-09-15T13:45:57.5068629Z   lfs: false
2026-09-15T13:45:57.5069062Z   submodules: false
2026-09-15T13:45:57.5069519Z   set-safe-directory: true
2026-09-15T13:45:57.5070052Z   allow-unsafe-pr-checkout: false
2026-09-15T13:45:57.5070886Z ##[endgroup]
2026-09-15T13:45:57.6111014Z Syncing repository: kl3574/Learning_Workbench
2026-09-15T13:45:57.6112973Z ##[group]Getting Git version info
2026-09-15T13:45:57.6114268Z Working directory is '<private-home>/work/Learning_Workbench/Learning_Workbench'
2026-09-15T13:45:57.6115434Z [command]/usr/bin/git version
2026-09-15T13:45:57.7357446Z git version 2.55.0
2026-09-15T13:45:57.7383568Z ##[endgroup]
2026-09-15T13:45:57.7395991Z Temporarily overriding HOME='<private-home>/work/_temp/eaa4e82a-6d2e-41dc-98a9-dc41bcf897f8' before making global git config changes
2026-09-15T13:45:57.7398476Z Adding repository directory to the temporary git global config as a safe directory
2026-09-15T13:45:57.7402904Z [command]/usr/bin/git config --global --add safe.directory <private-home>/work/Learning_Workbench/Learning_Workbench
2026-09-15T13:45:57.7698157Z Deleting the contents of '<private-home>/work/Learning_Workbench/Learning_Workbench'
2026-09-15T13:45:57.7702167Z ##[group]Determining repository object format
2026-09-15T13:45:57.7704121Z ##[endgroup]
2026-09-15T13:45:57.7705101Z ##[group]Initializing the repository
2026-09-15T13:45:57.7708817Z [command]/usr/bin/git init <private-home>/work/Learning_Workbench/Learning_Workbench
2026-09-15T13:45:57.8326736Z hint: Using 'master' as the name for the initial branch. This default branch name
2026-09-15T13:45:57.8329119Z hint: will change to "main" in Git 3.0. To configure the initial branch name
2026-09-15T13:45:57.8331273Z hint: to use in all of your new repositories, which will suppress this warning,
2026-09-15T13:45:57.8332455Z hint: call:
2026-09-15T13:45:57.8332988Z hint:
2026-09-15T13:45:57.8333977Z hint: 	git config --global init.defaultBranch <name>
2026-09-15T13:45:57.8335308Z hint:
2026-09-15T13:45:57.8336708Z hint: Names commonly chosen instead of 'master' are 'main', 'trunk' and
2026-09-15T13:45:57.8338335Z hint: 'development'. The just-created branch can be renamed via this command:
2026-09-15T13:45:57.8339357Z hint:
2026-09-15T13:45:57.8339912Z hint: 	git branch -m <name>
2026-09-15T13:45:57.8340548Z hint:
2026-09-15T13:45:57.8341463Z hint: Disable this message with "git config set advice.defaultBranchName false"
2026-09-15T13:45:57.8343736Z Initialized empty Git repository in <private-home>/work/Learning_Workbench/Learning_Workbench/.git/
2026-09-15T13:45:57.8345655Z [command]/usr/bin/git remote add origin https://github.com/kl3574/Learning_Workbench
2026-09-15T13:45:57.8651245Z ##[endgroup]
2026-09-15T13:45:57.8652254Z ##[group]Disabling automatic garbage collection
2026-09-15T13:45:57.8655859Z [command]/usr/bin/git config --local gc.auto 0
2026-09-15T13:45:57.8693626Z ##[endgroup]
2026-09-15T13:45:57.8694978Z ##[group]Setting up auth
2026-09-15T13:45:57.8696065Z Removing SSH command configuration
2026-09-15T13:45:57.8700908Z [command]/usr/bin/git config --local --name-only --get-regexp core\.sshCommand
2026-09-15T13:45:57.8738379Z [command]/usr/bin/git submodule foreach --recursive sh -c "git config --local --name-only --get-regexp 'core\.sshCommand' && git config --local --unset-all 'core.sshCommand' || :"
2026-09-15T13:45:58.0714528Z Removing HTTP extra header
2026-09-15T13:45:58.0722735Z [command]/usr/bin/git config --local --name-only --get-regexp http\.https\:\/\/github\.com\/\.extraheader
2026-09-15T13:45:58.0760280Z [command]/usr/bin/git submodule foreach --recursive sh -c "git config --local --name-only --get-regexp 'http\.https\:\/\/github\.com\/\.extraheader' && git config --local --unset-all 'http.https://github.com/.extraheader' || :"
2026-09-15T13:45:58.0983135Z Removing includeIf entries pointing to credentials config files
2026-09-15T13:45:58.0988649Z [command]/usr/bin/git config --local --name-only --get-regexp ^includeIf\.gitdir:
2026-09-15T13:45:58.1023655Z [command]/usr/bin/git submodule foreach --recursive git config --local --show-origin --name-only --get-regexp remote.origin.url
2026-09-15T13:45:58.1249024Z [command]/usr/bin/git config --file <private-home>/work/_temp/git-credentials-47df2258-f655-4861-87e4-91db22639e1a.config http.https://github.com/.extraheader AUTHORIZATION: basic ***
2026-09-15T13:45:58.1362909Z [command]/usr/bin/git config --local includeIf.gitdir:<private-home>/work/Learning_Workbench/Learning_Workbench/.git.path <private-home>/work/_temp/git-credentials-47df2258-f655-4861-87e4-91db22639e1a.config
2026-09-15T13:45:58.1369620Z [command]/usr/bin/git config --local includeIf.gitdir:<private-home>/work/Learning_Workbench/Learning_Workbench/.git/worktrees/*.path <private-home>/work/_temp/git-credentials-47df2258-f655-4861-87e4-91db22639e1a.config
2026-09-15T13:45:58.1378548Z [command]/usr/bin/git config --local includeIf.gitdir:/github/workspace/.git.path /github/runner_temp/git-credentials-47df2258-f655-4861-87e4-91db22639e1a.config
2026-09-15T13:45:58.1420105Z [command]/usr/bin/git config --local includeIf.gitdir:/github/workspace/.git/worktrees/*.path /github/runner_temp/git-credentials-47df2258-f655-4861-87e4-91db22639e1a.config
2026-09-15T13:45:58.1458083Z ##[endgroup]
2026-09-15T13:45:58.1459892Z ##[group]Fetching the repository
2026-09-15T13:45:58.1468445Z [command]/usr/bin/git -c protocol.version=2 fetch --no-tags --prune --no-recurse-submodules --depth=1 origin +f8c699ec1cfb04ca550ffe9793095543f6b878af:refs/remotes/pull/50/merge
2026-09-15T13:46:01.4487390Z From https://github.com/kl3574/Learning_Workbench
2026-09-15T13:46:01.4488624Z  * [new ref]         f8c699ec1cfb04ca550ffe9793095543f6b878af -> pull/50/merge
2026-09-15T13:46:01.4492816Z ##[endgroup]
2026-09-15T13:46:01.4494100Z ##[group]Determining the checkout info
2026-09-15T13:46:01.4495464Z ##[endgroup]
2026-09-15T13:46:01.4501067Z [command]/usr/bin/git sparse-checkout disable
2026-09-15T13:46:01.4687524Z [command]/usr/bin/git config --local --unset-all extensions.worktreeConfig
2026-09-15T13:46:01.4722599Z ##[group]Checking out the ref
2026-09-15T13:46:01.4728016Z [command]/usr/bin/git checkout --progress --force refs/remotes/pull/50/merge
2026-09-15T13:46:02.0263038Z Note: switching to 'refs/remotes/pull/50/merge'.
2026-09-15T13:46:02.0263976Z 
2026-09-15T13:46:02.0264407Z You are in 'detached HEAD' state. You can look around, make experimental
2026-09-15T13:46:02.0265473Z changes and commit them, and you can discard any commits you make in this
2026-09-15T13:46:02.0266493Z state without impacting any branches by switching back to a branch.
2026-09-15T13:46:02.0267066Z 
2026-09-15T13:46:02.0267423Z If you want to create a new branch to retain commits you create, you may
2026-09-15T13:46:02.0268274Z do so (now or later) by using -c with the switch command. Example:
2026-09-15T13:46:02.0268760Z 
2026-09-15T13:46:02.0268953Z   git switch -c <new-branch-name>
2026-09-15T13:46:02.0269300Z 
2026-09-15T13:46:02.0269500Z Or undo this operation with:
2026-09-15T13:46:02.0269807Z 
2026-09-15T13:46:02.0270058Z   git switch -
2026-09-15T13:46:02.0270326Z 
2026-09-15T13:46:02.0270767Z Turn off this advice by setting config variable advice.detachedHead to false
2026-09-15T13:46:02.0271345Z 
2026-09-15T13:46:02.0271985Z HEAD is now at f8c699e Merge b8952a3ec0cc9c2bbbaf9ed41cbd9a9e1eb81ce2 into f0b4ce2e39a3bc374751379051553108ad6a57ed
2026-09-15T13:46:02.0352109Z ##[endgroup]
2026-09-15T13:46:02.0357892Z [command]/usr/bin/git log -1 --format=%H
2026-09-15T13:46:02.0389721Z f8c699ec1cfb04ca550ffe9793095543f6b878af
2026-09-15T13:46:02.0667914Z ##[group]Run actions/setup-python@5fda3b95a4ea91299a34e894583c3862153e4b97
2026-09-15T13:46:02.0668406Z with:
2026-09-15T13:46:02.0668667Z   python-version: 3.12.13
2026-09-15T13:46:02.0668955Z   check-latest: false
2026-09-15T13:46:02.0671297Z   token: ***
2026-09-15T13:46:02.0671564Z   update-environment: true
2026-09-15T13:46:02.0671868Z   allow-prereleases: false
2026-09-15T13:46:02.0672148Z   freethreaded: false
2026-09-15T13:46:02.0672409Z ##[endgroup]
2026-09-15T13:46:02.1887538Z ##[group]Installed versions
2026-09-15T13:46:02.1992331Z Version 3.12.13 was not found in the local cache
2026-09-15T13:46:02.8603841Z Version 3.12.13 is available for downloading
2026-09-15T13:46:02.8605611Z Download from "https://github.com/actions/python-versions/releases/download/3.12.13-27650778726/python-3.12.13-linux-24.04-x64.tar.gz"
2026-09-15T13:46:03.5471139Z Extract downloaded archive
2026-09-15T13:46:03.5619831Z [command]/usr/bin/tar xz --warning=no-unknown-keyword --overwrite -C <private-home>/work/_temp/4a643063-1eaa-4f0e-ae6a-ceb2b82ec4bb -f <private-home>/work/_temp/a223c330-493d-4cd5-a5d9-e930642938d3
2026-09-15T13:46:05.5117831Z Execute installation script
2026-09-15T13:46:05.5230259Z Check if Python hostedtoolcache folder exist...
2026-09-15T13:46:05.5231353Z Create Python 3.12.13 folder
2026-09-15T13:46:05.5245511Z Copy Python binaries to hostedtoolcache folder
2026-09-15T13:46:06.0122156Z Create additional symlinks (Required for the UsePythonVersion Azure Pipelines task and the setup-python GitHub Action)
2026-09-15T13:46:06.0165259Z Upgrading pip...
2026-09-15T13:46:08.7723017Z Collecting pip
2026-09-15T13:46:08.8264238Z Downloading pip-26.2.1-py3-none-any.whl.metadata (4.6 kB)
2026-09-15T13:46:08.8384733Z Downloading pip-26.2.1-py3-none-any.whl (1.8 MB)
2026-09-15T13:46:08.9419314Z ━━━━━━━━━━━━━━━━━━━━━━━━━━━━━━━━━━━━━━━━ 1.8/1.8 MB 20.6 MB/s eta 0:00:00
2026-09-15T13:46:08.9420046Z 
2026-09-15T13:46:08.9780581Z Installing collected packages: pip
2026-09-15T13:46:08.9783619Z Attempting uninstall: pip
2026-09-15T13:46:08.9806942Z Found existing installation: pip 25.0.1
2026-09-15T13:46:09.0170137Z Uninstalling pip-25.0.1:
2026-09-15T13:46:09.0227413Z Successfully uninstalled pip-25.0.1
2026-09-15T13:46:09.9074076Z Successfully installed pip-26.2.1
2026-09-15T13:46:09.9562118Z Create complete file
2026-09-15T13:46:09.9601999Z Successfully set up CPython (3.12.13)
2026-09-15T13:46:09.9603536Z ##[endgroup]
2026-09-15T13:46:09.9770748Z ##[group]Run python scripts/check_publication.py --all-tracked
2026-09-15T13:46:09.9771309Z [36;1mpython scripts/check_publication.py --all-tracked[0m
2026-09-15T13:46:09.9816667Z shell: /usr/bin/bash -e {0}
2026-09-15T13:46:09.9817140Z env:
2026-09-15T13:46:09.9817602Z   pythonLocation: /opt/hostedtoolcache/Python/3.12.13/x64
2026-09-15T13:46:09.9818420Z   PKG_CONFIG_PATH: /opt/hostedtoolcache/Python/3.12.13/x64/lib/pkgconfig
2026-09-15T13:46:09.9819225Z   Python_ROOT_DIR: /opt/hostedtoolcache/Python/3.12.13/x64
2026-09-15T13:46:09.9820014Z   Python2_ROOT_DIR: /opt/hostedtoolcache/Python/3.12.13/x64
2026-09-15T13:46:09.9820740Z   Python3_ROOT_DIR: /opt/hostedtoolcache/Python/3.12.13/x64
2026-09-15T13:46:09.9821452Z   LD_LIBRARY_PATH: /opt/hostedtoolcache/Python/3.12.13/x64/lib
2026-09-15T13:46:09.9822011Z ##[endgroup]
2026-09-15T13:46:28.7996321Z PASS: scanned 6372 staged/tracked files against path and credential rules. Manual provenance review remains required.
2026-09-15T13:46:28.8174887Z Post job cleanup.
2026-09-15T13:46:28.9499000Z Post job cleanup.
2026-09-15T13:46:29.0381221Z [command]/usr/bin/git version
2026-09-15T13:46:29.0426424Z git version 2.55.0
2026-09-15T13:46:29.0463961Z Temporarily overriding HOME='<private-home>/work/_temp/17056b78-b572-49ef-a3d2-b725b17641e8' before making global git config changes
2026-09-15T13:46:29.0465336Z Adding repository directory to the temporary git global config as a safe directory
2026-09-15T13:46:29.0469185Z [command]/usr/bin/git config --global --add safe.directory <private-home>/work/Learning_Workbench/Learning_Workbench
2026-09-15T13:46:29.0506530Z Removing SSH command configuration
2026-09-15T13:46:29.0513430Z [command]/usr/bin/git config --local --name-only --get-regexp core\.sshCommand
2026-09-15T13:46:29.0550533Z [command]/usr/bin/git submodule foreach --recursive sh -c "git config --local --name-only --get-regexp 'core\.sshCommand' && git config --local --unset-all 'core.sshCommand' || :"
2026-09-15T13:46:29.0815225Z Removing HTTP extra header
2026-09-15T13:46:29.0822526Z [command]/usr/bin/git config --local --name-only --get-regexp http\.https\:\/\/github\.com\/\.extraheader
2026-09-15T13:46:29.0862740Z [command]/usr/bin/git submodule foreach --recursive sh -c "git config --local --name-only --get-regexp 'http\.https\:\/\/github\.com\/\.extraheader' && git config --local --unset-all 'http.https://github.com/.extraheader' || :"
2026-09-15T13:46:29.1146758Z Removing includeIf entries pointing to credentials config files
2026-09-15T13:46:29.1156087Z [command]/usr/bin/git config --local --name-only --get-regexp ^includeIf\.gitdir:
2026-09-15T13:46:29.1190441Z includeif.gitdir:<private-home>/work/Learning_Workbench/Learning_Workbench/.git.path
2026-09-15T13:46:29.1191729Z includeif.gitdir:<private-home>/work/Learning_Workbench/Learning_Workbench/.git/worktrees/*.path
2026-09-15T13:46:29.1192843Z includeif.gitdir:/github/workspace/.git.path
2026-09-15T13:46:29.1194051Z includeif.gitdir:/github/workspace/.git/worktrees/*.path
2026-09-15T13:46:29.1201166Z [command]/usr/bin/git config --local --get-all includeif.gitdir:<private-home>/work/Learning_Workbench/Learning_Workbench/.git.path
2026-09-15T13:46:29.1229777Z <private-home>/work/_temp/git-credentials-47df2258-f655-4861-87e4-91db22639e1a.config
2026-09-15T13:46:29.1240557Z [command]/usr/bin/git config --local --unset includeif.gitdir:<private-home>/work/Learning_Workbench/Learning_Workbench/.git.path \/home\/runner\/work\/_temp\/git\-credentials\-47df2258\-f655\-4861\-87e4\-91db22639e1a\.config
2026-09-15T13:46:29.1289683Z [command]/usr/bin/git config --local --get-all includeif.gitdir:<private-home>/work/Learning_Workbench/Learning_Workbench/.git/worktrees/*.path
2026-09-15T13:46:29.1328742Z <private-home>/work/_temp/git-credentials-47df2258-f655-4861-87e4-91db22639e1a.config
2026-09-15T13:46:29.1338637Z [command]/usr/bin/git config --local --unset includeif.gitdir:<private-home>/work/Learning_Workbench/Learning_Workbench/.git/worktrees/*.path \/home\/runner\/work\/_temp\/git\-credentials\-47df2258\-f655\-4861\-87e4\-91db22639e1a\.config
2026-09-15T13:46:29.1378225Z [command]/usr/bin/git config --local --get-all includeif.gitdir:/github/workspace/.git.path
2026-09-15T13:46:29.1410169Z /github/runner_temp/git-credentials-47df2258-f655-4861-87e4-91db22639e1a.config
2026-09-15T13:46:29.1418610Z [command]/usr/bin/git config --local --unset includeif.gitdir:/github/workspace/.git.path \/github\/runner_temp\/git\-credentials\-47df2258\-f655\-4861\-87e4\-91db22639e1a\.config
2026-09-15T13:46:29.1458322Z [command]/usr/bin/git config --local --get-all includeif.gitdir:/github/workspace/.git/worktrees/*.path
2026-09-15T13:46:29.1485718Z /github/runner_temp/git-credentials-47df2258-f655-4861-87e4-91db22639e1a.config
2026-09-15T13:46:29.1492758Z [command]/usr/bin/git config --local --unset includeif.gitdir:/github/workspace/.git/worktrees/*.path \/github\/runner_temp\/git\-credentials\-47df2258\-f655\-4861\-87e4\-91db22639e1a\.config
2026-09-15T13:46:29.1531750Z [command]/usr/bin/git submodule foreach --recursive git config --local --show-origin --name-only --get-regexp remote.origin.url
2026-09-15T13:46:29.1769244Z Removing credentials config '<private-home>/work/_temp/git-credentials-47df2258-f655-4861-87e4-91db22639e1a.config'
2026-09-15T13:46:29.1919551Z Cleaning up orphan processes
