tests/e2e/authoring-diagnostic.spec.ts(3,30): error TS7016: Could not find a declaration file for module '../../apps/web/node_modules/@playwright/test/index.mjs'. '<LOCAL_HOME>/.cache/learning-workbench-acceptance/m62-authoring-observation-active/apps/web/node_modules/@playwright/test/index.mjs' implicitly has an 'any' type.
tests/e2e/authoring-diagnostic.spec.ts(6,131): error TS7031: Binding element 'page' implicitly has an 'any' type.
tests/e2e/authoring-diagnostic.spec.ts(6,139): error TS7006: Parameter 'info' implicitly has an 'any' type.
tests/e2e/authoring-diagnostic.spec.ts(38,129): error TS7031: Binding element 'page' implicitly has an 'any' type.
tests/e2e/authoring-diagnostic.spec.ts(38,137): error TS7006: Parameter 'info' implicitly has an 'any' type.
tests/e2e/authoring-diagnostic.spec.ts(53,87): error TS7006: Parameter 'response' implicitly has an 'any' type.
tests/e2e/authoring-diagnostic.spec.ts(59,76): error TS7006: Parameter 'request' implicitly has an 'any' type.
tests/e2e/authoring-diagnostic.spec.ts(72,76): error TS7006: Parameter 'request' implicitly has an 'any' type.
tests/e2e/authoring-diagnostic.spec.ts(78,114): error TS7031: Binding element 'page' implicitly has an 'any' type.
tests/e2e/authoring-groups.spec.ts(2,88): error TS7016: Could not find a declaration file for module '../../apps/web/node_modules/@playwright/test/index.mjs'. '<LOCAL_HOME>/.cache/learning-workbench-acceptance/m62-authoring-observation-active/apps/web/node_modules/@playwright/test/index.mjs' implicitly has an 'any' type.
tests/e2e/authoring-groups.spec.ts(11,80): error TS7006: Parameter 'value' implicitly has an 'any' type.
tests/e2e/authoring-groups.spec.ts(53,105): error TS7006: Parameter 'value' implicitly has an 'any' type.
tests/e2e/authoring-groups.spec.ts(66,42): error TS7006: Parameter 'value' implicitly has an 'any' type.
tests/e2e/authoring-groups.spec.ts(73,41): error TS7006: Parameter 'value' implicitly has an 'any' type.
tests/e2e/authoring-groups.spec.ts(79,111): error TS7006: Parameter 'value' implicitly has an 'any' type.
tests/e2e/authoring-groups.spec.ts(84,145): error TS7006: Parameter 'value' implicitly has an 'any' type.
tests/e2e/authoring-groups.spec.ts(96,42): error TS7006: Parameter 'value' implicitly has an 'any' type.
tests/e2e/authoring-groups.spec.ts(100,42): error TS7006: Parameter 'value' implicitly has an 'any' type.
tests/e2e/authoring-groups.spec.ts(116,40): error TS7006: Parameter 'element' implicitly has an 'any' type.
tests/e2e/authoring-groups.spec.ts(134,42): error TS7006: Parameter 'value' implicitly has an 'any' type.
tests/e2e/authoring-groups.spec.ts(141,42): error TS7006: Parameter 'value' implicitly has an 'any' type.
tests/e2e/authoring-groups.spec.ts(146,105): error TS7006: Parameter 'value' implicitly has an 'any' type.
tests/e2e/authoring-groups.spec.ts(149,85): error TS7006: Parameter 'value' implicitly has an 'any' type.
tests/e2e/authoring-groups.spec.ts(154,80): error TS7006: Parameter 'value' implicitly has an 'any' type.
tests/e2e/authoring-groups.spec.ts(167,40): error TS7006: Parameter 'route' implicitly has an 'any' type.
tests/e2e/authoring-groups.spec.ts(180,44): error TS7006: Parameter 'value' implicitly has an 'any' type.
tests/e2e/authoring-groups.spec.ts(185,86): error TS7006: Parameter 'value' implicitly has an 'any' type.
tests/e2e/authoring-groups.spec.ts(188,69): error TS7006: Parameter 'value' implicitly has an 'any' type.
tests/e2e/authoring-groups.spec.ts(203,24): error TS7006: Parameter 'error' implicitly has an 'any' type.
tests/e2e/authoring-groups.spec.ts(207,80): error TS7006: Parameter 'value' implicitly has an 'any' type.
tests/e2e/authoring-groups.spec.ts(214,121): error TS7006: Parameter 'value' implicitly has an 'any' type.
tests/e2e/authoring-groups.spec.ts(220,136): error TS7006: Parameter 'value' implicitly has an 'any' type.
tests/e2e/authoring-groups.spec.ts(225,42): error TS7006: Parameter 'value' implicitly has an 'any' type.
tests/e2e/authoring-groups.spec.ts(238,134): error TS7031: Binding element 'playwright' implicitly has an 'any' type.
tests/e2e/authoring-groups.spec.ts(238,148): error TS7006: Parameter 'info' implicitly has an 'any' type.
tests/e2e/authoring-groups.spec.ts(243,26): error TS7006: Parameter 'error' implicitly has an 'any' type.
tests/e2e/authoring-groups.spec.ts(246,44): error TS7006: Parameter 'value' implicitly has an 'any' type.
tests/e2e/authoring-groups.spec.ts(257,44): error TS7006: Parameter 'value' implicitly has an 'any' type.
tests/e2e/authoring-groups.spec.ts(269,44): error TS7006: Parameter 'value' implicitly has an 'any' type.
tests/e2e/authoring-groups.spec.ts(276,130): error TS7006: Parameter 'value' implicitly has an 'any' type.
tests/e2e/authoring-groups.spec.ts(285,139): error TS7006: Parameter 'value' implicitly has an 'any' type.
tests/e2e/authoring-groups.spec.ts(297,150): error TS7031: Binding element 'playwright' implicitly has an 'any' type.
tests/e2e/authoring-groups.spec.ts(297,164): error TS7006: Parameter 'info' implicitly has an 'any' type.
tests/e2e/authoring-groups.spec.ts(304,26): error TS7006: Parameter 'error' implicitly has an 'any' type.
tests/e2e/authoring-groups.spec.ts(309,62): error TS7006: Parameter 'route' implicitly has an 'any' type.
tests/e2e/authoring-groups.spec.ts(322,44): error TS7006: Parameter 'value' implicitly has an 'any' type.
tests/e2e/authoring-groups.spec.ts(336,42): error TS7006: Parameter 'value' implicitly has an 'any' type.
tests/e2e/authoring-groups.spec.ts(355,175): error TS7031: Binding element 'playwright' implicitly has an 'any' type.
tests/e2e/authoring-groups.spec.ts(355,189): error TS7006: Parameter 'info' implicitly has an 'any' type.
tests/e2e/authoring-groups.spec.ts(360,26): error TS7006: Parameter 'error' implicitly has an 'any' type.
tests/e2e/authoring-groups.spec.ts(363,44): error TS7006: Parameter 'value' implicitly has an 'any' type.
tests/e2e/authoring-groups.spec.ts(388,42): error TS7006: Parameter 'value' implicitly has an 'any' type.
tests/e2e/authoring-groups.spec.ts(398,44): error TS7006: Parameter 'value' implicitly has an 'any' type.
tests/e2e/authoring-groups.spec.ts(410,44): error TS7006: Parameter 'value' implicitly has an 'any' type.
tests/e2e/authoring-groups.spec.ts(417,130): error TS7006: Parameter 'value' implicitly has an 'any' type.
tests/e2e/authoring-groups.spec.ts(426,139): error TS7006: Parameter 'value' implicitly has an 'any' type.
tests/e2e/authoringDiagnostic.ts(4,56): error TS7016: Could not find a declaration file for module '../../apps/web/node_modules/@playwright/test/index.mjs'. '<LOCAL_HOME>/.cache/learning-workbench-acceptance/m62-authoring-observation-active/apps/web/node_modules/@playwright/test/index.mjs' implicitly has an 'any' type.
tests/e2e/authoringDiagnostic.ts(45,65): error TS7006: Parameter 'source' implicitly has an 'any' type.
tests/e2e/authoringRuntime.ts(8,74): error TS7016: Could not find a declaration file for module '../../apps/web/node_modules/@playwright/test/index.mjs'. '<LOCAL_HOME>/.cache/learning-workbench-acceptance/m62-authoring-observation-active/apps/web/node_modules/@playwright/test/index.mjs' implicitly has an 'any' type.
