
==================================== ERRORS ====================================
_____ ERROR collecting tests/integration/test_authoring_numeric_runtime.py _____
.venv/lib/python3.12/site-packages/_pytest/python.py:508: in importtestmodule
    mod = import_path(
.venv/lib/python3.12/site-packages/_pytest/pathlib.py:596: in import_path
    importlib.import_module(module_name)
../../../.local/share/uv/python/cpython-3.12.13-linux-x86_64-gnu/lib/python3.12/importlib/__init__.py:90: in import_module
    return _bootstrap._gcd_import(name[level:], package, level)
           ^^^^^^^^^^^^^^^^^^^^^^^^^^^^^^^^^^^^^^^^^^^^^^^^^^^^
<frozen importlib._bootstrap>:1387: in _gcd_import
    ???
<frozen importlib._bootstrap>:1360: in _find_and_load
    ???
<frozen importlib._bootstrap>:1331: in _find_and_load_unlocked
    ???
<frozen importlib._bootstrap>:935: in _load_unlocked
    ???
.venv/lib/python3.12/site-packages/_pytest/assertion/rewrite.py:188: in exec_module
    exec(co, module.__dict__)
tests/integration/test_authoring_numeric_runtime.py:9: in <module>
    from services.api.app.infrastructure.authoring_numeric_runtime import NumericRuntime, NumericRuntimeError
E     File "<HOME>/.cache/learning-workbench-acceptance/m61-active/services/api/app/infrastructure/authoring_numeric_runtime.py", line 309
E       """Complete canonical manifest, with logical paths only; freshly checked.""""
E                                                                                   ^
E   SyntaxError: unterminated string literal (detected at line 309)
=========================== short test summary info ============================
ERROR tests/integration/test_authoring_numeric_runtime.py
!!!!!!!!!!!!!!!!!!!! Interrupted: 1 error during collection !!!!!!!!!!!!!!!!!!!!
1 error in 0.08s
