============================= test session starts ==============================
platform linux -- Python 3.12.13, pytest-9.1.1, pluggy-1.6.0
rootdir: $HOME/.cache/learning-workbench-acceptance/m62-text-edit-dependencies-pin-fix-oct02
configfile: pyproject.toml
plugins: anyio-4.15.1
collected 180 items

tests/integration/test_draft_edit_boundaries.py ........................ [ 13%]
................................                                         [ 31%]
tests/integration/test_draft_edit_http.py .........                      [ 36%]
tests/integration/test_draft_edit_integrity.py .......................   [ 48%]
tests/integration/test_draft_edit_migration.py ....                      [ 51%]
tests/integration/test_draft_edit_read_http.py ...............           [ 59%]
tests/integration/test_draft_edits.py ..                                 [ 60%]
tests/integration/test_edit_publication.py .................             [ 70%]
tests/integration/test_edit_publication_atomic.py ............           [ 76%]
tests/integration/test_edit_publication_dependencies.py ................ [ 85%]
....                                                                     [ 87%]
tests/integration/test_edit_publication_http.py .......                  [ 91%]
tests/integration/test_edit_publication_learning_http.py .               [ 92%]
tests/integration/test_edit_publication_migration.py ...                 [ 93%]
tests/integration/test_edit_publication_terminal.py ..                   [ 95%]
tests/contract/test_draft_edit_legacy_records.py .......                 [ 98%]
tests/contract/test_draft_edit_projection.py ..                          [100%]

=============================== warnings summary ===============================
../../../Desktop/learning/Learning_Workbench/.venv/lib/python3.12/site-packages/fastapi/testclient.py:1
  $HOME/Desktop/learning/Learning_Workbench/.venv/lib/python3.12/site-packages/fastapi/testclient.py:1: StarletteDeprecationWarning: Using `httpx` with `starlette.testclient` is deprecated; install `httpx2` instead.
    from starlette.testclient import TestClient as TestClient  # noqa

../../../Desktop/learning/Learning_Workbench/.venv/lib/python3.12/site-packages/starlette/testclient.py:53
  $HOME/Desktop/learning/Learning_Workbench/.venv/lib/python3.12/site-packages/starlette/testclient.py:53: DeprecationWarning: The anyio.abc.BlockingPortal alias is deprecated, use anyio.from_thread.BlockingPortal instead.
    _PortalFactoryType = Callable[[], AbstractContextManager[anyio.abc.BlockingPortal]]

-- Docs: https://docs.pytest.org/en/stable/how-to/capture-warnings.html
================= 180 passed, 2 warnings in 193.73s (0:03:13) ==================
