============================= test session starts ==============================
platform linux -- Python 3.12.13, pytest-9.1.1, pluggy-1.6.0
rootdir: $HOME/.cache/learning-workbench-acceptance/m62-text-edit-dependencies-oct02
configfile: pyproject.toml
plugins: anyio-4.15.1
collected 7 items / 5 deselected / 2 selected

. FF                                                                     [100%]

=================================== FAILURES ===================================
_ test_actual_unreleased_v1_dependency_records_fail_closed_without_default_witness[1] _
../m62-text-edit-dependencies-pin-fix-oct02/tests/contract/test_draft_edit_legacy_records.py:67: in test_actual_unreleased_v1_dependency_records_fail_closed_without_default_witness
    with pytest.raises(ValidationError, match='legacy base has no frozen dependency witness'):
         ^^^^^^^^^^^^^^^^^^^^^^^^^^^^^^^^^^^^^^^^^^^^^^^^^^^^^^^^^^^^^^^^^^^^^^^^^^^^^^^^^^^^
E   Failed: DID NOT RAISE ValidationError
_ test_actual_unreleased_v1_dependency_records_fail_closed_without_default_witness[2] _
../m62-text-edit-dependencies-pin-fix-oct02/tests/contract/test_draft_edit_legacy_records.py:67: in test_actual_unreleased_v1_dependency_records_fail_closed_without_default_witness
    with pytest.raises(ValidationError, match='legacy base has no frozen dependency witness'):
         ^^^^^^^^^^^^^^^^^^^^^^^^^^^^^^^^^^^^^^^^^^^^^^^^^^^^^^^^^^^^^^^^^^^^^^^^^^^^^^^^^^^^
E   Failed: DID NOT RAISE ValidationError
=========================== short test summary info ============================
FAILED ::test_actual_unreleased_v1_dependency_records_fail_closed_without_default_witness[1]
FAILED ::test_actual_unreleased_v1_dependency_records_fail_closed_without_default_witness[2]
======================= 2 failed, 5 deselected in 0.23s ========================
