============================= test session starts ==============================
platform linux -- Python 3.12.13, pytest-9.1.1, pluggy-1.6.0
rootdir: $HOME/.cache/learning-workbench-acceptance/m62-text-edit-dependencies-pin-fix-oct02
configfile: pyproject.toml
plugins: anyio-4.15.1
collected 19 items / 17 deselected / 2 selected

tests/integration/test_edit_publication_dependencies.py FF               [100%]

=================================== FAILURES ===================================
_ test_frozen_indirect_concept_pin_cannot_be_reinterpreted_by_one_changed_stored_edge[False] _
tests/integration/test_edit_publication_dependencies.py:177: in test_frozen_indirect_concept_pin_cannot_be_reinterpreted_by_one_changed_stored_edge
    assert case.client.get('/api/v1/draft-edits/' + identifier).status_code in (409, 503)
E   AssertionError: assert 200 in (409, 503)
E    +  where 200 = <Response [200 OK]>.status_code
E    +    where <Response [200 OK]> = get(('/api/v1/draft-edits/' + 'draft_c7f6adc30a7f4c06813e080ec859b16a'))
E    +      where get = <starlette.testclient.TestClient object at 0x788b7eb21cd0>.get
E    +        where <starlette.testclient.TestClient object at 0x788b7eb21cd0> = <tests.integration.test_review_http.ReviewHttpCase object at 0x788b7eda7560>.client
_ test_frozen_indirect_concept_pin_cannot_be_reinterpreted_by_one_changed_stored_edge[True] _
tests/integration/test_edit_publication_dependencies.py:177: in test_frozen_indirect_concept_pin_cannot_be_reinterpreted_by_one_changed_stored_edge
    assert case.client.get('/api/v1/draft-edits/' + identifier).status_code in (409, 503)
E   AssertionError: assert 200 in (409, 503)
E    +  where 200 = <Response [200 OK]>.status_code
E    +    where <Response [200 OK]> = get(('/api/v1/draft-edits/' + 'draft_207d930ac71d4479a270485778977db3'))
E    +      where get = <starlette.testclient.TestClient object at 0x788b7d1d32f0>.get
E    +        where <starlette.testclient.TestClient object at 0x788b7d1d32f0> = <tests.integration.test_review_http.ReviewHttpCase object at 0x788b7d346360>.client
=============================== warnings summary ===============================
../../../Desktop/learning/Learning_Workbench/.venv/lib/python3.12/site-packages/fastapi/testclient.py:1
  $HOME/Desktop/learning/Learning_Workbench/.venv/lib/python3.12/site-packages/fastapi/testclient.py:1: StarletteDeprecationWarning: Using `httpx` with `starlette.testclient` is deprecated; install `httpx2` instead.
    from starlette.testclient import TestClient as TestClient  # noqa

../../../Desktop/learning/Learning_Workbench/.venv/lib/python3.12/site-packages/starlette/testclient.py:53
  $HOME/Desktop/learning/Learning_Workbench/.venv/lib/python3.12/site-packages/starlette/testclient.py:53: DeprecationWarning: The anyio.abc.BlockingPortal alias is deprecated, use anyio.from_thread.BlockingPortal instead.
    _PortalFactoryType = Callable[[], AbstractContextManager[anyio.abc.BlockingPortal]]

-- Docs: https://docs.pytest.org/en/stable/how-to/capture-warnings.html
=========================== short test summary info ============================
FAILED tests/integration/test_edit_publication_dependencies.py::test_frozen_indirect_concept_pin_cannot_be_reinterpreted_by_one_changed_stored_edge[False]
FAILED tests/integration/test_edit_publication_dependencies.py::test_frozen_indirect_concept_pin_cannot_be_reinterpreted_by_one_changed_stored_edge[True]
================= 2 failed, 17 deselected, 2 warnings in 3.41s =================
