F811 Redefinition of unused `tutor` from line 6
  --> tests/integration/test_tutor_observation.py:10:76
   |
10 | def test_terminal_observer_is_after_actual_commit_and_cannot_change_result(tutor):
   |                                                                            ^^^^^ `tutor` redefined here
11 |     database, identity, service, _ = tutor
12 |     _, _, ack = started(tutor)
   |
  ::: tests/integration/test_tutor_observation.py:6:47
   |
 5 | from services.api.app.application.tutor_worker import TutorWorker
 6 | from tests.integration.test_tutor_runs import tutor, started, NoTransport, build_material  # noqa: F401
   |                                               ----- previous definition of `tutor` here
 7 | from tests.integration.test_retrieval import all_rows
   |
help: Remove definition: `tutor`

F811 Redefinition of unused `tutor` from line 6
  --> tests/integration/test_tutor_observation.py:29:54
   |
29 | def test_failed_transaction_emits_no_terminal_commit(tutor, monkeypatch):
   |                                                      ^^^^^ `tutor` redefined here
30 |     database, identity, service, _ = tutor
31 |     started(tutor)
   |
  ::: tests/integration/test_tutor_observation.py:6:47
   |
 5 | from services.api.app.application.tutor_worker import TutorWorker
 6 | from tests.integration.test_tutor_runs import tutor, started, NoTransport, build_material  # noqa: F401
   |                                               ----- previous definition of `tutor` here
 7 | from tests.integration.test_retrieval import all_rows
   |
help: Remove definition: `tutor`

F811 Redefinition of unused `tutor` from line 6
  --> tests/integration/test_tutor_observation.py:48:77
   |
48 | def test_selected_instance_read_and_send_share_context_without_body_capture(tutor):
   |                                                                             ^^^^^ `tutor` redefined here
49 |     import asyncio
50 |     from starlette.concurrency import run_in_threadpool
   |
  ::: tests/integration/test_tutor_observation.py:6:47
   |
 5 | from services.api.app.application.tutor_worker import TutorWorker
 6 | from tests.integration.test_tutor_runs import tutor, started, NoTransport, build_material  # noqa: F401
   |                                               ----- previous definition of `tutor` here
 7 | from tests.integration.test_retrieval import all_rows
   |
help: Remove definition: `tutor`

F811 Redefinition of unused `tutor` from line 6
  --> tests/integration/test_tutor_observation.py:95:82
   |
95 | def test_actual_loopback_provider_commit_and_tutor_commit_share_the_original_run(tutor, tmp_path):
   |                                                                                  ^^^^^ `tutor` redefined here
96 |     import asyncio
97 |     from tests.integration.test_tutor_runs import configured, approved
   |
  ::: tests/integration/test_tutor_observation.py:6:47
   |
 5 | from services.api.app.application.tutor_worker import TutorWorker
 6 | from tests.integration.test_tutor_runs import tutor, started, NoTransport, build_material  # noqa: F401
   |                                               ----- previous definition of `tutor` here
 7 | from tests.integration.test_retrieval import all_rows
   |
help: Remove definition: `tutor`

Found 4 errors.
