F                                                                        [100%]
=================================== FAILURES ===================================
_ test_owner_revalidates_constructed_ref_instead_of_treating_bool_as_revision_one _

store = (<services.api.app.infrastructure.database.Database object at 0x7826932016a0>, SessionIdentity(id='session_retrieval_s...t at 0x782692beb6b0>, <services.api.app.application.content_retrieval.ContentRetrievalSource object at 0x782692ef4560>)

    def test_owner_revalidates_constructed_ref_instead_of_treating_bool_as_revision_one(store):
        database, identity, publisher, source = store
        value, body = block()
        publisher.publish(identity.workspace_id, [value], {value.body_path: body})
        malformed = reference(value).model_copy(update={'revision': True})
        with database.transaction() as conn:
>           error('RETRIEVAL_SCOPE_INVALID', lambda: source.resolve_scope(conn, identity, [malformed]))

tests/integration/test_content_retrieval.py:344: 
_ _ _ _ _ _ _ _ _ _ _ _ _ _ _ _ _ _ _ _ _ _ _ _ _ _ _ _ _ _ _ _ _ _ _ _ _ _ _ _ 

code = 'RETRIEVAL_SCOPE_INVALID'
call = <function test_owner_revalidates_constructed_ref_instead_of_treating_bool_as_revision_one.<locals>.<lambda> at 0x782692a9e200>

    def error(code, call):
>       with pytest.raises(ApiError) as caught:
             ^^^^^^^^^^^^^^^^^^^^^^^
E       Failed: DID NOT RAISE ApiError

tests/integration/test_content_retrieval.py:56: Failed
=============================== warnings summary ===============================
.venv/lib/python3.12/site-packages/fastapi/testclient.py:1
  <repository>/.venv/lib/python3.12/site-packages/fastapi/testclient.py:1: StarletteDeprecationWarning: Using `httpx` with `starlette.testclient` is deprecated; install `httpx2` instead.
    from starlette.testclient import TestClient as TestClient  # noqa

.venv/lib/python3.12/site-packages/starlette/testclient.py:53
  <repository>/.venv/lib/python3.12/site-packages/starlette/testclient.py:53: DeprecationWarning: The anyio.abc.BlockingPortal alias is deprecated, use anyio.from_thread.BlockingPortal instead.
    _PortalFactoryType = Callable[[], AbstractContextManager[anyio.abc.BlockingPortal]]

-- Docs: https://docs.pytest.org/en/stable/how-to/capture-warnings.html
=========================== short test summary info ============================
FAILED tests/integration/test_content_retrieval.py::test_owner_revalidates_constructed_ref_instead_of_treating_bool_as_revision_one
1 failed, 20 deselected, 2 warnings in 0.34s
