2026-09-15T15:50:20.7837402Z Current runner version: '2.337.0'
2026-09-15T15:50:20.7872612Z ##[group]Runner Image Provisioner
2026-09-15T15:50:20.7873991Z Hosted Compute Agent
2026-09-15T15:50:20.7875018Z Version: 20260828.587
2026-09-15T15:50:20.7876069Z Commit: abac92662cab4cc7352de4f9f9d2e2419aad9c29
2026-09-15T15:50:20.7877429Z Build Date: 2026-08-28T16:44:25Z
2026-09-15T15:50:20.7878670Z Worker ID: {a67c0bc4-d3aa-4c7c-aa26-ce6c696c0c45}
2026-09-15T15:50:20.7880045Z Azure Region: eastus
2026-09-15T15:50:20.7881054Z ##[endgroup]
2026-09-15T15:50:20.7883878Z ##[group]Operating System
2026-09-15T15:50:20.7884977Z Ubuntu
2026-09-15T15:50:20.7885829Z 26.04.1
2026-09-15T15:50:20.7886717Z LTS
2026-09-15T15:50:20.7887575Z ##[endgroup]
2026-09-15T15:50:20.7888729Z ##[group]Runner Image
2026-09-15T15:50:20.7889758Z Image: ubuntu-26.04
2026-09-15T15:50:20.7890881Z Version: 20260907.131.1
2026-09-15T15:50:20.7893363Z Included Software: https://github.com/actions/runner-images/blob/ubuntu26/20260907.131/images/ubuntu/Ubuntu2604-Readme.md
2026-09-15T15:50:20.7896286Z Image Release: https://github.com/actions/runner-images/releases/tag/ubuntu26%2F20260907.131
2026-09-15T15:50:20.7898089Z ##[endgroup]
2026-09-15T15:50:20.7900049Z ##[group]GITHUB_TOKEN Permissions
2026-09-15T15:50:20.7903226Z Contents: read
2026-09-15T15:50:20.7904210Z Metadata: read
2026-09-15T15:50:20.7905226Z ##[endgroup]
2026-09-15T15:50:20.7908411Z Secret source: Actions
2026-09-15T15:50:20.7910063Z Cache mode: write
2026-09-15T15:50:20.7911571Z Prepare workflow directory
2026-09-15T15:50:20.8405215Z Prepare all required actions
2026-09-15T15:50:20.8479417Z Getting action download info
2026-09-15T15:50:21.0387238Z Download action repository 'actions/checkout@3d3c42e5aac5ba805825da76410c181273ba90b1' (SHA:3d3c42e5aac5ba805825da76410c181273ba90b1)
2026-09-15T15:50:21.1360513Z Download action repository 'actions/setup-python@5fda3b95a4ea91299a34e894583c3862153e4b97' (SHA:5fda3b95a4ea91299a34e894583c3862153e4b97)
2026-09-15T15:50:21.2935723Z Complete job name: integration
2026-09-15T15:50:21.3714533Z ##[group]Run actions/checkout@3d3c42e5aac5ba805825da76410c181273ba90b1
2026-09-15T15:50:21.3715637Z with:
2026-09-15T15:50:21.3716102Z   repository: kl3574/Learning_Workbench
2026-09-15T15:50:21.3719807Z   token: ***
2026-09-15T15:50:21.3720262Z   ssh-strict: true
2026-09-15T15:50:21.3720717Z   ssh-user: git
2026-09-15T15:50:21.3721386Z   persist-credentials: true
2026-09-15T15:50:21.3721909Z   clean: true
2026-09-15T15:50:21.3722374Z   sparse-checkout-cone-mode: true
2026-09-15T15:50:21.3722910Z   fetch-depth: 1
2026-09-15T15:50:21.3723358Z   fetch-tags: false
2026-09-15T15:50:21.3723811Z   show-progress: true
2026-09-15T15:50:21.3724272Z   lfs: false
2026-09-15T15:50:21.3724703Z   submodules: false
2026-09-15T15:50:21.3725175Z   set-safe-directory: true
2026-09-15T15:50:21.3725695Z   allow-unsafe-pr-checkout: false
2026-09-15T15:50:21.3726486Z ##[endgroup]
2026-09-15T15:50:21.4700101Z Syncing repository: kl3574/Learning_Workbench
2026-09-15T15:50:21.4702671Z ##[group]Getting Git version info
2026-09-15T15:50:21.4704136Z Working directory is '<github-runner-home>/work/Learning_Workbench/Learning_Workbench'
2026-09-15T15:50:21.4706132Z [command]/usr/bin/git version
2026-09-15T15:50:21.4742461Z git version 2.55.0
2026-09-15T15:50:21.4747713Z ##[endgroup]
2026-09-15T15:50:21.4755059Z Temporarily overriding HOME='<github-runner-home>/work/_temp/639bd34c-b421-483c-9db1-ed36b8e7f336' before making global git config changes
2026-09-15T15:50:21.4757404Z Adding repository directory to the temporary git global config as a safe directory
2026-09-15T15:50:21.4759764Z [command]/usr/bin/git config --global --add safe.directory <github-runner-home>/work/Learning_Workbench/Learning_Workbench
2026-09-15T15:50:21.4819256Z Deleting the contents of '<github-runner-home>/work/Learning_Workbench/Learning_Workbench'
2026-09-15T15:50:21.4823625Z ##[group]Determining repository object format
2026-09-15T15:50:21.4825378Z ##[endgroup]
2026-09-15T15:50:21.4826662Z ##[group]Initializing the repository
2026-09-15T15:50:21.4830063Z [command]/usr/bin/git init <github-runner-home>/work/Learning_Workbench/Learning_Workbench
2026-09-15T15:50:21.4971860Z hint: Using 'master' as the name for the initial branch. This default branch name
2026-09-15T15:50:21.4973862Z hint: will change to "main" in Git 3.0. To configure the initial branch name
2026-09-15T15:50:21.4975510Z hint: to use in all of your new repositories, which will suppress this warning,
2026-09-15T15:50:21.4976835Z hint: call:
2026-09-15T15:50:21.4977849Z hint:
2026-09-15T15:50:21.4978862Z hint: 	git config --global init.defaultBranch <name>
2026-09-15T15:50:21.4980052Z hint:
2026-09-15T15:50:21.4981129Z hint: Names commonly chosen instead of 'master' are 'main', 'trunk' and
2026-09-15T15:50:21.4983177Z hint: 'development'. The just-created branch can be renamed via this command:
2026-09-15T15:50:21.4984500Z hint:
2026-09-15T15:50:21.4985232Z hint: 	git branch -m <name>
2026-09-15T15:50:21.4986045Z hint:
2026-09-15T15:50:21.4987252Z hint: Disable this message with "git config set advice.defaultBranchName false"
2026-09-15T15:50:21.4989330Z Initialized empty Git repository in <github-runner-home>/work/Learning_Workbench/Learning_Workbench/.git/
2026-09-15T15:50:21.4992774Z [command]/usr/bin/git remote add origin https://github.com/kl3574/Learning_Workbench
2026-09-15T15:50:21.5043150Z ##[endgroup]
2026-09-15T15:50:21.5044468Z ##[group]Disabling automatic garbage collection
2026-09-15T15:50:21.5047346Z [command]/usr/bin/git config --local gc.auto 0
2026-09-15T15:50:21.5083605Z ##[endgroup]
2026-09-15T15:50:21.5085990Z ##[group]Setting up auth
2026-09-15T15:50:21.5087183Z Removing SSH command configuration
2026-09-15T15:50:21.5090122Z [command]/usr/bin/git config --local --name-only --get-regexp core\.sshCommand
2026-09-15T15:50:21.5128496Z [command]/usr/bin/git submodule foreach --recursive sh -c "git config --local --name-only --get-regexp 'core\.sshCommand' && git config --local --unset-all 'core.sshCommand' || :"
2026-09-15T15:50:21.5608818Z Removing HTTP extra header
2026-09-15T15:50:21.5615151Z [command]/usr/bin/git config --local --name-only --get-regexp http\.https\:\/\/github\.com\/\.extraheader
2026-09-15T15:50:21.5675982Z [command]/usr/bin/git submodule foreach --recursive sh -c "git config --local --name-only --get-regexp 'http\.https\:\/\/github\.com\/\.extraheader' && git config --local --unset-all 'http.https://github.com/.extraheader' || :"
2026-09-15T15:50:21.5936328Z Removing includeIf entries pointing to credentials config files
2026-09-15T15:50:21.5941374Z [command]/usr/bin/git config --local --name-only --get-regexp ^includeIf\.gitdir:
2026-09-15T15:50:21.5974102Z [command]/usr/bin/git submodule foreach --recursive git config --local --show-origin --name-only --get-regexp remote.origin.url
2026-09-15T15:50:21.6242379Z [command]/usr/bin/git config --file <github-runner-home>/work/_temp/git-credentials-7574218e-1f39-4402-8eee-ed6e8f5bae05.config http.https://github.com/.extraheader AUTHORIZATION: basic ***
2026-09-15T15:50:21.6281716Z [command]/usr/bin/git config --local includeIf.gitdir:<github-runner-home>/work/Learning_Workbench/Learning_Workbench/.git.path <github-runner-home>/work/_temp/git-credentials-7574218e-1f39-4402-8eee-ed6e8f5bae05.config
2026-09-15T15:50:21.6313919Z [command]/usr/bin/git config --local includeIf.gitdir:<github-runner-home>/work/Learning_Workbench/Learning_Workbench/.git/worktrees/*.path <github-runner-home>/work/_temp/git-credentials-7574218e-1f39-4402-8eee-ed6e8f5bae05.config
2026-09-15T15:50:21.6366207Z [command]/usr/bin/git config --local includeIf.gitdir:/github/workspace/.git.path /github/runner_temp/git-credentials-7574218e-1f39-4402-8eee-ed6e8f5bae05.config
2026-09-15T15:50:21.6401972Z [command]/usr/bin/git config --local includeIf.gitdir:/github/workspace/.git/worktrees/*.path /github/runner_temp/git-credentials-7574218e-1f39-4402-8eee-ed6e8f5bae05.config
2026-09-15T15:50:21.6432548Z ##[endgroup]
2026-09-15T15:50:21.6434476Z ##[group]Fetching the repository
2026-09-15T15:50:21.6439449Z [command]/usr/bin/git -c protocol.version=2 fetch --no-tags --prune --no-recurse-submodules --depth=1 origin +fad10fef82c4c39e4c06f4387c293050925b05c7:refs/remotes/pull/51/merge
2026-09-15T15:50:25.1630672Z From https://github.com/kl3574/Learning_Workbench
2026-09-15T15:50:25.1633316Z  * [new ref]         fad10fef82c4c39e4c06f4387c293050925b05c7 -> pull/51/merge
2026-09-15T15:50:25.1637261Z ##[endgroup]
2026-09-15T15:50:25.1639006Z ##[group]Determining the checkout info
2026-09-15T15:50:25.1640960Z ##[endgroup]
2026-09-15T15:50:25.1644681Z [command]/usr/bin/git sparse-checkout disable
2026-09-15T15:50:25.1706768Z [command]/usr/bin/git config --local --unset-all extensions.worktreeConfig
2026-09-15T15:50:25.1743356Z ##[group]Checking out the ref
2026-09-15T15:50:25.1747091Z [command]/usr/bin/git checkout --progress --force refs/remotes/pull/51/merge
2026-09-15T15:50:25.7621856Z Note: switching to 'refs/remotes/pull/51/merge'.
2026-09-15T15:50:25.7622538Z 
2026-09-15T15:50:25.7632928Z You are in 'detached HEAD' state. You can look around, make experimental
2026-09-15T15:50:25.7634220Z changes and commit them, and you can discard any commits you make in this
2026-09-15T15:50:25.7635451Z state without impacting any branches by switching back to a branch.
2026-09-15T15:50:25.7636089Z 
2026-09-15T15:50:25.7636624Z If you want to create a new branch to retain commits you create, you may
2026-09-15T15:50:25.7637346Z do so (now or later) by using -c with the switch command. Example:
2026-09-15T15:50:25.7637734Z 
2026-09-15T15:50:25.7637926Z   git switch -c <new-branch-name>
2026-09-15T15:50:25.7638202Z 
2026-09-15T15:50:25.7638679Z Or undo this operation with:
2026-09-15T15:50:25.7639029Z 
2026-09-15T15:50:25.7639199Z   git switch -
2026-09-15T15:50:25.7639656Z 
2026-09-15T15:50:25.7640150Z Turn off this advice by setting config variable advice.detachedHead to false
2026-09-15T15:50:25.7640646Z 
2026-09-15T15:50:25.7641434Z HEAD is now at fad10fe Merge 00106992e33aecfa4d2cc0d79b474cb5aa463fdb into b8952a3ec0cc9c2bbbaf9ed41cbd9a9e1eb81ce2
2026-09-15T15:50:25.7666357Z ##[endgroup]
2026-09-15T15:50:25.7712120Z [command]/usr/bin/git log -1 --format=%H
2026-09-15T15:50:25.7739355Z fad10fef82c4c39e4c06f4387c293050925b05c7
2026-09-15T15:50:25.8096819Z ##[group]Run actions/setup-python@5fda3b95a4ea91299a34e894583c3862153e4b97
2026-09-15T15:50:25.8097377Z with:
2026-09-15T15:50:25.8097660Z   python-version: 3.12.13
2026-09-15T15:50:25.8097957Z   check-latest: false
2026-09-15T15:50:25.8100518Z   token: ***
2026-09-15T15:50:25.8100801Z   update-environment: true
2026-09-15T15:50:25.8101423Z   allow-prereleases: false
2026-09-15T15:50:25.8101798Z   freethreaded: false
2026-09-15T15:50:25.8102070Z ##[endgroup]
2026-09-15T15:50:25.9263996Z ##[group]Installed versions
2026-09-15T15:50:25.9277948Z Version 3.12.13 was not found in the local cache
2026-09-15T15:50:26.5472367Z Version 3.12.13 is available for downloading
2026-09-15T15:50:26.5474479Z Download from "https://github.com/actions/python-versions/releases/download/3.12.13-27650778726/python-3.12.13-linux-26.04-x64.tar.gz"
2026-09-15T15:50:27.7487720Z Extract downloaded archive
2026-09-15T15:50:27.7613159Z [command]/usr/bin/tar xz --warning=no-unknown-keyword --overwrite -C <github-runner-home>/work/_temp/3f970bb8-6a7c-4950-9f9e-1cd8503aaff3 -f <github-runner-home>/work/_temp/22b2596a-4ee9-40c1-87b4-1a586c947384
2026-09-15T15:50:28.9317754Z Execute installation script
2026-09-15T15:50:28.9454204Z Check if Python hostedtoolcache folder exist...
2026-09-15T15:50:28.9454980Z Create Python 3.12.13 folder
2026-09-15T15:50:28.9479724Z Copy Python binaries to hostedtoolcache folder
2026-09-15T15:50:29.4132255Z Create additional symlinks (Required for the UsePythonVersion Azure Pipelines task and the setup-python GitHub Action)
2026-09-15T15:50:29.4240731Z Upgrading pip...
2026-09-15T15:50:31.1162224Z Collecting pip
2026-09-15T15:50:31.1363454Z Downloading pip-26.2.1-py3-none-any.whl.metadata (4.6 kB)
2026-09-15T15:50:31.1464808Z Downloading pip-26.2.1-py3-none-any.whl (1.8 MB)
2026-09-15T15:50:31.1629288Z ━━━━━━━━━━━━━━━━━━━━━━━━━━━━━━━━━━━━━━━━ 1.8/1.8 MB 174.9 MB/s eta 0:00:00
2026-09-15T15:50:31.1641836Z 
2026-09-15T15:50:31.1846053Z Installing collected packages: pip
2026-09-15T15:50:31.1847794Z Attempting uninstall: pip
2026-09-15T15:50:31.1868594Z Found existing installation: pip 25.0.1
2026-09-15T15:50:31.2205044Z Uninstalling pip-25.0.1:
2026-09-15T15:50:31.2261440Z Successfully uninstalled pip-25.0.1
2026-09-15T15:50:32.0983254Z Successfully installed pip-26.2.1
2026-09-15T15:50:32.1432186Z Create complete file
2026-09-15T15:50:32.1485568Z Successfully set up CPython (3.12.13)
2026-09-15T15:50:32.1486445Z ##[endgroup]
2026-09-15T15:50:32.1657120Z ##[group]Run python -m pip install uv==0.11.21
2026-09-15T15:50:32.1657568Z [36;1mpython -m pip install uv==0.11.21[0m
2026-09-15T15:50:32.1857482Z shell: /usr/bin/bash -e {0}
2026-09-15T15:50:32.1857802Z env:
2026-09-15T15:50:32.1858130Z   pythonLocation: /opt/hostedtoolcache/Python/3.12.13/x64
2026-09-15T15:50:32.1858692Z   PKG_CONFIG_PATH: /opt/hostedtoolcache/Python/3.12.13/x64/lib/pkgconfig
2026-09-15T15:50:32.1859221Z   Python_ROOT_DIR: /opt/hostedtoolcache/Python/3.12.13/x64
2026-09-15T15:50:32.1859735Z   Python2_ROOT_DIR: /opt/hostedtoolcache/Python/3.12.13/x64
2026-09-15T15:50:32.1860212Z   Python3_ROOT_DIR: /opt/hostedtoolcache/Python/3.12.13/x64
2026-09-15T15:50:32.1860690Z   LD_LIBRARY_PATH: /opt/hostedtoolcache/Python/3.12.13/x64/lib
2026-09-15T15:50:32.1861082Z ##[endgroup]
2026-09-15T15:50:32.8379989Z Collecting uv==0.11.21
2026-09-15T15:50:32.8597289Z   Downloading uv-0.11.21-py3-none-manylinux_2_17_x86_64.manylinux2014_x86_64.whl.metadata (11 kB)
2026-09-15T15:50:32.8678266Z Downloading uv-0.11.21-py3-none-manylinux_2_17_x86_64.manylinux2014_x86_64.whl (25.1 MB)
2026-09-15T15:50:32.9964839Z    ━━━━━━━━━━━━━━━━━━━━━━━━━━━━━━━━━━━━━━━━ 25.1/25.1 MB 210.5 MB/s  0:00:00
2026-09-15T15:50:33.0411482Z Installing collected packages: uv
2026-09-15T15:50:33.2992606Z Successfully installed uv-0.11.21
2026-09-15T15:50:33.3496303Z ##[group]Run uv sync --frozen
2026-09-15T15:50:33.3496655Z [36;1muv sync --frozen[0m
2026-09-15T15:50:33.3556862Z shell: /usr/bin/bash -e {0}
2026-09-15T15:50:33.3557133Z env:
2026-09-15T15:50:33.3557398Z   pythonLocation: /opt/hostedtoolcache/Python/3.12.13/x64
2026-09-15T15:50:33.3557844Z   PKG_CONFIG_PATH: /opt/hostedtoolcache/Python/3.12.13/x64/lib/pkgconfig
2026-09-15T15:50:33.3558282Z   Python_ROOT_DIR: /opt/hostedtoolcache/Python/3.12.13/x64
2026-09-15T15:50:33.3558666Z   Python2_ROOT_DIR: /opt/hostedtoolcache/Python/3.12.13/x64
2026-09-15T15:50:33.3559072Z   Python3_ROOT_DIR: /opt/hostedtoolcache/Python/3.12.13/x64
2026-09-15T15:50:33.3559463Z   LD_LIBRARY_PATH: /opt/hostedtoolcache/Python/3.12.13/x64/lib
2026-09-15T15:50:33.3559789Z ##[endgroup]
2026-09-15T15:50:33.4186376Z Using CPython 3.12.13 interpreter at: /opt/hostedtoolcache/Python/3.12.13/x64/bin/python3.12
2026-09-15T15:50:33.4187123Z Creating virtual environment at: .venv
2026-09-15T15:50:33.4890971Z Downloading ast-serialize (1.3MiB)
2026-09-15T15:50:33.4892768Z Downloading mypy (14.6MiB)
2026-09-15T15:50:33.4969439Z Downloading pygments (1.2MiB)
2026-09-15T15:50:33.4971544Z Downloading pydantic-core (2.0MiB)
2026-09-15T15:50:33.4973789Z Downloading ruff (9.9MiB)
2026-09-15T15:50:33.6927687Z  Downloaded ast-serialize
2026-09-15T15:50:33.7159466Z  Downloaded pydantic-core
2026-09-15T15:50:33.7785425Z  Downloaded ruff
2026-09-15T15:50:33.8586423Z  Downloaded pygments
2026-09-15T15:50:33.9969624Z  Downloaded mypy
2026-09-15T15:50:33.9973115Z Prepared 37 packages in 575ms
2026-09-15T15:50:34.0372813Z Installed 37 packages in 39ms
2026-09-15T15:50:34.0373610Z  + annotated-doc==0.0.5
2026-09-15T15:50:34.0374014Z  + annotated-types==0.8.0
2026-09-15T15:50:34.0374403Z  + anyio==4.15.1
2026-09-15T15:50:34.0374759Z  + ast-serialize==0.11.2
2026-09-15T15:50:34.0375130Z  + attrs==26.1.0
2026-09-15T15:50:34.0375462Z  + certifi==2026.7.22
2026-09-15T15:50:34.0375810Z  + click==8.5.0
2026-09-15T15:50:34.0376274Z  + defusedxml==0.7.1
2026-09-15T15:50:34.0376629Z  + fastapi==0.141.1
2026-09-15T15:50:34.0377041Z  + h11==0.16.0
2026-09-15T15:50:34.0379416Z  + httpcore==1.0.9
2026-09-15T15:50:34.0379626Z  + httpx==0.28.1
2026-09-15T15:50:34.0380049Z  + idna==3.19
2026-09-15T15:50:34.0380380Z  + iniconfig==2.3.0
2026-09-15T15:50:34.0380680Z  + jsonschema==4.26.0
2026-09-15T15:50:34.0380932Z  + jsonschema-specifications==2025.9.1
2026-09-15T15:50:34.0394757Z  + librt==0.15.0
2026-09-15T15:50:34.0402796Z  + markdown-it-py==4.2.0
2026-09-15T15:50:34.0403503Z  + mdurl==0.1.2
2026-09-15T15:50:34.0403835Z  + mypy==2.3.1
2026-09-15T15:50:34.0404185Z  + mypy-extensions==1.1.0
2026-09-15T15:50:34.0404582Z  + packaging==26.3
2026-09-15T15:50:34.0404932Z  + pathspec==1.1.1
2026-09-15T15:50:34.0405265Z  + pluggy==1.6.0
2026-09-15T15:50:34.0405598Z  + pydantic==2.13.5
2026-09-15T15:50:34.0405955Z  + pydantic-core==2.46.5
2026-09-15T15:50:34.0406302Z  + pygments==2.21.0
2026-09-15T15:50:34.0406501Z  + pypdf==6.18.1
2026-09-15T15:50:34.0406704Z  + pytest==9.1.1
2026-09-15T15:50:34.0406913Z  + python-multipart==0.0.32
2026-09-15T15:50:34.0407161Z  + referencing==0.37.0
2026-09-15T15:50:34.0407378Z  + rpds-py==2026.6.3
2026-09-15T15:50:34.0407583Z  + ruff==0.16.7
2026-09-15T15:50:34.0407796Z  + starlette==1.6.0
2026-09-15T15:50:34.0408008Z  + typing-extensions==4.16.0
2026-09-15T15:50:34.0408252Z  + typing-inspection==0.4.4
2026-09-15T15:50:34.0408606Z  + uvicorn==0.53.0
2026-09-15T15:50:34.0455680Z ##[group]Run sudo apt-get update
2026-09-15T15:50:34.0456016Z [36;1msudo apt-get update[0m
2026-09-15T15:50:34.0456645Z [36;1msudo apt-get install -y bubblewrap=0.11.1-1ubuntu0.1 apparmor=5.0.2-0ubuntu1~26.04.1 libapparmor1=5.0.2-0ubuntu1~26.04.1 libseccomp2=2.6.0-2ubuntu5[0m
2026-09-15T15:50:34.0457394Z [36;1mdpkg-query -W bubblewrap apparmor libapparmor1 libseccomp2[0m
2026-09-15T15:50:34.0457842Z [36;1mtest -f /etc/apparmor.d/bwrap-userns-restrict[0m
2026-09-15T15:50:34.0458180Z [36;1mbwrap --version[0m
2026-09-15T15:50:34.0516137Z shell: /usr/bin/bash -e {0}
2026-09-15T15:50:34.0516394Z env:
2026-09-15T15:50:34.0516676Z   pythonLocation: /opt/hostedtoolcache/Python/3.12.13/x64
2026-09-15T15:50:34.0517138Z   PKG_CONFIG_PATH: /opt/hostedtoolcache/Python/3.12.13/x64/lib/pkgconfig
2026-09-15T15:50:34.0517608Z   Python_ROOT_DIR: /opt/hostedtoolcache/Python/3.12.13/x64
2026-09-15T15:50:34.0517990Z   Python2_ROOT_DIR: /opt/hostedtoolcache/Python/3.12.13/x64
2026-09-15T15:50:34.0518399Z   Python3_ROOT_DIR: /opt/hostedtoolcache/Python/3.12.13/x64
2026-09-15T15:50:34.0518786Z   LD_LIBRARY_PATH: /opt/hostedtoolcache/Python/3.12.13/x64/lib
2026-09-15T15:50:34.0519103Z ##[endgroup]
2026-09-15T15:50:34.1390437Z Get:1 file:/etc/apt/apt-mirrors.txt Mirrorlist [144 B]
2026-09-15T15:50:34.1735134Z Hit:2 http://azure.archive.ubuntu.com/ubuntu resolute InRelease
2026-09-15T15:50:34.1736501Z Get:6 https://packages.microsoft.com/ubuntu/26.04/prod resolute InRelease [3964 B]
2026-09-15T15:50:34.1784414Z Get:3 http://azure.archive.ubuntu.com/ubuntu resolute-updates InRelease [137 kB]
2026-09-15T15:50:34.1816140Z Get:4 http://azure.archive.ubuntu.com/ubuntu resolute-backports InRelease [137 kB]
2026-09-15T15:50:34.1852835Z Get:5 http://azure.archive.ubuntu.com/ubuntu resolute-security InRelease [137 kB]
2026-09-15T15:50:34.2007874Z Get:7 https://dl.google.com/linux/chrome-stable/deb stable InRelease [2548 B]
2026-09-15T15:50:34.2095459Z Get:8 https://packages.microsoft.com/ubuntu/26.04/prod resolute/main amd64 Packages [59.9 kB]
2026-09-15T15:50:34.2292555Z Get:9 http://azure.archive.ubuntu.com/ubuntu resolute-updates/main amd64v3 Packages [610 kB]
2026-09-15T15:50:34.2302572Z Get:19 https://packages.microsoft.com/ubuntu/26.04/prod resolute/main arm64 Packages [52.1 kB]
2026-09-15T15:50:34.2436911Z Get:10 http://azure.archive.ubuntu.com/ubuntu resolute-updates/main Translation-en [145 kB]
2026-09-15T15:50:34.2442303Z Get:11 http://azure.archive.ubuntu.com/ubuntu resolute-updates/main amd64 Components [97.8 kB]
2026-09-15T15:50:34.2454074Z Get:12 http://azure.archive.ubuntu.com/ubuntu resolute-updates/universe amd64v3 Packages [293 kB]
2026-09-15T15:50:34.2536930Z Get:13 http://azure.archive.ubuntu.com/ubuntu resolute-updates/universe Translation-en [93.2 kB]
2026-09-15T15:50:34.2705323Z Get:14 http://azure.archive.ubuntu.com/ubuntu resolute-updates/universe amd64 Components [188 kB]
2026-09-15T15:50:34.2721728Z Get:15 http://azure.archive.ubuntu.com/ubuntu resolute-updates/restricted amd64v3 Packages [409 kB]
2026-09-15T15:50:34.2724534Z Get:16 http://azure.archive.ubuntu.com/ubuntu resolute-updates/restricted Translation-en [79.5 kB]
2026-09-15T15:50:34.2726595Z Get:17 http://azure.archive.ubuntu.com/ubuntu resolute-updates/multiverse amd64v3 Packages [11.6 kB]
2026-09-15T15:50:34.2732533Z Get:18 http://azure.archive.ubuntu.com/ubuntu resolute-updates/multiverse Translation-en [3036 B]
2026-09-15T15:50:34.3030880Z Get:31 https://dl.google.com/linux/chrome-stable/deb stable/main amd64 Packages [1415 B]
2026-09-15T15:50:34.3221351Z Get:20 http://azure.archive.ubuntu.com/ubuntu resolute-backports/universe amd64 Components [1056 B]
2026-09-15T15:50:34.3256266Z Get:21 http://azure.archive.ubuntu.com/ubuntu resolute-security/main amd64v3 Packages [476 kB]
2026-09-15T15:50:34.3274106Z Get:22 http://azure.archive.ubuntu.com/ubuntu resolute-security/main Translation-en [111 kB]
2026-09-15T15:50:34.3288956Z Get:23 http://azure.archive.ubuntu.com/ubuntu resolute-security/main amd64 Components [46.6 kB]
2026-09-15T15:50:34.3305023Z Get:24 http://azure.archive.ubuntu.com/ubuntu resolute-security/universe amd64v3 Packages [173 kB]
2026-09-15T15:50:34.3324673Z Get:25 http://azure.archive.ubuntu.com/ubuntu resolute-security/universe Translation-en [54.4 kB]
2026-09-15T15:50:34.3342227Z Get:26 http://azure.archive.ubuntu.com/ubuntu resolute-security/universe amd64 Components [43.4 kB]
2026-09-15T15:50:34.3356645Z Get:27 http://azure.archive.ubuntu.com/ubuntu resolute-security/restricted amd64v3 Packages [399 kB]
2026-09-15T15:50:34.3385080Z Get:28 http://azure.archive.ubuntu.com/ubuntu resolute-security/restricted Translation-en [77.7 kB]
2026-09-15T15:50:34.3400626Z Get:29 http://azure.archive.ubuntu.com/ubuntu resolute-security/multiverse amd64v3 Packages [10.9 kB]
2026-09-15T15:50:34.3414208Z Get:30 http://azure.archive.ubuntu.com/ubuntu resolute-security/multiverse Translation-en [2844 B]
2026-09-15T15:50:37.6294488Z Fetched 3858 kB in 0s (9654 kB/s)
2026-09-15T15:50:38.2238567Z Reading package lists...
2026-09-15T15:50:38.2577544Z Reading package lists...
2026-09-15T15:50:38.3822471Z Building dependency tree...
2026-09-15T15:50:38.3828829Z Reading state information...
2026-09-15T15:50:38.4122525Z bubblewrap is already the newest version (0.11.1-1ubuntu0.1).
2026-09-15T15:50:38.4123155Z bubblewrap set to manually installed.
2026-09-15T15:50:38.4123677Z apparmor is already the newest version (5.0.2-0ubuntu1~26.04.1).
2026-09-15T15:50:38.4124226Z apparmor set to manually installed.
2026-09-15T15:50:38.4124746Z libapparmor1 is already the newest version (5.0.2-0ubuntu1~26.04.1).
2026-09-15T15:50:38.4125312Z libapparmor1 set to manually installed.
2026-09-15T15:50:38.4125810Z libseccomp2 is already the newest version (2.6.0-2ubuntu5).
2026-09-15T15:50:38.4126384Z libseccomp2 set to manually installed.
2026-09-15T15:50:38.4600402Z Solving dependencies...
2026-09-15T15:50:38.5708744Z 0 upgraded, 0 newly installed, 0 to remove and 76 not upgraded.
2026-09-15T15:50:38.5845944Z apparmor	5.0.2-0ubuntu1~26.04.1
2026-09-15T15:50:38.5846439Z bubblewrap	0.11.1-1ubuntu0.1
2026-09-15T15:50:38.5846866Z libapparmor1:amd64	5.0.2-0ubuntu1~26.04.1
2026-09-15T15:50:38.5847172Z libseccomp2:amd64	2.6.0-2ubuntu5
2026-09-15T15:50:38.6083192Z bubblewrap 0.11.1
2026-09-15T15:50:38.6118811Z ##[group]Run uv run --frozen pytest tests/integration
2026-09-15T15:50:38.6119224Z [36;1muv run --frozen pytest tests/integration[0m
2026-09-15T15:50:38.6177671Z shell: /usr/bin/bash -e {0}
2026-09-15T15:50:38.6177915Z env:
2026-09-15T15:50:38.6178182Z   pythonLocation: /opt/hostedtoolcache/Python/3.12.13/x64
2026-09-15T15:50:38.6178616Z   PKG_CONFIG_PATH: /opt/hostedtoolcache/Python/3.12.13/x64/lib/pkgconfig
2026-09-15T15:50:38.6179060Z   Python_ROOT_DIR: /opt/hostedtoolcache/Python/3.12.13/x64
2026-09-15T15:50:38.6179441Z   Python2_ROOT_DIR: /opt/hostedtoolcache/Python/3.12.13/x64
2026-09-15T15:50:38.6180006Z   Python3_ROOT_DIR: /opt/hostedtoolcache/Python/3.12.13/x64
2026-09-15T15:50:38.6180397Z   LD_LIBRARY_PATH: /opt/hostedtoolcache/Python/3.12.13/x64/lib
2026-09-15T15:50:38.6180712Z ##[endgroup]
2026-09-15T15:50:43.3600651Z ============================= test session starts ==============================
2026-09-15T15:50:43.3601750Z platform linux -- Python 3.12.13, pytest-9.1.1, pluggy-1.6.0
2026-09-15T15:50:43.3602568Z rootdir: <github-runner-home>/work/Learning_Workbench/Learning_Workbench
2026-09-15T15:50:43.3603220Z configfile: pyproject.toml
2026-09-15T15:50:43.3603686Z plugins: anyio-4.15.1
2026-09-15T15:50:43.3604114Z collected 719 items
2026-09-15T15:50:43.3604351Z 
2026-09-15T15:51:09.3477729Z tests/integration/test_assessment_attempts.py .......................... [  3%]
2026-09-15T15:51:19.6106257Z ...........                                                              [  5%]
2026-09-15T15:51:43.4762442Z tests/integration/test_assessment_grading.py ....................        [  7%]
2026-09-15T15:51:49.1670720Z tests/integration/test_assessment_independent_review.py .......          [  8%]
2026-09-15T15:51:58.3447786Z tests/integration/test_assessment_learning_port.py ...........           [ 10%]
2026-09-15T15:52:14.9589015Z tests/integration/test_assessment_policy.py ...................          [ 13%]
2026-09-15T15:52:26.6801118Z tests/integration/test_assessment_review_history.py ........             [ 14%]
2026-09-15T15:52:35.3198120Z tests/integration/test_concept_states.py .........                       [ 15%]
2026-09-15T15:52:39.9466635Z tests/integration/test_content_http.py ...........                       [ 16%]
2026-09-15T15:52:41.0265139Z tests/integration/test_content_repository.py ........................... [ 20%]
2026-09-15T15:52:41.3912703Z ........                                                                 [ 21%]
2026-09-15T15:52:52.2410211Z tests/integration/test_content_retrieval.py .....................        [ 24%]
2026-09-15T15:53:04.3542658Z tests/integration/test_document_http.py ......                           [ 25%]
2026-09-15T15:53:11.5888136Z tests/integration/test_document_imports.py ......                        [ 26%]
2026-09-15T15:53:17.8798577Z tests/integration/test_evidence_independent_review.py ......             [ 27%]
2026-09-15T15:53:21.8604171Z tests/integration/test_grading_queue_isolation.py ..                     [ 27%]
2026-09-15T15:53:35.3188202Z tests/integration/test_import_http.py ...............                    [ 29%]
2026-09-15T15:53:56.4163770Z tests/integration/test_import_repository.py ............................ [ 33%]
2026-09-15T15:54:09.4711799Z ......                                                                   [ 34%]
2026-09-15T15:54:11.9353841Z tests/integration/test_learner_profile.py ....................           [ 37%]
2026-09-15T15:54:12.8006654Z tests/integration/test_learning_action_integrity.py ...                  [ 37%]
2026-09-15T15:54:17.6334224Z tests/integration/test_learning_activity_access.py ......                [ 38%]
2026-09-15T15:54:18.3412425Z tests/integration/test_learning_content_scope.py ...............         [ 40%]
2026-09-15T15:54:19.5978076Z tests/integration/test_learning_course_history.py ..                     [ 40%]
2026-09-15T15:54:37.1593370Z tests/integration/test_learning_evidence.py ................             [ 42%]
2026-09-15T15:54:40.1865687Z tests/integration/test_learning_state_observations.py ...                [ 43%]
2026-09-15T15:54:43.8673942Z tests/integration/test_notes_learning.py ............................... [ 47%]
2026-09-15T15:54:45.6807982Z .................                                                        [ 50%]
2026-09-15T15:54:52.8059783Z tests/integration/test_practice_grading.py .........                     [ 51%]
2026-09-15T15:55:00.4008563Z tests/integration/test_practice_independent_review.py ........           [ 52%]
2026-09-15T15:55:00.9866295Z tests/integration/test_practice_learning_port.py ............            [ 54%]
2026-09-15T15:55:32.4429008Z tests/integration/test_practice_model_help.py ...........                [ 55%]
2026-09-15T15:55:51.2906568Z tests/integration/test_practice_sessions.py ........................     [ 58%]
2026-09-15T15:55:57.3556392Z tests/integration/test_provenance_recovery_integrity.py ......           [ 59%]
2026-09-15T15:55:57.7609693Z tests/integration/test_provider_config.py ........                       [ 60%]
2026-09-15T15:55:58.3671144Z tests/integration/test_provider_consents.py ......                       [ 61%]
2026-09-15T15:56:13.4040258Z tests/integration/test_provider_dispatch.py ..........................   [ 65%]
2026-09-15T15:56:21.9820068Z tests/integration/test_provider_http.py ..............                   [ 67%]
2026-09-15T15:56:22.9133639Z tests/integration/test_provider_lifecycle.py .                           [ 67%]
2026-09-15T15:56:23.1002291Z tests/integration/test_provider_migration.py ..                          [ 67%]
2026-09-15T15:56:23.2809939Z tests/integration/test_question_qualification.py ....                    [ 68%]
2026-09-15T15:56:23.4618172Z tests/integration/test_reader_directory.py ....                          [ 68%]
2026-09-15T15:56:33.8556885Z tests/integration/test_reader_provenance.py ...........                  [ 70%]
2026-09-15T15:56:35.2660829Z tests/integration/test_recommendation_content_access.py ................ [ 72%]
2026-09-15T15:56:35.8090640Z .......                                                                  [ 73%]
2026-09-15T15:56:38.0685081Z tests/integration/test_recommendation_http.py ..                         [ 73%]
2026-09-15T15:56:53.0380477Z tests/integration/test_recommendation_source_ports.py ..............     [ 75%]
2026-09-15T15:56:55.2501058Z tests/integration/test_recommendation_worker_readiness.py ..........     [ 77%]
2026-09-15T15:57:32.8026117Z tests/integration/test_recommendations.py .............................  [ 81%]
2026-09-15T15:58:42.1461595Z tests/integration/test_retrieval.py .........................            [ 84%]
2026-09-15T15:58:44.7642344Z tests/integration/test_retrieval_integrity.py ............               [ 86%]
2026-09-15T15:58:44.8553532Z tests/integration/test_retrieval_migration.py ..                         [ 86%]
2026-09-15T15:58:45.2618272Z tests/integration/test_route_completion_sources.py ........              [ 87%]
2026-09-15T15:58:47.6208739Z tests/integration/test_routes_commands.py .............                  [ 89%]
2026-09-15T15:58:53.9130814Z tests/integration/test_tutor_context.py ............                     [ 91%]
2026-09-15T15:59:00.3486988Z tests/integration/test_tutor_http.py ......                              [ 92%]
2026-09-15T15:59:08.3375886Z tests/integration/test_tutor_jobs_http.py ..........                     [ 93%]
2026-09-15T15:59:08.4529837Z tests/integration/test_tutor_replay_integrity.py ..                      [ 93%]
2026-09-15T15:59:28.1251702Z tests/integration/test_tutor_runs.py ....................                [ 96%]
2026-09-15T15:59:29.5228654Z tests/integration/test_tutor_worker_fairness.py ....                     [ 97%]
2026-09-15T15:59:37.3247661Z tests/integration/test_workbench_assessment_policy.py ......             [ 97%]
2026-09-15T15:59:42.7150091Z tests/integration/test_workbench_persistence.py ...............          [100%]
2026-09-15T15:59:42.7150695Z 
2026-09-15T15:59:42.7151786Z =============================== warnings summary ===============================
2026-09-15T15:59:42.7152501Z .venv/lib/python3.12/site-packages/fastapi/testclient.py:1
2026-09-15T15:59:42.7154256Z   <github-runner-home>/work/Learning_Workbench/Learning_Workbench/.venv/lib/python3.12/site-packages/fastapi/testclient.py:1: StarletteDeprecationWarning: Using `httpx` with `starlette.testclient` is deprecated; install `httpx2` instead.
2026-09-15T15:59:42.7156362Z     from starlette.testclient import TestClient as TestClient  # noqa
2026-09-15T15:59:42.7156968Z 
2026-09-15T15:59:42.7157332Z .venv/lib/python3.12/site-packages/starlette/testclient.py:53
2026-09-15T15:59:42.7160025Z   <github-runner-home>/work/Learning_Workbench/Learning_Workbench/.venv/lib/python3.12/site-packages/starlette/testclient.py:53: DeprecationWarning: The anyio.abc.BlockingPortal alias is deprecated, use anyio.from_thread.BlockingPortal instead.
2026-09-15T15:59:42.7162807Z     _PortalFactoryType = Callable[[], AbstractContextManager[anyio.abc.BlockingPortal]]
2026-09-15T15:59:42.7163604Z 
2026-09-15T15:59:42.7164026Z -- Docs: https://docs.pytest.org/en/stable/how-to/capture-warnings.html
2026-09-15T15:59:42.7164881Z ================= 719 passed, 2 warnings in 543.09s (0:09:03) ==================
2026-09-15T15:59:42.9843142Z Post job cleanup.
2026-09-15T15:59:43.1180431Z Post job cleanup.
2026-09-15T15:59:43.2093692Z [command]/usr/bin/git version
2026-09-15T15:59:43.2142280Z git version 2.55.0
2026-09-15T15:59:43.2192557Z Temporarily overriding HOME='<github-runner-home>/work/_temp/a6cfe157-b035-46e5-a9f7-48ea972ca2b8' before making global git config changes
2026-09-15T15:59:43.2194205Z Adding repository directory to the temporary git global config as a safe directory
2026-09-15T15:59:43.2195774Z [command]/usr/bin/git config --global --add safe.directory <github-runner-home>/work/Learning_Workbench/Learning_Workbench
2026-09-15T15:59:43.2222910Z Removing SSH command configuration
2026-09-15T15:59:43.2229433Z [command]/usr/bin/git config --local --name-only --get-regexp core\.sshCommand
2026-09-15T15:59:43.2270130Z [command]/usr/bin/git submodule foreach --recursive sh -c "git config --local --name-only --get-regexp 'core\.sshCommand' && git config --local --unset-all 'core.sshCommand' || :"
2026-09-15T15:59:43.2592261Z Removing HTTP extra header
2026-09-15T15:59:43.2599267Z [command]/usr/bin/git config --local --name-only --get-regexp http\.https\:\/\/github\.com\/\.extraheader
2026-09-15T15:59:43.2640248Z [command]/usr/bin/git submodule foreach --recursive sh -c "git config --local --name-only --get-regexp 'http\.https\:\/\/github\.com\/\.extraheader' && git config --local --unset-all 'http.https://github.com/.extraheader' || :"
2026-09-15T15:59:43.3073058Z Removing includeIf entries pointing to credentials config files
2026-09-15T15:59:43.3074100Z [command]/usr/bin/git config --local --name-only --get-regexp ^includeIf\.gitdir:
2026-09-15T15:59:43.3108420Z includeif.gitdir:<github-runner-home>/work/Learning_Workbench/Learning_Workbench/.git.path
2026-09-15T15:59:43.3117092Z includeif.gitdir:<github-runner-home>/work/Learning_Workbench/Learning_Workbench/.git/worktrees/*.path
2026-09-15T15:59:43.3118024Z includeif.gitdir:/github/workspace/.git.path
2026-09-15T15:59:43.3118662Z includeif.gitdir:/github/workspace/.git/worktrees/*.path
2026-09-15T15:59:43.3123138Z [command]/usr/bin/git config --local --get-all includeif.gitdir:<github-runner-home>/work/Learning_Workbench/Learning_Workbench/.git.path
2026-09-15T15:59:43.3149048Z <github-runner-home>/work/_temp/git-credentials-7574218e-1f39-4402-8eee-ed6e8f5bae05.config
2026-09-15T15:59:43.3163650Z [command]/usr/bin/git config --local --unset includeif.gitdir:<github-runner-home>/work/Learning_Workbench/Learning_Workbench/.git.path \/home\/runner\/work\/_temp\/git\-credentials\-7574218e\-1f39\-4402\-8eee\-ed6e8f5bae05\.config
2026-09-15T15:59:43.3199989Z [command]/usr/bin/git config --local --get-all includeif.gitdir:<github-runner-home>/work/Learning_Workbench/Learning_Workbench/.git/worktrees/*.path
2026-09-15T15:59:43.3229160Z <github-runner-home>/work/_temp/git-credentials-7574218e-1f39-4402-8eee-ed6e8f5bae05.config
2026-09-15T15:59:43.3240875Z [command]/usr/bin/git config --local --unset includeif.gitdir:<github-runner-home>/work/Learning_Workbench/Learning_Workbench/.git/worktrees/*.path \/home\/runner\/work\/_temp\/git\-credentials\-7574218e\-1f39\-4402\-8eee\-ed6e8f5bae05\.config
2026-09-15T15:59:43.3275619Z [command]/usr/bin/git config --local --get-all includeif.gitdir:/github/workspace/.git.path
2026-09-15T15:59:43.3300516Z /github/runner_temp/git-credentials-7574218e-1f39-4402-8eee-ed6e8f5bae05.config
2026-09-15T15:59:43.3309156Z [command]/usr/bin/git config --local --unset includeif.gitdir:/github/workspace/.git.path \/github\/runner_temp\/git\-credentials\-7574218e\-1f39\-4402\-8eee\-ed6e8f5bae05\.config
2026-09-15T15:59:43.3346057Z [command]/usr/bin/git config --local --get-all includeif.gitdir:/github/workspace/.git/worktrees/*.path
2026-09-15T15:59:43.3372415Z /github/runner_temp/git-credentials-7574218e-1f39-4402-8eee-ed6e8f5bae05.config
2026-09-15T15:59:43.3378570Z [command]/usr/bin/git config --local --unset includeif.gitdir:/github/workspace/.git/worktrees/*.path \/github\/runner_temp\/git\-credentials\-7574218e\-1f39\-4402\-8eee\-ed6e8f5bae05\.config
2026-09-15T15:59:43.3415024Z [command]/usr/bin/git submodule foreach --recursive git config --local --show-origin --name-only --get-regexp remote.origin.url
2026-09-15T15:59:43.3708742Z Removing credentials config '<github-runner-home>/work/_temp/git-credentials-7574218e-1f39-4402-8eee-ed6e8f5bae05.config'
2026-09-15T15:59:43.3863898Z Cleaning up orphan processes
