
 RUN  v5.0.0 $HOME/.cache/learning-workbench-acceptance/m62-evidence-combined-review-oct03/apps/web

 ✓ src/api/sessionAccess.test.ts > a fresh session cannot be admitted during a pending role change to author 4ms
 ✓ src/api/sessionAccess.test.ts > a fresh session cannot be admitted during a pending role change to learner 1ms
 ✓ src/api/sessionAccess.test.ts > two pending access mutations keep session reads fenced while safe job controls remain usable 1ms
 ✓ src/api/sessionAccess.test.ts > failed network mutation releases the fence and requires an actual fresh session response 1ms
 ✓ src/api/sessionAccess.test.ts > failed abort mutation releases the fence and requires an actual fresh session response 0ms
 ✓ src/api/sessionAccess.test.ts > failed http mutation releases the fence and requires an actual fresh session response 0ms
 ✓ src/api/sessionAccess.test.ts > initial session and CSRF acquisition do not deadlock the first explicit role request 1ms
 ✓ src/api/sessionAccess.test.ts > bootstrap can settle while simultaneous session readers wait, then the first role operation proceeds 4ms
 ✓ src/features/evidenceApplicability/sessionTransition.test.tsx > mounted and newly opened applicability owners remain hidden during a real client role mutation and retain original ACK memory 77ms
 ✓ src/features/evidenceApplicability/sessionTransition.test.tsx > an old already-dispatched author session response cannot readmit its owner after learner completion 5ms
 ✓ src/features/evidenceApplicability/applicability.test.tsx > strict source/owner pins, selected event, CAS/body and original ACK binding reject substitution 5ms
 ✓ src/features/evidenceApplicability/applicability.test.tsx > read-only selection never adopts new basis; 412 preserves original and explicit correction uses a new key 70ms
stdout | src/features/evidenceApplicability/independentLateAckProbe.test.tsx > late ACK after role generation change remains original-session save-only recoverable
LATE_ACK_OBSERVATION {"kind":"role","received_ack":true,"retained_original_ack":true,"pending_after_ack":true,"other_session_retained":0,"original_role_save_available":true,"old_generation_replay_disabled":true,"decision_posts_before_save":1}

 ✓ src/features/evidenceApplicability/independentLateAckProbe.test.tsx > control: same access generation saves a received ACK with exactly one decision POST 165ms
 ✓ src/features/evidenceApplicability/applicability.test.tsx > lost ACK retains one durable original; no duplicate key, explicit replay only, current remains separately read 57ms
 ✓ src/features/evidenceApplicability/lateAckIsolation.test.tsx > late ACK remains isolated from a different current session and survives an original-session save abort without another POST 226ms
stdout | src/features/evidenceApplicability/independentLateAckProbe.test.tsx > late ACK after policy generation change remains original-session save-only recoverable
LATE_ACK_OBSERVATION {"kind":"policy","received_ack":true,"retained_original_ack":true,"pending_after_ack":true,"other_session_retained":0,"original_role_save_available":true,"old_generation_replay_disabled":true,"decision_posts_before_save":1}

 ✓ src/features/evidenceApplicability/independentLateAckProbe.test.tsx > late ACK after role generation change remains original-session save-only recoverable 85ms
 ✓ src/features/evidenceApplicability/independentLateAckProbe.test.tsx > late ACK after policy generation change remains original-session save-only recoverable 78ms
 ✓ src/features/evidenceApplicability/lateAckIsolation.test.tsx > a late response with substituted original-command binding cannot become an isolated ACK 158ms
 ✓ src/features/evidenceApplicability/independentLateAckProbe.test.tsx > control: a lost response without access change remains explicitly recoverable using the exact original key and body 60ms
 ✓ src/features/evidenceApplicability/applicability.test.tsx > IDB failure before_http survives unmount, hides under other session, saves original without HTTP after role-cycle 162ms
 ✓ src/features/evidenceApplicability/applicability.test.tsx > IDB failure after_ack survives unmount, hides under other session, saves original without HTTP after role-cycle 163ms
 ✓ src/features/evidenceApplicability/applicability.test.tsx > late ACK after permission generation change cannot relabel old durable command 106ms
 ✓ src/features/evidenceApplicability/applicability.test.tsx > old page origin and unresolved receipt never permit replacement-key replay 54ms
 ✓ src/features/evidenceApplicability/applicability.test.tsx > delayed command ledger cannot send a discarded or newly selected frozen basis 52ms
 ✓ src/features/evidenceApplicability/applicability.test.tsx > pagination refuses changed basis and unknown event IDs have zero GETs 54ms
 ✓ src/features/evidenceApplicability/applicability.test.tsx > real panel separates explicit read/adopt/confirmation and never defaults usable 121ms
 ✓ src/features/evidenceApplicability/applicability.test.tsx > current independent assessment Policy forbids reading cached commands or issuing writes 3ms
 ✓ src/features/evidenceApplicability/applicability.test.tsx > current open_book assessment Policy forbids reading cached commands or issuing writes 3ms
 ✓ src/features/evidenceApplicability/applicability.test.tsx > a real Policy rejection clears previously displayed pins and pending form basis 54ms
 ✓ src/features/evidenceApplicability/applicability.test.tsx > journal keeps original ACK through reopening and refuses changed immutable body or conflicting ACK without persisting session secrets 57ms
 ✓ src/features/evidenceApplicability/applicability.test.tsx > history pagination preserves the bounded wire page separately from more than 100 accumulated receipts 55ms
 ✓ src/features/evidenceApplicability/applicability.test.tsx > a newly observed different session cannot inherit this page command even without an access-counter notification 54ms

 Test Files  5 passed (5)
      Tests  32 passed (32)
   Start at  00:03:35
   Duration  1.62s (tests 48%, environment 28%, transform 16%, import 8%)

