
> @learning-workbench/web@0.1.0 test:e2e
> playwright test --config ../../tests/e2e/playwright.config.ts tutor.spec.ts -g lost Run ACK

[WebServer] INFO:     Started server process [813846]
[WebServer] INFO:     Waiting for application startup.
[WebServer] INFO:     Application startup complete.
[WebServer] INFO:     Uvicorn running on http://127.0.0.1:8765 (Press CTRL+C to quit)
[WebServer] (node:813875) Warning: The 'NO_COLOR' env is ignored due to the 'FORCE_COLOR' env being set.
[WebServer] (Use `node --trace-warnings ...` to show where the warning was created)

Running 1 test using 1 worker

(node:813931) Warning: The 'NO_COLOR' env is ignored due to the 'FORCE_COLOR' env being set.
(Use `node --trace-warnings ...` to show where the warning was created)
  ✘  1 ../../tests/e2e/tutor.spec.ts:77:1 › lost Run ACK replays original bytes and cross-page open-book hides academic content while retaining cancellation (16.8s)


  1) ../../tests/e2e/tutor.spec.ts:77:1 › lost Run ACK replays original bytes and cross-page open-book hides academic content while retaining cancellation 

    TimeoutError: locator.click: Timeout 10000ms exceeded.
    Call log:
      - waiting for getByRole('region', { name: '问答任务停止控制', exact: true }).getByRole('button', { name: '明确请求取消此任务', exact: true })


      127 |     const controls = page.getByRole('region', { name: '问答任务停止控制', exact: true })
      128 |     await controls.getByRole('button', { name: `读取任务控制 ${id}`, exact: true }).click()
    > 129 |     await controls.getByRole('button', { name: '明确请求取消此任务', exact: true }).click()
          |                                                                            ^
      130 |     await expect(controls.getByText('已有原取消回执；请重新读取实际控制状态，不把回执当作当前或远端终态。', { exact: true })).toBeVisible()
      131 |     await controls.getByRole('button', { name: `读取任务控制 ${id}`, exact: true }).click()
      132 |     await expect(controls.getByText(new RegExp(`${id} · cancelled · r`))).toBeVisible()
        at <private-home>/.cache/learning-workbench-acceptance/m53-active/tests/e2e/tutor.spec.ts:129:76

    attachment #1: screenshot (image/png) ──────────────────────────────────────────────────────────
    ../../../m53-ui-development/native-21-artifacts/tutor-lost-Run-ACK-replays-f849d-hile-retaining-cancellation/test-failed-1.png
    ────────────────────────────────────────────────────────────────────────────────────────────────

    attachment #2: screenshot (image/png) ──────────────────────────────────────────────────────────
    ../../../m53-ui-development/native-21-artifacts/tutor-lost-Run-ACK-replays-f849d-hile-retaining-cancellation/test-failed-2.png
    ────────────────────────────────────────────────────────────────────────────────────────────────

    Error Context: ../../../m53-ui-development/native-21-artifacts/tutor-lost-Run-ACK-replays-f849d-hile-retaining-cancellation/error-context.md

  1 failed
    ../../tests/e2e/tutor.spec.ts:77:1 › lost Run ACK replays original bytes and cross-page open-book hides academic content while retaining cancellation 
