FF.........                                                              [100%]
=================================== FAILURES ===================================
________ test_missing_current_target_revision_is_integrity_error[False] ________

case = Case(database=<services.api.app.infrastructure.database.Database object at 0x7af701951e80>, identity=SessionIdentity(i...i.app.application.content.ContentService object at 0x7af701541eb0>, event_id='outbox_4a3d809667dd4da9b3a6f978d78f49f7')
filtered = False

    @pytest.mark.parametrize('filtered', [False, True])
    def test_missing_current_target_revision_is_integrity_error(case, filtered):
        # A retained exact target and its historical ref remain intact; its current
        # pointer now names absent storage. This is not a caller-supplied missing ID.
>       fault(case, "UPDATE objects SET current_revision=999 WHERE id='lesson'")

../evidence/test_independent_discovery.py:32: 
_ _ _ _ _ _ _ _ _ _ _ _ _ _ _ _ _ _ _ _ _ _ _ _ _ _ _ _ _ _ _ _ _ _ _ _ _ _ _ _ 

case = Case(database=<services.api.app.infrastructure.database.Database object at 0x7af701951e80>, identity=SessionIdentity(i...i.app.application.content.ContentService object at 0x7af701541eb0>, event_id='outbox_4a3d809667dd4da9b3a6f978d78f49f7')
sql = "UPDATE objects SET current_revision=999 WHERE id='lesson'", args = ()

    def fault(case, sql, args=()):
        with case.database.connect() as conn:
            conn.execute('PRAGMA foreign_keys=OFF')
            conn.execute('BEGIN IMMEDIATE')
>           conn.execute(sql, args)
E           sqlite3.IntegrityError: current pointer must reference own published revision

../evidence/test_independent_discovery.py:15: IntegrityError
________ test_missing_current_target_revision_is_integrity_error[True] _________

case = Case(database=<services.api.app.infrastructure.database.Database object at 0x7af700b17d70>, identity=SessionIdentity(i...i.app.application.content.ContentService object at 0x7af6fbf02270>, event_id='outbox_3b89302b0b41472b96a6e9872955909f')
filtered = True

    @pytest.mark.parametrize('filtered', [False, True])
    def test_missing_current_target_revision_is_integrity_error(case, filtered):
        # A retained exact target and its historical ref remain intact; its current
        # pointer now names absent storage. This is not a caller-supplied missing ID.
>       fault(case, "UPDATE objects SET current_revision=999 WHERE id='lesson'")

../evidence/test_independent_discovery.py:32: 
_ _ _ _ _ _ _ _ _ _ _ _ _ _ _ _ _ _ _ _ _ _ _ _ _ _ _ _ _ _ _ _ _ _ _ _ _ _ _ _ 

case = Case(database=<services.api.app.infrastructure.database.Database object at 0x7af700b17d70>, identity=SessionIdentity(i...i.app.application.content.ContentService object at 0x7af6fbf02270>, event_id='outbox_3b89302b0b41472b96a6e9872955909f')
sql = "UPDATE objects SET current_revision=999 WHERE id='lesson'", args = ()

    def fault(case, sql, args=()):
        with case.database.connect() as conn:
            conn.execute('PRAGMA foreign_keys=OFF')
            conn.execute('BEGIN IMMEDIATE')
>           conn.execute(sql, args)
E           sqlite3.IntegrityError: current pointer must reference own published revision

../evidence/test_independent_discovery.py:15: IntegrityError
=============================== warnings summary ===============================
../../../../Desktop/learning/Learning_Workbench/.venv/lib/python3.12/site-packages/fastapi/testclient.py:1
  $HOME/Desktop/learning/Learning_Workbench/.venv/lib/python3.12/site-packages/fastapi/testclient.py:1: StarletteDeprecationWarning: Using `httpx` with `starlette.testclient` is deprecated; install `httpx2` instead.
    from starlette.testclient import TestClient as TestClient  # noqa

../../../../Desktop/learning/Learning_Workbench/.venv/lib/python3.12/site-packages/starlette/testclient.py:53
  $HOME/Desktop/learning/Learning_Workbench/.venv/lib/python3.12/site-packages/starlette/testclient.py:53: DeprecationWarning: The anyio.abc.BlockingPortal alias is deprecated, use anyio.from_thread.BlockingPortal instead.
    _PortalFactoryType = Callable[[], AbstractContextManager[anyio.abc.BlockingPortal]]

-- Docs: https://docs.pytest.org/en/stable/how-to/capture-warnings.html
=========================== short test summary info ============================
FAILED ::test_missing_current_target_revision_is_integrity_error[False] - sql...
FAILED ::test_missing_current_target_revision_is_integrity_error[True] - sqli...
2 failed, 9 passed, 2 warnings in 4.77s
