tests/e2e/assessmentTestData.ts(3,35): error TS7016: Could not find a declaration file for module '../../apps/web/node_modules/@playwright/test/index.mjs'. '$HOME/.cache/learning-workbench-acceptance/m62-content-impacts-native-oct03/apps/web/node_modules/@playwright/test/index.mjs' implicitly has an 'any' type.
tests/e2e/assessmentTestData.ts(24,26): error TS7006: Parameter 'response' implicitly has an 'any' type.
tests/e2e/content-impacts.spec.ts(2,41): error TS7016: Could not find a declaration file for module '../../apps/web/node_modules/@playwright/test/index.mjs'. '$HOME/.cache/learning-workbench-acceptance/m62-content-impacts-native-oct03/apps/web/node_modules/@playwright/test/index.mjs' implicitly has an 'any' type.
tests/e2e/content-impacts.spec.ts(11,41): error TS7006: Parameter 'r' implicitly has an 'any' type.
tests/e2e/content-impacts.spec.ts(28,176): error TS7031: Binding element 'playwright' implicitly has an 'any' type.
tests/e2e/content-impacts.spec.ts(28,190): error TS7006: Parameter 'info' implicitly has an 'any' type.
tests/e2e/content-impacts.spec.ts(32,117): error TS7006: Parameter 'e' implicitly has an 'any' type.
tests/e2e/content-impacts.spec.ts(34,68): error TS7006: Parameter 'r' implicitly has an 'any' type.
tests/e2e/content-impacts.spec.ts(43,38): error TS7006: Parameter 'route' implicitly has an 'any' type.
tests/e2e/content-impacts.spec.ts(44,39): error TS7006: Parameter 'route' implicitly has an 'any' type.
tests/e2e/content-impacts.spec.ts(50,41): error TS7006: Parameter 'r' implicitly has an 'any' type.
tests/e2e/content-impacts.spec.ts(75,69): error TS7006: Parameter 'r' implicitly has an 'any' type.
tests/e2e/content-impacts.spec.ts(79,170): error TS7006: Parameter 'el' implicitly has an 'any' type.
tests/e2e/content-impacts.spec.ts(84,84): error TS7006: Parameter 'r' implicitly has an 'any' type.
tests/e2e/content-impacts.spec.ts(88,64): error TS7006: Parameter 'r' implicitly has an 'any' type.
tests/e2e/content-impacts.spec.ts(98,122): error TS7031: Binding element 'playwright' implicitly has an 'any' type.
tests/e2e/content-impacts.spec.ts(98,136): error TS7006: Parameter 'info' implicitly has an 'any' type.
tests/e2e/content-impacts.spec.ts(102,115): error TS7006: Parameter 'request' implicitly has an 'any' type.
tests/e2e/content-impacts.spec.ts(104,75): error TS7006: Parameter 'r' implicitly has an 'any' type.
tests/e2e/contentImpactsData.ts(3,35): error TS7016: Could not find a declaration file for module '../../apps/web/node_modules/@playwright/test/index.mjs'. '$HOME/.cache/learning-workbench-acceptance/m62-content-impacts-native-oct03/apps/web/node_modules/@playwright/test/index.mjs' implicitly has an 'any' type.
tests/e2e/contentImpactsData.ts(37,41): error TS7006: Parameter 'r' implicitly has an 'any' type.
tests/e2e/contentImpactsData.ts(44,38): error TS7006: Parameter 'r' implicitly has an 'any' type.
tests/e2e/contentImpactsData.ts(51,42): error TS7006: Parameter 'r' implicitly has an 'any' type.
tests/e2e/contentImpactsData.ts(58,41): error TS7006: Parameter 'r' implicitly has an 'any' type.
tests/e2e/contentImpactsData.ts(68,43): error TS7006: Parameter 'r' implicitly has an 'any' type.
tests/e2e/practiceTestData.ts(3,35): error TS7016: Could not find a declaration file for module '../../apps/web/node_modules/@playwright/test/index.mjs'. '$HOME/.cache/learning-workbench-acceptance/m62-content-impacts-native-oct03/apps/web/node_modules/@playwright/test/index.mjs' implicitly has an 'any' type.
tests/e2e/practiceTestData.ts(33,39): error TS7006: Parameter 'response' implicitly has an 'any' type.
tests/e2e/practiceTestData.ts(39,43): error TS7006: Parameter 'response' implicitly has an 'any' type.
tests/e2e/readerTestData.ts(3,35): error TS7016: Could not find a declaration file for module '../../apps/web/node_modules/@playwright/test/index.mjs'. '$HOME/.cache/learning-workbench-acceptance/m62-content-impacts-native-oct03/apps/web/node_modules/@playwright/test/index.mjs' implicitly has an 'any' type.
tests/e2e/readerTestData.ts(22,39): error TS7006: Parameter 'response' implicitly has an 'any' type.
tests/e2e/readerTestData.ts(29,39): error TS7006: Parameter 'response' implicitly has an 'any' type.
tests/e2e/restartRuntime.ts(7,74): error TS7016: Could not find a declaration file for module '../../apps/web/node_modules/@playwright/test/index.mjs'. '$HOME/.cache/learning-workbench-acceptance/m62-content-impacts-native-oct03/apps/web/node_modules/@playwright/test/index.mjs' implicitly has an 'any' type.
