2026-09-22T02:02:08.4614087Z Current runner version: '2.337.0'
2026-09-22T02:02:08.4634843Z ##[group]Runner Image Provisioner
2026-09-22T02:02:08.4635548Z Hosted Compute Agent
2026-09-22T02:02:08.4636095Z Version: 20260828.587
2026-09-22T02:02:08.4636656Z Commit: abac92662cab4cc7352de4f9f9d2e2419aad9c29
2026-09-22T02:02:08.4637309Z Build Date: 2026-08-28T16:44:25Z
2026-09-22T02:02:08.4637878Z Worker ID: {f4379010-e729-43d8-97d1-61b37817b39b}
2026-09-22T02:02:08.4638465Z Azure Region: mexicocentral
2026-09-22T02:02:08.4639148Z ##[endgroup]
2026-09-22T02:02:08.4640325Z ##[group]Operating System
2026-09-22T02:02:08.4640838Z Ubuntu
2026-09-22T02:02:08.4641334Z 24.04.5
2026-09-22T02:02:08.4641760Z LTS
2026-09-22T02:02:08.4642204Z ##[endgroup]
2026-09-22T02:02:08.4642672Z ##[group]Runner Image
2026-09-22T02:02:08.4643256Z Image: ubuntu-24.04
2026-09-22T02:02:08.4643778Z Version: 20260907.300.1
2026-09-22T02:02:08.4644781Z Included Software: https://github.com/actions/runner-images/blob/ubuntu24/20260907.300/images/ubuntu/Ubuntu2404-Readme.md
2026-09-22T02:02:08.4646041Z Image Release: https://github.com/actions/runner-images/releases/tag/ubuntu24%2F20260907.300
2026-09-22T02:02:08.4646850Z ##[endgroup]
2026-09-22T02:02:08.4647784Z ##[group]GITHUB_TOKEN Permissions
2026-09-22T02:02:08.4649624Z Contents: read
2026-09-22T02:02:08.4650475Z Metadata: read
2026-09-22T02:02:08.4650970Z ##[endgroup]
2026-09-22T02:02:08.4652647Z Secret source: Actions
2026-09-22T02:02:08.4653430Z Cache mode: write
2026-09-22T02:02:08.4654006Z Prepare workflow directory
2026-09-22T02:02:08.4915380Z Prepare all required actions
2026-09-22T02:02:08.4954968Z Getting action download info
2026-09-22T02:02:08.7817692Z Download action repository 'actions/checkout@3d3c42e5aac5ba805825da76410c181273ba90b1' (SHA:3d3c42e5aac5ba805825da76410c181273ba90b1)
2026-09-22T02:02:09.1419550Z Download action repository 'actions/setup-python@5fda3b95a4ea91299a34e894583c3862153e4b97' (SHA:5fda3b95a4ea91299a34e894583c3862153e4b97)
2026-09-22T02:02:09.2716665Z Download action repository 'actions/setup-node@820762786026740c76f36085b0efc47a31fe5020' (SHA:820762786026740c76f36085b0efc47a31fe5020)
2026-09-22T02:02:09.4954010Z Complete job name: spec-contracts
2026-09-22T02:02:09.5572391Z ##[group]Run actions/checkout@3d3c42e5aac5ba805825da76410c181273ba90b1
2026-09-22T02:02:09.5573258Z with:
2026-09-22T02:02:09.5573639Z   repository: kl3574/Learning_Workbench
2026-09-22T02:02:09.5576926Z   token: ***
2026-09-22T02:02:09.5577308Z   ssh-strict: true
2026-09-22T02:02:09.5577693Z   ssh-user: git
2026-09-22T02:02:09.5578071Z   persist-credentials: true
2026-09-22T02:02:09.5578488Z   clean: true
2026-09-22T02:02:09.5579023Z   sparse-checkout-cone-mode: true
2026-09-22T02:02:09.5579473Z   fetch-depth: 1
2026-09-22T02:02:09.5579845Z   fetch-tags: false
2026-09-22T02:02:09.5580223Z   show-progress: true
2026-09-22T02:02:09.5580602Z   lfs: false
2026-09-22T02:02:09.5580962Z   submodules: false
2026-09-22T02:02:09.5581353Z   set-safe-directory: true
2026-09-22T02:02:09.5581788Z   allow-unsafe-pr-checkout: false
2026-09-22T02:02:09.5582424Z ##[endgroup]
2026-09-22T02:02:09.6419434Z Syncing repository: kl3574/Learning_Workbench
2026-09-22T02:02:09.6422086Z ##[group]Getting Git version info
2026-09-22T02:02:09.6423483Z Working directory is '<CI_HOME>/work/Learning_Workbench/Learning_Workbench'
2026-09-22T02:02:09.6425153Z [command]/usr/bin/git version
2026-09-22T02:02:09.6499916Z git version 2.55.0
2026-09-22T02:02:09.6515845Z ##[endgroup]
2026-09-22T02:02:09.6528403Z Temporarily overriding HOME='<CI_HOME>/work/_temp/7b98eea9-87dc-4013-a1ec-c0d5454dd730' before making global git config changes
2026-09-22T02:02:09.6530751Z Adding repository directory to the temporary git global config as a safe directory
2026-09-22T02:02:09.6535298Z [command]/usr/bin/git config --global --add safe.directory <CI_HOME>/work/Learning_Workbench/Learning_Workbench
2026-09-22T02:02:09.6579802Z Deleting the contents of '<CI_HOME>/work/Learning_Workbench/Learning_Workbench'
2026-09-22T02:02:09.6582409Z ##[group]Determining repository object format
2026-09-22T02:02:09.6583986Z ##[endgroup]
2026-09-22T02:02:09.6584988Z ##[group]Initializing the repository
2026-09-22T02:02:09.6587625Z [command]/usr/bin/git init <CI_HOME>/work/Learning_Workbench/Learning_Workbench
2026-09-22T02:02:09.6757557Z hint: Using 'master' as the name for the initial branch. This default branch name
2026-09-22T02:02:09.6759377Z hint: will change to "main" in Git 3.0. To configure the initial branch name
2026-09-22T02:02:09.6761153Z hint: to use in all of your new repositories, which will suppress this warning,
2026-09-22T02:02:09.6762182Z hint: call:
2026-09-22T02:02:09.6762733Z hint:
2026-09-22T02:02:09.6763450Z hint: 	git config --global init.defaultBranch <name>
2026-09-22T02:02:09.6764296Z hint:
2026-09-22T02:02:09.6765350Z hint: Names commonly chosen instead of 'master' are 'main', 'trunk' and
2026-09-22T02:02:09.6766843Z hint: 'development'. The just-created branch can be renamed via this command:
2026-09-22T02:02:09.6768237Z hint:
2026-09-22T02:02:09.6768962Z hint: 	git branch -m <name>
2026-09-22T02:02:09.6769669Z hint:
2026-09-22T02:02:09.6770545Z hint: Disable this message with "git config set advice.defaultBranchName false"
2026-09-22T02:02:09.6772154Z Initialized empty Git repository in <CI_HOME>/work/Learning_Workbench/Learning_Workbench/.git/
2026-09-22T02:02:09.6774934Z [command]/usr/bin/git remote add origin https://github.com/kl3574/Learning_Workbench
2026-09-22T02:02:09.6817248Z ##[endgroup]
2026-09-22T02:02:09.6818359Z ##[group]Disabling automatic garbage collection
2026-09-22T02:02:09.6819606Z [command]/usr/bin/git config --local gc.auto 0
2026-09-22T02:02:09.6848282Z ##[endgroup]
2026-09-22T02:02:09.6849569Z ##[group]Setting up auth
2026-09-22T02:02:09.6850272Z Removing SSH command configuration
2026-09-22T02:02:09.6852916Z [command]/usr/bin/git config --local --name-only --get-regexp core\.sshCommand
2026-09-22T02:02:09.6883289Z [command]/usr/bin/git submodule foreach --recursive sh -c "git config --local --name-only --get-regexp 'core\.sshCommand' && git config --local --unset-all 'core.sshCommand' || :"
2026-09-22T02:02:09.7224697Z Removing HTTP extra header
2026-09-22T02:02:09.7230079Z [command]/usr/bin/git config --local --name-only --get-regexp http\.https\:\/\/github\.com\/\.extraheader
2026-09-22T02:02:09.7260898Z [command]/usr/bin/git submodule foreach --recursive sh -c "git config --local --name-only --get-regexp 'http\.https\:\/\/github\.com\/\.extraheader' && git config --local --unset-all 'http.https://github.com/.extraheader' || :"
2026-09-22T02:02:09.7445986Z Removing includeIf entries pointing to credentials config files
2026-09-22T02:02:09.7450154Z [command]/usr/bin/git config --local --name-only --get-regexp ^includeIf\.gitdir:
2026-09-22T02:02:09.7486160Z [command]/usr/bin/git submodule foreach --recursive git config --local --show-origin --name-only --get-regexp remote.origin.url
2026-09-22T02:02:09.7680661Z [command]/usr/bin/git config --file <CI_HOME>/work/_temp/git-credentials-eb70058d-2bbe-4690-8390-3d5f1922371c.config http.https://github.com/.extraheader AUTHORIZATION: basic ***
2026-09-22T02:02:09.7713739Z [command]/usr/bin/git config --local includeIf.gitdir:<CI_HOME>/work/Learning_Workbench/Learning_Workbench/.git.path <CI_HOME>/work/_temp/git-credentials-eb70058d-2bbe-4690-8390-3d5f1922371c.config
2026-09-22T02:02:09.7741671Z [command]/usr/bin/git config --local includeIf.gitdir:<CI_HOME>/work/Learning_Workbench/Learning_Workbench/.git/worktrees/*.path <CI_HOME>/work/_temp/git-credentials-eb70058d-2bbe-4690-8390-3d5f1922371c.config
2026-09-22T02:02:09.7807423Z [command]/usr/bin/git config --local includeIf.gitdir:/github/workspace/.git.path /github/runner_temp/git-credentials-eb70058d-2bbe-4690-8390-3d5f1922371c.config
2026-09-22T02:02:09.7836502Z [command]/usr/bin/git config --local includeIf.gitdir:/github/workspace/.git/worktrees/*.path /github/runner_temp/git-credentials-eb70058d-2bbe-4690-8390-3d5f1922371c.config
2026-09-22T02:02:09.7862681Z ##[endgroup]
2026-09-22T02:02:09.7863361Z ##[group]Fetching the repository
2026-09-22T02:02:09.7867787Z [command]/usr/bin/git -c protocol.version=2 fetch --no-tags --prune --no-recurse-submodules --depth=1 origin +bebf80601b3debf788d446ed2b3abf0847b392bc:refs/remotes/origin/feat/M6.1-worked-example
2026-09-22T02:02:13.2128905Z From https://github.com/kl3574/Learning_Workbench
2026-09-22T02:02:13.2129796Z  * [new ref]         bebf80601b3debf788d446ed2b3abf0847b392bc -> origin/feat/M6.1-worked-example
2026-09-22T02:02:13.2136982Z [command]/usr/bin/git branch --list --remote origin/feat/M6.1-worked-example
2026-09-22T02:02:13.2164362Z   origin/feat/M6.1-worked-example
2026-09-22T02:02:13.2171172Z [command]/usr/bin/git rev-parse refs/remotes/origin/feat/M6.1-worked-example
2026-09-22T02:02:13.2194255Z bebf80601b3debf788d446ed2b3abf0847b392bc
2026-09-22T02:02:13.2197816Z ##[endgroup]
2026-09-22T02:02:13.2198474Z ##[group]Determining the checkout info
2026-09-22T02:02:13.2199536Z ##[endgroup]
2026-09-22T02:02:13.2202631Z [command]/usr/bin/git sparse-checkout disable
2026-09-22T02:02:13.2255559Z [command]/usr/bin/git config --local --unset-all extensions.worktreeConfig
2026-09-22T02:02:13.2283090Z ##[group]Checking out the ref
2026-09-22T02:02:13.2286445Z [command]/usr/bin/git checkout --progress --force -B feat/M6.1-worked-example refs/remotes/origin/feat/M6.1-worked-example
2026-09-22T02:02:13.7942664Z Switched to a new branch 'feat/M6.1-worked-example'
2026-09-22T02:02:13.7946412Z branch 'feat/M6.1-worked-example' set up to track 'origin/feat/M6.1-worked-example'.
2026-09-22T02:02:13.7979591Z ##[endgroup]
2026-09-22T02:02:13.8032806Z [command]/usr/bin/git log -1 --format=%H
2026-09-22T02:02:13.8058935Z bebf80601b3debf788d446ed2b3abf0847b392bc
2026-09-22T02:02:13.8338293Z ##[group]Run actions/setup-python@5fda3b95a4ea91299a34e894583c3862153e4b97
2026-09-22T02:02:13.8339047Z with:
2026-09-22T02:02:13.8339308Z   python-version: 3.12.13
2026-09-22T02:02:13.8339612Z   check-latest: false
2026-09-22T02:02:13.8342708Z   token: ***
2026-09-22T02:02:13.8342911Z   update-environment: true
2026-09-22T02:02:13.8343139Z   allow-prereleases: false
2026-09-22T02:02:13.8343338Z   freethreaded: false
2026-09-22T02:02:13.8343521Z ##[endgroup]
2026-09-22T02:02:13.9250198Z ##[group]Installed versions
2026-09-22T02:02:13.9288761Z Version 3.12.13 was not found in the local cache
2026-09-22T02:02:15.0111811Z Version 3.12.13 is available for downloading
2026-09-22T02:02:15.0113028Z Download from "https://github.com/actions/python-versions/releases/download/3.12.13-27650778726/python-3.12.13-linux-24.04-x64.tar.gz"
2026-09-22T02:02:15.7310104Z Extract downloaded archive
2026-09-22T02:02:15.7402019Z [command]/usr/bin/tar xz --warning=no-unknown-keyword --overwrite -C <CI_HOME>/work/_temp/065ce46d-cdac-4af1-8292-5e063b28d360 -f <CI_HOME>/work/_temp/9b3a9aaa-e0ef-46f9-ad10-9f0f6cc53cce
2026-09-22T02:02:17.3858259Z Execute installation script
2026-09-22T02:02:17.3938465Z Check if Python hostedtoolcache folder exist...
2026-09-22T02:02:17.3939222Z Create Python 3.12.13 folder
2026-09-22T02:02:17.3950136Z Copy Python binaries to hostedtoolcache folder
2026-09-22T02:02:17.9267366Z Create additional symlinks (Required for the UsePythonVersion Azure Pipelines task and the setup-python GitHub Action)
2026-09-22T02:02:17.9309772Z Upgrading pip...
2026-09-22T02:02:23.4163253Z Collecting pip
2026-09-22T02:02:23.4411747Z Downloading pip-26.2.1-py3-none-any.whl.metadata (4.6 kB)
2026-09-22T02:02:23.4476459Z Downloading pip-26.2.1-py3-none-any.whl (1.8 MB)
2026-09-22T02:02:23.4680999Z ━━━━━━━━━━━━━━━━━━━━━━━━━━━━━━━━━━━━━━━━ 1.8/1.8 MB 161.9 MB/s eta 0:00:00
2026-09-22T02:02:23.4681366Z 
2026-09-22T02:02:23.4838267Z Installing collected packages: pip
2026-09-22T02:02:23.4839551Z Attempting uninstall: pip
2026-09-22T02:02:23.4856297Z Found existing installation: pip 25.0.1
2026-09-22T02:02:23.5115396Z Uninstalling pip-25.0.1:
2026-09-22T02:02:23.5159441Z Successfully uninstalled pip-25.0.1
2026-09-22T02:02:24.2096934Z Successfully installed pip-26.2.1
2026-09-22T02:02:24.2559441Z Create complete file
2026-09-22T02:02:24.2599241Z Successfully set up CPython (3.12.13)
2026-09-22T02:02:24.2600134Z ##[endgroup]
2026-09-22T02:02:24.2766685Z ##[group]Run actions/setup-node@820762786026740c76f36085b0efc47a31fe5020
2026-09-22T02:02:24.2766986Z with:
2026-09-22T02:02:24.2767150Z   node-version: 24.21.0
2026-09-22T02:02:24.2767337Z   check-latest: false
2026-09-22T02:02:24.2769615Z   token: ***
2026-09-22T02:02:24.2769804Z   package-manager-cache: true
2026-09-22T02:02:24.2770011Z env:
2026-09-22T02:02:24.2770224Z   pythonLocation: /opt/hostedtoolcache/Python/3.12.13/x64
2026-09-22T02:02:24.2770592Z   PKG_CONFIG_PATH: /opt/hostedtoolcache/Python/3.12.13/x64/lib/pkgconfig
2026-09-22T02:02:24.2770931Z   Python_ROOT_DIR: /opt/hostedtoolcache/Python/3.12.13/x64
2026-09-22T02:02:24.2771230Z   Python2_ROOT_DIR: /opt/hostedtoolcache/Python/3.12.13/x64
2026-09-22T02:02:24.2771525Z   Python3_ROOT_DIR: /opt/hostedtoolcache/Python/3.12.13/x64
2026-09-22T02:02:24.2771819Z   LD_LIBRARY_PATH: /opt/hostedtoolcache/Python/3.12.13/x64/lib
2026-09-22T02:02:24.2772087Z ##[endgroup]
2026-09-22T02:02:24.3750939Z Attempting to download 24.21.0...
2026-09-22T02:02:25.3473223Z Acquiring 24.21.0 - x64 from https://github.com/actions/node-versions/releases/download/24.21.0-34304089047/node-24.21.0-linux-x64.tar.gz
2026-09-22T02:02:25.8788546Z Extracting ...
2026-09-22T02:02:25.8891608Z [command]/usr/bin/tar xz --strip 1 --warning=no-unknown-keyword --overwrite -C <CI_HOME>/work/_temp/b4f8e045-e60a-410a-8fda-22bb06c95340 -f <CI_HOME>/work/_temp/f67ac98f-cee2-4509-b31a-4e8026ba4d37
2026-09-22T02:02:26.9488514Z Adding to the cache ...
2026-09-22T02:02:29.6719556Z ##[group]Environment details
2026-09-22T02:02:29.8442260Z node: v24.21.0
2026-09-22T02:02:29.8442590Z npm: 11.19.0
2026-09-22T02:02:29.8442847Z yarn: 1.22.22
2026-09-22T02:02:29.8443406Z ##[endgroup]
2026-09-22T02:02:29.8590720Z ##[group]Run npm ci --prefix apps/web
2026-09-22T02:02:29.8591049Z [36;1mnpm ci --prefix apps/web[0m
2026-09-22T02:02:29.8627696Z shell: /usr/bin/bash -e {0}
2026-09-22T02:02:29.8627942Z env:
2026-09-22T02:02:29.8628180Z   pythonLocation: /opt/hostedtoolcache/Python/3.12.13/x64
2026-09-22T02:02:29.8628549Z   PKG_CONFIG_PATH: /opt/hostedtoolcache/Python/3.12.13/x64/lib/pkgconfig
2026-09-22T02:02:29.8629117Z   Python_ROOT_DIR: /opt/hostedtoolcache/Python/3.12.13/x64
2026-09-22T02:02:29.8629437Z   Python2_ROOT_DIR: /opt/hostedtoolcache/Python/3.12.13/x64
2026-09-22T02:02:29.8629741Z   Python3_ROOT_DIR: /opt/hostedtoolcache/Python/3.12.13/x64
2026-09-22T02:02:29.8630047Z   LD_LIBRARY_PATH: /opt/hostedtoolcache/Python/3.12.13/x64/lib
2026-09-22T02:02:29.8630313Z ##[endgroup]
2026-09-22T02:02:34.9730394Z 
2026-09-22T02:02:34.9736700Z added 236 packages, and audited 237 packages in 5s
2026-09-22T02:02:34.9736989Z 
2026-09-22T02:02:34.9737142Z 118 packages are looking for funding
2026-09-22T02:02:34.9737515Z   run `npm fund` for details
2026-09-22T02:02:34.9740282Z 
2026-09-22T02:02:34.9740460Z found 0 vulnerabilities
2026-09-22T02:02:35.0231121Z ##[group]Run python -m pip install uv==0.11.21
2026-09-22T02:02:35.0231466Z [36;1mpython -m pip install uv==0.11.21[0m
2026-09-22T02:02:35.0264165Z shell: /usr/bin/bash -e {0}
2026-09-22T02:02:35.0264372Z env:
2026-09-22T02:02:35.0264598Z   pythonLocation: /opt/hostedtoolcache/Python/3.12.13/x64
2026-09-22T02:02:35.0264945Z   PKG_CONFIG_PATH: /opt/hostedtoolcache/Python/3.12.13/x64/lib/pkgconfig
2026-09-22T02:02:35.0265278Z   Python_ROOT_DIR: /opt/hostedtoolcache/Python/3.12.13/x64
2026-09-22T02:02:35.0265577Z   Python2_ROOT_DIR: /opt/hostedtoolcache/Python/3.12.13/x64
2026-09-22T02:02:35.0265870Z   Python3_ROOT_DIR: /opt/hostedtoolcache/Python/3.12.13/x64
2026-09-22T02:02:35.0266175Z   LD_LIBRARY_PATH: /opt/hostedtoolcache/Python/3.12.13/x64/lib
2026-09-22T02:02:35.0266436Z ##[endgroup]
2026-09-22T02:02:35.5850912Z Collecting uv==0.11.21
2026-09-22T02:02:35.6229068Z   Downloading uv-0.11.21-py3-none-manylinux_2_17_x86_64.manylinux2014_x86_64.whl.metadata (11 kB)
2026-09-22T02:02:35.6306052Z Downloading uv-0.11.21-py3-none-manylinux_2_17_x86_64.manylinux2014_x86_64.whl (25.1 MB)
2026-09-22T02:02:35.9300579Z    ━━━━━━━━━━━━━━━━━━━━━━━━━━━━━━━━━━━━━━━━ 25.1/25.1 MB 88.5 MB/s  0:00:00
2026-09-22T02:02:35.9668355Z Installing collected packages: uv
2026-09-22T02:02:36.1856289Z Successfully installed uv-0.11.21
2026-09-22T02:02:36.2370562Z ##[group]Run uv sync --frozen
2026-09-22T02:02:36.2370825Z [36;1muv sync --frozen[0m
2026-09-22T02:02:36.2403318Z shell: /usr/bin/bash -e {0}
2026-09-22T02:02:36.2403532Z env:
2026-09-22T02:02:36.2403761Z   pythonLocation: /opt/hostedtoolcache/Python/3.12.13/x64
2026-09-22T02:02:36.2404105Z   PKG_CONFIG_PATH: /opt/hostedtoolcache/Python/3.12.13/x64/lib/pkgconfig
2026-09-22T02:02:36.2404447Z   Python_ROOT_DIR: /opt/hostedtoolcache/Python/3.12.13/x64
2026-09-22T02:02:36.2404763Z   Python2_ROOT_DIR: /opt/hostedtoolcache/Python/3.12.13/x64
2026-09-22T02:02:36.2405071Z   Python3_ROOT_DIR: /opt/hostedtoolcache/Python/3.12.13/x64
2026-09-22T02:02:36.2405384Z   LD_LIBRARY_PATH: /opt/hostedtoolcache/Python/3.12.13/x64/lib
2026-09-22T02:02:36.2405665Z ##[endgroup]
2026-09-22T02:02:36.2891453Z Using CPython 3.12.13 interpreter at: /opt/hostedtoolcache/Python/3.12.13/x64/bin/python3.12
2026-09-22T02:02:36.2891962Z Creating virtual environment at: .venv
2026-09-22T02:02:36.3624168Z Downloading pydantic-core (2.0MiB)
2026-09-22T02:02:36.3683877Z Downloading pygments (1.2MiB)
2026-09-22T02:02:36.3701376Z Downloading mypy (14.6MiB)
2026-09-22T02:02:36.3702877Z Downloading ast-serialize (1.3MiB)
2026-09-22T02:02:36.3706058Z Downloading ruff (9.9MiB)
2026-09-22T02:02:36.5013182Z  Downloaded ast-serialize
2026-09-22T02:02:36.5141708Z  Downloaded pydantic-core
2026-09-22T02:02:36.6483591Z  Downloaded ruff
2026-09-22T02:02:36.6823098Z  Downloaded pygments
2026-09-22T02:02:36.8166940Z  Downloaded mypy
2026-09-22T02:02:36.8170061Z Prepared 37 packages in 525ms
2026-09-22T02:02:36.8515213Z Installed 37 packages in 34ms
2026-09-22T02:02:36.8515629Z  + annotated-doc==0.0.5
2026-09-22T02:02:36.8515965Z  + annotated-types==0.8.0
2026-09-22T02:02:36.8516309Z  + anyio==4.15.1
2026-09-22T02:02:36.8516596Z  + ast-serialize==0.11.2
2026-09-22T02:02:36.8517083Z  + attrs==26.1.0
2026-09-22T02:02:36.8517406Z  + certifi==2026.7.22
2026-09-22T02:02:36.8517715Z  + click==8.5.0
2026-09-22T02:02:36.8518065Z  + defusedxml==0.7.1
2026-09-22T02:02:36.8518376Z  + fastapi==0.141.1
2026-09-22T02:02:36.8518848Z  + h11==0.16.0
2026-09-22T02:02:36.8519327Z  + httpcore==1.0.9
2026-09-22T02:02:36.8519645Z  + httpx==0.28.1
2026-09-22T02:02:36.8519901Z  + idna==3.19
2026-09-22T02:02:36.8520299Z  + iniconfig==2.3.0
2026-09-22T02:02:36.8520618Z  + jsonschema==4.26.0
2026-09-22T02:02:36.8521044Z  + jsonschema-specifications==2025.9.1
2026-09-22T02:02:36.8521438Z  + librt==0.15.0
2026-09-22T02:02:36.8521727Z  + markdown-it-py==4.2.0
2026-09-22T02:02:36.8522042Z  + mdurl==0.1.2
2026-09-22T02:02:36.8522317Z  + mypy==2.3.1
2026-09-22T02:02:36.8522628Z  + mypy-extensions==1.1.0
2026-09-22T02:02:36.8522955Z  + packaging==26.3
2026-09-22T02:02:36.8523300Z  + pathspec==1.1.1
2026-09-22T02:02:36.8523610Z  + pluggy==1.6.0
2026-09-22T02:02:36.8523977Z  + pydantic==2.13.5
2026-09-22T02:02:36.8524321Z  + pydantic-core==2.46.5
2026-09-22T02:02:36.8524671Z  + pygments==2.21.0
2026-09-22T02:02:36.8525029Z  + pypdf==6.18.1
2026-09-22T02:02:36.8544565Z  + pytest==9.1.1
2026-09-22T02:02:36.8544986Z  + python-multipart==0.0.32
2026-09-22T02:02:36.8545319Z  + referencing==0.37.0
2026-09-22T02:02:36.8545610Z  + rpds-py==2026.6.3
2026-09-22T02:02:36.8545801Z  + ruff==0.16.7
2026-09-22T02:02:36.8545986Z  + starlette==1.6.0
2026-09-22T02:02:36.8546178Z  + typing-extensions==4.16.0
2026-09-22T02:02:36.8546388Z  + typing-inspection==0.4.4
2026-09-22T02:02:36.8546579Z  + uvicorn==0.53.0
2026-09-22T02:02:36.8579120Z ##[group]Run make verify-spec
2026-09-22T02:02:36.8579381Z [36;1mmake verify-spec[0m
2026-09-22T02:02:36.8611996Z shell: /usr/bin/bash -e {0}
2026-09-22T02:02:36.8612207Z env:
2026-09-22T02:02:36.8612430Z   pythonLocation: /opt/hostedtoolcache/Python/3.12.13/x64
2026-09-22T02:02:36.8612773Z   PKG_CONFIG_PATH: /opt/hostedtoolcache/Python/3.12.13/x64/lib/pkgconfig
2026-09-22T02:02:36.8613245Z   Python_ROOT_DIR: /opt/hostedtoolcache/Python/3.12.13/x64
2026-09-22T02:02:36.8613543Z   Python2_ROOT_DIR: /opt/hostedtoolcache/Python/3.12.13/x64
2026-09-22T02:02:36.8613844Z   Python3_ROOT_DIR: /opt/hostedtoolcache/Python/3.12.13/x64
2026-09-22T02:02:36.8614150Z   LD_LIBRARY_PATH: /opt/hostedtoolcache/Python/3.12.13/x64/lib
2026-09-22T02:02:36.8614409Z ##[endgroup]
2026-09-22T02:02:36.8686750Z uv run --frozen python scripts/verify_spec.py
2026-09-22T02:02:40.2599859Z {
2026-09-22T02:02:40.2600193Z   "embedded_files": 6,
2026-09-22T02:02:40.2600526Z   "generated_artifacts": 75,
2026-09-22T02:02:40.2600996Z   "learning_effectiveness": "NOT_RUN",
2026-09-22T02:02:40.2601322Z   "models": 54,
2026-09-22T02:02:40.2601569Z   "package_receipts": [
2026-09-22T02:02:40.2601821Z     {
2026-09-22T02:02:40.2602299Z       "archive_sha256": "9933ad962be34e42a29a3299e81c0f03249b584ba1574299672b76eb0242e7b6",
2026-09-22T02:02:40.2602823Z       "object_count": 9,
2026-09-22T02:02:40.2603118Z       "payload_count": 12,
2026-09-22T02:02:40.2603390Z       "profile": "author",
2026-09-22T02:02:40.2603714Z       "scope": "structure_and_integrity_only",
2026-09-22T02:02:40.2604043Z       "total_bytes": 6730
2026-09-22T02:02:40.2604298Z     },
2026-09-22T02:02:40.2604513Z     {
2026-09-22T02:02:40.2604981Z       "archive_sha256": "6d4ddb4c423521625d4686765e1f80f2b65e46ee874eca1bec118dc20a136479",
2026-09-22T02:02:40.2605483Z       "object_count": 9,
2026-09-22T02:02:40.2605749Z       "payload_count": 11,
2026-09-22T02:02:40.2606014Z       "profile": "learner",
2026-09-22T02:02:40.2606356Z       "scope": "structure_and_integrity_only",
2026-09-22T02:02:40.2606685Z       "total_bytes": 5179
2026-09-22T02:02:40.2606935Z     }
2026-09-22T02:02:40.2607138Z   ],
2026-09-22T02:02:40.2607446Z   "product_acceptance": "NOT_RUN",
2026-09-22T02:02:40.2607777Z   "publication": "NOT_CHECKED",
2026-09-22T02:02:40.2608066Z   "real_codex": "NOT_RUN",
2026-09-22T02:02:40.2608349Z   "real_provider": "NOT_RUN",
2026-09-22T02:02:40.2608790Z   "requirements": 38,
2026-09-22T02:02:40.2609052Z   "routes": 113,
2026-09-22T02:02:40.2609544Z   "scope": "M0_structural_baseline_only",
2026-09-22T02:02:40.2609896Z   "source": "PRODUCT_DESIGN.md",
2026-09-22T02:02:40.2610459Z   "spec_sha256": "30220c34fe7312887f5bcb1c67406c9638f1719ff3ed7bc9e95d7d5085b5d924",
2026-09-22T02:02:40.2610970Z   "spec_version": "3.0.6",
2026-09-22T02:02:40.2611271Z   "sql_tables_including_fts": 53,
2026-09-22T02:02:40.2611556Z   "status": "PASS",
2026-09-22T02:02:40.2611803Z   "target_scenarios": 33,
2026-09-22T02:02:40.2612058Z   "tasks": 27
2026-09-22T02:02:40.2612277Z }
2026-09-22T02:02:40.3759481Z ##[group]Run uv run --frozen pytest tests/contract tests/unit/test_spec_*.py
2026-09-22T02:02:40.3760209Z [36;1muv run --frozen pytest tests/contract tests/unit/test_spec_*.py[0m
2026-09-22T02:02:40.3794657Z shell: /usr/bin/bash -e {0}
2026-09-22T02:02:40.3794863Z env:
2026-09-22T02:02:40.3795093Z   pythonLocation: /opt/hostedtoolcache/Python/3.12.13/x64
2026-09-22T02:02:40.3795465Z   PKG_CONFIG_PATH: /opt/hostedtoolcache/Python/3.12.13/x64/lib/pkgconfig
2026-09-22T02:02:40.3795802Z   Python_ROOT_DIR: /opt/hostedtoolcache/Python/3.12.13/x64
2026-09-22T02:02:40.3796104Z   Python2_ROOT_DIR: /opt/hostedtoolcache/Python/3.12.13/x64
2026-09-22T02:02:40.3796408Z   Python3_ROOT_DIR: /opt/hostedtoolcache/Python/3.12.13/x64
2026-09-22T02:02:40.3796701Z   LD_LIBRARY_PATH: /opt/hostedtoolcache/Python/3.12.13/x64/lib
2026-09-22T02:02:40.3796958Z ##[endgroup]
2026-09-22T02:02:43.2495164Z ============================= test session starts ==============================
2026-09-22T02:02:43.2495977Z platform linux -- Python 3.12.13, pytest-9.1.1, pluggy-1.6.0
2026-09-22T02:02:43.2496633Z rootdir: <CI_HOME>/work/Learning_Workbench/Learning_Workbench
2026-09-22T02:02:43.2497117Z configfile: pyproject.toml
2026-09-22T02:02:43.2497447Z plugins: anyio-4.15.1
2026-09-22T02:02:43.2497659Z collected 543 items
2026-09-22T02:02:43.2498003Z 
2026-09-22T02:03:34.4235414Z tests/contract/test_api_projection.py .................................. [  6%]
2026-09-22T02:05:00.9776322Z ........................................................                 [ 16%]
2026-09-22T02:05:01.0234360Z tests/contract/test_authoring_contracts.py ...........                   [ 18%]
2026-09-22T02:05:01.1404636Z tests/contract/test_generated_transport.py ...............               [ 21%]
2026-09-22T02:05:01.4035854Z tests/contract/test_generated_upload.py ..                               [ 21%]
2026-09-22T02:05:01.6538082Z tests/contract/test_models.py ............................               [ 26%]
2026-09-22T02:05:01.6620007Z tests/contract/test_optional_patch.py .                                  [ 27%]
2026-09-22T02:05:01.7280267Z tests/contract/test_package_integrity.py ........................        [ 31%]
2026-09-22T02:05:01.8075307Z tests/contract/test_practice_public_projection.py ...................... [ 35%]
2026-09-22T02:05:11.6024859Z .............                                                            [ 37%]
2026-09-22T02:05:12.1357323Z tests/contract/test_provider_binding.py .........................        [ 42%]
2026-09-22T02:05:12.5654448Z tests/contract/test_provider_dto.py .................................... [ 49%]
2026-09-22T02:05:12.7431327Z ........................................................................ [ 62%]
2026-09-22T02:05:12.7435895Z                                                                          [ 62%]
2026-09-22T02:05:12.9026131Z tests/contract/test_recommendation_binding.py ........                   [ 63%]
2026-09-22T02:05:12.9209924Z tests/contract/test_recommendation_dto.py .............................. [ 69%]
2026-09-22T02:05:13.0388390Z ........................                                                 [ 73%]
2026-09-22T02:05:13.0535087Z tests/contract/test_retrieval_dto.py ............................        [ 79%]
2026-09-22T02:05:37.2066560Z tests/contract/test_retrieval_generation.py ...................          [ 82%]
2026-09-22T02:05:45.7171599Z tests/contract/test_retrieval_http.py ....................               [ 86%]
2026-09-22T02:05:45.7392307Z tests/contract/test_tutor_dto.py ....................................... [ 93%]
2026-09-22T02:05:45.7411011Z ..                                                                       [ 93%]
2026-09-22T02:05:46.9548546Z tests/contract/test_tutor_transport.py .....................             [ 97%]
2026-09-22T02:05:48.1791013Z tests/unit/test_spec_catalog.py ....                                     [ 98%]
2026-09-22T02:05:48.3374997Z tests/unit/test_spec_extraction.py .........                             [100%]
2026-09-22T02:05:48.3375741Z 
2026-09-22T02:05:48.3375952Z =============================== warnings summary ===============================
2026-09-22T02:05:48.3376363Z .venv/lib/python3.12/site-packages/fastapi/testclient.py:1
2026-09-22T02:05:48.3377268Z   <CI_HOME>/work/Learning_Workbench/Learning_Workbench/.venv/lib/python3.12/site-packages/fastapi/testclient.py:1: StarletteDeprecationWarning: Using `httpx` with `starlette.testclient` is deprecated; install `httpx2` instead.
2026-09-22T02:05:48.3378257Z     from starlette.testclient import TestClient as TestClient  # noqa
2026-09-22T02:05:48.3378485Z 
2026-09-22T02:05:48.3378959Z .venv/lib/python3.12/site-packages/starlette/testclient.py:53
2026-09-22T02:05:48.3379861Z   <CI_HOME>/work/Learning_Workbench/Learning_Workbench/.venv/lib/python3.12/site-packages/starlette/testclient.py:53: DeprecationWarning: The anyio.abc.BlockingPortal alias is deprecated, use anyio.from_thread.BlockingPortal instead.
2026-09-22T02:05:48.3380743Z     _PortalFactoryType = Callable[[], AbstractContextManager[anyio.abc.BlockingPortal]]
2026-09-22T02:05:48.3381028Z 
2026-09-22T02:05:48.3381264Z -- Docs: https://docs.pytest.org/en/stable/how-to/capture-warnings.html
2026-09-22T02:05:48.3381738Z ================= 543 passed, 2 warnings in 187.24s (0:03:07) ==================
2026-09-22T02:05:48.5582773Z Post job cleanup.
2026-09-22T02:05:48.6612484Z Post job cleanup.
2026-09-22T02:05:48.7699572Z Post job cleanup.
2026-09-22T02:05:48.8435038Z [command]/usr/bin/git version
2026-09-22T02:05:48.8478414Z git version 2.55.0
2026-09-22T02:05:48.8506556Z Temporarily overriding HOME='<CI_HOME>/work/_temp/1d30b2f9-d6c5-4f66-a2c2-769f8676cc4b' before making global git config changes
2026-09-22T02:05:48.8507710Z Adding repository directory to the temporary git global config as a safe directory
2026-09-22T02:05:48.8509840Z [command]/usr/bin/git config --global --add safe.directory <CI_HOME>/work/Learning_Workbench/Learning_Workbench
2026-09-22T02:05:48.8538543Z Removing SSH command configuration
2026-09-22T02:05:48.8543851Z [command]/usr/bin/git config --local --name-only --get-regexp core\.sshCommand
2026-09-22T02:05:48.8574620Z [command]/usr/bin/git submodule foreach --recursive sh -c "git config --local --name-only --get-regexp 'core\.sshCommand' && git config --local --unset-all 'core.sshCommand' || :"
2026-09-22T02:05:48.8805098Z Removing HTTP extra header
2026-09-22T02:05:48.8806069Z [command]/usr/bin/git config --local --name-only --get-regexp http\.https\:\/\/github\.com\/\.extraheader
2026-09-22T02:05:48.8836222Z [command]/usr/bin/git submodule foreach --recursive sh -c "git config --local --name-only --get-regexp 'http\.https\:\/\/github\.com\/\.extraheader' && git config --local --unset-all 'http.https://github.com/.extraheader' || :"
2026-09-22T02:05:48.9065149Z Removing includeIf entries pointing to credentials config files
2026-09-22T02:05:48.9072765Z [command]/usr/bin/git config --local --name-only --get-regexp ^includeIf\.gitdir:
2026-09-22T02:05:48.9113191Z includeif.gitdir:<CI_HOME>/work/Learning_Workbench/Learning_Workbench/.git.path
2026-09-22T02:05:48.9114191Z includeif.gitdir:<CI_HOME>/work/Learning_Workbench/Learning_Workbench/.git/worktrees/*.path
2026-09-22T02:05:48.9115112Z includeif.gitdir:/github/workspace/.git.path
2026-09-22T02:05:48.9115771Z includeif.gitdir:/github/workspace/.git/worktrees/*.path
2026-09-22T02:05:48.9122149Z [command]/usr/bin/git config --local --get-all includeif.gitdir:<CI_HOME>/work/Learning_Workbench/Learning_Workbench/.git.path
2026-09-22T02:05:48.9147035Z <CI_HOME>/work/_temp/git-credentials-eb70058d-2bbe-4690-8390-3d5f1922371c.config
2026-09-22T02:05:48.9165514Z [command]/usr/bin/git config --local --unset includeif.gitdir:<CI_HOME>/work/Learning_Workbench/Learning_Workbench/.git.path \/home\/runner\/work\/_temp\/git\-credentials\-eb70058d\-2bbe\-4690\-8390\-3d5f1922371c\.config
2026-09-22T02:05:48.9191391Z [command]/usr/bin/git config --local --get-all includeif.gitdir:<CI_HOME>/work/Learning_Workbench/Learning_Workbench/.git/worktrees/*.path
2026-09-22T02:05:48.9215518Z <CI_HOME>/work/_temp/git-credentials-eb70058d-2bbe-4690-8390-3d5f1922371c.config
2026-09-22T02:05:48.9230832Z [command]/usr/bin/git config --local --unset includeif.gitdir:<CI_HOME>/work/Learning_Workbench/Learning_Workbench/.git/worktrees/*.path \/home\/runner\/work\/_temp\/git\-credentials\-eb70058d\-2bbe\-4690\-8390\-3d5f1922371c\.config
2026-09-22T02:05:48.9260967Z [command]/usr/bin/git config --local --get-all includeif.gitdir:/github/workspace/.git.path
2026-09-22T02:05:48.9287136Z /github/runner_temp/git-credentials-eb70058d-2bbe-4690-8390-3d5f1922371c.config
2026-09-22T02:05:48.9293211Z [command]/usr/bin/git config --local --unset includeif.gitdir:/github/workspace/.git.path \/github\/runner_temp\/git\-credentials\-eb70058d\-2bbe\-4690\-8390\-3d5f1922371c\.config
2026-09-22T02:05:48.9324649Z [command]/usr/bin/git config --local --get-all includeif.gitdir:/github/workspace/.git/worktrees/*.path
2026-09-22T02:05:48.9348566Z /github/runner_temp/git-credentials-eb70058d-2bbe-4690-8390-3d5f1922371c.config
2026-09-22T02:05:48.9353880Z [command]/usr/bin/git config --local --unset includeif.gitdir:/github/workspace/.git/worktrees/*.path \/github\/runner_temp\/git\-credentials\-eb70058d\-2bbe\-4690\-8390\-3d5f1922371c\.config
2026-09-22T02:05:48.9385707Z [command]/usr/bin/git submodule foreach --recursive git config --local --show-origin --name-only --get-regexp remote.origin.url
2026-09-22T02:05:48.9590004Z Removing credentials config '<CI_HOME>/work/_temp/git-credentials-eb70058d-2bbe-4690-8390-3d5f1922371c.config'
2026-09-22T02:05:48.9723648Z Cleaning up orphan processes
