2026-09-22T02:02:07.8020660Z Current runner version: '2.337.0'
2026-09-22T02:02:07.8041753Z ##[group]Runner Image Provisioner
2026-09-22T02:02:07.8042724Z Hosted Compute Agent
2026-09-22T02:02:07.8043229Z Version: 20260828.587
2026-09-22T02:02:07.8043840Z Commit: abac92662cab4cc7352de4f9f9d2e2419aad9c29
2026-09-22T02:02:07.8044512Z Build Date: 2026-08-28T16:44:25Z
2026-09-22T02:02:07.8045121Z Worker ID: {dbcdfd96-bd79-4d75-961d-d44d0a68041e}
2026-09-22T02:02:07.8045767Z Azure Region: centralus
2026-09-22T02:02:07.8046282Z ##[endgroup]
2026-09-22T02:02:07.8047520Z ##[group]Operating System
2026-09-22T02:02:07.8048129Z Ubuntu
2026-09-22T02:02:07.8048590Z 24.04.5
2026-09-22T02:02:07.8049053Z LTS
2026-09-22T02:02:07.8049504Z ##[endgroup]
2026-09-22T02:02:07.8049996Z ##[group]Runner Image
2026-09-22T02:02:07.8050848Z Image: ubuntu-24.04
2026-09-22T02:02:07.8051379Z Version: 20260907.300.1
2026-09-22T02:02:07.8052704Z Included Software: https://github.com/actions/runner-images/blob/ubuntu24/20260907.300/images/ubuntu/Ubuntu2404-Readme.md
2026-09-22T02:02:07.8054044Z Image Release: https://github.com/actions/runner-images/releases/tag/ubuntu24%2F20260907.300
2026-09-22T02:02:07.8054907Z ##[endgroup]
2026-09-22T02:02:07.8055895Z ##[group]GITHUB_TOKEN Permissions
2026-09-22T02:02:07.8057923Z Contents: read
2026-09-22T02:02:07.8058413Z Metadata: read
2026-09-22T02:02:07.8058935Z ##[endgroup]
2026-09-22T02:02:07.8060778Z Secret source: Actions
2026-09-22T02:02:07.8061619Z Cache mode: write
2026-09-22T02:02:07.8062540Z Prepare workflow directory
2026-09-22T02:02:07.9612002Z Prepare all required actions
2026-09-22T02:02:07.9673272Z Getting action download info
2026-09-22T02:02:08.2195722Z Download action repository 'actions/checkout@3d3c42e5aac5ba805825da76410c181273ba90b1' (SHA:3d3c42e5aac5ba805825da76410c181273ba90b1)
2026-09-22T02:02:08.3273374Z Download action repository 'actions/setup-node@820762786026740c76f36085b0efc47a31fe5020' (SHA:820762786026740c76f36085b0efc47a31fe5020)
2026-09-22T02:02:08.5312802Z Complete job name: frontend
2026-09-22T02:02:08.5914963Z ##[group]Run actions/checkout@3d3c42e5aac5ba805825da76410c181273ba90b1
2026-09-22T02:02:08.5915883Z with:
2026-09-22T02:02:08.5916342Z   repository: kl3574/Learning_Workbench
2026-09-22T02:02:08.5919625Z   token: ***
2026-09-22T02:02:08.5920057Z   ssh-strict: true
2026-09-22T02:02:08.5920490Z   ssh-user: git
2026-09-22T02:02:08.5920968Z   persist-credentials: true
2026-09-22T02:02:08.5921451Z   clean: true
2026-09-22T02:02:08.5922047Z   sparse-checkout-cone-mode: true
2026-09-22T02:02:08.5922612Z   fetch-depth: 1
2026-09-22T02:02:08.5923042Z   fetch-tags: false
2026-09-22T02:02:08.5923496Z   show-progress: true
2026-09-22T02:02:08.5923946Z   lfs: false
2026-09-22T02:02:08.5924399Z   submodules: false
2026-09-22T02:02:08.5924885Z   set-safe-directory: true
2026-09-22T02:02:08.5925378Z   allow-unsafe-pr-checkout: false
2026-09-22T02:02:08.5926029Z ##[endgroup]
2026-09-22T02:02:08.6819197Z Syncing repository: kl3574/Learning_Workbench
2026-09-22T02:02:08.6821701Z ##[group]Getting Git version info
2026-09-22T02:02:08.6823059Z Working directory is '<CI_HOME>/work/Learning_Workbench/Learning_Workbench'
2026-09-22T02:02:08.6824676Z [command]/usr/bin/git version
2026-09-22T02:02:08.6881686Z git version 2.55.0
2026-09-22T02:02:08.6896733Z ##[endgroup]
2026-09-22T02:02:08.6904778Z Temporarily overriding HOME='<CI_HOME>/work/_temp/45797ae3-acd5-40e3-9d68-dbabdddd8265' before making global git config changes
2026-09-22T02:02:08.6906592Z Adding repository directory to the temporary git global config as a safe directory
2026-09-22T02:02:08.6910197Z [command]/usr/bin/git config --global --add safe.directory <CI_HOME>/work/Learning_Workbench/Learning_Workbench
2026-09-22T02:02:08.6951745Z Deleting the contents of '<CI_HOME>/work/Learning_Workbench/Learning_Workbench'
2026-09-22T02:02:08.6954704Z ##[group]Determining repository object format
2026-09-22T02:02:08.6955843Z ##[endgroup]
2026-09-22T02:02:08.6956840Z ##[group]Initializing the repository
2026-09-22T02:02:08.6958789Z [command]/usr/bin/git init <CI_HOME>/work/Learning_Workbench/Learning_Workbench
2026-09-22T02:02:08.7049129Z hint: Using 'master' as the name for the initial branch. This default branch name
2026-09-22T02:02:08.7050639Z hint: will change to "main" in Git 3.0. To configure the initial branch name
2026-09-22T02:02:08.7051553Z hint: to use in all of your new repositories, which will suppress this warning,
2026-09-22T02:02:08.7052407Z hint: call:
2026-09-22T02:02:08.7052808Z hint:
2026-09-22T02:02:08.7053402Z hint: 	git config --global init.defaultBranch <name>
2026-09-22T02:02:08.7053963Z hint:
2026-09-22T02:02:08.7054514Z hint: Names commonly chosen instead of 'master' are 'main', 'trunk' and
2026-09-22T02:02:08.7055329Z hint: 'development'. The just-created branch can be renamed via this command:
2026-09-22T02:02:08.7055971Z hint:
2026-09-22T02:02:08.7056429Z hint: 	git branch -m <name>
2026-09-22T02:02:08.7056885Z hint:
2026-09-22T02:02:08.7057477Z hint: Disable this message with "git config set advice.defaultBranchName false"
2026-09-22T02:02:08.7061135Z Initialized empty Git repository in <CI_HOME>/work/Learning_Workbench/Learning_Workbench/.git/
2026-09-22T02:02:08.7071103Z [command]/usr/bin/git remote add origin https://github.com/kl3574/Learning_Workbench
2026-09-22T02:02:08.7108718Z ##[endgroup]
2026-09-22T02:02:08.7109454Z ##[group]Disabling automatic garbage collection
2026-09-22T02:02:08.7112422Z [command]/usr/bin/git config --local gc.auto 0
2026-09-22T02:02:08.7135190Z ##[endgroup]
2026-09-22T02:02:08.7135986Z ##[group]Setting up auth
2026-09-22T02:02:08.7136644Z Removing SSH command configuration
2026-09-22T02:02:08.7140985Z [command]/usr/bin/git config --local --name-only --get-regexp core\.sshCommand
2026-09-22T02:02:08.7165784Z [command]/usr/bin/git submodule foreach --recursive sh -c "git config --local --name-only --get-regexp 'core\.sshCommand' && git config --local --unset-all 'core.sshCommand' || :"
2026-09-22T02:02:08.7446851Z Removing HTTP extra header
2026-09-22T02:02:08.7451653Z [command]/usr/bin/git config --local --name-only --get-regexp http\.https\:\/\/github\.com\/\.extraheader
2026-09-22T02:02:08.7484819Z [command]/usr/bin/git submodule foreach --recursive sh -c "git config --local --name-only --get-regexp 'http\.https\:\/\/github\.com\/\.extraheader' && git config --local --unset-all 'http.https://github.com/.extraheader' || :"
2026-09-22T02:02:08.7650733Z Removing includeIf entries pointing to credentials config files
2026-09-22T02:02:08.7655292Z [command]/usr/bin/git config --local --name-only --get-regexp ^includeIf\.gitdir:
2026-09-22T02:02:08.7678965Z [command]/usr/bin/git submodule foreach --recursive git config --local --show-origin --name-only --get-regexp remote.origin.url
2026-09-22T02:02:08.7848036Z [command]/usr/bin/git config --file <CI_HOME>/work/_temp/git-credentials-39d65ed5-85f8-4817-bdba-68f03bf8f371.config http.https://github.com/.extraheader AUTHORIZATION: basic ***
2026-09-22T02:02:08.7874872Z [command]/usr/bin/git config --local includeIf.gitdir:<CI_HOME>/work/Learning_Workbench/Learning_Workbench/.git.path <CI_HOME>/work/_temp/git-credentials-39d65ed5-85f8-4817-bdba-68f03bf8f371.config
2026-09-22T02:02:08.7895944Z [command]/usr/bin/git config --local includeIf.gitdir:<CI_HOME>/work/Learning_Workbench/Learning_Workbench/.git/worktrees/*.path <CI_HOME>/work/_temp/git-credentials-39d65ed5-85f8-4817-bdba-68f03bf8f371.config
2026-09-22T02:02:08.7920543Z [command]/usr/bin/git config --local includeIf.gitdir:/github/workspace/.git.path /github/runner_temp/git-credentials-39d65ed5-85f8-4817-bdba-68f03bf8f371.config
2026-09-22T02:02:08.7944262Z [command]/usr/bin/git config --local includeIf.gitdir:/github/workspace/.git/worktrees/*.path /github/runner_temp/git-credentials-39d65ed5-85f8-4817-bdba-68f03bf8f371.config
2026-09-22T02:02:08.7963815Z ##[endgroup]
2026-09-22T02:02:08.7964556Z ##[group]Fetching the repository
2026-09-22T02:02:08.7968933Z [command]/usr/bin/git -c protocol.version=2 fetch --no-tags --prune --no-recurse-submodules --depth=1 origin +5579332adcd9259c6390624b61106e23e8856817:refs/remotes/pull/53/merge
2026-09-22T02:02:11.1668764Z From https://github.com/kl3574/Learning_Workbench
2026-09-22T02:02:11.1671055Z  * [new ref]         5579332adcd9259c6390624b61106e23e8856817 -> pull/53/merge
2026-09-22T02:02:11.1676422Z ##[endgroup]
2026-09-22T02:02:11.1678324Z ##[group]Determining the checkout info
2026-09-22T02:02:11.1680335Z ##[endgroup]
2026-09-22T02:02:11.1681599Z [command]/usr/bin/git sparse-checkout disable
2026-09-22T02:02:11.1730020Z [command]/usr/bin/git config --local --unset-all extensions.worktreeConfig
2026-09-22T02:02:11.1754281Z ##[group]Checking out the ref
2026-09-22T02:02:11.1756255Z [command]/usr/bin/git checkout --progress --force refs/remotes/pull/53/merge
2026-09-22T02:02:11.7079352Z Note: switching to 'refs/remotes/pull/53/merge'.
2026-09-22T02:02:11.7083871Z 
2026-09-22T02:02:11.7084608Z You are in 'detached HEAD' state. You can look around, make experimental
2026-09-22T02:02:11.7085440Z changes and commit them, and you can discard any commits you make in this
2026-09-22T02:02:11.7086011Z state without impacting any branches by switching back to a branch.
2026-09-22T02:02:11.7086332Z 
2026-09-22T02:02:11.7086596Z If you want to create a new branch to retain commits you create, you may
2026-09-22T02:02:11.7087140Z do so (now or later) by using -c with the switch command. Example:
2026-09-22T02:02:11.7087385Z 
2026-09-22T02:02:11.7087608Z   git switch -c <new-branch-name>
2026-09-22T02:02:11.7087817Z 
2026-09-22T02:02:11.7088004Z Or undo this operation with:
2026-09-22T02:02:11.7088267Z 
2026-09-22T02:02:11.7088394Z   git switch -
2026-09-22T02:02:11.7088608Z 
2026-09-22T02:02:11.7088850Z Turn off this advice by setting config variable advice.detachedHead to false
2026-09-22T02:02:11.7089174Z 
2026-09-22T02:02:11.7089562Z HEAD is now at 5579332 Merge bebf80601b3debf788d446ed2b3abf0847b392bc into 81d2b92e2f9ed24631988f860a1fba528f2c4ad7
2026-09-22T02:02:11.7100124Z ##[endgroup]
2026-09-22T02:02:11.7138687Z [command]/usr/bin/git log -1 --format=%H
2026-09-22T02:02:11.7160550Z 5579332adcd9259c6390624b61106e23e8856817
2026-09-22T02:02:11.7384914Z ##[group]Run actions/setup-node@820762786026740c76f36085b0efc47a31fe5020
2026-09-22T02:02:11.7385379Z with:
2026-09-22T02:02:11.7385737Z   node-version: 24.21.0
2026-09-22T02:02:11.7386096Z   cache: npm
2026-09-22T02:02:11.7386460Z   cache-dependency-path: apps/web/package-lock.json
2026-09-22T02:02:11.7386867Z   check-latest: false
2026-09-22T02:02:11.7389026Z   token: ***
2026-09-22T02:02:11.7389390Z   package-manager-cache: true
2026-09-22T02:02:11.7389776Z ##[endgroup]
2026-09-22T02:02:11.8419522Z Attempting to download 24.21.0...
2026-09-22T02:02:12.5601144Z Acquiring 24.21.0 - x64 from https://github.com/actions/node-versions/releases/download/24.21.0-34304089047/node-24.21.0-linux-x64.tar.gz
2026-09-22T02:02:13.1603751Z Extracting ...
2026-09-22T02:02:13.1692367Z [command]/usr/bin/tar xz --strip 1 --warning=no-unknown-keyword --overwrite -C <CI_HOME>/work/_temp/2709d8a4-d190-4533-8b8d-a6035563ba21 -f <CI_HOME>/work/_temp/9d77dca3-e006-4782-9c6a-0fce61bed95e
2026-09-22T02:02:14.3203300Z Adding to the cache ...
2026-09-22T02:02:16.4561237Z ##[group]Environment details
2026-09-22T02:02:16.6515349Z node: v24.21.0
2026-09-22T02:02:16.6515904Z npm: 11.19.0
2026-09-22T02:02:16.6516873Z yarn: 1.22.22
2026-09-22T02:02:16.6518967Z ##[endgroup]
2026-09-22T02:02:16.6534398Z [command]/opt/hostedtoolcache/node/24.21.0/x64/bin/npm config get cache
2026-09-22T02:02:16.7282268Z <CI_HOME>/.npm
2026-09-22T02:02:16.8787053Z Cache hit for: node-cache-Linux-x64-npm-88346c344be99637313526bac40be213d9ff7980d5ac890cfb906fdfb94cb22b
2026-09-22T02:02:17.8359483Z Received 75892170 of 75892170 (100.0%), 88.5 MBs/sec
2026-09-22T02:02:17.8360806Z Cache Size: ~72 MB (75892170 B)
2026-09-22T02:02:17.8405494Z [command]/usr/bin/tar -xf <CI_HOME>/work/_temp/588358bd-40a2-4e9a-8436-e4619382057e/cache.tzst -P -C <CI_HOME>/work/Learning_Workbench/Learning_Workbench --use-compress-program unzstd
2026-09-22T02:02:17.9224536Z Cache restored successfully
2026-09-22T02:02:17.9254791Z Cache restored from key: node-cache-Linux-x64-npm-88346c344be99637313526bac40be213d9ff7980d5ac890cfb906fdfb94cb22b
2026-09-22T02:02:17.9388570Z ##[group]Run npm ci --prefix apps/web
2026-09-22T02:02:17.9389010Z [36;1mnpm ci --prefix apps/web[0m
2026-09-22T02:02:17.9416099Z shell: /usr/bin/bash -e {0}
2026-09-22T02:02:17.9416420Z ##[endgroup]
2026-09-22T02:02:22.2325817Z 
2026-09-22T02:02:22.2332398Z added 236 packages, and audited 237 packages in 4s
2026-09-22T02:02:22.2332792Z 
2026-09-22T02:02:22.2333000Z 118 packages are looking for funding
2026-09-22T02:02:22.2333399Z   run `npm fund` for details
2026-09-22T02:02:22.2335470Z 
2026-09-22T02:02:22.2335851Z found 0 vulnerabilities
2026-09-22T02:02:22.2667625Z ##[group]Run npm --prefix apps/web run lint
2026-09-22T02:02:22.2668042Z [36;1mnpm --prefix apps/web run lint[0m
2026-09-22T02:02:22.2690370Z shell: /usr/bin/bash -e {0}
2026-09-22T02:02:22.2690757Z ##[endgroup]
2026-09-22T02:02:22.3478204Z 
2026-09-22T02:02:22.3478929Z > @learning-workbench/web@0.1.0 lint
2026-09-22T02:02:22.3479510Z > tsc --noEmit --noUnusedLocals --noUnusedParameters
2026-09-22T02:02:22.3479857Z 
2026-09-22T02:02:23.1813926Z ##[group]Run npm --prefix apps/web run typecheck
2026-09-22T02:02:23.1814364Z [36;1mnpm --prefix apps/web run typecheck[0m
2026-09-22T02:02:23.1835343Z shell: /usr/bin/bash -e {0}
2026-09-22T02:02:23.1835745Z ##[endgroup]
2026-09-22T02:02:23.2591337Z 
2026-09-22T02:02:23.2592207Z > @learning-workbench/web@0.1.0 typecheck
2026-09-22T02:02:23.2592778Z > tsc --noEmit
2026-09-22T02:02:23.2592948Z 
2026-09-22T02:02:24.1088828Z ##[group]Run npm --prefix apps/web run test
2026-09-22T02:02:24.1089208Z [36;1mnpm --prefix apps/web run test[0m
2026-09-22T02:02:24.1110361Z shell: /usr/bin/bash -e {0}
2026-09-22T02:02:24.1110770Z ##[endgroup]
2026-09-22T02:02:24.1901717Z 
2026-09-22T02:02:24.1902743Z > @learning-workbench/web@0.1.0 test
2026-09-22T02:02:24.1903805Z > vitest run
2026-09-22T02:02:24.1904215Z 
2026-09-22T02:02:24.4820241Z 
2026-09-22T02:02:24.4823571Z [1m[30m[46m RUN [49m[39m[22m [36mv5.0.0 [39m[90m<CI_HOME>/work/Learning_Workbench/Learning_Workbench/apps/web[39m
2026-09-22T02:02:24.4824710Z 
2026-09-22T02:02:26.0546880Z  [32m✓[39m src/shared/createResponseDraftJournal.test.tsx [2m([22m[2m4 tests[22m[2m)[22m[33m 725[2mms[22m[39m
2026-09-22T02:02:26.6382204Z  [32m✓[39m src/features/notes/useNoteDrafts.test.tsx [2m([22m[2m15 tests[22m[2m)[22m[33m 1274[2mms[22m[39m
2026-09-22T02:02:27.1889314Z  [32m✓[39m src/features/recommendations/useDecisions.test.tsx [2m([22m[2m11 tests[22m[2m)[22m[33m 1811[2mms[22m[39m
2026-09-22T02:02:28.0004884Z  [32m✓[39m src/features/providers/providerSecret.test.tsx [2m([22m[2m14 tests[22m[2m)[22m[32m 163[2mms[22m[39m
2026-09-22T02:02:28.4894692Z  [32m✓[39m src/features/learning/useProfile.test.tsx [2m([22m[2m8 tests[22m[2m)[22m[33m 1350[2mms[22m[39m
2026-09-22T02:02:28.4896587Z    [33m[2m✓[22m[39m a late acknowledged old command cannot erase a newer durable profile candidate after policy resume[33m 315[2mms[22m[39m
2026-09-22T02:02:28.9001370Z  [32m✓[39m src/features/practice/usePracticeSession.test.tsx [2m([22m[2m6 tests[22m[2m)[22m[33m 2356[2mms[22m[39m
2026-09-22T02:02:28.9003560Z    [33m[2m✓[22m[39m same hook identity change does not rebind or auto-save unsent A responses to B[33m 856[2mms[22m[39m
2026-09-22T02:02:28.9006225Z    [33m[2m✓[22m[39m explicit keep-local after remote submission retains the draft without a response PUT[33m 691[2mms[22m[39m
2026-09-22T02:02:29.6597580Z  [32m✓[39m src/features/authoring/useAuthoring.test.tsx [2m([22m[2m9 tests[22m[2m)[22m[33m 586[2mms[22m[39m
2026-09-22T02:02:29.7566584Z  [32m✓[39m src/features/providers/providerCommands.test.tsx [2m([22m[2m9 tests[22m[2m)[22m[33m 1200[2mms[22m[39m
2026-09-22T02:02:30.2310774Z  [32m✓[39m src/features/reader/selection.test.ts [2m([22m[2m33 tests[22m[2m)[22m[32m 53[2mms[22m[39m
2026-09-22T02:02:30.3854934Z  [32m✓[39m src/features/tutor/useTutor.test.tsx [2m([22m[2m11 tests[22m[2m)[22m[33m 910[2mms[22m[39m
2026-09-22T02:02:31.5795765Z  [32m✓[39m src/workbench/useWorkbenchRecovery.test.tsx [2m([22m[2m6 tests[22m[2m)[22m[33m 329[2mms[22m[39m
2026-09-22T02:02:31.9652742Z  [32m✓[39m src/features/authoring/AuthoringPanel.test.tsx [2m([22m[2m1 test[22m[2m)[22m[33m 1461[2mms[22m[39m
2026-09-22T02:02:31.9673806Z    [33m[2m✓[22m[39m typed component flow prepares once, approves same Job, reads draft and declines a separate numeric preview without execution[33m 1460[2mms[22m[39m
2026-09-22T02:02:32.4871373Z  [32m✓[39m src/features/providers/ProviderSettings.test.tsx [2m([22m[2m7 tests[22m[2m)[22m[33m 1497[2mms[22m[39m
2026-09-22T02:02:32.4872738Z    [33m[2m✓[22m[39m config remains visibly separate from proof readiness and send needs a durable original command[33m 330[2mms[22m[39m
2026-09-22T02:02:32.4873958Z    [33m[2m✓[22m[39m reusable preview accepts a consumer-owned task but cannot manufacture a task or dispatch on approval[33m 514[2mms[22m[39m
2026-09-22T02:02:32.8527804Z  [32m✓[39m src/features/retrieval/useRetrieval.test.tsx [2m([22m[2m7 tests[22m[2m)[22m[33m 463[2mms[22m[39m
2026-09-22T02:02:33.1342885Z  [32m✓[39m src/workbench/DraftStore.test.ts [2m([22m[2m9 tests[22m[2m)[22m[32m 127[2mms[22m[39m
2026-09-22T02:02:33.4703822Z  [32m✓[39m src/features/recommendations/recommendations.test.tsx [2m([22m[2m8 tests[22m[2m)[22m[33m 778[2mms[22m[39m
2026-09-22T02:02:33.5632882Z  [32m✓[39m src/features/assessment/useWorkspacePolicy.test.tsx [2m([22m[2m10 tests[22m[2m)[22m[32m 41[2mms[22m[39m
2026-09-22T02:02:34.5054992Z  [32m✓[39m src/workbench/PreserveReaderViewport.test.tsx [2m([22m[2m11 tests[22m[2m)[22m[33m 329[2mms[22m[39m
2026-09-22T02:02:34.5894149Z  [32m✓[39m src/features/retrieval/RetrievalPanel.test.tsx [2m([22m[2m5 tests[22m[2m)[22m[33m 601[2mms[22m[39m
2026-09-22T02:02:35.1142828Z  [32m✓[39m src/features/routes/RouteEditorDraftSequence.test.tsx [2m([22m[2m5 tests[22m[2m)[22m[33m 737[2mms[22m[39m
2026-09-22T02:02:35.1144921Z    [33m[2m✓[22m[39m real route input and conflict candidates survive own_save_first delivery[33m 336[2mms[22m[39m
2026-09-22T02:02:35.7016862Z  [32m✓[39m src/features/retrieval/retrievalModel.test.ts [2m([22m[2m4 tests[22m[2m)[22m[32m 13[2mms[22m[39m
2026-09-22T02:02:35.7576154Z  [32m✓[39m src/features/routes/RouteEditor.test.tsx [2m([22m[2m2 tests[22m[2m)[22m[33m 532[2mms[22m[39m
2026-09-22T02:02:35.7578108Z    [33m[2m✓[22m[39m a route command in flight through an access change can recover its actual receipt after policy resumes[33m 363[2mms[22m[39m
2026-09-22T02:02:36.2833835Z  [32m✓[39m src/features/retrieval/retrievalCommands.test.ts [2m([22m[2m6 tests[22m[2m)[22m[32m 35[2mms[22m[39m
2026-09-22T02:02:36.3282327Z  [32m✓[39m src/features/grading/useGradingResult.test.tsx [2m([22m[2m6 tests[22m[2m)[22m[33m 1122[2mms[22m[39m
2026-09-22T02:02:36.3284300Z    [33m[2m✓[22m[39m reads the actual job and polls its actual needs-review outcome without turning null into zero[33m 769[2mms[22m[39m
2026-09-22T02:02:36.8792829Z  [32m✓[39m src/features/grading/AssessmentResultRecovery.test.tsx [2m([22m[2m2 tests[22m[2m)[22m[33m 552[2mms[22m[39m
2026-09-22T02:02:36.8795014Z    [33m[2m✓[22m[39m a failed regrade retains the real previous score and allows a new explicit command with its grading revision[33m 411[2mms[22m[39m
2026-09-22T02:02:36.8912719Z  [32m✓[39m src/workbench/model.test.ts [2m([22m[2m9 tests[22m[2m)[22m[32m 15[2mms[22m[39m
2026-09-22T02:02:37.0558658Z  [32m✓[39m src/features/providers/providerClient.test.ts [2m([22m[2m2 tests[22m[2m)[22m[32m 18[2mms[22m[39m
2026-09-22T02:02:37.4824520Z  [32m✓[39m src/features/assessment/assessmentClient.test.ts [2m([22m[2m4 tests[22m[2m)[22m[32m 8[2mms[22m[39m
2026-09-22T02:02:37.6264413Z  [32m✓[39m src/features/recommendations/useRecommendationNavigation.test.tsx [2m([22m[2m8 tests[22m[2m)[22m[32m 52[2mms[22m[39m
2026-09-22T02:02:38.0814555Z  [32m✓[39m src/features/tutor/practiceAssistance.test.tsx [2m([22m[2m1 test[22m[2m)[22m[32m 265[2mms[22m[39m
2026-09-22T02:02:38.2914276Z  [32m✓[39m src/features/learning/conceptModel.test.ts [2m([22m[2m4 tests[22m[2m)[22m[32m 8[2mms[22m[39m
2026-09-22T02:02:38.5095258Z  [32m✓[39m src/features/tutor/TutorControls.test.tsx [2m([22m[2m3 tests[22m[2m)[22m[33m 316[2mms[22m[39m
2026-09-22T02:02:39.0194165Z  [32m✓[39m src/features/tutor/TutorEvidence.test.tsx [2m([22m[2m3 tests[22m[2m)[22m[32m 249[2mms[22m[39m
2026-09-22T02:02:39.5126382Z  [32m✓[39m src/features/review/GradingHistory.test.tsx [2m([22m[2m3 tests[22m[2m)[22m[32m 263[2mms[22m[39m
2026-09-22T02:02:39.6518269Z  [32m✓[39m src/features/assessment/target.test.ts [2m([22m[2m5 tests[22m[2m)[22m[32m 10[2mms[22m[39m
2026-09-22T02:02:40.2245369Z  [32m✓[39m src/features/tutor/tutorState.test.ts [2m([22m[2m4 tests[22m[2m)[22m[32m 7[2mms[22m[39m
2026-09-22T02:02:40.2522597Z  [32m✓[39m src/features/learning/profileDrafts.test.ts [2m([22m[2m4 tests[22m[2m)[22m[32m 10[2mms[22m[39m
2026-09-22T02:02:40.3239397Z  [32m✓[39m src/features/authoring/AuthoringShellAdmission.test.tsx [2m([22m[2m2 tests[22m[2m)[22m[33m 716[2mms[22m[39m
2026-09-22T02:02:40.3242827Z    [33m[2m✓[22m[39m Shell unknown Policy still exposes actual safe Authoring cancellation[33m 525[2mms[22m[39m
2026-09-22T02:02:40.9022818Z  [32m✓[39m src/features/assessment/assessmentDrafts.test.ts [2m([22m[2m14 tests[22m[2m)[22m[32m 11[2mms[22m[39m
2026-09-22T02:02:40.9253622Z  [32m✓[39m src/features/tutor/tutorCommands.test.ts [2m([22m[2m4 tests[22m[2m)[22m[32m 23[2mms[22m[39m
2026-09-22T02:02:41.1724224Z  [32m✓[39m src/features/providers/providerReads.test.tsx [2m([22m[2m3 tests[22m[2m)[22m[32m 193[2mms[22m[39m
2026-09-22T02:02:41.5006490Z  [32m✓[39m src/features/imports/recovery.test.ts [2m([22m[2m12 tests[22m[2m)[22m[32m 17[2mms[22m[39m
2026-09-22T02:02:41.8462242Z  [32m✓[39m src/features/authoring/NumericCheckPanel.test.tsx [2m([22m[2m2 tests[22m[2m)[22m[33m 312[2mms[22m[39m
2026-09-22T02:02:42.0808635Z  [32m✓[39m src/features/grading/reviewDrafts.test.ts [2m([22m[2m5 tests[22m[2m)[22m[32m 5[2mms[22m[39m
2026-09-22T02:02:42.1172822Z  [32m✓[39m src/features/authoring/authoringOwnerBoundary.test.tsx [2m([22m[2m1 test[22m[2m)[22m[32m 175[2mms[22m[39m
2026-09-22T02:02:42.4651194Z  [32m✓[39m src/features/practice/practiceDrafts.test.ts [2m([22m[2m11 tests[22m[2m)[22m[32m 18[2mms[22m[39m
2026-09-22T02:02:42.6907612Z  [32m✓[39m src/features/grading/gradingModel.test.ts [2m([22m[2m9 tests[22m[2m)[22m[32m 8[2mms[22m[39m
2026-09-22T02:02:43.0964339Z  [32m✓[39m src/features/review/reviewModel.test.ts [2m([22m[2m4 tests[22m[2m)[22m[32m 6[2mms[22m[39m
2026-09-22T02:02:43.1307090Z  [32m✓[39m src/features/review/ReviewMaterialLinks.test.tsx [2m([22m[2m2 tests[22m[2m)[22m[33m 340[2mms[22m[39m
2026-09-22T02:02:43.6624303Z  [32m✓[39m src/workbench/DraftConflictPreview.test.tsx [2m([22m[2m3 tests[22m[2m)[22m[33m 336[2mms[22m[39m
2026-09-22T02:02:43.7128074Z  [32m✓[39m src/features/practice/target.test.ts [2m([22m[2m3 tests[22m[2m)[22m[32m 13[2mms[22m[39m
2026-09-22T02:02:43.7477272Z  [32m✓[39m src/features/notes/noteDrafts.test.ts [2m([22m[2m8 tests[22m[2m)[22m[32m 13[2mms[22m[39m
2026-09-22T02:02:44.3515365Z  [32m✓[39m src/features/imports/encoding.test.ts [2m([22m[2m9 tests[22m[2m)[22m[32m 9[2mms[22m[39m
2026-09-22T02:02:44.4843655Z  [32m✓[39m src/features/imports/SourceProvenance.test.tsx [2m([22m[2m4 tests[22m[2m)[22m[32m 60[2mms[22m[39m
2026-09-22T02:02:44.5444130Z  [32m✓[39m src/features/imports/FailedOriginal.test.tsx [2m([22m[2m3 tests[22m[2m)[22m[32m 237[2mms[22m[39m
2026-09-22T02:02:45.0773002Z  [32m✓[39m src/features/recommendations/recommendationClient.test.ts [2m([22m[2m2 tests[22m[2m)[22m[32m 6[2mms[22m[39m
2026-09-22T02:02:45.3204395Z  [32m✓[39m src/features/imports/UploadForm.test.tsx [2m([22m[2m3 tests[22m[2m)[22m[32m 258[2mms[22m[39m
2026-09-22T02:02:45.3888573Z  [32m✓[39m src/features/authoring/AuthoringPanelLifecycle.test.tsx [2m([22m[2m1 test[22m[2m)[22m[32m 57[2mms[22m[39m
2026-09-22T02:02:45.7601012Z  [32m✓[39m src/features/reader/navigation.test.ts [2m([22m[2m4 tests[22m[2m)[22m[32m 18[2mms[22m[39m
2026-09-22T02:02:45.9779446Z  [32m✓[39m src/features/routes/routeDrafts.test.ts [2m([22m[2m2 tests[22m[2m)[22m[32m 6[2mms[22m[39m
2026-09-22T02:02:46.0612445Z  [32m✓[39m src/features/authoring/authoringClient.test.ts [2m([22m[2m1 test[22m[2m)[22m[32m 9[2mms[22m[39m
2026-09-22T02:02:46.5625816Z  [32m✓[39m src/features/authoring/AuthoringControlList.test.tsx [2m([22m[2m1 test[22m[2m)[22m[32m 180[2mms[22m[39m
2026-09-22T02:02:46.5934038Z  [32m✓[39m src/workbench/selectionMerge.test.ts [2m([22m[2m3 tests[22m[2m)[22m[32m 5[2mms[22m[39m
2026-09-22T02:02:47.1128369Z  [32m✓[39m src/features/grading/useGradingReview.test.ts [2m([22m[2m11 tests[22m[2m)[22m[32m 8[2mms[22m[39m
2026-09-22T02:02:47.1437827Z  [32m✓[39m src/features/grading/GradingSummary.test.tsx [2m([22m[2m2 tests[22m[2m)[22m[33m 368[2mms[22m[39m
2026-09-22T02:02:47.1442485Z    [33m[2m✓[22m[39m pending score is displayed as unknown rather than zero or a mastery claim[33m 332[2mms[22m[39m
2026-09-22T02:02:47.5987389Z  [32m✓[39m src/shared/Markdown.test.tsx [2m([22m[2m3 tests[22m[2m)[22m[32m 72[2mms[22m[39m
2026-09-22T02:02:47.7599231Z  [32m✓[39m src/features/routes/target.test.ts [2m([22m[2m2 tests[22m[2m)[22m[32m 8[2mms[22m[39m
2026-09-22T02:02:47.8013923Z  [32m✓[39m src/features/routes/completionDrafts.test.ts [2m([22m[2m2 tests[22m[2m)[22m[32m 4[2mms[22m[39m
2026-09-22T02:02:48.1834133Z  [32m✓[39m src/features/fixture.test.ts [2m([22m[2m2 tests[22m[2m)[22m[32m 19[2mms[22m[39m
2026-09-22T02:02:48.3945651Z  [32m✓[39m src/features/retrieval/retrievalContext.test.ts [2m([22m[2m1 test[22m[2m)[22m[32m 4[2mms[22m[39m
2026-09-22T02:02:48.7626559Z  [32m✓[39m src/features/review/SubmittedResponse.test.tsx [2m([22m[2m1 test[22m[2m)[22m[33m 327[2mms[22m[39m
2026-09-22T02:02:48.7628157Z    [33m[2m✓[22m[39m renders the frozen submitted answer and original Unicode steps as inert text, with no editable response control[33m 326[2mms[22m[39m
2026-09-22T02:02:48.8607027Z  [32m✓[39m src/features/imports/ReviewWarnings.test.tsx [2m([22m[2m2 tests[22m[2m)[22m[32m 130[2mms[22m[39m
2026-09-22T02:02:48.8641391Z 
2026-09-22T02:02:48.8650772Z [2m Test Files [22m [1m[32m72 passed[39m[22m[90m (72)[39m
2026-09-22T02:02:48.8651520Z [2m      Tests [22m [1m[32m401 passed[39m[22m[90m (401)[39m
2026-09-22T02:02:48.8652339Z [2m   Start at [22m 02:02:24
2026-09-22T02:02:48.8653037Z [2m   Duration [22m 24.37s[2m (environment 50%, tests 37%, import 9%, transform 3%)[22m
2026-09-22T02:02:48.8658879Z 
2026-09-22T02:02:48.8660418Z [2mEnvironment [22m [33mjsdom was created 72 times[39m[2m · 32.25s total, 50% of tracked time[22m
2026-09-22T02:02:48.8662120Z [2m            [22m [2mcreate it once per worker with [22m[33mpool: 'vmThreads'[39m[2m (keeps per-file isolation) or [22m[33misolate: false[39m[2m (shares it across files)[22m
2026-09-22T02:02:48.8663101Z [2m            [22m [2mlearn more: https://vitest.dev/guide/improving-performance#test-environments[22m
2026-09-22T02:02:48.8663456Z 
2026-09-22T02:02:48.9023660Z ##[group]Run make build
2026-09-22T02:02:48.9024000Z [36;1mmake build[0m
2026-09-22T02:02:48.9044376Z shell: /usr/bin/bash -e {0}
2026-09-22T02:02:48.9044735Z ##[endgroup]
2026-09-22T02:02:48.9112380Z bash scripts/node.sh npm --prefix apps/web run build
2026-09-22T02:02:48.9874301Z 
2026-09-22T02:02:48.9875413Z > @learning-workbench/web@0.1.0 build
2026-09-22T02:02:48.9875896Z > tsc --noEmit && vite build
2026-09-22T02:02:48.9876064Z 
2026-09-22T02:02:49.9625937Z [36mvite v8.3.0 [32mbuilding client environment for production...[36m[39m
2026-09-22T02:02:49.9702894Z transforming...
2026-09-22T02:02:50.1382377Z ✓ 737 modules transformed.
2026-09-22T02:02:50.2367456Z rendering chunks...
2026-09-22T02:02:50.3563178Z computing gzip size...
2026-09-22T02:02:50.3949854Z dist/index.html                       0.41 kB │ gzip:     0.32 kB
2026-09-22T02:02:50.3950772Z dist/assets/index-Clf_BHiP.css       40.20 kB │ gzip:     8.43 kB
2026-09-22T02:02:50.3952142Z dist/assets/index-DWZ8sK1o.js     1,203.86 kB │ gzip:   267.80 kB
2026-09-22T02:02:50.3952991Z dist/assets/Markdown-C8HTOm0W.js  2,939.32 kB │ gzip: 1,098.70 kB
2026-09-22T02:02:50.3953375Z 
2026-09-22T02:02:50.3953960Z [32m✓ built in 432ms[39m
2026-09-22T02:02:50.3960066Z [33m[plugin builtin:vite-reporter] 
2026-09-22T02:02:50.3960912Z (!) Some chunks are larger than 500 kB after minification. Consider:
2026-09-22T02:02:50.3961636Z - Using dynamic import() to code-split the application
2026-09-22T02:02:50.3962799Z - Use build.rolldownOptions.output.codeSplitting to improve chunking: https://rolldown.rs/reference/OutputOptions.codeSplitting
2026-09-22T02:02:50.3963912Z - Adjust chunk size limit for this warning via build.chunkSizeWarningLimit.[39m
2026-09-22T02:02:50.4230786Z Post job cleanup.
2026-09-22T02:02:50.5177236Z Cache hit occurred on the primary key node-cache-Linux-x64-npm-88346c344be99637313526bac40be213d9ff7980d5ac890cfb906fdfb94cb22b, not saving cache.
2026-09-22T02:02:50.5307401Z Post job cleanup.
2026-09-22T02:02:50.6028530Z [command]/usr/bin/git version
2026-09-22T02:02:50.6067567Z git version 2.55.0
2026-09-22T02:02:50.6100371Z Temporarily overriding HOME='<CI_HOME>/work/_temp/d1d88954-6e6c-4ee6-88da-478b9a3bd322' before making global git config changes
2026-09-22T02:02:50.6101543Z Adding repository directory to the temporary git global config as a safe directory
2026-09-22T02:02:50.6105449Z [command]/usr/bin/git config --global --add safe.directory <CI_HOME>/work/Learning_Workbench/Learning_Workbench
2026-09-22T02:02:50.6131353Z Removing SSH command configuration
2026-09-22T02:02:50.6137090Z [command]/usr/bin/git config --local --name-only --get-regexp core\.sshCommand
2026-09-22T02:02:50.6165824Z [command]/usr/bin/git submodule foreach --recursive sh -c "git config --local --name-only --get-regexp 'core\.sshCommand' && git config --local --unset-all 'core.sshCommand' || :"
2026-09-22T02:02:50.6359491Z Removing HTTP extra header
2026-09-22T02:02:50.6364612Z [command]/usr/bin/git config --local --name-only --get-regexp http\.https\:\/\/github\.com\/\.extraheader
2026-09-22T02:02:50.6391464Z [command]/usr/bin/git submodule foreach --recursive sh -c "git config --local --name-only --get-regexp 'http\.https\:\/\/github\.com\/\.extraheader' && git config --local --unset-all 'http.https://github.com/.extraheader' || :"
2026-09-22T02:02:50.6572024Z Removing includeIf entries pointing to credentials config files
2026-09-22T02:02:50.6575962Z [command]/usr/bin/git config --local --name-only --get-regexp ^includeIf\.gitdir:
2026-09-22T02:02:50.6599649Z includeif.gitdir:<CI_HOME>/work/Learning_Workbench/Learning_Workbench/.git.path
2026-09-22T02:02:50.6600734Z includeif.gitdir:<CI_HOME>/work/Learning_Workbench/Learning_Workbench/.git/worktrees/*.path
2026-09-22T02:02:50.6601414Z includeif.gitdir:/github/workspace/.git.path
2026-09-22T02:02:50.6602249Z includeif.gitdir:/github/workspace/.git/worktrees/*.path
2026-09-22T02:02:50.6607263Z [command]/usr/bin/git config --local --get-all includeif.gitdir:<CI_HOME>/work/Learning_Workbench/Learning_Workbench/.git.path
2026-09-22T02:02:50.6623623Z <CI_HOME>/work/_temp/git-credentials-39d65ed5-85f8-4817-bdba-68f03bf8f371.config
2026-09-22T02:02:50.6630912Z [command]/usr/bin/git config --local --unset includeif.gitdir:<CI_HOME>/work/Learning_Workbench/Learning_Workbench/.git.path \/home\/runner\/work\/_temp\/git\-credentials\-39d65ed5\-85f8\-4817\-bdba\-68f03bf8f371\.config
2026-09-22T02:02:50.6655855Z [command]/usr/bin/git config --local --get-all includeif.gitdir:<CI_HOME>/work/Learning_Workbench/Learning_Workbench/.git/worktrees/*.path
2026-09-22T02:02:50.6687005Z <CI_HOME>/work/_temp/git-credentials-39d65ed5-85f8-4817-bdba-68f03bf8f371.config
2026-09-22T02:02:50.6694644Z [command]/usr/bin/git config --local --unset includeif.gitdir:<CI_HOME>/work/Learning_Workbench/Learning_Workbench/.git/worktrees/*.path \/home\/runner\/work\/_temp\/git\-credentials\-39d65ed5\-85f8\-4817\-bdba\-68f03bf8f371\.config
2026-09-22T02:02:50.6718075Z [command]/usr/bin/git config --local --get-all includeif.gitdir:/github/workspace/.git.path
2026-09-22T02:02:50.6734915Z /github/runner_temp/git-credentials-39d65ed5-85f8-4817-bdba-68f03bf8f371.config
2026-09-22T02:02:50.6740416Z [command]/usr/bin/git config --local --unset includeif.gitdir:/github/workspace/.git.path \/github\/runner_temp\/git\-credentials\-39d65ed5\-85f8\-4817\-bdba\-68f03bf8f371\.config
2026-09-22T02:02:50.6764490Z [command]/usr/bin/git config --local --get-all includeif.gitdir:/github/workspace/.git/worktrees/*.path
2026-09-22T02:02:50.6786590Z /github/runner_temp/git-credentials-39d65ed5-85f8-4817-bdba-68f03bf8f371.config
2026-09-22T02:02:50.6790041Z [command]/usr/bin/git config --local --unset includeif.gitdir:/github/workspace/.git/worktrees/*.path \/github\/runner_temp\/git\-credentials\-39d65ed5\-85f8\-4817\-bdba\-68f03bf8f371\.config
2026-09-22T02:02:50.6823975Z [command]/usr/bin/git submodule foreach --recursive git config --local --show-origin --name-only --get-regexp remote.origin.url
2026-09-22T02:02:50.6990615Z Removing credentials config '<CI_HOME>/work/_temp/git-credentials-39d65ed5-85f8-4817-bdba-68f03bf8f371.config'
2026-09-22T02:02:50.7098805Z Cleaning up orphan processes
