2026-09-22T02:02:08.1754732Z Current runner version: '2.337.0'
2026-09-22T02:02:08.1778872Z ##[group]Runner Image Provisioner
2026-09-22T02:02:08.1779712Z Hosted Compute Agent
2026-09-22T02:02:08.1780404Z Version: 20260828.587
2026-09-22T02:02:08.1781043Z Commit: abac92662cab4cc7352de4f9f9d2e2419aad9c29
2026-09-22T02:02:08.1781801Z Build Date: 2026-08-28T16:44:25Z
2026-09-22T02:02:08.1782534Z Worker ID: {b7439ed4-29dc-4cd9-98dc-2345d773c5cc}
2026-09-22T02:02:08.1783257Z Azure Region: westus3
2026-09-22T02:02:08.1783887Z ##[endgroup]
2026-09-22T02:02:08.1785636Z ##[group]Operating System
2026-09-22T02:02:08.1786338Z Ubuntu
2026-09-22T02:02:08.1786910Z 26.04.1
2026-09-22T02:02:08.1787406Z LTS
2026-09-22T02:02:08.1787960Z ##[endgroup]
2026-09-22T02:02:08.1788503Z ##[group]Runner Image
2026-09-22T02:02:08.1789078Z Image: ubuntu-26.04
2026-09-22T02:02:08.1789730Z Version: 20260907.131.1
2026-09-22T02:02:08.1790950Z Included Software: https://github.com/actions/runner-images/blob/ubuntu26/20260907.131/images/ubuntu/Ubuntu2604-Readme.md
2026-09-22T02:02:08.1792591Z Image Release: https://github.com/actions/runner-images/releases/tag/ubuntu26%2F20260907.131
2026-09-22T02:02:08.1793551Z ##[endgroup]
2026-09-22T02:02:08.1795124Z ##[group]GITHUB_TOKEN Permissions
2026-09-22T02:02:08.1797088Z Contents: read
2026-09-22T02:02:08.1797709Z Metadata: read
2026-09-22T02:02:08.1798268Z ##[endgroup]
2026-09-22T02:02:08.1800379Z Secret source: Actions
2026-09-22T02:02:08.1801302Z Cache mode: write
2026-09-22T02:02:08.1802084Z Prepare workflow directory
2026-09-22T02:02:08.2139613Z Prepare all required actions
2026-09-22T02:02:08.2189032Z Getting action download info
2026-09-22T02:02:08.5409186Z Download action repository 'actions/checkout@3d3c42e5aac5ba805825da76410c181273ba90b1' (SHA:3d3c42e5aac5ba805825da76410c181273ba90b1)
2026-09-22T02:02:08.9355574Z Download action repository 'actions/setup-python@5fda3b95a4ea91299a34e894583c3862153e4b97' (SHA:5fda3b95a4ea91299a34e894583c3862153e4b97)
2026-09-22T02:02:09.0669577Z Download action repository 'actions/setup-node@820762786026740c76f36085b0efc47a31fe5020' (SHA:820762786026740c76f36085b0efc47a31fe5020)
2026-09-22T02:02:09.1811080Z Download action repository 'actions/upload-artifact@043fb46d1a93c77aae656e7c1c64a875d1fc6a0a' (SHA:043fb46d1a93c77aae656e7c1c64a875d1fc6a0a)
2026-09-22T02:02:09.3701645Z Complete job name: browser
2026-09-22T02:02:09.4497853Z ##[group]Run actions/checkout@3d3c42e5aac5ba805825da76410c181273ba90b1
2026-09-22T02:02:09.4499031Z with:
2026-09-22T02:02:09.4499493Z   repository: kl3574/Learning_Workbench
2026-09-22T02:02:09.4503092Z   token: ***
2026-09-22T02:02:09.4503516Z   ssh-strict: true
2026-09-22T02:02:09.4504146Z   ssh-user: git
2026-09-22T02:02:09.4504589Z   persist-credentials: true
2026-09-22T02:02:09.4505063Z   clean: true
2026-09-22T02:02:09.4505497Z   sparse-checkout-cone-mode: true
2026-09-22T02:02:09.4506003Z   fetch-depth: 1
2026-09-22T02:02:09.4506429Z   fetch-tags: false
2026-09-22T02:02:09.4506859Z   show-progress: true
2026-09-22T02:02:09.4507290Z   lfs: false
2026-09-22T02:02:09.4507714Z   submodules: false
2026-09-22T02:02:09.4508152Z   set-safe-directory: true
2026-09-22T02:02:09.4508649Z   allow-unsafe-pr-checkout: false
2026-09-22T02:02:09.4509431Z ##[endgroup]
2026-09-22T02:02:09.5575380Z Syncing repository: kl3574/Learning_Workbench
2026-09-22T02:02:09.5578503Z ##[group]Getting Git version info
2026-09-22T02:02:09.5579990Z Working directory is '<CI_HOME>/work/Learning_Workbench/Learning_Workbench'
2026-09-22T02:02:09.5582051Z [command]/usr/bin/git version
2026-09-22T02:02:09.5583039Z git version 2.55.0
2026-09-22T02:02:09.5601858Z ##[endgroup]
2026-09-22T02:02:09.5615071Z Temporarily overriding HOME='<CI_HOME>/work/_temp/8d9b41d0-285e-42bf-a962-087c868d36d1' before making global git config changes
2026-09-22T02:02:09.5618138Z Adding repository directory to the temporary git global config as a safe directory
2026-09-22T02:02:09.5620869Z [command]/usr/bin/git config --global --add safe.directory <CI_HOME>/work/Learning_Workbench/Learning_Workbench
2026-09-22T02:02:09.5917950Z Deleting the contents of '<CI_HOME>/work/Learning_Workbench/Learning_Workbench'
2026-09-22T02:02:09.5922932Z ##[group]Determining repository object format
2026-09-22T02:02:09.5924914Z ##[endgroup]
2026-09-22T02:02:09.5925864Z ##[group]Initializing the repository
2026-09-22T02:02:09.5930452Z [command]/usr/bin/git init <CI_HOME>/work/Learning_Workbench/Learning_Workbench
2026-09-22T02:02:09.6404996Z hint: Using 'master' as the name for the initial branch. This default branch name
2026-09-22T02:02:09.6407290Z hint: will change to "main" in Git 3.0. To configure the initial branch name
2026-09-22T02:02:09.6409650Z hint: to use in all of your new repositories, which will suppress this warning,
2026-09-22T02:02:09.6411108Z hint: call:
2026-09-22T02:02:09.6411762Z hint:
2026-09-22T02:02:09.6412901Z hint: 	git config --global init.defaultBranch <name>
2026-09-22T02:02:09.6413816Z hint:
2026-09-22T02:02:09.6415403Z hint: Names commonly chosen instead of 'master' are 'main', 'trunk' and
2026-09-22T02:02:09.6416836Z hint: 'development'. The just-created branch can be renamed via this command:
2026-09-22T02:02:09.6418080Z hint:
2026-09-22T02:02:09.6418596Z hint: 	git branch -m <name>
2026-09-22T02:02:09.6419171Z hint:
2026-09-22T02:02:09.6419886Z hint: Disable this message with "git config set advice.defaultBranchName false"
2026-09-22T02:02:09.6421300Z Initialized empty Git repository in <CI_HOME>/work/Learning_Workbench/Learning_Workbench/.git/
2026-09-22T02:02:09.6424174Z [command]/usr/bin/git remote add origin https://github.com/kl3574/Learning_Workbench
2026-09-22T02:02:09.6603345Z ##[endgroup]
2026-09-22T02:02:09.6604751Z ##[group]Disabling automatic garbage collection
2026-09-22T02:02:09.6607457Z [command]/usr/bin/git config --local gc.auto 0
2026-09-22T02:02:09.6642777Z ##[endgroup]
2026-09-22T02:02:09.6644149Z ##[group]Setting up auth
2026-09-22T02:02:09.6725406Z Removing SSH command configuration
2026-09-22T02:02:09.6727358Z [command]/usr/bin/git config --local --name-only --get-regexp core\.sshCommand
2026-09-22T02:02:09.6730690Z [command]/usr/bin/git submodule foreach --recursive sh -c "git config --local --name-only --get-regexp 'core\.sshCommand' && git config --local --unset-all 'core.sshCommand' || :"
2026-09-22T02:02:09.8447521Z Removing HTTP extra header
2026-09-22T02:02:09.8456782Z [command]/usr/bin/git config --local --name-only --get-regexp http\.https\:\/\/github\.com\/\.extraheader
2026-09-22T02:02:09.8506747Z [command]/usr/bin/git submodule foreach --recursive sh -c "git config --local --name-only --get-regexp 'http\.https\:\/\/github\.com\/\.extraheader' && git config --local --unset-all 'http.https://github.com/.extraheader' || :"
2026-09-22T02:02:09.8792681Z Removing includeIf entries pointing to credentials config files
2026-09-22T02:02:09.8798914Z [command]/usr/bin/git config --local --name-only --get-regexp ^includeIf\.gitdir:
2026-09-22T02:02:09.8840754Z [command]/usr/bin/git submodule foreach --recursive git config --local --show-origin --name-only --get-regexp remote.origin.url
2026-09-22T02:02:09.9119182Z [command]/usr/bin/git config --file <CI_HOME>/work/_temp/git-credentials-2912a268-4961-4aa2-a1fa-529572e1c824.config http.https://github.com/.extraheader AUTHORIZATION: basic ***
2026-09-22T02:02:09.9160183Z [command]/usr/bin/git config --local includeIf.gitdir:<CI_HOME>/work/Learning_Workbench/Learning_Workbench/.git.path <CI_HOME>/work/_temp/git-credentials-2912a268-4961-4aa2-a1fa-529572e1c824.config
2026-09-22T02:02:09.9195304Z [command]/usr/bin/git config --local includeIf.gitdir:<CI_HOME>/work/Learning_Workbench/Learning_Workbench/.git/worktrees/*.path <CI_HOME>/work/_temp/git-credentials-2912a268-4961-4aa2-a1fa-529572e1c824.config
2026-09-22T02:02:09.9236520Z [command]/usr/bin/git config --local includeIf.gitdir:/github/workspace/.git.path /github/runner_temp/git-credentials-2912a268-4961-4aa2-a1fa-529572e1c824.config
2026-09-22T02:02:09.9272773Z [command]/usr/bin/git config --local includeIf.gitdir:/github/workspace/.git/worktrees/*.path /github/runner_temp/git-credentials-2912a268-4961-4aa2-a1fa-529572e1c824.config
2026-09-22T02:02:09.9302344Z ##[endgroup]
2026-09-22T02:02:09.9303185Z ##[group]Fetching the repository
2026-09-22T02:02:09.9312630Z [command]/usr/bin/git -c protocol.version=2 fetch --no-tags --prune --no-recurse-submodules --depth=1 origin +5579332adcd9259c6390624b61106e23e8856817:refs/remotes/pull/53/merge
2026-09-22T02:02:11.4667433Z From https://github.com/kl3574/Learning_Workbench
2026-09-22T02:02:11.4670033Z  * [new ref]         5579332adcd9259c6390624b61106e23e8856817 -> pull/53/merge
2026-09-22T02:02:11.4674282Z ##[endgroup]
2026-09-22T02:02:11.4675298Z ##[group]Determining the checkout info
2026-09-22T02:02:11.4676289Z ##[endgroup]
2026-09-22T02:02:11.4681281Z [command]/usr/bin/git sparse-checkout disable
2026-09-22T02:02:11.4772485Z [command]/usr/bin/git config --local --unset-all extensions.worktreeConfig
2026-09-22T02:02:11.4805839Z ##[group]Checking out the ref
2026-09-22T02:02:11.4808895Z [command]/usr/bin/git checkout --progress --force refs/remotes/pull/53/merge
2026-09-22T02:02:12.1788726Z Note: switching to 'refs/remotes/pull/53/merge'.
2026-09-22T02:02:12.1789264Z 
2026-09-22T02:02:12.1789628Z You are in 'detached HEAD' state. You can look around, make experimental
2026-09-22T02:02:12.1790631Z changes and commit them, and you can discard any commits you make in this
2026-09-22T02:02:12.1791457Z state without impacting any branches by switching back to a branch.
2026-09-22T02:02:12.1792240Z 
2026-09-22T02:02:12.1792907Z If you want to create a new branch to retain commits you create, you may
2026-09-22T02:02:12.1793719Z do so (now or later) by using -c with the switch command. Example:
2026-09-22T02:02:12.1794734Z 
2026-09-22T02:02:12.1795429Z   git switch -c <new-branch-name>
2026-09-22T02:02:12.1797828Z 
2026-09-22T02:02:12.1798150Z Or undo this operation with:
2026-09-22T02:02:12.1798670Z 
2026-09-22T02:02:12.1798915Z   git switch -
2026-09-22T02:02:12.1799257Z 
2026-09-22T02:02:12.1799918Z Turn off this advice by setting config variable advice.detachedHead to false
2026-09-22T02:02:12.1800820Z 
2026-09-22T02:02:12.1801746Z HEAD is now at 5579332 Merge bebf80601b3debf788d446ed2b3abf0847b392bc into 81d2b92e2f9ed24631988f860a1fba528f2c4ad7
2026-09-22T02:02:12.1832725Z ##[endgroup]
2026-09-22T02:02:12.1894634Z [command]/usr/bin/git log -1 --format=%H
2026-09-22T02:02:12.1924901Z 5579332adcd9259c6390624b61106e23e8856817
2026-09-22T02:02:12.2213275Z ##[group]Run actions/setup-python@5fda3b95a4ea91299a34e894583c3862153e4b97
2026-09-22T02:02:12.2213722Z with:
2026-09-22T02:02:12.2214241Z   python-version: 3.12.13
2026-09-22T02:02:12.2214502Z   check-latest: false
2026-09-22T02:02:12.2216888Z   token: ***
2026-09-22T02:02:12.2217121Z   update-environment: true
2026-09-22T02:02:12.2217380Z   allow-prereleases: false
2026-09-22T02:02:12.2217617Z   freethreaded: false
2026-09-22T02:02:12.2217837Z ##[endgroup]
2026-09-22T02:02:12.3396190Z ##[group]Installed versions
2026-09-22T02:02:12.3408214Z Version 3.12.13 was not found in the local cache
2026-09-22T02:02:13.3226370Z Version 3.12.13 is available for downloading
2026-09-22T02:02:13.3228057Z Download from "https://github.com/actions/python-versions/releases/download/3.12.13-27650778726/python-3.12.13-linux-26.04-x64.tar.gz"
2026-09-22T02:02:14.5466714Z Extract downloaded archive
2026-09-22T02:02:14.5593677Z [command]/usr/bin/tar xz --warning=no-unknown-keyword --overwrite -C <CI_HOME>/work/_temp/f4fc6ebf-1870-45f9-994e-19848b97ebae -f <CI_HOME>/work/_temp/9e2ee062-0c0b-4d26-b779-2a34fb914455
2026-09-22T02:02:15.7317393Z Execute installation script
2026-09-22T02:02:15.7453532Z Check if Python hostedtoolcache folder exist...
2026-09-22T02:02:15.7454579Z Create Python 3.12.13 folder
2026-09-22T02:02:15.7479933Z Copy Python binaries to hostedtoolcache folder
2026-09-22T02:02:16.2118455Z Create additional symlinks (Required for the UsePythonVersion Azure Pipelines task and the setup-python GitHub Action)
2026-09-22T02:02:16.2220577Z Upgrading pip...
2026-09-22T02:02:18.3122433Z Collecting pip
2026-09-22T02:02:18.3501976Z Downloading pip-26.2.1-py3-none-any.whl.metadata (4.6 kB)
2026-09-22T02:02:18.3648376Z Downloading pip-26.2.1-py3-none-any.whl (1.8 MB)
2026-09-22T02:02:18.4168737Z ━━━━━━━━━━━━━━━━━━━━━━━━━━━━━━━━━━━━━━━━ 1.8/1.8 MB 56.2 MB/s eta 0:00:00
2026-09-22T02:02:18.4169445Z 
2026-09-22T02:02:18.4501493Z Installing collected packages: pip
2026-09-22T02:02:18.4502221Z Attempting uninstall: pip
2026-09-22T02:02:18.4524989Z Found existing installation: pip 25.0.1
2026-09-22T02:02:18.4867366Z Uninstalling pip-25.0.1:
2026-09-22T02:02:18.4926379Z Successfully uninstalled pip-25.0.1
2026-09-22T02:02:19.3668245Z Successfully installed pip-26.2.1
2026-09-22T02:02:19.4150556Z Create complete file
2026-09-22T02:02:19.4202654Z Successfully set up CPython (3.12.13)
2026-09-22T02:02:19.4204201Z ##[endgroup]
2026-09-22T02:02:19.4421487Z ##[group]Run actions/setup-node@820762786026740c76f36085b0efc47a31fe5020
2026-09-22T02:02:19.4421897Z with:
2026-09-22T02:02:19.4422121Z   node-version: 24.21.0
2026-09-22T02:02:19.4422385Z   check-latest: false
2026-09-22T02:02:19.4424990Z   token: ***
2026-09-22T02:02:19.4425228Z   package-manager-cache: true
2026-09-22T02:02:19.4425489Z env:
2026-09-22T02:02:19.4425775Z   pythonLocation: /opt/hostedtoolcache/Python/3.12.13/x64
2026-09-22T02:02:19.4426248Z   PKG_CONFIG_PATH: /opt/hostedtoolcache/Python/3.12.13/x64/lib/pkgconfig
2026-09-22T02:02:19.4426693Z   Python_ROOT_DIR: /opt/hostedtoolcache/Python/3.12.13/x64
2026-09-22T02:02:19.4427090Z   Python2_ROOT_DIR: /opt/hostedtoolcache/Python/3.12.13/x64
2026-09-22T02:02:19.4427481Z   Python3_ROOT_DIR: /opt/hostedtoolcache/Python/3.12.13/x64
2026-09-22T02:02:19.4427881Z   LD_LIBRARY_PATH: /opt/hostedtoolcache/Python/3.12.13/x64/lib
2026-09-22T02:02:19.4428216Z ##[endgroup]
2026-09-22T02:02:19.5825432Z Attempting to download 24.21.0...
2026-09-22T02:02:20.5208477Z Acquiring 24.21.0 - x64 from https://github.com/actions/node-versions/releases/download/24.21.0-34304089047/node-24.21.0-linux-x64.tar.gz
2026-09-22T02:02:21.0651299Z Extracting ...
2026-09-22T02:02:21.0788973Z [command]/usr/bin/tar xz --strip 1 --warning=no-unknown-keyword --overwrite -C <CI_HOME>/work/_temp/4dd9447e-608a-4469-9331-67cb666046d9 -f <CI_HOME>/work/_temp/6b058002-3a22-46f3-b327-7478783d8c89
2026-09-22T02:02:21.8752876Z Adding to the cache ...
2026-09-22T02:02:23.7665742Z ##[group]Environment details
2026-09-22T02:02:24.0971717Z node: v24.21.0
2026-09-22T02:02:24.0972135Z npm: 11.19.0
2026-09-22T02:02:24.0972392Z yarn: 1.22.22
2026-09-22T02:02:24.0972952Z ##[endgroup]
2026-09-22T02:02:24.1158039Z ##[group]Run python -m pip install uv==0.11.21
2026-09-22T02:02:24.1158471Z [36;1mpython -m pip install uv==0.11.21[0m
2026-09-22T02:02:24.1632768Z shell: /usr/bin/bash -e {0}
2026-09-22T02:02:24.1633118Z env:
2026-09-22T02:02:24.1633472Z   pythonLocation: /opt/hostedtoolcache/Python/3.12.13/x64
2026-09-22T02:02:24.1634292Z   PKG_CONFIG_PATH: /opt/hostedtoolcache/Python/3.12.13/x64/lib/pkgconfig
2026-09-22T02:02:24.1634870Z   Python_ROOT_DIR: /opt/hostedtoolcache/Python/3.12.13/x64
2026-09-22T02:02:24.1635402Z   Python2_ROOT_DIR: /opt/hostedtoolcache/Python/3.12.13/x64
2026-09-22T02:02:24.1635913Z   Python3_ROOT_DIR: /opt/hostedtoolcache/Python/3.12.13/x64
2026-09-22T02:02:24.1636420Z   LD_LIBRARY_PATH: /opt/hostedtoolcache/Python/3.12.13/x64/lib
2026-09-22T02:02:24.1636844Z ##[endgroup]
2026-09-22T02:02:25.3249672Z Collecting uv==0.11.21
2026-09-22T02:02:25.3510706Z   Downloading uv-0.11.21-py3-none-manylinux_2_17_x86_64.manylinux2014_x86_64.whl.metadata (11 kB)
2026-09-22T02:02:25.3601564Z Downloading uv-0.11.21-py3-none-manylinux_2_17_x86_64.manylinux2014_x86_64.whl (25.1 MB)
2026-09-22T02:02:25.7373225Z    ━━━━━━━━━━━━━━━━━━━━━━━━━━━━━━━━━━━━━━━━ 25.1/25.1 MB 68.3 MB/s  0:00:00
2026-09-22T02:02:25.7822755Z Installing collected packages: uv
2026-09-22T02:02:26.0411399Z Successfully installed uv-0.11.21
2026-09-22T02:02:26.1005000Z ##[group]Run uv sync --frozen
2026-09-22T02:02:26.1005368Z [36;1muv sync --frozen[0m
2026-09-22T02:02:26.1066079Z shell: /usr/bin/bash -e {0}
2026-09-22T02:02:26.1066536Z env:
2026-09-22T02:02:26.1066819Z   pythonLocation: /opt/hostedtoolcache/Python/3.12.13/x64
2026-09-22T02:02:26.1067287Z   PKG_CONFIG_PATH: /opt/hostedtoolcache/Python/3.12.13/x64/lib/pkgconfig
2026-09-22T02:02:26.1067737Z   Python_ROOT_DIR: /opt/hostedtoolcache/Python/3.12.13/x64
2026-09-22T02:02:26.1068136Z   Python2_ROOT_DIR: /opt/hostedtoolcache/Python/3.12.13/x64
2026-09-22T02:02:26.1068545Z   Python3_ROOT_DIR: /opt/hostedtoolcache/Python/3.12.13/x64
2026-09-22T02:02:26.1068953Z   LD_LIBRARY_PATH: /opt/hostedtoolcache/Python/3.12.13/x64/lib
2026-09-22T02:02:26.1069297Z ##[endgroup]
2026-09-22T02:02:26.1668464Z Using CPython 3.12.13 interpreter at: /opt/hostedtoolcache/Python/3.12.13/x64/bin/python3.12
2026-09-22T02:02:26.1669768Z Creating virtual environment at: .venv
2026-09-22T02:02:26.2565139Z Downloading ast-serialize (1.3MiB)
2026-09-22T02:02:26.2582421Z Downloading ruff (9.9MiB)
2026-09-22T02:02:26.2584245Z Downloading mypy (14.6MiB)
2026-09-22T02:02:26.2588420Z Downloading pydantic-core (2.0MiB)
2026-09-22T02:02:26.2590331Z Downloading pygments (1.2MiB)
2026-09-22T02:02:26.4572778Z  Downloaded ast-serialize
2026-09-22T02:02:26.4977841Z  Downloaded pydantic-core
2026-09-22T02:02:26.5696056Z  Downloaded ruff
2026-09-22T02:02:26.6639983Z  Downloaded pygments
2026-09-22T02:02:26.8077321Z  Downloaded mypy
2026-09-22T02:02:26.8079793Z Prepared 37 packages in 637ms
2026-09-22T02:02:26.8460528Z Installed 37 packages in 37ms
2026-09-22T02:02:26.8461195Z  + annotated-doc==0.0.5
2026-09-22T02:02:26.8461702Z  + annotated-types==0.8.0
2026-09-22T02:02:26.8462189Z  + anyio==4.15.1
2026-09-22T02:02:26.8462677Z  + ast-serialize==0.11.2
2026-09-22T02:02:26.8463136Z  + attrs==26.1.0
2026-09-22T02:02:26.8463556Z  + certifi==2026.7.22
2026-09-22T02:02:26.8464201Z  + click==8.5.0
2026-09-22T02:02:26.8464664Z  + defusedxml==0.7.1
2026-09-22T02:02:26.8465118Z  + fastapi==0.141.1
2026-09-22T02:02:26.8465556Z  + h11==0.16.0
2026-09-22T02:02:26.8465952Z  + httpcore==1.0.9
2026-09-22T02:02:26.8466394Z  + httpx==0.28.1
2026-09-22T02:02:26.8466885Z  + idna==3.19
2026-09-22T02:02:26.8467282Z  + iniconfig==2.3.0
2026-09-22T02:02:26.8467709Z  + jsonschema==4.26.0
2026-09-22T02:02:26.8468246Z  + jsonschema-specifications==2025.9.1
2026-09-22T02:02:26.8468802Z  + librt==0.15.0
2026-09-22T02:02:26.8469227Z  + markdown-it-py==4.2.0
2026-09-22T02:02:26.8469697Z  + mdurl==0.1.2
2026-09-22T02:02:26.8470086Z  + mypy==2.3.1
2026-09-22T02:02:26.8470459Z  + mypy-extensions==1.1.0
2026-09-22T02:02:26.8470885Z  + packaging==26.3
2026-09-22T02:02:26.8471264Z  + pathspec==1.1.1
2026-09-22T02:02:26.8471636Z  + pluggy==1.6.0
2026-09-22T02:02:26.8472004Z  + pydantic==2.13.5
2026-09-22T02:02:26.8472396Z  + pydantic-core==2.46.5
2026-09-22T02:02:26.8472818Z  + pygments==2.21.0
2026-09-22T02:02:26.8473190Z  + pypdf==6.18.1
2026-09-22T02:02:26.8473562Z  + pytest==9.1.1
2026-09-22T02:02:26.8474097Z  + python-multipart==0.0.32
2026-09-22T02:02:26.8474530Z  + referencing==0.37.0
2026-09-22T02:02:26.8474908Z  + rpds-py==2026.6.3
2026-09-22T02:02:26.8475251Z  + ruff==0.16.7
2026-09-22T02:02:26.8475589Z  + starlette==1.6.0
2026-09-22T02:02:26.8476001Z  + typing-extensions==4.16.0
2026-09-22T02:02:26.8476425Z  + typing-inspection==0.4.4
2026-09-22T02:02:26.8476836Z  + uvicorn==0.53.0
2026-09-22T02:02:26.8547820Z ##[group]Run sudo apt-get update
2026-09-22T02:02:26.8548180Z [36;1msudo apt-get update[0m
2026-09-22T02:02:26.8548848Z [36;1msudo apt-get install -y bubblewrap=0.11.1-1ubuntu0.1 apparmor=5.0.2-0ubuntu1~26.04.1 libapparmor1=5.0.2-0ubuntu1~26.04.1 libseccomp2=2.6.0-2ubuntu5[0m
2026-09-22T02:02:26.8549659Z [36;1mdpkg-query -W bubblewrap apparmor libapparmor1 libseccomp2[0m
2026-09-22T02:02:26.8550099Z [36;1mtest -f /etc/apparmor.d/bwrap-userns-restrict[0m
2026-09-22T02:02:26.8550433Z [36;1mbwrap --version[0m
2026-09-22T02:02:26.8609470Z shell: /usr/bin/bash -e {0}
2026-09-22T02:02:26.8609734Z env:
2026-09-22T02:02:26.8610024Z   pythonLocation: /opt/hostedtoolcache/Python/3.12.13/x64
2026-09-22T02:02:26.8610497Z   PKG_CONFIG_PATH: /opt/hostedtoolcache/Python/3.12.13/x64/lib/pkgconfig
2026-09-22T02:02:26.8611112Z   Python_ROOT_DIR: /opt/hostedtoolcache/Python/3.12.13/x64
2026-09-22T02:02:26.8611522Z   Python2_ROOT_DIR: /opt/hostedtoolcache/Python/3.12.13/x64
2026-09-22T02:02:26.8611970Z   Python3_ROOT_DIR: /opt/hostedtoolcache/Python/3.12.13/x64
2026-09-22T02:02:26.8612373Z   LD_LIBRARY_PATH: /opt/hostedtoolcache/Python/3.12.13/x64/lib
2026-09-22T02:02:26.8612712Z ##[endgroup]
2026-09-22T02:02:27.0040463Z Get:1 file:/etc/apt/apt-mirrors.txt Mirrorlist [144 B]
2026-09-22T02:02:27.0501988Z Hit:2 http://azure.archive.ubuntu.com/ubuntu resolute InRelease
2026-09-22T02:02:27.0514367Z Get:6 https://packages.microsoft.com/ubuntu/26.04/prod resolute InRelease [3964 B]
2026-09-22T02:02:27.0540757Z Get:3 http://azure.archive.ubuntu.com/ubuntu resolute-updates InRelease [137 kB]
2026-09-22T02:02:27.0699287Z Get:4 http://azure.archive.ubuntu.com/ubuntu resolute-backports InRelease [137 kB]
2026-09-22T02:02:27.0780419Z Get:5 http://azure.archive.ubuntu.com/ubuntu resolute-security InRelease [137 kB]
2026-09-22T02:02:27.1108869Z Get:7 https://packages.microsoft.com/ubuntu/26.04/prod resolute/main arm64 Packages [57.7 kB]
2026-09-22T02:02:27.1417210Z Get:8 http://azure.archive.ubuntu.com/ubuntu resolute-updates/main amd64v3 Packages [640 kB]
2026-09-22T02:02:27.1419281Z Get:18 https://packages.microsoft.com/ubuntu/26.04/prod resolute/main amd64 Packages [66.1 kB]
2026-09-22T02:02:27.1506591Z Get:9 http://azure.archive.ubuntu.com/ubuntu resolute-updates/main Translation-en [152 kB]
2026-09-22T02:02:27.1510427Z Get:10 http://azure.archive.ubuntu.com/ubuntu resolute-updates/main amd64 Components [97.8 kB]
2026-09-22T02:02:27.1512010Z Get:11 http://azure.archive.ubuntu.com/ubuntu resolute-updates/universe amd64v3 Packages [295 kB]
2026-09-22T02:02:27.1561999Z Get:12 http://azure.archive.ubuntu.com/ubuntu resolute-updates/universe Translation-en [94.0 kB]
2026-09-22T02:02:27.1585372Z Get:13 http://azure.archive.ubuntu.com/ubuntu resolute-updates/universe amd64 Components [188 kB]
2026-09-22T02:02:27.1605325Z Get:14 http://azure.archive.ubuntu.com/ubuntu resolute-updates/restricted amd64v3 Packages [432 kB]
2026-09-22T02:02:27.1640224Z Get:15 http://azure.archive.ubuntu.com/ubuntu resolute-updates/restricted Translation-en [84.5 kB]
2026-09-22T02:02:27.1641957Z Get:16 http://azure.archive.ubuntu.com/ubuntu resolute-updates/multiverse amd64v3 Packages [11.6 kB]
2026-09-22T02:02:27.1643482Z Get:17 http://azure.archive.ubuntu.com/ubuntu resolute-updates/multiverse Translation-en [3172 B]
2026-09-22T02:02:27.1907164Z Get:30 https://dl.google.com/linux/chrome-stable/deb stable InRelease [2548 B]
2026-09-22T02:02:27.2115985Z Get:19 http://azure.archive.ubuntu.com/ubuntu resolute-backports/universe amd64 Components [1056 B]
2026-09-22T02:02:27.2166099Z Get:20 http://azure.archive.ubuntu.com/ubuntu resolute-security/main amd64v3 Packages [502 kB]
2026-09-22T02:02:27.2167823Z Get:21 http://azure.archive.ubuntu.com/ubuntu resolute-security/main Translation-en [117 kB]
2026-09-22T02:02:27.2168982Z Get:22 http://azure.archive.ubuntu.com/ubuntu resolute-security/main amd64 Components [46.6 kB]
2026-09-22T02:02:27.2177020Z Get:23 http://azure.archive.ubuntu.com/ubuntu resolute-security/universe amd64v3 Packages [174 kB]
2026-09-22T02:02:27.2193823Z Get:24 http://azure.archive.ubuntu.com/ubuntu resolute-security/universe Translation-en [54.8 kB]
2026-09-22T02:02:27.2206404Z Get:25 http://azure.archive.ubuntu.com/ubuntu resolute-security/universe amd64 Components [43.4 kB]
2026-09-22T02:02:27.2226502Z Get:26 http://azure.archive.ubuntu.com/ubuntu resolute-security/restricted amd64v3 Packages [418 kB]
2026-09-22T02:02:27.2253206Z Get:27 http://azure.archive.ubuntu.com/ubuntu resolute-security/restricted Translation-en [81.5 kB]
2026-09-22T02:02:27.2269145Z Get:28 http://azure.archive.ubuntu.com/ubuntu resolute-security/multiverse amd64v3 Packages [10.9 kB]
2026-09-22T02:02:27.2278785Z Get:29 http://azure.archive.ubuntu.com/ubuntu resolute-security/multiverse Translation-en [2844 B]
2026-09-22T02:02:27.3206757Z Get:31 https://dl.google.com/linux/chrome-stable/deb stable/main amd64 Packages [1411 B]
2026-09-22T02:02:32.7885807Z Fetched 3995 kB in 0s (8464 kB/s)
2026-09-22T02:02:33.4362938Z Reading package lists...
2026-09-22T02:02:33.4704608Z Reading package lists...
2026-09-22T02:02:33.6328788Z Building dependency tree...
2026-09-22T02:02:33.6336784Z Reading state information...
2026-09-22T02:02:33.6780601Z bubblewrap is already the newest version (0.11.1-1ubuntu0.1).
2026-09-22T02:02:33.6781326Z bubblewrap set to manually installed.
2026-09-22T02:02:33.6782027Z apparmor is already the newest version (5.0.2-0ubuntu1~26.04.1).
2026-09-22T02:02:33.6782668Z apparmor set to manually installed.
2026-09-22T02:02:33.6783351Z libapparmor1 is already the newest version (5.0.2-0ubuntu1~26.04.1).
2026-09-22T02:02:33.6784297Z libapparmor1 set to manually installed.
2026-09-22T02:02:33.6784961Z libseccomp2 is already the newest version (2.6.0-2ubuntu5).
2026-09-22T02:02:33.6785594Z libseccomp2 set to manually installed.
2026-09-22T02:02:33.7356685Z Solving dependencies...
2026-09-22T02:02:33.8612186Z 0 upgraded, 0 newly installed, 0 to remove and 101 not upgraded.
2026-09-22T02:02:33.8870619Z apparmor	5.0.2-0ubuntu1~26.04.1
2026-09-22T02:02:33.8871179Z bubblewrap	0.11.1-1ubuntu0.1
2026-09-22T02:02:33.8871608Z libapparmor1:amd64	5.0.2-0ubuntu1~26.04.1
2026-09-22T02:02:33.8872040Z libseccomp2:amd64	2.6.0-2ubuntu5
2026-09-22T02:02:33.9088548Z bubblewrap 0.11.1
2026-09-22T02:02:33.9130552Z ##[group]Run npm ci --prefix apps/web
2026-09-22T02:02:33.9130901Z [36;1mnpm ci --prefix apps/web[0m
2026-09-22T02:02:33.9189234Z shell: /usr/bin/bash -e {0}
2026-09-22T02:02:33.9189486Z env:
2026-09-22T02:02:33.9189763Z   pythonLocation: /opt/hostedtoolcache/Python/3.12.13/x64
2026-09-22T02:02:33.9190217Z   PKG_CONFIG_PATH: /opt/hostedtoolcache/Python/3.12.13/x64/lib/pkgconfig
2026-09-22T02:02:33.9190675Z   Python_ROOT_DIR: /opt/hostedtoolcache/Python/3.12.13/x64
2026-09-22T02:02:33.9191066Z   Python2_ROOT_DIR: /opt/hostedtoolcache/Python/3.12.13/x64
2026-09-22T02:02:33.9191470Z   Python3_ROOT_DIR: /opt/hostedtoolcache/Python/3.12.13/x64
2026-09-22T02:02:33.9191869Z   LD_LIBRARY_PATH: /opt/hostedtoolcache/Python/3.12.13/x64/lib
2026-09-22T02:02:33.9192200Z ##[endgroup]
2026-09-22T02:02:40.6193326Z 
2026-09-22T02:02:40.6194374Z added 236 packages, and audited 237 packages in 7s
2026-09-22T02:02:40.6194781Z 
2026-09-22T02:02:40.6195394Z 118 packages are looking for funding
2026-09-22T02:02:40.6196565Z   run `npm fund` for details
2026-09-22T02:02:40.6207201Z 
2026-09-22T02:02:40.6207691Z found 0 vulnerabilities
2026-09-22T02:02:40.6688689Z ##[group]Run npm --prefix apps/web exec -- playwright install --with-deps chromium
2026-09-22T02:02:40.6689296Z [36;1mnpm --prefix apps/web exec -- playwright install --with-deps chromium[0m
2026-09-22T02:02:40.6752217Z shell: /usr/bin/bash -e {0}
2026-09-22T02:02:40.6752485Z env:
2026-09-22T02:02:40.6752762Z   pythonLocation: /opt/hostedtoolcache/Python/3.12.13/x64
2026-09-22T02:02:40.6753241Z   PKG_CONFIG_PATH: /opt/hostedtoolcache/Python/3.12.13/x64/lib/pkgconfig
2026-09-22T02:02:40.6753693Z   Python_ROOT_DIR: /opt/hostedtoolcache/Python/3.12.13/x64
2026-09-22T02:02:40.6754391Z   Python2_ROOT_DIR: /opt/hostedtoolcache/Python/3.12.13/x64
2026-09-22T02:02:40.6754800Z   Python3_ROOT_DIR: /opt/hostedtoolcache/Python/3.12.13/x64
2026-09-22T02:02:40.6755198Z   LD_LIBRARY_PATH: /opt/hostedtoolcache/Python/3.12.13/x64/lib
2026-09-22T02:02:40.6755749Z ##[endgroup]
2026-09-22T02:02:41.4349083Z Installing dependencies...
2026-09-22T02:02:41.4443423Z Switching to root user to install dependencies...
2026-09-22T02:02:41.5291717Z Get:1 file:/etc/apt/apt-mirrors.txt Mirrorlist [144 B]
2026-09-22T02:02:41.5723580Z Hit:6 https://packages.microsoft.com/ubuntu/26.04/prod resolute InRelease
2026-09-22T02:02:41.5738773Z Hit:2 http://azure.archive.ubuntu.com/ubuntu resolute InRelease
2026-09-22T02:02:41.5741731Z Hit:3 http://azure.archive.ubuntu.com/ubuntu resolute-updates InRelease
2026-09-22T02:02:41.5757923Z Hit:4 http://azure.archive.ubuntu.com/ubuntu resolute-backports InRelease
2026-09-22T02:02:41.5768174Z Hit:5 http://azure.archive.ubuntu.com/ubuntu resolute-security InRelease
2026-09-22T02:02:41.7309174Z Hit:7 https://dl.google.com/linux/chrome-stable/deb stable InRelease
2026-09-22T02:02:42.5176081Z Reading package lists...
2026-09-22T02:02:42.5428641Z Reading package lists...
2026-09-22T02:02:42.6984147Z Building dependency tree...
2026-09-22T02:02:42.6991539Z Reading state information...
2026-09-22T02:02:42.7325405Z libasound2t64 is already the newest version (1.2.15.3-1ubuntu1.1).
2026-09-22T02:02:42.7326216Z libasound2t64 set to manually installed.
2026-09-22T02:02:42.7326936Z libatk-bridge2.0-0t64 is already the newest version (2.60.4-0ubuntu0.1).
2026-09-22T02:02:42.7327662Z libatk-bridge2.0-0t64 set to manually installed.
2026-09-22T02:02:42.7328351Z libatk1.0-0t64 is already the newest version (2.60.4-0ubuntu0.1).
2026-09-22T02:02:42.7329021Z libatk1.0-0t64 set to manually installed.
2026-09-22T02:02:42.7329721Z libatspi2.0-0t64 is already the newest version (2.60.4-0ubuntu0.1).
2026-09-22T02:02:42.7330367Z libatspi2.0-0t64 set to manually installed.
2026-09-22T02:02:42.7330948Z libcairo2 is already the newest version (1.18.4-3).
2026-09-22T02:02:42.7331496Z libcairo2 set to manually installed.
2026-09-22T02:02:42.7332127Z libcups2t64 is already the newest version (2.4.16-1ubuntu1.3).
2026-09-22T02:02:42.7332766Z libcups2t64 set to manually installed.
2026-09-22T02:02:42.7333390Z libdbus-1-3 is already the newest version (1.16.2-2ubuntu4).
2026-09-22T02:02:42.7334196Z libdbus-1-3 set to manually installed.
2026-09-22T02:02:42.7334756Z libdrm2 is already the newest version (2.4.131-1).
2026-09-22T02:02:42.7335294Z libdrm2 set to manually installed.
2026-09-22T02:02:42.7335872Z libgbm1 is already the newest version (26.0.8-1ubuntu0.3).
2026-09-22T02:02:42.7336446Z libgbm1 set to manually installed.
2026-09-22T02:02:42.7337074Z libnspr4 is already the newest version (2:4.38.2-1ubuntu1).
2026-09-22T02:02:42.7337682Z libnspr4 set to manually installed.
2026-09-22T02:02:42.7338306Z libnss3 is already the newest version (2:3.120-1ubuntu2.1).
2026-09-22T02:02:42.7338911Z libnss3 set to manually installed.
2026-09-22T02:02:42.7339487Z libpango-1.0-0 is already the newest version (1.57.0-1).
2026-09-22T02:02:42.7340068Z libpango-1.0-0 set to manually installed.
2026-09-22T02:02:42.7340643Z libx11-6 is already the newest version (2:1.8.13-1).
2026-09-22T02:02:42.7341184Z libx11-6 set to manually installed.
2026-09-22T02:02:42.7341761Z libxcb1 is already the newest version (1.17.0-2ubuntu1).
2026-09-22T02:02:42.7342706Z libxcb1 set to manually installed.
2026-09-22T02:02:42.7343355Z libxcomposite1 is already the newest version (1:0.4.6-1build1).
2026-09-22T02:02:42.7344184Z libxcomposite1 set to manually installed.
2026-09-22T02:02:42.7344791Z libxdamage1 is already the newest version (1:1.1.7-1).
2026-09-22T02:02:42.7345374Z libxdamage1 set to manually installed.
2026-09-22T02:02:42.7345968Z libxext6 is already the newest version (2:1.3.4-1build3).
2026-09-22T02:02:42.7346595Z libxext6 set to manually installed.
2026-09-22T02:02:42.7347184Z libxfixes3 is already the newest version (1:6.0.0-2build2).
2026-09-22T02:02:42.7347771Z libxfixes3 set to manually installed.
2026-09-22T02:02:42.7348344Z libxkbcommon0 is already the newest version (1.13.1-1).
2026-09-22T02:02:42.7348932Z libxkbcommon0 set to manually installed.
2026-09-22T02:02:42.7349553Z libxrandr2 is already the newest version (2:1.5.4-1build1).
2026-09-22T02:02:42.7350136Z libxrandr2 set to manually installed.
2026-09-22T02:02:42.7350723Z xvfb is already the newest version (2:21.1.22-1ubuntu1).
2026-09-22T02:02:42.7351468Z fonts-noto-color-emoji is already the newest version (2.051-1build1).
2026-09-22T02:02:42.7352268Z libfontconfig1 is already the newest version (2.17.1-3ubuntu1).
2026-09-22T02:02:42.7352907Z libfontconfig1 set to manually installed.
2026-09-22T02:02:42.7353595Z libfreetype6 is already the newest version (2.14.2+dfsg-1ubuntu0.1).
2026-09-22T02:02:42.7354697Z libfreetype6 set to manually installed.
2026-09-22T02:02:42.7355357Z fonts-liberation is already the newest version (1:2.1.5-3build1).
2026-09-22T02:02:42.7356015Z fonts-liberation set to manually installed.
2026-09-22T02:02:42.7917741Z Solving dependencies...
2026-09-22T02:02:42.8775274Z The following additional packages will be installed:
2026-09-22T02:02:42.8776353Z   gir1.2-girepository-3.0 gir1.2-glib-2.0 libgirepository-2.0-0 libglib2.0-bin
2026-09-22T02:02:42.8782638Z   libglib2.0-data xfonts-encodings xfonts-utils
2026-09-22T02:02:42.8788916Z Recommended packages:
2026-09-22T02:02:42.8789468Z   fonts-ipafont-mincho fonts-tlwg-loma
2026-09-22T02:02:42.9083285Z The following NEW packages will be installed:
2026-09-22T02:02:42.9084414Z   fonts-freefont-ttf fonts-ipafont-gothic fonts-tlwg-loma-otf fonts-unifont
2026-09-22T02:02:42.9094079Z   fonts-wqy-zenhei xfonts-cyrillic xfonts-encodings xfonts-scalable
2026-09-22T02:02:42.9094812Z   xfonts-utils
2026-09-22T02:02:42.9099794Z The following packages will be upgraded:
2026-09-22T02:02:42.9101858Z   gir1.2-girepository-3.0 gir1.2-glib-2.0 libgirepository-2.0-0
2026-09-22T02:02:42.9109190Z   libglib2.0-0t64 libglib2.0-bin libglib2.0-data
2026-09-22T02:02:42.9313365Z 6 upgraded, 9 newly installed, 0 to remove and 96 not upgraded.
2026-09-22T02:02:42.9314149Z Need to get 23.9 MB of archives.
2026-09-22T02:02:42.9314704Z After this operation, 80.2 MB of additional disk space will be used.
2026-09-22T02:02:42.9315311Z Get:1 file:/etc/apt/apt-mirrors.txt Mirrorlist [144 B]
2026-09-22T02:02:43.0011482Z Get:2 http://azure.archive.ubuntu.com/ubuntu resolute/universe amd64v3 fonts-ipafont-gothic all 00303-23ubuntu1 [3703 kB]
2026-09-22T02:02:43.0975050Z Get:3 http://azure.archive.ubuntu.com/ubuntu resolute-updates/main amd64v3 libglib2.0-data all 2.88.0-1ubuntu0.1 [38.5 kB]
2026-09-22T02:02:43.1431068Z Get:4 http://azure.archive.ubuntu.com/ubuntu resolute-updates/main amd64v3 libglib2.0-bin amd64 2.88.0-1ubuntu0.1 [99.5 kB]
2026-09-22T02:02:43.1894684Z Get:5 http://azure.archive.ubuntu.com/ubuntu resolute-updates/main amd64v3 gir1.2-girepository-3.0 amd64 2.88.0-1ubuntu0.1 [25.2 kB]
2026-09-22T02:02:43.2347619Z Get:6 http://azure.archive.ubuntu.com/ubuntu resolute-updates/main amd64v3 libgirepository-2.0-0 amd64 2.88.0-1ubuntu0.1 [76.1 kB]
2026-09-22T02:02:43.2804168Z Get:7 http://azure.archive.ubuntu.com/ubuntu resolute-updates/main amd64v3 gir1.2-glib-2.0 amd64 2.88.0-1ubuntu0.1 [183 kB]
2026-09-22T02:02:43.3264971Z Get:8 http://azure.archive.ubuntu.com/ubuntu resolute-updates/main amd64v3 libglib2.0-0t64 amd64 2.88.0-1ubuntu0.1 [1602 kB]
2026-09-22T02:02:43.3821806Z Get:9 http://azure.archive.ubuntu.com/ubuntu resolute/main amd64v3 fonts-freefont-ttf all 20211204+svn4273-4build1 [5656 kB]
2026-09-22T02:02:43.5718448Z Get:10 http://azure.archive.ubuntu.com/ubuntu resolute/universe amd64v3 fonts-tlwg-loma-otf all 1:0.7.3-1build1 [106 kB]
2026-09-22T02:02:43.6178856Z Get:11 http://azure.archive.ubuntu.com/ubuntu resolute/universe amd64v3 fonts-unifont all 1:16.0.04-1build1 [3169 kB]
2026-09-22T02:02:43.7160536Z Get:12 http://azure.archive.ubuntu.com/ubuntu resolute/universe amd64v3 fonts-wqy-zenhei all 0.9.45-8build1 [7863 kB]
2026-09-22T02:02:43.8681124Z Get:13 http://azure.archive.ubuntu.com/ubuntu resolute/main amd64v3 xfonts-encodings all 1:1.0.5-0ubuntu3 [576 kB]
2026-09-22T02:02:43.9190978Z Get:14 http://azure.archive.ubuntu.com/ubuntu resolute/main amd64v3 xfonts-utils amd64 1:7.7+7build1 [97.3 kB]
2026-09-22T02:02:43.9650100Z Get:15 http://azure.archive.ubuntu.com/ubuntu resolute/universe amd64v3 xfonts-cyrillic all 1:1.0.5+nmu1build1 [384 kB]
2026-09-22T02:02:44.0122353Z Get:16 http://azure.archive.ubuntu.com/ubuntu resolute/universe amd64v3 xfonts-scalable all 1:1.0.3-1.3build1 [304 kB]
2026-09-22T02:02:44.7053170Z Fetched 23.9 MB in 1s (21.8 MB/s)
2026-09-22T02:02:44.7418424Z Selecting previously unselected package fonts-ipafont-gothic.
2026-09-22T02:02:44.7895310Z (Reading database ... 
2026-09-22T02:02:44.7895838Z (Reading database ... 5%
2026-09-22T02:02:44.7896625Z (Reading database ... 10%
2026-09-22T02:02:44.7897215Z (Reading database ... 15%
2026-09-22T02:02:44.7897871Z (Reading database ... 20%
2026-09-22T02:02:44.7898519Z (Reading database ... 25%
2026-09-22T02:02:44.7898950Z (Reading database ... 30%
2026-09-22T02:02:44.7899344Z (Reading database ... 35%
2026-09-22T02:02:44.7899738Z (Reading database ... 40%
2026-09-22T02:02:44.7900133Z (Reading database ... 45%
2026-09-22T02:02:44.7900526Z (Reading database ... 50%
2026-09-22T02:02:45.1027985Z (Reading database ... 55%
2026-09-22T02:02:45.4035604Z (Reading database ... 60%
2026-09-22T02:02:45.6507986Z (Reading database ... 65%
2026-09-22T02:02:45.8630336Z (Reading database ... 70%
2026-09-22T02:02:46.0838314Z (Reading database ... 75%
2026-09-22T02:02:46.4096588Z (Reading database ... 80%
2026-09-22T02:02:47.1203124Z (Reading database ... 85%
2026-09-22T02:02:47.7939546Z (Reading database ... 90%
2026-09-22T02:02:48.2713396Z (Reading database ... 95%
2026-09-22T02:02:48.2714466Z (Reading database ... 100%
2026-09-22T02:02:48.2715295Z (Reading database ... 209256 files and directories currently installed.)
2026-09-22T02:02:48.2758181Z Preparing to unpack .../00-fonts-ipafont-gothic_00303-23ubuntu1_all.deb ...
2026-09-22T02:02:48.2864280Z Unpacking fonts-ipafont-gothic (00303-23ubuntu1) ...
2026-09-22T02:02:48.3854611Z Preparing to unpack .../01-libglib2.0-data_2.88.0-1ubuntu0.1_all.deb ...
2026-09-22T02:02:48.3876893Z Unpacking libglib2.0-data (2.88.0-1ubuntu0.1) over (2.88.0-1) ...
2026-09-22T02:02:48.4295211Z Preparing to unpack .../02-libglib2.0-bin_2.88.0-1ubuntu0.1_amd64v3.deb ...
2026-09-22T02:02:48.4317542Z Unpacking libglib2.0-bin (2.88.0-1ubuntu0.1) over (2.88.0-1) ...
2026-09-22T02:02:48.5217363Z Preparing to unpack .../03-gir1.2-girepository-3.0_2.88.0-1ubuntu0.1_amd64v3.deb ...
2026-09-22T02:02:48.5238180Z Unpacking gir1.2-girepository-3.0:amd64 (2.88.0-1ubuntu0.1) over (2.88.0-1) ...
2026-09-22T02:02:48.5658495Z Preparing to unpack .../04-libgirepository-2.0-0_2.88.0-1ubuntu0.1_amd64v3.deb ...
2026-09-22T02:02:48.5749109Z Unpacking libgirepository-2.0-0:amd64 (2.88.0-1ubuntu0.1) over (2.88.0-1) ...
2026-09-22T02:02:48.6128045Z Preparing to unpack .../05-gir1.2-glib-2.0_2.88.0-1ubuntu0.1_amd64v3.deb ...
2026-09-22T02:02:48.6148089Z Unpacking gir1.2-glib-2.0:amd64 (2.88.0-1ubuntu0.1) over (2.88.0-1) ...
2026-09-22T02:02:48.6563657Z Preparing to unpack .../06-libglib2.0-0t64_2.88.0-1ubuntu0.1_amd64v3.deb ...
2026-09-22T02:02:48.6668320Z Unpacking libglib2.0-0t64:amd64 (2.88.0-1ubuntu0.1) over (2.88.0-1) ...
2026-09-22T02:02:48.7137175Z Selecting previously unselected package fonts-freefont-ttf.
2026-09-22T02:02:48.7273700Z Preparing to unpack .../07-fonts-freefont-ttf_20211204+svn4273-4build1_all.deb ...
2026-09-22T02:02:48.7280465Z Unpacking fonts-freefont-ttf (20211204+svn4273-4build1) ...
2026-09-22T02:02:48.8154932Z Selecting previously unselected package fonts-tlwg-loma-otf.
2026-09-22T02:02:48.8289980Z Preparing to unpack .../08-fonts-tlwg-loma-otf_1%3a0.7.3-1build1_all.deb ...
2026-09-22T02:02:48.8297130Z Unpacking fonts-tlwg-loma-otf (1:0.7.3-1build1) ...
2026-09-22T02:02:48.8525265Z Selecting previously unselected package fonts-unifont.
2026-09-22T02:02:48.8658506Z Preparing to unpack .../09-fonts-unifont_1%3a16.0.04-1build1_all.deb ...
2026-09-22T02:02:48.8682233Z Unpacking fonts-unifont (1:16.0.04-1build1) ...
2026-09-22T02:02:48.9836788Z Selecting previously unselected package fonts-wqy-zenhei.
2026-09-22T02:02:48.9972981Z Preparing to unpack .../10-fonts-wqy-zenhei_0.9.45-8build1_all.deb ...
2026-09-22T02:02:49.0153201Z Unpacking fonts-wqy-zenhei (0.9.45-8build1) ...
2026-09-22T02:02:49.1195363Z Selecting previously unselected package xfonts-encodings.
2026-09-22T02:02:49.1333363Z Preparing to unpack .../11-xfonts-encodings_1%3a1.0.5-0ubuntu3_all.deb ...
2026-09-22T02:02:49.1342032Z Unpacking xfonts-encodings (1:1.0.5-0ubuntu3) ...
2026-09-22T02:02:49.1665393Z Selecting previously unselected package xfonts-utils.
2026-09-22T02:02:49.1801373Z Preparing to unpack .../12-xfonts-utils_1%3a7.7+7build1_amd64v3.deb ...
2026-09-22T02:02:49.1809506Z Unpacking xfonts-utils (1:7.7+7build1) ...
2026-09-22T02:02:49.2211303Z Selecting previously unselected package xfonts-cyrillic.
2026-09-22T02:02:49.2347432Z Preparing to unpack .../13-xfonts-cyrillic_1%3a1.0.5+nmu1build1_all.deb ...
2026-09-22T02:02:49.2357204Z Unpacking xfonts-cyrillic (1:1.0.5+nmu1build1) ...
2026-09-22T02:02:49.2715785Z Selecting previously unselected package xfonts-scalable.
2026-09-22T02:02:49.2838952Z Preparing to unpack .../14-xfonts-scalable_1%3a1.0.3-1.3build1_all.deb ...
2026-09-22T02:02:49.2847345Z Unpacking xfonts-scalable (1:1.0.3-1.3build1) ...
2026-09-22T02:02:49.3287600Z Setting up fonts-wqy-zenhei (0.9.45-8build1) ...
2026-09-22T02:02:49.3439176Z Setting up fonts-freefont-ttf (20211204+svn4273-4build1) ...
2026-09-22T02:02:49.3459304Z Setting up libglib2.0-0t64:amd64 (2.88.0-1ubuntu0.1) ...
2026-09-22T02:02:49.3666248Z Setting up libglib2.0-data (2.88.0-1ubuntu0.1) ...
2026-09-22T02:02:49.3688308Z Setting up fonts-tlwg-loma-otf (1:0.7.3-1build1) ...
2026-09-22T02:02:49.3710917Z Setting up xfonts-encodings (1:1.0.5-0ubuntu3) ...
2026-09-22T02:02:49.3737858Z Setting up gir1.2-glib-2.0:amd64 (2.88.0-1ubuntu0.1) ...
2026-09-22T02:02:49.3896696Z Setting up fonts-ipafont-gothic (00303-23ubuntu1) ...
2026-09-22T02:02:49.3963362Z update-alternatives: using /usr/share/fonts/opentype/ipafont-gothic/ipag.ttf to provide /usr/share/fonts/truetype/fonts-japanese-gothic.ttf (fonts-japanese-gothic.ttf) in auto mode
2026-09-22T02:02:49.3980378Z Setting up fonts-unifont (1:16.0.04-1build1) ...
2026-09-22T02:02:49.4000726Z Setting up libgirepository-2.0-0:amd64 (2.88.0-1ubuntu0.1) ...
2026-09-22T02:02:49.4022842Z Setting up libglib2.0-bin (2.88.0-1ubuntu0.1) ...
2026-09-22T02:02:49.4054239Z Setting up xfonts-utils (1:7.7+7build1) ...
2026-09-22T02:02:49.4118047Z Setting up gir1.2-girepository-3.0:amd64 (2.88.0-1ubuntu0.1) ...
2026-09-22T02:02:49.4139958Z Setting up xfonts-cyrillic (1:1.0.5+nmu1build1) ...
2026-09-22T02:02:49.4845700Z Setting up xfonts-scalable (1:1.0.3-1.3build1) ...
2026-09-22T02:02:49.5250320Z Processing triggers for libc-bin (2.43-2ubuntu2.3) ...
2026-09-22T02:02:49.5730283Z Processing triggers for man-db (2.13.1-1build1) ...
2026-09-22T02:02:49.5752366Z Not building database; man-db/auto-update is not 'true'.
2026-09-22T02:02:49.5766852Z Processing triggers for fontconfig (2.17.1-3ubuntu1) ...
2026-09-22T02:02:50.6705039Z 
2026-09-22T02:02:50.6705937Z Running kernel seems to be up-to-date.
2026-09-22T02:02:50.6706372Z 
2026-09-22T02:02:50.6706645Z Restarting services...
2026-09-22T02:02:50.7348910Z  systemctl restart packagekit.service php8.5-fpm.service polkit.service udisks2.service
2026-09-22T02:02:50.8965709Z 
2026-09-22T02:02:50.8966456Z Service restarts being deferred:
2026-09-22T02:02:50.8967287Z  systemctl restart ModemManager.service
2026-09-22T02:02:50.8968114Z  systemctl restart hosted-compute-agent.service
2026-09-22T02:02:50.8969088Z  systemctl restart networkd-dispatcher.service
2026-09-22T02:02:50.8969679Z 
2026-09-22T02:02:50.8970032Z No containers need to be restarted.
2026-09-22T02:02:50.8970360Z 
2026-09-22T02:02:50.8970684Z No user sessions are running outdated binaries.
2026-09-22T02:02:50.8971059Z 
2026-09-22T02:02:50.8971549Z No VM guests are running outdated hypervisor (qemu) binaries on this host.
2026-09-22T02:02:51.8585065Z Downloading Chrome for Testing 153.0.8010.12 (playwright chromium v1243) from https://cdn.playwright.dev/builds/cft/153.0.8010.12/linux64/chrome-linux64.zip
2026-09-22T02:02:52.2684916Z |                                                                                |   0% of 186.8 MiB
2026-09-22T02:02:52.4925245Z |■■■■■■■■                                                                        |  10% of 186.8 MiB
2026-09-22T02:02:52.6030534Z |■■■■■■■■■■■■■■■■                                                                |  20% of 186.8 MiB
2026-09-22T02:02:52.6972784Z |■■■■■■■■■■■■■■■■■■■■■■■■                                                        |  30% of 186.8 MiB
2026-09-22T02:02:52.7616204Z |■■■■■■■■■■■■■■■■■■■■■■■■■■■■■■■■                                                |  40% of 186.8 MiB
2026-09-22T02:02:52.8379134Z |■■■■■■■■■■■■■■■■■■■■■■■■■■■■■■■■■■■■■■■■                                        |  50% of 186.8 MiB
2026-09-22T02:02:52.9178422Z |■■■■■■■■■■■■■■■■■■■■■■■■■■■■■■■■■■■■■■■■■■■■■■■■                                |  60% of 186.8 MiB
2026-09-22T02:02:52.9801777Z |■■■■■■■■■■■■■■■■■■■■■■■■■■■■■■■■■■■■■■■■■■■■■■■■■■■■■■■■                        |  70% of 186.8 MiB
2026-09-22T02:02:53.0586278Z |■■■■■■■■■■■■■■■■■■■■■■■■■■■■■■■■■■■■■■■■■■■■■■■■■■■■■■■■■■■■■■■■                |  80% of 186.8 MiB
2026-09-22T02:02:53.1791011Z |■■■■■■■■■■■■■■■■■■■■■■■■■■■■■■■■■■■■■■■■■■■■■■■■■■■■■■■■■■■■■■■■■■■■■■■■        |  90% of 186.8 MiB
2026-09-22T02:02:53.2435828Z |■■■■■■■■■■■■■■■■■■■■■■■■■■■■■■■■■■■■■■■■■■■■■■■■■■■■■■■■■■■■■■■■■■■■■■■■■■■■■■■■| 100% of 186.8 MiB
2026-09-22T02:02:56.1728733Z Chrome for Testing 153.0.8010.12 (playwright chromium v1243) downloaded to <CI_HOME>/.cache/ms-playwright/chromium-1243
2026-09-22T02:02:56.1732888Z Downloading FFmpeg (playwright ffmpeg v1011) from https://cdn.playwright.dev/dbazure/download/playwright/builds/ffmpeg/1011/ffmpeg-linux.zip
2026-09-22T02:02:56.5476848Z |                                                                                |   0% of 2.3 MiB
2026-09-22T02:02:56.5506211Z |■■■■■■■■                                                                        |  10% of 2.3 MiB
2026-09-22T02:02:56.5527262Z |■■■■■■■■■■■■■■■■                                                                |  20% of 2.3 MiB
2026-09-22T02:02:56.5546683Z |■■■■■■■■■■■■■■■■■■■■■■■■                                                        |  30% of 2.3 MiB
2026-09-22T02:02:56.5566312Z |■■■■■■■■■■■■■■■■■■■■■■■■■■■■■■■■                                                |  40% of 2.3 MiB
2026-09-22T02:02:56.5577852Z |■■■■■■■■■■■■■■■■■■■■■■■■■■■■■■■■■■■■■■■■                                        |  50% of 2.3 MiB
2026-09-22T02:02:56.5589394Z |■■■■■■■■■■■■■■■■■■■■■■■■■■■■■■■■■■■■■■■■■■■■■■■■                                |  60% of 2.3 MiB
2026-09-22T02:02:56.5599510Z |■■■■■■■■■■■■■■■■■■■■■■■■■■■■■■■■■■■■■■■■■■■■■■■■■■■■■■■■                        |  70% of 2.3 MiB
2026-09-22T02:02:56.5625541Z |■■■■■■■■■■■■■■■■■■■■■■■■■■■■■■■■■■■■■■■■■■■■■■■■■■■■■■■■■■■■■■■■                |  80% of 2.3 MiB
2026-09-22T02:02:56.5637654Z |■■■■■■■■■■■■■■■■■■■■■■■■■■■■■■■■■■■■■■■■■■■■■■■■■■■■■■■■■■■■■■■■■■■■■■■■        |  90% of 2.3 MiB
2026-09-22T02:02:56.5649589Z |■■■■■■■■■■■■■■■■■■■■■■■■■■■■■■■■■■■■■■■■■■■■■■■■■■■■■■■■■■■■■■■■■■■■■■■■■■■■■■■■| 100% of 2.3 MiB
2026-09-22T02:02:56.6231329Z FFmpeg (playwright ffmpeg v1011) downloaded to <CI_HOME>/.cache/ms-playwright/ffmpeg-1011
2026-09-22T02:02:56.6234583Z Downloading Chrome Headless Shell 153.0.8010.12 (playwright chromium-headless-shell v1243) from https://cdn.playwright.dev/builds/cft/153.0.8010.12/linux64/chrome-headless-shell-linux64.zip
2026-09-22T02:02:57.0438282Z |                                                                                |   0% of 114.3 MiB
2026-09-22T02:02:57.1732373Z |■■■■■■■■                                                                        |  10% of 114.3 MiB
2026-09-22T02:02:57.2792348Z |■■■■■■■■■■■■■■■■                                                                |  20% of 114.3 MiB
2026-09-22T02:02:57.3554348Z |■■■■■■■■■■■■■■■■■■■■■■■■                                                        |  30% of 114.3 MiB
2026-09-22T02:02:57.4095366Z |■■■■■■■■■■■■■■■■■■■■■■■■■■■■■■■■                                                |  40% of 114.3 MiB
2026-09-22T02:02:57.4702757Z |■■■■■■■■■■■■■■■■■■■■■■■■■■■■■■■■■■■■■■■■                                        |  50% of 114.3 MiB
2026-09-22T02:02:57.5230564Z |■■■■■■■■■■■■■■■■■■■■■■■■■■■■■■■■■■■■■■■■■■■■■■■■                                |  60% of 114.3 MiB
2026-09-22T02:02:57.5806128Z |■■■■■■■■■■■■■■■■■■■■■■■■■■■■■■■■■■■■■■■■■■■■■■■■■■■■■■■■                        |  70% of 114.3 MiB
2026-09-22T02:02:57.6180464Z |■■■■■■■■■■■■■■■■■■■■■■■■■■■■■■■■■■■■■■■■■■■■■■■■■■■■■■■■■■■■■■■■                |  80% of 114.3 MiB
2026-09-22T02:02:57.6544810Z |■■■■■■■■■■■■■■■■■■■■■■■■■■■■■■■■■■■■■■■■■■■■■■■■■■■■■■■■■■■■■■■■■■■■■■■■        |  90% of 114.3 MiB
2026-09-22T02:02:57.7077886Z |■■■■■■■■■■■■■■■■■■■■■■■■■■■■■■■■■■■■■■■■■■■■■■■■■■■■■■■■■■■■■■■■■■■■■■■■■■■■■■■■| 100% of 114.3 MiB
2026-09-22T02:02:59.8720380Z Chrome Headless Shell 153.0.8010.12 (playwright chromium-headless-shell v1243) downloaded to <CI_HOME>/.cache/ms-playwright/chromium_headless_shell-1243
2026-09-22T02:02:59.9059260Z ##[group]Run make build
2026-09-22T02:02:59.9059732Z [36;1mmake build[0m
2026-09-22T02:02:59.9136785Z shell: /usr/bin/bash -e {0}
2026-09-22T02:02:59.9137053Z env:
2026-09-22T02:02:59.9137335Z   pythonLocation: /opt/hostedtoolcache/Python/3.12.13/x64
2026-09-22T02:02:59.9137821Z   PKG_CONFIG_PATH: /opt/hostedtoolcache/Python/3.12.13/x64/lib/pkgconfig
2026-09-22T02:02:59.9138269Z   Python_ROOT_DIR: /opt/hostedtoolcache/Python/3.12.13/x64
2026-09-22T02:02:59.9138664Z   Python2_ROOT_DIR: /opt/hostedtoolcache/Python/3.12.13/x64
2026-09-22T02:02:59.9139086Z   Python3_ROOT_DIR: /opt/hostedtoolcache/Python/3.12.13/x64
2026-09-22T02:02:59.9139494Z   LD_LIBRARY_PATH: /opt/hostedtoolcache/Python/3.12.13/x64/lib
2026-09-22T02:02:59.9139823Z ##[endgroup]
2026-09-22T02:02:59.9410498Z bash scripts/node.sh npm --prefix apps/web run build
2026-09-22T02:03:00.0505634Z 
2026-09-22T02:03:00.0506171Z > @learning-workbench/web@0.1.0 build
2026-09-22T02:03:00.0506572Z > tsc --noEmit && vite build
2026-09-22T02:03:00.0506815Z 
2026-09-22T02:03:01.5738602Z [36mvite v8.3.0 [32mbuilding client environment for production...[36m[39m
2026-09-22T02:03:01.5835040Z transforming...
2026-09-22T02:03:01.7892704Z ✓ 737 modules transformed.
2026-09-22T02:03:01.8868094Z rendering chunks...
2026-09-22T02:03:02.0254124Z computing gzip size...
2026-09-22T02:03:02.0746777Z dist/index.html                       0.41 kB │ gzip:     0.32 kB
2026-09-22T02:03:02.0747980Z dist/assets/index-Clf_BHiP.css       40.20 kB │ gzip:     8.43 kB
2026-09-22T02:03:02.0749446Z dist/assets/index-DWZ8sK1o.js     1,203.86 kB │ gzip:   267.80 kB
2026-09-22T02:03:02.0750355Z dist/assets/Markdown-C8HTOm0W.js  2,939.32 kB │ gzip: 1,098.70 kB
2026-09-22T02:03:02.0750797Z 
2026-09-22T02:03:02.0759004Z [33m[plugin builtin:vite-reporter] 
2026-09-22T02:03:02.0759780Z (!) Some chunks are larger than 500 kB after minification. Consider:
2026-09-22T02:03:02.0760578Z - Using dynamic import() to code-split the application
2026-09-22T02:03:02.0762127Z - Use build.rolldownOptions.output.codeSplitting to improve chunking: https://rolldown.rs/reference/OutputOptions.codeSplitting
2026-09-22T02:03:02.0764144Z - Adjust chunk size limit for this warning via build.chunkSizeWarningLimit.[39m
2026-09-22T02:03:02.0765473Z [32m✓ built in 502ms[39m
2026-09-22T02:03:02.1055495Z ##[group]Run make test-e2e
2026-09-22T02:03:02.1055822Z [36;1mmake test-e2e[0m
2026-09-22T02:03:02.1113121Z shell: /usr/bin/bash -e {0}
2026-09-22T02:03:02.1113401Z env:
2026-09-22T02:03:02.1113692Z   pythonLocation: /opt/hostedtoolcache/Python/3.12.13/x64
2026-09-22T02:03:02.1114478Z   PKG_CONFIG_PATH: /opt/hostedtoolcache/Python/3.12.13/x64/lib/pkgconfig
2026-09-22T02:03:02.1114996Z   Python_ROOT_DIR: /opt/hostedtoolcache/Python/3.12.13/x64
2026-09-22T02:03:02.1115429Z   Python2_ROOT_DIR: /opt/hostedtoolcache/Python/3.12.13/x64
2026-09-22T02:03:02.1115863Z   Python3_ROOT_DIR: /opt/hostedtoolcache/Python/3.12.13/x64
2026-09-22T02:03:02.1116298Z   LD_LIBRARY_PATH: /opt/hostedtoolcache/Python/3.12.13/x64/lib
2026-09-22T02:03:02.1116823Z   LEARNING_E2E_OUTPUT_DIR: <CI_HOME>/work/_temp/learning-workbench-e2e-results
2026-09-22T02:03:02.1117273Z ##[endgroup]
2026-09-22T02:03:02.1214080Z bash scripts/node.sh npm --prefix apps/web run test:e2e
2026-09-22T02:03:02.2259491Z 
2026-09-22T02:03:02.2260337Z > @learning-workbench/web@0.1.0 test:e2e
2026-09-22T02:03:02.2261441Z > playwright test --config ../../tests/e2e/playwright.config.ts
2026-09-22T02:03:02.2262084Z 
2026-09-22T02:03:05.5306503Z [WebServer] INFO:     Started server process [3256]
2026-09-22T02:03:05.5307455Z [WebServer] INFO:     Waiting for application startup.
2026-09-22T02:03:05.6572218Z [WebServer] INFO:     Application startup complete.
2026-09-22T02:03:05.6574526Z [WebServer] INFO:     Uvicorn running on http://127.0.0.1:8765 (Press CTRL+C to quit)
2026-09-22T02:03:08.2675519Z 
2026-09-22T02:03:08.2676252Z Running 96 tests using 1 worker
2026-09-22T02:03:08.2676582Z 
2026-09-22T02:03:31.1366645Z   ✓   1 ../../tests/e2e/assessment-restart.spec.ts:43:1 › same assessment instance rejects forged course and assessment hashes while its independent policy remains active (22.4s)
2026-09-22T02:03:52.8367577Z   ✓   2 ../../tests/e2e/assessment-restart.spec.ts:112:1 › actual browser and API restarts retain independent drafts and keep old solution receipts protected after submission (21.7s)
2026-09-22T02:04:04.4785027Z   ✓   3 ../../tests/e2e/assessments.spec.ts:41:1 › real unreviewed independent assessment saves five types and submits without fabricated grades or answer calls (11.6s)
2026-09-22T02:04:18.1501103Z   ✓   4 ../../tests/e2e/assessments.spec.ts:90:1 › open-book and assisted freeze actual policies; explicit abandon retains saved answers and yields no score (13.7s)
2026-09-22T02:04:32.2190004Z   ✓   5 ../../tests/e2e/assessments.spec.ts:109:1 › two profiles retain a real server CAS conflict with three-way comparison and reject forged same-identity parent (13.8s)
2026-09-22T02:04:39.8315484Z   ✓   6 ../../tests/e2e/assessments.spec.ts:138:1 › missing private binding visibly blocks start instead of fabricating a usable test (7.6s)
2026-09-22T02:04:57.5137724Z   ✓   7 ../../tests/e2e/assessments.spec.ts:145:1 › two pages preserve independent local CAS candidates; a later submitted snapshot never accepts restored edits (17.7s)
2026-09-22T02:05:09.6209072Z   ✓   8 ../../tests/e2e/assessments.spec.ts:251:1 › late redacted Workbench save uses its original ETag and retains hidden selection after explicit three-way choice (12.1s)
2026-09-22T02:05:21.2974775Z   ✓   9 ../../tests/e2e/assessments.spec.ts:295:1 › a genuine solution response held in flight cannot appear after another page starts an open-book assessment (11.7s)
2026-09-22T02:05:27.5999787Z   ✓  10 ../../tests/e2e/authoring.spec.ts:80:1 › actual Authoring preparation diagnoses missing proof without dispatch and learner can recover safe cancellation (6.3s)
2026-09-22T02:05:40.9226975Z   ✓  11 ../../tests/e2e/authoring.spec.ts:110:1 › explicit same-Job loopback grant creates a draft and numeric preview needs its own decision (13.3s)
2026-09-22T02:05:48.0774829Z 
2026-09-22T02:05:48.0786969Z   ✓  12 ../../tests/e2e/document-imports.spec.ts:87:1 › real two-page PDF keeps exact page citations, guarded original bytes and explicit fidelity approval (7.1s)
2026-09-22T02:05:53.6652311Z 
2026-09-22T02:05:53.6682424Z   ✓  13 ../../tests/e2e/document-imports.spec.ts:127:1 › real DOCX safe text stays readable for learner while original bytes require an explicit author role (5.6s)
2026-09-22T02:05:59.7280446Z 
2026-09-22T02:05:59.7329256Z   ✓  14 ../../tests/e2e/document-imports.spec.ts:202:1 › a real scanned PDF fails without invented text or OCR and its local original is checked explicitly after reload (6.0s)
2026-09-22T02:06:05.2895124Z 
2026-09-22T02:06:05.2928241Z   ✓  15 ../../tests/e2e/document-imports.spec.ts:236:3 › real encrypted.pdf extraction failure remains blocked and preserves its original hash (5.5s)
2026-09-22T02:06:08.9184654Z 
2026-09-22T02:06:08.9216657Z   ✓  16 ../../tests/e2e/document-imports.spec.ts:236:3 › real malformed.docx extraction failure remains blocked and preserves its original hash (3.6s)
2026-09-22T02:06:20.9700482Z   ✓  17 ../../tests/e2e/grading-recovery.spec.ts:57:1 › a real failed regrade survives reload and can recover from the last actual grade without losing the old submission (12.0s)
2026-09-22T02:06:38.4136179Z   ✓  18 ../../tests/e2e/grading-restart.spec.ts:50:1 › real browser and API restarts preserve the submitted answers, signed review and both grading revisions (17.4s)
2026-09-22T02:06:53.7354344Z   ✓  19 ../../tests/e2e/grading.spec.ts:34:1 › unreviewed original content stays null until an explicit author form creates a signed new grade without altering its reference approval (15.3s)
2026-09-22T02:07:09.6777642Z   ✓  20 ../../tests/e2e/grading.spec.ts:66:1 › two browser profiles keep a stale manual-review baseline through an actual 412 before explicit three-way rebase (15.9s)
2026-09-22T02:07:22.6636071Z   ✓  21 ../../tests/e2e/grading.spec.ts:81:1 › a failed manual request preserves its durable exact command and editable author draft after browser reload (13.0s)
2026-09-22T02:07:25.6406120Z   ✓  22 ../../tests/e2e/import-admission.spec.ts:8:1 › import admission waits for real Policy after UI saved and never replays a rejected click (3.0s)
2026-09-22T02:07:38.1936243Z   ✓  23 ../../tests/e2e/import-admission.spec.ts:65:1 › real independent Policy preserves an open import selection and restores only explicit admission (12.5s)
2026-09-22T02:07:48.8775343Z   ✓  24 ../../tests/e2e/imports-policy.spec.ts:11:1 › an open author import retains its task across independent start and submit but rechecks pending-answer protection before restoring content (10.7s)
2026-09-22T02:07:55.3518591Z   ✓  25 ../../tests/e2e/imports-policy.spec.ts:61:1 › a reselected failed original survives a role-policy pause in memory while decoded text must be checked again (6.5s)
2026-09-22T02:08:01.0501163Z   ✓  26 ../../tests/e2e/imports.spec.ts:111:1 › real Markdown upload stays staged, previews and downloads exact bytes, restores and commits exact course refs (5.7s)
2026-09-22T02:08:05.2912799Z   ✓  27 ../../tests/e2e/imports.spec.ts:190:1 › safe HTML warning requires explicit acceptance and native cancel leaves courses untouched (4.2s)
2026-09-22T02:08:11.0440691Z   ✓  28 ../../tests/e2e/imports.spec.ts:218:1 › UTF-8 text can target a real existing course and creates a newer exact revision (5.7s)
2026-09-22T02:08:14.8609803Z   ✓  29 ../../tests/e2e/imports.spec.ts:234:1 › upload request failure keeps the selected file; preview failure keeps the recovery ID and explicit retry works (3.8s)
2026-09-22T02:08:19.9674907Z 
2026-09-22T02:08:19.9696811Z   ✓  30 ../../tests/e2e/imports.spec.ts:254:1 › author package requires explicit role change and clears the private preview after returning to learner (5.1s)
2026-09-22T02:08:23.8232549Z   ✓  31 ../../tests/e2e/imports.spec.ts:290:1 › a real invalid UTF-8 parse shows a blocking error and cannot be confirmed (3.8s)
2026-09-22T02:08:30.5545694Z 
2026-09-22T02:08:30.5566321Z   ✓  32 ../../tests/e2e/imports.spec.ts:311:1 › local encoding choice preserves the failed original and creates a separately confirmed UTF-8 import (6.7s)
2026-09-22T02:08:36.2994926Z 
2026-09-22T02:08:36.3017162Z   ✓  33 ../../tests/e2e/imports.spec.ts:379:1 › deferred author preview and original responses cannot restore content after the role is lowered (5.7s)
2026-09-22T02:08:54.1581969Z   ✓  34 ../../tests/e2e/learning-state-restart.spec.ts:47:1 › actual browser and API restarts preserve profile candidates, exact route overrides and original reading sources (17.8s)
2026-09-22T02:09:02.3361853Z   ✓  35 ../../tests/e2e/learning-state.spec.ts:12:1 › real self-report persists a lost-ACK command once and never creates independent evidence (8.2s)
2026-09-22T02:09:13.4528522Z   ✓  36 ../../tests/e2e/learning-state.spec.ts:30:1 › actual unreviewed submission stays excluded and its precise sources disappear when another page starts independent work (11.1s)
2026-09-22T02:09:18.8214245Z   ✓  37 ../../tests/e2e/learning-state.spec.ts:45:1 › a quota-failed profile remains mounted when a global command tries to leave it (5.4s)
2026-09-22T02:09:27.4815939Z   ✓  38 ../../tests/e2e/notes-lifecycle.spec.ts:32:1 › a concurrent note move to another block remains recoverable by stable note ID after a real 412 (8.6s)
2026-09-22T02:09:35.8246260Z   ✓  39 ../../tests/e2e/notes-lifecycle.spec.ts:64:1 › soft deleting a server note preserves its unsynced local continuation for explicit recovery (8.3s)
2026-09-22T02:09:45.7008062Z   ✓  40 ../../tests/e2e/practice-restart.spec.ts:20:1 › same practice tab identity rejects changed frozen parent or child hashes and preserves the original session (9.9s)
2026-09-22T02:10:00.8096815Z   ✓  41 ../../tests/e2e/practice-restart.spec.ts:66:1 › actual browser close and API restart retain practice identity, exposure and an unsynced local response (15.1s)
2026-09-22T02:10:11.0006688Z   ✓  42 ../../tests/e2e/practice.spec.ts:26:1 › five real question kinds save and refresh; hints and solutions require explicit exposure; submit is ungraded (10.2s)
2026-09-22T02:10:21.8126527Z   ✓  43 ../../tests/e2e/practice.spec.ts:87:1 › offline recovery keeps the local candidate when session GET was also unavailable and reconnect compares its base (10.8s)
2026-09-22T02:10:34.4485408Z   ✓  44 ../../tests/e2e/practice.spec.ts:113:1 › two real browser profiles produce a server CAS conflict with base local and remote before explicit choice (12.6s)
2026-09-22T02:10:42.3596855Z   ✓  45 ../../tests/e2e/practice.spec.ts:138:1 › missing private solution fails closed and a forged same-identity parent never replaces the existing practice tab (7.9s)
2026-09-22T02:10:56.8095050Z   ✓  46 ../../tests/e2e/practice.spec.ts:159:1 › two pages keep their durable local candidates and closing an unsynced practice requires explicit retention (14.4s)
2026-09-22T02:11:03.5451586Z   ✓  47 ../../tests/e2e/provider-settings.spec.ts:53:1 › real settings persist control configuration and temporary secrets without claiming production generation (6.7s)
2026-09-22T02:11:12.9717650Z   ✓  48 ../../tests/e2e/provider-settings.spec.ts:84:1 › real config lost ACK restores the original command after browser/API restart and reads later current state separately (9.4s)
2026-09-22T02:11:22.3796521Z   ✓  49 ../../tests/e2e/provider-settings.spec.ts:112:1 › actual independent assessment policy keeps settings controls available and denies subject consent reads (9.4s)
2026-09-22T02:11:27.6622055Z   ✓  50 ../../tests/e2e/provider-settings.spec.ts:142:41 › secret controls use an actual newer readback while the parent refresh is held; peer change false (5.3s)
2026-09-22T02:11:33.1331044Z   ✓  51 ../../tests/e2e/provider-settings.spec.ts:142:41 › secret controls use an actual newer readback while the parent refresh is held; peer change true (5.5s)
2026-09-22T02:11:45.8922581Z   ✓  52 ../../tests/e2e/reader-conflict-layout.spec.ts:97:1 › real session conflict preserves the scrolled submitted explanation and requires an explicit comparison choice (12.7s)
2026-09-22T02:11:55.9303761Z   ✓  53 ../../tests/e2e/reader-conflict-layout.spec.ts:178:1 › real session conflict keeps the same enabled assessment input focused and visible in the shortened reader (10.0s)
2026-09-22T02:12:10.1609643Z   ✓  54 ../../tests/e2e/reader-restart.spec.ts:13:1 › actual browser close and API process restart retain imported references, notes, progress and Reader position (14.2s)
2026-09-22T02:12:18.1985488Z   ✓  55 ../../tests/e2e/reader.spec.ts:33:1 › real imported directory, title search, worked-example link, long formula and frozen original download (8.0s)
2026-09-22T02:12:26.0846508Z   ✓  56 ../../tests/e2e/reader.spec.ts:67:1 › second repeated rendered selection preserves exact source codepoints, saves note, edits and soft deletes (7.9s)
2026-09-22T02:12:32.5211270Z   ✓  57 ../../tests/e2e/reader.spec.ts:98:1 › native source keyboard selection creates exact Markdown codepoints without rendered-text guessing (6.4s)
2026-09-22T02:12:42.4618540Z   ✓  58 ../../tests/e2e/reader.spec.ts:123:1 › offline local note recovery and a real concurrent server revision show three-way comparison before CAS save (9.9s)
2026-09-22T02:12:53.2867965Z   ✓  59 ../../tests/e2e/reader.spec.ts:171:1 › historical course revisions stay in separate exact tabs and hash-mismatched links preserve unresolved reference (10.8s)
2026-09-22T02:13:04.9708678Z 
2026-09-22T02:13:04.9711353Z   ✓  60 ../../tests/e2e/reader.spec.ts:209:1 › a private original authorized before a cross-profile role decrease cannot trigger a late browser download (11.7s)
2026-09-22T02:13:18.8791236Z   ✓  61 ../../tests/e2e/recommendations.spec.ts:56:1 › real recommendation decisions recover a lost ACK across browser and API restart without rewriting later decisions or learning facts (13.9s)
2026-09-22T02:13:30.8931528Z   ✓  62 ../../tests/e2e/recommendations.spec.ts:90:1 › real local suggestions cover another imported textbook and open its complete original refs independently of acceptance (12.0s)
2026-09-22T02:13:43.7097994Z   ✓  63 ../../tests/e2e/recommendations.spec.ts:110:1 › real offline and stale decision candidates require explicit 412 correction and current independent policy hides delayed subject sources (12.8s)
2026-09-22T02:13:53.1482600Z   ✓  64 ../../tests/e2e/recommendations.spec.ts:151:1 › a controlled archived fixture makes the real historical recommendation stale and its formerly current UI cannot open the old target (9.4s)
2026-09-22T02:14:03.2304321Z   ✓  65 ../../tests/e2e/responsive-layout.spec.ts:43:1 › narrow layout and submitted explanation remain visible before React resize listeners run (10.1s)
2026-09-22T02:14:32.7751179Z   ✓  66 ../../tests/e2e/retrieval.spec.ts:47:1 › real explicit cold scope, original rebuild Job, complete hits/no match/resource omission and unchanged historical scope (29.5s)
2026-09-22T02:14:51.0663396Z   ✓  67 ../../tests/e2e/review.spec.ts:35:1 › real history and exact material review preserve original submitted text, null scores and a selected old revision after reload (18.3s)
2026-09-22T02:15:06.4580589Z   ✓  68 ../../tests/e2e/review.spec.ts:76:1 › a delayed old review response cannot restore history or academic context after another page starts a real independent attempt (15.4s)
2026-09-22T02:15:10.9686769Z   ✓  69 ../../tests/e2e/route-draft-input.spec.ts:9:60 › native route goal input survives its own initial draft save_first delivery after focus (4.5s)
2026-09-22T02:15:15.5634674Z   ✓  70 ../../tests/e2e/route-draft-input.spec.ts:9:60 › native route goal input survives its own initial draft load_first delivery after focus (4.6s)
2026-09-22T02:15:24.7188456Z   ✓  71 ../../tests/e2e/routes.spec.ts:10:1 › real route creation, reminder, manual false, reordered revision and exact target navigation preserve history (9.1s)
2026-09-22T02:15:30.5258318Z   ✓  72 ../../tests/e2e/tutor-diagnostic.spec.ts:5:1 › diagnostic retains the original five-second failure and a completed peer read without collecting private text (5.8s)
2026-09-22T02:15:43.4035681Z   ✓  73 ../../tests/e2e/tutor.spec.ts:19:1 › real Tutor thread and prepared Run recover, diagnose missing proof and cancel without a model call (12.9s)
2026-09-22T02:16:03.6236194Z   ✓  74 ../../tests/e2e/tutor.spec.ts:78:1 › lost Run ACK replays original bytes and cross-page open-book hides academic content while retaining cancellation (20.2s)
2026-09-22T02:16:20.0611967Z   ✘  75 ../../tests/e2e/tutor.spec.ts:148:1 › explicit same-Run consent uses the real loopback protocol and restores raw answer without upgrading evidence (16.4s)
2026-09-22T02:16:26.5509873Z   ✓  76 ../../tests/e2e/workbench-initial-recovery.spec.ts:6:3 › initial workbench recovery keeps the saved lesson and waits for the real session at 1440px (5.8s)
2026-09-22T02:16:32.2712180Z   ✓  77 ../../tests/e2e/workbench-initial-recovery.spec.ts:6:3 › initial workbench recovery keeps the saved lesson and waits for the real session at 390px (5.7s)
2026-09-22T02:16:35.2076440Z   ✓  78 ../../tests/e2e/workbench.spec.ts:5:1 › empty workspace, native bootstrap, four fixed navigation and truthful auxiliary states (2.9s)
2026-09-22T02:16:39.4912963Z   ✓  79 ../../tests/e2e/workbench.spec.ts:22:1 › real keyboard and mouse resize, native drawers, focus return and restored layout (4.3s)
2026-09-22T02:16:44.5406438Z   ✓  80 ../../tests/e2e/workbench.spec.ts:43:1 › object drafts survive preview switches, close choice and browser reload without fake sending (5.0s)
2026-09-22T02:16:53.4496222Z   ✓  81 ../../tests/e2e/workbench.spec.ts:60:1 › server CAS conflict is visible, local object drafts survive and explicit readback recovers (8.9s)
2026-09-22T02:16:58.8256312Z   ✓  82 ../../tests/e2e/workbench.spec.ts:73:1 › offline pending UI is restored after actual connection recovery (5.4s)
2026-09-22T02:17:02.7516431Z   ✓  83 ../../tests/e2e/workbench.spec.ts:85:1 › actual MathJax, no runtime errors, long formula local scrolling, all screenshot sizes (3.9s)
2026-09-22T02:17:10.6456450Z   ✓  84 ../../tests/e2e/workbench.spec.ts:112:1 › two browser pages keep drafts for different objects in native IndexedDB (7.9s)
2026-09-22T02:17:14.4641638Z   ✓  85 ../../tests/e2e/workbench.spec.ts:130:1 › exact reference mismatch stays unresolved and preserves the original snapshot (3.8s)
2026-09-22T02:17:20.0543741Z   ✓  86 ../../tests/e2e/workbench.spec.ts:147:1 › cold lazy renderer restores saved reading offset after the content is ready (5.6s)
2026-09-22T02:17:29.3218101Z   ✓  87 ../../tests/e2e/workbench.spec.ts:167:1 › native concurrent same-object transactions preserve both candidates and expose explicit recovery (9.2s)
2026-09-22T02:17:34.6267624Z   ✓  88 ../../tests/e2e/workbench.spec.ts:200:1 › directory history restores the current course and navigation entry (5.3s)
2026-09-22T02:17:38.8559990Z   ✓  89 ../../tests/e2e/workbench.spec.ts:212:1 › UI cache quota failure stays visibly unsaved until the real server acknowledges (4.2s)
2026-09-22T02:17:43.4417267Z   ✓  90 ../../tests/e2e/workbench.spec.ts:229:1 › offline UI candidates from two pages remain separate on reload (4.6s)
2026-09-22T02:17:50.4201470Z   ✓  91 ../../tests/e2e/workbench.spec.ts:250:1 › quota-only memory candidate with a changed server baseline shows three-way comparison before explicit CAS (7.0s)
2026-09-22T02:17:56.3461811Z   ✓  92 ../../tests/e2e/workbench.spec.ts:283:1 › per-object details and focus survive A to B to A and browser reload after lazy content readiness (5.9s)
2026-09-22T02:18:00.5846345Z   ✓  93 ../../tests/e2e/workbench.spec.ts:302:1 › first unsent-draft conflict shows original, local and stored text before any reload or choice (4.2s)
2026-09-22T02:18:06.1178251Z   ✓  94 ../../tests/e2e/workbench.spec.ts:332:1 › route directory stays honestly empty and continue reading restores the exact last lesson (5.5s)
2026-09-22T02:18:10.0866204Z   ✓  95 ../../tests/e2e/workbench.spec.ts:354:1 › native keyboard selection updates frozen-reference preview and ambiguous source matches are refused (3.9s)
2026-09-22T02:18:14.9032137Z   ✓  96 ../../tests/e2e/zoom.spec.ts:5:1 › real browser 200 percent zoom reflows CSS width through Chrome appearance setting (4.8s)
2026-09-22T02:18:15.0743789Z 
2026-09-22T02:18:15.0752378Z 
2026-09-22T02:18:15.0763733Z   1) ../../tests/e2e/tutor.spec.ts:148:1 › explicit same-Run consent uses the real loopback protocol and restores raw answer without upgrading evidence 
2026-09-22T02:18:15.0765218Z 
2026-09-22T02:18:15.0766145Z     Error: expect(locator).toBeVisible() failed
2026-09-22T02:18:15.0766641Z 
2026-09-22T02:18:15.0767694Z     Locator: getByRole('region', { name: '真实问答线程与任务', exact: true }).getByRole('heading', { name: '真实任务状态：completed', exact: true })
2026-09-22T02:18:15.0768701Z     Expected: visible
2026-09-22T02:18:15.0769039Z     Timeout: 5000ms
2026-09-22T02:18:15.0769456Z     Error: element(s) not found
2026-09-22T02:18:15.0769740Z 
2026-09-22T02:18:15.0769877Z     Call log:
2026-09-22T02:18:15.0771345Z       - Expect "toBeVisible" getByRole('region', { name: '真实问答线程与任务', exact: true }).getByRole('heading', { name: '真实任务状态：completed', exact: true }) with timeout 5000ms
2026-09-22T02:18:15.0773189Z       - waiting for getByRole('region', { name: '真实问答线程与任务', exact: true }).getByRole('heading', { name: '真实任务状态：completed', exact: true })
2026-09-22T02:18:15.0773682Z 
2026-09-22T02:18:15.0773689Z 
2026-09-22T02:18:15.0774492Z       193 |     await tutor.getByRole('button', { name: '确认发送批准授权', exact: true }).click()
2026-09-22T02:18:15.0775045Z       194 |     await diagnostic.around(info, async () => {
2026-09-22T02:18:15.0776379Z     > 195 |       await expect(tutor.getByRole('heading', { name: '真实任务状态：completed', exact: true })).toBeVisible()
2026-09-22T02:18:15.0777531Z           |                                                                                           ^
2026-09-22T02:18:15.0778040Z       196 |     })
2026-09-22T02:18:15.0779057Z       197 |     const complete: TutorRunView = await page.request.get(`/api/v1/runs/${ack.run.id}`).then(value => value.json())
2026-09-22T02:18:15.0780532Z       198 |     expect(complete.run.id).toBe(ack.run.id); expect(complete.run.thread_id).toBe(thread.id)
2026-09-22T02:18:15.0782000Z         at assertion (<CI_HOME>/work/Learning_Workbench/Learning_Workbench/tests/e2e/tutor.spec.ts:195:91)
2026-09-22T02:18:15.0783537Z         at Object.around (<CI_HOME>/work/Learning_Workbench/Learning_Workbench/tests/e2e/tutorDiagnostic.ts:113:19)
2026-09-22T02:18:15.0785329Z         at <CI_HOME>/work/Learning_Workbench/Learning_Workbench/tests/e2e/tutor.spec.ts:194:22
2026-09-22T02:18:15.0786021Z 
2026-09-22T02:18:15.0786896Z     attachment #1: tutor-completion-diagnostic (application/json) ──────────────────────────────────
2026-09-22T02:18:15.0789585Z     ../../../../_temp/learning-workbench-e2e-results/tutor-explicit-same-Run-co-e37c7--without-upgrading-evidence/attachments/tutor-completion-diagnostic-8802754c8102e8746b82007836a5b96c1ecaac4c.json
2026-09-22T02:18:15.0791903Z     ────────────────────────────────────────────────────────────────────────────────────────────────
2026-09-22T02:18:15.0792432Z 
2026-09-22T02:18:15.0793157Z     attachment #2: screenshot (image/png) ──────────────────────────────────────────────────────────
2026-09-22T02:18:15.0795074Z     ../../../../_temp/learning-workbench-e2e-results/tutor-explicit-same-Run-co-e37c7--without-upgrading-evidence/test-failed-1.png
2026-09-22T02:18:15.0796734Z     ────────────────────────────────────────────────────────────────────────────────────────────────
2026-09-22T02:18:15.0797249Z 
2026-09-22T02:18:15.0798279Z     Error Context: ../../../../_temp/learning-workbench-e2e-results/tutor-explicit-same-Run-co-e37c7--without-upgrading-evidence/error-context.md
2026-09-22T02:18:15.0799509Z 
2026-09-22T02:18:15.0799673Z   1 failed
2026-09-22T02:18:15.0801096Z     ../../tests/e2e/tutor.spec.ts:148:1 › explicit same-Run consent uses the real loopback protocol and restores raw answer without upgrading evidence 
2026-09-22T02:18:15.0802190Z   95 passed (15.2m)
2026-09-22T02:18:15.1082174Z make: *** [Makefile:32: test-e2e] Error 1
2026-09-22T02:18:15.1106734Z ##[error]Process completed with exit code 2.
2026-09-22T02:18:15.1188148Z ##[group]Run actions/upload-artifact@043fb46d1a93c77aae656e7c1c64a875d1fc6a0a
2026-09-22T02:18:15.1188581Z with:
2026-09-22T02:18:15.1188840Z   name: browser-failure-pull_request-35677959449-1
2026-09-22T02:18:15.1190256Z   path: <CI_HOME>/work/_temp/learning-workbench-e2e-results/**/error-context.md
<CI_HOME>/work/_temp/learning-workbench-e2e-results/**/test-failed*.png
<CI_HOME>/work/_temp/learning-workbench-e2e-results/**/reader-load-diagnostic.json
<CI_HOME>/work/_temp/learning-workbench-e2e-results/**/tutor-completion-diagnostic.json

2026-09-22T02:18:15.1191635Z   retention-days: 3
2026-09-22T02:18:15.1191867Z   if-no-files-found: warn
2026-09-22T02:18:15.1192116Z   include-hidden-files: false
2026-09-22T02:18:15.1192374Z   compression-level: 6
2026-09-22T02:18:15.1192601Z   overwrite: false
2026-09-22T02:18:15.1192810Z   archive: true
2026-09-22T02:18:15.1193011Z env:
2026-09-22T02:18:15.1193282Z   pythonLocation: /opt/hostedtoolcache/Python/3.12.13/x64
2026-09-22T02:18:15.1193768Z   PKG_CONFIG_PATH: /opt/hostedtoolcache/Python/3.12.13/x64/lib/pkgconfig
2026-09-22T02:18:15.1194505Z   Python_ROOT_DIR: /opt/hostedtoolcache/Python/3.12.13/x64
2026-09-22T02:18:15.1194911Z   Python2_ROOT_DIR: /opt/hostedtoolcache/Python/3.12.13/x64
2026-09-22T02:18:15.1195310Z   Python3_ROOT_DIR: /opt/hostedtoolcache/Python/3.12.13/x64
2026-09-22T02:18:15.1195711Z   LD_LIBRARY_PATH: /opt/hostedtoolcache/Python/3.12.13/x64/lib
2026-09-22T02:18:15.1196048Z ##[endgroup]
2026-09-22T02:18:15.3001916Z With the provided path, there will be 4 files uploaded
2026-09-22T02:18:15.3008564Z Artifact name is valid!
2026-09-22T02:18:15.3009160Z Root directory input is valid!
2026-09-22T02:18:15.6439075Z Uploading artifact: browser-failure-pull_request-35677959449-1.zip
2026-09-22T02:18:15.6495102Z Beginning upload of artifact content to blob storage
2026-09-22T02:18:16.1850402Z Uploaded bytes 281407
2026-09-22T02:18:16.2477360Z Finished uploading artifact content to blob storage!
2026-09-22T02:18:16.2478707Z SHA256 digest of uploaded artifact is 7751ffd1f9fdedf9d0aae318a5780c2c0e57062066da49fec7dfa1de1e0aea91
2026-09-22T02:18:16.2479900Z Finalizing artifact upload
2026-09-22T02:18:16.6322939Z Artifact browser-failure-pull_request-35677959449-1 successfully finalized. Artifact ID 10673249643
2026-09-22T02:18:16.6325140Z Artifact browser-failure-pull_request-35677959449-1 has been successfully uploaded! Final size is 281407 bytes. Artifact ID is 10673249643
2026-09-22T02:18:16.6327840Z Artifact download URL: https://github.com/kl3574/Learning_Workbench/actions/runs/35677959449/artifacts/10673249643
2026-09-22T02:18:16.6541416Z Post job cleanup.
2026-09-22T02:18:16.7427903Z [command]/usr/bin/git version
2026-09-22T02:18:16.7477981Z git version 2.55.0
2026-09-22T02:18:16.7519680Z Temporarily overriding HOME='<CI_HOME>/work/_temp/8eaed5f0-adb0-40e1-a675-78d505fff86b' before making global git config changes
2026-09-22T02:18:16.7521306Z Adding repository directory to the temporary git global config as a safe directory
2026-09-22T02:18:16.7526596Z [command]/usr/bin/git config --global --add safe.directory <CI_HOME>/work/Learning_Workbench/Learning_Workbench
2026-09-22T02:18:16.7567009Z Removing SSH command configuration
2026-09-22T02:18:16.7574769Z [command]/usr/bin/git config --local --name-only --get-regexp core\.sshCommand
2026-09-22T02:18:16.7625818Z [command]/usr/bin/git submodule foreach --recursive sh -c "git config --local --name-only --get-regexp 'core\.sshCommand' && git config --local --unset-all 'core.sshCommand' || :"
2026-09-22T02:18:16.7979741Z Removing HTTP extra header
2026-09-22T02:18:16.7986223Z [command]/usr/bin/git config --local --name-only --get-regexp http\.https\:\/\/github\.com\/\.extraheader
2026-09-22T02:18:16.8035216Z [command]/usr/bin/git submodule foreach --recursive sh -c "git config --local --name-only --get-regexp 'http\.https\:\/\/github\.com\/\.extraheader' && git config --local --unset-all 'http.https://github.com/.extraheader' || :"
2026-09-22T02:18:16.8370473Z Removing includeIf entries pointing to credentials config files
2026-09-22T02:18:16.8378693Z [command]/usr/bin/git config --local --name-only --get-regexp ^includeIf\.gitdir:
2026-09-22T02:18:16.8444931Z includeif.gitdir:<CI_HOME>/work/Learning_Workbench/Learning_Workbench/.git.path
2026-09-22T02:18:16.8446664Z includeif.gitdir:<CI_HOME>/work/Learning_Workbench/Learning_Workbench/.git/worktrees/*.path
2026-09-22T02:18:16.8448010Z includeif.gitdir:/github/workspace/.git.path
2026-09-22T02:18:16.8449103Z includeif.gitdir:/github/workspace/.git/worktrees/*.path
2026-09-22T02:18:16.8457900Z [command]/usr/bin/git config --local --get-all includeif.gitdir:<CI_HOME>/work/Learning_Workbench/Learning_Workbench/.git.path
2026-09-22T02:18:16.8486093Z <CI_HOME>/work/_temp/git-credentials-2912a268-4961-4aa2-a1fa-529572e1c824.config
2026-09-22T02:18:16.8500099Z [command]/usr/bin/git config --local --unset includeif.gitdir:<CI_HOME>/work/Learning_Workbench/Learning_Workbench/.git.path \/home\/runner\/work\/_temp\/git\-credentials\-2912a268\-4961\-4aa2\-a1fa\-529572e1c824\.config
2026-09-22T02:18:16.8554382Z [command]/usr/bin/git config --local --get-all includeif.gitdir:<CI_HOME>/work/Learning_Workbench/Learning_Workbench/.git/worktrees/*.path
2026-09-22T02:18:16.8583380Z <CI_HOME>/work/_temp/git-credentials-2912a268-4961-4aa2-a1fa-529572e1c824.config
2026-09-22T02:18:16.8595011Z [command]/usr/bin/git config --local --unset includeif.gitdir:<CI_HOME>/work/Learning_Workbench/Learning_Workbench/.git/worktrees/*.path \/home\/runner\/work\/_temp\/git\-credentials\-2912a268\-4961\-4aa2\-a1fa\-529572e1c824\.config
2026-09-22T02:18:16.8635179Z [command]/usr/bin/git config --local --get-all includeif.gitdir:/github/workspace/.git.path
2026-09-22T02:18:16.8662042Z /github/runner_temp/git-credentials-2912a268-4961-4aa2-a1fa-529572e1c824.config
2026-09-22T02:18:16.8671525Z [command]/usr/bin/git config --local --unset includeif.gitdir:/github/workspace/.git.path \/github\/runner_temp\/git\-credentials\-2912a268\-4961\-4aa2\-a1fa\-529572e1c824\.config
2026-09-22T02:18:16.8710740Z [command]/usr/bin/git config --local --get-all includeif.gitdir:/github/workspace/.git/worktrees/*.path
2026-09-22T02:18:16.8741341Z /github/runner_temp/git-credentials-2912a268-4961-4aa2-a1fa-529572e1c824.config
2026-09-22T02:18:16.8749260Z [command]/usr/bin/git config --local --unset includeif.gitdir:/github/workspace/.git/worktrees/*.path \/github\/runner_temp\/git\-credentials\-2912a268\-4961\-4aa2\-a1fa\-529572e1c824\.config
2026-09-22T02:18:16.8789546Z [command]/usr/bin/git submodule foreach --recursive git config --local --show-origin --name-only --get-regexp remote.origin.url
2026-09-22T02:18:16.9100252Z Removing credentials config '<CI_HOME>/work/_temp/git-credentials-2912a268-4961-4aa2-a1fa-529572e1c824.config'
2026-09-22T02:18:16.9260677Z Cleaning up orphan processes
