2026-09-22T02:02:08.4111584Z Current runner version: '2.337.0'
2026-09-22T02:02:08.4137209Z ##[group]Runner Image Provisioner
2026-09-22T02:02:08.4138111Z Hosted Compute Agent
2026-09-22T02:02:08.4138800Z Version: 20260828.587
2026-09-22T02:02:08.4139858Z Commit: abac92662cab4cc7352de4f9f9d2e2419aad9c29
2026-09-22T02:02:08.4140747Z Build Date: 2026-08-28T16:44:25Z
2026-09-22T02:02:08.4141460Z Worker ID: {ddd1dd12-0381-430d-bda8-a20fb00dd9e1}
2026-09-22T02:02:08.4142172Z Azure Region: eastus
2026-09-22T02:02:08.4142821Z ##[endgroup]
2026-09-22T02:02:08.4144375Z ##[group]Operating System
2026-09-22T02:02:08.4145481Z Ubuntu
2026-09-22T02:02:08.4146133Z 26.04.1
2026-09-22T02:02:08.4146673Z LTS
2026-09-22T02:02:08.4147246Z ##[endgroup]
2026-09-22T02:02:08.4147831Z ##[group]Runner Image
2026-09-22T02:02:08.4148515Z Image: ubuntu-26.04
2026-09-22T02:02:08.4149103Z Version: 20260907.131.1
2026-09-22T02:02:08.4150631Z Included Software: https://github.com/actions/runner-images/blob/ubuntu26/20260907.131/images/ubuntu/Ubuntu2604-Readme.md
2026-09-22T02:02:08.4152251Z Image Release: https://github.com/actions/runner-images/releases/tag/ubuntu26%2F20260907.131
2026-09-22T02:02:08.4153268Z ##[endgroup]
2026-09-22T02:02:08.4154375Z ##[group]GITHUB_TOKEN Permissions
2026-09-22T02:02:08.4156659Z Contents: read
2026-09-22T02:02:08.4157267Z Metadata: read
2026-09-22T02:02:08.4157953Z ##[endgroup]
2026-09-22T02:02:08.4160614Z Secret source: Actions
2026-09-22T02:02:08.4161688Z Cache mode: write
2026-09-22T02:02:08.4162723Z Prepare workflow directory
2026-09-22T02:02:08.4498761Z Prepare all required actions
2026-09-22T02:02:08.4548185Z Getting action download info
2026-09-22T02:02:08.6135256Z Download action repository 'actions/checkout@3d3c42e5aac5ba805825da76410c181273ba90b1' (SHA:3d3c42e5aac5ba805825da76410c181273ba90b1)
2026-09-22T02:02:08.7211928Z Download action repository 'actions/setup-python@5fda3b95a4ea91299a34e894583c3862153e4b97' (SHA:5fda3b95a4ea91299a34e894583c3862153e4b97)
2026-09-22T02:02:08.8264736Z Download action repository 'actions/setup-node@820762786026740c76f36085b0efc47a31fe5020' (SHA:820762786026740c76f36085b0efc47a31fe5020)
2026-09-22T02:02:08.8905205Z Download action repository 'actions/upload-artifact@043fb46d1a93c77aae656e7c1c64a875d1fc6a0a' (SHA:043fb46d1a93c77aae656e7c1c64a875d1fc6a0a)
2026-09-22T02:02:09.0629932Z Complete job name: browser
2026-09-22T02:02:09.1421435Z ##[group]Run actions/checkout@3d3c42e5aac5ba805825da76410c181273ba90b1
2026-09-22T02:02:09.1422682Z with:
2026-09-22T02:02:09.1423214Z   repository: kl3574/Learning_Workbench
2026-09-22T02:02:09.1427238Z   token: ***
2026-09-22T02:02:09.1427673Z   ssh-strict: true
2026-09-22T02:02:09.1428149Z   ssh-user: git
2026-09-22T02:02:09.1428591Z   persist-credentials: true
2026-09-22T02:02:09.1429082Z   clean: true
2026-09-22T02:02:09.1429724Z   sparse-checkout-cone-mode: true
2026-09-22T02:02:09.1430242Z   fetch-depth: 1
2026-09-22T02:02:09.1430853Z   fetch-tags: false
2026-09-22T02:02:09.1431376Z   show-progress: true
2026-09-22T02:02:09.1431820Z   lfs: false
2026-09-22T02:02:09.1432264Z   submodules: false
2026-09-22T02:02:09.1432710Z   set-safe-directory: true
2026-09-22T02:02:09.1433212Z   allow-unsafe-pr-checkout: false
2026-09-22T02:02:09.1434461Z ##[endgroup]
2026-09-22T02:02:09.2478366Z Syncing repository: kl3574/Learning_Workbench
2026-09-22T02:02:09.2481304Z ##[group]Getting Git version info
2026-09-22T02:02:09.2482606Z Working directory is '<CI_HOME>/work/Learning_Workbench/Learning_Workbench'
2026-09-22T02:02:09.2484522Z [command]/usr/bin/git version
2026-09-22T02:02:09.2511297Z git version 2.55.0
2026-09-22T02:02:09.2537194Z ##[endgroup]
2026-09-22T02:02:09.2549100Z Temporarily overriding HOME='<CI_HOME>/work/_temp/1508ccc8-b66d-4265-bdab-6e087fd6c29e' before making global git config changes
2026-09-22T02:02:09.2551606Z Adding repository directory to the temporary git global config as a safe directory
2026-09-22T02:02:09.2554873Z [command]/usr/bin/git config --global --add safe.directory <CI_HOME>/work/Learning_Workbench/Learning_Workbench
2026-09-22T02:02:09.2616688Z Deleting the contents of '<CI_HOME>/work/Learning_Workbench/Learning_Workbench'
2026-09-22T02:02:09.2621433Z ##[group]Determining repository object format
2026-09-22T02:02:09.2622999Z ##[endgroup]
2026-09-22T02:02:09.2624472Z ##[group]Initializing the repository
2026-09-22T02:02:09.2627959Z [command]/usr/bin/git init <CI_HOME>/work/Learning_Workbench/Learning_Workbench
2026-09-22T02:02:09.2789597Z hint: Using 'master' as the name for the initial branch. This default branch name
2026-09-22T02:02:09.2791535Z hint: will change to "main" in Git 3.0. To configure the initial branch name
2026-09-22T02:02:09.2793727Z hint: to use in all of your new repositories, which will suppress this warning,
2026-09-22T02:02:09.2795073Z hint: call:
2026-09-22T02:02:09.2795767Z hint:
2026-09-22T02:02:09.2796682Z hint: 	git config --global init.defaultBranch <name>
2026-09-22T02:02:09.2797717Z hint:
2026-09-22T02:02:09.2798704Z hint: Names commonly chosen instead of 'master' are 'main', 'trunk' and
2026-09-22T02:02:09.2800659Z hint: 'development'. The just-created branch can be renamed via this command:
2026-09-22T02:02:09.2802068Z hint:
2026-09-22T02:02:09.2802877Z hint: 	git branch -m <name>
2026-09-22T02:02:09.2803885Z hint:
2026-09-22T02:02:09.2805063Z hint: Disable this message with "git config set advice.defaultBranchName false"
2026-09-22T02:02:09.2807084Z Initialized empty Git repository in <CI_HOME>/work/Learning_Workbench/Learning_Workbench/.git/
2026-09-22T02:02:09.2810462Z [command]/usr/bin/git remote add origin https://github.com/kl3574/Learning_Workbench
2026-09-22T02:02:09.2890067Z ##[endgroup]
2026-09-22T02:02:09.2891384Z ##[group]Disabling automatic garbage collection
2026-09-22T02:02:09.2894227Z [command]/usr/bin/git config --local gc.auto 0
2026-09-22T02:02:09.2930540Z ##[endgroup]
2026-09-22T02:02:09.2931835Z ##[group]Setting up auth
2026-09-22T02:02:09.2932858Z Removing SSH command configuration
2026-09-22T02:02:09.2937753Z [command]/usr/bin/git config --local --name-only --get-regexp core\.sshCommand
2026-09-22T02:02:09.2976667Z [command]/usr/bin/git submodule foreach --recursive sh -c "git config --local --name-only --get-regexp 'core\.sshCommand' && git config --local --unset-all 'core.sshCommand' || :"
2026-09-22T02:02:09.3445142Z Removing HTTP extra header
2026-09-22T02:02:09.3452050Z [command]/usr/bin/git config --local --name-only --get-regexp http\.https\:\/\/github\.com\/\.extraheader
2026-09-22T02:02:09.3486603Z [command]/usr/bin/git submodule foreach --recursive sh -c "git config --local --name-only --get-regexp 'http\.https\:\/\/github\.com\/\.extraheader' && git config --local --unset-all 'http.https://github.com/.extraheader' || :"
2026-09-22T02:02:09.3768639Z Removing includeIf entries pointing to credentials config files
2026-09-22T02:02:09.3777284Z [command]/usr/bin/git config --local --name-only --get-regexp ^includeIf\.gitdir:
2026-09-22T02:02:09.3818728Z [command]/usr/bin/git submodule foreach --recursive git config --local --show-origin --name-only --get-regexp remote.origin.url
2026-09-22T02:02:09.4127618Z [command]/usr/bin/git config --file <CI_HOME>/work/_temp/git-credentials-d6d78a5e-a272-4fed-9d46-eb879c77ae0d.config http.https://github.com/.extraheader AUTHORIZATION: basic ***
2026-09-22T02:02:09.4180211Z [command]/usr/bin/git config --local includeIf.gitdir:<CI_HOME>/work/Learning_Workbench/Learning_Workbench/.git.path <CI_HOME>/work/_temp/git-credentials-d6d78a5e-a272-4fed-9d46-eb879c77ae0d.config
2026-09-22T02:02:09.4218612Z [command]/usr/bin/git config --local includeIf.gitdir:<CI_HOME>/work/Learning_Workbench/Learning_Workbench/.git/worktrees/*.path <CI_HOME>/work/_temp/git-credentials-d6d78a5e-a272-4fed-9d46-eb879c77ae0d.config
2026-09-22T02:02:09.4265745Z [command]/usr/bin/git config --local includeIf.gitdir:/github/workspace/.git.path /github/runner_temp/git-credentials-d6d78a5e-a272-4fed-9d46-eb879c77ae0d.config
2026-09-22T02:02:09.4308562Z [command]/usr/bin/git config --local includeIf.gitdir:/github/workspace/.git/worktrees/*.path /github/runner_temp/git-credentials-d6d78a5e-a272-4fed-9d46-eb879c77ae0d.config
2026-09-22T02:02:09.4344954Z ##[endgroup]
2026-09-22T02:02:09.4346086Z ##[group]Fetching the repository
2026-09-22T02:02:09.4355502Z [command]/usr/bin/git -c protocol.version=2 fetch --no-tags --prune --no-recurse-submodules --depth=1 origin +bebf80601b3debf788d446ed2b3abf0847b392bc:refs/remotes/origin/feat/M6.1-worked-example
2026-09-22T02:02:11.6490460Z From https://github.com/kl3574/Learning_Workbench
2026-09-22T02:02:11.6492738Z  * [new ref]         bebf80601b3debf788d446ed2b3abf0847b392bc -> origin/feat/M6.1-worked-example
2026-09-22T02:02:11.6520688Z [command]/usr/bin/git branch --list --remote origin/feat/M6.1-worked-example
2026-09-22T02:02:11.6540396Z   origin/feat/M6.1-worked-example
2026-09-22T02:02:11.6544168Z [command]/usr/bin/git rev-parse refs/remotes/origin/feat/M6.1-worked-example
2026-09-22T02:02:11.6571730Z bebf80601b3debf788d446ed2b3abf0847b392bc
2026-09-22T02:02:11.6583250Z ##[endgroup]
2026-09-22T02:02:11.6584157Z ##[group]Determining the checkout info
2026-09-22T02:02:11.6585114Z ##[endgroup]
2026-09-22T02:02:11.6678421Z [command]/usr/bin/git sparse-checkout disable
2026-09-22T02:02:11.6680761Z [command]/usr/bin/git config --local --unset-all extensions.worktreeConfig
2026-09-22T02:02:11.6682925Z ##[group]Checking out the ref
2026-09-22T02:02:11.6688363Z [command]/usr/bin/git checkout --progress --force -B feat/M6.1-worked-example refs/remotes/origin/feat/M6.1-worked-example
2026-09-22T02:02:12.3745176Z Switched to a new branch 'feat/M6.1-worked-example'
2026-09-22T02:02:12.3747804Z branch 'feat/M6.1-worked-example' set up to track 'origin/feat/M6.1-worked-example'.
2026-09-22T02:02:12.3784011Z ##[endgroup]
2026-09-22T02:02:12.3840346Z [command]/usr/bin/git log -1 --format=%H
2026-09-22T02:02:12.3866757Z bebf80601b3debf788d446ed2b3abf0847b392bc
2026-09-22T02:02:12.4244654Z ##[group]Run actions/setup-python@5fda3b95a4ea91299a34e894583c3862153e4b97
2026-09-22T02:02:12.4246343Z with:
2026-09-22T02:02:12.4247333Z   python-version: 3.12.13
2026-09-22T02:02:12.4248468Z   check-latest: false
2026-09-22T02:02:12.4258732Z   token: ***
2026-09-22T02:02:12.4259900Z   update-environment: true
2026-09-22T02:02:12.4261057Z   allow-prereleases: false
2026-09-22T02:02:12.4262190Z   freethreaded: false
2026-09-22T02:02:12.4263229Z ##[endgroup]
2026-09-22T02:02:12.5492055Z ##[group]Installed versions
2026-09-22T02:02:12.5506256Z Version 3.12.13 was not found in the local cache
2026-09-22T02:02:13.0469752Z Version 3.12.13 is available for downloading
2026-09-22T02:02:13.0471678Z Download from "https://github.com/actions/python-versions/releases/download/3.12.13-27650778726/python-3.12.13-linux-26.04-x64.tar.gz"
2026-09-22T02:02:13.8745576Z Extract downloaded archive
2026-09-22T02:02:13.8884499Z [command]/usr/bin/tar xz --warning=no-unknown-keyword --overwrite -C <CI_HOME>/work/_temp/6a0ed9c0-211c-46e4-9e76-3d99db18b8ee -f <CI_HOME>/work/_temp/b49bfad8-e8b1-405f-823d-4bab9f609a4c
2026-09-22T02:02:15.0792940Z Execute installation script
2026-09-22T02:02:15.0928719Z Check if Python hostedtoolcache folder exist...
2026-09-22T02:02:15.0929878Z Create Python 3.12.13 folder
2026-09-22T02:02:15.0954324Z Copy Python binaries to hostedtoolcache folder
2026-09-22T02:02:15.5630371Z Create additional symlinks (Required for the UsePythonVersion Azure Pipelines task and the setup-python GitHub Action)
2026-09-22T02:02:15.5733292Z Upgrading pip...
2026-09-22T02:02:17.6486181Z Collecting pip
2026-09-22T02:02:17.6808721Z Downloading pip-26.2.1-py3-none-any.whl.metadata (4.6 kB)
2026-09-22T02:02:17.6907280Z Downloading pip-26.2.1-py3-none-any.whl (1.8 MB)
2026-09-22T02:02:17.7090962Z ━━━━━━━━━━━━━━━━━━━━━━━━━━━━━━━━━━━━━━━━ 1.8/1.8 MB 141.5 MB/s eta 0:00:00
2026-09-22T02:02:17.7091546Z 
2026-09-22T02:02:17.7288931Z Installing collected packages: pip
2026-09-22T02:02:17.7290053Z Attempting uninstall: pip
2026-09-22T02:02:17.7311845Z Found existing installation: pip 25.0.1
2026-09-22T02:02:17.7659384Z Uninstalling pip-25.0.1:
2026-09-22T02:02:17.7757074Z Successfully uninstalled pip-25.0.1
2026-09-22T02:02:18.6639438Z Successfully installed pip-26.2.1
2026-09-22T02:02:18.7204680Z Create complete file
2026-09-22T02:02:18.7285694Z Successfully set up CPython (3.12.13)
2026-09-22T02:02:18.7286901Z ##[endgroup]
2026-09-22T02:02:18.7543529Z ##[group]Run actions/setup-node@820762786026740c76f36085b0efc47a31fe5020
2026-09-22T02:02:18.7543951Z with:
2026-09-22T02:02:18.7544167Z   node-version: 24.21.0
2026-09-22T02:02:18.7544399Z   check-latest: false
2026-09-22T02:02:18.7547154Z   token: ***
2026-09-22T02:02:18.7547379Z   package-manager-cache: true
2026-09-22T02:02:18.7547628Z env:
2026-09-22T02:02:18.7547909Z   pythonLocation: /opt/hostedtoolcache/Python/3.12.13/x64
2026-09-22T02:02:18.7548378Z   PKG_CONFIG_PATH: /opt/hostedtoolcache/Python/3.12.13/x64/lib/pkgconfig
2026-09-22T02:02:18.7548844Z   Python_ROOT_DIR: /opt/hostedtoolcache/Python/3.12.13/x64
2026-09-22T02:02:18.7549455Z   Python2_ROOT_DIR: /opt/hostedtoolcache/Python/3.12.13/x64
2026-09-22T02:02:18.7549862Z   Python3_ROOT_DIR: /opt/hostedtoolcache/Python/3.12.13/x64
2026-09-22T02:02:18.7550271Z   LD_LIBRARY_PATH: /opt/hostedtoolcache/Python/3.12.13/x64/lib
2026-09-22T02:02:18.7550602Z ##[endgroup]
2026-09-22T02:02:18.8851678Z Attempting to download 24.21.0...
2026-09-22T02:02:19.3061117Z Acquiring 24.21.0 - x64 from https://github.com/actions/node-versions/releases/download/24.21.0-34304089047/node-24.21.0-linux-x64.tar.gz
2026-09-22T02:02:19.8385163Z Extracting ...
2026-09-22T02:02:19.8515100Z [command]/usr/bin/tar xz --strip 1 --warning=no-unknown-keyword --overwrite -C <CI_HOME>/work/_temp/c7150913-3e14-4359-ab70-c9123a1aa708 -f <CI_HOME>/work/_temp/ff1e367b-ab47-41d1-ad07-60356d9c1c84
2026-09-22T02:02:20.6134861Z Adding to the cache ...
2026-09-22T02:02:22.3621018Z ##[group]Environment details
2026-09-22T02:02:22.5978958Z node: v24.21.0
2026-09-22T02:02:22.5979532Z npm: 11.19.0
2026-09-22T02:02:22.5979747Z yarn: 1.22.22
2026-09-22T02:02:22.5980182Z ##[endgroup]
2026-09-22T02:02:22.6160929Z ##[group]Run python -m pip install uv==0.11.21
2026-09-22T02:02:22.6161387Z [36;1mpython -m pip install uv==0.11.21[0m
2026-09-22T02:02:22.6349019Z shell: /usr/bin/bash -e {0}
2026-09-22T02:02:22.6349496Z env:
2026-09-22T02:02:22.6349796Z   pythonLocation: /opt/hostedtoolcache/Python/3.12.13/x64
2026-09-22T02:02:22.6350290Z   PKG_CONFIG_PATH: /opt/hostedtoolcache/Python/3.12.13/x64/lib/pkgconfig
2026-09-22T02:02:22.6350772Z   Python_ROOT_DIR: /opt/hostedtoolcache/Python/3.12.13/x64
2026-09-22T02:02:22.6351208Z   Python2_ROOT_DIR: /opt/hostedtoolcache/Python/3.12.13/x64
2026-09-22T02:02:22.6351655Z   Python3_ROOT_DIR: /opt/hostedtoolcache/Python/3.12.13/x64
2026-09-22T02:02:22.6352093Z   LD_LIBRARY_PATH: /opt/hostedtoolcache/Python/3.12.13/x64/lib
2026-09-22T02:02:22.6352457Z ##[endgroup]
2026-09-22T02:02:23.8464447Z Collecting uv==0.11.21
2026-09-22T02:02:23.8700082Z   Downloading uv-0.11.21-py3-none-manylinux_2_17_x86_64.manylinux2014_x86_64.whl.metadata (11 kB)
2026-09-22T02:02:23.8810878Z Downloading uv-0.11.21-py3-none-manylinux_2_17_x86_64.manylinux2014_x86_64.whl (25.1 MB)
2026-09-22T02:02:24.1498606Z    ━━━━━━━━━━━━━━━━━━━━━━━━━━━━━━━━━━━━━━━━ 25.1/25.1 MB 96.8 MB/s  0:00:00
2026-09-22T02:02:24.1945970Z Installing collected packages: uv
2026-09-22T02:02:24.4541003Z Successfully installed uv-0.11.21
2026-09-22T02:02:24.5083827Z ##[group]Run uv sync --frozen
2026-09-22T02:02:24.5084203Z [36;1muv sync --frozen[0m
2026-09-22T02:02:24.5142857Z shell: /usr/bin/bash -e {0}
2026-09-22T02:02:24.5143118Z env:
2026-09-22T02:02:24.5143392Z   pythonLocation: /opt/hostedtoolcache/Python/3.12.13/x64
2026-09-22T02:02:24.5143851Z   PKG_CONFIG_PATH: /opt/hostedtoolcache/Python/3.12.13/x64/lib/pkgconfig
2026-09-22T02:02:24.5144311Z   Python_ROOT_DIR: /opt/hostedtoolcache/Python/3.12.13/x64
2026-09-22T02:02:24.5144715Z   Python2_ROOT_DIR: /opt/hostedtoolcache/Python/3.12.13/x64
2026-09-22T02:02:24.5145104Z   Python3_ROOT_DIR: /opt/hostedtoolcache/Python/3.12.13/x64
2026-09-22T02:02:24.5145515Z   LD_LIBRARY_PATH: /opt/hostedtoolcache/Python/3.12.13/x64/lib
2026-09-22T02:02:24.5146021Z ##[endgroup]
2026-09-22T02:02:24.5740744Z Using CPython 3.12.13 interpreter at: /opt/hostedtoolcache/Python/3.12.13/x64/bin/python3.12
2026-09-22T02:02:24.5741790Z Creating virtual environment at: .venv
2026-09-22T02:02:24.6652785Z Downloading ast-serialize (1.3MiB)
2026-09-22T02:02:24.6660133Z Downloading pygments (1.2MiB)
2026-09-22T02:02:24.6669642Z Downloading ruff (9.9MiB)
2026-09-22T02:02:24.6671031Z Downloading mypy (14.6MiB)
2026-09-22T02:02:24.6673403Z Downloading pydantic-core (2.0MiB)
2026-09-22T02:02:24.8542298Z  Downloaded ast-serialize
2026-09-22T02:02:24.8994948Z  Downloaded pydantic-core
2026-09-22T02:02:24.9582667Z  Downloaded ruff
2026-09-22T02:02:25.0399567Z  Downloaded pygments
2026-09-22T02:02:25.1922776Z  Downloaded mypy
2026-09-22T02:02:25.1925403Z Prepared 37 packages in 615ms
2026-09-22T02:02:25.2391787Z Installed 37 packages in 46ms
2026-09-22T02:02:25.2392306Z  + annotated-doc==0.0.5
2026-09-22T02:02:25.2392731Z  + annotated-types==0.8.0
2026-09-22T02:02:25.2393174Z  + anyio==4.15.1
2026-09-22T02:02:25.2393732Z  + ast-serialize==0.11.2
2026-09-22T02:02:25.2394123Z  + attrs==26.1.0
2026-09-22T02:02:25.2394609Z  + certifi==2026.7.22
2026-09-22T02:02:25.2394989Z  + click==8.5.0
2026-09-22T02:02:25.2395446Z  + defusedxml==0.7.1
2026-09-22T02:02:25.2395818Z  + fastapi==0.141.1
2026-09-22T02:02:25.2396184Z  + h11==0.16.0
2026-09-22T02:02:25.2396519Z  + httpcore==1.0.9
2026-09-22T02:02:25.2396862Z  + httpx==0.28.1
2026-09-22T02:02:25.2397260Z  + idna==3.19
2026-09-22T02:02:25.2397605Z  + iniconfig==2.3.0
2026-09-22T02:02:25.2397970Z  + jsonschema==4.26.0
2026-09-22T02:02:25.2398434Z  + jsonschema-specifications==2025.9.1
2026-09-22T02:02:25.2398902Z  + librt==0.15.0
2026-09-22T02:02:25.2399476Z  + markdown-it-py==4.2.0
2026-09-22T02:02:25.2399877Z  + mdurl==0.1.2
2026-09-22T02:02:25.2400208Z  + mypy==2.3.1
2026-09-22T02:02:25.2400558Z  + mypy-extensions==1.1.0
2026-09-22T02:02:25.2400956Z  + packaging==26.3
2026-09-22T02:02:25.2401308Z  + pathspec==1.1.1
2026-09-22T02:02:25.2401751Z  + pluggy==1.6.0
2026-09-22T02:02:25.2402125Z  + pydantic==2.13.5
2026-09-22T02:02:25.2402573Z  + pydantic-core==2.46.5
2026-09-22T02:02:25.2402963Z  + pygments==2.21.0
2026-09-22T02:02:25.2403406Z  + pypdf==6.18.1
2026-09-22T02:02:25.2403843Z  + pytest==9.1.1
2026-09-22T02:02:25.2404252Z  + python-multipart==0.0.32
2026-09-22T02:02:25.2404790Z  + referencing==0.37.0
2026-09-22T02:02:25.2433906Z  + rpds-py==2026.6.3
2026-09-22T02:02:25.2434294Z  + ruff==0.16.7
2026-09-22T02:02:25.2434661Z  + starlette==1.6.0
2026-09-22T02:02:25.2435066Z  + typing-extensions==4.16.0
2026-09-22T02:02:25.2435503Z  + typing-inspection==0.4.4
2026-09-22T02:02:25.2435909Z  + uvicorn==0.53.0
2026-09-22T02:02:25.2486371Z ##[group]Run sudo apt-get update
2026-09-22T02:02:25.2486710Z [36;1msudo apt-get update[0m
2026-09-22T02:02:25.2487352Z [36;1msudo apt-get install -y bubblewrap=0.11.1-1ubuntu0.1 apparmor=5.0.2-0ubuntu1~26.04.1 libapparmor1=5.0.2-0ubuntu1~26.04.1 libseccomp2=2.6.0-2ubuntu5[0m
2026-09-22T02:02:25.2488140Z [36;1mdpkg-query -W bubblewrap apparmor libapparmor1 libseccomp2[0m
2026-09-22T02:02:25.2488573Z [36;1mtest -f /etc/apparmor.d/bwrap-userns-restrict[0m
2026-09-22T02:02:25.2488898Z [36;1mbwrap --version[0m
2026-09-22T02:02:25.2546455Z shell: /usr/bin/bash -e {0}
2026-09-22T02:02:25.2546714Z env:
2026-09-22T02:02:25.2547004Z   pythonLocation: /opt/hostedtoolcache/Python/3.12.13/x64
2026-09-22T02:02:25.2547462Z   PKG_CONFIG_PATH: /opt/hostedtoolcache/Python/3.12.13/x64/lib/pkgconfig
2026-09-22T02:02:25.2547899Z   Python_ROOT_DIR: /opt/hostedtoolcache/Python/3.12.13/x64
2026-09-22T02:02:25.2548284Z   Python2_ROOT_DIR: /opt/hostedtoolcache/Python/3.12.13/x64
2026-09-22T02:02:25.2548698Z   Python3_ROOT_DIR: /opt/hostedtoolcache/Python/3.12.13/x64
2026-09-22T02:02:25.2549086Z   LD_LIBRARY_PATH: /opt/hostedtoolcache/Python/3.12.13/x64/lib
2026-09-22T02:02:25.2549745Z ##[endgroup]
2026-09-22T02:02:25.3455902Z Get:1 file:/etc/apt/apt-mirrors.txt Mirrorlist [144 B]
2026-09-22T02:02:25.3903575Z Hit:2 http://azure.archive.ubuntu.com/ubuntu resolute InRelease
2026-09-22T02:02:25.3910317Z Get:6 https://packages.microsoft.com/ubuntu/26.04/prod resolute InRelease [3964 B]
2026-09-22T02:02:25.3947465Z Get:3 http://azure.archive.ubuntu.com/ubuntu resolute-updates InRelease [137 kB]
2026-09-22T02:02:25.3976664Z Get:7 https://dl.google.com/linux/chrome-stable/deb stable InRelease [2548 B]
2026-09-22T02:02:25.3994347Z Get:4 http://azure.archive.ubuntu.com/ubuntu resolute-backports InRelease [137 kB]
2026-09-22T02:02:25.4024609Z Get:5 http://azure.archive.ubuntu.com/ubuntu resolute-security InRelease [137 kB]
2026-09-22T02:02:25.4354260Z Get:8 https://packages.microsoft.com/ubuntu/26.04/prod resolute/main amd64 Packages [66.1 kB]
2026-09-22T02:02:25.4528271Z Get:9 https://packages.microsoft.com/ubuntu/26.04/prod resolute/main arm64 Packages [57.7 kB]
2026-09-22T02:02:25.4777066Z Get:10 http://azure.archive.ubuntu.com/ubuntu resolute-updates/main amd64v3 Packages [640 kB]
2026-09-22T02:02:25.4799557Z Get:20 https://dl.google.com/linux/chrome-stable/deb stable/main amd64 Packages [1411 B]
2026-09-22T02:02:25.4827464Z Get:11 http://azure.archive.ubuntu.com/ubuntu resolute-updates/main Translation-en [152 kB]
2026-09-22T02:02:25.4850278Z Get:12 http://azure.archive.ubuntu.com/ubuntu resolute-updates/main amd64 Components [97.8 kB]
2026-09-22T02:02:25.4872850Z Get:13 http://azure.archive.ubuntu.com/ubuntu resolute-updates/universe amd64v3 Packages [295 kB]
2026-09-22T02:02:25.4920631Z Get:14 http://azure.archive.ubuntu.com/ubuntu resolute-updates/universe Translation-en [94.0 kB]
2026-09-22T02:02:25.4946107Z Get:15 http://azure.archive.ubuntu.com/ubuntu resolute-updates/universe amd64 Components [188 kB]
2026-09-22T02:02:25.4969257Z Get:16 http://azure.archive.ubuntu.com/ubuntu resolute-updates/restricted amd64v3 Packages [432 kB]
2026-09-22T02:02:25.5034043Z Get:17 http://azure.archive.ubuntu.com/ubuntu resolute-updates/restricted Translation-en [84.5 kB]
2026-09-22T02:02:25.5037859Z Get:18 http://azure.archive.ubuntu.com/ubuntu resolute-updates/multiverse amd64v3 Packages [11.6 kB]
2026-09-22T02:02:25.5041584Z Get:19 http://azure.archive.ubuntu.com/ubuntu resolute-updates/multiverse Translation-en [3172 B]
2026-09-22T02:02:25.5467276Z Get:21 http://azure.archive.ubuntu.com/ubuntu resolute-backports/universe amd64 Components [1056 B]
2026-09-22T02:02:25.5483269Z Get:22 http://azure.archive.ubuntu.com/ubuntu resolute-security/main amd64v3 Packages [502 kB]
2026-09-22T02:02:25.5518344Z Get:23 http://azure.archive.ubuntu.com/ubuntu resolute-security/main Translation-en [117 kB]
2026-09-22T02:02:25.5531249Z Get:24 http://azure.archive.ubuntu.com/ubuntu resolute-security/main amd64 Components [46.6 kB]
2026-09-22T02:02:25.5542893Z Get:25 http://azure.archive.ubuntu.com/ubuntu resolute-security/universe amd64v3 Packages [174 kB]
2026-09-22T02:02:25.5557246Z Get:26 http://azure.archive.ubuntu.com/ubuntu resolute-security/universe Translation-en [54.8 kB]
2026-09-22T02:02:25.5583093Z Get:27 http://azure.archive.ubuntu.com/ubuntu resolute-security/universe amd64 Components [43.4 kB]
2026-09-22T02:02:25.5595764Z Get:28 http://azure.archive.ubuntu.com/ubuntu resolute-security/restricted amd64v3 Packages [418 kB]
2026-09-22T02:02:25.5622896Z Get:29 http://azure.archive.ubuntu.com/ubuntu resolute-security/restricted Translation-en [81.5 kB]
2026-09-22T02:02:25.5634958Z Get:30 http://azure.archive.ubuntu.com/ubuntu resolute-security/multiverse amd64v3 Packages [10.9 kB]
2026-09-22T02:02:25.5644096Z Get:31 http://azure.archive.ubuntu.com/ubuntu resolute-security/multiverse Translation-en [2844 B]
2026-09-22T02:02:29.0172354Z Fetched 3995 kB in 0s (8974 kB/s)
2026-09-22T02:02:29.6847026Z Reading package lists...
2026-09-22T02:02:29.7202153Z Reading package lists...
2026-09-22T02:02:29.8760487Z Building dependency tree...
2026-09-22T02:02:29.8767779Z Reading state information...
2026-09-22T02:02:29.9101123Z bubblewrap is already the newest version (0.11.1-1ubuntu0.1).
2026-09-22T02:02:29.9101874Z bubblewrap set to manually installed.
2026-09-22T02:02:29.9102886Z apparmor is already the newest version (5.0.2-0ubuntu1~26.04.1).
2026-09-22T02:02:29.9103507Z apparmor set to manually installed.
2026-09-22T02:02:29.9104156Z libapparmor1 is already the newest version (5.0.2-0ubuntu1~26.04.1).
2026-09-22T02:02:29.9104789Z libapparmor1 set to manually installed.
2026-09-22T02:02:29.9105401Z libseccomp2 is already the newest version (2.6.0-2ubuntu5).
2026-09-22T02:02:29.9106007Z libseccomp2 set to manually installed.
2026-09-22T02:02:29.9682886Z Solving dependencies...
2026-09-22T02:02:30.0938516Z 0 upgraded, 0 newly installed, 0 to remove and 101 not upgraded.
2026-09-22T02:02:30.1077045Z apparmor	5.0.2-0ubuntu1~26.04.1
2026-09-22T02:02:30.1077622Z bubblewrap	0.11.1-1ubuntu0.1
2026-09-22T02:02:30.1078215Z libapparmor1:amd64	5.0.2-0ubuntu1~26.04.1
2026-09-22T02:02:30.1078769Z libseccomp2:amd64	2.6.0-2ubuntu5
2026-09-22T02:02:30.1182408Z bubblewrap 0.11.1
2026-09-22T02:02:30.1213995Z ##[group]Run npm ci --prefix apps/web
2026-09-22T02:02:30.1214358Z [36;1mnpm ci --prefix apps/web[0m
2026-09-22T02:02:30.1271489Z shell: /usr/bin/bash -e {0}
2026-09-22T02:02:30.1271736Z env:
2026-09-22T02:02:30.1272002Z   pythonLocation: /opt/hostedtoolcache/Python/3.12.13/x64
2026-09-22T02:02:30.1272455Z   PKG_CONFIG_PATH: /opt/hostedtoolcache/Python/3.12.13/x64/lib/pkgconfig
2026-09-22T02:02:30.1272902Z   Python_ROOT_DIR: /opt/hostedtoolcache/Python/3.12.13/x64
2026-09-22T02:02:30.1273291Z   Python2_ROOT_DIR: /opt/hostedtoolcache/Python/3.12.13/x64
2026-09-22T02:02:30.1273672Z   Python3_ROOT_DIR: /opt/hostedtoolcache/Python/3.12.13/x64
2026-09-22T02:02:30.1274057Z   LD_LIBRARY_PATH: /opt/hostedtoolcache/Python/3.12.13/x64/lib
2026-09-22T02:02:30.1274378Z ##[endgroup]
2026-09-22T02:02:36.6387461Z 
2026-09-22T02:02:36.6388246Z added 236 packages, and audited 237 packages in 6s
2026-09-22T02:02:36.6388836Z 
2026-09-22T02:02:36.6389406Z 118 packages are looking for funding
2026-09-22T02:02:36.6390565Z   run `npm fund` for details
2026-09-22T02:02:36.6405382Z 
2026-09-22T02:02:36.6405639Z found 0 vulnerabilities
2026-09-22T02:02:36.6856990Z ##[group]Run npm --prefix apps/web exec -- playwright install --with-deps chromium
2026-09-22T02:02:36.6857629Z [36;1mnpm --prefix apps/web exec -- playwright install --with-deps chromium[0m
2026-09-22T02:02:36.6916974Z shell: /usr/bin/bash -e {0}
2026-09-22T02:02:36.6917234Z env:
2026-09-22T02:02:36.6917511Z   pythonLocation: /opt/hostedtoolcache/Python/3.12.13/x64
2026-09-22T02:02:36.6917963Z   PKG_CONFIG_PATH: /opt/hostedtoolcache/Python/3.12.13/x64/lib/pkgconfig
2026-09-22T02:02:36.6918400Z   Python_ROOT_DIR: /opt/hostedtoolcache/Python/3.12.13/x64
2026-09-22T02:02:36.6918791Z   Python2_ROOT_DIR: /opt/hostedtoolcache/Python/3.12.13/x64
2026-09-22T02:02:36.6919441Z   Python3_ROOT_DIR: /opt/hostedtoolcache/Python/3.12.13/x64
2026-09-22T02:02:36.6919875Z   LD_LIBRARY_PATH: /opt/hostedtoolcache/Python/3.12.13/x64/lib
2026-09-22T02:02:36.6920202Z ##[endgroup]
2026-09-22T02:02:37.4586939Z Installing dependencies...
2026-09-22T02:02:37.4679716Z Switching to root user to install dependencies...
2026-09-22T02:02:37.5691067Z Get:1 file:/etc/apt/apt-mirrors.txt Mirrorlist [144 B]
2026-09-22T02:02:37.5980422Z Hit:6 https://packages.microsoft.com/ubuntu/26.04/prod resolute InRelease
2026-09-22T02:02:37.5982013Z Hit:2 http://azure.archive.ubuntu.com/ubuntu resolute InRelease
2026-09-22T02:02:37.5992496Z Hit:3 http://azure.archive.ubuntu.com/ubuntu resolute-updates InRelease
2026-09-22T02:02:37.6012879Z Hit:4 http://azure.archive.ubuntu.com/ubuntu resolute-backports InRelease
2026-09-22T02:02:37.6027353Z Hit:5 http://azure.archive.ubuntu.com/ubuntu resolute-security InRelease
2026-09-22T02:02:37.6113161Z Hit:7 https://dl.google.com/linux/chrome-stable/deb stable InRelease
2026-09-22T02:02:38.4665091Z Reading package lists...
2026-09-22T02:02:38.4921507Z Reading package lists...
2026-09-22T02:02:38.6473081Z Building dependency tree...
2026-09-22T02:02:38.6481036Z Reading state information...
2026-09-22T02:02:38.6817521Z libasound2t64 is already the newest version (1.2.15.3-1ubuntu1.1).
2026-09-22T02:02:38.6818719Z libasound2t64 set to manually installed.
2026-09-22T02:02:38.6819690Z libatk-bridge2.0-0t64 is already the newest version (2.60.4-0ubuntu0.1).
2026-09-22T02:02:38.6820422Z libatk-bridge2.0-0t64 set to manually installed.
2026-09-22T02:02:38.6821098Z libatk1.0-0t64 is already the newest version (2.60.4-0ubuntu0.1).
2026-09-22T02:02:38.6821710Z libatk1.0-0t64 set to manually installed.
2026-09-22T02:02:38.6822361Z libatspi2.0-0t64 is already the newest version (2.60.4-0ubuntu0.1).
2026-09-22T02:02:38.6823019Z libatspi2.0-0t64 set to manually installed.
2026-09-22T02:02:38.6823585Z libcairo2 is already the newest version (1.18.4-3).
2026-09-22T02:02:38.6824127Z libcairo2 set to manually installed.
2026-09-22T02:02:38.6824737Z libcups2t64 is already the newest version (2.4.16-1ubuntu1.3).
2026-09-22T02:02:38.6825329Z libcups2t64 set to manually installed.
2026-09-22T02:02:38.6825935Z libdbus-1-3 is already the newest version (1.16.2-2ubuntu4).
2026-09-22T02:02:38.6826525Z libdbus-1-3 set to manually installed.
2026-09-22T02:02:38.6827059Z libdrm2 is already the newest version (2.4.131-1).
2026-09-22T02:02:38.6827591Z libdrm2 set to manually installed.
2026-09-22T02:02:38.6828169Z libgbm1 is already the newest version (26.0.8-1ubuntu0.3).
2026-09-22T02:02:38.6828725Z libgbm1 set to manually installed.
2026-09-22T02:02:38.6829523Z libnspr4 is already the newest version (2:4.38.2-1ubuntu1).
2026-09-22T02:02:38.6830106Z libnspr4 set to manually installed.
2026-09-22T02:02:38.6830706Z libnss3 is already the newest version (2:3.120-1ubuntu2.1).
2026-09-22T02:02:38.6831266Z libnss3 set to manually installed.
2026-09-22T02:02:38.6831861Z libpango-1.0-0 is already the newest version (1.57.0-1).
2026-09-22T02:02:38.6832445Z libpango-1.0-0 set to manually installed.
2026-09-22T02:02:38.6833008Z libx11-6 is already the newest version (2:1.8.13-1).
2026-09-22T02:02:38.6833538Z libx11-6 set to manually installed.
2026-09-22T02:02:38.6834092Z libxcb1 is already the newest version (1.17.0-2ubuntu1).
2026-09-22T02:02:38.6834951Z libxcb1 set to manually installed.
2026-09-22T02:02:38.6835583Z libxcomposite1 is already the newest version (1:0.4.6-1build1).
2026-09-22T02:02:38.6836208Z libxcomposite1 set to manually installed.
2026-09-22T02:02:38.6836794Z libxdamage1 is already the newest version (1:1.1.7-1).
2026-09-22T02:02:38.6837338Z libxdamage1 set to manually installed.
2026-09-22T02:02:38.6837926Z libxext6 is already the newest version (2:1.3.4-1build3).
2026-09-22T02:02:38.6838476Z libxext6 set to manually installed.
2026-09-22T02:02:38.6839058Z libxfixes3 is already the newest version (1:6.0.0-2build2).
2026-09-22T02:02:38.6839895Z libxfixes3 set to manually installed.
2026-09-22T02:02:38.6840464Z libxkbcommon0 is already the newest version (1.13.1-1).
2026-09-22T02:02:38.6841028Z libxkbcommon0 set to manually installed.
2026-09-22T02:02:38.6841628Z libxrandr2 is already the newest version (2:1.5.4-1build1).
2026-09-22T02:02:38.6842196Z libxrandr2 set to manually installed.
2026-09-22T02:02:38.6842791Z xvfb is already the newest version (2:21.1.22-1ubuntu1).
2026-09-22T02:02:38.6843522Z fonts-noto-color-emoji is already the newest version (2.051-1build1).
2026-09-22T02:02:38.6844301Z libfontconfig1 is already the newest version (2.17.1-3ubuntu1).
2026-09-22T02:02:38.6844919Z libfontconfig1 set to manually installed.
2026-09-22T02:02:38.6845589Z libfreetype6 is already the newest version (2.14.2+dfsg-1ubuntu0.1).
2026-09-22T02:02:38.6846224Z libfreetype6 set to manually installed.
2026-09-22T02:02:38.6846876Z fonts-liberation is already the newest version (1:2.1.5-3build1).
2026-09-22T02:02:38.6847520Z fonts-liberation set to manually installed.
2026-09-22T02:02:38.7378450Z Solving dependencies...
2026-09-22T02:02:38.8229992Z The following additional packages will be installed:
2026-09-22T02:02:38.8231038Z   gir1.2-girepository-3.0 gir1.2-glib-2.0 libgirepository-2.0-0 libglib2.0-bin
2026-09-22T02:02:38.8237442Z   libglib2.0-data xfonts-encodings xfonts-utils
2026-09-22T02:02:38.8244724Z Recommended packages:
2026-09-22T02:02:38.8245243Z   fonts-ipafont-mincho fonts-tlwg-loma
2026-09-22T02:02:38.8491396Z The following NEW packages will be installed:
2026-09-22T02:02:38.8492260Z   fonts-freefont-ttf fonts-ipafont-gothic fonts-tlwg-loma-otf fonts-unifont
2026-09-22T02:02:38.8497794Z   fonts-wqy-zenhei xfonts-cyrillic xfonts-encodings xfonts-scalable
2026-09-22T02:02:38.8498484Z   xfonts-utils
2026-09-22T02:02:38.8502054Z The following packages will be upgraded:
2026-09-22T02:02:38.8503355Z   gir1.2-girepository-3.0 gir1.2-glib-2.0 libgirepository-2.0-0
2026-09-22T02:02:38.8508229Z   libglib2.0-0t64 libglib2.0-bin libglib2.0-data
2026-09-22T02:02:38.8707125Z 6 upgraded, 9 newly installed, 0 to remove and 96 not upgraded.
2026-09-22T02:02:38.8707650Z Need to get 23.9 MB of archives.
2026-09-22T02:02:38.8708083Z After this operation, 80.2 MB of additional disk space will be used.
2026-09-22T02:02:38.8708579Z Get:1 file:/etc/apt/apt-mirrors.txt Mirrorlist [144 B]
2026-09-22T02:02:38.9036435Z Get:2 http://azure.archive.ubuntu.com/ubuntu resolute/universe amd64v3 fonts-ipafont-gothic all 00303-23ubuntu1 [3703 kB]
2026-09-22T02:02:38.9979924Z Get:3 http://azure.archive.ubuntu.com/ubuntu resolute-updates/main amd64v3 libglib2.0-data all 2.88.0-1ubuntu0.1 [38.5 kB]
2026-09-22T02:02:39.0055643Z Get:4 http://azure.archive.ubuntu.com/ubuntu resolute-updates/main amd64v3 libglib2.0-bin amd64 2.88.0-1ubuntu0.1 [99.5 kB]
2026-09-22T02:02:39.0137309Z Get:5 http://azure.archive.ubuntu.com/ubuntu resolute-updates/main amd64v3 gir1.2-girepository-3.0 amd64 2.88.0-1ubuntu0.1 [25.2 kB]
2026-09-22T02:02:39.0209002Z Get:6 http://azure.archive.ubuntu.com/ubuntu resolute-updates/main amd64v3 libgirepository-2.0-0 amd64 2.88.0-1ubuntu0.1 [76.1 kB]
2026-09-22T02:02:39.0284700Z Get:7 http://azure.archive.ubuntu.com/ubuntu resolute-updates/main amd64v3 gir1.2-glib-2.0 amd64 2.88.0-1ubuntu0.1 [183 kB]
2026-09-22T02:02:39.0388925Z Get:8 http://azure.archive.ubuntu.com/ubuntu resolute-updates/main amd64v3 libglib2.0-0t64 amd64 2.88.0-1ubuntu0.1 [1602 kB]
2026-09-22T02:02:39.0833683Z Get:9 http://azure.archive.ubuntu.com/ubuntu resolute/main amd64v3 fonts-freefont-ttf all 20211204+svn4273-4build1 [5656 kB]
2026-09-22T02:02:39.1728463Z Get:10 http://azure.archive.ubuntu.com/ubuntu resolute/universe amd64v3 fonts-tlwg-loma-otf all 1:0.7.3-1build1 [106 kB]
2026-09-22T02:02:39.1801195Z Get:11 http://azure.archive.ubuntu.com/ubuntu resolute/universe amd64v3 fonts-unifont all 1:16.0.04-1build1 [3169 kB]
2026-09-22T02:02:39.2116821Z Get:12 http://azure.archive.ubuntu.com/ubuntu resolute/universe amd64v3 fonts-wqy-zenhei all 0.9.45-8build1 [7863 kB]
2026-09-22T02:02:39.2876761Z Get:13 http://azure.archive.ubuntu.com/ubuntu resolute/main amd64v3 xfonts-encodings all 1:1.0.5-0ubuntu3 [576 kB]
2026-09-22T02:02:39.2998521Z Get:14 http://azure.archive.ubuntu.com/ubuntu resolute/main amd64v3 xfonts-utils amd64 1:7.7+7build1 [97.3 kB]
2026-09-22T02:02:39.3078631Z Get:15 http://azure.archive.ubuntu.com/ubuntu resolute/universe amd64v3 xfonts-cyrillic all 1:1.0.5+nmu1build1 [384 kB]
2026-09-22T02:02:39.3241751Z Get:16 http://azure.archive.ubuntu.com/ubuntu resolute/universe amd64v3 xfonts-scalable all 1:1.0.3-1.3build1 [304 kB]
2026-09-22T02:02:39.6515619Z Fetched 23.9 MB in 0s (50.5 MB/s)
2026-09-22T02:02:39.6818425Z Selecting previously unselected package fonts-ipafont-gothic.
2026-09-22T02:02:39.7131454Z (Reading database ... 
2026-09-22T02:02:39.7132221Z (Reading database ... 5%
2026-09-22T02:02:39.7133077Z (Reading database ... 10%
2026-09-22T02:02:39.7133401Z (Reading database ... 15%
2026-09-22T02:02:39.7133670Z (Reading database ... 20%
2026-09-22T02:02:39.7133920Z (Reading database ... 25%
2026-09-22T02:02:39.7134167Z (Reading database ... 30%
2026-09-22T02:02:39.7134408Z (Reading database ... 35%
2026-09-22T02:02:39.7134668Z (Reading database ... 40%
2026-09-22T02:02:39.7134990Z (Reading database ... 45%
2026-09-22T02:02:39.7135318Z (Reading database ... 50%
2026-09-22T02:02:39.8065424Z (Reading database ... 55%
2026-09-22T02:02:40.1761755Z (Reading database ... 60%
2026-09-22T02:02:40.4068356Z (Reading database ... 65%
2026-09-22T02:02:40.9088171Z (Reading database ... 70%
2026-09-22T02:02:41.1208065Z (Reading database ... 75%
2026-09-22T02:02:41.5313921Z (Reading database ... 80%
2026-09-22T02:02:41.6734372Z (Reading database ... 85%
2026-09-22T02:02:41.8557087Z (Reading database ... 90%
2026-09-22T02:02:41.9842499Z (Reading database ... 95%
2026-09-22T02:02:41.9843098Z (Reading database ... 100%
2026-09-22T02:02:41.9843652Z (Reading database ... 209256 files and directories currently installed.)
2026-09-22T02:02:41.9884016Z Preparing to unpack .../00-fonts-ipafont-gothic_00303-23ubuntu1_all.deb ...
2026-09-22T02:02:42.0018619Z Unpacking fonts-ipafont-gothic (00303-23ubuntu1) ...
2026-09-22T02:02:42.0827023Z Preparing to unpack .../01-libglib2.0-data_2.88.0-1ubuntu0.1_all.deb ...
2026-09-22T02:02:42.0849702Z Unpacking libglib2.0-data (2.88.0-1ubuntu0.1) over (2.88.0-1) ...
2026-09-22T02:02:42.1223250Z Preparing to unpack .../02-libglib2.0-bin_2.88.0-1ubuntu0.1_amd64v3.deb ...
2026-09-22T02:02:42.1246334Z Unpacking libglib2.0-bin (2.88.0-1ubuntu0.1) over (2.88.0-1) ...
2026-09-22T02:02:42.1766914Z Preparing to unpack .../03-gir1.2-girepository-3.0_2.88.0-1ubuntu0.1_amd64v3.deb ...
2026-09-22T02:02:42.1789753Z Unpacking gir1.2-girepository-3.0:amd64 (2.88.0-1ubuntu0.1) over (2.88.0-1) ...
2026-09-22T02:02:42.2220934Z Preparing to unpack .../04-libgirepository-2.0-0_2.88.0-1ubuntu0.1_amd64v3.deb ...
2026-09-22T02:02:42.2262857Z Unpacking libgirepository-2.0-0:amd64 (2.88.0-1ubuntu0.1) over (2.88.0-1) ...
2026-09-22T02:02:42.2643875Z Preparing to unpack .../05-gir1.2-glib-2.0_2.88.0-1ubuntu0.1_amd64v3.deb ...
2026-09-22T02:02:42.2670843Z Unpacking gir1.2-glib-2.0:amd64 (2.88.0-1ubuntu0.1) over (2.88.0-1) ...
2026-09-22T02:02:42.3140239Z Preparing to unpack .../06-libglib2.0-0t64_2.88.0-1ubuntu0.1_amd64v3.deb ...
2026-09-22T02:02:42.3216299Z Unpacking libglib2.0-0t64:amd64 (2.88.0-1ubuntu0.1) over (2.88.0-1) ...
2026-09-22T02:02:42.3676190Z Selecting previously unselected package fonts-freefont-ttf.
2026-09-22T02:02:42.3813213Z Preparing to unpack .../07-fonts-freefont-ttf_20211204+svn4273-4build1_all.deb ...
2026-09-22T02:02:42.3821506Z Unpacking fonts-freefont-ttf (20211204+svn4273-4build1) ...
2026-09-22T02:02:42.4666541Z Selecting previously unselected package fonts-tlwg-loma-otf.
2026-09-22T02:02:42.4801251Z Preparing to unpack .../08-fonts-tlwg-loma-otf_1%3a0.7.3-1build1_all.deb ...
2026-09-22T02:02:42.4814201Z Unpacking fonts-tlwg-loma-otf (1:0.7.3-1build1) ...
2026-09-22T02:02:42.5037876Z Selecting previously unselected package fonts-unifont.
2026-09-22T02:02:42.5172578Z Preparing to unpack .../09-fonts-unifont_1%3a16.0.04-1build1_all.deb ...
2026-09-22T02:02:42.5182128Z Unpacking fonts-unifont (1:16.0.04-1build1) ...
2026-09-22T02:02:42.6272914Z Selecting previously unselected package fonts-wqy-zenhei.
2026-09-22T02:02:42.6405999Z Preparing to unpack .../10-fonts-wqy-zenhei_0.9.45-8build1_all.deb ...
2026-09-22T02:02:42.6541400Z Unpacking fonts-wqy-zenhei (0.9.45-8build1) ...
2026-09-22T02:02:42.7490359Z Selecting previously unselected package xfonts-encodings.
2026-09-22T02:02:42.7622259Z Preparing to unpack .../11-xfonts-encodings_1%3a1.0.5-0ubuntu3_all.deb ...
2026-09-22T02:02:42.7631115Z Unpacking xfonts-encodings (1:1.0.5-0ubuntu3) ...
2026-09-22T02:02:42.7934161Z Selecting previously unselected package xfonts-utils.
2026-09-22T02:02:42.8068743Z Preparing to unpack .../12-xfonts-utils_1%3a7.7+7build1_amd64v3.deb ...
2026-09-22T02:02:42.8076527Z Unpacking xfonts-utils (1:7.7+7build1) ...
2026-09-22T02:02:42.8463516Z Selecting previously unselected package xfonts-cyrillic.
2026-09-22T02:02:42.8598029Z Preparing to unpack .../13-xfonts-cyrillic_1%3a1.0.5+nmu1build1_all.deb ...
2026-09-22T02:02:42.8608119Z Unpacking xfonts-cyrillic (1:1.0.5+nmu1build1) ...
2026-09-22T02:02:42.8995676Z Selecting previously unselected package xfonts-scalable.
2026-09-22T02:02:42.9130897Z Preparing to unpack .../14-xfonts-scalable_1%3a1.0.3-1.3build1_all.deb ...
2026-09-22T02:02:42.9139522Z Unpacking xfonts-scalable (1:1.0.3-1.3build1) ...
2026-09-22T02:02:42.9572724Z Setting up fonts-wqy-zenhei (0.9.45-8build1) ...
2026-09-22T02:02:42.9722916Z Setting up fonts-freefont-ttf (20211204+svn4273-4build1) ...
2026-09-22T02:02:42.9742447Z Setting up libglib2.0-0t64:amd64 (2.88.0-1ubuntu0.1) ...
2026-09-22T02:02:42.9855244Z Setting up libglib2.0-data (2.88.0-1ubuntu0.1) ...
2026-09-22T02:02:42.9878915Z Setting up fonts-tlwg-loma-otf (1:0.7.3-1build1) ...
2026-09-22T02:02:42.9902566Z Setting up xfonts-encodings (1:1.0.5-0ubuntu3) ...
2026-09-22T02:02:42.9927710Z Setting up gir1.2-glib-2.0:amd64 (2.88.0-1ubuntu0.1) ...
2026-09-22T02:02:42.9952487Z Setting up fonts-ipafont-gothic (00303-23ubuntu1) ...
2026-09-22T02:02:43.0018392Z update-alternatives: using /usr/share/fonts/opentype/ipafont-gothic/ipag.ttf to provide /usr/share/fonts/truetype/fonts-japanese-gothic.ttf (fonts-japanese-gothic.ttf) in auto mode
2026-09-22T02:02:43.0041607Z Setting up fonts-unifont (1:16.0.04-1build1) ...
2026-09-22T02:02:43.0065753Z Setting up libgirepository-2.0-0:amd64 (2.88.0-1ubuntu0.1) ...
2026-09-22T02:02:43.0088640Z Setting up libglib2.0-bin (2.88.0-1ubuntu0.1) ...
2026-09-22T02:02:43.0112316Z Setting up xfonts-utils (1:7.7+7build1) ...
2026-09-22T02:02:43.0172673Z Setting up gir1.2-girepository-3.0:amd64 (2.88.0-1ubuntu0.1) ...
2026-09-22T02:02:43.0198765Z Setting up xfonts-cyrillic (1:1.0.5+nmu1build1) ...
2026-09-22T02:02:43.1110510Z Setting up xfonts-scalable (1:1.0.3-1.3build1) ...
2026-09-22T02:02:43.1508561Z Processing triggers for libc-bin (2.43-2ubuntu2.3) ...
2026-09-22T02:02:43.1806665Z Processing triggers for man-db (2.13.1-1build1) ...
2026-09-22T02:02:43.1831261Z Not building database; man-db/auto-update is not 'true'.
2026-09-22T02:02:43.1843992Z Processing triggers for fontconfig (2.17.1-3ubuntu1) ...
2026-09-22T02:02:43.8463092Z 
2026-09-22T02:02:43.8463765Z Running kernel seems to be up-to-date.
2026-09-22T02:02:43.8464061Z 
2026-09-22T02:02:43.8464200Z Restarting services...
2026-09-22T02:02:43.9092648Z  systemctl restart packagekit.service php8.5-fpm.service polkit.service udisks2.service
2026-09-22T02:02:44.0686649Z 
2026-09-22T02:02:44.0687375Z Service restarts being deferred:
2026-09-22T02:02:44.0688076Z  systemctl restart ModemManager.service
2026-09-22T02:02:44.0688796Z  systemctl restart hosted-compute-agent.service
2026-09-22T02:02:44.0689859Z  systemctl restart networkd-dispatcher.service
2026-09-22T02:02:44.0690317Z 
2026-09-22T02:02:44.0690718Z No containers need to be restarted.
2026-09-22T02:02:44.0691125Z 
2026-09-22T02:02:44.0691574Z No user sessions are running outdated binaries.
2026-09-22T02:02:44.0691943Z 
2026-09-22T02:02:44.0692440Z No VM guests are running outdated hypervisor (qemu) binaries on this host.
2026-09-22T02:02:44.9651604Z Downloading Chrome for Testing 153.0.8010.12 (playwright chromium v1243) from https://cdn.playwright.dev/builds/cft/153.0.8010.12/linux64/chrome-linux64.zip
2026-09-22T02:02:45.3556289Z |                                                                                |   0% of 186.8 MiB
2026-09-22T02:02:45.5065855Z |■■■■■■■■                                                                        |  10% of 186.8 MiB
2026-09-22T02:02:45.5840748Z |■■■■■■■■■■■■■■■■                                                                |  20% of 186.8 MiB
2026-09-22T02:02:45.6845488Z |■■■■■■■■■■■■■■■■■■■■■■■■                                                        |  30% of 186.8 MiB
2026-09-22T02:02:45.7525493Z |■■■■■■■■■■■■■■■■■■■■■■■■■■■■■■■■                                                |  40% of 186.8 MiB
2026-09-22T02:02:45.8371274Z |■■■■■■■■■■■■■■■■■■■■■■■■■■■■■■■■■■■■■■■■                                        |  50% of 186.8 MiB
2026-09-22T02:02:45.9142216Z |■■■■■■■■■■■■■■■■■■■■■■■■■■■■■■■■■■■■■■■■■■■■■■■■                                |  60% of 186.8 MiB
2026-09-22T02:02:45.9959415Z |■■■■■■■■■■■■■■■■■■■■■■■■■■■■■■■■■■■■■■■■■■■■■■■■■■■■■■■■                        |  70% of 186.8 MiB
2026-09-22T02:02:46.0824957Z |■■■■■■■■■■■■■■■■■■■■■■■■■■■■■■■■■■■■■■■■■■■■■■■■■■■■■■■■■■■■■■■■                |  80% of 186.8 MiB
2026-09-22T02:02:46.1777878Z |■■■■■■■■■■■■■■■■■■■■■■■■■■■■■■■■■■■■■■■■■■■■■■■■■■■■■■■■■■■■■■■■■■■■■■■■        |  90% of 186.8 MiB
2026-09-22T02:02:46.2575763Z |■■■■■■■■■■■■■■■■■■■■■■■■■■■■■■■■■■■■■■■■■■■■■■■■■■■■■■■■■■■■■■■■■■■■■■■■■■■■■■■■| 100% of 186.8 MiB
2026-09-22T02:02:49.1280666Z Chrome for Testing 153.0.8010.12 (playwright chromium v1243) downloaded to <CI_HOME>/.cache/ms-playwright/chromium-1243
2026-09-22T02:02:49.1284509Z Downloading FFmpeg (playwright ffmpeg v1011) from https://cdn.playwright.dev/dbazure/download/playwright/builds/ffmpeg/1011/ffmpeg-linux.zip
2026-09-22T02:02:49.4898266Z |                                                                                |   0% of 2.3 MiB
2026-09-22T02:02:49.5068693Z |■■■■■■■■                                                                        |  10% of 2.3 MiB
2026-09-22T02:02:49.5100934Z |■■■■■■■■■■■■■■■■                                                                |  20% of 2.3 MiB
2026-09-22T02:02:49.5117373Z |■■■■■■■■■■■■■■■■■■■■■■■■                                                        |  30% of 2.3 MiB
2026-09-22T02:02:49.5129111Z |■■■■■■■■■■■■■■■■■■■■■■■■■■■■■■■■                                                |  40% of 2.3 MiB
2026-09-22T02:02:49.5141398Z |■■■■■■■■■■■■■■■■■■■■■■■■■■■■■■■■■■■■■■■■                                        |  50% of 2.3 MiB
2026-09-22T02:02:49.5153003Z |■■■■■■■■■■■■■■■■■■■■■■■■■■■■■■■■■■■■■■■■■■■■■■■■                                |  60% of 2.3 MiB
2026-09-22T02:02:49.5166929Z |■■■■■■■■■■■■■■■■■■■■■■■■■■■■■■■■■■■■■■■■■■■■■■■■■■■■■■■■                        |  70% of 2.3 MiB
2026-09-22T02:02:49.5180428Z |■■■■■■■■■■■■■■■■■■■■■■■■■■■■■■■■■■■■■■■■■■■■■■■■■■■■■■■■■■■■■■■■                |  80% of 2.3 MiB
2026-09-22T02:02:49.5198654Z |■■■■■■■■■■■■■■■■■■■■■■■■■■■■■■■■■■■■■■■■■■■■■■■■■■■■■■■■■■■■■■■■■■■■■■■■        |  90% of 2.3 MiB
2026-09-22T02:02:49.5207768Z |■■■■■■■■■■■■■■■■■■■■■■■■■■■■■■■■■■■■■■■■■■■■■■■■■■■■■■■■■■■■■■■■■■■■■■■■■■■■■■■■| 100% of 2.3 MiB
2026-09-22T02:02:49.5781735Z FFmpeg (playwright ffmpeg v1011) downloaded to <CI_HOME>/.cache/ms-playwright/ffmpeg-1011
2026-09-22T02:02:49.5785022Z Downloading Chrome Headless Shell 153.0.8010.12 (playwright chromium-headless-shell v1243) from https://cdn.playwright.dev/builds/cft/153.0.8010.12/linux64/chrome-headless-shell-linux64.zip
2026-09-22T02:02:49.9583044Z |                                                                                |   0% of 114.3 MiB
2026-09-22T02:02:50.0737726Z |■■■■■■■■                                                                        |  10% of 114.3 MiB
2026-09-22T02:02:50.1468597Z |■■■■■■■■■■■■■■■■                                                                |  20% of 114.3 MiB
2026-09-22T02:02:50.2017183Z |■■■■■■■■■■■■■■■■■■■■■■■■                                                        |  30% of 114.3 MiB
2026-09-22T02:02:50.2602422Z |■■■■■■■■■■■■■■■■■■■■■■■■■■■■■■■■                                                |  40% of 114.3 MiB
2026-09-22T02:02:50.3242334Z |■■■■■■■■■■■■■■■■■■■■■■■■■■■■■■■■■■■■■■■■                                        |  50% of 114.3 MiB
2026-09-22T02:02:50.3691267Z |■■■■■■■■■■■■■■■■■■■■■■■■■■■■■■■■■■■■■■■■■■■■■■■■                                |  60% of 114.3 MiB
2026-09-22T02:02:50.4243199Z |■■■■■■■■■■■■■■■■■■■■■■■■■■■■■■■■■■■■■■■■■■■■■■■■■■■■■■■■                        |  70% of 114.3 MiB
2026-09-22T02:02:50.4626563Z |■■■■■■■■■■■■■■■■■■■■■■■■■■■■■■■■■■■■■■■■■■■■■■■■■■■■■■■■■■■■■■■■                |  80% of 114.3 MiB
2026-09-22T02:02:50.5005100Z |■■■■■■■■■■■■■■■■■■■■■■■■■■■■■■■■■■■■■■■■■■■■■■■■■■■■■■■■■■■■■■■■■■■■■■■■        |  90% of 114.3 MiB
2026-09-22T02:02:50.5518293Z |■■■■■■■■■■■■■■■■■■■■■■■■■■■■■■■■■■■■■■■■■■■■■■■■■■■■■■■■■■■■■■■■■■■■■■■■■■■■■■■■| 100% of 114.3 MiB
2026-09-22T02:02:52.6521518Z Chrome Headless Shell 153.0.8010.12 (playwright chromium-headless-shell v1243) downloaded to <CI_HOME>/.cache/ms-playwright/chromium_headless_shell-1243
2026-09-22T02:02:52.6848497Z ##[group]Run make build
2026-09-22T02:02:52.6849034Z [36;1mmake build[0m
2026-09-22T02:02:52.6908492Z shell: /usr/bin/bash -e {0}
2026-09-22T02:02:52.6908913Z env:
2026-09-22T02:02:52.6921489Z   pythonLocation: /opt/hostedtoolcache/Python/3.12.13/x64
2026-09-22T02:02:52.6922216Z   PKG_CONFIG_PATH: /opt/hostedtoolcache/Python/3.12.13/x64/lib/pkgconfig
2026-09-22T02:02:52.6922685Z   Python_ROOT_DIR: /opt/hostedtoolcache/Python/3.12.13/x64
2026-09-22T02:02:52.6923090Z   Python2_ROOT_DIR: /opt/hostedtoolcache/Python/3.12.13/x64
2026-09-22T02:02:52.6923474Z   Python3_ROOT_DIR: /opt/hostedtoolcache/Python/3.12.13/x64
2026-09-22T02:02:52.6923855Z   LD_LIBRARY_PATH: /opt/hostedtoolcache/Python/3.12.13/x64/lib
2026-09-22T02:02:52.6924198Z ##[endgroup]
2026-09-22T02:02:52.7035838Z bash scripts/node.sh npm --prefix apps/web run build
2026-09-22T02:02:52.8123551Z 
2026-09-22T02:02:52.8124179Z > @learning-workbench/web@0.1.0 build
2026-09-22T02:02:52.8124575Z > tsc --noEmit && vite build
2026-09-22T02:02:52.8124810Z 
2026-09-22T02:02:54.3281254Z [36mvite v8.3.0 [32mbuilding client environment for production...[36m[39m
2026-09-22T02:02:54.3390225Z transforming...
2026-09-22T02:02:54.5478826Z ✓ 737 modules transformed.
2026-09-22T02:02:54.6438635Z rendering chunks...
2026-09-22T02:02:54.7853240Z computing gzip size...
2026-09-22T02:02:54.8293904Z dist/index.html                       0.41 kB │ gzip:     0.32 kB
2026-09-22T02:02:54.8295028Z dist/assets/index-Clf_BHiP.css       40.20 kB │ gzip:     8.43 kB
2026-09-22T02:02:54.8296148Z dist/assets/index-DWZ8sK1o.js     1,203.86 kB │ gzip:   267.80 kB
2026-09-22T02:02:54.8297211Z dist/assets/Markdown-C8HTOm0W.js  2,939.32 kB │ gzip: 1,098.70 kB
2026-09-22T02:02:54.8297750Z 
2026-09-22T02:02:54.8298876Z [32m✓ built in 500ms[39m
2026-09-22T02:02:54.8306623Z [33m[plugin builtin:vite-reporter] 
2026-09-22T02:02:54.8307466Z (!) Some chunks are larger than 500 kB after minification. Consider:
2026-09-22T02:02:54.8308063Z - Using dynamic import() to code-split the application
2026-09-22T02:02:54.8308912Z - Use build.rolldownOptions.output.codeSplitting to improve chunking: https://rolldown.rs/reference/OutputOptions.codeSplitting
2026-09-22T02:02:54.8310638Z - Adjust chunk size limit for this warning via build.chunkSizeWarningLimit.[39m
2026-09-22T02:02:54.8578167Z ##[group]Run make test-e2e
2026-09-22T02:02:54.8578458Z [36;1mmake test-e2e[0m
2026-09-22T02:02:54.8635910Z shell: /usr/bin/bash -e {0}
2026-09-22T02:02:54.8636168Z env:
2026-09-22T02:02:54.8636444Z   pythonLocation: /opt/hostedtoolcache/Python/3.12.13/x64
2026-09-22T02:02:54.8636889Z   PKG_CONFIG_PATH: /opt/hostedtoolcache/Python/3.12.13/x64/lib/pkgconfig
2026-09-22T02:02:54.8637334Z   Python_ROOT_DIR: /opt/hostedtoolcache/Python/3.12.13/x64
2026-09-22T02:02:54.8637721Z   Python2_ROOT_DIR: /opt/hostedtoolcache/Python/3.12.13/x64
2026-09-22T02:02:54.8638105Z   Python3_ROOT_DIR: /opt/hostedtoolcache/Python/3.12.13/x64
2026-09-22T02:02:54.8638488Z   LD_LIBRARY_PATH: /opt/hostedtoolcache/Python/3.12.13/x64/lib
2026-09-22T02:02:54.8638955Z   LEARNING_E2E_OUTPUT_DIR: <CI_HOME>/work/_temp/learning-workbench-e2e-results
2026-09-22T02:02:54.8639534Z ##[endgroup]
2026-09-22T02:02:54.8732888Z bash scripts/node.sh npm --prefix apps/web run test:e2e
2026-09-22T02:02:54.9809575Z 
2026-09-22T02:02:54.9810581Z > @learning-workbench/web@0.1.0 test:e2e
2026-09-22T02:02:54.9811435Z > playwright test --config ../../tests/e2e/playwright.config.ts
2026-09-22T02:02:54.9811926Z 
2026-09-22T02:02:57.4900799Z [WebServer] INFO:     Started server process [3254]
2026-09-22T02:02:57.4901879Z [WebServer] INFO:     Waiting for application startup.
2026-09-22T02:02:57.6134870Z [WebServer] INFO:     Application startup complete.
2026-09-22T02:02:57.6136332Z [WebServer] INFO:     Uvicorn running on http://127.0.0.1:8765 (Press CTRL+C to quit)
2026-09-22T02:03:00.8628156Z 
2026-09-22T02:03:00.8628780Z Running 96 tests using 1 worker
2026-09-22T02:03:00.8629315Z 
2026-09-22T02:03:21.5507186Z   ✓   1 ../../tests/e2e/assessment-restart.spec.ts:43:1 › same assessment instance rejects forged course and assessment hashes while its independent policy remains active (20.2s)
2026-09-22T02:03:43.1654937Z   ✓   2 ../../tests/e2e/assessment-restart.spec.ts:112:1 › actual browser and API restarts retain independent drafts and keep old solution receipts protected after submission (21.6s)
2026-09-22T02:03:54.8720937Z   ✓   3 ../../tests/e2e/assessments.spec.ts:41:1 › real unreviewed independent assessment saves five types and submits without fabricated grades or answer calls (11.7s)
2026-09-22T02:04:08.6481283Z   ✓   4 ../../tests/e2e/assessments.spec.ts:90:1 › open-book and assisted freeze actual policies; explicit abandon retains saved answers and yields no score (13.8s)
2026-09-22T02:04:22.5516549Z   ✓   5 ../../tests/e2e/assessments.spec.ts:109:1 › two profiles retain a real server CAS conflict with three-way comparison and reject forged same-identity parent (13.7s)
2026-09-22T02:04:29.9230891Z   ✓   6 ../../tests/e2e/assessments.spec.ts:138:1 › missing private binding visibly blocks start instead of fabricating a usable test (7.4s)
2026-09-22T02:04:46.7263612Z   ✓   7 ../../tests/e2e/assessments.spec.ts:145:1 › two pages preserve independent local CAS candidates; a later submitted snapshot never accepts restored edits (16.8s)
2026-09-22T02:04:58.9570676Z   ✓   8 ../../tests/e2e/assessments.spec.ts:251:1 › late redacted Workbench save uses its original ETag and retains hidden selection after explicit three-way choice (12.2s)
2026-09-22T02:05:10.5158639Z   ✓   9 ../../tests/e2e/assessments.spec.ts:295:1 › a genuine solution response held in flight cannot appear after another page starts an open-book assessment (11.6s)
2026-09-22T02:05:16.6841907Z   ✓  10 ../../tests/e2e/authoring.spec.ts:80:1 › actual Authoring preparation diagnoses missing proof without dispatch and learner can recover safe cancellation (6.1s)
2026-09-22T02:05:30.3581146Z   ✓  11 ../../tests/e2e/authoring.spec.ts:110:1 › explicit same-Job loopback grant creates a draft and numeric preview needs its own decision (13.7s)
2026-09-22T02:05:37.5174207Z 
2026-09-22T02:05:37.5176081Z   ✓  12 ../../tests/e2e/document-imports.spec.ts:87:1 › real two-page PDF keeps exact page citations, guarded original bytes and explicit fidelity approval (7.1s)
2026-09-22T02:05:43.2432585Z 
2026-09-22T02:05:43.2551612Z   ✓  13 ../../tests/e2e/document-imports.spec.ts:127:1 › real DOCX safe text stays readable for learner while original bytes require an explicit author role (5.7s)
2026-09-22T02:05:49.3800466Z 
2026-09-22T02:05:49.3819917Z   ✓  14 ../../tests/e2e/document-imports.spec.ts:202:1 › a real scanned PDF fails without invented text or OCR and its local original is checked explicitly after reload (6.1s)
2026-09-22T02:05:54.9629785Z 
2026-09-22T02:05:54.9652072Z   ✓  15 ../../tests/e2e/document-imports.spec.ts:236:3 › real encrypted.pdf extraction failure remains blocked and preserves its original hash (5.6s)
2026-09-22T02:05:58.6357905Z 
2026-09-22T02:05:58.6392698Z   ✓  16 ../../tests/e2e/document-imports.spec.ts:236:3 › real malformed.docx extraction failure remains blocked and preserves its original hash (3.6s)
2026-09-22T02:06:06.7583837Z   ✘  17 ../../tests/e2e/grading-recovery.spec.ts:57:1 › a real failed regrade survives reload and can recover from the last actual grade without losing the old submission (8.0s)
2026-09-22T02:06:25.2873127Z   ✓  18 ../../tests/e2e/grading-restart.spec.ts:50:1 › real browser and API restarts preserve the submitted answers, signed review and both grading revisions (18.0s)
2026-09-22T02:06:40.7894727Z   ✓  19 ../../tests/e2e/grading.spec.ts:34:1 › unreviewed original content stays null until an explicit author form creates a signed new grade without altering its reference approval (15.5s)
2026-09-22T02:06:57.4432197Z   ✓  20 ../../tests/e2e/grading.spec.ts:66:1 › two browser profiles keep a stale manual-review baseline through an actual 412 before explicit three-way rebase (16.4s)
2026-09-22T02:07:10.5143702Z   ✓  21 ../../tests/e2e/grading.spec.ts:81:1 › a failed manual request preserves its durable exact command and editable author draft after browser reload (13.1s)
2026-09-22T02:07:13.4131211Z   ✓  22 ../../tests/e2e/import-admission.spec.ts:8:1 › import admission waits for real Policy after UI saved and never replays a rejected click (2.9s)
2026-09-22T02:07:25.8698166Z   ✓  23 ../../tests/e2e/import-admission.spec.ts:65:1 › real independent Policy preserves an open import selection and restores only explicit admission (12.4s)
2026-09-22T02:07:36.7688621Z   ✓  24 ../../tests/e2e/imports-policy.spec.ts:11:1 › an open author import retains its task across independent start and submit but rechecks pending-answer protection before restoring content (10.9s)
2026-09-22T02:07:43.5652235Z   ✓  25 ../../tests/e2e/imports-policy.spec.ts:61:1 › a reselected failed original survives a role-policy pause in memory while decoded text must be checked again (6.8s)
2026-09-22T02:07:49.4292569Z   ✓  26 ../../tests/e2e/imports.spec.ts:111:1 › real Markdown upload stays staged, previews and downloads exact bytes, restores and commits exact course refs (5.8s)
2026-09-22T02:07:53.7646370Z   ✓  27 ../../tests/e2e/imports.spec.ts:190:1 › safe HTML warning requires explicit acceptance and native cancel leaves courses untouched (4.3s)
2026-09-22T02:07:59.5919136Z   ✓  28 ../../tests/e2e/imports.spec.ts:218:1 › UTF-8 text can target a real existing course and creates a newer exact revision (5.8s)
2026-09-22T02:08:03.4700126Z   ✓  29 ../../tests/e2e/imports.spec.ts:234:1 › upload request failure keeps the selected file; preview failure keeps the recovery ID and explicit retry works (3.9s)
2026-09-22T02:08:08.7633532Z 
2026-09-22T02:08:08.7652054Z   ✓  30 ../../tests/e2e/imports.spec.ts:254:1 › author package requires explicit role change and clears the private preview after returning to learner (5.3s)
2026-09-22T02:08:12.6653243Z   ✓  31 ../../tests/e2e/imports.spec.ts:290:1 › a real invalid UTF-8 parse shows a blocking error and cannot be confirmed (3.9s)
2026-09-22T02:08:19.5060038Z 
2026-09-22T02:08:19.5063824Z   ✓  32 ../../tests/e2e/imports.spec.ts:311:1 › local encoding choice preserves the failed original and creates a separately confirmed UTF-8 import (6.8s)
2026-09-22T02:08:25.3198118Z 
2026-09-22T02:08:25.3205340Z   ✓  33 ../../tests/e2e/imports.spec.ts:379:1 › deferred author preview and original responses cannot restore content after the role is lowered (5.8s)
2026-09-22T02:08:44.0333746Z   ✓  34 ../../tests/e2e/learning-state-restart.spec.ts:47:1 › actual browser and API restarts preserve profile candidates, exact route overrides and original reading sources (18.7s)
2026-09-22T02:08:52.3224591Z   ✓  35 ../../tests/e2e/learning-state.spec.ts:12:1 › real self-report persists a lost-ACK command once and never creates independent evidence (8.3s)
2026-09-22T02:09:04.3581616Z   ✓  36 ../../tests/e2e/learning-state.spec.ts:30:1 › actual unreviewed submission stays excluded and its precise sources disappear when another page starts independent work (12.0s)
2026-09-22T02:09:09.8621850Z   ✓  37 ../../tests/e2e/learning-state.spec.ts:45:1 › a quota-failed profile remains mounted when a global command tries to leave it (5.5s)
2026-09-22T02:09:18.4802025Z   ✓  38 ../../tests/e2e/notes-lifecycle.spec.ts:32:1 › a concurrent note move to another block remains recoverable by stable note ID after a real 412 (8.6s)
2026-09-22T02:09:26.9014460Z   ✓  39 ../../tests/e2e/notes-lifecycle.spec.ts:64:1 › soft deleting a server note preserves its unsynced local continuation for explicit recovery (8.4s)
2026-09-22T02:09:37.1427485Z   ✓  40 ../../tests/e2e/practice-restart.spec.ts:20:1 › same practice tab identity rejects changed frozen parent or child hashes and preserves the original session (10.2s)
2026-09-22T02:09:52.5907921Z   ✓  41 ../../tests/e2e/practice-restart.spec.ts:66:1 › actual browser close and API restart retain practice identity, exposure and an unsynced local response (15.4s)
2026-09-22T02:10:03.3022435Z   ✓  42 ../../tests/e2e/practice.spec.ts:26:1 › five real question kinds save and refresh; hints and solutions require explicit exposure; submit is ungraded (10.7s)
2026-09-22T02:10:14.3016551Z   ✓  43 ../../tests/e2e/practice.spec.ts:87:1 › offline recovery keeps the local candidate when session GET was also unavailable and reconnect compares its base (11.0s)
2026-09-22T02:10:27.0341140Z   ✓  44 ../../tests/e2e/practice.spec.ts:113:1 › two real browser profiles produce a server CAS conflict with base local and remote before explicit choice (12.7s)
2026-09-22T02:10:34.7261946Z   ✓  45 ../../tests/e2e/practice.spec.ts:138:1 › missing private solution fails closed and a forged same-identity parent never replaces the existing practice tab (7.7s)
2026-09-22T02:10:49.7216144Z   ✓  46 ../../tests/e2e/practice.spec.ts:159:1 › two pages keep their durable local candidates and closing an unsynced practice requires explicit retention (15.0s)
2026-09-22T02:10:56.3935415Z   ✓  47 ../../tests/e2e/provider-settings.spec.ts:53:1 › real settings persist control configuration and temporary secrets without claiming production generation (6.6s)
2026-09-22T02:11:05.7355640Z   ✓  48 ../../tests/e2e/provider-settings.spec.ts:84:1 › real config lost ACK restores the original command after browser/API restart and reads later current state separately (9.3s)
2026-09-22T02:11:15.1630124Z   ✓  49 ../../tests/e2e/provider-settings.spec.ts:112:1 › actual independent assessment policy keeps settings controls available and denies subject consent reads (9.4s)
2026-09-22T02:11:20.4716508Z   ✓  50 ../../tests/e2e/provider-settings.spec.ts:142:41 › secret controls use an actual newer readback while the parent refresh is held; peer change false (5.3s)
2026-09-22T02:11:26.0265292Z   ✓  51 ../../tests/e2e/provider-settings.spec.ts:142:41 › secret controls use an actual newer readback while the parent refresh is held; peer change true (5.5s)
2026-09-22T02:11:38.2682015Z   ✓  52 ../../tests/e2e/reader-conflict-layout.spec.ts:97:1 › real session conflict preserves the scrolled submitted explanation and requires an explicit comparison choice (12.2s)
2026-09-22T02:11:48.6763721Z   ✓  53 ../../tests/e2e/reader-conflict-layout.spec.ts:178:1 › real session conflict keeps the same enabled assessment input focused and visible in the shortened reader (10.4s)
2026-09-22T02:12:02.9226979Z   ✓  54 ../../tests/e2e/reader-restart.spec.ts:13:1 › actual browser close and API process restart retain imported references, notes, progress and Reader position (14.2s)
2026-09-22T02:12:10.8477498Z   ✓  55 ../../tests/e2e/reader.spec.ts:33:1 › real imported directory, title search, worked-example link, long formula and frozen original download (7.9s)
2026-09-22T02:12:18.4031663Z   ✓  56 ../../tests/e2e/reader.spec.ts:67:1 › second repeated rendered selection preserves exact source codepoints, saves note, edits and soft deletes (7.5s)
2026-09-22T02:12:25.5676121Z   ✓  57 ../../tests/e2e/reader.spec.ts:98:1 › native source keyboard selection creates exact Markdown codepoints without rendered-text guessing (7.1s)
2026-09-22T02:12:35.2841667Z   ✓  58 ../../tests/e2e/reader.spec.ts:123:1 › offline local note recovery and a real concurrent server revision show three-way comparison before CAS save (9.7s)
2026-09-22T02:12:46.2961959Z   ✓  59 ../../tests/e2e/reader.spec.ts:171:1 › historical course revisions stay in separate exact tabs and hash-mismatched links preserve unresolved reference (11.0s)
2026-09-22T02:12:57.9834881Z 
2026-09-22T02:12:57.9862113Z   ✓  60 ../../tests/e2e/reader.spec.ts:209:1 › a private original authorized before a cross-profile role decrease cannot trigger a late browser download (11.7s)
2026-09-22T02:13:11.9910311Z   ✓  61 ../../tests/e2e/recommendations.spec.ts:56:1 › real recommendation decisions recover a lost ACK across browser and API restart without rewriting later decisions or learning facts (14.0s)
2026-09-22T02:13:24.1931460Z   ✓  62 ../../tests/e2e/recommendations.spec.ts:90:1 › real local suggestions cover another imported textbook and open its complete original refs independently of acceptance (12.2s)
2026-09-22T02:13:36.7912332Z   ✓  63 ../../tests/e2e/recommendations.spec.ts:110:1 › real offline and stale decision candidates require explicit 412 correction and current independent policy hides delayed subject sources (12.6s)
2026-09-22T02:13:46.9423170Z   ✓  64 ../../tests/e2e/recommendations.spec.ts:151:1 › a controlled archived fixture makes the real historical recommendation stale and its formerly current UI cannot open the old target (10.1s)
2026-09-22T02:13:57.5731142Z   ✓  65 ../../tests/e2e/responsive-layout.spec.ts:43:1 › narrow layout and submitted explanation remain visible before React resize listeners run (10.6s)
2026-09-22T02:14:27.2819089Z   ✓  66 ../../tests/e2e/retrieval.spec.ts:47:1 › real explicit cold scope, original rebuild Job, complete hits/no match/resource omission and unchanged historical scope (29.7s)
2026-09-22T02:14:46.4481518Z   ✓  67 ../../tests/e2e/review.spec.ts:35:1 › real history and exact material review preserve original submitted text, null scores and a selected old revision after reload (19.1s)
2026-09-22T02:15:00.8087658Z   ✓  68 ../../tests/e2e/review.spec.ts:76:1 › a delayed old review response cannot restore history or academic context after another page starts a real independent attempt (14.3s)
2026-09-22T02:15:05.2169993Z   ✓  69 ../../tests/e2e/route-draft-input.spec.ts:9:60 › native route goal input survives its own initial draft save_first delivery after focus (4.4s)
2026-09-22T02:15:09.5817563Z   ✓  70 ../../tests/e2e/route-draft-input.spec.ts:9:60 › native route goal input survives its own initial draft load_first delivery after focus (4.4s)
2026-09-22T02:15:18.1803634Z   ✓  71 ../../tests/e2e/routes.spec.ts:10:1 › real route creation, reminder, manual false, reordered revision and exact target navigation preserve history (8.6s)
2026-09-22T02:15:23.9169060Z   ✓  72 ../../tests/e2e/tutor-diagnostic.spec.ts:5:1 › diagnostic retains the original five-second failure and a completed peer read without collecting private text (5.7s)
2026-09-22T02:15:36.1475309Z   ✓  73 ../../tests/e2e/tutor.spec.ts:19:1 › real Tutor thread and prepared Run recover, diagnose missing proof and cancel without a model call (12.2s)
2026-09-22T02:15:56.1049967Z   ✓  74 ../../tests/e2e/tutor.spec.ts:78:1 › lost Run ACK replays original bytes and cross-page open-book hides academic content while retaining cancellation (19.9s)
2026-09-22T02:16:12.6288766Z   ✘  75 ../../tests/e2e/tutor.spec.ts:148:1 › explicit same-Run consent uses the real loopback protocol and restores raw answer without upgrading evidence (16.4s)
2026-09-22T02:16:18.7623391Z   ✓  76 ../../tests/e2e/workbench-initial-recovery.spec.ts:6:3 › initial workbench recovery keeps the saved lesson and waits for the real session at 1440px (5.4s)
2026-09-22T02:16:24.3452256Z   ✓  77 ../../tests/e2e/workbench-initial-recovery.spec.ts:6:3 › initial workbench recovery keeps the saved lesson and waits for the real session at 390px (5.6s)
2026-09-22T02:16:26.9943263Z   ✓  78 ../../tests/e2e/workbench.spec.ts:5:1 › empty workspace, native bootstrap, four fixed navigation and truthful auxiliary states (2.6s)
2026-09-22T02:16:31.1164600Z   ✓  79 ../../tests/e2e/workbench.spec.ts:22:1 › real keyboard and mouse resize, native drawers, focus return and restored layout (4.1s)
2026-09-22T02:16:36.0620328Z   ✓  80 ../../tests/e2e/workbench.spec.ts:43:1 › object drafts survive preview switches, close choice and browser reload without fake sending (4.9s)
2026-09-22T02:16:44.6722308Z   ✓  81 ../../tests/e2e/workbench.spec.ts:60:1 › server CAS conflict is visible, local object drafts survive and explicit readback recovers (8.6s)
2026-09-22T02:16:50.1111993Z   ✓  82 ../../tests/e2e/workbench.spec.ts:73:1 › offline pending UI is restored after actual connection recovery (5.4s)
2026-09-22T02:16:53.7817785Z   ✓  83 ../../tests/e2e/workbench.spec.ts:85:1 › actual MathJax, no runtime errors, long formula local scrolling, all screenshot sizes (3.7s)
2026-09-22T02:17:01.4564965Z   ✓  84 ../../tests/e2e/workbench.spec.ts:112:1 › two browser pages keep drafts for different objects in native IndexedDB (7.7s)
2026-09-22T02:17:05.0374608Z   ✓  85 ../../tests/e2e/workbench.spec.ts:130:1 › exact reference mismatch stays unresolved and preserves the original snapshot (3.6s)
2026-09-22T02:17:10.5015453Z   ✓  86 ../../tests/e2e/workbench.spec.ts:147:1 › cold lazy renderer restores saved reading offset after the content is ready (5.4s)
2026-09-22T02:17:19.0956992Z   ✓  87 ../../tests/e2e/workbench.spec.ts:167:1 › native concurrent same-object transactions preserve both candidates and expose explicit recovery (8.6s)
2026-09-22T02:17:24.4923662Z   ✓  88 ../../tests/e2e/workbench.spec.ts:200:1 › directory history restores the current course and navigation entry (5.4s)
2026-09-22T02:17:28.5627505Z   ✓  89 ../../tests/e2e/workbench.spec.ts:212:1 › UI cache quota failure stays visibly unsaved until the real server acknowledges (4.1s)
2026-09-22T02:17:33.0966887Z   ✓  90 ../../tests/e2e/workbench.spec.ts:229:1 › offline UI candidates from two pages remain separate on reload (4.5s)
2026-09-22T02:17:39.8381978Z   ✓  91 ../../tests/e2e/workbench.spec.ts:250:1 › quota-only memory candidate with a changed server baseline shows three-way comparison before explicit CAS (6.7s)
2026-09-22T02:17:46.3577149Z   ✓  92 ../../tests/e2e/workbench.spec.ts:283:1 › per-object details and focus survive A to B to A and browser reload after lazy content readiness (6.5s)
2026-09-22T02:17:50.5915192Z   ✓  93 ../../tests/e2e/workbench.spec.ts:302:1 › first unsent-draft conflict shows original, local and stored text before any reload or choice (4.2s)
2026-09-22T02:17:55.9216930Z   ✓  94 ../../tests/e2e/workbench.spec.ts:332:1 › route directory stays honestly empty and continue reading restores the exact last lesson (5.3s)
2026-09-22T02:17:59.9524606Z   ✓  95 ../../tests/e2e/workbench.spec.ts:354:1 › native keyboard selection updates frozen-reference preview and ambiguous source matches are refused (4.0s)
2026-09-22T02:18:06.4534484Z   ✓  96 ../../tests/e2e/zoom.spec.ts:5:1 › real browser 200 percent zoom reflows CSS width through Chrome appearance setting (6.5s)
2026-09-22T02:18:06.5908720Z 
2026-09-22T02:18:06.5915848Z 
2026-09-22T02:18:06.5926093Z   1) ../../tests/e2e/grading-recovery.spec.ts:57:1 › a real failed regrade survives reload and can recover from the last actual grade without losing the old submission 
2026-09-22T02:18:06.5927273Z 
2026-09-22T02:18:06.5928128Z     Error: expect(received).toBe(expected) // Object.is equality
2026-09-22T02:18:06.5928612Z 
2026-09-22T02:18:06.5928722Z     Expected: 200
2026-09-22T02:18:06.5928952Z     Received: 409
2026-09-22T02:18:06.5929075Z 
2026-09-22T02:18:06.5929756Z       39 |     const response = await page.request.get(`/api/v1/attempts/${id}/result`)
2026-09-22T02:18:06.5930628Z       40 |     if (response.status() === 202) return 0
2026-09-22T02:18:06.5931250Z     > 41 |     expect(response.status()).toBe(200)
2026-09-22T02:18:06.5931816Z          |                               ^
2026-09-22T02:18:06.5932350Z       42 |     value = await response.json()
2026-09-22T02:18:06.5932926Z       43 |     return value!.grading_revision
2026-09-22T02:18:06.5933449Z       44 |   }).toBe(revision)
2026-09-22T02:18:06.5934389Z         at <CI_HOME>/work/Learning_Workbench/Learning_Workbench/tests/e2e/grading-recovery.spec.ts:41:31
2026-09-22T02:18:06.5935253Z         at result (<CI_HOME>/work/Learning_Workbench/Learning_Workbench/tests/e2e/grading-recovery.spec.ts:38:3)
2026-09-22T02:18:06.5936275Z         at <CI_HOME>/work/Learning_Workbench/Learning_Workbench/tests/e2e/grading-recovery.spec.ts:79:22
2026-09-22T02:18:06.5936695Z 
2026-09-22T02:18:06.5937206Z     attachment #1: screenshot (image/png) ──────────────────────────────────────────────────────────
2026-09-22T02:18:06.5938130Z     ../../../../_temp/learning-workbench-e2e-results/grading-recovery-a-real-fa-8007b-t-losing-the-old-submission/test-failed-1.png
2026-09-22T02:18:06.5940409Z     ────────────────────────────────────────────────────────────────────────────────────────────────
2026-09-22T02:18:06.5940720Z 
2026-09-22T02:18:06.5941298Z     Error Context: ../../../../_temp/learning-workbench-e2e-results/grading-recovery-a-real-fa-8007b-t-losing-the-old-submission/error-context.md
2026-09-22T02:18:06.5941944Z 
2026-09-22T02:18:06.5942634Z   2) ../../tests/e2e/tutor.spec.ts:148:1 › explicit same-Run consent uses the real loopback protocol and restores raw answer without upgrading evidence 
2026-09-22T02:18:06.5943300Z 
2026-09-22T02:18:06.5943570Z     Error: expect(locator).toBeVisible() failed
2026-09-22T02:18:06.5943790Z 
2026-09-22T02:18:06.5944394Z     Locator: getByRole('region', { name: '真实问答线程与任务', exact: true }).getByRole('heading', { name: '真实任务状态：completed', exact: true })
2026-09-22T02:18:06.5944938Z     Expected: visible
2026-09-22T02:18:06.5945171Z     Timeout: 5000ms
2026-09-22T02:18:06.5945423Z     Error: element(s) not found
2026-09-22T02:18:06.5945584Z 
2026-09-22T02:18:06.5945670Z     Call log:
2026-09-22T02:18:06.5946457Z       - Expect "toBeVisible" getByRole('region', { name: '真实问答线程与任务', exact: true }).getByRole('heading', { name: '真实任务状态：completed', exact: true }) with timeout 5000ms
2026-09-22T02:18:06.5947538Z       - waiting for getByRole('region', { name: '真实问答线程与任务', exact: true }).getByRole('heading', { name: '真实任务状态：completed', exact: true })
2026-09-22T02:18:06.5948238Z 
2026-09-22T02:18:06.5948244Z 
2026-09-22T02:18:06.5948631Z       193 |     await tutor.getByRole('button', { name: '确认发送批准授权', exact: true }).click()
2026-09-22T02:18:06.5949122Z       194 |     await diagnostic.around(info, async () => {
2026-09-22T02:18:06.5950616Z     > 195 |       await expect(tutor.getByRole('heading', { name: '真实任务状态：completed', exact: true })).toBeVisible()
2026-09-22T02:18:06.5951806Z           |                                                                                           ^
2026-09-22T02:18:06.5952545Z       196 |     })
2026-09-22T02:18:06.5953333Z       197 |     const complete: TutorRunView = await page.request.get(`/api/v1/runs/${ack.run.id}`).then(value => value.json())
2026-09-22T02:18:06.5954674Z       198 |     expect(complete.run.id).toBe(ack.run.id); expect(complete.run.thread_id).toBe(thread.id)
2026-09-22T02:18:06.5956019Z         at assertion (<CI_HOME>/work/Learning_Workbench/Learning_Workbench/tests/e2e/tutor.spec.ts:195:91)
2026-09-22T02:18:06.5957749Z         at Object.around (<CI_HOME>/work/Learning_Workbench/Learning_Workbench/tests/e2e/tutorDiagnostic.ts:113:19)
2026-09-22T02:18:06.5959476Z         at <CI_HOME>/work/Learning_Workbench/Learning_Workbench/tests/e2e/tutor.spec.ts:194:22
2026-09-22T02:18:06.5959915Z 
2026-09-22T02:18:06.5960485Z     attachment #1: tutor-completion-diagnostic (application/json) ──────────────────────────────────
2026-09-22T02:18:06.5961722Z     ../../../../_temp/learning-workbench-e2e-results/tutor-explicit-same-Run-co-e37c7--without-upgrading-evidence/attachments/tutor-completion-diagnostic-8802754c8102e8746b82007836a5b96c1ecaac4c.json
2026-09-22T02:18:06.5962884Z     ────────────────────────────────────────────────────────────────────────────────────────────────
2026-09-22T02:18:06.5963174Z 
2026-09-22T02:18:06.5963565Z     attachment #2: screenshot (image/png) ──────────────────────────────────────────────────────────
2026-09-22T02:18:06.5964413Z     ../../../../_temp/learning-workbench-e2e-results/tutor-explicit-same-Run-co-e37c7--without-upgrading-evidence/test-failed-1.png
2026-09-22T02:18:06.5965322Z     ────────────────────────────────────────────────────────────────────────────────────────────────
2026-09-22T02:18:06.5965605Z 
2026-09-22T02:18:06.5966154Z     Error Context: ../../../../_temp/learning-workbench-e2e-results/tutor-explicit-same-Run-co-e37c7--without-upgrading-evidence/error-context.md
2026-09-22T02:18:06.5966713Z 
2026-09-22T02:18:06.5966802Z   2 failed
2026-09-22T02:18:06.5967591Z     ../../tests/e2e/grading-recovery.spec.ts:57:1 › a real failed regrade survives reload and can recover from the last actual grade without losing the old submission 
2026-09-22T02:18:06.5968787Z     ../../tests/e2e/tutor.spec.ts:148:1 › explicit same-Run consent uses the real loopback protocol and restores raw answer without upgrading evidence 
2026-09-22T02:18:06.5969763Z   94 passed (15.2m)
2026-09-22T02:18:06.6203577Z make: *** [Makefile:32: test-e2e] Error 1
2026-09-22T02:18:06.6221791Z ##[error]Process completed with exit code 2.
2026-09-22T02:18:06.6311884Z ##[group]Run actions/upload-artifact@043fb46d1a93c77aae656e7c1c64a875d1fc6a0a
2026-09-22T02:18:06.6312322Z with:
2026-09-22T02:18:06.6312559Z   name: browser-failure-push-35677956691-1
2026-09-22T02:18:06.6313928Z   path: <CI_HOME>/work/_temp/learning-workbench-e2e-results/**/error-context.md
<CI_HOME>/work/_temp/learning-workbench-e2e-results/**/test-failed*.png
<CI_HOME>/work/_temp/learning-workbench-e2e-results/**/reader-load-diagnostic.json
<CI_HOME>/work/_temp/learning-workbench-e2e-results/**/tutor-completion-diagnostic.json

2026-09-22T02:18:06.6315260Z   retention-days: 3
2026-09-22T02:18:06.6315476Z   if-no-files-found: warn
2026-09-22T02:18:06.6315711Z   include-hidden-files: false
2026-09-22T02:18:06.6315951Z   compression-level: 6
2026-09-22T02:18:06.6316169Z   overwrite: false
2026-09-22T02:18:06.6316379Z   archive: true
2026-09-22T02:18:06.6316568Z env:
2026-09-22T02:18:06.6316819Z   pythonLocation: /opt/hostedtoolcache/Python/3.12.13/x64
2026-09-22T02:18:06.6317265Z   PKG_CONFIG_PATH: /opt/hostedtoolcache/Python/3.12.13/x64/lib/pkgconfig
2026-09-22T02:18:06.6317702Z   Python_ROOT_DIR: /opt/hostedtoolcache/Python/3.12.13/x64
2026-09-22T02:18:06.6318080Z   Python2_ROOT_DIR: /opt/hostedtoolcache/Python/3.12.13/x64
2026-09-22T02:18:06.6318455Z   Python3_ROOT_DIR: /opt/hostedtoolcache/Python/3.12.13/x64
2026-09-22T02:18:06.6318836Z   LD_LIBRARY_PATH: /opt/hostedtoolcache/Python/3.12.13/x64/lib
2026-09-22T02:18:06.6319431Z ##[endgroup]
2026-09-22T02:18:06.8120706Z With the provided path, there will be 6 files uploaded
2026-09-22T02:18:06.8121884Z Artifact name is valid!
2026-09-22T02:18:06.8122716Z Root directory input is valid!
2026-09-22T02:18:07.0284308Z Uploading artifact: browser-failure-push-35677956691-1.zip
2026-09-22T02:18:07.0331566Z Beginning upload of artifact content to blob storage
2026-09-22T02:18:07.2222183Z Uploaded bytes 446146
2026-09-22T02:18:07.2404632Z Finished uploading artifact content to blob storage!
2026-09-22T02:18:07.2408972Z SHA256 digest of uploaded artifact is d51647566df4bf64eb0a903fa8342950c511ecac5908b0d57ad295412768c570
2026-09-22T02:18:07.2410304Z Finalizing artifact upload
2026-09-22T02:18:07.4527264Z Artifact browser-failure-push-35677956691-1 successfully finalized. Artifact ID 10673049890
2026-09-22T02:18:07.4528387Z Artifact browser-failure-push-35677956691-1 has been successfully uploaded! Final size is 446146 bytes. Artifact ID is 10673049890
2026-09-22T02:18:07.4533099Z Artifact download URL: https://github.com/kl3574/Learning_Workbench/actions/runs/35677956691/artifacts/10673049890
2026-09-22T02:18:07.4747850Z Post job cleanup.
2026-09-22T02:18:07.5591770Z [command]/usr/bin/git version
2026-09-22T02:18:07.5648143Z git version 2.55.0
2026-09-22T02:18:07.5686936Z Temporarily overriding HOME='<CI_HOME>/work/_temp/bacc6b6c-5c22-4d7c-aa1d-010d51c83100' before making global git config changes
2026-09-22T02:18:07.5688565Z Adding repository directory to the temporary git global config as a safe directory
2026-09-22T02:18:07.5693673Z [command]/usr/bin/git config --global --add safe.directory <CI_HOME>/work/Learning_Workbench/Learning_Workbench
2026-09-22T02:18:07.5730412Z Removing SSH command configuration
2026-09-22T02:18:07.5736925Z [command]/usr/bin/git config --local --name-only --get-regexp core\.sshCommand
2026-09-22T02:18:07.5776981Z [command]/usr/bin/git submodule foreach --recursive sh -c "git config --local --name-only --get-regexp 'core\.sshCommand' && git config --local --unset-all 'core.sshCommand' || :"
2026-09-22T02:18:07.6109083Z Removing HTTP extra header
2026-09-22T02:18:07.6111483Z [command]/usr/bin/git config --local --name-only --get-regexp http\.https\:\/\/github\.com\/\.extraheader
2026-09-22T02:18:07.6163206Z [command]/usr/bin/git submodule foreach --recursive sh -c "git config --local --name-only --get-regexp 'http\.https\:\/\/github\.com\/\.extraheader' && git config --local --unset-all 'http.https://github.com/.extraheader' || :"
2026-09-22T02:18:07.6489642Z Removing includeIf entries pointing to credentials config files
2026-09-22T02:18:07.6497593Z [command]/usr/bin/git config --local --name-only --get-regexp ^includeIf\.gitdir:
2026-09-22T02:18:07.6527883Z includeif.gitdir:<CI_HOME>/work/Learning_Workbench/Learning_Workbench/.git.path
2026-09-22T02:18:07.6529794Z includeif.gitdir:<CI_HOME>/work/Learning_Workbench/Learning_Workbench/.git/worktrees/*.path
2026-09-22T02:18:07.6531154Z includeif.gitdir:/github/workspace/.git.path
2026-09-22T02:18:07.6532450Z includeif.gitdir:/github/workspace/.git/worktrees/*.path
2026-09-22T02:18:07.6538301Z [command]/usr/bin/git config --local --get-all includeif.gitdir:<CI_HOME>/work/Learning_Workbench/Learning_Workbench/.git.path
2026-09-22T02:18:07.6569106Z <CI_HOME>/work/_temp/git-credentials-d6d78a5e-a272-4fed-9d46-eb879c77ae0d.config
2026-09-22T02:18:07.6582047Z [command]/usr/bin/git config --local --unset includeif.gitdir:<CI_HOME>/work/Learning_Workbench/Learning_Workbench/.git.path \/home\/runner\/work\/_temp\/git\-credentials\-d6d78a5e\-a272\-4fed\-9d46\-eb879c77ae0d\.config
2026-09-22T02:18:07.6624104Z [command]/usr/bin/git config --local --get-all includeif.gitdir:<CI_HOME>/work/Learning_Workbench/Learning_Workbench/.git/worktrees/*.path
2026-09-22T02:18:07.6653065Z <CI_HOME>/work/_temp/git-credentials-d6d78a5e-a272-4fed-9d46-eb879c77ae0d.config
2026-09-22T02:18:07.6672137Z [command]/usr/bin/git config --local --unset includeif.gitdir:<CI_HOME>/work/Learning_Workbench/Learning_Workbench/.git/worktrees/*.path \/home\/runner\/work\/_temp\/git\-credentials\-d6d78a5e\-a272\-4fed\-9d46\-eb879c77ae0d\.config
2026-09-22T02:18:07.6712099Z [command]/usr/bin/git config --local --get-all includeif.gitdir:/github/workspace/.git.path
2026-09-22T02:18:07.6738689Z /github/runner_temp/git-credentials-d6d78a5e-a272-4fed-9d46-eb879c77ae0d.config
2026-09-22T02:18:07.6748594Z [command]/usr/bin/git config --local --unset includeif.gitdir:/github/workspace/.git.path \/github\/runner_temp\/git\-credentials\-d6d78a5e\-a272\-4fed\-9d46\-eb879c77ae0d\.config
2026-09-22T02:18:07.6785965Z [command]/usr/bin/git config --local --get-all includeif.gitdir:/github/workspace/.git/worktrees/*.path
2026-09-22T02:18:07.6812945Z /github/runner_temp/git-credentials-d6d78a5e-a272-4fed-9d46-eb879c77ae0d.config
2026-09-22T02:18:07.6822227Z [command]/usr/bin/git config --local --unset includeif.gitdir:/github/workspace/.git/worktrees/*.path \/github\/runner_temp\/git\-credentials\-d6d78a5e\-a272\-4fed\-9d46\-eb879c77ae0d\.config
2026-09-22T02:18:07.6861410Z [command]/usr/bin/git submodule foreach --recursive git config --local --show-origin --name-only --get-regexp remote.origin.url
2026-09-22T02:18:07.7161255Z Removing credentials config '<CI_HOME>/work/_temp/git-credentials-d6d78a5e-a272-4fed-9d46-eb879c77ae0d.config'
2026-09-22T02:18:07.7312388Z Cleaning up orphan processes
