
> @learning-workbench/web@0.1.0 test
> vitest run src/api/sessionAccess.test.ts src/features/evidenceApplicability/sessionTransition.test.tsx


 RUN  v5.0.0 $HOME/.cache/learning-workbench-acceptance/m62-evidence-applicability-role-race-oct02/apps/web

 ❯ src/api/sessionAccess.test.ts (8 tests | 7 failed) 14ms
   × a fresh session cannot be admitted during a pending role change to author 6ms
   × a fresh session cannot be admitted during a pending role change to learner 1ms
   × two pending access mutations keep session reads fenced while safe job controls remain usable 1ms
   × failed network mutation releases the fence and requires an actual fresh session response 1ms
   × failed abort mutation releases the fence and requires an actual fresh session response 1ms
   × failed http mutation releases the fence and requires an actual fresh session response 1ms
   × bootstrap can settle while simultaneous session readers wait, then the first role operation proceeds 3ms
 ❯ src/features/evidenceApplicability/sessionTransition.test.tsx (2 tests | 1 failed) 80ms
   × mounted and newly opened applicability owners remain hidden during a real client role mutation and retain original ACK memory 74ms

⎯⎯⎯⎯⎯⎯⎯ Failed Tests 8 ⎯⎯⎯⎯⎯⎯⎯

 FAIL  src/api/sessionAccess.test.ts > a fresh session cannot be admitted during a pending role change to author
 FAIL  src/api/sessionAccess.test.ts > a fresh session cannot be admitted during a pending role change to learner
AssertionError: expected 1 to be +0 // Object.is equality

- Expected
+ Received

- 0
+ 1

 ❯ src/api/sessionAccess.test.ts:11:73
      9|   const mutation = request('POST /api/v1/session/role', { role }, { 'I…
     10|   const read = request('GET /api/v1/session', undefined)
     11|   try { await Promise.resolve(); await Promise.resolve(); expect(reads…
       |                                                                         ^
     12|   finally { gate.resolve(response(role)); await mutation; await read }
     13|   expect(reads).toBe(1); expect((await read).role).toBe(role)

⎯⎯⎯⎯⎯⎯⎯⎯⎯⎯⎯⎯⎯⎯⎯⎯⎯⎯⎯⎯⎯⎯⎯⎯[1/8]⎯

 FAIL  src/api/sessionAccess.test.ts > two pending access mutations keep session reads fenced while safe job controls remain usable
AssertionError: expected 1 to be +0 // Object.is equality

- Expected
+ Received

- 0
+ 1

 ❯ src/api/sessionAccess.test.ts:28:65
     26|     expect((await request('GET /api/v1/jobs/{id}', undefined, undefine…
     27|     await request('POST /api/v1/jobs/{id}/cancel', { expected_revision…
     28|     first.resolve(response('author')); await one; expect(reads).toBe(0)
       |                                                                 ^
     29|   } finally { first.resolve(response('author')); second.resolve(respon…
     30|   expect(reads).toBe(1)

⎯⎯⎯⎯⎯⎯⎯⎯⎯⎯⎯⎯⎯⎯⎯⎯⎯⎯⎯⎯⎯⎯⎯⎯[2/8]⎯

 FAIL  src/api/sessionAccess.test.ts > failed network mutation releases the fence and requires an actual fresh session response
 FAIL  src/api/sessionAccess.test.ts > failed abort mutation releases the fence and requires an actual fresh session response
 FAIL  src/api/sessionAccess.test.ts > failed http mutation releases the fence and requires an actual fresh session response
AssertionError: expected 1 to be +0 // Object.is equality

- Expected
+ Received

- 0
+ 1

 ❯ src/api/sessionAccess.test.ts:37:48
     35|   const mutation = request('POST /api/v1/session/role', { role: 'learn…
     36|   const read = request('GET /api/v1/session', undefined)
     37|   try { await Promise.resolve(); expect(reads).toBe(0) }
       |                                                ^
     38|   finally {
     39|     if (mode === 'http') gate.resolve(new Response(JSON.stringify({ er…

⎯⎯⎯⎯⎯⎯⎯⎯⎯⎯⎯⎯⎯⎯⎯⎯⎯⎯⎯⎯⎯⎯⎯⎯[3/8]⎯

 FAIL  src/api/sessionAccess.test.ts > bootstrap can settle while simultaneous session readers wait, then the first role operation proceeds
AssertionError: expected 1 to be +0 // Object.is equality

- Expected
+ Received

- 0
+ 1

 ❯ src/api/sessionAccess.test.ts:59:48
     57|   vi.stubGlobal('fetch', vi.fn(async (path: string) => { if (path.ends…
     58|   const boot = connectSession(), read = request('GET /api/v1/session',…
     59|   try { await Promise.resolve(); expect(reads).toBe(0) }
       |                                                ^
     60|   finally { gate.resolve(response('author')); await boot; await read }
     61|   await request('POST /api/v1/session/role', { role: 'author' }, { 'Id…

⎯⎯⎯⎯⎯⎯⎯⎯⎯⎯⎯⎯⎯⎯⎯⎯⎯⎯⎯⎯⎯⎯⎯⎯[4/8]⎯

 FAIL  src/features/evidenceApplicability/sessionTransition.test.tsx > mounted and newly opened applicability owners remain hidden during a real client role mutation and retain original ACK memory
AssertionError: expected true to be false // Object.is equality

- Expected
+ Received

- false
+ true

 ❯ src/features/evidenceApplicability/sessionTransition.test.tsx:28:40
     26|   try {
     27|     await act(async () => { await new Promise(resolve => setTimeout(re…
     28|     expect(first.result.current.ready).toBe(false); expect(next.result…
       |                                        ^
     29|     expect(first.result.current.commands).toEqual([]); expect(next.res…
     30|     expect(next.result.current.canSaveMemory).toBe(false); expect(reco…

⎯⎯⎯⎯⎯⎯⎯⎯⎯⎯⎯⎯⎯⎯⎯⎯⎯⎯⎯⎯⎯⎯⎯⎯[5/8]⎯


 Test Files  2 failed (2)
      Tests  8 failed | 2 passed (10)
   Start at  23:46:47
   Duration  581ms (environment 55%, transform 21%, tests 12%, import 11%, worker 1%)

