E402 Module level import not at top of file
  --> scripts/generate_retrieval_fixture.py:23:1
   |
21 |     sys.path.insert(0, str(ROOT))
22 |
23 | from packages.contracts import domain_models as dm
   | ^^^^^^^^^^^^^^^^^^^^^^^^^^^^^^^^^^^^^^^^^^^^^^^^^^
24 | from packages.contracts.canonical import canonical_bytes, metadata_sha256, strict_json
   |
help: Move module level imports to top of file

E402 Module level import not at top of file
  --> scripts/generate_retrieval_fixture.py:24:1
   |
23 | from packages.contracts import domain_models as dm
24 | from packages.contracts.canonical import canonical_bytes, metadata_sha256, strict_json
   | ^^^^^^^^^^^^^^^^^^^^^^^^^^^^^^^^^^^^^^^^^^^^^^^^^^^^^^^^^^^^^^^^^^^^^^^^^^^^^^^^^^^^^^
25 |
26 | HEADING = '## F.1 M5.2 原创冻结词法基准 lexical-gold-v1'
   |
help: Move module level imports to top of file

Found 2 errors.
