FFFFFFFFFFFFFFFFFFFFFFFFFFFFFFFFFFFFFFF                                  [100%]
=================================== FAILURES ===================================
_______ test_han_unigrams_bigrams_repeat_dedup_and_no_cross_punctuation ________
tests/unit/test_retrieval_lexical.py:20: in test_han_unigrams_bigrams_repeat_dedup_and_no_cross_punctuation
    from services.api.app.application.retrieval_lexical import tokenize
E   ModuleNotFoundError: No module named 'services.api.app.application.retrieval_lexical'
_ test_fixed_han_ranges_include_the_declared_endpoints_even_if_unassigned[13312] _
tests/unit/test_retrieval_lexical.py:30: in test_fixed_han_ranges_include_the_declared_endpoints_even_if_unassigned
    from services.api.app.application.retrieval_lexical import tokenize
E   ModuleNotFoundError: No module named 'services.api.app.application.retrieval_lexical'
_ test_fixed_han_ranges_include_the_declared_endpoints_even_if_unassigned[19903] _
tests/unit/test_retrieval_lexical.py:30: in test_fixed_han_ranges_include_the_declared_endpoints_even_if_unassigned
    from services.api.app.application.retrieval_lexical import tokenize
E   ModuleNotFoundError: No module named 'services.api.app.application.retrieval_lexical'
_ test_fixed_han_ranges_include_the_declared_endpoints_even_if_unassigned[19968] _
tests/unit/test_retrieval_lexical.py:30: in test_fixed_han_ranges_include_the_declared_endpoints_even_if_unassigned
    from services.api.app.application.retrieval_lexical import tokenize
E   ModuleNotFoundError: No module named 'services.api.app.application.retrieval_lexical'
_ test_fixed_han_ranges_include_the_declared_endpoints_even_if_unassigned[40959] _
tests/unit/test_retrieval_lexical.py:30: in test_fixed_han_ranges_include_the_declared_endpoints_even_if_unassigned
    from services.api.app.application.retrieval_lexical import tokenize
E   ModuleNotFoundError: No module named 'services.api.app.application.retrieval_lexical'
_ test_fixed_han_ranges_include_the_declared_endpoints_even_if_unassigned[131072] _
tests/unit/test_retrieval_lexical.py:30: in test_fixed_han_ranges_include_the_declared_endpoints_even_if_unassigned
    from services.api.app.application.retrieval_lexical import tokenize
E   ModuleNotFoundError: No module named 'services.api.app.application.retrieval_lexical'
_ test_fixed_han_ranges_include_the_declared_endpoints_even_if_unassigned[195103] _
tests/unit/test_retrieval_lexical.py:30: in test_fixed_han_ranges_include_the_declared_endpoints_even_if_unassigned
    from services.api.app.application.retrieval_lexical import tokenize
E   ModuleNotFoundError: No module named 'services.api.app.application.retrieval_lexical'
_ test_fixed_han_ranges_include_the_declared_endpoints_even_if_unassigned[196608] _
tests/unit/test_retrieval_lexical.py:30: in test_fixed_han_ranges_include_the_declared_endpoints_even_if_unassigned
    from services.api.app.application.retrieval_lexical import tokenize
E   ModuleNotFoundError: No module named 'services.api.app.application.retrieval_lexical'
_ test_fixed_han_ranges_include_the_declared_endpoints_even_if_unassigned[205743] _
tests/unit/test_retrieval_lexical.py:30: in test_fixed_han_ranges_include_the_declared_endpoints_even_if_unassigned
    from services.api.app.application.retrieval_lexical import tokenize
E   ModuleNotFoundError: No module named 'services.api.app.application.retrieval_lexical'
______ test_nfc_is_derived_only_and_latin_casefold_is_not_greek_casefold _______
tests/unit/test_retrieval_lexical.py:36: in test_nfc_is_derived_only_and_latin_casefold_is_not_greek_casefold
    from services.api.app.application.retrieval_lexical import tokenize
E   ModuleNotFoundError: No module named 'services.api.app.application.retrieval_lexical'
___ test_tex_consumes_ascii_control_word_and_preserves_case_without_aliases ____
tests/unit/test_retrieval_lexical.py:46: in test_tex_consumes_ascii_control_word_and_preserves_case_without_aliases
    from services.api.app.application.retrieval_lexical import tokenize
E   ModuleNotFoundError: No module named 'services.api.app.application.retrieval_lexical'
_________ test_latin_digits_and_marks_follow_declared_word_boundaries __________
tests/unit/test_retrieval_lexical.py:57: in test_latin_digits_and_marks_follow_declared_word_boundaries
    from services.api.app.application.retrieval_lexical import tokenize
E   ModuleNotFoundError: No module named 'services.api.app.application.retrieval_lexical'
_______ test_math_symbols_are_exact_terms_and_match_syntax_is_only_text ________
tests/unit/test_retrieval_lexical.py:66: in test_math_symbols_are_exact_terms_and_match_syntax_is_only_text
    from services.api.app.application.retrieval_lexical import tokenize
E   ModuleNotFoundError: No module named 'services.api.app.application.retrieval_lexical'
______ test_empty_lexical_body_is_valid_but_zero_term_query_is_rejected[] ______
tests/unit/test_retrieval_lexical.py:78: in test_empty_lexical_body_is_valid_but_zero_term_query_is_rejected
    from services.api.app.application.retrieval_lexical import tokenize, tokenize_query
E   ModuleNotFoundError: No module named 'services.api.app.application.retrieval_lexical'
___ test_empty_lexical_body_is_valid_but_zero_term_query_is_rejected[ \n\t] ____
tests/unit/test_retrieval_lexical.py:78: in test_empty_lexical_body_is_valid_but_zero_term_query_is_rejected
    from services.api.app.application.retrieval_lexical import tokenize, tokenize_query
E   ModuleNotFoundError: No module named 'services.api.app.application.retrieval_lexical'
_ test_empty_lexical_body_is_valid_but_zero_term_query_is_rejected[\uff08\uff09\u201c\u201d] _
tests/unit/test_retrieval_lexical.py:78: in test_empty_lexical_body_is_valid_but_zero_term_query_is_rejected
    from services.api.app.application.retrieval_lexical import tokenize, tokenize_query
E   ModuleNotFoundError: No module named 'services.api.app.application.retrieval_lexical'
______ test_invalid_unicode_or_non_text_is_rejected_without_echo[\ud800] _______
tests/unit/test_retrieval_lexical.py:89: in test_invalid_unicode_or_non_text_is_rejected_without_echo
    from services.api.app.application.retrieval_lexical import tokenize
E   ModuleNotFoundError: No module named 'services.api.app.application.retrieval_lexical'
______ test_invalid_unicode_or_non_text_is_rejected_without_echo[\udfff] _______
tests/unit/test_retrieval_lexical.py:89: in test_invalid_unicode_or_non_text_is_rejected_without_echo
    from services.api.app.application.retrieval_lexical import tokenize
E   ModuleNotFoundError: No module named 'services.api.app.application.retrieval_lexical'
_________ test_invalid_unicode_or_non_text_is_rejected_without_echo[1] _________
tests/unit/test_retrieval_lexical.py:89: in test_invalid_unicode_or_non_text_is_rejected_without_echo
    from services.api.app.application.retrieval_lexical import tokenize
E   ModuleNotFoundError: No module named 'services.api.app.application.retrieval_lexical'
_______ test_invalid_unicode_or_non_text_is_rejected_without_echo[True] ________
tests/unit/test_retrieval_lexical.py:89: in test_invalid_unicode_or_non_text_is_rejected_without_echo
    from services.api.app.application.retrieval_lexical import tokenize
E   ModuleNotFoundError: No module named 'services.api.app.application.retrieval_lexical'
________ test_invalid_unicode_or_non_text_is_rejected_without_echo[abc] ________
tests/unit/test_retrieval_lexical.py:89: in test_invalid_unicode_or_non_text_is_rejected_without_echo
    from services.api.app.application.retrieval_lexical import tokenize
E   ModuleNotFoundError: No module named 'services.api.app.application.retrieval_lexical'
_______ test_invalid_unicode_or_non_text_is_rejected_without_echo[None] ________
tests/unit/test_retrieval_lexical.py:89: in test_invalid_unicode_or_non_text_is_rejected_without_echo
    from services.api.app.application.retrieval_lexical import tokenize
E   ModuleNotFoundError: No module named 'services.api.app.application.retrieval_lexical'
_________ test_query_budget_counts_codepoints_and_unique_derived_terms _________
tests/unit/test_retrieval_lexical.py:98: in test_query_budget_counts_codepoints_and_unique_derived_terms
    from services.api.app.application.retrieval_lexical import tokenize_query
E   ModuleNotFoundError: No module named 'services.api.app.application.retrieval_lexical'
_______ test_wrong_unicode_version_fails_closed_before_any_tokenization ________
tests/unit/test_retrieval_lexical.py:112: in test_wrong_unicode_version_fails_closed_before_any_tokenization
    from services.api.app.application import retrieval_lexical as lexical
E   ImportError: cannot import name 'retrieval_lexical' from 'services.api.app.application' (<HOME>/Desktop/learning/Learning_Workbench/services/api/app/application/__init__.py)
_________ test_terms_hash_and_scope_coverage_have_no_global_statistics _________
tests/unit/test_retrieval_lexical.py:122: in test_terms_hash_and_scope_coverage_have_no_global_statistics
    from services.api.app.application.retrieval_lexical import coverage_score, terms_sha256
E   ModuleNotFoundError: No module named 'services.api.app.application.retrieval_lexical'
____ test_noncanonical_persisted_terms_do_not_get_a_plausible_hash[terms0] _____
tests/unit/test_retrieval_lexical.py:135: in test_noncanonical_persisted_terms_do_not_get_a_plausible_hash
    from services.api.app.application.retrieval_lexical import terms_sha256
E   ModuleNotFoundError: No module named 'services.api.app.application.retrieval_lexical'
____ test_noncanonical_persisted_terms_do_not_get_a_plausible_hash[terms1] _____
tests/unit/test_retrieval_lexical.py:135: in test_noncanonical_persisted_terms_do_not_get_a_plausible_hash
    from services.api.app.application.retrieval_lexical import terms_sha256
E   ModuleNotFoundError: No module named 'services.api.app.application.retrieval_lexical'
____ test_noncanonical_persisted_terms_do_not_get_a_plausible_hash[terms2] _____
tests/unit/test_retrieval_lexical.py:135: in test_noncanonical_persisted_terms_do_not_get_a_plausible_hash
    from services.api.app.application.retrieval_lexical import terms_sha256
E   ModuleNotFoundError: No module named 'services.api.app.application.retrieval_lexical'
____ test_noncanonical_persisted_terms_do_not_get_a_plausible_hash[terms3] _____
tests/unit/test_retrieval_lexical.py:135: in test_noncanonical_persisted_terms_do_not_get_a_plausible_hash
    from services.api.app.application.retrieval_lexical import terms_sha256
E   ModuleNotFoundError: No module named 'services.api.app.application.retrieval_lexical'
____ test_noncanonical_persisted_terms_do_not_get_a_plausible_hash[terms4] _____
tests/unit/test_retrieval_lexical.py:135: in test_noncanonical_persisted_terms_do_not_get_a_plausible_hash
    from services.api.app.application.retrieval_lexical import terms_sha256
E   ModuleNotFoundError: No module named 'services.api.app.application.retrieval_lexical'
____ test_noncanonical_persisted_terms_do_not_get_a_plausible_hash[terms5] _____
tests/unit/test_retrieval_lexical.py:135: in test_noncanonical_persisted_terms_do_not_get_a_plausible_hash
    from services.api.app.application.retrieval_lexical import terms_sha256
E   ModuleNotFoundError: No module named 'services.api.app.application.retrieval_lexical'
_____ test_fixture_is_exact_hashed_material_and_gold_before_any_retrieval ______
tests/unit/test_retrieval_lexical.py:142: in test_fixture_is_exact_hashed_material_and_gold_before_any_retrieval
    from scripts.generate_retrieval_fixture import build_fixture, generate
E   ModuleNotFoundError: No module named 'scripts.generate_retrieval_fixture'
_ test_fixture_rejects_ambiguous_or_damaged_sole_source_before_writing[heading] _
tests/unit/test_retrieval_lexical.py:169: in test_fixture_rejects_ambiguous_or_damaged_sole_source_before_writing
    from scripts.generate_retrieval_fixture import generate
E   ModuleNotFoundError: No module named 'scripts.generate_retrieval_fixture'
_ test_fixture_rejects_ambiguous_or_damaged_sole_source_before_writing[fence] __
tests/unit/test_retrieval_lexical.py:169: in test_fixture_rejects_ambiguous_or_damaged_sole_source_before_writing
    from scripts.generate_retrieval_fixture import generate
E   ModuleNotFoundError: No module named 'scripts.generate_retrieval_fixture'
__ test_fixture_rejects_ambiguous_or_damaged_sole_source_before_writing[hash] __
tests/unit/test_retrieval_lexical.py:169: in test_fixture_rejects_ambiguous_or_damaged_sole_source_before_writing
    from scripts.generate_retrieval_fixture import generate
E   ModuleNotFoundError: No module named 'scripts.generate_retrieval_fixture'
_ test_fixture_rejects_ambiguous_or_damaged_sole_source_before_writing[duplicate_key] _
tests/unit/test_retrieval_lexical.py:169: in test_fixture_rejects_ambiguous_or_damaged_sole_source_before_writing
    from scripts.generate_retrieval_fixture import generate
E   ModuleNotFoundError: No module named 'scripts.generate_retrieval_fixture'
_ test_fixture_rejects_ambiguous_or_damaged_sole_source_before_writing[gold_reference] _
tests/unit/test_retrieval_lexical.py:169: in test_fixture_rejects_ambiguous_or_damaged_sole_source_before_writing
    from scripts.generate_retrieval_fixture import generate
E   ModuleNotFoundError: No module named 'scripts.generate_retrieval_fixture'
________ test_fixture_refuses_all_writes_when_any_existing_file_differs ________
tests/unit/test_retrieval_lexical.py:191: in test_fixture_refuses_all_writes_when_any_existing_file_differs
    from scripts.generate_retrieval_fixture import generate
E   ModuleNotFoundError: No module named 'scripts.generate_retrieval_fixture'
__________ test_fixture_check_is_read_only_and_symlinks_are_rejected ___________
tests/unit/test_retrieval_lexical.py:203: in test_fixture_check_is_read_only_and_symlinks_are_rejected
    from scripts.generate_retrieval_fixture import generate
E   ModuleNotFoundError: No module named 'scripts.generate_retrieval_fixture'
=========================== short test summary info ============================
FAILED tests/unit/test_retrieval_lexical.py::test_han_unigrams_bigrams_repeat_dedup_and_no_cross_punctuation
FAILED tests/unit/test_retrieval_lexical.py::test_fixed_han_ranges_include_the_declared_endpoints_even_if_unassigned[13312]
FAILED tests/unit/test_retrieval_lexical.py::test_fixed_han_ranges_include_the_declared_endpoints_even_if_unassigned[19903]
FAILED tests/unit/test_retrieval_lexical.py::test_fixed_han_ranges_include_the_declared_endpoints_even_if_unassigned[19968]
FAILED tests/unit/test_retrieval_lexical.py::test_fixed_han_ranges_include_the_declared_endpoints_even_if_unassigned[40959]
FAILED tests/unit/test_retrieval_lexical.py::test_fixed_han_ranges_include_the_declared_endpoints_even_if_unassigned[131072]
FAILED tests/unit/test_retrieval_lexical.py::test_fixed_han_ranges_include_the_declared_endpoints_even_if_unassigned[195103]
FAILED tests/unit/test_retrieval_lexical.py::test_fixed_han_ranges_include_the_declared_endpoints_even_if_unassigned[196608]
FAILED tests/unit/test_retrieval_lexical.py::test_fixed_han_ranges_include_the_declared_endpoints_even_if_unassigned[205743]
FAILED tests/unit/test_retrieval_lexical.py::test_nfc_is_derived_only_and_latin_casefold_is_not_greek_casefold
FAILED tests/unit/test_retrieval_lexical.py::test_tex_consumes_ascii_control_word_and_preserves_case_without_aliases
FAILED tests/unit/test_retrieval_lexical.py::test_latin_digits_and_marks_follow_declared_word_boundaries
FAILED tests/unit/test_retrieval_lexical.py::test_math_symbols_are_exact_terms_and_match_syntax_is_only_text
FAILED tests/unit/test_retrieval_lexical.py::test_empty_lexical_body_is_valid_but_zero_term_query_is_rejected[]
FAILED tests/unit/test_retrieval_lexical.py::test_empty_lexical_body_is_valid_but_zero_term_query_is_rejected[ \n\t]
FAILED tests/unit/test_retrieval_lexical.py::test_empty_lexical_body_is_valid_but_zero_term_query_is_rejected[\uff08\uff09\u201c\u201d]
FAILED tests/unit/test_retrieval_lexical.py::test_invalid_unicode_or_non_text_is_rejected_without_echo[\ud800]
FAILED tests/unit/test_retrieval_lexical.py::test_invalid_unicode_or_non_text_is_rejected_without_echo[\udfff]
FAILED tests/unit/test_retrieval_lexical.py::test_invalid_unicode_or_non_text_is_rejected_without_echo[1]
FAILED tests/unit/test_retrieval_lexical.py::test_invalid_unicode_or_non_text_is_rejected_without_echo[True]
FAILED tests/unit/test_retrieval_lexical.py::test_invalid_unicode_or_non_text_is_rejected_without_echo[abc]
FAILED tests/unit/test_retrieval_lexical.py::test_invalid_unicode_or_non_text_is_rejected_without_echo[None]
FAILED tests/unit/test_retrieval_lexical.py::test_query_budget_counts_codepoints_and_unique_derived_terms
FAILED tests/unit/test_retrieval_lexical.py::test_wrong_unicode_version_fails_closed_before_any_tokenization
FAILED tests/unit/test_retrieval_lexical.py::test_terms_hash_and_scope_coverage_have_no_global_statistics
FAILED tests/unit/test_retrieval_lexical.py::test_noncanonical_persisted_terms_do_not_get_a_plausible_hash[terms0]
FAILED tests/unit/test_retrieval_lexical.py::test_noncanonical_persisted_terms_do_not_get_a_plausible_hash[terms1]
FAILED tests/unit/test_retrieval_lexical.py::test_noncanonical_persisted_terms_do_not_get_a_plausible_hash[terms2]
FAILED tests/unit/test_retrieval_lexical.py::test_noncanonical_persisted_terms_do_not_get_a_plausible_hash[terms3]
FAILED tests/unit/test_retrieval_lexical.py::test_noncanonical_persisted_terms_do_not_get_a_plausible_hash[terms4]
FAILED tests/unit/test_retrieval_lexical.py::test_noncanonical_persisted_terms_do_not_get_a_plausible_hash[terms5]
FAILED tests/unit/test_retrieval_lexical.py::test_fixture_is_exact_hashed_material_and_gold_before_any_retrieval
FAILED tests/unit/test_retrieval_lexical.py::test_fixture_rejects_ambiguous_or_damaged_sole_source_before_writing[heading]
FAILED tests/unit/test_retrieval_lexical.py::test_fixture_rejects_ambiguous_or_damaged_sole_source_before_writing[fence]
FAILED tests/unit/test_retrieval_lexical.py::test_fixture_rejects_ambiguous_or_damaged_sole_source_before_writing[hash]
FAILED tests/unit/test_retrieval_lexical.py::test_fixture_rejects_ambiguous_or_damaged_sole_source_before_writing[duplicate_key]
FAILED tests/unit/test_retrieval_lexical.py::test_fixture_rejects_ambiguous_or_damaged_sole_source_before_writing[gold_reference]
FAILED tests/unit/test_retrieval_lexical.py::test_fixture_refuses_all_writes_when_any_existing_file_differs
FAILED tests/unit/test_retrieval_lexical.py::test_fixture_check_is_read_only_and_symlinks_are_rejected
39 failed in 0.19s
