2026-09-15T08:46:19.3183662Z Current runner version: '2.337.0'
2026-09-15T08:46:19.3208249Z ##[group]Runner Image Provisioner
2026-09-15T08:46:19.3209289Z Hosted Compute Agent
2026-09-15T08:46:19.3209880Z Version: 20260828.587
2026-09-15T08:46:19.3210507Z Commit: abac92662cab4cc7352de4f9f9d2e2419aad9c29
2026-09-15T08:46:19.3211373Z Build Date: 2026-08-28T16:44:25Z
2026-09-15T08:46:19.3212057Z Worker ID: {abb33ec0-fea2-4457-ba77-a3f46d928997}
2026-09-15T08:46:19.3212863Z Azure Region: westus
2026-09-15T08:46:19.3213449Z ##[endgroup]
2026-09-15T08:46:19.3215044Z ##[group]Operating System
2026-09-15T08:46:19.3215785Z Ubuntu
2026-09-15T08:46:19.3216299Z 26.04.1
2026-09-15T08:46:19.3217304Z LTS
2026-09-15T08:46:19.3217864Z ##[endgroup]
2026-09-15T08:46:19.3218421Z ##[group]Runner Image
2026-09-15T08:46:19.3219109Z Image: ubuntu-26.04
2026-09-15T08:46:19.3219670Z Version: 20260907.131.1
2026-09-15T08:46:19.3221008Z Included Software: https://github.com/actions/runner-images/blob/ubuntu26/20260907.131/images/ubuntu/Ubuntu2604-Readme.md
2026-09-15T08:46:19.3222598Z Image Release: https://github.com/actions/runner-images/releases/tag/ubuntu26%2F20260907.131
2026-09-15T08:46:19.3224062Z ##[endgroup]
2026-09-15T08:46:19.3225171Z ##[group]GITHUB_TOKEN Permissions
2026-09-15T08:46:19.3227680Z Contents: read
2026-09-15T08:46:19.3228287Z Metadata: read
2026-09-15T08:46:19.3228908Z ##[endgroup]
2026-09-15T08:46:19.3230942Z Secret source: Actions
2026-09-15T08:46:19.3232001Z Cache mode: write
2026-09-15T08:46:19.3232966Z Prepare workflow directory
2026-09-15T08:46:19.3576247Z Prepare all required actions
2026-09-15T08:46:19.3646442Z Getting action download info
2026-09-15T08:46:19.7179411Z Download action repository 'actions/checkout@3d3c42e5aac5ba805825da76410c181273ba90b1' (SHA:3d3c42e5aac5ba805825da76410c181273ba90b1)
2026-09-15T08:46:19.8233085Z Download action repository 'actions/setup-python@5fda3b95a4ea91299a34e894583c3862153e4b97' (SHA:5fda3b95a4ea91299a34e894583c3862153e4b97)
2026-09-15T08:46:20.2856300Z Complete job name: integration
2026-09-15T08:46:20.3646518Z ##[group]Run actions/checkout@3d3c42e5aac5ba805825da76410c181273ba90b1
2026-09-15T08:46:20.3648008Z with:
2026-09-15T08:46:20.3648487Z   repository: kl3574/Learning_Workbench
2026-09-15T08:46:20.3652759Z   token: ***
2026-09-15T08:46:20.3653225Z   ssh-strict: true
2026-09-15T08:46:20.3653689Z   ssh-user: git
2026-09-15T08:46:20.3654150Z   persist-credentials: true
2026-09-15T08:46:20.3654651Z   clean: true
2026-09-15T08:46:20.3655108Z   sparse-checkout-cone-mode: true
2026-09-15T08:46:20.3655635Z   fetch-depth: 1
2026-09-15T08:46:20.3656078Z   fetch-tags: false
2026-09-15T08:46:20.3656532Z   show-progress: true
2026-09-15T08:46:20.3657167Z   lfs: false
2026-09-15T08:46:20.3657600Z   submodules: false
2026-09-15T08:46:20.3658063Z   set-safe-directory: true
2026-09-15T08:46:20.3658582Z   allow-unsafe-pr-checkout: false
2026-09-15T08:46:20.3659419Z ##[endgroup]
2026-09-15T08:46:20.4663400Z Syncing repository: kl3574/Learning_Workbench
2026-09-15T08:46:20.4665951Z ##[group]Getting Git version info
2026-09-15T08:46:20.4667221Z Working directory is '<RUNNER_WORKSPACE>'
2026-09-15T08:46:20.4668467Z [command]/usr/bin/git version
2026-09-15T08:46:20.4669000Z git version 2.55.0
2026-09-15T08:46:20.4687300Z ##[endgroup]
2026-09-15T08:46:20.4699359Z Temporarily overriding HOME='<RUNNER_HOME>/work/_temp/7d270de5-70af-4eb3-9278-f7df62f834b9' before making global git config changes
2026-09-15T08:46:20.4701423Z Adding repository directory to the temporary git global config as a safe directory
2026-09-15T08:46:20.4705107Z [command]/usr/bin/git config --global --add safe.directory <RUNNER_WORKSPACE>
2026-09-15T08:46:20.4764572Z Deleting the contents of '<RUNNER_WORKSPACE>'
2026-09-15T08:46:20.4767221Z ##[group]Determining repository object format
2026-09-15T08:46:20.4769008Z ##[endgroup]
2026-09-15T08:46:20.4770202Z ##[group]Initializing the repository
2026-09-15T08:46:20.4773358Z [command]/usr/bin/git init <RUNNER_WORKSPACE>
2026-09-15T08:46:20.4882764Z hint: Using 'master' as the name for the initial branch. This default branch name
2026-09-15T08:46:20.4884197Z hint: will change to "main" in Git 3.0. To configure the initial branch name
2026-09-15T08:46:20.4885483Z hint: to use in all of your new repositories, which will suppress this warning,
2026-09-15T08:46:20.4886348Z hint: call:
2026-09-15T08:46:20.4887111Z hint:
2026-09-15T08:46:20.4887763Z hint: 	git config --global init.defaultBranch <name>
2026-09-15T08:46:20.4888483Z hint:
2026-09-15T08:46:20.4889144Z hint: Names commonly chosen instead of 'master' are 'main', 'trunk' and
2026-09-15T08:46:20.4890172Z hint: 'development'. The just-created branch can be renamed via this command:
2026-09-15T08:46:20.4890995Z hint:
2026-09-15T08:46:20.4891509Z hint: 	git branch -m <name>
2026-09-15T08:46:20.4892073Z hint:
2026-09-15T08:46:20.4892829Z hint: Disable this message with "git config set advice.defaultBranchName false"
2026-09-15T08:46:20.4899289Z Initialized empty Git repository in <RUNNER_WORKSPACE>/.git/
2026-09-15T08:46:20.4911968Z [command]/usr/bin/git remote add origin https://github.com/kl3574/Learning_Workbench
2026-09-15T08:46:20.4959869Z ##[endgroup]
2026-09-15T08:46:20.4960691Z ##[group]Disabling automatic garbage collection
2026-09-15T08:46:20.4963683Z [command]/usr/bin/git config --local gc.auto 0
2026-09-15T08:46:20.5000137Z ##[endgroup]
2026-09-15T08:46:20.5001433Z ##[group]Setting up auth
2026-09-15T08:46:20.5002396Z Removing SSH command configuration
2026-09-15T08:46:20.5006813Z [command]/usr/bin/git config --local --name-only --get-regexp core\.sshCommand
2026-09-15T08:46:20.5044012Z [command]/usr/bin/git submodule foreach --recursive sh -c "git config --local --name-only --get-regexp 'core\.sshCommand' && git config --local --unset-all 'core.sshCommand' || :"
2026-09-15T08:46:20.5492653Z Removing HTTP extra header
2026-09-15T08:46:20.5499030Z [command]/usr/bin/git config --local --name-only --get-regexp http\.https\:\/\/github\.com\/\.extraheader
2026-09-15T08:46:20.5549568Z [command]/usr/bin/git submodule foreach --recursive sh -c "git config --local --name-only --get-regexp 'http\.https\:\/\/github\.com\/\.extraheader' && git config --local --unset-all 'http.https://github.com/.extraheader' || :"
2026-09-15T08:46:20.5813332Z Removing includeIf entries pointing to credentials config files
2026-09-15T08:46:20.5819110Z [command]/usr/bin/git config --local --name-only --get-regexp ^includeIf\.gitdir:
2026-09-15T08:46:20.5851145Z [command]/usr/bin/git submodule foreach --recursive git config --local --show-origin --name-only --get-regexp remote.origin.url
2026-09-15T08:46:20.6125893Z [command]/usr/bin/git config --file <RUNNER_HOME>/work/_temp/git-credentials-3710b93b-124d-43c0-bd11-88f4c54a5a57.config http.https://github.com/.extraheader AUTHORIZATION: basic ***
2026-09-15T08:46:20.6162769Z [command]/usr/bin/git config --local includeIf.gitdir:<RUNNER_WORKSPACE>/.git.path <RUNNER_HOME>/work/_temp/git-credentials-3710b93b-124d-43c0-bd11-88f4c54a5a57.config
2026-09-15T08:46:20.6194193Z [command]/usr/bin/git config --local includeIf.gitdir:<RUNNER_WORKSPACE>/.git/worktrees/*.path <RUNNER_HOME>/work/_temp/git-credentials-3710b93b-124d-43c0-bd11-88f4c54a5a57.config
2026-09-15T08:46:20.6229717Z [command]/usr/bin/git config --local includeIf.gitdir:/github/workspace/.git.path /github/runner_temp/git-credentials-3710b93b-124d-43c0-bd11-88f4c54a5a57.config
2026-09-15T08:46:20.6262632Z [command]/usr/bin/git config --local includeIf.gitdir:/github/workspace/.git/worktrees/*.path /github/runner_temp/git-credentials-3710b93b-124d-43c0-bd11-88f4c54a5a57.config
2026-09-15T08:46:20.6291874Z ##[endgroup]
2026-09-15T08:46:20.6293324Z ##[group]Fetching the repository
2026-09-15T08:46:20.6300109Z [command]/usr/bin/git -c protocol.version=2 fetch --no-tags --prune --no-recurse-submodules --depth=1 origin +f0b4ce2e39a3bc374751379051553108ad6a57ed:refs/remotes/origin/feat/M5.1-provider-consent
2026-09-15T08:46:23.6575674Z From https://github.com/kl3574/Learning_Workbench
2026-09-15T08:46:23.6577310Z  * [new ref]         f0b4ce2e39a3bc374751379051553108ad6a57ed -> origin/feat/M5.1-provider-consent
2026-09-15T08:46:23.6587047Z [command]/usr/bin/git branch --list --remote origin/feat/M5.1-provider-consent
2026-09-15T08:46:23.6613296Z   origin/feat/M5.1-provider-consent
2026-09-15T08:46:23.6622411Z [command]/usr/bin/git rev-parse refs/remotes/origin/feat/M5.1-provider-consent
2026-09-15T08:46:23.6646078Z f0b4ce2e39a3bc374751379051553108ad6a57ed
2026-09-15T08:46:23.6650421Z ##[endgroup]
2026-09-15T08:46:23.6651079Z ##[group]Determining the checkout info
2026-09-15T08:46:23.6651797Z ##[endgroup]
2026-09-15T08:46:23.6655219Z [command]/usr/bin/git sparse-checkout disable
2026-09-15T08:46:23.6708820Z [command]/usr/bin/git config --local --unset-all extensions.worktreeConfig
2026-09-15T08:46:23.6740457Z ##[group]Checking out the ref
2026-09-15T08:46:23.6745955Z [command]/usr/bin/git checkout --progress --force -B feat/M5.1-provider-consent refs/remotes/origin/feat/M5.1-provider-consent
2026-09-15T08:46:24.0828683Z Switched to a new branch 'feat/M5.1-provider-consent'
2026-09-15T08:46:24.0829630Z branch 'feat/M5.1-provider-consent' set up to track 'origin/feat/M5.1-provider-consent'.
2026-09-15T08:46:24.0853551Z ##[endgroup]
2026-09-15T08:46:24.0914397Z [command]/usr/bin/git log -1 --format=%H
2026-09-15T08:46:24.0943574Z f0b4ce2e39a3bc374751379051553108ad6a57ed
2026-09-15T08:46:24.1218095Z ##[group]Run actions/setup-python@5fda3b95a4ea91299a34e894583c3862153e4b97
2026-09-15T08:46:24.1218548Z with:
2026-09-15T08:46:24.1218762Z   python-version: 3.12.13
2026-09-15T08:46:24.1219010Z   check-latest: false
2026-09-15T08:46:24.1221860Z   token: ***
2026-09-15T08:46:24.1222089Z   update-environment: true
2026-09-15T08:46:24.1222341Z   allow-prereleases: false
2026-09-15T08:46:24.1222648Z   freethreaded: false
2026-09-15T08:46:24.1222874Z ##[endgroup]
2026-09-15T08:46:24.2443123Z ##[group]Installed versions
2026-09-15T08:46:24.2455323Z Version 3.12.13 was not found in the local cache
2026-09-15T08:46:25.0289477Z Version 3.12.13 is available for downloading
2026-09-15T08:46:25.0290221Z Download from "https://github.com/actions/python-versions/releases/download/3.12.13-27650778726/python-3.12.13-linux-26.04-x64.tar.gz"
2026-09-15T08:46:26.2639312Z Extract downloaded archive
2026-09-15T08:46:26.2769209Z [command]/usr/bin/tar xz --warning=no-unknown-keyword --overwrite -C <RUNNER_HOME>/work/_temp/b73ad9f0-3228-4cf5-b827-407f578a7d49 -f <RUNNER_HOME>/work/_temp/7ea69ef6-8668-4d9a-9a07-2e3518bb41e4
2026-09-15T08:46:27.4505778Z Execute installation script
2026-09-15T08:46:27.4637727Z Check if Python hostedtoolcache folder exist...
2026-09-15T08:46:27.4638430Z Create Python 3.12.13 folder
2026-09-15T08:46:27.4662043Z Copy Python binaries to hostedtoolcache folder
2026-09-15T08:46:27.9267920Z Create additional symlinks (Required for the UsePythonVersion Azure Pipelines task and the setup-python GitHub Action)
2026-09-15T08:46:27.9364666Z Upgrading pip...
2026-09-15T08:46:29.9561177Z Collecting pip
2026-09-15T08:46:29.9706863Z Downloading pip-26.2.1-py3-none-any.whl.metadata (4.6 kB)
2026-09-15T08:46:29.9774124Z Downloading pip-26.2.1-py3-none-any.whl (1.8 MB)
2026-09-15T08:46:29.9952777Z ━━━━━━━━━━━━━━━━━━━━━━━━━━━━━━━━━━━━━━━━ 1.8/1.8 MB 153.8 MB/s eta 0:00:00
2026-09-15T08:46:29.9953377Z 
2026-09-15T08:46:30.0145115Z Installing collected packages: pip
2026-09-15T08:46:30.0145742Z Attempting uninstall: pip
2026-09-15T08:46:30.0167075Z Found existing installation: pip 25.0.1
2026-09-15T08:46:30.0506921Z Uninstalling pip-25.0.1:
2026-09-15T08:46:30.0565301Z Successfully uninstalled pip-25.0.1
2026-09-15T08:46:30.9322750Z Successfully installed pip-26.2.1
2026-09-15T08:46:30.9788931Z Create complete file
2026-09-15T08:46:30.9842180Z Successfully set up CPython (3.12.13)
2026-09-15T08:46:30.9843515Z ##[endgroup]
2026-09-15T08:46:31.0001921Z ##[group]Run python -m pip install uv==0.11.21
2026-09-15T08:46:31.0002572Z [36;1mpython -m pip install uv==0.11.21[0m
2026-09-15T08:46:31.0170535Z shell: /usr/bin/bash -e {0}
2026-09-15T08:46:31.0170824Z env:
2026-09-15T08:46:31.0171125Z   pythonLocation: /opt/hostedtoolcache/Python/3.12.13/x64
2026-09-15T08:46:31.0171644Z   PKG_CONFIG_PATH: /opt/hostedtoolcache/Python/3.12.13/x64/lib/pkgconfig
2026-09-15T08:46:31.0172153Z   Python_ROOT_DIR: /opt/hostedtoolcache/Python/3.12.13/x64
2026-09-15T08:46:31.0172595Z   Python2_ROOT_DIR: /opt/hostedtoolcache/Python/3.12.13/x64
2026-09-15T08:46:31.0173037Z   Python3_ROOT_DIR: /opt/hostedtoolcache/Python/3.12.13/x64
2026-09-15T08:46:31.0173478Z   LD_LIBRARY_PATH: /opt/hostedtoolcache/Python/3.12.13/x64/lib
2026-09-15T08:46:31.0173851Z ##[endgroup]
2026-09-15T08:46:32.1277329Z Collecting uv==0.11.21
2026-09-15T08:46:32.1474357Z   Downloading uv-0.11.21-py3-none-manylinux_2_17_x86_64.manylinux2014_x86_64.whl.metadata (11 kB)
2026-09-15T08:46:32.1550608Z Downloading uv-0.11.21-py3-none-manylinux_2_17_x86_64.manylinux2014_x86_64.whl (25.1 MB)
2026-09-15T08:46:32.2819305Z    ━━━━━━━━━━━━━━━━━━━━━━━━━━━━━━━━━━━━━━━━ 25.1/25.1 MB 216.6 MB/s  0:00:00
2026-09-15T08:46:32.3261417Z Installing collected packages: uv
2026-09-15T08:46:32.5851857Z Successfully installed uv-0.11.21
2026-09-15T08:46:32.6361111Z ##[group]Run uv sync --frozen
2026-09-15T08:46:32.6361467Z [36;1muv sync --frozen[0m
2026-09-15T08:46:32.6418140Z shell: /usr/bin/bash -e {0}
2026-09-15T08:46:32.6418390Z env:
2026-09-15T08:46:32.6418666Z   pythonLocation: /opt/hostedtoolcache/Python/3.12.13/x64
2026-09-15T08:46:32.6419104Z   PKG_CONFIG_PATH: /opt/hostedtoolcache/Python/3.12.13/x64/lib/pkgconfig
2026-09-15T08:46:32.6419548Z   Python_ROOT_DIR: /opt/hostedtoolcache/Python/3.12.13/x64
2026-09-15T08:46:32.6419952Z   Python2_ROOT_DIR: /opt/hostedtoolcache/Python/3.12.13/x64
2026-09-15T08:46:32.6420349Z   Python3_ROOT_DIR: /opt/hostedtoolcache/Python/3.12.13/x64
2026-09-15T08:46:32.6420748Z   LD_LIBRARY_PATH: /opt/hostedtoolcache/Python/3.12.13/x64/lib
2026-09-15T08:46:32.6421094Z ##[endgroup]
2026-09-15T08:46:32.7001551Z Using CPython 3.12.13 interpreter at: /opt/hostedtoolcache/Python/3.12.13/x64/bin/python3.12
2026-09-15T08:46:32.7002070Z Creating virtual environment at: .venv
2026-09-15T08:46:32.7639441Z Downloading ruff (9.9MiB)
2026-09-15T08:46:32.7814401Z Downloading ast-serialize (1.3MiB)
2026-09-15T08:46:32.7816998Z Downloading pygments (1.2MiB)
2026-09-15T08:46:32.7822267Z Downloading pydantic-core (2.0MiB)
2026-09-15T08:46:32.7825997Z Downloading mypy (14.6MiB)
2026-09-15T08:46:33.0354001Z  Downloaded ast-serialize
2026-09-15T08:46:33.0771741Z  Downloaded pydantic-core
2026-09-15T08:46:33.1006902Z  Downloaded ruff
2026-09-15T08:46:33.1747996Z  Downloaded pygments
2026-09-15T08:46:33.3218053Z  Downloaded mypy
2026-09-15T08:46:33.3220816Z Prepared 37 packages in 618ms
2026-09-15T08:46:33.3708170Z Installed 37 packages in 48ms
2026-09-15T08:46:33.3708805Z  + annotated-doc==0.0.5
2026-09-15T08:46:33.3709274Z  + annotated-types==0.8.0
2026-09-15T08:46:33.3709766Z  + anyio==4.15.1
2026-09-15T08:46:33.3719897Z  + ast-serialize==0.11.2
2026-09-15T08:46:33.3721128Z  + attrs==26.1.0
2026-09-15T08:46:33.3724497Z  + certifi==2026.7.22
2026-09-15T08:46:33.3724894Z  + click==8.5.0
2026-09-15T08:46:33.3725176Z  + defusedxml==0.7.1
2026-09-15T08:46:33.3725398Z  + fastapi==0.141.1
2026-09-15T08:46:33.3725602Z  + h11==0.16.0
2026-09-15T08:46:33.3725812Z  + httpcore==1.0.9
2026-09-15T08:46:33.3726014Z  + httpx==0.28.1
2026-09-15T08:46:33.3726207Z  + idna==3.19
2026-09-15T08:46:33.3726398Z  + iniconfig==2.3.0
2026-09-15T08:46:33.3726871Z  + jsonschema==4.26.0
2026-09-15T08:46:33.3727377Z  + jsonschema-specifications==2025.9.1
2026-09-15T08:46:33.3727885Z  + librt==0.15.0
2026-09-15T08:46:33.3728255Z  + markdown-it-py==4.2.0
2026-09-15T08:46:33.3728642Z  + mdurl==0.1.2
2026-09-15T08:46:33.3728976Z  + mypy==2.3.1
2026-09-15T08:46:33.3729341Z  + mypy-extensions==1.1.0
2026-09-15T08:46:33.3729740Z  + packaging==26.3
2026-09-15T08:46:33.3730104Z  + pathspec==1.1.1
2026-09-15T08:46:33.3730723Z  + pluggy==1.6.0
2026-09-15T08:46:33.3731086Z  + pydantic==2.13.5
2026-09-15T08:46:33.3731334Z  + pydantic-core==2.46.5
2026-09-15T08:46:33.3731588Z  + pygments==2.21.0
2026-09-15T08:46:33.3731786Z  + pypdf==6.18.1
2026-09-15T08:46:33.3731986Z  + pytest==9.1.1
2026-09-15T08:46:33.3732198Z  + python-multipart==0.0.32
2026-09-15T08:46:33.3732442Z  + referencing==0.37.0
2026-09-15T08:46:33.3732659Z  + rpds-py==2026.6.3
2026-09-15T08:46:33.3732862Z  + ruff==0.16.7
2026-09-15T08:46:33.3733057Z  + starlette==1.6.0
2026-09-15T08:46:33.3733269Z  + typing-extensions==4.16.0
2026-09-15T08:46:33.3733512Z  + typing-inspection==0.4.4
2026-09-15T08:46:33.3733737Z  + uvicorn==0.53.0
2026-09-15T08:46:33.3785931Z ##[group]Run sudo apt-get update
2026-09-15T08:46:33.3786294Z [36;1msudo apt-get update[0m
2026-09-15T08:46:33.3787948Z [36;1msudo apt-get install -y bubblewrap=0.11.1-1ubuntu0.1 apparmor=5.0.2-0ubuntu1~26.04.1 libapparmor1=5.0.2-0ubuntu1~26.04.1 libseccomp2=2.6.0-2ubuntu5[0m
2026-09-15T08:46:33.3789047Z [36;1mdpkg-query -W bubblewrap apparmor libapparmor1 libseccomp2[0m
2026-09-15T08:46:33.3789490Z [36;1mtest -f /etc/apparmor.d/bwrap-userns-restrict[0m
2026-09-15T08:46:33.3789816Z [36;1mbwrap --version[0m
2026-09-15T08:46:33.3845941Z shell: /usr/bin/bash -e {0}
2026-09-15T08:46:33.3846191Z env:
2026-09-15T08:46:33.3846461Z   pythonLocation: /opt/hostedtoolcache/Python/3.12.13/x64
2026-09-15T08:46:33.3847226Z   PKG_CONFIG_PATH: /opt/hostedtoolcache/Python/3.12.13/x64/lib/pkgconfig
2026-09-15T08:46:33.3847675Z   Python_ROOT_DIR: /opt/hostedtoolcache/Python/3.12.13/x64
2026-09-15T08:46:33.3848083Z   Python2_ROOT_DIR: /opt/hostedtoolcache/Python/3.12.13/x64
2026-09-15T08:46:33.3848511Z   Python3_ROOT_DIR: /opt/hostedtoolcache/Python/3.12.13/x64
2026-09-15T08:46:33.3848898Z   LD_LIBRARY_PATH: /opt/hostedtoolcache/Python/3.12.13/x64/lib
2026-09-15T08:46:33.3849220Z ##[endgroup]
2026-09-15T08:46:33.4722150Z Get:1 file:/etc/apt/apt-mirrors.txt Mirrorlist [144 B]
2026-09-15T08:46:33.5034940Z Hit:2 http://azure.archive.ubuntu.com/ubuntu resolute InRelease
2026-09-15T08:46:33.5067800Z Get:3 http://azure.archive.ubuntu.com/ubuntu resolute-updates InRelease [137 kB]
2026-09-15T08:46:33.5129956Z Get:4 http://azure.archive.ubuntu.com/ubuntu resolute-backports InRelease [137 kB]
2026-09-15T08:46:33.5141714Z Get:6 https://packages.microsoft.com/ubuntu/26.04/prod resolute InRelease [3964 B]
2026-09-15T08:46:33.5148643Z Get:5 http://azure.archive.ubuntu.com/ubuntu resolute-security InRelease [137 kB]
2026-09-15T08:46:33.5168538Z Get:7 https://dl.google.com/linux/chrome-stable/deb stable InRelease [2548 B]
2026-09-15T08:46:33.5437700Z Get:8 http://azure.archive.ubuntu.com/ubuntu resolute-updates/main amd64v3 Packages [610 kB]
2026-09-15T08:46:33.5698784Z Get:9 http://azure.archive.ubuntu.com/ubuntu resolute-updates/main Translation-en [145 kB]
2026-09-15T08:46:33.5723560Z Get:10 http://azure.archive.ubuntu.com/ubuntu resolute-updates/main amd64 Components [97.8 kB]
2026-09-15T08:46:33.5774737Z Get:11 http://azure.archive.ubuntu.com/ubuntu resolute-updates/universe amd64v3 Packages [293 kB]
2026-09-15T08:46:33.5807670Z Get:12 http://azure.archive.ubuntu.com/ubuntu resolute-updates/universe Translation-en [93.2 kB]
2026-09-15T08:46:33.5810917Z Get:13 http://azure.archive.ubuntu.com/ubuntu resolute-updates/universe amd64 Components [188 kB]
2026-09-15T08:46:33.5832875Z Get:19 https://packages.microsoft.com/ubuntu/26.04/prod resolute/main arm64 Packages [52.1 kB]
2026-09-15T08:46:33.5843236Z Get:20 https://packages.microsoft.com/ubuntu/26.04/prod resolute/main amd64 Packages [59.9 kB]
2026-09-15T08:46:33.5849644Z Get:14 http://azure.archive.ubuntu.com/ubuntu resolute-updates/restricted amd64v3 Packages [409 kB]
2026-09-15T08:46:33.5964792Z Get:15 http://azure.archive.ubuntu.com/ubuntu resolute-updates/restricted Translation-en [79.5 kB]
2026-09-15T08:46:33.5966323Z Get:16 http://azure.archive.ubuntu.com/ubuntu resolute-updates/multiverse amd64v3 Packages [11.6 kB]
2026-09-15T08:46:33.5971351Z Get:17 http://azure.archive.ubuntu.com/ubuntu resolute-updates/multiverse Translation-en [3036 B]
2026-09-15T08:46:33.6350144Z Get:18 http://azure.archive.ubuntu.com/ubuntu resolute-backports/universe amd64 Components [1056 B]
2026-09-15T08:46:33.6379789Z Get:21 http://azure.archive.ubuntu.com/ubuntu resolute-security/main amd64v3 Packages [474 kB]
2026-09-15T08:46:33.6390659Z Get:31 https://dl.google.com/linux/chrome-stable/deb stable/main amd64 Packages [1413 B]
2026-09-15T08:46:33.6392022Z Get:22 http://azure.archive.ubuntu.com/ubuntu resolute-security/main Translation-en [111 kB]
2026-09-15T08:46:33.6400704Z Get:23 http://azure.archive.ubuntu.com/ubuntu resolute-security/main amd64 Components [46.6 kB]
2026-09-15T08:46:33.6415688Z Get:24 http://azure.archive.ubuntu.com/ubuntu resolute-security/universe amd64v3 Packages [173 kB]
2026-09-15T08:46:33.6424628Z Get:25 http://azure.archive.ubuntu.com/ubuntu resolute-security/universe Translation-en [54.4 kB]
2026-09-15T08:46:33.6434103Z Get:26 http://azure.archive.ubuntu.com/ubuntu resolute-security/universe amd64 Components [43.4 kB]
2026-09-15T08:46:33.6462506Z Get:27 http://azure.archive.ubuntu.com/ubuntu resolute-security/restricted amd64v3 Packages [399 kB]
2026-09-15T08:46:33.6474953Z Get:28 http://azure.archive.ubuntu.com/ubuntu resolute-security/restricted Translation-en [77.7 kB]
2026-09-15T08:46:33.6481839Z Get:29 http://azure.archive.ubuntu.com/ubuntu resolute-security/multiverse amd64v3 Packages [10.9 kB]
2026-09-15T08:46:33.6487872Z Get:30 http://azure.archive.ubuntu.com/ubuntu resolute-security/multiverse Translation-en [2844 B]
2026-09-15T08:46:36.8932121Z Fetched 3855 kB in 0s (9460 kB/s)
2026-09-15T08:46:37.4971936Z Reading package lists...
2026-09-15T08:46:37.5302122Z Reading package lists...
2026-09-15T08:46:37.6569560Z Building dependency tree...
2026-09-15T08:46:37.6576378Z Reading state information...
2026-09-15T08:46:37.6874985Z bubblewrap is already the newest version (0.11.1-1ubuntu0.1).
2026-09-15T08:46:37.6875566Z bubblewrap set to manually installed.
2026-09-15T08:46:37.6876104Z apparmor is already the newest version (5.0.2-0ubuntu1~26.04.1).
2026-09-15T08:46:37.6876929Z apparmor set to manually installed.
2026-09-15T08:46:37.6877515Z libapparmor1 is already the newest version (5.0.2-0ubuntu1~26.04.1).
2026-09-15T08:46:37.6878061Z libapparmor1 set to manually installed.
2026-09-15T08:46:37.6878544Z libseccomp2 is already the newest version (2.6.0-2ubuntu5).
2026-09-15T08:46:37.6879051Z libseccomp2 set to manually installed.
2026-09-15T08:46:37.7370843Z Solving dependencies...
2026-09-15T08:46:37.8478770Z 0 upgraded, 0 newly installed, 0 to remove and 73 not upgraded.
2026-09-15T08:46:37.8698190Z apparmor	5.0.2-0ubuntu1~26.04.1
2026-09-15T08:46:37.8698704Z bubblewrap	0.11.1-1ubuntu0.1
2026-09-15T08:46:37.8699151Z libapparmor1:amd64	5.0.2-0ubuntu1~26.04.1
2026-09-15T08:46:37.8699466Z libseccomp2:amd64	2.6.0-2ubuntu5
2026-09-15T08:46:37.9445086Z bubblewrap 0.11.1
2026-09-15T08:46:37.9485444Z ##[group]Run uv run --frozen pytest tests/integration
2026-09-15T08:46:37.9485885Z [36;1muv run --frozen pytest tests/integration[0m
2026-09-15T08:46:37.9541759Z shell: /usr/bin/bash -e {0}
2026-09-15T08:46:37.9542005Z env:
2026-09-15T08:46:37.9542265Z   pythonLocation: /opt/hostedtoolcache/Python/3.12.13/x64
2026-09-15T08:46:37.9542712Z   PKG_CONFIG_PATH: /opt/hostedtoolcache/Python/3.12.13/x64/lib/pkgconfig
2026-09-15T08:46:37.9543149Z   Python_ROOT_DIR: /opt/hostedtoolcache/Python/3.12.13/x64
2026-09-15T08:46:37.9543557Z   Python2_ROOT_DIR: /opt/hostedtoolcache/Python/3.12.13/x64
2026-09-15T08:46:37.9543942Z   Python3_ROOT_DIR: /opt/hostedtoolcache/Python/3.12.13/x64
2026-09-15T08:46:37.9544321Z   LD_LIBRARY_PATH: /opt/hostedtoolcache/Python/3.12.13/x64/lib
2026-09-15T08:46:37.9544644Z ##[endgroup]
2026-09-15T08:46:42.1926302Z ============================= test session starts ==============================
2026-09-15T08:46:42.1927242Z platform linux -- Python 3.12.13, pytest-9.1.1, pluggy-1.6.0
2026-09-15T08:46:42.1927774Z rootdir: <RUNNER_WORKSPACE>
2026-09-15T08:46:42.1928640Z configfile: pyproject.toml
2026-09-15T08:46:42.1928958Z plugins: anyio-4.15.1
2026-09-15T08:46:42.1929244Z collected 584 items
2026-09-15T08:46:42.1929413Z 
2026-09-15T08:47:05.5880445Z tests/integration/test_assessment_attempts.py .......................... [  4%]
2026-09-15T08:47:14.8222683Z ...........                                                              [  6%]
2026-09-15T08:47:37.0507186Z tests/integration/test_assessment_grading.py ....................        [  9%]
2026-09-15T08:47:42.2833806Z tests/integration/test_assessment_independent_review.py .......          [ 10%]
2026-09-15T08:47:50.5934721Z tests/integration/test_assessment_learning_port.py ...........           [ 12%]
2026-09-15T08:48:05.6691025Z tests/integration/test_assessment_policy.py ...................          [ 16%]
2026-09-15T08:48:16.6020719Z tests/integration/test_assessment_review_history.py ........             [ 17%]
2026-09-15T08:48:24.5376345Z tests/integration/test_concept_states.py .........                       [ 19%]
2026-09-15T08:48:28.3361918Z tests/integration/test_content_http.py ...........                       [ 20%]
2026-09-15T08:48:29.3141497Z tests/integration/test_content_repository.py ........................... [ 25%]
2026-09-15T08:48:29.6433809Z ........                                                                 [ 26%]
2026-09-15T08:48:40.8274229Z tests/integration/test_document_http.py ......                           [ 27%]
2026-09-15T08:48:47.7012798Z tests/integration/test_document_imports.py ......                        [ 28%]
2026-09-15T08:48:53.4508571Z tests/integration/test_evidence_independent_review.py ......             [ 29%]
2026-09-15T08:48:57.1710382Z tests/integration/test_grading_queue_isolation.py ..                     [ 30%]
2026-09-15T08:49:09.9599641Z tests/integration/test_import_http.py ...............                    [ 32%]
2026-09-15T08:49:29.0388410Z tests/integration/test_import_repository.py ............................ [ 37%]
2026-09-15T08:49:41.6427740Z ......                                                                   [ 38%]
2026-09-15T08:49:43.9053497Z tests/integration/test_learner_profile.py ....................           [ 42%]
2026-09-15T08:49:44.6999697Z tests/integration/test_learning_action_integrity.py ...                  [ 42%]
2026-09-15T08:49:49.0950976Z tests/integration/test_learning_activity_access.py ......                [ 43%]
2026-09-15T08:49:49.8006432Z tests/integration/test_learning_content_scope.py ...............         [ 46%]
2026-09-15T08:49:50.7659024Z tests/integration/test_learning_course_history.py ..                     [ 46%]
2026-09-15T08:50:06.9829945Z tests/integration/test_learning_evidence.py ................             [ 49%]
2026-09-15T08:50:09.7711793Z tests/integration/test_learning_state_observations.py ...                [ 49%]
2026-09-15T08:50:13.2654459Z tests/integration/test_notes_learning.py ............................... [ 55%]
2026-09-15T08:50:14.9134573Z .................                                                        [ 58%]
2026-09-15T08:50:21.3192047Z tests/integration/test_practice_grading.py .........                     [ 59%]
2026-09-15T08:50:28.2388538Z tests/integration/test_practice_independent_review.py ........           [ 60%]
2026-09-15T08:50:28.7493180Z tests/integration/test_practice_learning_port.py ............            [ 63%]
2026-09-15T08:50:45.9922148Z tests/integration/test_practice_sessions.py ........................     [ 67%]
2026-09-15T08:50:51.4546212Z tests/integration/test_provenance_recovery_integrity.py ......           [ 68%]
2026-09-15T08:50:51.8257833Z tests/integration/test_provider_config.py ........                       [ 69%]
2026-09-15T08:50:52.3795694Z tests/integration/test_provider_consents.py ......                       [ 70%]
2026-09-15T08:51:05.2565220Z tests/integration/test_provider_dispatch.py ..........................   [ 75%]
2026-09-15T08:51:13.1399904Z tests/integration/test_provider_http.py ..............                   [ 77%]
2026-09-15T08:51:13.9423749Z tests/integration/test_provider_lifecycle.py .                           [ 77%]
2026-09-15T08:51:14.1170708Z tests/integration/test_provider_migration.py ..                          [ 77%]
2026-09-15T08:51:14.2808711Z tests/integration/test_question_qualification.py ....                    [ 78%]
2026-09-15T08:51:14.4465246Z tests/integration/test_reader_directory.py ....                          [ 79%]
2026-09-15T08:51:24.1456301Z tests/integration/test_reader_provenance.py ...........                  [ 81%]
2026-09-15T08:51:25.3622584Z tests/integration/test_recommendation_content_access.py ................ [ 83%]
2026-09-15T08:51:25.8686935Z .......                                                                  [ 85%]
2026-09-15T08:51:27.9877037Z tests/integration/test_recommendation_http.py ..                         [ 85%]
2026-09-15T08:51:41.9395178Z tests/integration/test_recommendation_source_ports.py ..............     [ 87%]
2026-09-15T08:52:16.2540594Z tests/integration/test_recommendations.py .............................  [ 92%]
2026-09-15T08:52:16.6282984Z tests/integration/test_route_completion_sources.py ........              [ 94%]
2026-09-15T08:52:18.8656935Z tests/integration/test_routes_commands.py .............                  [ 96%]
2026-09-15T08:52:25.8335457Z tests/integration/test_workbench_assessment_policy.py ......             [ 97%]
2026-09-15T08:52:30.2616570Z tests/integration/test_workbench_persistence.py ...............          [100%]
2026-09-15T08:52:30.2618603Z 
2026-09-15T08:52:30.2619344Z =============================== warnings summary ===============================
2026-09-15T08:52:30.2620318Z .venv/lib/python3.12/site-packages/fastapi/testclient.py:1
2026-09-15T08:52:30.2622974Z   <RUNNER_WORKSPACE>/.venv/lib/python3.12/site-packages/fastapi/testclient.py:1: StarletteDeprecationWarning: Using `httpx` with `starlette.testclient` is deprecated; install `httpx2` instead.
2026-09-15T08:52:30.2625544Z     from starlette.testclient import TestClient as TestClient  # noqa
2026-09-15T08:52:30.2626105Z 
2026-09-15T08:52:30.2626421Z .venv/lib/python3.12/site-packages/starlette/testclient.py:53
2026-09-15T08:52:30.2628124Z   <RUNNER_WORKSPACE>/.venv/lib/python3.12/site-packages/starlette/testclient.py:53: DeprecationWarning: The anyio.abc.BlockingPortal alias is deprecated, use anyio.from_thread.BlockingPortal instead.
2026-09-15T08:52:30.2629570Z     _PortalFactoryType = Callable[[], AbstractContextManager[anyio.abc.BlockingPortal]]
2026-09-15T08:52:30.2630023Z 
2026-09-15T08:52:30.2630284Z -- Docs: https://docs.pytest.org/en/stable/how-to/capture-warnings.html
2026-09-15T08:52:30.2630862Z ================= 584 passed, 2 warnings in 351.27s (0:05:51) ==================
2026-09-15T08:52:30.5227798Z Post job cleanup.
2026-09-15T08:52:30.6605998Z Post job cleanup.
2026-09-15T08:52:30.7495838Z [command]/usr/bin/git version
2026-09-15T08:52:30.7544859Z git version 2.55.0
2026-09-15T08:52:30.7590565Z Temporarily overriding HOME='<RUNNER_HOME>/work/_temp/a1b33538-d27a-46fd-8070-34418222d845' before making global git config changes
2026-09-15T08:52:30.7592262Z Adding repository directory to the temporary git global config as a safe directory
2026-09-15T08:52:30.7594451Z [command]/usr/bin/git config --global --add safe.directory <RUNNER_WORKSPACE>
2026-09-15T08:52:30.7630568Z Removing SSH command configuration
2026-09-15T08:52:30.7637378Z [command]/usr/bin/git config --local --name-only --get-regexp core\.sshCommand
2026-09-15T08:52:30.7677234Z [command]/usr/bin/git submodule foreach --recursive sh -c "git config --local --name-only --get-regexp 'core\.sshCommand' && git config --local --unset-all 'core.sshCommand' || :"
2026-09-15T08:52:30.7974287Z Removing HTTP extra header
2026-09-15T08:52:30.7981618Z [command]/usr/bin/git config --local --name-only --get-regexp http\.https\:\/\/github\.com\/\.extraheader
2026-09-15T08:52:30.8025207Z [command]/usr/bin/git submodule foreach --recursive sh -c "git config --local --name-only --get-regexp 'http\.https\:\/\/github\.com\/\.extraheader' && git config --local --unset-all 'http.https://github.com/.extraheader' || :"
2026-09-15T08:52:30.8442976Z Removing includeIf entries pointing to credentials config files
2026-09-15T08:52:30.8444308Z [command]/usr/bin/git config --local --name-only --get-regexp ^includeIf\.gitdir:
2026-09-15T08:52:30.8481730Z includeif.gitdir:<RUNNER_WORKSPACE>/.git.path
2026-09-15T08:52:30.8482903Z includeif.gitdir:<RUNNER_WORKSPACE>/.git/worktrees/*.path
2026-09-15T08:52:30.8483836Z includeif.gitdir:/github/workspace/.git.path
2026-09-15T08:52:30.8484489Z includeif.gitdir:/github/workspace/.git/worktrees/*.path
2026-09-15T08:52:30.8505134Z [command]/usr/bin/git config --local --get-all includeif.gitdir:<RUNNER_WORKSPACE>/.git.path
2026-09-15T08:52:30.8537748Z <RUNNER_HOME>/work/_temp/git-credentials-3710b93b-124d-43c0-bd11-88f4c54a5a57.config
2026-09-15T08:52:30.8542819Z [command]/usr/bin/git config --local --unset includeif.gitdir:<RUNNER_WORKSPACE>/.git.path \/home\/runner\/work\/_temp\/git\-credentials\-3710b93b\-124d\-43c0\-bd11\-88f4c54a5a57\.config
2026-09-15T08:52:30.8588942Z [command]/usr/bin/git config --local --get-all includeif.gitdir:<RUNNER_WORKSPACE>/.git/worktrees/*.path
2026-09-15T08:52:30.8618322Z <RUNNER_HOME>/work/_temp/git-credentials-3710b93b-124d-43c0-bd11-88f4c54a5a57.config
2026-09-15T08:52:30.8650708Z [command]/usr/bin/git config --local --unset includeif.gitdir:<RUNNER_WORKSPACE>/.git/worktrees/*.path \/home\/runner\/work\/_temp\/git\-credentials\-3710b93b\-124d\-43c0\-bd11\-88f4c54a5a57\.config
2026-09-15T08:52:30.8679813Z [command]/usr/bin/git config --local --get-all includeif.gitdir:/github/workspace/.git.path
2026-09-15T08:52:30.8706190Z /github/runner_temp/git-credentials-3710b93b-124d-43c0-bd11-88f4c54a5a57.config
2026-09-15T08:52:30.8717470Z [command]/usr/bin/git config --local --unset includeif.gitdir:/github/workspace/.git.path \/github\/runner_temp\/git\-credentials\-3710b93b\-124d\-43c0\-bd11\-88f4c54a5a57\.config
2026-09-15T08:52:30.8754607Z [command]/usr/bin/git config --local --get-all includeif.gitdir:/github/workspace/.git/worktrees/*.path
2026-09-15T08:52:30.8779989Z /github/runner_temp/git-credentials-3710b93b-124d-43c0-bd11-88f4c54a5a57.config
2026-09-15T08:52:30.8789116Z [command]/usr/bin/git config --local --unset includeif.gitdir:/github/workspace/.git/worktrees/*.path \/github\/runner_temp\/git\-credentials\-3710b93b\-124d\-43c0\-bd11\-88f4c54a5a57\.config
2026-09-15T08:52:30.8827477Z [command]/usr/bin/git submodule foreach --recursive git config --local --show-origin --name-only --get-regexp remote.origin.url
2026-09-15T08:52:30.9114196Z Removing credentials config '<RUNNER_HOME>/work/_temp/git-credentials-3710b93b-124d-43c0-bd11-88f4c54a5a57.config'
2026-09-15T08:52:30.9258779Z Cleaning up orphan processes
