2026-09-15T08:46:22.6259902Z Current runner version: '2.337.0'
2026-09-15T08:46:22.6286177Z ##[group]Runner Image Provisioner
2026-09-15T08:46:22.6287105Z Hosted Compute Agent
2026-09-15T08:46:22.6287849Z Version: 20260828.587
2026-09-15T08:46:22.6288562Z Commit: abac92662cab4cc7352de4f9f9d2e2419aad9c29
2026-09-15T08:46:22.6289353Z Build Date: 2026-08-28T16:44:25Z
2026-09-15T08:46:22.6290076Z Worker ID: {78a8ab32-b9dd-4c6b-98e1-201ec107c6d8}
2026-09-15T08:46:22.6290861Z Azure Region: eastus
2026-09-15T08:46:22.6291443Z ##[endgroup]
2026-09-15T08:46:22.6293061Z ##[group]Operating System
2026-09-15T08:46:22.6293884Z Ubuntu
2026-09-15T08:46:22.6294438Z 26.04.1
2026-09-15T08:46:22.6295020Z LTS
2026-09-15T08:46:22.6295924Z ##[endgroup]
2026-09-15T08:46:22.6296523Z ##[group]Runner Image
2026-09-15T08:46:22.6297238Z Image: ubuntu-26.04
2026-09-15T08:46:22.6297809Z Version: 20260907.131.1
2026-09-15T08:46:22.6299153Z Included Software: https://github.com/actions/runner-images/blob/ubuntu26/20260907.131/images/ubuntu/Ubuntu2604-Readme.md
2026-09-15T08:46:22.6300773Z Image Release: https://github.com/actions/runner-images/releases/tag/ubuntu26%2F20260907.131
2026-09-15T08:46:22.6301769Z ##[endgroup]
2026-09-15T08:46:22.6302865Z ##[group]GITHUB_TOKEN Permissions
2026-09-15T08:46:22.6304876Z Contents: read
2026-09-15T08:46:22.6305713Z Metadata: read
2026-09-15T08:46:22.6306397Z ##[endgroup]
2026-09-15T08:46:22.6308504Z Secret source: Actions
2026-09-15T08:46:22.6309614Z Cache mode: write
2026-09-15T08:46:22.6310334Z Prepare workflow directory
2026-09-15T08:46:22.6660197Z Prepare all required actions
2026-09-15T08:46:22.6709578Z Getting action download info
2026-09-15T08:46:22.8650761Z Download action repository 'actions/checkout@3d3c42e5aac5ba805825da76410c181273ba90b1' (SHA:3d3c42e5aac5ba805825da76410c181273ba90b1)
2026-09-15T08:46:22.9665867Z Download action repository 'actions/setup-python@5fda3b95a4ea91299a34e894583c3862153e4b97' (SHA:5fda3b95a4ea91299a34e894583c3862153e4b97)
2026-09-15T08:46:23.1387073Z Complete job name: backend
2026-09-15T08:46:23.2176076Z ##[group]Run actions/checkout@3d3c42e5aac5ba805825da76410c181273ba90b1
2026-09-15T08:46:23.2177173Z with:
2026-09-15T08:46:23.2177624Z   repository: kl3574/Learning_Workbench
2026-09-15T08:46:23.2181294Z   token: ***
2026-09-15T08:46:23.2181724Z   ssh-strict: true
2026-09-15T08:46:23.2182148Z   ssh-user: git
2026-09-15T08:46:23.2182578Z   persist-credentials: true
2026-09-15T08:46:23.2183060Z   clean: true
2026-09-15T08:46:23.2183497Z   sparse-checkout-cone-mode: true
2026-09-15T08:46:23.2184009Z   fetch-depth: 1
2026-09-15T08:46:23.2184429Z   fetch-tags: false
2026-09-15T08:46:23.2184858Z   show-progress: true
2026-09-15T08:46:23.2185306Z   lfs: false
2026-09-15T08:46:23.2185912Z   submodules: false
2026-09-15T08:46:23.2186366Z   set-safe-directory: true
2026-09-15T08:46:23.2186865Z   allow-unsafe-pr-checkout: false
2026-09-15T08:46:23.2187632Z ##[endgroup]
2026-09-15T08:46:23.3259059Z Syncing repository: kl3574/Learning_Workbench
2026-09-15T08:46:23.3261417Z ##[group]Getting Git version info
2026-09-15T08:46:23.3262547Z Working directory is '<RUNNER_WORKSPACE>'
2026-09-15T08:46:23.3264567Z [command]/usr/bin/git version
2026-09-15T08:46:23.3283861Z git version 2.55.0
2026-09-15T08:46:23.3308796Z ##[endgroup]
2026-09-15T08:46:23.3324753Z Temporarily overriding HOME='<RUNNER_HOME>/work/_temp/3157516f-6132-49d7-b2ca-9c68c0fb9847' before making global git config changes
2026-09-15T08:46:23.3327415Z Adding repository directory to the temporary git global config as a safe directory
2026-09-15T08:46:23.3330288Z [command]/usr/bin/git config --global --add safe.directory <RUNNER_WORKSPACE>
2026-09-15T08:46:23.3394487Z Deleting the contents of '<RUNNER_WORKSPACE>'
2026-09-15T08:46:23.3404818Z ##[group]Determining repository object format
2026-09-15T08:46:23.3406490Z ##[endgroup]
2026-09-15T08:46:23.3407362Z ##[group]Initializing the repository
2026-09-15T08:46:23.3408251Z [command]/usr/bin/git init <RUNNER_WORKSPACE>
2026-09-15T08:46:23.3552168Z hint: Using 'master' as the name for the initial branch. This default branch name
2026-09-15T08:46:23.3557528Z hint: will change to "main" in Git 3.0. To configure the initial branch name
2026-09-15T08:46:23.3559059Z hint: to use in all of your new repositories, which will suppress this warning,
2026-09-15T08:46:23.3560243Z hint: call:
2026-09-15T08:46:23.3560908Z hint:
2026-09-15T08:46:23.3561793Z hint: 	git config --global init.defaultBranch <name>
2026-09-15T08:46:23.3562794Z hint:
2026-09-15T08:46:23.3563708Z hint: Names commonly chosen instead of 'master' are 'main', 'trunk' and
2026-09-15T08:46:23.3565200Z hint: 'development'. The just-created branch can be renamed via this command:
2026-09-15T08:46:23.3566690Z hint:
2026-09-15T08:46:23.3567389Z hint: 	git branch -m <name>
2026-09-15T08:46:23.3568144Z hint:
2026-09-15T08:46:23.3569255Z hint: Disable this message with "git config set advice.defaultBranchName false"
2026-09-15T08:46:23.3571278Z Initialized empty Git repository in <RUNNER_WORKSPACE>/.git/
2026-09-15T08:46:23.3575169Z [command]/usr/bin/git remote add origin https://github.com/kl3574/Learning_Workbench
2026-09-15T08:46:23.3620844Z ##[endgroup]
2026-09-15T08:46:23.3622146Z ##[group]Disabling automatic garbage collection
2026-09-15T08:46:23.3623599Z [command]/usr/bin/git config --local gc.auto 0
2026-09-15T08:46:23.3659968Z ##[endgroup]
2026-09-15T08:46:23.3661415Z ##[group]Setting up auth
2026-09-15T08:46:23.3662510Z Removing SSH command configuration
2026-09-15T08:46:23.3665663Z [command]/usr/bin/git config --local --name-only --get-regexp core\.sshCommand
2026-09-15T08:46:23.3702474Z [command]/usr/bin/git submodule foreach --recursive sh -c "git config --local --name-only --get-regexp 'core\.sshCommand' && git config --local --unset-all 'core.sshCommand' || :"
2026-09-15T08:46:23.4210864Z Removing HTTP extra header
2026-09-15T08:46:23.4217868Z [command]/usr/bin/git config --local --name-only --get-regexp http\.https\:\/\/github\.com\/\.extraheader
2026-09-15T08:46:23.4252041Z [command]/usr/bin/git submodule foreach --recursive sh -c "git config --local --name-only --get-regexp 'http\.https\:\/\/github\.com\/\.extraheader' && git config --local --unset-all 'http.https://github.com/.extraheader' || :"
2026-09-15T08:46:23.4511085Z Removing includeIf entries pointing to credentials config files
2026-09-15T08:46:23.4590585Z [command]/usr/bin/git config --local --name-only --get-regexp ^includeIf\.gitdir:
2026-09-15T08:46:23.4594567Z [command]/usr/bin/git submodule foreach --recursive git config --local --show-origin --name-only --get-regexp remote.origin.url
2026-09-15T08:46:23.4833481Z [command]/usr/bin/git config --file <RUNNER_HOME>/work/_temp/git-credentials-e08c2372-6fa7-4935-8f96-1f78e8ebb871.config http.https://github.com/.extraheader AUTHORIZATION: basic ***
2026-09-15T08:46:23.4871870Z [command]/usr/bin/git config --local includeIf.gitdir:<RUNNER_WORKSPACE>/.git.path <RUNNER_HOME>/work/_temp/git-credentials-e08c2372-6fa7-4935-8f96-1f78e8ebb871.config
2026-09-15T08:46:23.4902997Z [command]/usr/bin/git config --local includeIf.gitdir:<RUNNER_WORKSPACE>/.git/worktrees/*.path <RUNNER_HOME>/work/_temp/git-credentials-e08c2372-6fa7-4935-8f96-1f78e8ebb871.config
2026-09-15T08:46:23.4938135Z [command]/usr/bin/git config --local includeIf.gitdir:/github/workspace/.git.path /github/runner_temp/git-credentials-e08c2372-6fa7-4935-8f96-1f78e8ebb871.config
2026-09-15T08:46:23.4970169Z [command]/usr/bin/git config --local includeIf.gitdir:/github/workspace/.git/worktrees/*.path /github/runner_temp/git-credentials-e08c2372-6fa7-4935-8f96-1f78e8ebb871.config
2026-09-15T08:46:23.4999294Z ##[endgroup]
2026-09-15T08:46:23.5000150Z ##[group]Fetching the repository
2026-09-15T08:46:23.5006356Z [command]/usr/bin/git -c protocol.version=2 fetch --no-tags --prune --no-recurse-submodules --depth=1 origin +95ff6221219b146a598e134571954a8bcdab7160:refs/remotes/pull/49/merge
2026-09-15T08:46:26.1416463Z From https://github.com/kl3574/Learning_Workbench
2026-09-15T08:46:26.1418037Z  * [new ref]         95ff6221219b146a598e134571954a8bcdab7160 -> pull/49/merge
2026-09-15T08:46:26.1426895Z ##[endgroup]
2026-09-15T08:46:26.1427935Z ##[group]Determining the checkout info
2026-09-15T08:46:26.1428988Z ##[endgroup]
2026-09-15T08:46:26.1429676Z [command]/usr/bin/git sparse-checkout disable
2026-09-15T08:46:26.1484061Z [command]/usr/bin/git config --local --unset-all extensions.worktreeConfig
2026-09-15T08:46:26.1513321Z ##[group]Checking out the ref
2026-09-15T08:46:26.1516043Z [command]/usr/bin/git checkout --progress --force refs/remotes/pull/49/merge
2026-09-15T08:46:26.5681038Z Note: switching to 'refs/remotes/pull/49/merge'.
2026-09-15T08:46:26.5682138Z 
2026-09-15T08:46:26.5684501Z You are in 'detached HEAD' state. You can look around, make experimental
2026-09-15T08:46:26.5686038Z changes and commit them, and you can discard any commits you make in this
2026-09-15T08:46:26.5687351Z state without impacting any branches by switching back to a branch.
2026-09-15T08:46:26.5688146Z 
2026-09-15T08:46:26.5689232Z If you want to create a new branch to retain commits you create, you may
2026-09-15T08:46:26.5690322Z do so (now or later) by using -c with the switch command. Example:
2026-09-15T08:46:26.5690902Z 
2026-09-15T08:46:26.5691150Z   git switch -c <new-branch-name>
2026-09-15T08:46:26.5691585Z 
2026-09-15T08:46:26.5691873Z Or undo this operation with:
2026-09-15T08:46:26.5692254Z 
2026-09-15T08:46:26.5692489Z   git switch -
2026-09-15T08:46:26.5692780Z 
2026-09-15T08:46:26.5693259Z Turn off this advice by setting config variable advice.detachedHead to false
2026-09-15T08:46:26.5694053Z 
2026-09-15T08:46:26.5694818Z HEAD is now at 95ff622 Merge f0b4ce2e39a3bc374751379051553108ad6a57ed into 4ed8ea9244cafdad955f24a8d6ae699c82577779
2026-09-15T08:46:26.5709495Z ##[endgroup]
2026-09-15T08:46:26.5776251Z [command]/usr/bin/git log -1 --format=%H
2026-09-15T08:46:26.5805235Z 95ff6221219b146a598e134571954a8bcdab7160
2026-09-15T08:46:26.6164475Z ##[group]Run actions/setup-python@5fda3b95a4ea91299a34e894583c3862153e4b97
2026-09-15T08:46:26.6164902Z with:
2026-09-15T08:46:26.6165105Z   python-version: 3.12.13
2026-09-15T08:46:26.6165355Z   check-latest: false
2026-09-15T08:46:26.6168144Z   token: ***
2026-09-15T08:46:26.6168387Z   update-environment: true
2026-09-15T08:46:26.6168646Z   allow-prereleases: false
2026-09-15T08:46:26.6168896Z   freethreaded: false
2026-09-15T08:46:26.6169107Z ##[endgroup]
2026-09-15T08:46:26.7378465Z ##[group]Installed versions
2026-09-15T08:46:26.7388507Z Version 3.12.13 was not found in the local cache
2026-09-15T08:46:27.2863717Z Version 3.12.13 is available for downloading
2026-09-15T08:46:27.2864718Z Download from "https://github.com/actions/python-versions/releases/download/3.12.13-27650778726/python-3.12.13-linux-26.04-x64.tar.gz"
2026-09-15T08:46:27.7897472Z Extract downloaded archive
2026-09-15T08:46:27.8046516Z [command]/usr/bin/tar xz --warning=no-unknown-keyword --overwrite -C <RUNNER_HOME>/work/_temp/9429adab-42e7-4c62-97cf-0f87f1bdd56d -f <RUNNER_HOME>/work/_temp/c34c41db-37eb-4663-a0a0-16313f9c9d81
2026-09-15T08:46:28.9863752Z Execute installation script
2026-09-15T08:46:28.9999287Z Check if Python hostedtoolcache folder exist...
2026-09-15T08:46:28.9999991Z Create Python 3.12.13 folder
2026-09-15T08:46:29.0025291Z Copy Python binaries to hostedtoolcache folder
2026-09-15T08:46:29.4659349Z Create additional symlinks (Required for the UsePythonVersion Azure Pipelines task and the setup-python GitHub Action)
2026-09-15T08:46:29.4762533Z Upgrading pip...
2026-09-15T08:46:31.1411512Z Collecting pip
2026-09-15T08:46:31.1588236Z Downloading pip-26.2.1-py3-none-any.whl.metadata (4.6 kB)
2026-09-15T08:46:31.1666528Z Downloading pip-26.2.1-py3-none-any.whl (1.8 MB)
2026-09-15T08:46:31.1868037Z ━━━━━━━━━━━━━━━━━━━━━━━━━━━━━━━━━━━━━━━━ 1.8/1.8 MB 129.8 MB/s eta 0:00:00
2026-09-15T08:46:31.1868543Z 
2026-09-15T08:46:31.2066281Z Installing collected packages: pip
2026-09-15T08:46:31.2067478Z Attempting uninstall: pip
2026-09-15T08:46:31.2087518Z Found existing installation: pip 25.0.1
2026-09-15T08:46:31.2428608Z Uninstalling pip-25.0.1:
2026-09-15T08:46:31.2486481Z Successfully uninstalled pip-25.0.1
2026-09-15T08:46:32.1285642Z Successfully installed pip-26.2.1
2026-09-15T08:46:32.1924539Z Create complete file
2026-09-15T08:46:32.1981009Z Successfully set up CPython (3.12.13)
2026-09-15T08:46:32.1982504Z ##[endgroup]
2026-09-15T08:46:32.2190090Z ##[group]Run python -m pip install uv==0.11.21
2026-09-15T08:46:32.2190552Z [36;1mpython -m pip install uv==0.11.21[0m
2026-09-15T08:46:32.2461546Z shell: /usr/bin/bash -e {0}
2026-09-15T08:46:32.2462634Z env:
2026-09-15T08:46:32.2463057Z   pythonLocation: /opt/hostedtoolcache/Python/3.12.13/x64
2026-09-15T08:46:32.2464383Z   PKG_CONFIG_PATH: /opt/hostedtoolcache/Python/3.12.13/x64/lib/pkgconfig
2026-09-15T08:46:32.2465059Z   Python_ROOT_DIR: /opt/hostedtoolcache/Python/3.12.13/x64
2026-09-15T08:46:32.2467721Z   Python2_ROOT_DIR: /opt/hostedtoolcache/Python/3.12.13/x64
2026-09-15T08:46:32.2468348Z   Python3_ROOT_DIR: /opt/hostedtoolcache/Python/3.12.13/x64
2026-09-15T08:46:32.2469497Z   LD_LIBRARY_PATH: /opt/hostedtoolcache/Python/3.12.13/x64/lib
2026-09-15T08:46:32.2470024Z ##[endgroup]
2026-09-15T08:46:32.9512164Z Collecting uv==0.11.21
2026-09-15T08:46:32.9742286Z   Downloading uv-0.11.21-py3-none-manylinux_2_17_x86_64.manylinux2014_x86_64.whl.metadata (11 kB)
2026-09-15T08:46:33.0534825Z Downloading uv-0.11.21-py3-none-manylinux_2_17_x86_64.manylinux2014_x86_64.whl (25.1 MB)
2026-09-15T08:46:33.2085763Z    ━━━━━━━━━━━━━━━━━━━━━━━━━━━━━━━━━━━━━━━━ 25.1/25.1 MB 173.4 MB/s  0:00:00
2026-09-15T08:46:33.2546636Z Installing collected packages: uv
2026-09-15T08:46:33.5182921Z Successfully installed uv-0.11.21
2026-09-15T08:46:33.5840997Z ##[group]Run uv sync --frozen
2026-09-15T08:46:33.5841367Z [36;1muv sync --frozen[0m
2026-09-15T08:46:33.5902727Z shell: /usr/bin/bash -e {0}
2026-09-15T08:46:33.5902988Z env:
2026-09-15T08:46:33.5903284Z   pythonLocation: /opt/hostedtoolcache/Python/3.12.13/x64
2026-09-15T08:46:33.5903752Z   PKG_CONFIG_PATH: /opt/hostedtoolcache/Python/3.12.13/x64/lib/pkgconfig
2026-09-15T08:46:33.5904228Z   Python_ROOT_DIR: /opt/hostedtoolcache/Python/3.12.13/x64
2026-09-15T08:46:33.5904652Z   Python2_ROOT_DIR: /opt/hostedtoolcache/Python/3.12.13/x64
2026-09-15T08:46:33.5905064Z   Python3_ROOT_DIR: /opt/hostedtoolcache/Python/3.12.13/x64
2026-09-15T08:46:33.5905723Z   LD_LIBRARY_PATH: /opt/hostedtoolcache/Python/3.12.13/x64/lib
2026-09-15T08:46:33.5906077Z ##[endgroup]
2026-09-15T08:46:33.6523658Z Using CPython 3.12.13 interpreter at: /opt/hostedtoolcache/Python/3.12.13/x64/bin/python3.12
2026-09-15T08:46:33.6524316Z Creating virtual environment at: .venv
2026-09-15T08:46:33.7417933Z Downloading pygments (1.2MiB)
2026-09-15T08:46:33.7420202Z Downloading pydantic-core (2.0MiB)
2026-09-15T08:46:33.7422332Z Downloading ast-serialize (1.3MiB)
2026-09-15T08:46:33.7427105Z Downloading ruff (9.9MiB)
2026-09-15T08:46:33.7438279Z Downloading mypy (14.6MiB)
2026-09-15T08:46:33.9774777Z  Downloaded ast-serialize
2026-09-15T08:46:34.0153230Z  Downloaded pydantic-core
2026-09-15T08:46:34.0532249Z  Downloaded ruff
2026-09-15T08:46:34.1503454Z  Downloaded pygments
2026-09-15T08:46:34.3150757Z  Downloaded mypy
2026-09-15T08:46:34.3153128Z Prepared 37 packages in 659ms
2026-09-15T08:46:34.3546549Z Installed 37 packages in 38ms
2026-09-15T08:46:34.3548809Z  + annotated-doc==0.0.5
2026-09-15T08:46:34.3549514Z  + annotated-types==0.8.0
2026-09-15T08:46:34.3550478Z  + anyio==4.15.1
2026-09-15T08:46:34.3551270Z  + ast-serialize==0.11.2
2026-09-15T08:46:34.3551937Z  + attrs==26.1.0
2026-09-15T08:46:34.3552496Z  + certifi==2026.7.22
2026-09-15T08:46:34.3553060Z  + click==8.5.0
2026-09-15T08:46:34.3553668Z  + defusedxml==0.7.1
2026-09-15T08:46:34.3554258Z  + fastapi==0.141.1
2026-09-15T08:46:34.3554862Z  + h11==0.16.0
2026-09-15T08:46:34.3555688Z  + httpcore==1.0.9
2026-09-15T08:46:34.3556208Z  + httpx==0.28.1
2026-09-15T08:46:34.3557058Z  + idna==3.19
2026-09-15T08:46:34.3558264Z  + iniconfig==2.3.0
2026-09-15T08:46:34.3559116Z  + jsonschema==4.26.0
2026-09-15T08:46:34.3559684Z  + jsonschema-specifications==2025.9.1
2026-09-15T08:46:34.3560299Z  + librt==0.15.0
2026-09-15T08:46:34.3560790Z  + markdown-it-py==4.2.0
2026-09-15T08:46:34.3561307Z  + mdurl==0.1.2
2026-09-15T08:46:34.3561773Z  + mypy==2.3.1
2026-09-15T08:46:34.3562255Z  + mypy-extensions==1.1.0
2026-09-15T08:46:34.3562805Z  + packaging==26.3
2026-09-15T08:46:34.3563292Z  + pathspec==1.1.1
2026-09-15T08:46:34.3563764Z  + pluggy==1.6.0
2026-09-15T08:46:34.3564232Z  + pydantic==2.13.5
2026-09-15T08:46:34.3564729Z  + pydantic-core==2.46.5
2026-09-15T08:46:34.3565237Z  + pygments==2.21.0
2026-09-15T08:46:34.3565977Z  + pypdf==6.18.1
2026-09-15T08:46:34.3566473Z  + pytest==9.1.1
2026-09-15T08:46:34.3566959Z  + python-multipart==0.0.32
2026-09-15T08:46:34.3567493Z  + referencing==0.37.0
2026-09-15T08:46:34.3567987Z  + rpds-py==2026.6.3
2026-09-15T08:46:34.3568446Z  + ruff==0.16.7
2026-09-15T08:46:34.3568905Z  + starlette==1.6.0
2026-09-15T08:46:34.3569388Z  + typing-extensions==4.16.0
2026-09-15T08:46:34.3569924Z  + typing-inspection==0.4.4
2026-09-15T08:46:34.3570443Z  + uvicorn==0.53.0
2026-09-15T08:46:34.3633719Z ##[group]Run sudo apt-get update
2026-09-15T08:46:34.3634053Z [36;1msudo apt-get update[0m
2026-09-15T08:46:34.3634701Z [36;1msudo apt-get install -y bubblewrap=0.11.1-1ubuntu0.1 apparmor=5.0.2-0ubuntu1~26.04.1 libapparmor1=5.0.2-0ubuntu1~26.04.1 libseccomp2=2.6.0-2ubuntu5[0m
2026-09-15T08:46:34.3635816Z [36;1mdpkg-query -W bubblewrap apparmor libapparmor1 libseccomp2[0m
2026-09-15T08:46:34.3636474Z [36;1mtest -f /etc/apparmor.d/bwrap-userns-restrict[0m
2026-09-15T08:46:34.3636808Z [36;1mbwrap --version[0m
2026-09-15T08:46:34.3694268Z shell: /usr/bin/bash -e {0}
2026-09-15T08:46:34.3694518Z env:
2026-09-15T08:46:34.3694790Z   pythonLocation: /opt/hostedtoolcache/Python/3.12.13/x64
2026-09-15T08:46:34.3695249Z   PKG_CONFIG_PATH: /opt/hostedtoolcache/Python/3.12.13/x64/lib/pkgconfig
2026-09-15T08:46:34.3695999Z   Python_ROOT_DIR: /opt/hostedtoolcache/Python/3.12.13/x64
2026-09-15T08:46:34.3696395Z   Python2_ROOT_DIR: /opt/hostedtoolcache/Python/3.12.13/x64
2026-09-15T08:46:34.3696831Z   Python3_ROOT_DIR: /opt/hostedtoolcache/Python/3.12.13/x64
2026-09-15T08:46:34.3697237Z   LD_LIBRARY_PATH: /opt/hostedtoolcache/Python/3.12.13/x64/lib
2026-09-15T08:46:34.3697563Z ##[endgroup]
2026-09-15T08:46:34.4700060Z Get:1 file:/etc/apt/apt-mirrors.txt Mirrorlist [144 B]
2026-09-15T08:46:34.4946323Z Get:6 https://packages.microsoft.com/ubuntu/26.04/prod resolute InRelease [3964 B]
2026-09-15T08:46:34.5089220Z Hit:2 http://azure.archive.ubuntu.com/ubuntu resolute InRelease
2026-09-15T08:46:34.5115340Z Get:3 http://azure.archive.ubuntu.com/ubuntu resolute-updates InRelease [137 kB]
2026-09-15T08:46:34.5160973Z Get:4 http://azure.archive.ubuntu.com/ubuntu resolute-backports InRelease [137 kB]
2026-09-15T08:46:34.5173548Z Get:7 https://dl.google.com/linux/chrome-stable/deb stable InRelease [2548 B]
2026-09-15T08:46:34.5178228Z Get:5 http://azure.archive.ubuntu.com/ubuntu resolute-security InRelease [137 kB]
2026-09-15T08:46:34.5274039Z Get:8 https://packages.microsoft.com/ubuntu/26.04/prod resolute/main amd64 Packages [59.9 kB]
2026-09-15T08:46:34.5478407Z Get:9 https://packages.microsoft.com/ubuntu/26.04/prod resolute/main arm64 Packages [52.1 kB]
2026-09-15T08:46:34.5603079Z Get:10 http://azure.archive.ubuntu.com/ubuntu resolute-updates/main amd64v3 Packages [610 kB]
2026-09-15T08:46:34.5666602Z Get:11 http://azure.archive.ubuntu.com/ubuntu resolute-updates/main Translation-en [145 kB]
2026-09-15T08:46:34.5686809Z Get:12 http://azure.archive.ubuntu.com/ubuntu resolute-updates/main amd64 Components [97.8 kB]
2026-09-15T08:46:34.5792455Z Get:13 http://azure.archive.ubuntu.com/ubuntu resolute-updates/universe amd64v3 Packages [293 kB]
2026-09-15T08:46:34.5829615Z Get:14 http://azure.archive.ubuntu.com/ubuntu resolute-updates/universe Translation-en [93.2 kB]
2026-09-15T08:46:34.5837048Z Get:15 http://azure.archive.ubuntu.com/ubuntu resolute-updates/universe amd64 Components [188 kB]
2026-09-15T08:46:34.5838776Z Get:16 http://azure.archive.ubuntu.com/ubuntu resolute-updates/restricted amd64v3 Packages [409 kB]
2026-09-15T08:46:34.5840403Z Get:17 http://azure.archive.ubuntu.com/ubuntu resolute-updates/restricted Translation-en [79.5 kB]
2026-09-15T08:46:34.5841855Z Get:18 http://azure.archive.ubuntu.com/ubuntu resolute-updates/multiverse amd64v3 Packages [11.6 kB]
2026-09-15T08:46:34.5843173Z Get:19 http://azure.archive.ubuntu.com/ubuntu resolute-updates/multiverse Translation-en [3036 B]
2026-09-15T08:46:34.6118434Z Get:21 https://dl.google.com/linux/chrome-stable/deb stable/main amd64 Packages [1413 B]
2026-09-15T08:46:34.6251114Z Get:20 http://azure.archive.ubuntu.com/ubuntu resolute-backports/universe amd64 Components [1056 B]
2026-09-15T08:46:34.6277206Z Get:22 http://azure.archive.ubuntu.com/ubuntu resolute-security/main amd64v3 Packages [474 kB]
2026-09-15T08:46:34.6290858Z Get:23 http://azure.archive.ubuntu.com/ubuntu resolute-security/main Translation-en [111 kB]
2026-09-15T08:46:34.6301695Z Get:24 http://azure.archive.ubuntu.com/ubuntu resolute-security/main amd64 Components [46.6 kB]
2026-09-15T08:46:34.6317522Z Get:25 http://azure.archive.ubuntu.com/ubuntu resolute-security/universe amd64v3 Packages [173 kB]
2026-09-15T08:46:34.6333475Z Get:26 http://azure.archive.ubuntu.com/ubuntu resolute-security/universe Translation-en [54.4 kB]
2026-09-15T08:46:34.6342572Z Get:27 http://azure.archive.ubuntu.com/ubuntu resolute-security/universe amd64 Components [43.4 kB]
2026-09-15T08:46:34.6349313Z Get:28 http://azure.archive.ubuntu.com/ubuntu resolute-security/restricted amd64v3 Packages [399 kB]
2026-09-15T08:46:34.6370217Z Get:29 http://azure.archive.ubuntu.com/ubuntu resolute-security/restricted Translation-en [77.7 kB]
2026-09-15T08:46:34.6380041Z Get:30 http://azure.archive.ubuntu.com/ubuntu resolute-security/multiverse amd64v3 Packages [10.9 kB]
2026-09-15T08:46:34.6387891Z Get:31 http://azure.archive.ubuntu.com/ubuntu resolute-security/multiverse Translation-en [2844 B]
2026-09-15T08:46:38.2827468Z Fetched 3855 kB in 0s (9241 kB/s)
2026-09-15T08:46:38.9127061Z Reading package lists...
2026-09-15T08:46:38.9462605Z Reading package lists...
2026-09-15T08:46:39.1096935Z Building dependency tree...
2026-09-15T08:46:39.1104170Z Reading state information...
2026-09-15T08:46:39.1446753Z bubblewrap is already the newest version (0.11.1-1ubuntu0.1).
2026-09-15T08:46:39.1447442Z bubblewrap set to manually installed.
2026-09-15T08:46:39.1447993Z apparmor is already the newest version (5.0.2-0ubuntu1~26.04.1).
2026-09-15T08:46:39.1448543Z apparmor set to manually installed.
2026-09-15T08:46:39.1449172Z libapparmor1 is already the newest version (5.0.2-0ubuntu1~26.04.1).
2026-09-15T08:46:39.1449771Z libapparmor1 set to manually installed.
2026-09-15T08:46:39.1450290Z libseccomp2 is already the newest version (2.6.0-2ubuntu5).
2026-09-15T08:46:39.1450812Z libseccomp2 set to manually installed.
2026-09-15T08:46:39.1959921Z Solving dependencies...
2026-09-15T08:46:39.3147470Z 0 upgraded, 0 newly installed, 0 to remove and 73 not upgraded.
2026-09-15T08:46:39.3286089Z apparmor	5.0.2-0ubuntu1~26.04.1
2026-09-15T08:46:39.3286619Z bubblewrap	0.11.1-1ubuntu0.1
2026-09-15T08:46:39.3287069Z libapparmor1:amd64	5.0.2-0ubuntu1~26.04.1
2026-09-15T08:46:39.3287553Z libseccomp2:amd64	2.6.0-2ubuntu5
2026-09-15T08:46:39.3308347Z bubblewrap 0.11.1
2026-09-15T08:46:39.3341589Z ##[group]Run uv run --frozen ruff check .
2026-09-15T08:46:39.3341930Z [36;1muv run --frozen ruff check .[0m
2026-09-15T08:46:39.3400444Z shell: /usr/bin/bash -e {0}
2026-09-15T08:46:39.3400687Z env:
2026-09-15T08:46:39.3400949Z   pythonLocation: /opt/hostedtoolcache/Python/3.12.13/x64
2026-09-15T08:46:39.3401397Z   PKG_CONFIG_PATH: /opt/hostedtoolcache/Python/3.12.13/x64/lib/pkgconfig
2026-09-15T08:46:39.3401850Z   Python_ROOT_DIR: /opt/hostedtoolcache/Python/3.12.13/x64
2026-09-15T08:46:39.3402245Z   Python2_ROOT_DIR: /opt/hostedtoolcache/Python/3.12.13/x64
2026-09-15T08:46:39.3402821Z   Python3_ROOT_DIR: /opt/hostedtoolcache/Python/3.12.13/x64
2026-09-15T08:46:39.3403228Z   LD_LIBRARY_PATH: /opt/hostedtoolcache/Python/3.12.13/x64/lib
2026-09-15T08:46:39.3403563Z ##[endgroup]
2026-09-15T08:46:39.4408624Z All checks passed!
2026-09-15T08:46:39.4488118Z ##[group]Run uv run --frozen mypy
2026-09-15T08:46:39.4488445Z [36;1muv run --frozen mypy[0m
2026-09-15T08:46:39.4547073Z shell: /usr/bin/bash -e {0}
2026-09-15T08:46:39.4547325Z env:
2026-09-15T08:46:39.4547597Z   pythonLocation: /opt/hostedtoolcache/Python/3.12.13/x64
2026-09-15T08:46:39.4548067Z   PKG_CONFIG_PATH: /opt/hostedtoolcache/Python/3.12.13/x64/lib/pkgconfig
2026-09-15T08:46:39.4548512Z   Python_ROOT_DIR: /opt/hostedtoolcache/Python/3.12.13/x64
2026-09-15T08:46:39.4548895Z   Python2_ROOT_DIR: /opt/hostedtoolcache/Python/3.12.13/x64
2026-09-15T08:46:39.4549290Z   Python3_ROOT_DIR: /opt/hostedtoolcache/Python/3.12.13/x64
2026-09-15T08:46:39.4549674Z   LD_LIBRARY_PATH: /opt/hostedtoolcache/Python/3.12.13/x64/lib
2026-09-15T08:46:39.4550010Z ##[endgroup]
2026-09-15T08:46:46.5623741Z Success: no issues found in 125 source files
2026-09-15T08:46:46.5847621Z ##[group]Run uv run --frozen python scripts/probe_document_sandbox.py
2026-09-15T08:46:46.5848141Z [36;1muv run --frozen python scripts/probe_document_sandbox.py[0m
2026-09-15T08:46:46.5904261Z shell: /usr/bin/bash -e {0}
2026-09-15T08:46:46.5904542Z env:
2026-09-15T08:46:46.5904807Z   pythonLocation: /opt/hostedtoolcache/Python/3.12.13/x64
2026-09-15T08:46:46.5905251Z   PKG_CONFIG_PATH: /opt/hostedtoolcache/Python/3.12.13/x64/lib/pkgconfig
2026-09-15T08:46:46.5905939Z   Python_ROOT_DIR: /opt/hostedtoolcache/Python/3.12.13/x64
2026-09-15T08:46:46.5906335Z   Python2_ROOT_DIR: /opt/hostedtoolcache/Python/3.12.13/x64
2026-09-15T08:46:46.5906727Z   Python3_ROOT_DIR: /opt/hostedtoolcache/Python/3.12.13/x64
2026-09-15T08:46:46.5907128Z   LD_LIBRARY_PATH: /opt/hostedtoolcache/Python/3.12.13/x64/lib
2026-09-15T08:46:46.5907454Z ##[endgroup]
2026-09-15T08:46:47.0926299Z {
2026-09-15T08:46:47.0927319Z   "scope": "fixed synthetic runtime probe; no uploaded document or environment dump",
2026-09-15T08:46:47.0928037Z   "python_version": "3.12.13",
2026-09-15T08:46:47.0928599Z   "exit_code": 0,
2026-09-15T08:46:47.0929206Z   "stdout": "{\"synthetic_runtime_ready\": true}\n",
2026-09-15T08:46:47.0929723Z   "stderr": "",
2026-09-15T08:46:47.0930060Z   "status": "PASS"
2026-09-15T08:46:47.0930386Z }
2026-09-15T08:46:47.1172103Z ##[group]Run uv run --frozen pytest tests/unit tests/security
2026-09-15T08:46:47.1172578Z [36;1muv run --frozen pytest tests/unit tests/security[0m
2026-09-15T08:46:47.1229640Z shell: /usr/bin/bash -e {0}
2026-09-15T08:46:47.1229889Z env:
2026-09-15T08:46:47.1230163Z   pythonLocation: /opt/hostedtoolcache/Python/3.12.13/x64
2026-09-15T08:46:47.1230609Z   PKG_CONFIG_PATH: /opt/hostedtoolcache/Python/3.12.13/x64/lib/pkgconfig
2026-09-15T08:46:47.1231040Z   Python_ROOT_DIR: /opt/hostedtoolcache/Python/3.12.13/x64
2026-09-15T08:46:47.1231439Z   Python2_ROOT_DIR: /opt/hostedtoolcache/Python/3.12.13/x64
2026-09-15T08:46:47.1231829Z   Python3_ROOT_DIR: /opt/hostedtoolcache/Python/3.12.13/x64
2026-09-15T08:46:47.1232254Z   LD_LIBRARY_PATH: /opt/hostedtoolcache/Python/3.12.13/x64/lib
2026-09-15T08:46:47.1232601Z ##[endgroup]
2026-09-15T08:46:50.1199911Z ============================= test session starts ==============================
2026-09-15T08:46:50.1200875Z platform linux -- Python 3.12.13, pytest-9.1.1, pluggy-1.6.0
2026-09-15T08:46:50.1201737Z rootdir: <RUNNER_WORKSPACE>
2026-09-15T08:46:50.1202449Z configfile: pyproject.toml
2026-09-15T08:46:50.1202917Z plugins: anyio-4.15.1
2026-09-15T08:46:50.1203327Z collected 537 items
2026-09-15T08:46:50.1203564Z 
2026-09-15T08:46:50.2443446Z tests/unit/test_backend_database.py .........                            [  1%]
2026-09-15T08:46:50.7372045Z tests/unit/test_backup_command.py ....                                   [  2%]
2026-09-15T08:46:50.7542433Z tests/unit/test_concept_state_rules.py ..................                [  5%]
2026-09-15T08:46:50.8223960Z tests/unit/test_content_store.py ....................................... [ 13%]
2026-09-15T08:46:50.8653655Z ...........................                                              [ 18%]
2026-09-15T08:46:54.4960447Z tests/unit/test_document_extraction.py ................................. [ 24%]
2026-09-15T08:46:55.8137381Z ................                                                         [ 27%]
2026-09-15T08:46:55.8589792Z tests/unit/test_eligibility.py ......................................... [ 34%]
2026-09-15T08:46:55.8668809Z .......                                                                  [ 36%]
2026-09-15T08:46:55.8719844Z tests/unit/test_governance.py .....                                      [ 37%]
2026-09-15T08:46:55.9154031Z tests/unit/test_grading_rules.py ....................................... [ 44%]
2026-09-15T08:46:55.9708127Z ....................................................                     [ 54%]
2026-09-15T08:46:56.0260976Z tests/unit/test_import_budgets.py ......................                 [ 58%]
2026-09-15T08:46:56.4217125Z tests/unit/test_import_parsing.py ...................................... [ 65%]
2026-09-15T08:46:56.5580402Z ......                                                                   [ 66%]
2026-09-15T08:46:57.0581108Z tests/unit/test_provider_budget.py ............                          [ 68%]
2026-09-15T08:46:57.5236000Z tests/unit/test_provider_protocol.py .............................       [ 73%]
2026-09-15T08:46:59.7741588Z tests/unit/test_provider_repository.py ...........                       [ 75%]
2026-09-15T08:47:00.7603155Z tests/unit/test_provider_secret_store.py .......................         [ 80%]
2026-09-15T08:47:00.7661534Z tests/unit/test_recommendation_config.py .......                         [ 81%]
2026-09-15T08:47:00.8615010Z tests/unit/test_recommendation_rules.py ..................               [ 84%]
2026-09-15T08:47:02.1931097Z tests/unit/test_spec_catalog.py ....                                     [ 85%]
2026-09-15T08:47:02.2136950Z tests/unit/test_spec_extraction.py .........                             [ 87%]
2026-09-15T08:47:04.5153595Z tests/security/test_document_sandbox.py ...............                  [ 90%]
2026-09-15T08:47:10.6694823Z tests/security/test_local_boundary.py .................................  [ 96%]
2026-09-15T08:47:11.2661907Z tests/security/test_provider_network.py ....................             [100%]
2026-09-15T08:47:11.2662480Z 
2026-09-15T08:47:11.2662685Z =============================== warnings summary ===============================
2026-09-15T08:47:11.2663233Z .venv/lib/python3.12/site-packages/fastapi/testclient.py:1
2026-09-15T08:47:11.2664641Z   <RUNNER_WORKSPACE>/.venv/lib/python3.12/site-packages/fastapi/testclient.py:1: StarletteDeprecationWarning: Using `httpx` with `starlette.testclient` is deprecated; install `httpx2` instead.
2026-09-15T08:47:11.2666485Z     from starlette.testclient import TestClient as TestClient  # noqa
2026-09-15T08:47:11.2666943Z 
2026-09-15T08:47:11.2667222Z .venv/lib/python3.12/site-packages/starlette/testclient.py:53
2026-09-15T08:47:11.2668904Z   <RUNNER_WORKSPACE>/.venv/lib/python3.12/site-packages/starlette/testclient.py:53: DeprecationWarning: The anyio.abc.BlockingPortal alias is deprecated, use anyio.from_thread.BlockingPortal instead.
2026-09-15T08:47:11.2670464Z     _PortalFactoryType = Callable[[], AbstractContextManager[anyio.abc.BlockingPortal]]
2026-09-15T08:47:11.2670906Z 
2026-09-15T08:47:11.2671164Z -- Docs: https://docs.pytest.org/en/stable/how-to/capture-warnings.html
2026-09-15T08:47:11.2671755Z ======================= 537 passed, 2 warnings in 23.23s =======================
2026-09-15T08:47:11.4836332Z Post job cleanup.
2026-09-15T08:47:11.6174249Z Post job cleanup.
2026-09-15T08:47:11.7062409Z [command]/usr/bin/git version
2026-09-15T08:47:11.7140899Z git version 2.55.0
2026-09-15T08:47:11.7180341Z Temporarily overriding HOME='<RUNNER_HOME>/work/_temp/c2fbaa37-de4e-4ba4-990d-3f2b3dcdac74' before making global git config changes
2026-09-15T08:47:11.7183877Z Adding repository directory to the temporary git global config as a safe directory
2026-09-15T08:47:11.7186819Z [command]/usr/bin/git config --global --add safe.directory <RUNNER_WORKSPACE>
2026-09-15T08:47:11.7223400Z Removing SSH command configuration
2026-09-15T08:47:11.7229926Z [command]/usr/bin/git config --local --name-only --get-regexp core\.sshCommand
2026-09-15T08:47:11.7279591Z [command]/usr/bin/git submodule foreach --recursive sh -c "git config --local --name-only --get-regexp 'core\.sshCommand' && git config --local --unset-all 'core.sshCommand' || :"
2026-09-15T08:47:11.7590225Z Removing HTTP extra header
2026-09-15T08:47:11.7597846Z [command]/usr/bin/git config --local --name-only --get-regexp http\.https\:\/\/github\.com\/\.extraheader
2026-09-15T08:47:11.7641301Z [command]/usr/bin/git submodule foreach --recursive sh -c "git config --local --name-only --get-regexp 'http\.https\:\/\/github\.com\/\.extraheader' && git config --local --unset-all 'http.https://github.com/.extraheader' || :"
2026-09-15T08:47:11.7991450Z Removing includeIf entries pointing to credentials config files
2026-09-15T08:47:11.7999769Z [command]/usr/bin/git config --local --name-only --get-regexp ^includeIf\.gitdir:
2026-09-15T08:47:11.8037148Z includeif.gitdir:<RUNNER_WORKSPACE>/.git.path
2026-09-15T08:47:11.8047812Z includeif.gitdir:<RUNNER_WORKSPACE>/.git/worktrees/*.path
2026-09-15T08:47:11.8056880Z includeif.gitdir:/github/workspace/.git.path
2026-09-15T08:47:11.8057869Z includeif.gitdir:/github/workspace/.git/worktrees/*.path
2026-09-15T08:47:11.8060154Z [command]/usr/bin/git config --local --get-all includeif.gitdir:<RUNNER_WORKSPACE>/.git.path
2026-09-15T08:47:11.8078284Z <RUNNER_HOME>/work/_temp/git-credentials-e08c2372-6fa7-4935-8f96-1f78e8ebb871.config
2026-09-15T08:47:11.8095271Z [command]/usr/bin/git config --local --unset includeif.gitdir:<RUNNER_WORKSPACE>/.git.path \/home\/runner\/work\/_temp\/git\-credentials\-e08c2372\-6fa7\-4935\-8f96\-1f78e8ebb871\.config
2026-09-15T08:47:11.8136514Z [command]/usr/bin/git config --local --get-all includeif.gitdir:<RUNNER_WORKSPACE>/.git/worktrees/*.path
2026-09-15T08:47:11.8173516Z <RUNNER_HOME>/work/_temp/git-credentials-e08c2372-6fa7-4935-8f96-1f78e8ebb871.config
2026-09-15T08:47:11.8183847Z [command]/usr/bin/git config --local --unset includeif.gitdir:<RUNNER_WORKSPACE>/.git/worktrees/*.path \/home\/runner\/work\/_temp\/git\-credentials\-e08c2372\-6fa7\-4935\-8f96\-1f78e8ebb871\.config
2026-09-15T08:47:11.8220998Z [command]/usr/bin/git config --local --get-all includeif.gitdir:/github/workspace/.git.path
2026-09-15T08:47:11.8245077Z /github/runner_temp/git-credentials-e08c2372-6fa7-4935-8f96-1f78e8ebb871.config
2026-09-15T08:47:11.8253254Z [command]/usr/bin/git config --local --unset includeif.gitdir:/github/workspace/.git.path \/github\/runner_temp\/git\-credentials\-e08c2372\-6fa7\-4935\-8f96\-1f78e8ebb871\.config
2026-09-15T08:47:11.8286921Z [command]/usr/bin/git config --local --get-all includeif.gitdir:/github/workspace/.git/worktrees/*.path
2026-09-15T08:47:11.8311413Z /github/runner_temp/git-credentials-e08c2372-6fa7-4935-8f96-1f78e8ebb871.config
2026-09-15T08:47:11.8318042Z [command]/usr/bin/git config --local --unset includeif.gitdir:/github/workspace/.git/worktrees/*.path \/github\/runner_temp\/git\-credentials\-e08c2372\-6fa7\-4935\-8f96\-1f78e8ebb871\.config
2026-09-15T08:47:11.8414333Z [command]/usr/bin/git submodule foreach --recursive git config --local --show-origin --name-only --get-regexp remote.origin.url
2026-09-15T08:47:11.8637761Z Removing credentials config '<RUNNER_HOME>/work/_temp/git-credentials-e08c2372-6fa7-4935-8f96-1f78e8ebb871.config'
2026-09-15T08:47:11.8787174Z Cleaning up orphan processes
