2026-09-15T08:46:19.8843893Z Current runner version: '2.337.0'
2026-09-15T08:46:19.8869324Z ##[group]Runner Image Provisioner
2026-09-15T08:46:19.8870170Z Hosted Compute Agent
2026-09-15T08:46:19.8870842Z Version: 20260828.587
2026-09-15T08:46:19.8871492Z Commit: abac92662cab4cc7352de4f9f9d2e2419aad9c29
2026-09-15T08:46:19.8872199Z Build Date: 2026-08-28T16:44:25Z
2026-09-15T08:46:19.8873422Z Worker ID: {1e260fc0-071f-4d69-853d-b0fdd3d70dd9}
2026-09-15T08:46:19.8874144Z Azure Region: westus2
2026-09-15T08:46:19.8874746Z ##[endgroup]
2026-09-15T08:46:19.8876436Z ##[group]Operating System
2026-09-15T08:46:19.8877087Z Ubuntu
2026-09-15T08:46:19.8877755Z 26.04.1
2026-09-15T08:46:19.8878260Z LTS
2026-09-15T08:46:19.8878798Z ##[endgroup]
2026-09-15T08:46:19.8879356Z ##[group]Runner Image
2026-09-15T08:46:19.8879936Z Image: ubuntu-26.04
2026-09-15T08:46:19.8881004Z Version: 20260907.131.1
2026-09-15T08:46:19.8882245Z Included Software: https://github.com/actions/runner-images/blob/ubuntu26/20260907.131/images/ubuntu/Ubuntu2604-Readme.md
2026-09-15T08:46:19.8884085Z Image Release: https://github.com/actions/runner-images/releases/tag/ubuntu26%2F20260907.131
2026-09-15T08:46:19.8885103Z ##[endgroup]
2026-09-15T08:46:19.8886292Z ##[group]GITHUB_TOKEN Permissions
2026-09-15T08:46:19.8888411Z Contents: read
2026-09-15T08:46:19.8889123Z Metadata: read
2026-09-15T08:46:19.8889681Z ##[endgroup]
2026-09-15T08:46:19.8891862Z Secret source: Actions
2026-09-15T08:46:19.8893083Z Cache mode: write
2026-09-15T08:46:19.8894071Z Prepare workflow directory
2026-09-15T08:46:19.9236970Z Prepare all required actions
2026-09-15T08:46:19.9286019Z Getting action download info
2026-09-15T08:46:20.3100516Z Download action repository 'actions/checkout@3d3c42e5aac5ba805825da76410c181273ba90b1' (SHA:3d3c42e5aac5ba805825da76410c181273ba90b1)
2026-09-15T08:46:20.4010089Z Download action repository 'actions/setup-python@5fda3b95a4ea91299a34e894583c3862153e4b97' (SHA:5fda3b95a4ea91299a34e894583c3862153e4b97)
2026-09-15T08:46:20.4958889Z Download action repository 'actions/setup-node@820762786026740c76f36085b0efc47a31fe5020' (SHA:820762786026740c76f36085b0efc47a31fe5020)
2026-09-15T08:46:20.7120689Z Complete job name: browser
2026-09-15T08:46:20.7905032Z ##[group]Run actions/checkout@3d3c42e5aac5ba805825da76410c181273ba90b1
2026-09-15T08:46:20.7906163Z with:
2026-09-15T08:46:20.7906622Z   repository: kl3574/Learning_Workbench
2026-09-15T08:46:20.7910579Z   token: ***
2026-09-15T08:46:20.7911002Z   ssh-strict: true
2026-09-15T08:46:20.7911426Z   ssh-user: git
2026-09-15T08:46:20.7911863Z   persist-credentials: true
2026-09-15T08:46:20.7912599Z   clean: true
2026-09-15T08:46:20.7913057Z   sparse-checkout-cone-mode: true
2026-09-15T08:46:20.7913571Z   fetch-depth: 1
2026-09-15T08:46:20.7913994Z   fetch-tags: false
2026-09-15T08:46:20.7914433Z   show-progress: true
2026-09-15T08:46:20.7914870Z   lfs: false
2026-09-15T08:46:20.7915269Z   submodules: false
2026-09-15T08:46:20.7915709Z   set-safe-directory: true
2026-09-15T08:46:20.7916209Z   allow-unsafe-pr-checkout: false
2026-09-15T08:46:20.7917339Z ##[endgroup]
2026-09-15T08:46:20.8941927Z Syncing repository: kl3574/Learning_Workbench
2026-09-15T08:46:20.8944312Z ##[group]Getting Git version info
2026-09-15T08:46:20.8945159Z Working directory is '<RUNNER_WORKSPACE>'
2026-09-15T08:46:20.8946298Z [command]/usr/bin/git version
2026-09-15T08:46:20.8985020Z git version 2.55.0
2026-09-15T08:46:20.9009388Z ##[endgroup]
2026-09-15T08:46:20.9021274Z Temporarily overriding HOME='<RUNNER_HOME>/work/_temp/e063b06f-93f0-4e23-8d34-47b76a2bb266' before making global git config changes
2026-09-15T08:46:20.9023630Z Adding repository directory to the temporary git global config as a safe directory
2026-09-15T08:46:20.9026855Z [command]/usr/bin/git config --global --add safe.directory <RUNNER_WORKSPACE>
2026-09-15T08:46:20.9089505Z Deleting the contents of '<RUNNER_WORKSPACE>'
2026-09-15T08:46:20.9093276Z ##[group]Determining repository object format
2026-09-15T08:46:20.9095300Z ##[endgroup]
2026-09-15T08:46:20.9096129Z ##[group]Initializing the repository
2026-09-15T08:46:20.9100560Z [command]/usr/bin/git init <RUNNER_WORKSPACE>
2026-09-15T08:46:20.9230186Z hint: Using 'master' as the name for the initial branch. This default branch name
2026-09-15T08:46:20.9232505Z hint: will change to "main" in Git 3.0. To configure the initial branch name
2026-09-15T08:46:20.9234631Z hint: to use in all of your new repositories, which will suppress this warning,
2026-09-15T08:46:20.9236205Z hint: call:
2026-09-15T08:46:20.9237226Z hint:
2026-09-15T08:46:20.9238258Z hint: 	git config --global init.defaultBranch <name>
2026-09-15T08:46:20.9239064Z hint:
2026-09-15T08:46:20.9239827Z hint: Names commonly chosen instead of 'master' are 'main', 'trunk' and
2026-09-15T08:46:20.9240923Z hint: 'development'. The just-created branch can be renamed via this command:
2026-09-15T08:46:20.9241814Z hint:
2026-09-15T08:46:20.9242783Z hint: 	git branch -m <name>
2026-09-15T08:46:20.9243895Z hint:
2026-09-15T08:46:20.9245039Z hint: Disable this message with "git config set advice.defaultBranchName false"
2026-09-15T08:46:20.9246242Z Initialized empty Git repository in <RUNNER_WORKSPACE>/.git/
2026-09-15T08:46:20.9248067Z [command]/usr/bin/git remote add origin https://github.com/kl3574/Learning_Workbench
2026-09-15T08:46:20.9299436Z ##[endgroup]
2026-09-15T08:46:20.9300694Z ##[group]Disabling automatic garbage collection
2026-09-15T08:46:20.9302809Z [command]/usr/bin/git config --local gc.auto 0
2026-09-15T08:46:20.9339038Z ##[endgroup]
2026-09-15T08:46:20.9340163Z ##[group]Setting up auth
2026-09-15T08:46:20.9340951Z Removing SSH command configuration
2026-09-15T08:46:20.9344945Z [command]/usr/bin/git config --local --name-only --get-regexp core\.sshCommand
2026-09-15T08:46:20.9382081Z [command]/usr/bin/git submodule foreach --recursive sh -c "git config --local --name-only --get-regexp 'core\.sshCommand' && git config --local --unset-all 'core.sshCommand' || :"
2026-09-15T08:46:20.9828134Z Removing HTTP extra header
2026-09-15T08:46:20.9835739Z [command]/usr/bin/git config --local --name-only --get-regexp http\.https\:\/\/github\.com\/\.extraheader
2026-09-15T08:46:20.9876862Z [command]/usr/bin/git submodule foreach --recursive sh -c "git config --local --name-only --get-regexp 'http\.https\:\/\/github\.com\/\.extraheader' && git config --local --unset-all 'http.https://github.com/.extraheader' || :"
2026-09-15T08:46:21.0209725Z Removing includeIf entries pointing to credentials config files
2026-09-15T08:46:21.0216152Z [command]/usr/bin/git config --local --name-only --get-regexp ^includeIf\.gitdir:
2026-09-15T08:46:21.0251973Z [command]/usr/bin/git submodule foreach --recursive git config --local --show-origin --name-only --get-regexp remote.origin.url
2026-09-15T08:46:21.0530063Z [command]/usr/bin/git config --file <RUNNER_HOME>/work/_temp/git-credentials-22f4a2ce-9b85-4624-b3f5-15d6b638e252.config http.https://github.com/.extraheader AUTHORIZATION: basic ***
2026-09-15T08:46:21.0569225Z [command]/usr/bin/git config --local includeIf.gitdir:<RUNNER_WORKSPACE>/.git.path <RUNNER_HOME>/work/_temp/git-credentials-22f4a2ce-9b85-4624-b3f5-15d6b638e252.config
2026-09-15T08:46:21.0602592Z [command]/usr/bin/git config --local includeIf.gitdir:<RUNNER_WORKSPACE>/.git/worktrees/*.path <RUNNER_HOME>/work/_temp/git-credentials-22f4a2ce-9b85-4624-b3f5-15d6b638e252.config
2026-09-15T08:46:21.0640618Z [command]/usr/bin/git config --local includeIf.gitdir:/github/workspace/.git.path /github/runner_temp/git-credentials-22f4a2ce-9b85-4624-b3f5-15d6b638e252.config
2026-09-15T08:46:21.0674844Z [command]/usr/bin/git config --local includeIf.gitdir:/github/workspace/.git/worktrees/*.path /github/runner_temp/git-credentials-22f4a2ce-9b85-4624-b3f5-15d6b638e252.config
2026-09-15T08:46:21.0704826Z ##[endgroup]
2026-09-15T08:46:21.0705574Z ##[group]Fetching the repository
2026-09-15T08:46:21.0712110Z [command]/usr/bin/git -c protocol.version=2 fetch --no-tags --prune --no-recurse-submodules --depth=1 origin +f0b4ce2e39a3bc374751379051553108ad6a57ed:refs/remotes/origin/feat/M5.1-provider-consent
2026-09-15T08:46:23.8041807Z From https://github.com/kl3574/Learning_Workbench
2026-09-15T08:46:23.8045906Z  * [new ref]         f0b4ce2e39a3bc374751379051553108ad6a57ed -> origin/feat/M5.1-provider-consent
2026-09-15T08:46:23.8053057Z [command]/usr/bin/git branch --list --remote origin/feat/M5.1-provider-consent
2026-09-15T08:46:23.8081003Z   origin/feat/M5.1-provider-consent
2026-09-15T08:46:23.8121755Z [command]/usr/bin/git rev-parse refs/remotes/origin/feat/M5.1-provider-consent
2026-09-15T08:46:23.8145948Z f0b4ce2e39a3bc374751379051553108ad6a57ed
2026-09-15T08:46:23.8151412Z ##[endgroup]
2026-09-15T08:46:23.8153594Z ##[group]Determining the checkout info
2026-09-15T08:46:23.8155785Z ##[endgroup]
2026-09-15T08:46:23.8156732Z [command]/usr/bin/git sparse-checkout disable
2026-09-15T08:46:23.8209231Z [command]/usr/bin/git config --local --unset-all extensions.worktreeConfig
2026-09-15T08:46:23.8241245Z ##[group]Checking out the ref
2026-09-15T08:46:23.8244802Z [command]/usr/bin/git checkout --progress --force -B feat/M5.1-provider-consent refs/remotes/origin/feat/M5.1-provider-consent
2026-09-15T08:46:24.2391048Z Switched to a new branch 'feat/M5.1-provider-consent'
2026-09-15T08:46:24.2393453Z branch 'feat/M5.1-provider-consent' set up to track 'origin/feat/M5.1-provider-consent'.
2026-09-15T08:46:24.2416454Z ##[endgroup]
2026-09-15T08:46:24.2474879Z [command]/usr/bin/git log -1 --format=%H
2026-09-15T08:46:24.2502584Z f0b4ce2e39a3bc374751379051553108ad6a57ed
2026-09-15T08:46:24.2855786Z ##[group]Run actions/setup-python@5fda3b95a4ea91299a34e894583c3862153e4b97
2026-09-15T08:46:24.2856306Z with:
2026-09-15T08:46:24.2856569Z   python-version: 3.12.13
2026-09-15T08:46:24.2856855Z   check-latest: false
2026-09-15T08:46:24.2859673Z   token: ***
2026-09-15T08:46:24.2859950Z   update-environment: true
2026-09-15T08:46:24.2860280Z   allow-prereleases: false
2026-09-15T08:46:24.2860583Z   freethreaded: false
2026-09-15T08:46:24.2860845Z ##[endgroup]
2026-09-15T08:46:24.4047464Z ##[group]Installed versions
2026-09-15T08:46:24.4063575Z Version 3.12.13 was not found in the local cache
2026-09-15T08:46:25.0948947Z Version 3.12.13 is available for downloading
2026-09-15T08:46:25.0950482Z Download from "https://github.com/actions/python-versions/releases/download/3.12.13-27650778726/python-3.12.13-linux-26.04-x64.tar.gz"
2026-09-15T08:46:26.0663629Z Extract downloaded archive
2026-09-15T08:46:26.0795370Z [command]/usr/bin/tar xz --warning=no-unknown-keyword --overwrite -C <RUNNER_HOME>/work/_temp/0393770f-ba90-4299-b594-6596e4f97e6f -f <RUNNER_HOME>/work/_temp/10733fd4-ecaa-4b87-b403-867878cd1a6f
2026-09-15T08:46:27.2386783Z Execute installation script
2026-09-15T08:46:27.2534799Z Check if Python hostedtoolcache folder exist...
2026-09-15T08:46:27.2535591Z Create Python 3.12.13 folder
2026-09-15T08:46:27.2561007Z Copy Python binaries to hostedtoolcache folder
2026-09-15T08:46:27.7230798Z Create additional symlinks (Required for the UsePythonVersion Azure Pipelines task and the setup-python GitHub Action)
2026-09-15T08:46:27.7340712Z Upgrading pip...
2026-09-15T08:46:29.7658880Z Collecting pip
2026-09-15T08:46:29.8202772Z Downloading pip-26.2.1-py3-none-any.whl.metadata (4.6 kB)
2026-09-15T08:46:29.8321227Z Downloading pip-26.2.1-py3-none-any.whl (1.8 MB)
2026-09-15T08:46:29.8674265Z ━━━━━━━━━━━━━━━━━━━━━━━━━━━━━━━━━━━━━━━━ 1.8/1.8 MB 92.3 MB/s eta 0:00:00
2026-09-15T08:46:29.8674911Z 
2026-09-15T08:46:29.9066589Z Installing collected packages: pip
2026-09-15T08:46:29.9068020Z Attempting uninstall: pip
2026-09-15T08:46:29.9103276Z Found existing installation: pip 25.0.1
2026-09-15T08:46:29.9494142Z Uninstalling pip-25.0.1:
2026-09-15T08:46:29.9551905Z Successfully uninstalled pip-25.0.1
2026-09-15T08:46:30.8251884Z Successfully installed pip-26.2.1
2026-09-15T08:46:30.8771919Z Create complete file
2026-09-15T08:46:30.8826176Z Successfully set up CPython (3.12.13)
2026-09-15T08:46:30.8827601Z ##[endgroup]
2026-09-15T08:46:30.9038930Z ##[group]Run actions/setup-node@820762786026740c76f36085b0efc47a31fe5020
2026-09-15T08:46:30.9039345Z with:
2026-09-15T08:46:30.9039549Z   node-version: 24.21.0
2026-09-15T08:46:30.9039782Z   check-latest: false
2026-09-15T08:46:30.9042934Z   token: ***
2026-09-15T08:46:30.9043258Z   package-manager-cache: true
2026-09-15T08:46:30.9043507Z env:
2026-09-15T08:46:30.9043923Z   pythonLocation: /opt/hostedtoolcache/Python/3.12.13/x64
2026-09-15T08:46:30.9044383Z   PKG_CONFIG_PATH: /opt/hostedtoolcache/Python/3.12.13/x64/lib/pkgconfig
2026-09-15T08:46:30.9044857Z   Python_ROOT_DIR: /opt/hostedtoolcache/Python/3.12.13/x64
2026-09-15T08:46:30.9045237Z   Python2_ROOT_DIR: /opt/hostedtoolcache/Python/3.12.13/x64
2026-09-15T08:46:30.9045612Z   Python3_ROOT_DIR: /opt/hostedtoolcache/Python/3.12.13/x64
2026-09-15T08:46:30.9045995Z   LD_LIBRARY_PATH: /opt/hostedtoolcache/Python/3.12.13/x64/lib
2026-09-15T08:46:30.9046349Z ##[endgroup]
2026-09-15T08:46:31.0414006Z Attempting to download 24.21.0...
2026-09-15T08:46:31.9206867Z Acquiring 24.21.0 - x64 from https://github.com/actions/node-versions/releases/download/24.21.0-34304089047/node-24.21.0-linux-x64.tar.gz
2026-09-15T08:46:32.3653788Z Extracting ...
2026-09-15T08:46:32.3787404Z [command]/usr/bin/tar xz --strip 1 --warning=no-unknown-keyword --overwrite -C <RUNNER_HOME>/work/_temp/f0602135-8560-42fb-962b-a0bccc8162b2 -f <RUNNER_HOME>/work/_temp/2e0a7a2f-8103-4c38-8faa-aa35456a52b1
2026-09-15T08:46:33.1588051Z Adding to the cache ...
2026-09-15T08:46:35.0538493Z ##[group]Environment details
2026-09-15T08:46:35.3805653Z node: v24.21.0
2026-09-15T08:46:35.3806093Z npm: 11.19.0
2026-09-15T08:46:35.3806368Z yarn: 1.22.22
2026-09-15T08:46:35.3806886Z ##[endgroup]
2026-09-15T08:46:35.3990274Z ##[group]Run python -m pip install uv==0.11.21
2026-09-15T08:46:35.3990713Z [36;1mpython -m pip install uv==0.11.21[0m
2026-09-15T08:46:35.4157822Z shell: /usr/bin/bash -e {0}
2026-09-15T08:46:35.4158145Z env:
2026-09-15T08:46:35.4158456Z   pythonLocation: /opt/hostedtoolcache/Python/3.12.13/x64
2026-09-15T08:46:35.4158981Z   PKG_CONFIG_PATH: /opt/hostedtoolcache/Python/3.12.13/x64/lib/pkgconfig
2026-09-15T08:46:35.4159504Z   Python_ROOT_DIR: /opt/hostedtoolcache/Python/3.12.13/x64
2026-09-15T08:46:35.4159966Z   Python2_ROOT_DIR: /opt/hostedtoolcache/Python/3.12.13/x64
2026-09-15T08:46:35.4160423Z   Python3_ROOT_DIR: /opt/hostedtoolcache/Python/3.12.13/x64
2026-09-15T08:46:35.4160881Z   LD_LIBRARY_PATH: /opt/hostedtoolcache/Python/3.12.13/x64/lib
2026-09-15T08:46:35.4161265Z ##[endgroup]
2026-09-15T08:46:36.5689061Z Collecting uv==0.11.21
2026-09-15T08:46:36.6153625Z   Downloading uv-0.11.21-py3-none-manylinux_2_17_x86_64.manylinux2014_x86_64.whl.metadata (11 kB)
2026-09-15T08:46:36.6323573Z Downloading uv-0.11.21-py3-none-manylinux_2_17_x86_64.manylinux2014_x86_64.whl (25.1 MB)
2026-09-15T08:46:36.9350559Z    ━━━━━━━━━━━━━━━━━━━━━━━━━━━━━━━━━━━━━━━━ 25.1/25.1 MB 88.0 MB/s  0:00:00
2026-09-15T08:46:36.9803018Z Installing collected packages: uv
2026-09-15T08:46:37.2409251Z Successfully installed uv-0.11.21
2026-09-15T08:46:37.3014867Z ##[group]Run uv sync --frozen
2026-09-15T08:46:37.3015215Z [36;1muv sync --frozen[0m
2026-09-15T08:46:37.3074906Z shell: /usr/bin/bash -e {0}
2026-09-15T08:46:37.3075171Z env:
2026-09-15T08:46:37.3075445Z   pythonLocation: /opt/hostedtoolcache/Python/3.12.13/x64
2026-09-15T08:46:37.3075905Z   PKG_CONFIG_PATH: /opt/hostedtoolcache/Python/3.12.13/x64/lib/pkgconfig
2026-09-15T08:46:37.3076367Z   Python_ROOT_DIR: /opt/hostedtoolcache/Python/3.12.13/x64
2026-09-15T08:46:37.3076783Z   Python2_ROOT_DIR: /opt/hostedtoolcache/Python/3.12.13/x64
2026-09-15T08:46:37.3077216Z   Python3_ROOT_DIR: /opt/hostedtoolcache/Python/3.12.13/x64
2026-09-15T08:46:37.3077647Z   LD_LIBRARY_PATH: /opt/hostedtoolcache/Python/3.12.13/x64/lib
2026-09-15T08:46:37.3078003Z ##[endgroup]
2026-09-15T08:46:37.3678386Z Using CPython 3.12.13 interpreter at: /opt/hostedtoolcache/Python/3.12.13/x64/bin/python3.12
2026-09-15T08:46:37.3679743Z Creating virtual environment at: .venv
2026-09-15T08:46:37.4574191Z Downloading mypy (14.6MiB)
2026-09-15T08:46:37.4576232Z Downloading ast-serialize (1.3MiB)
2026-09-15T08:46:37.4579699Z Downloading pydantic-core (2.0MiB)
2026-09-15T08:46:37.4584598Z Downloading ruff (9.9MiB)
2026-09-15T08:46:37.4591767Z Downloading pygments (1.2MiB)
2026-09-15T08:46:37.6900045Z  Downloaded ast-serialize
2026-09-15T08:46:37.7212120Z  Downloaded pydantic-core
2026-09-15T08:46:37.8531739Z  Downloaded ruff
2026-09-15T08:46:37.8667551Z  Downloaded pygments
2026-09-15T08:46:38.0593930Z  Downloaded mypy
2026-09-15T08:46:38.0597148Z Prepared 37 packages in 688ms
2026-09-15T08:46:38.1030183Z Installed 37 packages in 43ms
2026-09-15T08:46:38.1030893Z  + annotated-doc==0.0.5
2026-09-15T08:46:38.1031470Z  + annotated-types==0.8.0
2026-09-15T08:46:38.1032068Z  + anyio==4.15.1
2026-09-15T08:46:38.1032842Z  + ast-serialize==0.11.2
2026-09-15T08:46:38.1033346Z  + attrs==26.1.0
2026-09-15T08:46:38.1033840Z  + certifi==2026.7.22
2026-09-15T08:46:38.1034329Z  + click==8.5.0
2026-09-15T08:46:38.1034777Z  + defusedxml==0.7.1
2026-09-15T08:46:38.1035232Z  + fastapi==0.141.1
2026-09-15T08:46:38.1035668Z  + h11==0.16.0
2026-09-15T08:46:38.1036081Z  + httpcore==1.0.9
2026-09-15T08:46:38.1036503Z  + httpx==0.28.1
2026-09-15T08:46:38.1036991Z  + idna==3.19
2026-09-15T08:46:38.1037399Z  + iniconfig==2.3.0
2026-09-15T08:46:38.1037855Z  + jsonschema==4.26.0
2026-09-15T08:46:38.1038442Z  + jsonschema-specifications==2025.9.1
2026-09-15T08:46:38.1039044Z  + librt==0.15.0
2026-09-15T08:46:38.1039512Z  + markdown-it-py==4.2.0
2026-09-15T08:46:38.1040012Z  + mdurl==0.1.2
2026-09-15T08:46:38.1040442Z  + mypy==2.3.1
2026-09-15T08:46:38.1040908Z  + mypy-extensions==1.1.0
2026-09-15T08:46:38.1041427Z  + packaging==26.3
2026-09-15T08:46:38.1041907Z  + pathspec==1.1.1
2026-09-15T08:46:38.1042523Z  + pluggy==1.6.0
2026-09-15T08:46:38.1042933Z  + pydantic==2.13.5
2026-09-15T08:46:38.1043319Z  + pydantic-core==2.46.5
2026-09-15T08:46:38.1043736Z  + pygments==2.21.0
2026-09-15T08:46:38.1044099Z  + pypdf==6.18.1
2026-09-15T08:46:38.1044457Z  + pytest==9.1.1
2026-09-15T08:46:38.1044845Z  + python-multipart==0.0.32
2026-09-15T08:46:38.1045276Z  + referencing==0.37.0
2026-09-15T08:46:38.1045661Z  + rpds-py==2026.6.3
2026-09-15T08:46:38.1046033Z  + ruff==0.16.7
2026-09-15T08:46:38.1046378Z  + starlette==1.6.0
2026-09-15T08:46:38.1046750Z  + typing-extensions==4.16.0
2026-09-15T08:46:38.1047155Z  + typing-inspection==0.4.4
2026-09-15T08:46:38.1047530Z  + uvicorn==0.53.0
2026-09-15T08:46:38.1137266Z ##[group]Run sudo apt-get update
2026-09-15T08:46:38.1137623Z [36;1msudo apt-get update[0m
2026-09-15T08:46:38.1138260Z [36;1msudo apt-get install -y bubblewrap=0.11.1-1ubuntu0.1 apparmor=5.0.2-0ubuntu1~26.04.1 libapparmor1=5.0.2-0ubuntu1~26.04.1 libseccomp2=2.6.0-2ubuntu5[0m
2026-09-15T08:46:38.1139010Z [36;1mdpkg-query -W bubblewrap apparmor libapparmor1 libseccomp2[0m
2026-09-15T08:46:38.1139440Z [36;1mtest -f /etc/apparmor.d/bwrap-userns-restrict[0m
2026-09-15T08:46:38.1139773Z [36;1mbwrap --version[0m
2026-09-15T08:46:38.1198328Z shell: /usr/bin/bash -e {0}
2026-09-15T08:46:38.1198588Z env:
2026-09-15T08:46:38.1198863Z   pythonLocation: /opt/hostedtoolcache/Python/3.12.13/x64
2026-09-15T08:46:38.1199335Z   PKG_CONFIG_PATH: /opt/hostedtoolcache/Python/3.12.13/x64/lib/pkgconfig
2026-09-15T08:46:38.1199773Z   Python_ROOT_DIR: /opt/hostedtoolcache/Python/3.12.13/x64
2026-09-15T08:46:38.1200158Z   Python2_ROOT_DIR: /opt/hostedtoolcache/Python/3.12.13/x64
2026-09-15T08:46:38.1200590Z   Python3_ROOT_DIR: /opt/hostedtoolcache/Python/3.12.13/x64
2026-09-15T08:46:38.1200993Z   LD_LIBRARY_PATH: /opt/hostedtoolcache/Python/3.12.13/x64/lib
2026-09-15T08:46:38.1201320Z ##[endgroup]
2026-09-15T08:46:38.2096424Z Get:1 file:/etc/apt/apt-mirrors.txt Mirrorlist [144 B]
2026-09-15T08:46:38.2504092Z Hit:2 http://azure.archive.ubuntu.com/ubuntu resolute InRelease
2026-09-15T08:46:38.2505636Z Get:6 https://packages.microsoft.com/ubuntu/26.04/prod resolute InRelease [3964 B]
2026-09-15T08:46:38.2583630Z Get:3 http://azure.archive.ubuntu.com/ubuntu resolute-updates InRelease [137 kB]
2026-09-15T08:46:38.2653530Z Get:4 http://azure.archive.ubuntu.com/ubuntu resolute-backports InRelease [137 kB]
2026-09-15T08:46:38.2713659Z Get:5 http://azure.archive.ubuntu.com/ubuntu resolute-security InRelease [137 kB]
2026-09-15T08:46:38.3083971Z Get:7 https://packages.microsoft.com/ubuntu/26.04/prod resolute/main arm64 Packages [52.1 kB]
2026-09-15T08:46:38.3272770Z Get:8 http://azure.archive.ubuntu.com/ubuntu resolute-updates/main amd64v3 Packages [610 kB]
2026-09-15T08:46:38.3299283Z Get:18 https://packages.microsoft.com/ubuntu/26.04/prod resolute/main amd64 Packages [59.9 kB]
2026-09-15T08:46:38.3333473Z Get:19 https://dl.google.com/linux/chrome-stable/deb stable InRelease [2548 B]
2026-09-15T08:46:38.3426833Z Get:9 http://azure.archive.ubuntu.com/ubuntu resolute-updates/main Translation-en [145 kB]
2026-09-15T08:46:38.3434190Z Get:10 http://azure.archive.ubuntu.com/ubuntu resolute-updates/main amd64 Components [97.8 kB]
2026-09-15T08:46:38.3477076Z Get:11 http://azure.archive.ubuntu.com/ubuntu resolute-updates/universe amd64v3 Packages [293 kB]
2026-09-15T08:46:38.3526931Z Get:12 http://azure.archive.ubuntu.com/ubuntu resolute-updates/universe Translation-en [93.2 kB]
2026-09-15T08:46:38.3534603Z Get:13 http://azure.archive.ubuntu.com/ubuntu resolute-updates/universe amd64 Components [188 kB]
2026-09-15T08:46:38.3543387Z Get:14 http://azure.archive.ubuntu.com/ubuntu resolute-updates/restricted amd64v3 Packages [409 kB]
2026-09-15T08:46:38.3583444Z Get:15 http://azure.archive.ubuntu.com/ubuntu resolute-updates/restricted Translation-en [79.5 kB]
2026-09-15T08:46:38.3607411Z Get:16 http://azure.archive.ubuntu.com/ubuntu resolute-updates/multiverse amd64v3 Packages [11.6 kB]
2026-09-15T08:46:38.3628695Z Get:17 http://azure.archive.ubuntu.com/ubuntu resolute-updates/multiverse Translation-en [3036 B]
2026-09-15T08:46:38.3755918Z Get:31 https://dl.google.com/linux/chrome-stable/deb stable/main amd64 Packages [1413 B]
2026-09-15T08:46:38.4063048Z Get:20 http://azure.archive.ubuntu.com/ubuntu resolute-backports/universe amd64 Components [1056 B]
2026-09-15T08:46:38.4073798Z Get:21 http://azure.archive.ubuntu.com/ubuntu resolute-security/main amd64v3 Packages [474 kB]
2026-09-15T08:46:38.4111146Z Get:22 http://azure.archive.ubuntu.com/ubuntu resolute-security/main Translation-en [111 kB]
2026-09-15T08:46:38.4137045Z Get:23 http://azure.archive.ubuntu.com/ubuntu resolute-security/main amd64 Components [46.6 kB]
2026-09-15T08:46:38.4154739Z Get:24 http://azure.archive.ubuntu.com/ubuntu resolute-security/universe amd64v3 Packages [173 kB]
2026-09-15T08:46:38.4171695Z Get:25 http://azure.archive.ubuntu.com/ubuntu resolute-security/universe Translation-en [54.4 kB]
2026-09-15T08:46:38.4184971Z Get:26 http://azure.archive.ubuntu.com/ubuntu resolute-security/universe amd64 Components [43.4 kB]
2026-09-15T08:46:38.4197715Z Get:27 http://azure.archive.ubuntu.com/ubuntu resolute-security/restricted amd64v3 Packages [399 kB]
2026-09-15T08:46:38.4224675Z Get:28 http://azure.archive.ubuntu.com/ubuntu resolute-security/restricted Translation-en [77.7 kB]
2026-09-15T08:46:38.4238284Z Get:29 http://azure.archive.ubuntu.com/ubuntu resolute-security/multiverse amd64v3 Packages [10.9 kB]
2026-09-15T08:46:38.4248957Z Get:30 http://azure.archive.ubuntu.com/ubuntu resolute-security/multiverse Translation-en [2844 B]
2026-09-15T08:46:41.9542865Z Fetched 3855 kB in 0s (9076 kB/s)
2026-09-15T08:46:42.5976244Z Reading package lists...
2026-09-15T08:46:42.6321524Z Reading package lists...
2026-09-15T08:46:42.7848817Z Building dependency tree...
2026-09-15T08:46:42.7856519Z Reading state information...
2026-09-15T08:46:42.8168277Z bubblewrap is already the newest version (0.11.1-1ubuntu0.1).
2026-09-15T08:46:42.8169623Z bubblewrap set to manually installed.
2026-09-15T08:46:42.8170609Z apparmor is already the newest version (5.0.2-0ubuntu1~26.04.1).
2026-09-15T08:46:42.8171411Z apparmor set to manually installed.
2026-09-15T08:46:42.8172847Z libapparmor1 is already the newest version (5.0.2-0ubuntu1~26.04.1).
2026-09-15T08:46:42.8173497Z libapparmor1 set to manually installed.
2026-09-15T08:46:42.8174117Z libseccomp2 is already the newest version (2.6.0-2ubuntu5).
2026-09-15T08:46:42.8174712Z libseccomp2 set to manually installed.
2026-09-15T08:46:42.8725408Z Solving dependencies...
2026-09-15T08:46:42.9911347Z 0 upgraded, 0 newly installed, 0 to remove and 73 not upgraded.
2026-09-15T08:46:43.0052172Z apparmor	5.0.2-0ubuntu1~26.04.1
2026-09-15T08:46:43.0052947Z bubblewrap	0.11.1-1ubuntu0.1
2026-09-15T08:46:43.0053313Z libapparmor1:amd64	5.0.2-0ubuntu1~26.04.1
2026-09-15T08:46:43.0053676Z libseccomp2:amd64	2.6.0-2ubuntu5
2026-09-15T08:46:43.0362861Z bubblewrap 0.11.1
2026-09-15T08:46:43.0396255Z ##[group]Run npm ci --prefix apps/web
2026-09-15T08:46:43.0396583Z [36;1mnpm ci --prefix apps/web[0m
2026-09-15T08:46:43.0454711Z shell: /usr/bin/bash -e {0}
2026-09-15T08:46:43.0454974Z env:
2026-09-15T08:46:43.0455250Z   pythonLocation: /opt/hostedtoolcache/Python/3.12.13/x64
2026-09-15T08:46:43.0455725Z   PKG_CONFIG_PATH: /opt/hostedtoolcache/Python/3.12.13/x64/lib/pkgconfig
2026-09-15T08:46:43.0456181Z   Python_ROOT_DIR: /opt/hostedtoolcache/Python/3.12.13/x64
2026-09-15T08:46:43.0456585Z   Python2_ROOT_DIR: /opt/hostedtoolcache/Python/3.12.13/x64
2026-09-15T08:46:43.0456999Z   Python3_ROOT_DIR: /opt/hostedtoolcache/Python/3.12.13/x64
2026-09-15T08:46:43.0457407Z   LD_LIBRARY_PATH: /opt/hostedtoolcache/Python/3.12.13/x64/lib
2026-09-15T08:46:43.0457744Z ##[endgroup]
2026-09-15T08:46:49.7458989Z 
2026-09-15T08:46:49.7459753Z added 236 packages, and audited 237 packages in 7s
2026-09-15T08:46:49.7460265Z 
2026-09-15T08:46:49.7460577Z 118 packages are looking for funding
2026-09-15T08:46:49.7461529Z   run `npm fund` for details
2026-09-15T08:46:49.7471961Z 
2026-09-15T08:46:49.7472530Z found 0 vulnerabilities
2026-09-15T08:46:49.7924959Z ##[group]Run npm --prefix apps/web exec -- playwright install --with-deps chromium
2026-09-15T08:46:49.7925593Z [36;1mnpm --prefix apps/web exec -- playwright install --with-deps chromium[0m
2026-09-15T08:46:49.7986573Z shell: /usr/bin/bash -e {0}
2026-09-15T08:46:49.7986835Z env:
2026-09-15T08:46:49.7987109Z   pythonLocation: /opt/hostedtoolcache/Python/3.12.13/x64
2026-09-15T08:46:49.7987570Z   PKG_CONFIG_PATH: /opt/hostedtoolcache/Python/3.12.13/x64/lib/pkgconfig
2026-09-15T08:46:49.7988005Z   Python_ROOT_DIR: /opt/hostedtoolcache/Python/3.12.13/x64
2026-09-15T08:46:49.7988387Z   Python2_ROOT_DIR: /opt/hostedtoolcache/Python/3.12.13/x64
2026-09-15T08:46:49.7988774Z   Python3_ROOT_DIR: /opt/hostedtoolcache/Python/3.12.13/x64
2026-09-15T08:46:49.7989153Z   LD_LIBRARY_PATH: /opt/hostedtoolcache/Python/3.12.13/x64/lib
2026-09-15T08:46:49.7989475Z ##[endgroup]
2026-09-15T08:46:50.5989999Z Installing dependencies...
2026-09-15T08:46:50.6078778Z Switching to root user to install dependencies...
2026-09-15T08:46:50.7171446Z Get:1 file:/etc/apt/apt-mirrors.txt Mirrorlist [144 B]
2026-09-15T08:46:50.7566074Z Hit:6 https://packages.microsoft.com/ubuntu/26.04/prod resolute InRelease
2026-09-15T08:46:50.7581007Z Hit:2 http://azure.archive.ubuntu.com/ubuntu resolute InRelease
2026-09-15T08:46:50.7591697Z Hit:3 http://azure.archive.ubuntu.com/ubuntu resolute-updates InRelease
2026-09-15T08:46:50.7599680Z Hit:4 http://azure.archive.ubuntu.com/ubuntu resolute-backports InRelease
2026-09-15T08:46:50.7623545Z Hit:5 http://azure.archive.ubuntu.com/ubuntu resolute-security InRelease
2026-09-15T08:46:50.7684213Z Hit:7 https://dl.google.com/linux/chrome-stable/deb stable InRelease
2026-09-15T08:46:51.6805250Z Reading package lists...
2026-09-15T08:46:51.7060041Z Reading package lists...
2026-09-15T08:46:51.8618029Z Building dependency tree...
2026-09-15T08:46:51.8626067Z Reading state information...
2026-09-15T08:46:51.8982866Z libasound2t64 is already the newest version (1.2.15.3-1ubuntu1.1).
2026-09-15T08:46:51.8983951Z libasound2t64 set to manually installed.
2026-09-15T08:46:51.8985164Z libatk-bridge2.0-0t64 is already the newest version (2.60.4-0ubuntu0.1).
2026-09-15T08:46:51.8987083Z libatk-bridge2.0-0t64 set to manually installed.
2026-09-15T08:46:51.8988257Z libatk1.0-0t64 is already the newest version (2.60.4-0ubuntu0.1).
2026-09-15T08:46:51.8989310Z libatk1.0-0t64 set to manually installed.
2026-09-15T08:46:51.8990456Z libatspi2.0-0t64 is already the newest version (2.60.4-0ubuntu0.1).
2026-09-15T08:46:51.8991353Z libatspi2.0-0t64 set to manually installed.
2026-09-15T08:46:51.8992142Z libcairo2 is already the newest version (1.18.4-3).
2026-09-15T08:46:51.8993214Z libcairo2 set to manually installed.
2026-09-15T08:46:51.8994074Z libcups2t64 is already the newest version (2.4.16-1ubuntu1.3).
2026-09-15T08:46:51.8994910Z libcups2t64 set to manually installed.
2026-09-15T08:46:51.8995749Z libdbus-1-3 is already the newest version (1.16.2-2ubuntu4).
2026-09-15T08:46:51.8996500Z libdbus-1-3 set to manually installed.
2026-09-15T08:46:51.8996982Z libdrm2 is already the newest version (2.4.131-1).
2026-09-15T08:46:51.8997455Z libdrm2 set to manually installed.
2026-09-15T08:46:51.8997956Z libgbm1 is already the newest version (26.0.8-1ubuntu0.3).
2026-09-15T08:46:51.8998450Z libgbm1 set to manually installed.
2026-09-15T08:46:51.8998939Z libglib2.0-0t64 is already the newest version (2.88.0-1).
2026-09-15T08:46:51.8999448Z libglib2.0-0t64 set to manually installed.
2026-09-15T08:46:51.9000000Z libnspr4 is already the newest version (2:4.38.2-1ubuntu1).
2026-09-15T08:46:51.9000505Z libnspr4 set to manually installed.
2026-09-15T08:46:51.9001023Z libnss3 is already the newest version (2:3.120-1ubuntu2.1).
2026-09-15T08:46:51.9001466Z libnss3 set to manually installed.
2026-09-15T08:46:51.9001854Z libpango-1.0-0 is already the newest version (1.57.0-1).
2026-09-15T08:46:51.9002250Z libpango-1.0-0 set to manually installed.
2026-09-15T08:46:51.9002951Z libx11-6 is already the newest version (2:1.8.13-1).
2026-09-15T08:46:51.9003621Z libx11-6 set to manually installed.
2026-09-15T08:46:51.9004016Z libxcb1 is already the newest version (1.17.0-2ubuntu1).
2026-09-15T08:46:51.9004393Z libxcb1 set to manually installed.
2026-09-15T08:46:51.9004804Z libxcomposite1 is already the newest version (1:0.4.6-1build1).
2026-09-15T08:46:51.9005228Z libxcomposite1 set to manually installed.
2026-09-15T08:46:51.9005629Z libxdamage1 is already the newest version (1:1.1.7-1).
2026-09-15T08:46:51.9005996Z libxdamage1 set to manually installed.
2026-09-15T08:46:51.9006392Z libxext6 is already the newest version (2:1.3.4-1build3).
2026-09-15T08:46:51.9006761Z libxext6 set to manually installed.
2026-09-15T08:46:51.9007156Z libxfixes3 is already the newest version (1:6.0.0-2build2).
2026-09-15T08:46:51.9007556Z libxfixes3 set to manually installed.
2026-09-15T08:46:51.9007932Z libxkbcommon0 is already the newest version (1.13.1-1).
2026-09-15T08:46:51.9008327Z libxkbcommon0 set to manually installed.
2026-09-15T08:46:51.9008741Z libxrandr2 is already the newest version (2:1.5.4-1build1).
2026-09-15T08:46:51.9009119Z libxrandr2 set to manually installed.
2026-09-15T08:46:51.9009503Z xvfb is already the newest version (2:21.1.22-1ubuntu1).
2026-09-15T08:46:51.9009991Z fonts-noto-color-emoji is already the newest version (2.051-1build1).
2026-09-15T08:46:51.9010522Z libfontconfig1 is already the newest version (2.17.1-3ubuntu1).
2026-09-15T08:46:51.9010936Z libfontconfig1 set to manually installed.
2026-09-15T08:46:51.9011372Z libfreetype6 is already the newest version (2.14.2+dfsg-1ubuntu0.1).
2026-09-15T08:46:51.9011789Z libfreetype6 set to manually installed.
2026-09-15T08:46:51.9012221Z fonts-liberation is already the newest version (1:2.1.5-3build1).
2026-09-15T08:46:51.9012990Z fonts-liberation set to manually installed.
2026-09-15T08:46:51.9544549Z Solving dependencies...
2026-09-15T08:46:52.0405320Z The following additional packages will be installed:
2026-09-15T08:46:52.0406198Z   xfonts-encodings xfonts-utils
2026-09-15T08:46:52.0411813Z Recommended packages:
2026-09-15T08:46:52.0412669Z   fonts-ipafont-mincho fonts-tlwg-loma
2026-09-15T08:46:52.0622940Z The following NEW packages will be installed:
2026-09-15T08:46:52.0623647Z   fonts-freefont-ttf fonts-ipafont-gothic fonts-tlwg-loma-otf fonts-unifont
2026-09-15T08:46:52.0633249Z   fonts-wqy-zenhei xfonts-cyrillic xfonts-encodings xfonts-scalable
2026-09-15T08:46:52.0634036Z   xfonts-utils
2026-09-15T08:46:52.0860724Z 0 upgraded, 9 newly installed, 0 to remove and 73 not upgraded.
2026-09-15T08:46:52.0861235Z Need to get 21.9 MB of archives.
2026-09-15T08:46:52.0861739Z After this operation, 80.2 MB of additional disk space will be used.
2026-09-15T08:46:52.0862543Z Get:1 file:/etc/apt/apt-mirrors.txt Mirrorlist [144 B]
2026-09-15T08:46:52.2391066Z Get:2 http://azure.archive.ubuntu.com/ubuntu resolute/universe amd64v3 fonts-ipafont-gothic all 00303-23ubuntu1 [3703 kB]
2026-09-15T08:46:52.5155678Z Get:3 http://azure.archive.ubuntu.com/ubuntu resolute/main amd64v3 fonts-freefont-ttf all 20211204+svn4273-4build1 [5656 kB]
2026-09-15T08:46:52.8253988Z Get:4 http://azure.archive.ubuntu.com/ubuntu resolute/universe amd64v3 fonts-tlwg-loma-otf all 1:0.7.3-1build1 [106 kB]
2026-09-15T08:46:52.9628446Z Get:5 http://azure.archive.ubuntu.com/ubuntu resolute/universe amd64v3 fonts-unifont all 1:16.0.04-1build1 [3169 kB]
2026-09-15T08:46:53.2321787Z Get:6 http://azure.archive.ubuntu.com/ubuntu resolute/universe amd64v3 fonts-wqy-zenhei all 0.9.45-8build1 [7863 kB]
2026-09-15T08:46:53.7219617Z Get:7 http://azure.archive.ubuntu.com/ubuntu resolute/main amd64v3 xfonts-encodings all 1:1.0.5-0ubuntu3 [576 kB]
2026-09-15T08:46:53.8808402Z Get:8 http://azure.archive.ubuntu.com/ubuntu resolute/main amd64v3 xfonts-utils amd64 1:7.7+7build1 [97.3 kB]
2026-09-15T08:46:54.0201579Z Get:9 http://azure.archive.ubuntu.com/ubuntu resolute/universe amd64v3 xfonts-cyrillic all 1:1.0.5+nmu1build1 [384 kB]
2026-09-15T08:46:54.1708665Z Get:10 http://azure.archive.ubuntu.com/ubuntu resolute/universe amd64v3 xfonts-scalable all 1:1.0.3-1.3build1 [304 kB]
2026-09-15T08:46:54.5079720Z Fetched 21.9 MB in 2s (10.4 MB/s)
2026-09-15T08:46:54.5349459Z Selecting previously unselected package fonts-ipafont-gothic.
2026-09-15T08:46:54.5653039Z (Reading database ... 
2026-09-15T08:46:54.5653644Z (Reading database ... 5%
2026-09-15T08:46:54.5654220Z (Reading database ... 10%
2026-09-15T08:46:54.5655057Z (Reading database ... 15%
2026-09-15T08:46:54.5655967Z (Reading database ... 20%
2026-09-15T08:46:54.5656853Z (Reading database ... 25%
2026-09-15T08:46:54.5657730Z (Reading database ... 30%
2026-09-15T08:46:54.5658577Z (Reading database ... 35%
2026-09-15T08:46:54.5659074Z (Reading database ... 40%
2026-09-15T08:46:54.5659579Z (Reading database ... 45%
2026-09-15T08:46:54.5660114Z (Reading database ... 50%
2026-09-15T08:46:54.6890862Z (Reading database ... 55%
2026-09-15T08:46:54.8943354Z (Reading database ... 60%
2026-09-15T08:46:55.0822133Z (Reading database ... 65%
2026-09-15T08:46:55.2496399Z (Reading database ... 70%
2026-09-15T08:46:55.4345240Z (Reading database ... 75%
2026-09-15T08:46:55.5643540Z (Reading database ... 80%
2026-09-15T08:46:55.7928558Z (Reading database ... 85%
2026-09-15T08:46:55.9844159Z (Reading database ... 90%
2026-09-15T08:46:56.1933727Z (Reading database ... 95%
2026-09-15T08:46:56.1934415Z (Reading database ... 100%
2026-09-15T08:46:56.1935215Z (Reading database ... 209256 files and directories currently installed.)
2026-09-15T08:46:56.1975749Z Preparing to unpack .../0-fonts-ipafont-gothic_00303-23ubuntu1_all.deb ...
2026-09-15T08:46:56.2076971Z Unpacking fonts-ipafont-gothic (00303-23ubuntu1) ...
2026-09-15T08:46:56.2885021Z Selecting previously unselected package fonts-freefont-ttf.
2026-09-15T08:46:56.3020240Z Preparing to unpack .../1-fonts-freefont-ttf_20211204+svn4273-4build1_all.deb ...
2026-09-15T08:46:56.3028998Z Unpacking fonts-freefont-ttf (20211204+svn4273-4build1) ...
2026-09-15T08:46:56.4057331Z Selecting previously unselected package fonts-tlwg-loma-otf.
2026-09-15T08:46:56.4192246Z Preparing to unpack .../2-fonts-tlwg-loma-otf_1%3a0.7.3-1build1_all.deb ...
2026-09-15T08:46:56.4200844Z Unpacking fonts-tlwg-loma-otf (1:0.7.3-1build1) ...
2026-09-15T08:46:56.4437936Z Selecting previously unselected package fonts-unifont.
2026-09-15T08:46:56.4574705Z Preparing to unpack .../3-fonts-unifont_1%3a16.0.04-1build1_all.deb ...
2026-09-15T08:46:56.4584088Z Unpacking fonts-unifont (1:16.0.04-1build1) ...
2026-09-15T08:46:56.5696589Z Selecting previously unselected package fonts-wqy-zenhei.
2026-09-15T08:46:56.5831274Z Preparing to unpack .../4-fonts-wqy-zenhei_0.9.45-8build1_all.deb ...
2026-09-15T08:46:56.5971607Z Unpacking fonts-wqy-zenhei (0.9.45-8build1) ...
2026-09-15T08:46:56.6965422Z Selecting previously unselected package xfonts-encodings.
2026-09-15T08:46:56.7101784Z Preparing to unpack .../5-xfonts-encodings_1%3a1.0.5-0ubuntu3_all.deb ...
2026-09-15T08:46:56.7114922Z Unpacking xfonts-encodings (1:1.0.5-0ubuntu3) ...
2026-09-15T08:46:56.7473782Z Selecting previously unselected package xfonts-utils.
2026-09-15T08:46:56.7610577Z Preparing to unpack .../6-xfonts-utils_1%3a7.7+7build1_amd64v3.deb ...
2026-09-15T08:46:56.7619495Z Unpacking xfonts-utils (1:7.7+7build1) ...
2026-09-15T08:46:56.8126224Z Selecting previously unselected package xfonts-cyrillic.
2026-09-15T08:46:56.8260651Z Preparing to unpack .../7-xfonts-cyrillic_1%3a1.0.5+nmu1build1_all.deb ...
2026-09-15T08:46:56.8270531Z Unpacking xfonts-cyrillic (1:1.0.5+nmu1build1) ...
2026-09-15T08:46:56.8627789Z Selecting previously unselected package xfonts-scalable.
2026-09-15T08:46:56.8763807Z Preparing to unpack .../8-xfonts-scalable_1%3a1.0.3-1.3build1_all.deb ...
2026-09-15T08:46:56.8771971Z Unpacking xfonts-scalable (1:1.0.3-1.3build1) ...
2026-09-15T08:46:56.9219854Z Setting up fonts-wqy-zenhei (0.9.45-8build1) ...
2026-09-15T08:46:56.9378302Z Setting up fonts-freefont-ttf (20211204+svn4273-4build1) ...
2026-09-15T08:46:56.9400216Z Setting up fonts-tlwg-loma-otf (1:0.7.3-1build1) ...
2026-09-15T08:46:56.9421859Z Setting up xfonts-encodings (1:1.0.5-0ubuntu3) ...
2026-09-15T08:46:56.9443217Z Setting up fonts-ipafont-gothic (00303-23ubuntu1) ...
2026-09-15T08:46:56.9509527Z update-alternatives: using /usr/share/fonts/opentype/ipafont-gothic/ipag.ttf to provide /usr/share/fonts/truetype/fonts-japanese-gothic.ttf (fonts-japanese-gothic.ttf) in auto mode
2026-09-15T08:46:56.9527668Z Setting up fonts-unifont (1:16.0.04-1build1) ...
2026-09-15T08:46:56.9551559Z Setting up xfonts-utils (1:7.7+7build1) ...
2026-09-15T08:46:56.9610050Z Setting up xfonts-cyrillic (1:1.0.5+nmu1build1) ...
2026-09-15T08:46:57.0360804Z Setting up xfonts-scalable (1:1.0.3-1.3build1) ...
2026-09-15T08:46:57.0771330Z Processing triggers for man-db (2.13.1-1build1) ...
2026-09-15T08:46:57.0794197Z Not building database; man-db/auto-update is not 'true'.
2026-09-15T08:46:57.0808404Z Processing triggers for fontconfig (2.17.1-3ubuntu1) ...
2026-09-15T08:46:57.8884634Z 
2026-09-15T08:46:57.8885389Z Running kernel seems to be up-to-date.
2026-09-15T08:46:57.8885788Z 
2026-09-15T08:46:57.8886008Z Restarting services...
2026-09-15T08:46:57.8983029Z 
2026-09-15T08:46:57.8983830Z Service restarts being deferred:
2026-09-15T08:46:57.8986780Z  systemctl restart hosted-compute-agent.service
2026-09-15T08:46:57.8987049Z 
2026-09-15T08:46:57.8987965Z No containers need to be restarted.
2026-09-15T08:46:57.8988325Z 
2026-09-15T08:46:57.8988931Z No user sessions are running outdated binaries.
2026-09-15T08:46:57.8989179Z 
2026-09-15T08:46:57.8989477Z No VM guests are running outdated hypervisor (qemu) binaries on this host.
2026-09-15T08:46:58.9968823Z Downloading Chrome for Testing 153.0.8010.12 (playwright chromium v1243) from https://cdn.playwright.dev/builds/cft/153.0.8010.12/linux64/chrome-linux64.zip
2026-09-15T08:46:59.4060630Z |                                                                                |   0% of 186.8 MiB
2026-09-15T08:46:59.5812641Z |■■■■■■■■                                                                        |  10% of 186.8 MiB
2026-09-15T08:46:59.6800702Z |■■■■■■■■■■■■■■■■                                                                |  20% of 186.8 MiB
2026-09-15T08:46:59.7893423Z |■■■■■■■■■■■■■■■■■■■■■■■■                                                        |  30% of 186.8 MiB
2026-09-15T08:46:59.8635249Z |■■■■■■■■■■■■■■■■■■■■■■■■■■■■■■■■                                                |  40% of 186.8 MiB
2026-09-15T08:46:59.9582835Z |■■■■■■■■■■■■■■■■■■■■■■■■■■■■■■■■■■■■■■■■                                        |  50% of 186.8 MiB
2026-09-15T08:47:00.0414276Z |■■■■■■■■■■■■■■■■■■■■■■■■■■■■■■■■■■■■■■■■■■■■■■■■                                |  60% of 186.8 MiB
2026-09-15T08:47:00.1167614Z |■■■■■■■■■■■■■■■■■■■■■■■■■■■■■■■■■■■■■■■■■■■■■■■■■■■■■■■■                        |  70% of 186.8 MiB
2026-09-15T08:47:00.2187737Z |■■■■■■■■■■■■■■■■■■■■■■■■■■■■■■■■■■■■■■■■■■■■■■■■■■■■■■■■■■■■■■■■                |  80% of 186.8 MiB
2026-09-15T08:47:00.3068682Z |■■■■■■■■■■■■■■■■■■■■■■■■■■■■■■■■■■■■■■■■■■■■■■■■■■■■■■■■■■■■■■■■■■■■■■■■        |  90% of 186.8 MiB
2026-09-15T08:47:00.4148548Z |■■■■■■■■■■■■■■■■■■■■■■■■■■■■■■■■■■■■■■■■■■■■■■■■■■■■■■■■■■■■■■■■■■■■■■■■■■■■■■■■| 100% of 186.8 MiB
2026-09-15T08:47:03.4469639Z Chrome for Testing 153.0.8010.12 (playwright chromium v1243) downloaded to <RUNNER_HOME>/.cache/ms-playwright/chromium-1243
2026-09-15T08:47:03.4476040Z Downloading FFmpeg (playwright ffmpeg v1011) from https://cdn.playwright.dev/dbazure/download/playwright/builds/ffmpeg/1011/ffmpeg-linux.zip
2026-09-15T08:47:03.8577025Z |                                                                                |   0% of 2.3 MiB
2026-09-15T08:47:03.8683358Z |■■■■■■■■                                                                        |  10% of 2.3 MiB
2026-09-15T08:47:03.8729875Z |■■■■■■■■■■■■■■■■                                                                |  20% of 2.3 MiB
2026-09-15T08:47:03.8763773Z |■■■■■■■■■■■■■■■■■■■■■■■■                                                        |  30% of 2.3 MiB
2026-09-15T08:47:03.8796770Z |■■■■■■■■■■■■■■■■■■■■■■■■■■■■■■■■                                                |  40% of 2.3 MiB
2026-09-15T08:47:03.8808893Z |■■■■■■■■■■■■■■■■■■■■■■■■■■■■■■■■■■■■■■■■                                        |  50% of 2.3 MiB
2026-09-15T08:47:03.8920642Z |■■■■■■■■■■■■■■■■■■■■■■■■■■■■■■■■■■■■■■■■■■■■■■■■                                |  60% of 2.3 MiB
2026-09-15T08:47:03.9009634Z |■■■■■■■■■■■■■■■■■■■■■■■■■■■■■■■■■■■■■■■■■■■■■■■■■■■■■■■■                        |  70% of 2.3 MiB
2026-09-15T08:47:03.9065836Z |■■■■■■■■■■■■■■■■■■■■■■■■■■■■■■■■■■■■■■■■■■■■■■■■■■■■■■■■■■■■■■■■                |  80% of 2.3 MiB
2026-09-15T08:47:03.9091251Z |■■■■■■■■■■■■■■■■■■■■■■■■■■■■■■■■■■■■■■■■■■■■■■■■■■■■■■■■■■■■■■■■■■■■■■■■        |  90% of 2.3 MiB
2026-09-15T08:47:03.9103653Z |■■■■■■■■■■■■■■■■■■■■■■■■■■■■■■■■■■■■■■■■■■■■■■■■■■■■■■■■■■■■■■■■■■■■■■■■■■■■■■■■| 100% of 2.3 MiB
2026-09-15T08:47:03.9769019Z FFmpeg (playwright ffmpeg v1011) downloaded to <RUNNER_HOME>/.cache/ms-playwright/ffmpeg-1011
2026-09-15T08:47:03.9777495Z Downloading Chrome Headless Shell 153.0.8010.12 (playwright chromium-headless-shell v1243) from https://cdn.playwright.dev/builds/cft/153.0.8010.12/linux64/chrome-headless-shell-linux64.zip
2026-09-15T08:47:04.4157409Z |                                                                                |   0% of 114.3 MiB
2026-09-15T08:47:04.5289265Z |■■■■■■■■                                                                        |  10% of 114.3 MiB
2026-09-15T08:47:04.6075945Z |■■■■■■■■■■■■■■■■                                                                |  20% of 114.3 MiB
2026-09-15T08:47:04.6595417Z |■■■■■■■■■■■■■■■■■■■■■■■■                                                        |  30% of 114.3 MiB
2026-09-15T08:47:04.7224188Z |■■■■■■■■■■■■■■■■■■■■■■■■■■■■■■■■                                                |  40% of 114.3 MiB
2026-09-15T08:47:04.7974620Z |■■■■■■■■■■■■■■■■■■■■■■■■■■■■■■■■■■■■■■■■                                        |  50% of 114.3 MiB
2026-09-15T08:47:04.8465420Z |■■■■■■■■■■■■■■■■■■■■■■■■■■■■■■■■■■■■■■■■■■■■■■■■                                |  60% of 114.3 MiB
2026-09-15T08:47:04.9204726Z |■■■■■■■■■■■■■■■■■■■■■■■■■■■■■■■■■■■■■■■■■■■■■■■■■■■■■■■■                        |  70% of 114.3 MiB
2026-09-15T08:47:04.9664880Z |■■■■■■■■■■■■■■■■■■■■■■■■■■■■■■■■■■■■■■■■■■■■■■■■■■■■■■■■■■■■■■■■                |  80% of 114.3 MiB
2026-09-15T08:47:05.0132738Z |■■■■■■■■■■■■■■■■■■■■■■■■■■■■■■■■■■■■■■■■■■■■■■■■■■■■■■■■■■■■■■■■■■■■■■■■        |  90% of 114.3 MiB
2026-09-15T08:47:05.0818839Z |■■■■■■■■■■■■■■■■■■■■■■■■■■■■■■■■■■■■■■■■■■■■■■■■■■■■■■■■■■■■■■■■■■■■■■■■■■■■■■■■| 100% of 114.3 MiB
2026-09-15T08:47:07.5076405Z Chrome Headless Shell 153.0.8010.12 (playwright chromium-headless-shell v1243) downloaded to <RUNNER_HOME>/.cache/ms-playwright/chromium_headless_shell-1243
2026-09-15T08:47:07.5403247Z ##[group]Run make build
2026-09-15T08:47:07.5403702Z [36;1mmake build[0m
2026-09-15T08:47:07.5461342Z shell: /usr/bin/bash -e {0}
2026-09-15T08:47:07.5461607Z env:
2026-09-15T08:47:07.5461883Z   pythonLocation: /opt/hostedtoolcache/Python/3.12.13/x64
2026-09-15T08:47:07.5462653Z   PKG_CONFIG_PATH: /opt/hostedtoolcache/Python/3.12.13/x64/lib/pkgconfig
2026-09-15T08:47:07.5463118Z   Python_ROOT_DIR: /opt/hostedtoolcache/Python/3.12.13/x64
2026-09-15T08:47:07.5463538Z   Python2_ROOT_DIR: /opt/hostedtoolcache/Python/3.12.13/x64
2026-09-15T08:47:07.5463926Z   Python3_ROOT_DIR: /opt/hostedtoolcache/Python/3.12.13/x64
2026-09-15T08:47:07.5464321Z   LD_LIBRARY_PATH: /opt/hostedtoolcache/Python/3.12.13/x64/lib
2026-09-15T08:47:07.5464647Z ##[endgroup]
2026-09-15T08:47:07.5730603Z bash scripts/node.sh npm --prefix apps/web run build
2026-09-15T08:47:07.6821255Z 
2026-09-15T08:47:07.6821894Z > @learning-workbench/web@0.1.0 build
2026-09-15T08:47:07.6822641Z > tsc --noEmit && vite build
2026-09-15T08:47:07.6822925Z 
2026-09-15T08:47:08.9272662Z [36mvite v8.3.0 [32mbuilding client environment for production...[36m[39m
2026-09-15T08:47:08.9401168Z transforming...
2026-09-15T08:47:09.1360717Z ✓ 709 modules transformed.
2026-09-15T08:47:09.2297909Z rendering chunks...
2026-09-15T08:47:09.3719474Z computing gzip size...
2026-09-15T08:47:09.4167622Z dist/index.html                       0.41 kB │ gzip:     0.32 kB
2026-09-15T08:47:09.4169273Z dist/assets/index-Czz-51KG.css       37.62 kB │ gzip:     8.00 kB
2026-09-15T08:47:09.4170200Z dist/assets/index-C-V1zaQH.js     1,019.25 kB │ gzip:   231.54 kB
2026-09-15T08:47:09.4171116Z dist/assets/Markdown-BLlTDfv5.js  2,939.32 kB │ gzip: 1,098.70 kB
2026-09-15T08:47:09.4171581Z 
2026-09-15T08:47:09.4172573Z [32m✓ built in 488ms[39m
2026-09-15T08:47:09.4179445Z [33m[plugin builtin:vite-reporter] 
2026-09-15T08:47:09.4180339Z (!) Some chunks are larger than 500 kB after minification. Consider:
2026-09-15T08:47:09.4181321Z - Using dynamic import() to code-split the application
2026-09-15T08:47:09.4183098Z - Use build.rolldownOptions.output.codeSplitting to improve chunking: https://rolldown.rs/reference/OutputOptions.codeSplitting
2026-09-15T08:47:09.4184818Z - Adjust chunk size limit for this warning via build.chunkSizeWarningLimit.[39m
2026-09-15T08:47:09.4458498Z ##[group]Run make test-e2e
2026-09-15T08:47:09.4458803Z [36;1mmake test-e2e[0m
2026-09-15T08:47:09.4516189Z shell: /usr/bin/bash -e {0}
2026-09-15T08:47:09.4516459Z env:
2026-09-15T08:47:09.4516742Z   pythonLocation: /opt/hostedtoolcache/Python/3.12.13/x64
2026-09-15T08:47:09.4517228Z   PKG_CONFIG_PATH: /opt/hostedtoolcache/Python/3.12.13/x64/lib/pkgconfig
2026-09-15T08:47:09.4517683Z   Python_ROOT_DIR: /opt/hostedtoolcache/Python/3.12.13/x64
2026-09-15T08:47:09.4518078Z   Python2_ROOT_DIR: /opt/hostedtoolcache/Python/3.12.13/x64
2026-09-15T08:47:09.4518495Z   Python3_ROOT_DIR: /opt/hostedtoolcache/Python/3.12.13/x64
2026-09-15T08:47:09.4518936Z   LD_LIBRARY_PATH: /opt/hostedtoolcache/Python/3.12.13/x64/lib
2026-09-15T08:47:09.4519304Z ##[endgroup]
2026-09-15T08:47:09.4613801Z bash scripts/node.sh npm --prefix apps/web run test:e2e
2026-09-15T08:47:09.5710043Z 
2026-09-15T08:47:09.5710947Z > @learning-workbench/web@0.1.0 test:e2e
2026-09-15T08:47:09.5712019Z > playwright test --config ../../tests/e2e/playwright.config.ts
2026-09-15T08:47:09.5712829Z 
2026-09-15T08:47:11.9082739Z [WebServer] INFO:     Started server process [3256]
2026-09-15T08:47:11.9085223Z [WebServer] INFO:     Waiting for application startup.
2026-09-15T08:47:12.0273066Z [WebServer] INFO:     Application startup complete.
2026-09-15T08:47:12.0274667Z [WebServer] INFO:     Uvicorn running on http://127.0.0.1:8765 (Press CTRL+C to quit)
2026-09-15T08:47:13.7580635Z 
2026-09-15T08:47:13.7583056Z Running 87 tests using 1 worker
2026-09-15T08:47:13.7583342Z 
2026-09-15T08:47:33.5489353Z   ✓   1 ../../tests/e2e/assessment-restart.spec.ts:43:1 › same assessment instance rejects forged course and assessment hashes while its independent policy remains active (19.3s)
2026-09-15T08:47:53.1590578Z   ✓   2 ../../tests/e2e/assessment-restart.spec.ts:112:1 › actual browser and API restarts retain independent drafts and keep old solution receipts protected after submission (19.6s)
2026-09-15T08:48:03.9509404Z   ✓   3 ../../tests/e2e/assessments.spec.ts:41:1 › real unreviewed independent assessment saves five types and submits without fabricated grades or answer calls (10.8s)
2026-09-15T08:48:16.1055403Z   ✓   4 ../../tests/e2e/assessments.spec.ts:90:1 › open-book and assisted freeze actual policies; explicit abandon retains saved answers and yields no score (12.1s)
2026-09-15T08:48:28.6080536Z   ✓   5 ../../tests/e2e/assessments.spec.ts:109:1 › two profiles retain a real server CAS conflict with three-way comparison and reject forged same-identity parent (12.3s)
2026-09-15T08:48:35.2987256Z   ✓   6 ../../tests/e2e/assessments.spec.ts:138:1 › missing private binding visibly blocks start instead of fabricating a usable test (6.7s)
2026-09-15T08:48:50.9432573Z   ✓   7 ../../tests/e2e/assessments.spec.ts:145:1 › two pages preserve independent local CAS candidates; a later submitted snapshot never accepts restored edits (15.6s)
2026-09-15T08:49:02.2028494Z   ✓   8 ../../tests/e2e/assessments.spec.ts:251:1 › late redacted Workbench save uses its original ETag and retains hidden selection after explicit three-way choice (11.2s)
2026-09-15T08:49:13.1430210Z   ✓   9 ../../tests/e2e/assessments.spec.ts:295:1 › a genuine solution response held in flight cannot appear after another page starts an open-book assessment (10.9s)
2026-09-15T08:49:18.8121524Z 
2026-09-15T08:49:18.8123875Z   ✓  10 ../../tests/e2e/document-imports.spec.ts:87:1 › real two-page PDF keeps exact page citations, guarded original bytes and explicit fidelity approval (5.6s)
2026-09-15T08:49:23.9938003Z 
2026-09-15T08:49:23.9967276Z   ✓  11 ../../tests/e2e/document-imports.spec.ts:127:1 › real DOCX safe text stays readable for learner while original bytes require an explicit author role (5.2s)
2026-09-15T08:49:29.6923705Z 
2026-09-15T08:49:29.6927929Z   ✓  12 ../../tests/e2e/document-imports.spec.ts:202:1 › a real scanned PDF fails without invented text or OCR and its local original is checked explicitly after reload (5.7s)
2026-09-15T08:49:35.0572260Z 
2026-09-15T08:49:35.0585469Z   ✓  13 ../../tests/e2e/document-imports.spec.ts:236:3 › real encrypted.pdf extraction failure remains blocked and preserves its original hash (5.3s)
2026-09-15T08:49:38.4953159Z 
2026-09-15T08:49:38.4985468Z   ✓  14 ../../tests/e2e/document-imports.spec.ts:236:3 › real malformed.docx extraction failure remains blocked and preserves its original hash (3.4s)
2026-09-15T08:49:50.3530339Z   ✓  15 ../../tests/e2e/grading-recovery.spec.ts:57:1 › a real failed regrade survives reload and can recover from the last actual grade without losing the old submission (11.8s)
2026-09-15T08:50:06.7136834Z   ✓  16 ../../tests/e2e/grading-restart.spec.ts:50:1 › real browser and API restarts preserve the submitted answers, signed review and both grading revisions (16.3s)
2026-09-15T08:50:21.2161599Z   ✓  17 ../../tests/e2e/grading.spec.ts:34:1 › unreviewed original content stays null until an explicit author form creates a signed new grade without altering its reference approval (14.5s)
2026-09-15T08:50:35.6363557Z   ✓  18 ../../tests/e2e/grading.spec.ts:66:1 › two browser profiles keep a stale manual-review baseline through an actual 412 before explicit three-way rebase (14.4s)
2026-09-15T08:50:47.5122243Z   ✓  19 ../../tests/e2e/grading.spec.ts:81:1 › a failed manual request preserves its durable exact command and editable author draft after browser reload (11.9s)
2026-09-15T08:50:58.1722812Z   ✓  20 ../../tests/e2e/imports-policy.spec.ts:11:1 › an open author import retains its task across independent start and submit but rechecks pending-answer protection before restoring content (10.6s)
2026-09-15T08:51:04.3210917Z   ✓  21 ../../tests/e2e/imports-policy.spec.ts:61:1 › a reselected failed original survives a role-policy pause in memory while decoded text must be checked again (6.1s)
2026-09-15T08:51:09.7521450Z   ✓  22 ../../tests/e2e/imports.spec.ts:111:1 › real Markdown upload stays staged, previews and downloads exact bytes, restores and commits exact course refs (5.4s)
2026-09-15T08:51:13.6591715Z   ✓  23 ../../tests/e2e/imports.spec.ts:190:1 › safe HTML warning requires explicit acceptance and native cancel leaves courses untouched (3.9s)
2026-09-15T08:51:19.0298907Z   ✓  24 ../../tests/e2e/imports.spec.ts:218:1 › UTF-8 text can target a real existing course and creates a newer exact revision (5.4s)
2026-09-15T08:51:22.5950912Z   ✓  25 ../../tests/e2e/imports.spec.ts:234:1 › upload request failure keeps the selected file; preview failure keeps the recovery ID and explicit retry works (3.5s)
2026-09-15T08:51:27.5595945Z 
2026-09-15T08:51:27.5614836Z   ✓  26 ../../tests/e2e/imports.spec.ts:254:1 › author package requires explicit role change and clears the private preview after returning to learner (4.9s)
2026-09-15T08:51:31.1164975Z   ✓  27 ../../tests/e2e/imports.spec.ts:290:1 › a real invalid UTF-8 parse shows a blocking error and cannot be confirmed (3.5s)
2026-09-15T08:51:37.5195231Z 
2026-09-15T08:51:37.5196672Z   ✓  28 ../../tests/e2e/imports.spec.ts:311:1 › local encoding choice preserves the failed original and creates a separately confirmed UTF-8 import (6.4s)
2026-09-15T08:51:43.0243062Z 
2026-09-15T08:51:43.0245339Z   ✓  29 ../../tests/e2e/imports.spec.ts:379:1 › deferred author preview and original responses cannot restore content after the role is lowered (5.5s)
2026-09-15T08:51:58.5040927Z   ✓  30 ../../tests/e2e/learning-state-restart.spec.ts:47:1 › actual browser and API restarts preserve profile candidates, exact route overrides and original reading sources (15.5s)
2026-09-15T08:52:05.8321966Z   ✓  31 ../../tests/e2e/learning-state.spec.ts:12:1 › real self-report persists a lost-ACK command once and never creates independent evidence (7.3s)
2026-09-15T08:52:16.6371012Z   ✓  32 ../../tests/e2e/learning-state.spec.ts:30:1 › actual unreviewed submission stays excluded and its precise sources disappear when another page starts independent work (10.8s)
2026-09-15T08:52:21.3586847Z   ✓  33 ../../tests/e2e/learning-state.spec.ts:45:1 › a quota-failed profile remains mounted when a global command tries to leave it (4.7s)
2026-09-15T08:52:28.8696515Z   ✓  34 ../../tests/e2e/notes-lifecycle.spec.ts:32:1 › a concurrent note move to another block remains recoverable by stable note ID after a real 412 (7.5s)
2026-09-15T08:52:36.3773169Z   ✓  35 ../../tests/e2e/notes-lifecycle.spec.ts:64:1 › soft deleting a server note preserves its unsynced local continuation for explicit recovery (7.5s)
2026-09-15T08:52:44.9223752Z   ✓  36 ../../tests/e2e/practice-restart.spec.ts:20:1 › same practice tab identity rejects changed frozen parent or child hashes and preserves the original session (8.5s)
2026-09-15T08:52:58.5582524Z   ✓  37 ../../tests/e2e/practice-restart.spec.ts:66:1 › actual browser close and API restart retain practice identity, exposure and an unsynced local response (13.6s)
2026-09-15T08:53:07.7549434Z   ✓  38 ../../tests/e2e/practice.spec.ts:26:1 › five real question kinds save and refresh; hints and solutions require explicit exposure; submit is ungraded (9.2s)
2026-09-15T08:53:18.4264868Z   ✓  39 ../../tests/e2e/practice.spec.ts:87:1 › offline recovery keeps the local candidate when session GET was also unavailable and reconnect compares its base (10.7s)
2026-09-15T08:53:29.1187122Z   ✓  40 ../../tests/e2e/practice.spec.ts:113:1 › two real browser profiles produce a server CAS conflict with base local and remote before explicit choice (10.7s)
2026-09-15T08:53:35.8779287Z   ✓  41 ../../tests/e2e/practice.spec.ts:138:1 › missing private solution fails closed and a forged same-identity parent never replaces the existing practice tab (6.7s)
2026-09-15T08:53:50.1529199Z   ✓  42 ../../tests/e2e/practice.spec.ts:159:1 › two pages keep their durable local candidates and closing an unsynced practice requires explicit retention (14.3s)
2026-09-15T08:53:55.8811541Z   ✓  43 ../../tests/e2e/provider-settings.spec.ts:53:1 › real settings persist control configuration and temporary secrets without claiming production generation (5.7s)
2026-09-15T08:54:04.0156651Z   ✓  44 ../../tests/e2e/provider-settings.spec.ts:84:1 › real config lost ACK restores the original command after browser/API restart and reads later current state separately (8.1s)
2026-09-15T08:54:11.8796917Z   ✓  45 ../../tests/e2e/provider-settings.spec.ts:112:1 › actual independent assessment policy keeps settings controls available and denies subject consent reads (7.9s)
2026-09-15T08:54:16.4875610Z   ✓  46 ../../tests/e2e/provider-settings.spec.ts:142:41 › secret controls use an actual newer readback while the parent refresh is held; peer change false (4.6s)
2026-09-15T08:54:21.2629195Z   ✓  47 ../../tests/e2e/provider-settings.spec.ts:142:41 › secret controls use an actual newer readback while the parent refresh is held; peer change true (4.8s)
2026-09-15T08:54:33.3401686Z   ✓  48 ../../tests/e2e/reader-conflict-layout.spec.ts:97:1 › real session conflict preserves the scrolled submitted explanation and requires an explicit comparison choice (12.1s)
2026-09-15T08:54:42.3996091Z   ✓  49 ../../tests/e2e/reader-conflict-layout.spec.ts:178:1 › real session conflict keeps the same enabled assessment input focused and visible in the shortened reader (9.1s)
2026-09-15T08:54:55.0961582Z   ✓  50 ../../tests/e2e/reader-restart.spec.ts:13:1 › actual browser close and API process restart retain imported references, notes, progress and Reader position (12.7s)
2026-09-15T08:55:02.5211647Z   ✓  51 ../../tests/e2e/reader.spec.ts:32:1 › real imported directory, title search, worked-example link, long formula and frozen original download (7.4s)
2026-09-15T08:55:09.1544999Z   ✓  52 ../../tests/e2e/reader.spec.ts:66:1 › second repeated rendered selection preserves exact source codepoints, saves note, edits and soft deletes (6.6s)
2026-09-15T08:55:15.4331501Z   ✓  53 ../../tests/e2e/reader.spec.ts:97:1 › native source keyboard selection creates exact Markdown codepoints without rendered-text guessing (6.3s)
2026-09-15T08:55:22.8594694Z   ✓  54 ../../tests/e2e/reader.spec.ts:122:1 › offline local note recovery and a real concurrent server revision show three-way comparison before CAS save (7.4s)
2026-09-15T08:55:33.2885062Z   ✓  55 ../../tests/e2e/reader.spec.ts:170:1 › historical course revisions stay in separate exact tabs and hash-mismatched links preserve unresolved reference (10.4s)
2026-09-15T08:55:44.0176200Z 
2026-09-15T08:55:44.0214601Z   ✓  56 ../../tests/e2e/reader.spec.ts:202:1 › a private original authorized before a cross-profile role decrease cannot trigger a late browser download (10.7s)
2026-09-15T08:55:55.8706867Z   ✓  57 ../../tests/e2e/recommendations.spec.ts:56:1 › real recommendation decisions recover a lost ACK across browser and API restart without rewriting later decisions or learning facts (11.8s)
2026-09-15T08:56:06.4431445Z   ✓  58 ../../tests/e2e/recommendations.spec.ts:90:1 › real local suggestions cover another imported textbook and open its complete original refs independently of acceptance (10.6s)
2026-09-15T08:56:18.0926248Z   ✓  59 ../../tests/e2e/recommendations.spec.ts:110:1 › real offline and stale decision candidates require explicit 412 correction and current independent policy hides delayed subject sources (11.6s)
2026-09-15T08:56:26.8709471Z   ✓  60 ../../tests/e2e/recommendations.spec.ts:151:1 › a controlled archived fixture makes the real historical recommendation stale and its formerly current UI cannot open the old target (8.8s)
2026-09-15T08:56:35.8083437Z   ✓  61 ../../tests/e2e/responsive-layout.spec.ts:43:1 › narrow layout and submitted explanation remain visible before React resize listeners run (8.9s)
2026-09-15T08:56:53.9845364Z   ✓  62 ../../tests/e2e/review.spec.ts:35:1 › real history and exact material review preserve original submitted text, null scores and a selected old revision after reload (18.2s)
2026-09-15T08:57:07.4762017Z   ✓  63 ../../tests/e2e/review.spec.ts:76:1 › a delayed old review response cannot restore history or academic context after another page starts a real independent attempt (13.5s)
2026-09-15T08:57:11.3884321Z   ✓  64 ../../tests/e2e/route-draft-input.spec.ts:9:60 › native route goal input survives its own initial draft save_first delivery after focus (3.9s)
2026-09-15T08:57:15.2583054Z   ✓  65 ../../tests/e2e/route-draft-input.spec.ts:9:60 › native route goal input survives its own initial draft load_first delivery after focus (3.9s)
2026-09-15T08:57:22.7582114Z   ✓  66 ../../tests/e2e/routes.spec.ts:10:1 › real route creation, reminder, manual false, reordered revision and exact target navigation preserve history (7.5s)
2026-09-15T08:57:26.8137366Z   ✓  67 ../../tests/e2e/workbench-initial-recovery.spec.ts:6:3 › initial workbench recovery keeps the saved lesson and waits for the real session at 1440px (4.0s)
2026-09-15T08:57:32.0404605Z   ✓  68 ../../tests/e2e/workbench-initial-recovery.spec.ts:6:3 › initial workbench recovery keeps the saved lesson and waits for the real session at 390px (5.2s)
2026-09-15T08:57:34.3555013Z   ✓  69 ../../tests/e2e/workbench.spec.ts:5:1 › empty workspace, native bootstrap, four fixed navigation and truthful auxiliary states (2.3s)
2026-09-15T08:57:38.2689364Z   ✓  70 ../../tests/e2e/workbench.spec.ts:22:1 › real keyboard and mouse resize, native drawers, focus return and restored layout (3.9s)
2026-09-15T08:57:43.3073128Z   ✓  71 ../../tests/e2e/workbench.spec.ts:43:1 › object drafts survive preview switches, close choice and browser reload without fake sending (5.0s)
2026-09-15T08:57:52.0712246Z   ✓  72 ../../tests/e2e/workbench.spec.ts:60:1 › server CAS conflict is visible, local object drafts survive and explicit readback recovers (8.7s)
2026-09-15T08:57:57.1764689Z   ✓  73 ../../tests/e2e/workbench.spec.ts:73:1 › offline pending UI is restored after actual connection recovery (5.1s)
2026-09-15T08:58:00.6578692Z   ✓  74 ../../tests/e2e/workbench.spec.ts:85:1 › actual MathJax, no runtime errors, long formula local scrolling, all screenshot sizes (3.5s)
2026-09-15T08:58:08.1074514Z   ✓  75 ../../tests/e2e/workbench.spec.ts:112:1 › two browser pages keep drafts for different objects in native IndexedDB (7.4s)
2026-09-15T08:58:11.5836488Z   ✓  76 ../../tests/e2e/workbench.spec.ts:130:1 › exact reference mismatch stays unresolved and preserves the original snapshot (3.5s)
2026-09-15T08:58:17.3624535Z   ✓  77 ../../tests/e2e/workbench.spec.ts:147:1 › cold lazy renderer restores saved reading offset after the content is ready (5.8s)
2026-09-15T08:58:25.5865093Z   ✓  78 ../../tests/e2e/workbench.spec.ts:167:1 › native concurrent same-object transactions preserve both candidates and expose explicit recovery (8.2s)
2026-09-15T08:58:30.7118055Z   ✓  79 ../../tests/e2e/workbench.spec.ts:200:1 › directory history restores the current course and navigation entry (5.1s)
2026-09-15T08:58:34.9297428Z   ✓  80 ../../tests/e2e/workbench.spec.ts:212:1 › UI cache quota failure stays visibly unsaved until the real server acknowledges (4.2s)
2026-09-15T08:58:39.0249375Z   ✓  81 ../../tests/e2e/workbench.spec.ts:229:1 › offline UI candidates from two pages remain separate on reload (4.1s)
2026-09-15T08:58:46.6965310Z   ✓  82 ../../tests/e2e/workbench.spec.ts:250:1 › quota-only memory candidate with a changed server baseline shows three-way comparison before explicit CAS (7.6s)
2026-09-15T08:58:52.6604676Z   ✓  83 ../../tests/e2e/workbench.spec.ts:283:1 › per-object details and focus survive A to B to A and browser reload after lazy content readiness (6.0s)
2026-09-15T08:58:56.4924777Z   ✓  84 ../../tests/e2e/workbench.spec.ts:302:1 › first unsent-draft conflict shows original, local and stored text before any reload or choice (3.8s)
2026-09-15T08:59:01.2984699Z   ✓  85 ../../tests/e2e/workbench.spec.ts:332:1 › route directory stays honestly empty and continue reading restores the exact last lesson (4.8s)
2026-09-15T08:59:05.0951119Z   ✓  86 ../../tests/e2e/workbench.spec.ts:354:1 › native keyboard selection updates frozen-reference preview and ambiguous source matches are refused (3.8s)
2026-09-15T08:59:09.3410773Z   ✓  87 ../../tests/e2e/zoom.spec.ts:5:1 › real browser 200 percent zoom reflows CSS width through Chrome appearance setting (4.2s)
2026-09-15T08:59:09.4630578Z 
2026-09-15T08:59:09.4637820Z   87 passed (12.0m)
2026-09-15T08:59:09.4963949Z Post job cleanup.
2026-09-15T08:59:09.6282703Z Post job cleanup.
2026-09-15T08:59:09.7632508Z Post job cleanup.
2026-09-15T08:59:09.8493703Z [command]/usr/bin/git version
2026-09-15T08:59:09.8543156Z git version 2.55.0
2026-09-15T08:59:09.8592791Z Temporarily overriding HOME='<RUNNER_HOME>/work/_temp/f6698e62-4816-45c1-afcf-2e4fa346486c' before making global git config changes
2026-09-15T08:59:09.8594486Z Adding repository directory to the temporary git global config as a safe directory
2026-09-15T08:59:09.8598111Z [command]/usr/bin/git config --global --add safe.directory <RUNNER_WORKSPACE>
2026-09-15T08:59:09.8636669Z Removing SSH command configuration
2026-09-15T08:59:09.8643739Z [command]/usr/bin/git config --local --name-only --get-regexp core\.sshCommand
2026-09-15T08:59:09.8685513Z [command]/usr/bin/git submodule foreach --recursive sh -c "git config --local --name-only --get-regexp 'core\.sshCommand' && git config --local --unset-all 'core.sshCommand' || :"
2026-09-15T08:59:09.9013737Z Removing HTTP extra header
2026-09-15T08:59:09.9025000Z [command]/usr/bin/git config --local --name-only --get-regexp http\.https\:\/\/github\.com\/\.extraheader
2026-09-15T08:59:09.9065789Z [command]/usr/bin/git submodule foreach --recursive sh -c "git config --local --name-only --get-regexp 'http\.https\:\/\/github\.com\/\.extraheader' && git config --local --unset-all 'http.https://github.com/.extraheader' || :"
2026-09-15T08:59:09.9419616Z Removing includeIf entries pointing to credentials config files
2026-09-15T08:59:09.9429905Z [command]/usr/bin/git config --local --name-only --get-regexp ^includeIf\.gitdir:
2026-09-15T08:59:09.9509585Z includeif.gitdir:<RUNNER_WORKSPACE>/.git.path
2026-09-15T08:59:09.9514213Z includeif.gitdir:<RUNNER_WORKSPACE>/.git/worktrees/*.path
2026-09-15T08:59:09.9515219Z includeif.gitdir:/github/workspace/.git.path
2026-09-15T08:59:09.9515969Z includeif.gitdir:/github/workspace/.git/worktrees/*.path
2026-09-15T08:59:09.9517848Z [command]/usr/bin/git config --local --get-all includeif.gitdir:<RUNNER_WORKSPACE>/.git.path
2026-09-15T08:59:09.9553599Z <RUNNER_HOME>/work/_temp/git-credentials-22f4a2ce-9b85-4624-b3f5-15d6b638e252.config
2026-09-15T08:59:09.9557518Z [command]/usr/bin/git config --local --unset includeif.gitdir:<RUNNER_WORKSPACE>/.git.path \/home\/runner\/work\/_temp\/git\-credentials\-22f4a2ce\-9b85\-4624\-b3f5\-15d6b638e252\.config
2026-09-15T08:59:09.9606237Z [command]/usr/bin/git config --local --get-all includeif.gitdir:<RUNNER_WORKSPACE>/.git/worktrees/*.path
2026-09-15T08:59:09.9634217Z <RUNNER_HOME>/work/_temp/git-credentials-22f4a2ce-9b85-4624-b3f5-15d6b638e252.config
2026-09-15T08:59:09.9646925Z [command]/usr/bin/git config --local --unset includeif.gitdir:<RUNNER_WORKSPACE>/.git/worktrees/*.path \/home\/runner\/work\/_temp\/git\-credentials\-22f4a2ce\-9b85\-4624\-b3f5\-15d6b638e252\.config
2026-09-15T08:59:09.9690533Z [command]/usr/bin/git config --local --get-all includeif.gitdir:/github/workspace/.git.path
2026-09-15T08:59:09.9717436Z /github/runner_temp/git-credentials-22f4a2ce-9b85-4624-b3f5-15d6b638e252.config
2026-09-15T08:59:09.9724848Z [command]/usr/bin/git config --local --unset includeif.gitdir:/github/workspace/.git.path \/github\/runner_temp\/git\-credentials\-22f4a2ce\-9b85\-4624\-b3f5\-15d6b638e252\.config
2026-09-15T08:59:09.9761594Z [command]/usr/bin/git config --local --get-all includeif.gitdir:/github/workspace/.git/worktrees/*.path
2026-09-15T08:59:09.9787976Z /github/runner_temp/git-credentials-22f4a2ce-9b85-4624-b3f5-15d6b638e252.config
2026-09-15T08:59:09.9794374Z [command]/usr/bin/git config --local --unset includeif.gitdir:/github/workspace/.git/worktrees/*.path \/github\/runner_temp\/git\-credentials\-22f4a2ce\-9b85\-4624\-b3f5\-15d6b638e252\.config
2026-09-15T08:59:09.9833492Z [command]/usr/bin/git submodule foreach --recursive git config --local --show-origin --name-only --get-regexp remote.origin.url
2026-09-15T08:59:10.0125180Z Removing credentials config '<RUNNER_HOME>/work/_temp/git-credentials-22f4a2ce-9b85-4624-b3f5-15d6b638e252.config'
2026-09-15T08:59:10.0306727Z Cleaning up orphan processes
