Historical Reader diagnostic incomplete: file write failed or exceeded the observer wait limit; original test failure is unchanged.
{
  "status": "PASS",
  "scope": "Controlled diagnostic helper only; EventEmitter stands in for CDP and real local files/timers are used. No browser or product behavior proof.",
  "results": [
    {
      "kind": "unavailable-page",
      "elapsed_ms": 1.6599019999999953,
      "same_original_error": true,
      "listeners_remaining": 0,
      "artifact_state": {
        "capture_error": "PAGE_UNAVAILABLE"
      }
    },
    {
      "kind": "never-completes",
      "elapsed_ms": 250.441177,
      "same_original_error": true,
      "listeners_remaining": 0,
      "artifact_state": {
        "capture_error": "PAGE_OBSERVATION_TIMEOUT"
      }
    },
    {
      "kind": "unwritable-target",
      "elapsed_ms": 2.359899999999982,
      "same_original_error": true,
      "listeners_remaining": 0,
      "artifact_state": null
    }
  ]
}
