FF                                                                       [100%]
=================================== FAILURES ===================================
_ test_old_and_new_course_members_retain_toolbar_and_outline_reading_consistency _
tests/integration/test_learning_course_history.py:58: in test_old_and_new_course_members_retain_toolbar_and_outline_reading_consistency
    assert {item["ref"]["id"] for item in projected["readings"]} == {old_lesson.id, new_lesson.id}
E   AssertionError: assert {'lesson_history_new'} == {'lesson_hist..._history_old'}
E     
E     Extra items in the right set:
E     'lesson_history_old'
E     Use -v to get more diff
_ test_history_filter_excludes_other_courses_and_never_includes_unreferenced_same_id_revisions _
tests/integration/test_learning_course_history.py:85: in test_history_filter_excludes_other_courses_and_never_includes_unreferenced_same_id_revisions
    assert [item["ref"] for item in scoped["readings"]] == [reference(block).model_dump(mode="json")]
E   AssertionError: assert [{'entity': '...1f6a989b645'}] == [{'entity': '...be35c7ff47b'}]
E     
E     Left contains one more item: {'entity': 'block', 'id': 'block_history_member', 'revision': 2, 'sha256': '8b256fa31bafc556cb859e67e69ebd6727b00188cc755f72ea4ea1f6a989b645'}
E     Use -v to get more diff
=============================== warnings summary ===============================
../..<USER_HOME>/Desktop/learning/Learning_Workbench/.venv/lib/python3.12/site-packages/fastapi/testclient.py:1
  <USER_HOME>/Desktop/learning/Learning_Workbench/.venv/lib/python3.12/site-packages/fastapi/testclient.py:1: StarletteDeprecationWarning: Using `httpx` with `starlette.testclient` is deprecated; install `httpx2` instead.
    from starlette.testclient import TestClient as TestClient  # noqa

../..<USER_HOME>/Desktop/learning/Learning_Workbench/.venv/lib/python3.12/site-packages/starlette/testclient.py:53
  <USER_HOME>/Desktop/learning/Learning_Workbench/.venv/lib/python3.12/site-packages/starlette/testclient.py:53: DeprecationWarning: The anyio.abc.BlockingPortal alias is deprecated, use anyio.from_thread.BlockingPortal instead.
    _PortalFactoryType = Callable[[], AbstractContextManager[anyio.abc.BlockingPortal]]

-- Docs: https://docs.pytest.org/en/stable/how-to/capture-warnings.html
=========================== short test summary info ============================
FAILED tests/integration/test_learning_course_history.py::test_old_and_new_course_members_retain_toolbar_and_outline_reading_consistency
FAILED tests/integration/test_learning_course_history.py::test_history_filter_excludes_other_courses_and_never_includes_unreferenced_same_id_revisions
2 failed, 2 warnings in 0.44s
