
 RUN  v5.0.0 <private-home>/.cache/learning-workbench-acceptance/m61-active/apps/web

 ❯ src/features/authoring/useAuthoring.test.tsx (6 tests | 1 failed) 392ms
   × a candidate whose raw Markdown no longer matches its declared byte hash is never displayed 56ms

⎯⎯⎯⎯⎯⎯⎯ Failed Tests 1 ⎯⎯⎯⎯⎯⎯⎯

 FAIL  src/features/authoring/useAuthoring.test.tsx > a candidate whose raw Markdown no longer matches its declared byte hash is never displayed
AssertionError: expected { owner: 'authoring', …(9) } to be null

- Expected:
null

+ Received:
{
  "base_ref": null,
  "body_sha256": "0000000000000000000000000000000000000000000000000000000000000000",
  "candidate": {
    "candidate_sha256": "aaaaaaaaaaaaaaaaaaaaaaaaaaaaaaaaaaaaaaaaaaaaaaaaaaaaaaaaaaaaaaaa",
    "draft_id": "draft_bound_example",
    "draft_revision": 1,
    "entity": "block",
  },
  "numeric_check_ids": [],
  "owner": "authoring",
  "payload": {
    "body_markdown": "正文 bytes 与所报 hash 不相同",
    "declared_source_refs": [],
    "kind": "worked_example",
    "numeric_plan": {
      "assertions": [
        {
          "atol": 0,
          "expected": 2,
          "expression": "x+1",
          "id": "assertion_x",
          "rtol": 0,
          "unit": "1",
        },
      ],
      "seed": null,
      "variables": [
        {
          "name": "x",
          "unit": "1",
          "value": 1,
        },
      ],
      "version": "finite-arithmetic-v1",
    },
    "symbols": [
      {
        "dimension": "1",
        "domain": "real",
        "name": "x",
        "tex": "x",
      },
    ],
    "title": "合成候选",
    "version": "worked-example-candidate-v1",
  },
  "source_job_id": "job_safe_authoring",
  "state": "draft",
  "validation": {
    "independent_pedagogy": "NOT_RUN",
    "issues": [],
    "mathematical": "NOT_RUN",
    "references": "PASS",
    "schema": "PASS",
    "sources": "NOT_RUN",
    "symbol_declarations": "PASS",
  },
  "warnings": [],
}

 ❯ src/features/authoring/useAuthoring.test.tsx:82:37
     80|   const hook = renderHook(() => useAuthoring(f.workspace, false, f.por…
     81|   await waitFor(() => expect(hook.result.current.academic).toBe(true))…
     82|   expect(hook.result.current.draft).toBeNull()
       |                                     ^
     83|   expect(hook.result.current.error).not.toBe('')
     84| })

⎯⎯⎯⎯⎯⎯⎯⎯⎯⎯⎯⎯⎯⎯⎯⎯⎯⎯⎯⎯⎯⎯⎯⎯[1/1]⎯


 Test Files  1 failed (1)
      Tests  1 failed | 5 passed (6)
   Start at  01:02:29
   Duration  843ms (tests 51%, environment 25%, transform 15%, import 9%)

