
 RUN  v5.0.0 <private-home>/.cache/learning-workbench-acceptance/m61-active/apps/web

 ❯ src/features/authoring/useAuthoring.test.tsx (3 tests | 1 failed) 178ms
   × lost cancel ACK remains available immediately and replays its original key and revision after refresh 58ms

⎯⎯⎯⎯⎯⎯⎯ Failed Tests 1 ⎯⎯⎯⎯⎯⎯⎯

 FAIL  src/features/authoring/useAuthoring.test.tsx > lost cancel ACK remains available immediately and replays its original key and revision after refresh
AssertionError: expected [] to have a length of 1 but got +0

- Expected
+ Received

- 1
+ 0

 ❯ src/features/authoring/useAuthoring.test.tsx:29:40
     27|   await waitFor(() => expect(hook.result.current.jobs).toHaveLength(1)…
     28|   await act(() => hook.result.current.cancel(f.value))
     29|   expect(hook.result.current.commands).toHaveLength(1)
       |                                        ^
     30|   const original = hook.result.current.commands[0]
     31|   f.value.revision = 9

⎯⎯⎯⎯⎯⎯⎯⎯⎯⎯⎯⎯⎯⎯⎯⎯⎯⎯⎯⎯⎯⎯⎯⎯[1/1]⎯


 Test Files  1 failed (1)
      Tests  1 failed | 2 passed (3)
   Start at  00:52:08
   Duration  632ms (environment 36%, tests 32%, transform 20%, import 12%)

