Using CPython 3.12.13
Creating virtual environment at: .venv
Installed 37 packages in 251ms
 + annotated-doc==0.0.5
 + annotated-types==0.8.0
 + anyio==4.15.1
 + ast-serialize==0.11.2
 + attrs==26.1.0
 + certifi==2026.7.22
 + click==8.5.0
 + defusedxml==0.7.1
 + fastapi==0.141.1
 + h11==0.16.0
 + httpcore==1.0.9
 + httpx==0.28.1
 + idna==3.19
 + iniconfig==2.3.0
 + jsonschema==4.26.0
 + jsonschema-specifications==2025.9.1
 + librt==0.15.0
 + markdown-it-py==4.2.0
 + mdurl==0.1.2
 + mypy==2.3.1
 + mypy-extensions==1.1.0
 + packaging==26.3
 + pathspec==1.1.1
 + pluggy==1.6.0
 + pydantic==2.13.5
 + pydantic-core==2.46.5
 + pygments==2.21.0
 + pypdf==6.18.1
 + pytest==9.1.1
 + python-multipart==0.0.32
 + referencing==0.37.0
 + rpds-py==2026.6.3
 + ruff==0.16.7
 + starlette==1.6.0
 + typing-extensions==4.16.0
 + typing-inspection==0.4.4
 + uvicorn==0.53.0
npm error code ENOTCACHED
npm error request to https://registry.npmjs.org/source-map-js/-/source-map-js-1.2.2.tgz failed: cache mode is 'only-if-cached' but no cached response is available.
npm error A complete log of this run can be found in: $HOME/.npm/_logs/2026-10-07T18_09_57_332Z-debug-0.log
Traceback (most recent call last):
  File "$HOME/.cache/learning-workbench-acceptance/m63-grading-bounded-observation-implementation-oct08/scripts/setup.py", line 47, in <module>
    setup()
  File "$HOME/.cache/learning-workbench-acceptance/m63-grading-bounded-observation-implementation-oct08/scripts/setup.py", line 42, in setup
    run("npm", "ci", "--prefix", "apps/web", env=environment)
  File "$HOME/.cache/learning-workbench-acceptance/m63-grading-bounded-observation-implementation-oct08/scripts/setup.py", line 19, in run
    subprocess.run(args, cwd=ROOT, env=env, check=True)
  File "$HOME/miniconda3/lib/python3.10/subprocess.py", line 526, in run
    raise CalledProcessError(retcode, process.args,
subprocess.CalledProcessError: Command '('npm', 'ci', '--prefix', 'apps/web')' returned non-zero exit status 1.
make: *** [Makefile:8: setup] Error 1
