2026-09-28T07:06:01.5293710Z Current runner version: '2.337.0'
2026-09-28T07:06:01.5346297Z ##[group]Runner Image Provisioner
2026-09-28T07:06:01.5347303Z Hosted Compute Agent
2026-09-28T07:06:01.5348109Z Version: 20260828.587
2026-09-28T07:06:01.5349210Z Commit: abac92662cab4cc7352de4f9f9d2e2419aad9c29
2026-09-28T07:06:01.5350426Z Build Date: 2026-08-28T16:44:25Z
2026-09-28T07:06:01.5351181Z Worker ID: {32413b85-2cf0-4734-b976-6b075e717aed}
2026-09-28T07:06:01.5351918Z Azure Region: westcentralus
2026-09-28T07:06:01.5352637Z ##[endgroup]
2026-09-28T07:06:01.5354163Z ##[group]Operating System
2026-09-28T07:06:01.5354904Z Ubuntu
2026-09-28T07:06:01.5355530Z 24.04.5
2026-09-28T07:06:01.5356060Z LTS
2026-09-28T07:06:01.5356673Z ##[endgroup]
2026-09-28T07:06:01.5357246Z ##[group]Runner Image
2026-09-28T07:06:01.5357955Z Image: ubuntu-24.04
2026-09-28T07:06:01.5359183Z Version: 20260920.314.1
2026-09-28T07:06:01.5360618Z Included Software: https://github.com/actions/runner-images/blob/ubuntu24/20260920.314/images/ubuntu/Ubuntu2404-Readme.md
2026-09-28T07:06:01.5362166Z Image Release: https://github.com/actions/runner-images/releases/tag/ubuntu24%2F20260920.314
2026-09-28T07:06:01.5363267Z ##[endgroup]
2026-09-28T07:06:01.5364494Z ##[group]GITHUB_TOKEN Permissions
2026-09-28T07:06:01.5366898Z Contents: read
2026-09-28T07:06:01.5367548Z Metadata: read
2026-09-28T07:06:01.5368199Z ##[endgroup]
2026-09-28T07:06:01.5370763Z Secret source: Actions
2026-09-28T07:06:01.5371778Z Cache mode: write
2026-09-28T07:06:01.5372930Z Prepare workflow directory
2026-09-28T07:06:01.5709942Z Prepare all required actions
2026-09-28T07:06:01.5757205Z Getting action download info
2026-09-28T07:06:01.8862440Z Download action repository 'actions/checkout@3d3c42e5aac5ba805825da76410c181273ba90b1' (SHA:3d3c42e5aac5ba805825da76410c181273ba90b1)
2026-09-28T07:06:01.9763437Z Download action repository 'actions/setup-node@820762786026740c76f36085b0efc47a31fe5020' (SHA:820762786026740c76f36085b0efc47a31fe5020)
2026-09-28T07:06:02.1675246Z Complete job name: frontend
2026-09-28T07:06:02.2496449Z ##[group]Run actions/checkout@3d3c42e5aac5ba805825da76410c181273ba90b1
2026-09-28T07:06:02.2497472Z with:
2026-09-28T07:06:02.2497929Z   repository: kl3574/Learning_Workbench
2026-09-28T07:06:02.2502047Z   token: ***
2026-09-28T07:06:02.2502495Z   ssh-strict: true
2026-09-28T07:06:02.2502943Z   ssh-user: git
2026-09-28T07:06:02.2503390Z   persist-credentials: true
2026-09-28T07:06:02.2503882Z   clean: true
2026-09-28T07:06:02.2504327Z   sparse-checkout-cone-mode: true
2026-09-28T07:06:02.2504844Z   fetch-depth: 1
2026-09-28T07:06:02.2505271Z   fetch-tags: false
2026-09-28T07:06:02.2505728Z   show-progress: true
2026-09-28T07:06:02.2506175Z   lfs: false
2026-09-28T07:06:02.2506590Z   submodules: false
2026-09-28T07:06:02.2507041Z   set-safe-directory: true
2026-09-28T07:06:02.2507545Z   allow-unsafe-pr-checkout: false
2026-09-28T07:06:02.2508259Z ##[endgroup]
2026-09-28T07:06:02.3528167Z Syncing repository: kl3574/Learning_Workbench
2026-09-28T07:06:02.3531412Z ##[group]Getting Git version info
2026-09-28T07:06:02.3532549Z Working directory is '<CI_HOME>/work/Learning_Workbench/Learning_Workbench'
2026-09-28T07:06:02.3533863Z [command]/usr/bin/git version
2026-09-28T07:06:02.3582875Z git version 2.55.0
2026-09-28T07:06:02.3605578Z ##[endgroup]
2026-09-28T07:06:02.3617345Z Temporarily overriding HOME='<CI_HOME>/work/_temp/46fb05eb-bd89-46d2-a9e1-86672d9fecd6' before making global git config changes
2026-09-28T07:06:02.3619198Z Adding repository directory to the temporary git global config as a safe directory
2026-09-28T07:06:02.3625688Z [command]/usr/bin/git config --global --add safe.directory <CI_HOME>/work/Learning_Workbench/Learning_Workbench
2026-09-28T07:06:02.3685774Z Deleting the contents of '<CI_HOME>/work/Learning_Workbench/Learning_Workbench'
2026-09-28T07:06:02.3689830Z ##[group]Determining repository object format
2026-09-28T07:06:02.3691688Z ##[endgroup]
2026-09-28T07:06:02.3693078Z ##[group]Initializing the repository
2026-09-28T07:06:02.3702262Z [command]/usr/bin/git init <CI_HOME>/work/Learning_Workbench/Learning_Workbench
2026-09-28T07:06:02.3784179Z hint: Using 'master' as the name for the initial branch. This default branch name
2026-09-28T07:06:02.3785872Z hint: will change to "main" in Git 3.0. To configure the initial branch name
2026-09-28T07:06:02.3787349Z hint: to use in all of your new repositories, which will suppress this warning,
2026-09-28T07:06:02.3788504Z hint: call:
2026-09-28T07:06:02.3789286Z hint:
2026-09-28T07:06:02.3790096Z hint: 	git config --global init.defaultBranch <name>
2026-09-28T07:06:02.3791041Z hint:
2026-09-28T07:06:02.3791952Z hint: Names commonly chosen instead of 'master' are 'main', 'trunk' and
2026-09-28T07:06:02.3793416Z hint: 'development'. The just-created branch can be renamed via this command:
2026-09-28T07:06:02.3794547Z hint:
2026-09-28T07:06:02.3795186Z hint: 	git branch -m <name>
2026-09-28T07:06:02.3795916Z hint:
2026-09-28T07:06:02.3796996Z hint: Disable this message with "git config set advice.defaultBranchName false"
2026-09-28T07:06:02.3798991Z Initialized empty Git repository in <CI_HOME>/work/Learning_Workbench/Learning_Workbench/.git/
2026-09-28T07:06:02.3802010Z [command]/usr/bin/git remote add origin https://github.com/kl3574/Learning_Workbench
2026-09-28T07:06:02.3848477Z ##[endgroup]
2026-09-28T07:06:02.3850154Z ##[group]Disabling automatic garbage collection
2026-09-28T07:06:02.3852693Z [command]/usr/bin/git config --local gc.auto 0
2026-09-28T07:06:02.3889739Z ##[endgroup]
2026-09-28T07:06:02.3891219Z ##[group]Setting up auth
2026-09-28T07:06:02.3892052Z Removing SSH command configuration
2026-09-28T07:06:02.3895580Z [command]/usr/bin/git config --local --name-only --get-regexp core\.sshCommand
2026-09-28T07:06:02.3934329Z [command]/usr/bin/git submodule foreach --recursive sh -c "git config --local --name-only --get-regexp 'core\.sshCommand' && git config --local --unset-all 'core.sshCommand' || :"
2026-09-28T07:06:02.4310166Z Removing HTTP extra header
2026-09-28T07:06:02.4312273Z [command]/usr/bin/git config --local --name-only --get-regexp http\.https\:\/\/github\.com\/\.extraheader
2026-09-28T07:06:02.4356451Z [command]/usr/bin/git submodule foreach --recursive sh -c "git config --local --name-only --get-regexp 'http\.https\:\/\/github\.com\/\.extraheader' && git config --local --unset-all 'http.https://github.com/.extraheader' || :"
2026-09-28T07:06:02.4611007Z Removing includeIf entries pointing to credentials config files
2026-09-28T07:06:02.4615877Z [command]/usr/bin/git config --local --name-only --get-regexp ^includeIf\.gitdir:
2026-09-28T07:06:02.4655653Z [command]/usr/bin/git submodule foreach --recursive git config --local --show-origin --name-only --get-regexp remote.origin.url
2026-09-28T07:06:02.4901855Z [command]/usr/bin/git config --file <CI_HOME>/work/_temp/git-credentials-ef84d3e4-ed32-40ca-a7fc-7f60ab7cc718.config http.https://github.com/.extraheader AUTHORIZATION: basic ***
2026-09-28T07:06:02.4948411Z [command]/usr/bin/git config --local includeIf.gitdir:<CI_HOME>/work/Learning_Workbench/Learning_Workbench/.git.path <CI_HOME>/work/_temp/git-credentials-ef84d3e4-ed32-40ca-a7fc-7f60ab7cc718.config
2026-09-28T07:06:02.4988289Z [command]/usr/bin/git config --local includeIf.gitdir:<CI_HOME>/work/Learning_Workbench/Learning_Workbench/.git/worktrees/*.path <CI_HOME>/work/_temp/git-credentials-ef84d3e4-ed32-40ca-a7fc-7f60ab7cc718.config
2026-09-28T07:06:02.5029685Z [command]/usr/bin/git config --local includeIf.gitdir:/github/workspace/.git.path /github/runner_temp/git-credentials-ef84d3e4-ed32-40ca-a7fc-7f60ab7cc718.config
2026-09-28T07:06:02.5069545Z [command]/usr/bin/git config --local includeIf.gitdir:/github/workspace/.git/worktrees/*.path /github/runner_temp/git-credentials-ef84d3e4-ed32-40ca-a7fc-7f60ab7cc718.config
2026-09-28T07:06:02.5104992Z ##[endgroup]
2026-09-28T07:06:02.5106094Z ##[group]Fetching the repository
2026-09-28T07:06:02.5111954Z [command]/usr/bin/git -c protocol.version=2 fetch --no-tags --prune --no-recurse-submodules --depth=1 origin +d8205101aaa035c7f1594f40305ae66b8e239837:refs/remotes/pull/55/merge
2026-09-28T07:06:08.1044156Z From https://github.com/kl3574/Learning_Workbench
2026-09-28T07:06:08.1047600Z  * [new ref]         d8205101aaa035c7f1594f40305ae66b8e239837 -> pull/55/merge
2026-09-28T07:06:08.1051571Z ##[endgroup]
2026-09-28T07:06:08.1052884Z ##[group]Determining the checkout info
2026-09-28T07:06:08.1054297Z ##[endgroup]
2026-09-28T07:06:08.1055291Z [command]/usr/bin/git sparse-checkout disable
2026-09-28T07:06:08.1112640Z [command]/usr/bin/git config --local --unset-all extensions.worktreeConfig
2026-09-28T07:06:08.1152923Z ##[group]Checking out the ref
2026-09-28T07:06:08.1155947Z [command]/usr/bin/git checkout --progress --force refs/remotes/pull/55/merge
2026-09-28T07:06:09.1400430Z Updating files:  71% (9658/13456)
2026-09-28T07:06:09.1537527Z Updating files:  72% (9689/13456)
2026-09-28T07:06:09.1909601Z Updating files:  73% (9823/13456)
2026-09-28T07:06:09.2013497Z Updating files:  74% (9958/13456)
2026-09-28T07:06:09.2160054Z Updating files:  75% (10092/13456)
2026-09-28T07:06:09.2286006Z Updating files:  76% (10227/13456)
2026-09-28T07:06:09.2373221Z Updating files:  77% (10362/13456)
2026-09-28T07:06:09.2486229Z Updating files:  78% (10496/13456)
2026-09-28T07:06:09.2620454Z Updating files:  79% (10631/13456)
2026-09-28T07:06:09.2741526Z Updating files:  80% (10765/13456)
2026-09-28T07:06:09.2960438Z Updating files:  81% (10900/13456)
2026-09-28T07:06:09.3083001Z Updating files:  82% (11034/13456)
2026-09-28T07:06:09.3248349Z Updating files:  83% (11169/13456)
2026-09-28T07:06:09.3393638Z Updating files:  84% (11304/13456)
2026-09-28T07:06:09.3511005Z Updating files:  85% (11438/13456)
2026-09-28T07:06:09.3652227Z Updating files:  86% (11573/13456)
2026-09-28T07:06:09.3793199Z Updating files:  87% (11707/13456)
2026-09-28T07:06:09.3939285Z Updating files:  88% (11842/13456)
2026-09-28T07:06:09.4051924Z Updating files:  89% (11976/13456)
2026-09-28T07:06:09.4269430Z Updating files:  90% (12111/13456)
2026-09-28T07:06:09.4462903Z Updating files:  91% (12245/13456)
2026-09-28T07:06:09.4584514Z Updating files:  92% (12380/13456)
2026-09-28T07:06:09.4681978Z Updating files:  93% (12515/13456)
2026-09-28T07:06:09.4786915Z Updating files:  94% (12649/13456)
2026-09-28T07:06:09.4908174Z Updating files:  95% (12784/13456)
2026-09-28T07:06:09.5001711Z Updating files:  96% (12918/13456)
2026-09-28T07:06:09.5085096Z Updating files:  97% (13053/13456)
2026-09-28T07:06:09.5168923Z Updating files:  98% (13187/13456)
2026-09-28T07:06:09.5256537Z Updating files:  99% (13322/13456)
2026-09-28T07:06:09.5257227Z Updating files: 100% (13456/13456)
2026-09-28T07:06:09.5257698Z Updating files: 100% (13456/13456), done.
2026-09-28T07:06:09.5450258Z Note: switching to 'refs/remotes/pull/55/merge'.
2026-09-28T07:06:09.5450871Z 
2026-09-28T07:06:09.5451184Z You are in 'detached HEAD' state. You can look around, make experimental
2026-09-28T07:06:09.5451760Z changes and commit them, and you can discard any commits you make in this
2026-09-28T07:06:09.5452394Z state without impacting any branches by switching back to a branch.
2026-09-28T07:06:09.5452805Z 
2026-09-28T07:06:09.5453024Z If you want to create a new branch to retain commits you create, you may
2026-09-28T07:06:09.5453538Z do so (now or later) by using -c with the switch command. Example:
2026-09-28T07:06:09.5453824Z 
2026-09-28T07:06:09.5453971Z   git switch -c <new-branch-name>
2026-09-28T07:06:09.5454175Z 
2026-09-28T07:06:09.5454312Z Or undo this operation with:
2026-09-28T07:06:09.5454496Z 
2026-09-28T07:06:09.5454618Z   git switch -
2026-09-28T07:06:09.5454768Z 
2026-09-28T07:06:09.5455019Z Turn off this advice by setting config variable advice.detachedHead to false
2026-09-28T07:06:09.5455357Z 
2026-09-28T07:06:09.5455746Z HEAD is now at d820510 Merge 8701c8a04b654c2462e4311f0128201507ebaf7e into 2cf5caa3f966f919997c37b64d0bbf0e332438df
2026-09-28T07:06:09.5541857Z ##[endgroup]
2026-09-28T07:06:09.5595518Z [command]/usr/bin/git log -1 --format=%H
2026-09-28T07:06:09.5628789Z d8205101aaa035c7f1594f40305ae66b8e239837
2026-09-28T07:06:09.6004385Z ##[group]Run actions/setup-node@820762786026740c76f36085b0efc47a31fe5020
2026-09-28T07:06:09.6004851Z with:
2026-09-28T07:06:09.6005109Z   node-version: 24.21.0
2026-09-28T07:06:09.6005384Z   cache: npm
2026-09-28T07:06:09.6005690Z   cache-dependency-path: apps/web/package-lock.json
2026-09-28T07:06:09.6006063Z   check-latest: false
2026-09-28T07:06:09.6009123Z   token: ***
2026-09-28T07:06:09.6009402Z   package-manager-cache: true
2026-09-28T07:06:09.6009705Z ##[endgroup]
2026-09-28T07:06:09.7299861Z Found in cache @ /opt/hostedtoolcache/node/24.21.0/x64
2026-09-28T07:06:09.7302901Z ##[group]Environment details
2026-09-28T07:06:10.1008071Z node: v24.21.0
2026-09-28T07:06:10.1009632Z npm: 11.19.0
2026-09-28T07:06:10.1010494Z yarn: 1.22.22
2026-09-28T07:06:10.1011884Z ##[endgroup]
2026-09-28T07:06:10.1030757Z [command]/opt/hostedtoolcache/node/24.21.0/x64/bin/npm config get cache
2026-09-28T07:06:10.2132692Z <CI_HOME>/.npm
2026-09-28T07:06:10.4001391Z Cache hit for: node-cache-Linux-x64-npm-88346c344be99637313526bac40be213d9ff7980d5ac890cfb906fdfb94cb22b
2026-09-28T07:06:11.6240318Z Received 33554432 of 75890536 (44.2%), 32.0 MBs/sec
2026-09-28T07:06:12.0605380Z Received 75890536 of 75890536 (100.0%), 50.3 MBs/sec
2026-09-28T07:06:12.0606082Z Cache Size: ~72 MB (75890536 B)
2026-09-28T07:06:12.0668467Z [command]/usr/bin/tar -xf <CI_HOME>/work/_temp/c9b1a1a5-7d9b-4993-920a-a5c585135bdc/cache.tzst -P -C <CI_HOME>/work/Learning_Workbench/Learning_Workbench --use-compress-program unzstd
2026-09-28T07:06:12.2228247Z Cache restored successfully
2026-09-28T07:06:12.2272220Z Cache restored from key: node-cache-Linux-x64-npm-88346c344be99637313526bac40be213d9ff7980d5ac890cfb906fdfb94cb22b
2026-09-28T07:06:12.2438125Z ##[group]Run npm ci --prefix apps/web
2026-09-28T07:06:12.2439072Z [36;1mnpm ci --prefix apps/web[0m
2026-09-28T07:06:12.2689599Z shell: /usr/bin/bash -e {0}
2026-09-28T07:06:12.2689910Z ##[endgroup]
2026-09-28T07:06:17.9827893Z 
2026-09-28T07:06:17.9836661Z added 236 packages, and audited 237 packages in 6s
2026-09-28T07:06:17.9837056Z 
2026-09-28T07:06:17.9837260Z 118 packages are looking for funding
2026-09-28T07:06:17.9837602Z   run `npm fund` for details
2026-09-28T07:06:17.9839958Z 
2026-09-28T07:06:17.9840180Z found 0 vulnerabilities
2026-09-28T07:06:18.0586443Z ##[group]Run npm --prefix apps/web run lint
2026-09-28T07:06:18.0586858Z [36;1mnpm --prefix apps/web run lint[0m
2026-09-28T07:06:18.0660242Z shell: /usr/bin/bash -e {0}
2026-09-28T07:06:18.0660531Z ##[endgroup]
2026-09-28T07:06:18.1717546Z 
2026-09-28T07:06:18.1718290Z > @learning-workbench/web@0.1.0 lint
2026-09-28T07:06:18.1719116Z > tsc --noEmit --noUnusedLocals --noUnusedParameters
2026-09-28T07:06:18.1719403Z 
2026-09-28T07:06:19.4863906Z ##[group]Run npm --prefix apps/web run typecheck
2026-09-28T07:06:19.4864349Z [36;1mnpm --prefix apps/web run typecheck[0m
2026-09-28T07:06:19.4932267Z shell: /usr/bin/bash -e {0}
2026-09-28T07:06:19.4932568Z ##[endgroup]
2026-09-28T07:06:19.6273905Z 
2026-09-28T07:06:19.6274702Z > @learning-workbench/web@0.1.0 typecheck
2026-09-28T07:06:19.6275316Z > tsc --noEmit
2026-09-28T07:06:19.6275541Z 
2026-09-28T07:06:20.8186358Z ##[group]Run npm --prefix apps/web run test
2026-09-28T07:06:20.8186723Z [36;1mnpm --prefix apps/web run test[0m
2026-09-28T07:06:20.8255543Z shell: /usr/bin/bash -e {0}
2026-09-28T07:06:20.8255833Z ##[endgroup]
2026-09-28T07:06:20.9250025Z 
2026-09-28T07:06:20.9250860Z > @learning-workbench/web@0.1.0 test
2026-09-28T07:06:20.9251383Z > vitest run
2026-09-28T07:06:20.9251537Z 
2026-09-28T07:06:21.2422589Z 
2026-09-28T07:06:21.2426576Z [1m[30m[46m RUN [49m[39m[22m [36mv5.0.0 [39m[90m<CI_HOME>/work/Learning_Workbench/Learning_Workbench/apps/web[39m
2026-09-28T07:06:21.2427459Z 
2026-09-28T07:06:23.6270967Z  [32m✓[39m src/features/draftReview/useReview.test.tsx [2m([22m[2m15 tests[22m[2m)[22m[33m 1043[2mms[22m[39m
2026-09-28T07:06:23.8395729Z  [32m✓[39m src/features/notes/useNoteDrafts.test.tsx [2m([22m[2m15 tests[22m[2m)[22m[33m 1294[2mms[22m[39m
2026-09-28T07:06:25.2962674Z  [32m✓[39m src/features/authoring/useAuthoringGroups.test.tsx [2m([22m[2m26 tests[22m[2m)[22m[33m 2661[2mms[22m[39m
2026-09-28T07:06:25.3200954Z  [32m✓[39m src/shared/createResponseDraftJournal.test.tsx [2m([22m[2m4 tests[22m[2m)[22m[33m 726[2mms[22m[39m
2026-09-28T07:06:26.2810551Z  [32m✓[39m src/features/recommendations/useDecisions.test.tsx [2m([22m[2m11 tests[22m[2m)[22m[33m 1855[2mms[22m[39m
2026-09-28T07:06:27.1766383Z  [32m✓[39m src/features/providers/providerSecret.test.tsx [2m([22m[2m14 tests[22m[2m)[22m[32m 177[2mms[22m[39m
2026-09-28T07:06:27.4865531Z  [32m✓[39m src/features/learning/useProfile.test.tsx [2m([22m[2m8 tests[22m[2m)[22m[33m 1367[2mms[22m[39m
2026-09-28T07:06:27.4867920Z    [33m[2m✓[22m[39m a late acknowledged old command cannot erase a newer durable profile candidate after policy resume[33m 317[2mms[22m[39m
2026-09-28T07:06:28.4675200Z  [32m✓[39m src/features/practice/usePracticeSession.test.tsx [2m([22m[2m6 tests[22m[2m)[22m[33m 2380[2mms[22m[39m
2026-09-28T07:06:28.4676331Z    [33m[2m✓[22m[39m same hook identity change does not rebind or auto-save unsent A responses to B[33m 857[2mms[22m[39m
2026-09-28T07:06:28.4677349Z    [33m[2m✓[22m[39m explicit keep-local after remote submission retains the draft without a response PUT[33m 693[2mms[22m[39m
2026-09-28T07:06:28.4678378Z    [33m[2m✓[22m[39m keyed unmount with PUT in flight keeps both sessions separate and recovers A on return[33m 306[2mms[22m[39m
2026-09-28T07:06:28.8494439Z  [32m✓[39m src/features/authoring/useAuthoring.test.tsx [2m([22m[2m9 tests[22m[2m)[22m[33m 596[2mms[22m[39m
2026-09-28T07:06:29.1687978Z  [32m✓[39m src/features/providers/providerCommands.test.tsx [2m([22m[2m9 tests[22m[2m)[22m[33m 1231[2mms[22m[39m
2026-09-28T07:06:30.3391440Z  [32m✓[39m src/features/tutor/useTutor.test.tsx [2m([22m[2m11 tests[22m[2m)[22m[33m 976[2mms[22m[39m
2026-09-28T07:06:31.1234228Z  [32m✓[39m src/features/draftPublication/usePublication.test.tsx [2m([22m[2m12 tests[22m[2m)[22m[33m 958[2mms[22m[39m
2026-09-28T07:06:31.2821225Z  [32m✓[39m src/features/reader/selection.test.ts [2m([22m[2m33 tests[22m[2m)[22m[32m 90[2mms[22m[39m
2026-09-28T07:06:34.1810826Z  [32m✓[39m src/features/draftReview/ReviewPanel.test.tsx [2m([22m[2m5 tests[22m[2m)[22m[33m 1773[2mms[22m[39m
2026-09-28T07:06:34.1840164Z    [33m[2m✓[22m[39m candidate creation and human rejection each require their own explicit intent and exact basis[33m 869[2mms[22m[39m
2026-09-28T07:06:34.1900389Z    [33m[2m✓[22m[39m unsubmitted reason survives rereading the same receipt and does not carry into a new revision[33m 456[2mms[22m[39m
2026-09-28T07:06:34.7988157Z  [32m✓[39m src/features/authoring/AuthoringPanel.test.tsx [2m([22m[2m1 test[22m[2m)[22m[33m 2349[2mms[22m[39m
2026-09-28T07:06:34.8031159Z    [33m[2m✓[22m[39m typed component flow prepares once, approves same Job, reads draft and declines a separate numeric preview without execution[33m 2347[2mms[22m[39m
2026-09-28T07:06:36.1274748Z  [32m✓[39m src/features/draftReview/ReviewImportShell.test.tsx [2m([22m[2m3 tests[22m[2m)[22m[33m 4934[2mms[22m[39m
2026-09-28T07:06:36.1276749Z    [33m[2m✓[22m[39m actual Import and Shell preserve review reason until explicit close without submitting import or review[33m 1898[2mms[22m[39m
2026-09-28T07:06:36.1301193Z    [33m[2m✓[22m[39m Import close stays blocked during the current publication ledger read and requires a new explicit enabled click[33m 1415[2mms[22m[39m
2026-09-28T07:06:36.1305406Z    [33m[2m✓[22m[39m actual Import and Shell merge publication confirmations into the existing close guard without issuing a write[33m 1619[2mms[22m[39m
2026-09-28T07:06:36.3430663Z  [32m✓[39m src/workbench/useWorkbenchRecovery.test.tsx [2m([22m[2m6 tests[22m[2m)[22m[33m 326[2mms[22m[39m
2026-09-28T07:06:37.2135919Z  [32m✓[39m src/features/providers/ProviderSettings.test.tsx [2m([22m[2m7 tests[22m[2m)[22m[33m 1851[2mms[22m[39m
2026-09-28T07:06:37.2138285Z    [33m[2m✓[22m[39m config remains visibly separate from proof readiness and send needs a durable original command[33m 464[2mms[22m[39m
2026-09-28T07:06:37.2140747Z    [33m[2m✓[22m[39m reusable preview accepts a consumer-owned task but cannot manufacture a task or dispatch on approval[33m 668[2mms[22m[39m
2026-09-28T07:06:37.8973167Z  [32m✓[39m src/features/retrieval/useRetrieval.test.tsx [2m([22m[2m7 tests[22m[2m)[22m[33m 494[2mms[22m[39m
2026-09-28T07:06:38.7813777Z  [32m✓[39m src/features/authoring/authoringGroupCommands.test.ts [2m([22m[2m14 tests[22m[2m)[22m[32m 48[2mms[22m[39m
2026-09-28T07:06:38.9371643Z  [32m✓[39m src/features/recommendations/recommendations.test.tsx [2m([22m[2m8 tests[22m[2m)[22m[33m 867[2mms[22m[39m
2026-09-28T07:06:38.9374110Z    [33m[2m✓[22m[39m opening either real parent chain is explicit, preserves all full refs and does not accept the recommendation[33m 338[2mms[22m[39m
2026-09-28T07:06:40.0202910Z  [32m✓[39m src/features/authoring/useAuthoringObservation.test.tsx [2m([22m[2m6 tests[22m[2m)[22m[33m 427[2mms[22m[39m
2026-09-28T07:06:40.1571279Z  [32m✓[39m src/features/authoring/useAuthoringListOrder.test.tsx [2m([22m[2m5 tests[22m[2m)[22m[33m 409[2mms[22m[39m
2026-09-28T07:06:40.6691103Z  [32m✓[39m src/features/reader/versionCompare/BlockVersionCompare.test.tsx [2m([22m[2m11 tests[22m[2m)[22m[33m 3585[2mms[22m[39m
2026-09-28T07:06:40.6694074Z    [33m[2m✓[22m[39m two explicit historical selections read exact bodies and survive panel closure and a changed current ref[33m 446[2mms[22m[39m
2026-09-28T07:06:40.6696392Z    [33m[2m✓[22m[39m already displayed bodies are cleared when a later current Policy read detects another profile test[33m 2092[2mms[22m[39m
2026-09-28T07:06:40.7905614Z  [32m✓[39m src/features/tutor/tutorObservation.test.ts [2m([22m[2m5 tests[22m[2m)[22m[32m 153[2mms[22m[39m
2026-09-28T07:06:40.9549716Z  [32m✓[39m src/workbench/DraftStore.test.ts [2m([22m[2m9 tests[22m[2m)[22m[32m 133[2mms[22m[39m
2026-09-28T07:06:41.6634221Z  [32m✓[39m src/features/assessment/useWorkspacePolicy.test.tsx [2m([22m[2m10 tests[22m[2m)[22m[32m 62[2mms[22m[39m
2026-09-28T07:06:42.1229709Z  [32m✓[39m src/workbench/PreserveReaderViewport.test.tsx [2m([22m[2m11 tests[22m[2m)[22m[33m 306[2mms[22m[39m
2026-09-28T07:06:42.5117363Z  [32m✓[39m src/features/retrieval/RetrievalPanel.test.tsx [2m([22m[2m5 tests[22m[2m)[22m[33m 750[2mms[22m[39m
2026-09-28T07:06:42.5119801Z    [33m[2m✓[22m[39m visible no_match preserves its explicit result distinction without a rebuild[33m 380[2mms[22m[39m
2026-09-28T07:06:43.3740145Z  [32m✓[39m src/features/draftReview/reviewCommands.test.ts [2m([22m[2m6 tests[22m[2m)[22m[32m 24[2mms[22m[39m
2026-09-28T07:06:43.4926324Z  [32m✓[39m src/features/routes/RouteEditorDraftSequence.test.tsx [2m([22m[2m5 tests[22m[2m)[22m[33m 762[2mms[22m[39m
2026-09-28T07:06:43.4927905Z    [33m[2m✓[22m[39m real route input and conflict candidates survive own_save_first delivery[33m 390[2mms[22m[39m
2026-09-28T07:06:44.2221590Z  [32m✓[39m src/features/grading/useGradingResult.test.tsx [2m([22m[2m6 tests[22m[2m)[22m[33m 1166[2mms[22m[39m
2026-09-28T07:06:44.2258905Z    [33m[2m✓[22m[39m reads the actual job and polls its actual needs-review outcome without turning null into zero[33m 810[2mms[22m[39m
2026-09-28T07:06:44.2273719Z  [32m✓[39m src/features/draftPublication/publicationCommands.test.ts [2m([22m[2m3 tests[22m[2m)[22m[32m 44[2mms[22m[39m
2026-09-28T07:06:44.8348493Z  [32m✓[39m src/features/routes/RouteEditor.test.tsx [2m([22m[2m2 tests[22m[2m)[22m[33m 718[2mms[22m[39m
2026-09-28T07:06:44.8351108Z    [33m[2m✓[22m[39m a route command in flight through an access change can recover its actual receipt after policy resumes[33m 486[2mms[22m[39m
2026-09-28T07:06:45.1540703Z  [32m✓[39m src/features/retrieval/retrievalModel.test.ts [2m([22m[2m4 tests[22m[2m)[22m[32m 23[2mms[22m[39m
2026-09-28T07:06:45.8268305Z  [32m✓[39m src/features/retrieval/retrievalCommands.test.ts [2m([22m[2m6 tests[22m[2m)[22m[32m 52[2mms[22m[39m
2026-09-28T07:06:45.9927427Z  [32m✓[39m src/features/grading/AssessmentResultRecovery.test.tsx [2m([22m[2m2 tests[22m[2m)[22m[33m 777[2mms[22m[39m
2026-09-28T07:06:45.9980750Z    [33m[2m✓[22m[39m a failed regrade retains the real previous score and allows a new explicit command with its grading revision[33m 567[2mms[22m[39m
2026-09-28T07:06:46.0082857Z  [32m✓[39m src/workbench/model.test.ts [2m([22m[2m9 tests[22m[2m)[22m[32m 23[2mms[22m[39m
2026-09-28T07:06:46.7692032Z  [32m✓[39m src/features/authoring/authoringObservation.test.ts [2m([22m[2m5 tests[22m[2m)[22m[32m 19[2mms[22m[39m
2026-09-28T07:06:46.7918419Z  [32m✓[39m src/features/providers/providerClient.test.ts [2m([22m[2m2 tests[22m[2m)[22m[32m 22[2mms[22m[39m
2026-09-28T07:06:46.9151133Z  [32m✓[39m src/features/assessment/assessmentClient.test.ts [2m([22m[2m4 tests[22m[2m)[22m[32m 11[2mms[22m[39m
2026-09-28T07:06:47.7039007Z  [32m✓[39m src/features/draftReview/reviewClient.test.ts [2m([22m[2m2 tests[22m[2m)[22m[32m 26[2mms[22m[39m
2026-09-28T07:06:47.7257313Z  [32m✓[39m src/features/recommendations/useRecommendationNavigation.test.tsx [2m([22m[2m8 tests[22m[2m)[22m[32m 42[2mms[22m[39m
2026-09-28T07:06:48.1107798Z  [32m✓[39m src/features/tutor/practiceAssistance.test.tsx [2m([22m[2m1 test[22m[2m)[22m[33m 340[2mms[22m[39m
2026-09-28T07:06:48.1110101Z    [33m[2m✓[22m[39m shows the actual per-question AI help fact without converting it into hint level 3 or released solution[33m 338[2mms[22m[39m
2026-09-28T07:06:48.6511369Z  [32m✓[39m src/features/reader/versionCompare/compareClient.test.ts [2m([22m[2m12 tests[22m[2m)[22m[32m 26[2mms[22m[39m
2026-09-28T07:06:49.2026384Z  [32m✓[39m src/features/tutor/useTutorObservation.test.tsx [2m([22m[2m2 tests[22m[2m)[22m[33m 378[2mms[22m[39m
2026-09-28T07:06:49.4235095Z  [32m✓[39m src/features/tutor/TutorControls.test.tsx [2m([22m[2m3 tests[22m[2m)[22m[33m 413[2mms[22m[39m
2026-09-28T07:06:49.4237427Z    [33m[2m✓[22m[39m releases an old pending control read on workspace change and never displays its private fields[33m 308[2mms[22m[39m
2026-09-28T07:06:49.4552088Z  [32m✓[39m src/features/learning/conceptModel.test.ts [2m([22m[2m4 tests[22m[2m)[22m[32m 8[2mms[22m[39m
2026-09-28T07:06:50.3890700Z  [32m✓[39m src/features/tutor/TutorEvidence.test.tsx [2m([22m[2m3 tests[22m[2m)[22m[32m 273[2mms[22m[39m
2026-09-28T07:06:50.8186548Z  [32m✓[39m src/features/review/GradingHistory.test.tsx [2m([22m[2m3 tests[22m[2m)[22m[33m 373[2mms[22m[39m
2026-09-28T07:06:50.8192311Z    [33m[2m✓[22m[39m restores a selected actual old version across remount and does not silently switch when another grade arrives[33m 307[2mms[22m[39m
2026-09-28T07:06:51.2464744Z  [32m✓[39m src/features/assessment/target.test.ts [2m([22m[2m5 tests[22m[2m)[22m[32m 16[2mms[22m[39m
2026-09-28T07:06:51.5356176Z  [32m✓[39m src/features/authoring/AuthoringShellAdmission.test.tsx [2m([22m[2m2 tests[22m[2m)[22m[33m 934[2mms[22m[39m
2026-09-28T07:06:51.5411070Z    [33m[2m✓[22m[39m Shell unknown Policy still exposes actual safe Authoring cancellation[33m 678[2mms[22m[39m
2026-09-28T07:06:51.7435732Z  [32m✓[39m src/features/tutor/tutorState.test.ts [2m([22m[2m4 tests[22m[2m)[22m[32m 9[2mms[22m[39m
2026-09-28T07:06:52.1649927Z  [32m✓[39m src/features/learning/profileDrafts.test.ts [2m([22m[2m4 tests[22m[2m)[22m[32m 9[2mms[22m[39m
2026-09-28T07:06:52.7080813Z  [32m✓[39m src/features/tutor/tutorCommands.test.ts [2m([22m[2m4 tests[22m[2m)[22m[32m 25[2mms[22m[39m
2026-09-28T07:06:52.7430677Z  [32m✓[39m src/features/providers/providerReads.test.tsx [2m([22m[2m3 tests[22m[2m)[22m[32m 202[2mms[22m[39m
2026-09-28T07:06:52.8661026Z  [32m✓[39m src/features/assessment/assessmentDrafts.test.ts [2m([22m[2m14 tests[22m[2m)[22m[32m 14[2mms[22m[39m
2026-09-28T07:06:53.5315914Z  [32m✓[39m src/features/draftPublication/publicationClient.test.ts [2m([22m[2m2 tests[22m[2m)[22m[32m 15[2mms[22m[39m
2026-09-28T07:06:53.5514420Z  [32m✓[39m src/features/imports/recovery.test.ts [2m([22m[2m12 tests[22m[2m)[22m[32m 29[2mms[22m[39m
2026-09-28T07:06:54.2048957Z  [32m✓[39m src/features/authoring/NumericCheckPanel.test.tsx [2m([22m[2m2 tests[22m[2m)[22m[33m 340[2mms[22m[39m
2026-09-28T07:06:54.2050801Z    [33m[2m✓[22m[39m confirmation belongs to the exact numeric operation and cannot approve a replacement preview[32m 300[2mms[22m[39m
2026-09-28T07:06:54.7086651Z  [32m✓[39m src/features/authoring/authoringOwnerBoundary.test.tsx [2m([22m[2m1 test[22m[2m)[22m[32m 191[2mms[22m[39m
2026-09-28T07:06:54.9150426Z  [32m✓[39m src/features/grading/reviewDrafts.test.ts [2m([22m[2m5 tests[22m[2m)[22m[32m 13[2mms[22m[39m
2026-09-28T07:06:55.0842726Z  [32m✓[39m src/features/draftPublication/PublicationPanel.test.tsx [2m([22m[2m1 test[22m[2m)[22m[33m 440[2mms[22m[39m
2026-09-28T07:06:55.0846242Z    [33m[2m✓[22m[39m each warning instance needs explicit confirmation before deduplicating codes in the real four-field command[33m 439[2mms[22m[39m
2026-09-28T07:06:55.5898991Z  [32m✓[39m src/features/practice/practiceDrafts.test.ts [2m([22m[2m11 tests[22m[2m)[22m[32m 19[2mms[22m[39m
2026-09-28T07:06:55.7414039Z  [32m✓[39m src/features/grading/gradingModel.test.ts [2m([22m[2m9 tests[22m[2m)[22m[32m 13[2mms[22m[39m
2026-09-28T07:06:56.3695360Z  [32m✓[39m src/features/review/reviewModel.test.ts [2m([22m[2m4 tests[22m[2m)[22m[32m 7[2mms[22m[39m
2026-09-28T07:06:56.4000944Z  [32m✓[39m src/features/review/ReviewMaterialLinks.test.tsx [2m([22m[2m2 tests[22m[2m)[22m[33m 382[2mms[22m[39m
2026-09-28T07:06:56.9897154Z  [32m✓[39m src/workbench/DraftConflictPreview.test.tsx [2m([22m[2m3 tests[22m[2m)[22m[33m 349[2mms[22m[39m
2026-09-28T07:06:57.2455631Z  [32m✓[39m src/features/notes/noteDrafts.test.ts [2m([22m[2m8 tests[22m[2m)[22m[32m 11[2mms[22m[39m
2026-09-28T07:06:57.3092718Z  [32m✓[39m src/features/practice/target.test.ts [2m([22m[2m3 tests[22m[2m)[22m[32m 21[2mms[22m[39m
2026-09-28T07:06:58.1330155Z  [32m✓[39m src/features/imports/encoding.test.ts [2m([22m[2m9 tests[22m[2m)[22m[32m 14[2mms[22m[39m
2026-09-28T07:06:58.1937017Z  [32m✓[39m src/features/imports/FailedOriginal.test.tsx [2m([22m[2m3 tests[22m[2m)[22m[33m 337[2mms[22m[39m
2026-09-28T07:06:58.3217685Z  [32m✓[39m src/features/imports/SourceProvenance.test.tsx [2m([22m[2m4 tests[22m[2m)[22m[32m 58[2mms[22m[39m
2026-09-28T07:06:59.0584639Z  [32m✓[39m src/features/recommendations/recommendationClient.test.ts [2m([22m[2m2 tests[22m[2m)[22m[32m 10[2mms[22m[39m
2026-09-28T07:06:59.3975057Z  [32m✓[39m src/features/imports/UploadForm.test.tsx [2m([22m[2m3 tests[22m[2m)[22m[33m 321[2mms[22m[39m
2026-09-28T07:06:59.4722890Z  [32m✓[39m src/features/authoring/AuthoringPanelLifecycle.test.tsx [2m([22m[2m1 test[22m[2m)[22m[32m 63[2mms[22m[39m
2026-09-28T07:06:59.8948129Z  [32m✓[39m src/features/reader/navigation.test.ts [2m([22m[2m4 tests[22m[2m)[22m[32m 26[2mms[22m[39m
2026-09-28T07:07:00.2598457Z  [32m✓[39m src/features/routes/routeDrafts.test.ts [2m([22m[2m2 tests[22m[2m)[22m[32m 7[2mms[22m[39m
2026-09-28T07:07:00.3694358Z  [32m✓[39m src/features/authoring/authoringClient.test.ts [2m([22m[2m1 test[22m[2m)[22m[32m 13[2mms[22m[39m
2026-09-28T07:07:00.9799323Z  [32m✓[39m src/features/authoring/AuthoringControlList.test.tsx [2m([22m[2m1 test[22m[2m)[22m[32m 240[2mms[22m[39m
2026-09-28T07:07:01.0348120Z  [32m✓[39m src/workbench/selectionMerge.test.ts [2m([22m[2m3 tests[22m[2m)[22m[32m 4[2mms[22m[39m
2026-09-28T07:07:01.6974762Z  [32m✓[39m src/features/grading/GradingSummary.test.tsx [2m([22m[2m2 tests[22m[2m)[22m[33m 393[2mms[22m[39m
2026-09-28T07:07:01.6976595Z    [33m[2m✓[22m[39m pending score is displayed as unknown rather than zero or a mastery claim[33m 343[2mms[22m[39m
2026-09-28T07:07:01.8029218Z  [32m✓[39m src/features/grading/useGradingReview.test.ts [2m([22m[2m11 tests[22m[2m)[22m[32m 12[2mms[22m[39m
2026-09-28T07:07:02.4335478Z  [32m✓[39m src/features/routes/completionDrafts.test.ts [2m([22m[2m2 tests[22m[2m)[22m[32m 5[2mms[22m[39m
2026-09-28T07:07:02.5096213Z  [32m✓[39m src/shared/Markdown.test.tsx [2m([22m[2m3 tests[22m[2m)[22m[32m 122[2mms[22m[39m
2026-09-28T07:07:02.6570622Z  [32m✓[39m src/features/routes/target.test.ts [2m([22m[2m2 tests[22m[2m)[22m[32m 10[2mms[22m[39m
2026-09-28T07:07:03.2801416Z  [32m✓[39m src/features/fixture.test.ts [2m([22m[2m2 tests[22m[2m)[22m[32m 22[2mms[22m[39m
2026-09-28T07:07:03.3220475Z  [32m✓[39m src/features/retrieval/retrievalContext.test.ts [2m([22m[2m1 test[22m[2m)[22m[32m 4[2mms[22m[39m
2026-09-28T07:07:03.9083262Z  [32m✓[39m src/features/review/SubmittedResponse.test.tsx [2m([22m[2m1 test[22m[2m)[22m[33m 340[2mms[22m[39m
2026-09-28T07:07:03.9087840Z    [33m[2m✓[22m[39m renders the frozen submitted answer and original Unicode steps as inert text, with no editable response control[33m 339[2mms[22m[39m
2026-09-28T07:07:03.9978398Z  [32m✓[39m src/features/reader/versionCompare/boundedDiff.test.ts [2m([22m[2m2 tests[22m[2m)[22m[32m 4[2mms[22m[39m
2026-09-28T07:07:04.2184563Z  [32m✓[39m src/features/imports/ReviewWarnings.test.tsx [2m([22m[2m2 tests[22m[2m)[22m[32m 163[2mms[22m[39m
2026-09-28T07:07:04.2232466Z 
2026-09-28T07:07:04.2239258Z [2m Test Files [22m [1m[32m91 passed[39m[22m[90m (91)[39m
2026-09-28T07:07:04.2242920Z [2m      Tests [22m [1m[32m538 passed[39m[22m[90m (538)[39m
2026-09-28T07:07:04.2243969Z [2m   Start at [22m 07:06:21
2026-09-28T07:07:04.2251180Z [2m   Duration [22m 42.97s[2m (environment 48%, tests 39%, import 9%, transform 3%)[22m
2026-09-28T07:07:04.2257600Z 
2026-09-28T07:07:04.2259411Z [2mEnvironment [22m [33mjsdom was created 91 times[39m[2m · 55.58s total, 48% of tracked time[22m
2026-09-28T07:07:04.2260950Z [2m            [22m [2mcreate it once per worker with [22m[33mpool: 'vmThreads'[39m[2m (keeps per-file isolation) or [22m[33misolate: false[39m[2m (shares it across files)[22m
2026-09-28T07:07:04.2262032Z [2m            [22m [2mlearn more: https://vitest.dev/guide/improving-performance#test-environments[22m
2026-09-28T07:07:04.2262431Z 
2026-09-28T07:07:04.2896699Z ##[group]Run make build
2026-09-28T07:07:04.2897006Z [36;1mmake build[0m
2026-09-28T07:07:04.2966322Z shell: /usr/bin/bash -e {0}
2026-09-28T07:07:04.2966625Z ##[endgroup]
2026-09-28T07:07:04.3085071Z bash scripts/node.sh npm --prefix apps/web run build
2026-09-28T07:07:04.4159859Z 
2026-09-28T07:07:04.4160624Z > @learning-workbench/web@0.1.0 build
2026-09-28T07:07:04.4161224Z > tsc --noEmit && vite build
2026-09-28T07:07:04.4161434Z 
2026-09-28T07:07:05.8090757Z [36mvite v8.3.0 [32mbuilding client environment for production...[36m[39m
2026-09-28T07:07:05.8216539Z transforming...
2026-09-28T07:07:06.0307074Z ✓ 759 modules transformed.
2026-09-28T07:07:06.1342347Z rendering chunks...
2026-09-28T07:07:06.2921407Z computing gzip size...
2026-09-28T07:07:06.3436829Z dist/index.html                       0.41 kB │ gzip:     0.32 kB
2026-09-28T07:07:06.3437506Z dist/assets/index-Dlw0vw2Z.css       42.23 kB │ gzip:     8.75 kB
2026-09-28T07:07:06.3438195Z dist/assets/index-CBifN-ua.js     1,346.94 kB │ gzip:   295.08 kB
2026-09-28T07:07:06.3438967Z dist/assets/Markdown-D62B6Q6c.js  2,939.32 kB │ gzip: 1,098.70 kB
2026-09-28T07:07:06.3439232Z 
2026-09-28T07:07:06.3439844Z [32m✓ built in 533ms[39m
2026-09-28T07:07:06.3448175Z [33m[plugin builtin:vite-reporter] 
2026-09-28T07:07:06.3448989Z (!) Some chunks are larger than 500 kB after minification. Consider:
2026-09-28T07:07:06.3449698Z - Using dynamic import() to code-split the application
2026-09-28T07:07:06.3450881Z - Use build.rolldownOptions.output.codeSplitting to improve chunking: https://rolldown.rs/reference/OutputOptions.codeSplitting
2026-09-28T07:07:06.3452332Z - Adjust chunk size limit for this warning via build.chunkSizeWarningLimit.[39m
2026-09-28T07:07:06.3831212Z Post job cleanup.
2026-09-28T07:07:06.4952265Z Cache hit occurred on the primary key node-cache-Linux-x64-npm-88346c344be99637313526bac40be213d9ff7980d5ac890cfb906fdfb94cb22b, not saving cache.
2026-09-28T07:07:06.5113086Z Post job cleanup.
2026-09-28T07:07:06.6023539Z [command]/usr/bin/git version
2026-09-28T07:07:06.6069704Z git version 2.55.0
2026-09-28T07:07:06.6139222Z Temporarily overriding HOME='<CI_HOME>/work/_temp/57b93b6c-c7a7-42bf-8bc8-23c687f8d290' before making global git config changes
2026-09-28T07:07:06.6140833Z Adding repository directory to the temporary git global config as a safe directory
2026-09-28T07:07:06.6143138Z [command]/usr/bin/git config --global --add safe.directory <CI_HOME>/work/Learning_Workbench/Learning_Workbench
2026-09-28T07:07:06.6181744Z Removing SSH command configuration
2026-09-28T07:07:06.6189401Z [command]/usr/bin/git config --local --name-only --get-regexp core\.sshCommand
2026-09-28T07:07:06.6234244Z [command]/usr/bin/git submodule foreach --recursive sh -c "git config --local --name-only --get-regexp 'core\.sshCommand' && git config --local --unset-all 'core.sshCommand' || :"
2026-09-28T07:07:06.6528261Z Removing HTTP extra header
2026-09-28T07:07:06.6535855Z [command]/usr/bin/git config --local --name-only --get-regexp http\.https\:\/\/github\.com\/\.extraheader
2026-09-28T07:07:06.6580229Z [command]/usr/bin/git submodule foreach --recursive sh -c "git config --local --name-only --get-regexp 'http\.https\:\/\/github\.com\/\.extraheader' && git config --local --unset-all 'http.https://github.com/.extraheader' || :"
2026-09-28T07:07:06.6921200Z Removing includeIf entries pointing to credentials config files
2026-09-28T07:07:06.6922510Z [command]/usr/bin/git config --local --name-only --get-regexp ^includeIf\.gitdir:
2026-09-28T07:07:06.6973608Z includeif.gitdir:<CI_HOME>/work/Learning_Workbench/Learning_Workbench/.git.path
2026-09-28T07:07:06.6975072Z includeif.gitdir:<CI_HOME>/work/Learning_Workbench/Learning_Workbench/.git/worktrees/*.path
2026-09-28T07:07:06.6976264Z includeif.gitdir:/github/workspace/.git.path
2026-09-28T07:07:06.6977239Z includeif.gitdir:/github/workspace/.git/worktrees/*.path
2026-09-28T07:07:06.6992606Z [command]/usr/bin/git config --local --get-all includeif.gitdir:<CI_HOME>/work/Learning_Workbench/Learning_Workbench/.git.path
2026-09-28T07:07:06.7043381Z <CI_HOME>/work/_temp/git-credentials-ef84d3e4-ed32-40ca-a7fc-7f60ab7cc718.config
2026-09-28T07:07:06.7058348Z [command]/usr/bin/git config --local --unset includeif.gitdir:<CI_HOME>/work/Learning_Workbench/Learning_Workbench/.git.path \/home\/runner\/work\/_temp\/git\-credentials\-ef84d3e4\-ed32\-40ca\-a7fc\-7f60ab7cc718\.config
2026-09-28T07:07:06.7122424Z [command]/usr/bin/git config --local --get-all includeif.gitdir:<CI_HOME>/work/Learning_Workbench/Learning_Workbench/.git/worktrees/*.path
2026-09-28T07:07:06.7166580Z <CI_HOME>/work/_temp/git-credentials-ef84d3e4-ed32-40ca-a7fc-7f60ab7cc718.config
2026-09-28T07:07:06.7177603Z [command]/usr/bin/git config --local --unset includeif.gitdir:<CI_HOME>/work/Learning_Workbench/Learning_Workbench/.git/worktrees/*.path \/home\/runner\/work\/_temp\/git\-credentials\-ef84d3e4\-ed32\-40ca\-a7fc\-7f60ab7cc718\.config
2026-09-28T07:07:06.7222737Z [command]/usr/bin/git config --local --get-all includeif.gitdir:/github/workspace/.git.path
2026-09-28T07:07:06.7254250Z /github/runner_temp/git-credentials-ef84d3e4-ed32-40ca-a7fc-7f60ab7cc718.config
2026-09-28T07:07:06.7264424Z [command]/usr/bin/git config --local --unset includeif.gitdir:/github/workspace/.git.path \/github\/runner_temp\/git\-credentials\-ef84d3e4\-ed32\-40ca\-a7fc\-7f60ab7cc718\.config
2026-09-28T07:07:06.7309775Z [command]/usr/bin/git config --local --get-all includeif.gitdir:/github/workspace/.git/worktrees/*.path
2026-09-28T07:07:06.7344418Z /github/runner_temp/git-credentials-ef84d3e4-ed32-40ca-a7fc-7f60ab7cc718.config
2026-09-28T07:07:06.7351659Z [command]/usr/bin/git config --local --unset includeif.gitdir:/github/workspace/.git/worktrees/*.path \/github\/runner_temp\/git\-credentials\-ef84d3e4\-ed32\-40ca\-a7fc\-7f60ab7cc718\.config
2026-09-28T07:07:06.7397292Z [command]/usr/bin/git submodule foreach --recursive git config --local --show-origin --name-only --get-regexp remote.origin.url
2026-09-28T07:07:06.7688103Z Removing credentials config '<CI_HOME>/work/_temp/git-credentials-ef84d3e4-ed32-40ca-a7fc-7f60ab7cc718.config'
2026-09-28T07:07:06.7855087Z Cleaning up orphan processes
