2026-09-28T07:06:01.3673095Z Current runner version: '2.337.0'
2026-09-28T07:06:01.3724569Z ##[group]Runner Image Provisioner
2026-09-28T07:06:01.3725542Z Hosted Compute Agent
2026-09-28T07:06:01.3726176Z Version: 20260828.587
2026-09-28T07:06:01.3726897Z Commit: abac92662cab4cc7352de4f9f9d2e2419aad9c29
2026-09-28T07:06:01.3727645Z Build Date: 2026-08-28T16:44:25Z
2026-09-28T07:06:01.3728324Z Worker ID: {46336591-407a-4223-b545-4326bb294951}
2026-09-28T07:06:01.3729074Z Azure Region: eastus
2026-09-28T07:06:01.3729682Z ##[endgroup]
2026-09-28T07:06:01.3731263Z ##[group]Operating System
2026-09-28T07:06:01.3731910Z Ubuntu
2026-09-28T07:06:01.3732412Z 24.04.5
2026-09-28T07:06:01.3733023Z LTS
2026-09-28T07:06:01.3733581Z ##[endgroup]
2026-09-28T07:06:01.3734705Z ##[group]Runner Image
2026-09-28T07:06:01.3735388Z Image: ubuntu-24.04
2026-09-28T07:06:01.3736066Z Version: 20260920.314.1
2026-09-28T07:06:01.3737450Z Included Software: https://github.com/actions/runner-images/blob/ubuntu24/20260920.314/images/ubuntu/Ubuntu2404-Readme.md
2026-09-28T07:06:01.3739078Z Image Release: https://github.com/actions/runner-images/releases/tag/ubuntu24%2F20260920.314
2026-09-28T07:06:01.3740051Z ##[endgroup]
2026-09-28T07:06:01.3741179Z ##[group]GITHUB_TOKEN Permissions
2026-09-28T07:06:01.3743431Z Contents: read
2026-09-28T07:06:01.3744554Z Metadata: read
2026-09-28T07:06:01.3745120Z ##[endgroup]
2026-09-28T07:06:01.3747545Z Secret source: Actions
2026-09-28T07:06:01.3748570Z Cache mode: write
2026-09-28T07:06:01.3749339Z Prepare workflow directory
2026-09-28T07:06:01.4087622Z Prepare all required actions
2026-09-28T07:06:01.4136370Z Getting action download info
2026-09-28T07:06:01.6150545Z Download action repository 'actions/checkout@3d3c42e5aac5ba805825da76410c181273ba90b1' (SHA:3d3c42e5aac5ba805825da76410c181273ba90b1)
2026-09-28T07:06:01.7207864Z Download action repository 'actions/setup-python@5fda3b95a4ea91299a34e894583c3862153e4b97' (SHA:5fda3b95a4ea91299a34e894583c3862153e4b97)
2026-09-28T07:06:01.8434723Z Download action repository 'actions/setup-node@820762786026740c76f36085b0efc47a31fe5020' (SHA:820762786026740c76f36085b0efc47a31fe5020)
2026-09-28T07:06:02.0645061Z Complete job name: spec-contracts
2026-09-28T07:06:02.1520154Z ##[group]Run actions/checkout@3d3c42e5aac5ba805825da76410c181273ba90b1
2026-09-28T07:06:02.1521315Z with:
2026-09-28T07:06:02.1521799Z   repository: kl3574/Learning_Workbench
2026-09-28T07:06:02.1525745Z   token: ***
2026-09-28T07:06:02.1526196Z   ssh-strict: true
2026-09-28T07:06:02.1526641Z   ssh-user: git
2026-09-28T07:06:02.1527093Z   persist-credentials: true
2026-09-28T07:06:02.1527588Z   clean: true
2026-09-28T07:06:02.1528043Z   sparse-checkout-cone-mode: true
2026-09-28T07:06:02.1528561Z   fetch-depth: 1
2026-09-28T07:06:02.1528986Z   fetch-tags: false
2026-09-28T07:06:02.1529428Z   show-progress: true
2026-09-28T07:06:02.1529867Z   lfs: false
2026-09-28T07:06:02.1530286Z   submodules: false
2026-09-28T07:06:02.1530742Z   set-safe-directory: true
2026-09-28T07:06:02.1531249Z   allow-unsafe-pr-checkout: false
2026-09-28T07:06:02.1532111Z ##[endgroup]
2026-09-28T07:06:02.2559476Z Syncing repository: kl3574/Learning_Workbench
2026-09-28T07:06:02.2561737Z ##[group]Getting Git version info
2026-09-28T07:06:02.2562603Z Working directory is '<CI_HOME>/work/Learning_Workbench/Learning_Workbench'
2026-09-28T07:06:02.2563724Z [command]/usr/bin/git version
2026-09-28T07:06:02.2691035Z git version 2.55.0
2026-09-28T07:06:02.2722744Z ##[endgroup]
2026-09-28T07:06:02.2732950Z Temporarily overriding HOME='<CI_HOME>/work/_temp/737b26f8-3daa-4701-a74e-2c2745a426e2' before making global git config changes
2026-09-28T07:06:02.2736012Z Adding repository directory to the temporary git global config as a safe directory
2026-09-28T07:06:02.2739465Z [command]/usr/bin/git config --global --add safe.directory <CI_HOME>/work/Learning_Workbench/Learning_Workbench
2026-09-28T07:06:02.2798508Z Deleting the contents of '<CI_HOME>/work/Learning_Workbench/Learning_Workbench'
2026-09-28T07:06:02.2802782Z ##[group]Determining repository object format
2026-09-28T07:06:02.2805016Z ##[endgroup]
2026-09-28T07:06:02.2806477Z ##[group]Initializing the repository
2026-09-28T07:06:02.2810068Z [command]/usr/bin/git init <CI_HOME>/work/Learning_Workbench/Learning_Workbench
2026-09-28T07:06:02.2934116Z hint: Using 'master' as the name for the initial branch. This default branch name
2026-09-28T07:06:02.2937148Z hint: will change to "main" in Git 3.0. To configure the initial branch name
2026-09-28T07:06:02.2939030Z hint: to use in all of your new repositories, which will suppress this warning,
2026-09-28T07:06:02.2940245Z hint: call:
2026-09-28T07:06:02.2941060Z hint:
2026-09-28T07:06:02.2942009Z hint: 	git config --global init.defaultBranch <name>
2026-09-28T07:06:02.2943009Z hint:
2026-09-28T07:06:02.2944229Z hint: Names commonly chosen instead of 'master' are 'main', 'trunk' and
2026-09-28T07:06:02.2945676Z hint: 'development'. The just-created branch can be renamed via this command:
2026-09-28T07:06:02.2946889Z hint:
2026-09-28T07:06:02.2947566Z hint: 	git branch -m <name>
2026-09-28T07:06:02.2948419Z hint:
2026-09-28T07:06:02.2950059Z hint: Disable this message with "git config set advice.defaultBranchName false"
2026-09-28T07:06:02.2951980Z Initialized empty Git repository in <CI_HOME>/work/Learning_Workbench/Learning_Workbench/.git/
2026-09-28T07:06:02.2957334Z [command]/usr/bin/git remote add origin https://github.com/kl3574/Learning_Workbench
2026-09-28T07:06:02.3020925Z ##[endgroup]
2026-09-28T07:06:02.3021736Z ##[group]Disabling automatic garbage collection
2026-09-28T07:06:02.3035027Z [command]/usr/bin/git config --local gc.auto 0
2026-09-28T07:06:02.3066609Z ##[endgroup]
2026-09-28T07:06:02.3068168Z ##[group]Setting up auth
2026-09-28T07:06:02.3069327Z Removing SSH command configuration
2026-09-28T07:06:02.3070975Z [command]/usr/bin/git config --local --name-only --get-regexp core\.sshCommand
2026-09-28T07:06:02.3111524Z [command]/usr/bin/git submodule foreach --recursive sh -c "git config --local --name-only --get-regexp 'core\.sshCommand' && git config --local --unset-all 'core.sshCommand' || :"
2026-09-28T07:06:02.3524399Z Removing HTTP extra header
2026-09-28T07:06:02.3531323Z [command]/usr/bin/git config --local --name-only --get-regexp http\.https\:\/\/github\.com\/\.extraheader
2026-09-28T07:06:02.3571900Z [command]/usr/bin/git submodule foreach --recursive sh -c "git config --local --name-only --get-regexp 'http\.https\:\/\/github\.com\/\.extraheader' && git config --local --unset-all 'http.https://github.com/.extraheader' || :"
2026-09-28T07:06:02.3811572Z Removing includeIf entries pointing to credentials config files
2026-09-28T07:06:02.3815973Z [command]/usr/bin/git config --local --name-only --get-regexp ^includeIf\.gitdir:
2026-09-28T07:06:02.3855798Z [command]/usr/bin/git submodule foreach --recursive git config --local --show-origin --name-only --get-regexp remote.origin.url
2026-09-28T07:06:02.4119501Z [command]/usr/bin/git config --file <CI_HOME>/work/_temp/git-credentials-ca2ee53e-7ac3-4438-8bb2-9e38b6316101.config http.https://github.com/.extraheader AUTHORIZATION: basic ***
2026-09-28T07:06:02.4176637Z [command]/usr/bin/git config --local includeIf.gitdir:<CI_HOME>/work/Learning_Workbench/Learning_Workbench/.git.path <CI_HOME>/work/_temp/git-credentials-ca2ee53e-7ac3-4438-8bb2-9e38b6316101.config
2026-09-28T07:06:02.4221279Z [command]/usr/bin/git config --local includeIf.gitdir:<CI_HOME>/work/Learning_Workbench/Learning_Workbench/.git/worktrees/*.path <CI_HOME>/work/_temp/git-credentials-ca2ee53e-7ac3-4438-8bb2-9e38b6316101.config
2026-09-28T07:06:02.4271333Z [command]/usr/bin/git config --local includeIf.gitdir:/github/workspace/.git.path /github/runner_temp/git-credentials-ca2ee53e-7ac3-4438-8bb2-9e38b6316101.config
2026-09-28T07:06:02.4315968Z [command]/usr/bin/git config --local includeIf.gitdir:/github/workspace/.git/worktrees/*.path /github/runner_temp/git-credentials-ca2ee53e-7ac3-4438-8bb2-9e38b6316101.config
2026-09-28T07:06:02.4353455Z ##[endgroup]
2026-09-28T07:06:02.4354935Z ##[group]Fetching the repository
2026-09-28T07:06:02.4363203Z [command]/usr/bin/git -c protocol.version=2 fetch --no-tags --prune --no-recurse-submodules --depth=1 origin +d8205101aaa035c7f1594f40305ae66b8e239837:refs/remotes/pull/55/merge
2026-09-28T07:06:07.0152664Z From https://github.com/kl3574/Learning_Workbench
2026-09-28T07:06:07.0155495Z  * [new ref]         d8205101aaa035c7f1594f40305ae66b8e239837 -> pull/55/merge
2026-09-28T07:06:07.0163281Z ##[endgroup]
2026-09-28T07:06:07.0165216Z ##[group]Determining the checkout info
2026-09-28T07:06:07.0167327Z ##[endgroup]
2026-09-28T07:06:07.0168660Z [command]/usr/bin/git sparse-checkout disable
2026-09-28T07:06:07.0228355Z [command]/usr/bin/git config --local --unset-all extensions.worktreeConfig
2026-09-28T07:06:07.0272588Z ##[group]Checking out the ref
2026-09-28T07:06:07.0276753Z [command]/usr/bin/git checkout --progress --force refs/remotes/pull/55/merge
2026-09-28T07:06:08.0754924Z Updating files:  73% (9862/13456)
2026-09-28T07:06:08.0901270Z Updating files:  74% (9958/13456)
2026-09-28T07:06:08.1048668Z Updating files:  75% (10092/13456)
2026-09-28T07:06:08.1173444Z Updating files:  76% (10227/13456)
2026-09-28T07:06:08.1260485Z Updating files:  77% (10362/13456)
2026-09-28T07:06:08.1374552Z Updating files:  78% (10496/13456)
2026-09-28T07:06:08.1504308Z Updating files:  79% (10631/13456)
2026-09-28T07:06:08.1624802Z Updating files:  80% (10765/13456)
2026-09-28T07:06:08.1831231Z Updating files:  81% (10900/13456)
2026-09-28T07:06:08.1950379Z Updating files:  82% (11034/13456)
2026-09-28T07:06:08.2124424Z Updating files:  83% (11169/13456)
2026-09-28T07:06:08.2272233Z Updating files:  84% (11304/13456)
2026-09-28T07:06:08.2412074Z Updating files:  85% (11438/13456)
2026-09-28T07:06:08.2555980Z Updating files:  86% (11573/13456)
2026-09-28T07:06:08.2697139Z Updating files:  87% (11707/13456)
2026-09-28T07:06:08.2841465Z Updating files:  88% (11842/13456)
2026-09-28T07:06:08.2953450Z Updating files:  89% (11976/13456)
2026-09-28T07:06:08.3164434Z Updating files:  90% (12111/13456)
2026-09-28T07:06:08.3356440Z Updating files:  91% (12245/13456)
2026-09-28T07:06:08.3481080Z Updating files:  92% (12380/13456)
2026-09-28T07:06:08.3581659Z Updating files:  93% (12515/13456)
2026-09-28T07:06:08.3689156Z Updating files:  94% (12649/13456)
2026-09-28T07:06:08.3812142Z Updating files:  95% (12784/13456)
2026-09-28T07:06:08.3903006Z Updating files:  96% (12918/13456)
2026-09-28T07:06:08.4030911Z Updating files:  97% (13053/13456)
2026-09-28T07:06:08.4116456Z Updating files:  98% (13187/13456)
2026-09-28T07:06:08.4203688Z Updating files:  99% (13322/13456)
2026-09-28T07:06:08.4205033Z Updating files: 100% (13456/13456)
2026-09-28T07:06:08.4206009Z Updating files: 100% (13456/13456), done.
2026-09-28T07:06:08.4390678Z Note: switching to 'refs/remotes/pull/55/merge'.
2026-09-28T07:06:08.4391235Z 
2026-09-28T07:06:08.4391639Z You are in 'detached HEAD' state. You can look around, make experimental
2026-09-28T07:06:08.4392577Z changes and commit them, and you can discard any commits you make in this
2026-09-28T07:06:08.4393500Z state without impacting any branches by switching back to a branch.
2026-09-28T07:06:08.4394448Z 
2026-09-28T07:06:08.4394880Z If you want to create a new branch to retain commits you create, you may
2026-09-28T07:06:08.4395751Z do so (now or later) by using -c with the switch command. Example:
2026-09-28T07:06:08.4396233Z 
2026-09-28T07:06:08.4396462Z   git switch -c <new-branch-name>
2026-09-28T07:06:08.4396836Z 
2026-09-28T07:06:08.4397044Z Or undo this operation with:
2026-09-28T07:06:08.4397353Z 
2026-09-28T07:06:08.4397536Z   git switch -
2026-09-28T07:06:08.4397775Z 
2026-09-28T07:06:08.4398192Z Turn off this advice by setting config variable advice.detachedHead to false
2026-09-28T07:06:08.4398769Z 
2026-09-28T07:06:08.4399429Z HEAD is now at d820510 Merge 8701c8a04b654c2462e4311f0128201507ebaf7e into 2cf5caa3f966f919997c37b64d0bbf0e332438df
2026-09-28T07:06:08.4468597Z ##[endgroup]
2026-09-28T07:06:08.4520389Z [command]/usr/bin/git log -1 --format=%H
2026-09-28T07:06:08.4551341Z d8205101aaa035c7f1594f40305ae66b8e239837
2026-09-28T07:06:08.4834461Z ##[group]Run actions/setup-python@5fda3b95a4ea91299a34e894583c3862153e4b97
2026-09-28T07:06:08.4834969Z with:
2026-09-28T07:06:08.4835229Z   python-version: 3.12.13
2026-09-28T07:06:08.4835527Z   check-latest: false
2026-09-28T07:06:08.4837915Z   token: ***
2026-09-28T07:06:08.4838175Z   update-environment: true
2026-09-28T07:06:08.4838469Z   allow-prereleases: false
2026-09-28T07:06:08.4838751Z   freethreaded: false
2026-09-28T07:06:08.4839012Z ##[endgroup]
2026-09-28T07:06:08.6333255Z ##[group]Installed versions
2026-09-28T07:06:08.6349362Z Version 3.12.13 was not found in the local cache
2026-09-28T07:06:09.2087096Z Version 3.12.13 is available for downloading
2026-09-28T07:06:09.2088335Z Download from "https://github.com/actions/python-versions/releases/download/3.12.13-27650778726/python-3.12.13-linux-24.04-x64.tar.gz"
2026-09-28T07:06:09.6883184Z Extract downloaded archive
2026-09-28T07:06:09.7020450Z [command]/usr/bin/tar xz --warning=no-unknown-keyword --overwrite -C <CI_HOME>/work/_temp/38aaca76-2eb4-48e7-8be3-1c2cbdd2fefe -f <CI_HOME>/work/_temp/682caed7-6024-4f37-8273-02477e27fd09
2026-09-28T07:06:11.6251214Z Execute installation script
2026-09-28T07:06:11.6351942Z Check if Python hostedtoolcache folder exist...
2026-09-28T07:06:11.6365514Z Create Python 3.12.13 folder
2026-09-28T07:06:11.6366107Z Copy Python binaries to hostedtoolcache folder
2026-09-28T07:06:12.1636989Z Create additional symlinks (Required for the UsePythonVersion Azure Pipelines task and the setup-python GitHub Action)
2026-09-28T07:06:12.1681052Z Upgrading pip...
2026-09-28T07:06:14.8800530Z Collecting pip
2026-09-28T07:06:14.9129795Z Downloading pip-26.2.1-py3-none-any.whl.metadata (4.6 kB)
2026-09-28T07:06:14.9209062Z Downloading pip-26.2.1-py3-none-any.whl (1.8 MB)
2026-09-28T07:06:14.9499356Z ━━━━━━━━━━━━━━━━━━━━━━━━━━━━━━━━━━━━━━━━ 1.8/1.8 MB 124.1 MB/s eta 0:00:00
2026-09-28T07:06:14.9524872Z 
2026-09-28T07:06:14.9749798Z Installing collected packages: pip
2026-09-28T07:06:14.9750480Z Attempting uninstall: pip
2026-09-28T07:06:14.9788540Z Found existing installation: pip 25.0.1
2026-09-28T07:06:15.0202545Z Uninstalling pip-25.0.1:
2026-09-28T07:06:15.0263715Z Successfully uninstalled pip-25.0.1
2026-09-28T07:06:15.9801296Z Successfully installed pip-26.2.1
2026-09-28T07:06:16.0400255Z Create complete file
2026-09-28T07:06:16.0438279Z Successfully set up CPython (3.12.13)
2026-09-28T07:06:16.0439398Z ##[endgroup]
2026-09-28T07:06:16.0643363Z ##[group]Run actions/setup-node@820762786026740c76f36085b0efc47a31fe5020
2026-09-28T07:06:16.0643778Z with:
2026-09-28T07:06:16.0644293Z   node-version: 24.21.0
2026-09-28T07:06:16.0644527Z   check-latest: false
2026-09-28T07:06:16.0646840Z   token: ***
2026-09-28T07:06:16.0647084Z   package-manager-cache: true
2026-09-28T07:06:16.0647340Z env:
2026-09-28T07:06:16.0647631Z   pythonLocation: /opt/hostedtoolcache/Python/3.12.13/x64
2026-09-28T07:06:16.0648094Z   PKG_CONFIG_PATH: /opt/hostedtoolcache/Python/3.12.13/x64/lib/pkgconfig
2026-09-28T07:06:16.0648550Z   Python_ROOT_DIR: /opt/hostedtoolcache/Python/3.12.13/x64
2026-09-28T07:06:16.0648947Z   Python2_ROOT_DIR: /opt/hostedtoolcache/Python/3.12.13/x64
2026-09-28T07:06:16.0649332Z   Python3_ROOT_DIR: /opt/hostedtoolcache/Python/3.12.13/x64
2026-09-28T07:06:16.0649719Z   LD_LIBRARY_PATH: /opt/hostedtoolcache/Python/3.12.13/x64/lib
2026-09-28T07:06:16.0650045Z ##[endgroup]
2026-09-28T07:06:16.1933248Z Found in cache @ /opt/hostedtoolcache/node/24.21.0/x64
2026-09-28T07:06:16.1936221Z ##[group]Environment details
2026-09-28T07:06:19.2060805Z node: v24.21.0
2026-09-28T07:06:19.2061419Z npm: 11.19.0
2026-09-28T07:06:19.2061931Z yarn: 1.22.22
2026-09-28T07:06:19.2062606Z ##[endgroup]
2026-09-28T07:06:19.2196984Z ##[group]Run npm ci --prefix apps/web
2026-09-28T07:06:19.2197374Z [36;1mnpm ci --prefix apps/web[0m
2026-09-28T07:06:19.2503098Z shell: /usr/bin/bash -e {0}
2026-09-28T07:06:19.2503443Z env:
2026-09-28T07:06:19.2503767Z   pythonLocation: /opt/hostedtoolcache/Python/3.12.13/x64
2026-09-28T07:06:19.2504921Z   PKG_CONFIG_PATH: /opt/hostedtoolcache/Python/3.12.13/x64/lib/pkgconfig
2026-09-28T07:06:19.2505438Z   Python_ROOT_DIR: /opt/hostedtoolcache/Python/3.12.13/x64
2026-09-28T07:06:19.2505918Z   Python2_ROOT_DIR: /opt/hostedtoolcache/Python/3.12.13/x64
2026-09-28T07:06:19.2506376Z   Python3_ROOT_DIR: /opt/hostedtoolcache/Python/3.12.13/x64
2026-09-28T07:06:19.2506846Z   LD_LIBRARY_PATH: /opt/hostedtoolcache/Python/3.12.13/x64/lib
2026-09-28T07:06:19.2507262Z ##[endgroup]
2026-09-28T07:06:27.7915105Z 
2026-09-28T07:06:27.7926568Z added 236 packages, and audited 237 packages in 8s
2026-09-28T07:06:27.7927067Z 
2026-09-28T07:06:27.7927428Z 118 packages are looking for funding
2026-09-28T07:06:27.7928096Z   run `npm fund` for details
2026-09-28T07:06:27.7933207Z 
2026-09-28T07:06:27.7933977Z found 0 vulnerabilities
2026-09-28T07:06:27.8618295Z ##[group]Run python -m pip install uv==0.11.21
2026-09-28T07:06:27.8618714Z [36;1mpython -m pip install uv==0.11.21[0m
2026-09-28T07:06:27.8690527Z shell: /usr/bin/bash -e {0}
2026-09-28T07:06:27.8690788Z env:
2026-09-28T07:06:27.8691069Z   pythonLocation: /opt/hostedtoolcache/Python/3.12.13/x64
2026-09-28T07:06:27.8691523Z   PKG_CONFIG_PATH: /opt/hostedtoolcache/Python/3.12.13/x64/lib/pkgconfig
2026-09-28T07:06:27.8691951Z   Python_ROOT_DIR: /opt/hostedtoolcache/Python/3.12.13/x64
2026-09-28T07:06:27.8692339Z   Python2_ROOT_DIR: /opt/hostedtoolcache/Python/3.12.13/x64
2026-09-28T07:06:27.8692746Z   Python3_ROOT_DIR: /opt/hostedtoolcache/Python/3.12.13/x64
2026-09-28T07:06:27.8693145Z   LD_LIBRARY_PATH: /opt/hostedtoolcache/Python/3.12.13/x64/lib
2026-09-28T07:06:27.8693467Z ##[endgroup]
2026-09-28T07:06:28.6197157Z Collecting uv==0.11.21
2026-09-28T07:06:28.6699419Z   Downloading uv-0.11.21-py3-none-manylinux_2_17_x86_64.manylinux2014_x86_64.whl.metadata (11 kB)
2026-09-28T07:06:28.6812485Z Downloading uv-0.11.21-py3-none-manylinux_2_17_x86_64.manylinux2014_x86_64.whl (25.1 MB)
2026-09-28T07:06:28.8214522Z    ━━━━━━━━━━━━━━━━━━━━━━━━━━━━━━━━━━━━━━━━ 25.1/25.1 MB 226.1 MB/s  0:00:00
2026-09-28T07:06:28.8668949Z Installing collected packages: uv
2026-09-28T07:06:29.1282311Z Successfully installed uv-0.11.21
2026-09-28T07:06:29.1915929Z ##[group]Run uv sync --frozen
2026-09-28T07:06:29.1916299Z [36;1muv sync --frozen[0m
2026-09-28T07:06:29.1980661Z shell: /usr/bin/bash -e {0}
2026-09-28T07:06:29.1980919Z env:
2026-09-28T07:06:29.1981199Z   pythonLocation: /opt/hostedtoolcache/Python/3.12.13/x64
2026-09-28T07:06:29.1981656Z   PKG_CONFIG_PATH: /opt/hostedtoolcache/Python/3.12.13/x64/lib/pkgconfig
2026-09-28T07:06:29.1982083Z   Python_ROOT_DIR: /opt/hostedtoolcache/Python/3.12.13/x64
2026-09-28T07:06:29.1982471Z   Python2_ROOT_DIR: /opt/hostedtoolcache/Python/3.12.13/x64
2026-09-28T07:06:29.1982860Z   Python3_ROOT_DIR: /opt/hostedtoolcache/Python/3.12.13/x64
2026-09-28T07:06:29.1983245Z   LD_LIBRARY_PATH: /opt/hostedtoolcache/Python/3.12.13/x64/lib
2026-09-28T07:06:29.1983569Z ##[endgroup]
2026-09-28T07:06:29.2596436Z Using CPython 3.12.13 interpreter at: /opt/hostedtoolcache/Python/3.12.13/x64/bin/python3.12
2026-09-28T07:06:29.2597089Z Creating virtual environment at: .venv
2026-09-28T07:06:29.3503036Z Downloading pygments (1.2MiB)
2026-09-28T07:06:29.3507100Z Downloading pydantic-core (2.0MiB)
2026-09-28T07:06:29.3510916Z Downloading ast-serialize (1.3MiB)
2026-09-28T07:06:29.3513195Z Downloading ruff (9.9MiB)
2026-09-28T07:06:29.3515571Z Downloading mypy (14.6MiB)
2026-09-28T07:06:29.5271341Z  Downloaded ast-serialize
2026-09-28T07:06:29.5529853Z  Downloaded pydantic-core
2026-09-28T07:06:29.7251605Z  Downloaded ruff
2026-09-28T07:06:29.7675024Z  Downloaded pygments
2026-09-28T07:06:29.9645047Z  Downloaded mypy
2026-09-28T07:06:29.9647821Z Prepared 37 packages in 702ms
2026-09-28T07:06:30.0112589Z Installed 37 packages in 46ms
2026-09-28T07:06:30.0113241Z  + annotated-doc==0.0.5
2026-09-28T07:06:30.0113725Z  + annotated-types==0.8.0
2026-09-28T07:06:30.0114445Z  + anyio==4.15.1
2026-09-28T07:06:30.0114871Z  + ast-serialize==0.11.2
2026-09-28T07:06:30.0115689Z  + attrs==26.1.0
2026-09-28T07:06:30.0116128Z  + certifi==2026.7.22
2026-09-28T07:06:30.0116529Z  + click==8.5.0
2026-09-28T07:06:30.0116936Z  + defusedxml==0.7.1
2026-09-28T07:06:30.0117342Z  + fastapi==0.141.1
2026-09-28T07:06:30.0117795Z  + h11==0.16.0
2026-09-28T07:06:30.0118157Z  + httpcore==1.0.9
2026-09-28T07:06:30.0118547Z  + httpx==0.28.1
2026-09-28T07:06:30.0118916Z  + idna==3.19
2026-09-28T07:06:30.0119278Z  + iniconfig==2.3.0
2026-09-28T07:06:30.0119667Z  + jsonschema==4.26.0
2026-09-28T07:06:30.0120177Z  + jsonschema-specifications==2025.9.1
2026-09-28T07:06:30.0120695Z  + librt==0.15.0
2026-09-28T07:06:30.0121094Z  + markdown-it-py==4.2.0
2026-09-28T07:06:30.0121516Z  + mdurl==0.1.2
2026-09-28T07:06:30.0121890Z  + mypy==2.3.1
2026-09-28T07:06:30.0122270Z  + mypy-extensions==1.1.0
2026-09-28T07:06:30.0122697Z  + packaging==26.3
2026-09-28T07:06:30.0123053Z  + pathspec==1.1.1
2026-09-28T07:06:30.0123398Z  + pluggy==1.6.0
2026-09-28T07:06:30.0123744Z  + pydantic==2.13.5
2026-09-28T07:06:30.0124302Z  + pydantic-core==2.46.5
2026-09-28T07:06:30.0124654Z  + pygments==2.21.0
2026-09-28T07:06:30.0124986Z  + pypdf==6.18.1
2026-09-28T07:06:30.0125300Z  + pytest==9.1.1
2026-09-28T07:06:30.0125639Z  + python-multipart==0.0.32
2026-09-28T07:06:30.0126032Z  + referencing==0.37.0
2026-09-28T07:06:30.0126385Z  + rpds-py==2026.6.3
2026-09-28T07:06:30.0126707Z  + ruff==0.16.7
2026-09-28T07:06:30.0127039Z  + starlette==1.6.0
2026-09-28T07:06:30.0127381Z  + typing-extensions==4.16.0
2026-09-28T07:06:30.0127789Z  + typing-inspection==0.4.4
2026-09-28T07:06:30.0128206Z  + uvicorn==0.53.0
2026-09-28T07:06:30.0189121Z ##[group]Run make verify-spec
2026-09-28T07:06:30.0189448Z [36;1mmake verify-spec[0m
2026-09-28T07:06:30.0253747Z shell: /usr/bin/bash -e {0}
2026-09-28T07:06:30.0254236Z env:
2026-09-28T07:06:30.0254510Z   pythonLocation: /opt/hostedtoolcache/Python/3.12.13/x64
2026-09-28T07:06:30.0254964Z   PKG_CONFIG_PATH: /opt/hostedtoolcache/Python/3.12.13/x64/lib/pkgconfig
2026-09-28T07:06:30.0255399Z   Python_ROOT_DIR: /opt/hostedtoolcache/Python/3.12.13/x64
2026-09-28T07:06:30.0255800Z   Python2_ROOT_DIR: /opt/hostedtoolcache/Python/3.12.13/x64
2026-09-28T07:06:30.0256191Z   Python3_ROOT_DIR: /opt/hostedtoolcache/Python/3.12.13/x64
2026-09-28T07:06:30.0256601Z   LD_LIBRARY_PATH: /opt/hostedtoolcache/Python/3.12.13/x64/lib
2026-09-28T07:06:30.0256923Z ##[endgroup]
2026-09-28T07:06:30.0540814Z uv run --frozen python scripts/verify_spec.py
2026-09-28T07:06:35.5238497Z {
2026-09-28T07:06:35.5238942Z   "embedded_files": 6,
2026-09-28T07:06:35.5239353Z   "generated_artifacts": 76,
2026-09-28T07:06:35.5239906Z   "learning_effectiveness": "NOT_RUN",
2026-09-28T07:06:35.5240336Z   "models": 54,
2026-09-28T07:06:35.5240660Z   "package_receipts": [
2026-09-28T07:06:35.5240999Z     {
2026-09-28T07:06:35.5241655Z       "archive_sha256": "9933ad962be34e42a29a3299e81c0f03249b584ba1574299672b76eb0242e7b6",
2026-09-28T07:06:35.5242357Z       "object_count": 9,
2026-09-28T07:06:35.5242705Z       "payload_count": 12,
2026-09-28T07:06:35.5243085Z       "profile": "author",
2026-09-28T07:06:35.5243513Z       "scope": "structure_and_integrity_only",
2026-09-28T07:06:35.5244324Z       "total_bytes": 6730
2026-09-28T07:06:35.5244672Z     },
2026-09-28T07:06:35.5244942Z     {
2026-09-28T07:06:35.5245557Z       "archive_sha256": "6d4ddb4c423521625d4686765e1f80f2b65e46ee874eca1bec118dc20a136479",
2026-09-28T07:06:35.5246227Z       "object_count": 9,
2026-09-28T07:06:35.5246638Z       "payload_count": 11,
2026-09-28T07:06:35.5246992Z       "profile": "learner",
2026-09-28T07:06:35.5247429Z       "scope": "structure_and_integrity_only",
2026-09-28T07:06:35.5247880Z       "total_bytes": 5179
2026-09-28T07:06:35.5248215Z     }
2026-09-28T07:06:35.5248476Z   ],
2026-09-28T07:06:35.5248803Z   "product_acceptance": "NOT_RUN",
2026-09-28T07:06:35.5249231Z   "publication": "NOT_CHECKED",
2026-09-28T07:06:35.5249601Z   "real_codex": "NOT_RUN",
2026-09-28T07:06:35.5249965Z   "real_provider": "NOT_RUN",
2026-09-28T07:06:35.5250336Z   "requirements": 38,
2026-09-28T07:06:35.5251044Z   "routes": 119,
2026-09-28T07:06:35.5251696Z   "scope": "M0_structural_baseline_only",
2026-09-28T07:06:35.5252165Z   "source": "PRODUCT_DESIGN.md",
2026-09-28T07:06:35.5252874Z   "spec_sha256": "2d1ecce71e0aa6953c0f772b1935e7e3abdc5933bfbbe93d851a6171236d8a4d",
2026-09-28T07:06:35.5253532Z   "spec_version": "3.0.7",
2026-09-28T07:06:35.5254154Z   "sql_tables_including_fts": 53,
2026-09-28T07:06:35.5254539Z   "status": "PASS",
2026-09-28T07:06:35.5254853Z   "target_scenarios": 33,
2026-09-28T07:06:35.5255181Z   "tasks": 27
2026-09-28T07:06:35.5255456Z }
2026-09-28T07:06:35.7014674Z ##[group]Run uv run --frozen pytest tests/contract tests/unit/test_spec_*.py
2026-09-28T07:06:35.7015267Z [36;1muv run --frozen pytest tests/contract tests/unit/test_spec_*.py[0m
2026-09-28T07:06:35.7078621Z shell: /usr/bin/bash -e {0}
2026-09-28T07:06:35.7078876Z env:
2026-09-28T07:06:35.7079147Z   pythonLocation: /opt/hostedtoolcache/Python/3.12.13/x64
2026-09-28T07:06:35.7079593Z   PKG_CONFIG_PATH: /opt/hostedtoolcache/Python/3.12.13/x64/lib/pkgconfig
2026-09-28T07:06:35.7080050Z   Python_ROOT_DIR: /opt/hostedtoolcache/Python/3.12.13/x64
2026-09-28T07:06:35.7080441Z   Python2_ROOT_DIR: /opt/hostedtoolcache/Python/3.12.13/x64
2026-09-28T07:06:35.7080838Z   Python3_ROOT_DIR: /opt/hostedtoolcache/Python/3.12.13/x64
2026-09-28T07:06:35.7081232Z   LD_LIBRARY_PATH: /opt/hostedtoolcache/Python/3.12.13/x64/lib
2026-09-28T07:06:35.7081554Z ##[endgroup]
2026-09-28T07:06:40.2670527Z ============================= test session starts ==============================
2026-09-28T07:06:40.2671403Z platform linux -- Python 3.12.13, pytest-9.1.1, pluggy-1.6.0
2026-09-28T07:06:40.2672142Z rootdir: <CI_HOME>/work/Learning_Workbench/Learning_Workbench
2026-09-28T07:06:40.2672660Z configfile: pyproject.toml
2026-09-28T07:06:40.2672950Z plugins: anyio-4.15.1
2026-09-28T07:06:40.2673210Z collected 608 items
2026-09-28T07:06:40.2673352Z 
2026-09-28T07:08:14.6909248Z tests/contract/test_api_projection.py .................................. [  5%]
2026-09-28T07:11:27.0637315Z ....................................................................     [ 16%]
2026-09-28T07:11:27.2806702Z tests/contract/test_authoring_contracts.py ...........                   [ 18%]
2026-09-28T07:11:27.4424209Z tests/contract/test_authoring_group_models.py .......................... [ 22%]
2026-09-28T07:11:27.4531714Z .......                                                                  [ 24%]
2026-09-28T07:11:29.3340388Z tests/contract/test_draft_edit_projection.py ..                          [ 24%]
2026-09-28T07:11:29.4938891Z tests/contract/test_generated_transport.py ...............               [ 26%]
2026-09-28T07:11:29.8791370Z tests/contract/test_generated_upload.py ..                               [ 27%]
2026-09-28T07:11:30.2817954Z tests/contract/test_models.py ............................               [ 31%]
2026-09-28T07:11:30.2949349Z tests/contract/test_optional_patch.py .                                  [ 31%]
2026-09-28T07:11:30.4839817Z tests/contract/test_package_integrity.py ........................        [ 35%]
2026-09-28T07:11:30.6108184Z tests/contract/test_practice_public_projection.py ...................... [ 39%]
2026-09-28T07:11:43.4834069Z .............                                                            [ 41%]
2026-09-28T07:11:44.3158334Z tests/contract/test_provider_binding.py .........................        [ 45%]
2026-09-28T07:11:45.0235289Z tests/contract/test_provider_dto.py .................................... [ 51%]
2026-09-28T07:11:45.2973028Z ........................................................................ [ 63%]
2026-09-28T07:11:45.2980927Z                                                                          [ 63%]
2026-09-28T07:11:45.5090446Z tests/contract/test_recommendation_binding.py ........                   [ 64%]
2026-09-28T07:11:45.5354847Z tests/contract/test_recommendation_dto.py .............................. [ 69%]
2026-09-28T07:11:45.7314217Z ........................                                                 [ 73%]
2026-09-28T07:11:45.7532853Z tests/contract/test_retrieval_dto.py ............................        [ 78%]
2026-09-28T07:12:28.6631415Z tests/contract/test_retrieval_generation.py ...................          [ 81%]
2026-09-28T07:12:41.2299898Z tests/contract/test_retrieval_http.py ....................               [ 84%]
2026-09-28T07:12:41.2460984Z tests/contract/test_review_requests.py ..................                [ 87%]
2026-09-28T07:12:41.2800479Z tests/contract/test_tutor_dto.py ....................................... [ 94%]
2026-09-28T07:12:41.2828572Z ..                                                                       [ 94%]
2026-09-28T07:12:43.0955167Z tests/contract/test_tutor_transport.py .....................             [ 97%]
2026-09-28T07:12:45.3164463Z tests/unit/test_spec_catalog.py ....                                     [ 98%]
2026-09-28T07:12:45.5707697Z tests/unit/test_spec_extraction.py .........                             [100%]
2026-09-28T07:12:45.5708487Z 
2026-09-28T07:12:45.5709016Z =============================== warnings summary ===============================
2026-09-28T07:12:45.5710023Z .venv/lib/python3.12/site-packages/fastapi/testclient.py:1
2026-09-28T07:12:45.5712692Z   <CI_HOME>/work/Learning_Workbench/Learning_Workbench/.venv/lib/python3.12/site-packages/fastapi/testclient.py:1: StarletteDeprecationWarning: Using `httpx` with `starlette.testclient` is deprecated; install `httpx2` instead.
2026-09-28T07:12:45.5715683Z     from starlette.testclient import TestClient as TestClient  # noqa
2026-09-28T07:12:45.5716234Z 
2026-09-28T07:12:45.5716649Z .venv/lib/python3.12/site-packages/starlette/testclient.py:53
2026-09-28T07:12:45.5718121Z   <CI_HOME>/work/Learning_Workbench/Learning_Workbench/.venv/lib/python3.12/site-packages/starlette/testclient.py:53: DeprecationWarning: The anyio.abc.BlockingPortal alias is deprecated, use anyio.from_thread.BlockingPortal instead.
2026-09-28T07:12:45.5720240Z     _PortalFactoryType = Callable[[], AbstractContextManager[anyio.abc.BlockingPortal]]
2026-09-28T07:12:45.5720918Z 
2026-09-28T07:12:45.5721491Z -- Docs: https://docs.pytest.org/en/stable/how-to/capture-warnings.html
2026-09-28T07:12:45.5722674Z ================= 608 passed, 2 warnings in 368.86s (0:06:08) ==================
2026-09-28T07:12:45.9438001Z Post job cleanup.
2026-09-28T07:12:46.0745540Z Post job cleanup.
2026-09-28T07:12:46.2157955Z Post job cleanup.
2026-09-28T07:12:46.3315136Z [command]/usr/bin/git version
2026-09-28T07:12:46.3355367Z git version 2.55.0
2026-09-28T07:12:46.3398539Z Temporarily overriding HOME='<CI_HOME>/work/_temp/1f7c2758-c2ad-4b26-a662-5fd4b4305efc' before making global git config changes
2026-09-28T07:12:46.3400461Z Adding repository directory to the temporary git global config as a safe directory
2026-09-28T07:12:46.3427351Z [command]/usr/bin/git config --global --add safe.directory <CI_HOME>/work/Learning_Workbench/Learning_Workbench
2026-09-28T07:12:46.3544598Z Removing SSH command configuration
2026-09-28T07:12:46.3556021Z [command]/usr/bin/git config --local --name-only --get-regexp core\.sshCommand
2026-09-28T07:12:46.3642715Z [command]/usr/bin/git submodule foreach --recursive sh -c "git config --local --name-only --get-regexp 'core\.sshCommand' && git config --local --unset-all 'core.sshCommand' || :"
2026-09-28T07:12:46.4023519Z Removing HTTP extra header
2026-09-28T07:12:46.4025110Z [command]/usr/bin/git config --local --name-only --get-regexp http\.https\:\/\/github\.com\/\.extraheader
2026-09-28T07:12:46.4076584Z [command]/usr/bin/git submodule foreach --recursive sh -c "git config --local --name-only --get-regexp 'http\.https\:\/\/github\.com\/\.extraheader' && git config --local --unset-all 'http.https://github.com/.extraheader' || :"
2026-09-28T07:12:46.4367687Z Removing includeIf entries pointing to credentials config files
2026-09-28T07:12:46.4373337Z [command]/usr/bin/git config --local --name-only --get-regexp ^includeIf\.gitdir:
2026-09-28T07:12:46.4407455Z includeif.gitdir:<CI_HOME>/work/Learning_Workbench/Learning_Workbench/.git.path
2026-09-28T07:12:46.4409355Z includeif.gitdir:<CI_HOME>/work/Learning_Workbench/Learning_Workbench/.git/worktrees/*.path
2026-09-28T07:12:46.4410620Z includeif.gitdir:/github/workspace/.git.path
2026-09-28T07:12:46.4411680Z includeif.gitdir:/github/workspace/.git/worktrees/*.path
2026-09-28T07:12:46.4418260Z [command]/usr/bin/git config --local --get-all includeif.gitdir:<CI_HOME>/work/Learning_Workbench/Learning_Workbench/.git.path
2026-09-28T07:12:46.4448470Z <CI_HOME>/work/_temp/git-credentials-ca2ee53e-7ac3-4438-8bb2-9e38b6316101.config
2026-09-28T07:12:46.4461542Z [command]/usr/bin/git config --local --unset includeif.gitdir:<CI_HOME>/work/Learning_Workbench/Learning_Workbench/.git.path \/home\/runner\/work\/_temp\/git\-credentials\-ca2ee53e\-7ac3\-4438\-8bb2\-9e38b6316101\.config
2026-09-28T07:12:46.4505946Z [command]/usr/bin/git config --local --get-all includeif.gitdir:<CI_HOME>/work/Learning_Workbench/Learning_Workbench/.git/worktrees/*.path
2026-09-28T07:12:46.4534946Z <CI_HOME>/work/_temp/git-credentials-ca2ee53e-7ac3-4438-8bb2-9e38b6316101.config
2026-09-28T07:12:46.4546614Z [command]/usr/bin/git config --local --unset includeif.gitdir:<CI_HOME>/work/Learning_Workbench/Learning_Workbench/.git/worktrees/*.path \/home\/runner\/work\/_temp\/git\-credentials\-ca2ee53e\-7ac3\-4438\-8bb2\-9e38b6316101\.config
2026-09-28T07:12:46.4587828Z [command]/usr/bin/git config --local --get-all includeif.gitdir:/github/workspace/.git.path
2026-09-28T07:12:46.4615696Z /github/runner_temp/git-credentials-ca2ee53e-7ac3-4438-8bb2-9e38b6316101.config
2026-09-28T07:12:46.4623522Z [command]/usr/bin/git config --local --unset includeif.gitdir:/github/workspace/.git.path \/github\/runner_temp\/git\-credentials\-ca2ee53e\-7ac3\-4438\-8bb2\-9e38b6316101\.config
2026-09-28T07:12:46.4661083Z [command]/usr/bin/git config --local --get-all includeif.gitdir:/github/workspace/.git/worktrees/*.path
2026-09-28T07:12:46.4688209Z /github/runner_temp/git-credentials-ca2ee53e-7ac3-4438-8bb2-9e38b6316101.config
2026-09-28T07:12:46.4697955Z [command]/usr/bin/git config --local --unset includeif.gitdir:/github/workspace/.git/worktrees/*.path \/github\/runner_temp\/git\-credentials\-ca2ee53e\-7ac3\-4438\-8bb2\-9e38b6316101\.config
2026-09-28T07:12:46.4737427Z [command]/usr/bin/git submodule foreach --recursive git config --local --show-origin --name-only --get-regexp remote.origin.url
2026-09-28T07:12:46.4990073Z Removing credentials config '<CI_HOME>/work/_temp/git-credentials-ca2ee53e-7ac3-4438-8bb2-9e38b6316101.config'
2026-09-28T07:12:46.5170944Z Cleaning up orphan processes
