2026-09-28T07:05:57.1678537Z Current runner version: '2.337.0'
2026-09-28T07:05:57.1697952Z ##[group]Runner Image Provisioner
2026-09-28T07:05:57.1698618Z Hosted Compute Agent
2026-09-28T07:05:57.1699313Z Version: 20260828.587
2026-09-28T07:05:57.1699779Z Commit: abac92662cab4cc7352de4f9f9d2e2419aad9c29
2026-09-28T07:05:57.1700293Z Build Date: 2026-08-28T16:44:25Z
2026-09-28T07:05:57.1700763Z Worker ID: {f3ff7cd7-8ed3-4733-9295-49c7dac7a098}
2026-09-28T07:05:57.1701239Z Azure Region: centralus
2026-09-28T07:05:57.1701672Z ##[endgroup]
2026-09-28T07:05:57.1702693Z ##[group]Operating System
2026-09-28T07:05:57.1703224Z Ubuntu
2026-09-28T07:05:57.1703582Z 26.04.1
2026-09-28T07:05:57.1703965Z LTS
2026-09-28T07:05:57.1704361Z ##[endgroup]
2026-09-28T07:05:57.1704739Z ##[group]Runner Image
2026-09-28T07:05:57.1705139Z Image: ubuntu-26.04
2026-09-28T07:05:57.1705534Z Version: 20260920.143.1
2026-09-28T07:05:57.1706409Z Included Software: https://github.com/actions/runner-images/blob/ubuntu26/20260920.143/images/ubuntu/Ubuntu2604-Readme.md
2026-09-28T07:05:57.1707465Z Image Release: https://github.com/actions/runner-images/releases/tag/ubuntu26%2F20260920.143
2026-09-28T07:05:57.1708111Z ##[endgroup]
2026-09-28T07:05:57.1709179Z ##[group]GITHUB_TOKEN Permissions
2026-09-28T07:05:57.1710785Z Contents: read
2026-09-28T07:05:57.1711211Z Metadata: read
2026-09-28T07:05:57.1711599Z ##[endgroup]
2026-09-28T07:05:57.1713045Z Secret source: Actions
2026-09-28T07:05:57.1713655Z Cache mode: write
2026-09-28T07:05:57.1714288Z Prepare workflow directory
2026-09-28T07:05:57.2125220Z Prepare all required actions
2026-09-28T07:05:57.2161031Z Getting action download info
2026-09-28T07:05:57.4274590Z Download action repository 'actions/checkout@3d3c42e5aac5ba805825da76410c181273ba90b1' (SHA:3d3c42e5aac5ba805825da76410c181273ba90b1)
2026-09-28T07:05:58.6923222Z Download action repository 'actions/setup-python@5fda3b95a4ea91299a34e894583c3862153e4b97' (SHA:5fda3b95a4ea91299a34e894583c3862153e4b97)
2026-09-28T07:05:59.2909678Z Download action repository 'actions/setup-node@820762786026740c76f36085b0efc47a31fe5020' (SHA:820762786026740c76f36085b0efc47a31fe5020)
2026-09-28T07:06:00.0046071Z Download action repository 'actions/upload-artifact@043fb46d1a93c77aae656e7c1c64a875d1fc6a0a' (SHA:043fb46d1a93c77aae656e7c1c64a875d1fc6a0a)
2026-09-28T07:06:00.3064744Z Complete job name: browser
2026-09-28T07:06:00.3557730Z ##[group]Run actions/checkout@3d3c42e5aac5ba805825da76410c181273ba90b1
2026-09-28T07:06:00.3558228Z with:
2026-09-28T07:06:00.3558480Z   repository: kl3574/Learning_Workbench
2026-09-28T07:06:00.3560820Z   token: ***
2026-09-28T07:06:00.3561109Z   ssh-strict: true
2026-09-28T07:06:00.3561331Z   ssh-user: git
2026-09-28T07:06:00.3561565Z   persist-credentials: true
2026-09-28T07:06:00.3561814Z   clean: true
2026-09-28T07:06:00.3562053Z   sparse-checkout-cone-mode: true
2026-09-28T07:06:00.3562567Z   fetch-depth: 1
2026-09-28T07:06:00.3562845Z   fetch-tags: false
2026-09-28T07:06:00.3563077Z   show-progress: true
2026-09-28T07:06:00.3563307Z   lfs: false
2026-09-28T07:06:00.3563542Z   submodules: false
2026-09-28T07:06:00.3563792Z   set-safe-directory: true
2026-09-28T07:06:00.3564045Z   allow-unsafe-pr-checkout: false
2026-09-28T07:06:00.3564434Z ##[endgroup]
2026-09-28T07:06:00.4307157Z Syncing repository: kl3574/Learning_Workbench
2026-09-28T07:06:00.4308522Z ##[group]Getting Git version info
2026-09-28T07:06:00.4309149Z Working directory is '<CI_HOME>/work/Learning_Workbench/Learning_Workbench'
2026-09-28T07:06:00.4309985Z [command]/usr/bin/git version
2026-09-28T07:06:00.4310307Z git version 2.55.0
2026-09-28T07:06:00.4327019Z ##[endgroup]
2026-09-28T07:06:00.4336305Z Temporarily overriding HOME='<CI_HOME>/work/_temp/7208a60a-b723-46c3-a6ac-4312c16a677f' before making global git config changes
2026-09-28T07:06:00.4337432Z Adding repository directory to the temporary git global config as a safe directory
2026-09-28T07:06:00.4340450Z [command]/usr/bin/git config --global --add safe.directory <CI_HOME>/work/Learning_Workbench/Learning_Workbench
2026-09-28T07:06:00.4677508Z Deleting the contents of '<CI_HOME>/work/Learning_Workbench/Learning_Workbench'
2026-09-28T07:06:00.4681143Z ##[group]Determining repository object format
2026-09-28T07:06:00.4681916Z ##[endgroup]
2026-09-28T07:06:00.4682526Z ##[group]Initializing the repository
2026-09-28T07:06:00.4685644Z [command]/usr/bin/git init <CI_HOME>/work/Learning_Workbench/Learning_Workbench
2026-09-28T07:06:00.4928199Z hint: Using 'master' as the name for the initial branch. This default branch name
2026-09-28T07:06:00.4929193Z hint: will change to "main" in Git 3.0. To configure the initial branch name
2026-09-28T07:06:00.4929730Z hint: to use in all of your new repositories, which will suppress this warning,
2026-09-28T07:06:00.4930294Z hint: call:
2026-09-28T07:06:00.4930567Z hint:
2026-09-28T07:06:00.4931027Z hint: 	git config --global init.defaultBranch <name>
2026-09-28T07:06:00.4931402Z hint:
2026-09-28T07:06:00.4931766Z hint: Names commonly chosen instead of 'master' are 'main', 'trunk' and
2026-09-28T07:06:00.4932313Z hint: 'development'. The just-created branch can be renamed via this command:
2026-09-28T07:06:00.4932934Z hint:
2026-09-28T07:06:00.4933308Z hint: 	git branch -m <name>
2026-09-28T07:06:00.4933730Z hint:
2026-09-28T07:06:00.4934115Z hint: Disable this message with "git config set advice.defaultBranchName false"
2026-09-28T07:06:00.4934827Z Initialized empty Git repository in <CI_HOME>/work/Learning_Workbench/Learning_Workbench/.git/
2026-09-28T07:06:00.4938212Z [command]/usr/bin/git remote add origin https://github.com/kl3574/Learning_Workbench
2026-09-28T07:06:00.5758648Z ##[endgroup]
2026-09-28T07:06:00.5759277Z ##[group]Disabling automatic garbage collection
2026-09-28T07:06:00.5761211Z [command]/usr/bin/git config --local gc.auto 0
2026-09-28T07:06:00.5823988Z ##[endgroup]
2026-09-28T07:06:00.5825070Z ##[group]Setting up auth
2026-09-28T07:06:00.5825495Z Removing SSH command configuration
2026-09-28T07:06:00.5828804Z [command]/usr/bin/git config --local --name-only --get-regexp core\.sshCommand
2026-09-28T07:06:00.5852426Z [command]/usr/bin/git submodule foreach --recursive sh -c "git config --local --name-only --get-regexp 'core\.sshCommand' && git config --local --unset-all 'core.sshCommand' || :"
2026-09-28T07:06:00.6233234Z Removing HTTP extra header
2026-09-28T07:06:00.6237175Z [command]/usr/bin/git config --local --name-only --get-regexp http\.https\:\/\/github\.com\/\.extraheader
2026-09-28T07:06:00.6257233Z [command]/usr/bin/git submodule foreach --recursive sh -c "git config --local --name-only --get-regexp 'http\.https\:\/\/github\.com\/\.extraheader' && git config --local --unset-all 'http.https://github.com/.extraheader' || :"
2026-09-28T07:06:00.6427428Z Removing includeIf entries pointing to credentials config files
2026-09-28T07:06:00.6432009Z [command]/usr/bin/git config --local --name-only --get-regexp ^includeIf\.gitdir:
2026-09-28T07:06:00.6452983Z [command]/usr/bin/git submodule foreach --recursive git config --local --show-origin --name-only --get-regexp remote.origin.url
2026-09-28T07:06:00.6623189Z [command]/usr/bin/git config --file <CI_HOME>/work/_temp/git-credentials-c70d4ace-9411-4495-af7f-2419f4c0878b.config http.https://github.com/.extraheader AUTHORIZATION: basic ***
2026-09-28T07:06:00.6853527Z [command]/usr/bin/git config --local includeIf.gitdir:<CI_HOME>/work/Learning_Workbench/Learning_Workbench/.git.path <CI_HOME>/work/_temp/git-credentials-c70d4ace-9411-4495-af7f-2419f4c0878b.config
2026-09-28T07:06:00.7326829Z [command]/usr/bin/git config --local includeIf.gitdir:<CI_HOME>/work/Learning_Workbench/Learning_Workbench/.git/worktrees/*.path <CI_HOME>/work/_temp/git-credentials-c70d4ace-9411-4495-af7f-2419f4c0878b.config
2026-09-28T07:06:00.8187331Z [command]/usr/bin/git config --local includeIf.gitdir:/github/workspace/.git.path /github/runner_temp/git-credentials-c70d4ace-9411-4495-af7f-2419f4c0878b.config
2026-09-28T07:06:00.8383781Z [command]/usr/bin/git config --local includeIf.gitdir:/github/workspace/.git/worktrees/*.path /github/runner_temp/git-credentials-c70d4ace-9411-4495-af7f-2419f4c0878b.config
2026-09-28T07:06:00.8581373Z ##[endgroup]
2026-09-28T07:06:00.8582080Z ##[group]Fetching the repository
2026-09-28T07:06:00.8587548Z [command]/usr/bin/git -c protocol.version=2 fetch --no-tags --prune --no-recurse-submodules --depth=1 origin +8701c8a04b654c2462e4311f0128201507ebaf7e:refs/remotes/origin/feat/M6.2-candidate-review
2026-09-28T07:06:05.0333351Z From https://github.com/kl3574/Learning_Workbench
2026-09-28T07:06:05.0334143Z  * [new ref]         8701c8a04b654c2462e4311f0128201507ebaf7e -> origin/feat/M6.2-candidate-review
2026-09-28T07:06:05.0348714Z [command]/usr/bin/git branch --list --remote origin/feat/M6.2-candidate-review
2026-09-28T07:06:05.0365783Z   origin/feat/M6.2-candidate-review
2026-09-28T07:06:05.0371771Z [command]/usr/bin/git rev-parse refs/remotes/origin/feat/M6.2-candidate-review
2026-09-28T07:06:05.0390225Z 8701c8a04b654c2462e4311f0128201507ebaf7e
2026-09-28T07:06:05.0409282Z ##[endgroup]
2026-09-28T07:06:05.0409932Z ##[group]Determining the checkout info
2026-09-28T07:06:05.0410661Z ##[endgroup]
2026-09-28T07:06:05.0411054Z [command]/usr/bin/git sparse-checkout disable
2026-09-28T07:06:05.2543341Z [command]/usr/bin/git config --local --unset-all extensions.worktreeConfig
2026-09-28T07:06:05.2624261Z ##[group]Checking out the ref
2026-09-28T07:06:05.2629199Z [command]/usr/bin/git checkout --progress --force -B feat/M6.2-candidate-review refs/remotes/origin/feat/M6.2-candidate-review
2026-09-28T07:06:06.4575737Z Updating files:  90% (12170/13456)
2026-09-28T07:06:06.4689925Z Updating files:  91% (12245/13456)
2026-09-28T07:06:06.4769447Z Updating files:  92% (12380/13456)
2026-09-28T07:06:06.4817482Z Updating files:  93% (12515/13456)
2026-09-28T07:06:06.4869181Z Updating files:  94% (12649/13456)
2026-09-28T07:06:06.4933814Z Updating files:  95% (12784/13456)
2026-09-28T07:06:06.4991474Z Updating files:  96% (12918/13456)
2026-09-28T07:06:06.5053014Z Updating files:  97% (13053/13456)
2026-09-28T07:06:06.5109676Z Updating files:  98% (13187/13456)
2026-09-28T07:06:06.5154833Z Updating files:  99% (13322/13456)
2026-09-28T07:06:06.5155499Z Updating files: 100% (13456/13456)
2026-09-28T07:06:06.5156579Z Updating files: 100% (13456/13456), done.
2026-09-28T07:06:06.7440753Z Switched to a new branch 'feat/M6.2-candidate-review'
2026-09-28T07:06:06.7442185Z branch 'feat/M6.2-candidate-review' set up to track 'origin/feat/M6.2-candidate-review'.
2026-09-28T07:06:06.7484479Z ##[endgroup]
2026-09-28T07:06:06.7528778Z [command]/usr/bin/git log -1 --format=%H
2026-09-28T07:06:06.7549444Z 8701c8a04b654c2462e4311f0128201507ebaf7e
2026-09-28T07:06:06.7757109Z ##[group]Run actions/setup-python@5fda3b95a4ea91299a34e894583c3862153e4b97
2026-09-28T07:06:06.7757445Z with:
2026-09-28T07:06:06.7757717Z   python-version: 3.12.13
2026-09-28T07:06:06.7757956Z   check-latest: false
2026-09-28T07:06:06.7760184Z   token: ***
2026-09-28T07:06:06.7760417Z   update-environment: true
2026-09-28T07:06:06.7760648Z   allow-prereleases: false
2026-09-28T07:06:06.7760946Z   freethreaded: false
2026-09-28T07:06:06.7761218Z ##[endgroup]
2026-09-28T07:06:06.8647234Z ##[group]Installed versions
2026-09-28T07:06:06.8655735Z Version 3.12.13 was not found in the local cache
2026-09-28T07:06:07.6670022Z Version 3.12.13 is available for downloading
2026-09-28T07:06:07.6670666Z Download from "https://github.com/actions/python-versions/releases/download/3.12.13-27650778726/python-3.12.13-linux-26.04-x64.tar.gz"
2026-09-28T07:06:08.2039571Z Extract downloaded archive
2026-09-28T07:06:08.2128107Z [command]/usr/bin/tar xz --warning=no-unknown-keyword --overwrite -C <CI_HOME>/work/_temp/9623361b-092c-4111-9124-37cd76da82fe -f <CI_HOME>/work/_temp/955aeef2-7bde-48ed-bb1b-ba60093340ba
2026-09-28T07:06:09.1785684Z Execute installation script
2026-09-28T07:06:09.1886880Z Check if Python hostedtoolcache folder exist...
2026-09-28T07:06:09.1887347Z Create Python 3.12.13 folder
2026-09-28T07:06:09.1904025Z Copy Python binaries to hostedtoolcache folder
2026-09-28T07:06:09.5317518Z Create additional symlinks (Required for the UsePythonVersion Azure Pipelines task and the setup-python GitHub Action)
2026-09-28T07:06:09.5391443Z Upgrading pip...
2026-09-28T07:06:12.8818198Z Collecting pip
2026-09-28T07:06:12.9180807Z Downloading pip-26.2.1-py3-none-any.whl.metadata (4.6 kB)
2026-09-28T07:06:12.9307139Z Downloading pip-26.2.1-py3-none-any.whl (1.8 MB)
2026-09-28T07:06:13.0219225Z ━━━━━━━━━━━━━━━━━━━━━━━━━━━━━━━━━━━━━━━━ 1.8/1.8 MB 23.6 MB/s eta 0:00:00
2026-09-28T07:06:13.0219681Z 
2026-09-28T07:06:13.0351328Z Installing collected packages: pip
2026-09-28T07:06:13.0351857Z Attempting uninstall: pip
2026-09-28T07:06:13.0364366Z Found existing installation: pip 25.0.1
2026-09-28T07:06:13.0524134Z Uninstalling pip-25.0.1:
2026-09-28T07:06:13.0556008Z Successfully uninstalled pip-25.0.1
2026-09-28T07:06:13.7434831Z Successfully installed pip-26.2.1
2026-09-28T07:06:13.7967854Z Create complete file
2026-09-28T07:06:13.8009729Z Successfully set up CPython (3.12.13)
2026-09-28T07:06:13.8010650Z ##[endgroup]
2026-09-28T07:06:13.8160210Z ##[group]Run actions/setup-node@820762786026740c76f36085b0efc47a31fe5020
2026-09-28T07:06:13.8160627Z with:
2026-09-28T07:06:13.8160842Z   node-version: 24.21.0
2026-09-28T07:06:13.8161115Z   check-latest: false
2026-09-28T07:06:13.8163042Z   token: ***
2026-09-28T07:06:13.8163281Z   package-manager-cache: true
2026-09-28T07:06:13.8163558Z env:
2026-09-28T07:06:13.8163838Z   pythonLocation: /opt/hostedtoolcache/Python/3.12.13/x64
2026-09-28T07:06:13.8164260Z   PKG_CONFIG_PATH: /opt/hostedtoolcache/Python/3.12.13/x64/lib/pkgconfig
2026-09-28T07:06:13.8164644Z   Python_ROOT_DIR: /opt/hostedtoolcache/Python/3.12.13/x64
2026-09-28T07:06:13.8164997Z   Python2_ROOT_DIR: /opt/hostedtoolcache/Python/3.12.13/x64
2026-09-28T07:06:13.8165373Z   Python3_ROOT_DIR: /opt/hostedtoolcache/Python/3.12.13/x64
2026-09-28T07:06:13.8165723Z   LD_LIBRARY_PATH: /opt/hostedtoolcache/Python/3.12.13/x64/lib
2026-09-28T07:06:13.8166037Z ##[endgroup]
2026-09-28T07:06:14.0231135Z Found in cache @ /opt/hostedtoolcache/node/24.21.0/x64
2026-09-28T07:06:14.0234124Z ##[group]Environment details
2026-09-28T07:06:20.4247559Z node: v24.21.0
2026-09-28T07:06:20.4248340Z npm: 11.19.0
2026-09-28T07:06:20.4249106Z yarn: 1.22.22
2026-09-28T07:06:20.4249739Z ##[endgroup]
2026-09-28T07:06:20.4355035Z ##[group]Run python -m pip install uv==0.11.21
2026-09-28T07:06:20.4355527Z [36;1mpython -m pip install uv==0.11.21[0m
2026-09-28T07:06:20.4942558Z shell: /usr/bin/bash -e {0}
2026-09-28T07:06:20.4942914Z env:
2026-09-28T07:06:20.4943234Z   pythonLocation: /opt/hostedtoolcache/Python/3.12.13/x64
2026-09-28T07:06:20.4943632Z   PKG_CONFIG_PATH: /opt/hostedtoolcache/Python/3.12.13/x64/lib/pkgconfig
2026-09-28T07:06:20.4944095Z   Python_ROOT_DIR: /opt/hostedtoolcache/Python/3.12.13/x64
2026-09-28T07:06:20.4944456Z   Python2_ROOT_DIR: /opt/hostedtoolcache/Python/3.12.13/x64
2026-09-28T07:06:20.4944779Z   Python3_ROOT_DIR: /opt/hostedtoolcache/Python/3.12.13/x64
2026-09-28T07:06:20.4945198Z   LD_LIBRARY_PATH: /opt/hostedtoolcache/Python/3.12.13/x64/lib
2026-09-28T07:06:20.4945517Z ##[endgroup]
2026-09-28T07:06:21.1691036Z Collecting uv==0.11.21
2026-09-28T07:06:21.2185202Z   Downloading uv-0.11.21-py3-none-manylinux_2_17_x86_64.manylinux2014_x86_64.whl.metadata (11 kB)
2026-09-28T07:06:21.3510390Z Downloading uv-0.11.21-py3-none-manylinux_2_17_x86_64.manylinux2014_x86_64.whl (25.1 MB)
2026-09-28T07:06:21.7950585Z    ━━━━━━━━━━━━━━━━━━━━━━━━━━━━━━━━━━━━━━━━ 25.1/25.1 MB 60.0 MB/s  0:00:00
2026-09-28T07:06:21.8400584Z Installing collected packages: uv
2026-09-28T07:06:22.1976260Z Successfully installed uv-0.11.21
2026-09-28T07:06:22.2573773Z ##[group]Run uv sync --frozen
2026-09-28T07:06:22.2574109Z [36;1muv sync --frozen[0m
2026-09-28T07:06:22.2609341Z shell: /usr/bin/bash -e {0}
2026-09-28T07:06:22.2609608Z env:
2026-09-28T07:06:22.2609920Z   pythonLocation: /opt/hostedtoolcache/Python/3.12.13/x64
2026-09-28T07:06:22.2610295Z   PKG_CONFIG_PATH: /opt/hostedtoolcache/Python/3.12.13/x64/lib/pkgconfig
2026-09-28T07:06:22.2610859Z   Python_ROOT_DIR: /opt/hostedtoolcache/Python/3.12.13/x64
2026-09-28T07:06:22.2611198Z   Python2_ROOT_DIR: /opt/hostedtoolcache/Python/3.12.13/x64
2026-09-28T07:06:22.2611513Z   Python3_ROOT_DIR: /opt/hostedtoolcache/Python/3.12.13/x64
2026-09-28T07:06:22.2611857Z   LD_LIBRARY_PATH: /opt/hostedtoolcache/Python/3.12.13/x64/lib
2026-09-28T07:06:22.2612137Z ##[endgroup]
2026-09-28T07:06:22.3755560Z Using CPython 3.12.13 interpreter at: /opt/hostedtoolcache/Python/3.12.13/x64/bin/python3.12
2026-09-28T07:06:22.3756381Z Creating virtual environment at: .venv
2026-09-28T07:06:22.4567227Z Downloading mypy (14.6MiB)
2026-09-28T07:06:22.4570787Z Downloading pygments (1.2MiB)
2026-09-28T07:06:22.4571391Z Downloading ast-serialize (1.3MiB)
2026-09-28T07:06:22.4572935Z Downloading ruff (9.9MiB)
2026-09-28T07:06:22.4574324Z Downloading pydantic-core (2.0MiB)
2026-09-28T07:06:22.7382690Z  Downloaded pygments
2026-09-28T07:06:22.7437413Z  Downloaded ast-serialize
2026-09-28T07:06:22.7698674Z  Downloaded pydantic-core
2026-09-28T07:06:22.9183925Z  Downloaded ruff
2026-09-28T07:06:23.0915458Z  Downloaded mypy
2026-09-28T07:06:23.1201883Z Prepared 37 packages in 742ms
2026-09-28T07:06:23.7218536Z Installed 37 packages in 600ms
2026-09-28T07:06:23.7219202Z  + annotated-doc==0.0.5
2026-09-28T07:06:23.7219744Z  + annotated-types==0.8.0
2026-09-28T07:06:23.7220092Z  + anyio==4.15.1
2026-09-28T07:06:23.7220493Z  + ast-serialize==0.11.2
2026-09-28T07:06:23.7220921Z  + attrs==26.1.0
2026-09-28T07:06:23.7221269Z  + certifi==2026.7.22
2026-09-28T07:06:23.7221598Z  + click==8.5.0
2026-09-28T07:06:23.7222015Z  + defusedxml==0.7.1
2026-09-28T07:06:23.7222359Z  + fastapi==0.141.1
2026-09-28T07:06:23.7222767Z  + h11==0.16.0
2026-09-28T07:06:23.7223091Z  + httpcore==1.0.9
2026-09-28T07:06:23.7223492Z  + httpx==0.28.1
2026-09-28T07:06:23.7223725Z  + idna==3.19
2026-09-28T07:06:23.7223958Z  + iniconfig==2.3.0
2026-09-28T07:06:23.7224194Z  + jsonschema==4.26.0
2026-09-28T07:06:23.7224652Z  + jsonschema-specifications==2025.9.1
2026-09-28T07:06:23.7224942Z  + librt==0.15.0
2026-09-28T07:06:23.7225177Z  + markdown-it-py==4.2.0
2026-09-28T07:06:23.7225428Z  + mdurl==0.1.2
2026-09-28T07:06:23.7226200Z  + mypy==2.3.1
2026-09-28T07:06:23.7226519Z  + mypy-extensions==1.1.0
2026-09-28T07:06:23.7226809Z  + packaging==26.3
2026-09-28T07:06:23.7227098Z  + pathspec==1.1.1
2026-09-28T07:06:23.7227420Z  + pluggy==1.6.0
2026-09-28T07:06:23.7227709Z  + pydantic==2.13.5
2026-09-28T07:06:23.7227963Z  + pydantic-core==2.46.5
2026-09-28T07:06:23.7228335Z  + pygments==2.21.0
2026-09-28T07:06:23.7228591Z  + pypdf==6.18.1
2026-09-28T07:06:23.7228857Z  + pytest==9.1.1
2026-09-28T07:06:23.7229349Z  + python-multipart==0.0.32
2026-09-28T07:06:23.7229621Z  + referencing==0.37.0
2026-09-28T07:06:23.7229835Z  + rpds-py==2026.6.3
2026-09-28T07:06:23.7230127Z  + ruff==0.16.7
2026-09-28T07:06:23.7230343Z  + starlette==1.6.0
2026-09-28T07:06:23.7230593Z  + typing-extensions==4.16.0
2026-09-28T07:06:23.7230847Z  + typing-inspection==0.4.4
2026-09-28T07:06:23.7231070Z  + uvicorn==0.53.0
2026-09-28T07:06:23.7284271Z ##[group]Run sudo apt-get update
2026-09-28T07:06:23.7284707Z [36;1msudo apt-get update[0m
2026-09-28T07:06:23.7285403Z [36;1msudo apt-get install -y bubblewrap=0.11.1-1ubuntu0.3 apparmor=5.0.2-0ubuntu1~26.04.1 libapparmor1=5.0.2-0ubuntu1~26.04.1 libseccomp2=2.6.0-2ubuntu5[0m
2026-09-28T07:06:23.7286275Z [36;1mdpkg-query -W bubblewrap apparmor libapparmor1 libseccomp2[0m
2026-09-28T07:06:23.7286768Z [36;1mtest -f /etc/apparmor.d/bwrap-userns-restrict[0m
2026-09-28T07:06:23.7287204Z [36;1mbwrap --version[0m
2026-09-28T07:06:23.7329701Z shell: /usr/bin/bash -e {0}
2026-09-28T07:06:23.7330150Z env:
2026-09-28T07:06:23.7330557Z   pythonLocation: /opt/hostedtoolcache/Python/3.12.13/x64
2026-09-28T07:06:23.7331156Z   PKG_CONFIG_PATH: /opt/hostedtoolcache/Python/3.12.13/x64/lib/pkgconfig
2026-09-28T07:06:23.7331649Z   Python_ROOT_DIR: /opt/hostedtoolcache/Python/3.12.13/x64
2026-09-28T07:06:23.7332151Z   Python2_ROOT_DIR: /opt/hostedtoolcache/Python/3.12.13/x64
2026-09-28T07:06:23.7332960Z   Python3_ROOT_DIR: /opt/hostedtoolcache/Python/3.12.13/x64
2026-09-28T07:06:23.7333443Z   LD_LIBRARY_PATH: /opt/hostedtoolcache/Python/3.12.13/x64/lib
2026-09-28T07:06:23.7333904Z ##[endgroup]
2026-09-28T07:06:24.1147828Z Get:1 file:/etc/apt/apt-mirrors.txt Mirrorlist [144 B]
2026-09-28T07:06:24.1481964Z Hit:2 http://azure.archive.ubuntu.com/ubuntu resolute InRelease
2026-09-28T07:06:24.1489990Z Get:6 https://packages.microsoft.com/ubuntu/26.04/prod resolute InRelease [3964 B]
2026-09-28T07:06:24.1528198Z Get:3 http://azure.archive.ubuntu.com/ubuntu resolute-updates InRelease [137 kB]
2026-09-28T07:06:24.1634713Z Get:4 http://azure.archive.ubuntu.com/ubuntu resolute-backports InRelease [137 kB]
2026-09-28T07:06:24.1646163Z Get:5 http://azure.archive.ubuntu.com/ubuntu resolute-security InRelease [137 kB]
2026-09-28T07:06:24.1722014Z Get:7 https://packages.microsoft.com/ubuntu/26.04/prod resolute/main amd64 Packages [71.7 kB]
2026-09-28T07:06:24.1845126Z Get:8 http://azure.archive.ubuntu.com/ubuntu resolute-updates/main amd64v3 Packages [680 kB]
2026-09-28T07:06:24.1877343Z Get:17 https://packages.microsoft.com/ubuntu/26.04/prod resolute/main arm64 Packages [62.5 kB]
2026-09-28T07:06:24.2142036Z Get:9 http://azure.archive.ubuntu.com/ubuntu resolute-updates/main Translation-en [162 kB]
2026-09-28T07:06:24.2163611Z Get:26 https://packages.microsoft.com/ubuntu/26.04/prod resolute/main armhf Packages [795 B]
2026-09-28T07:06:24.3002317Z Get:10 http://azure.archive.ubuntu.com/ubuntu resolute-updates/main amd64 Components [98.0 kB]
2026-09-28T07:06:24.3023844Z Get:11 http://azure.archive.ubuntu.com/ubuntu resolute-updates/universe amd64v3 Packages [309 kB]
2026-09-28T07:06:24.3125180Z Get:12 http://azure.archive.ubuntu.com/ubuntu resolute-updates/universe Translation-en [98.9 kB]
2026-09-28T07:06:24.3177541Z Get:13 http://azure.archive.ubuntu.com/ubuntu resolute-updates/universe amd64 Components [190 kB]
2026-09-28T07:06:24.3280236Z Get:14 http://azure.archive.ubuntu.com/ubuntu resolute-updates/restricted amd64v3 Packages [458 kB]
2026-09-28T07:06:24.3369309Z Get:15 http://azure.archive.ubuntu.com/ubuntu resolute-updates/restricted Translation-en [90.8 kB]
2026-09-28T07:06:24.3521862Z Get:16 http://azure.archive.ubuntu.com/ubuntu resolute-backports/universe amd64 Components [1060 B]
2026-09-28T07:06:24.3695025Z Get:18 http://azure.archive.ubuntu.com/ubuntu resolute-security/main amd64v3 Packages [532 kB]
2026-09-28T07:06:24.4213178Z Get:19 http://azure.archive.ubuntu.com/ubuntu resolute-security/main Translation-en [125 kB]
2026-09-28T07:06:24.5093664Z Get:20 http://azure.archive.ubuntu.com/ubuntu resolute-security/main amd64 Components [46.7 kB]
2026-09-28T07:06:24.5259758Z Get:21 http://azure.archive.ubuntu.com/ubuntu resolute-security/universe amd64v3 Packages [184 kB]
2026-09-28T07:06:24.5681289Z Get:22 http://azure.archive.ubuntu.com/ubuntu resolute-security/universe Translation-en [58.5 kB]
2026-09-28T07:06:24.5754645Z Get:23 http://azure.archive.ubuntu.com/ubuntu resolute-security/universe amd64 Components [43.4 kB]
2026-09-28T07:06:24.5849318Z Get:24 http://azure.archive.ubuntu.com/ubuntu resolute-security/restricted amd64v3 Packages [437 kB]
2026-09-28T07:06:24.5869619Z Get:25 http://azure.archive.ubuntu.com/ubuntu resolute-security/restricted Translation-en [86.2 kB]
2026-09-28T07:06:30.8701701Z Fetched 4151 kB in 1s (6423 kB/s)
2026-09-28T07:06:31.3606326Z Reading package lists...
2026-09-28T07:06:31.3857118Z Reading package lists...
2026-09-28T07:06:31.4793073Z Building dependency tree...
2026-09-28T07:06:31.4799779Z Reading state information...
2026-09-28T07:06:31.5063844Z bubblewrap is already the newest version (0.11.1-1ubuntu0.3).
2026-09-28T07:06:31.5064480Z bubblewrap set to manually installed.
2026-09-28T07:06:31.5064997Z apparmor is already the newest version (5.0.2-0ubuntu1~26.04.1).
2026-09-28T07:06:31.5065556Z apparmor set to manually installed.
2026-09-28T07:06:31.5066076Z libapparmor1 is already the newest version (5.0.2-0ubuntu1~26.04.1).
2026-09-28T07:06:31.5066637Z libapparmor1 set to manually installed.
2026-09-28T07:06:31.5067529Z libseccomp2 is already the newest version (2.6.0-2ubuntu5).
2026-09-28T07:06:31.5068030Z libseccomp2 set to manually installed.
2026-09-28T07:06:31.5420843Z Solving dependencies...
2026-09-28T07:06:31.6586410Z 0 upgraded, 0 newly installed, 0 to remove and 39 not upgraded.
2026-09-28T07:06:31.7375451Z apparmor	5.0.2-0ubuntu1~26.04.1
2026-09-28T07:06:31.7375776Z bubblewrap	0.11.1-1ubuntu0.3
2026-09-28T07:06:31.7376622Z libapparmor1:amd64	5.0.2-0ubuntu1~26.04.1
2026-09-28T07:06:31.7376930Z libseccomp2:amd64	2.6.0-2ubuntu5
2026-09-28T07:06:31.8222301Z bubblewrap 0.11.1
2026-09-28T07:06:31.8252946Z ##[group]Run npm ci --prefix apps/web
2026-09-28T07:06:31.8253291Z [36;1mnpm ci --prefix apps/web[0m
2026-09-28T07:06:31.8285383Z shell: /usr/bin/bash -e {0}
2026-09-28T07:06:31.8285651Z env:
2026-09-28T07:06:31.8285926Z   pythonLocation: /opt/hostedtoolcache/Python/3.12.13/x64
2026-09-28T07:06:31.8286310Z   PKG_CONFIG_PATH: /opt/hostedtoolcache/Python/3.12.13/x64/lib/pkgconfig
2026-09-28T07:06:31.8286702Z   Python_ROOT_DIR: /opt/hostedtoolcache/Python/3.12.13/x64
2026-09-28T07:06:31.8287094Z   Python2_ROOT_DIR: /opt/hostedtoolcache/Python/3.12.13/x64
2026-09-28T07:06:31.8287425Z   Python3_ROOT_DIR: /opt/hostedtoolcache/Python/3.12.13/x64
2026-09-28T07:06:31.8287758Z   LD_LIBRARY_PATH: /opt/hostedtoolcache/Python/3.12.13/x64/lib
2026-09-28T07:06:31.8288059Z ##[endgroup]
2026-09-28T07:06:41.3784549Z 
2026-09-28T07:06:41.3785266Z added 236 packages, and audited 237 packages in 10s
2026-09-28T07:06:41.3785711Z 
2026-09-28T07:06:41.3786080Z 118 packages are looking for funding
2026-09-28T07:06:41.3786566Z   run `npm fund` for details
2026-09-28T07:06:41.3794266Z 
2026-09-28T07:06:41.3794774Z found 0 vulnerabilities
2026-09-28T07:06:41.4022842Z ##[group]Run npm --prefix apps/web exec -- playwright install --with-deps chromium
2026-09-28T07:06:41.4023365Z [36;1mnpm --prefix apps/web exec -- playwright install --with-deps chromium[0m
2026-09-28T07:06:41.4056987Z shell: /usr/bin/bash -e {0}
2026-09-28T07:06:41.4057289Z env:
2026-09-28T07:06:41.4057628Z   pythonLocation: /opt/hostedtoolcache/Python/3.12.13/x64
2026-09-28T07:06:41.4058009Z   PKG_CONFIG_PATH: /opt/hostedtoolcache/Python/3.12.13/x64/lib/pkgconfig
2026-09-28T07:06:41.4058378Z   Python_ROOT_DIR: /opt/hostedtoolcache/Python/3.12.13/x64
2026-09-28T07:06:41.4058741Z   Python2_ROOT_DIR: /opt/hostedtoolcache/Python/3.12.13/x64
2026-09-28T07:06:41.4059196Z   Python3_ROOT_DIR: /opt/hostedtoolcache/Python/3.12.13/x64
2026-09-28T07:06:41.4059553Z   LD_LIBRARY_PATH: /opt/hostedtoolcache/Python/3.12.13/x64/lib
2026-09-28T07:06:41.4059888Z ##[endgroup]
2026-09-28T07:06:42.6627390Z Installing dependencies...
2026-09-28T07:06:42.6687911Z Switching to root user to install dependencies...
2026-09-28T07:06:42.7194648Z Get:1 file:/etc/apt/apt-mirrors.txt Mirrorlist [144 B]
2026-09-28T07:06:42.7625907Z Hit:2 http://azure.archive.ubuntu.com/ubuntu resolute InRelease
2026-09-28T07:06:42.7648143Z Hit:6 https://packages.microsoft.com/ubuntu/26.04/prod resolute InRelease
2026-09-28T07:06:42.7667619Z Hit:3 http://azure.archive.ubuntu.com/ubuntu resolute-updates InRelease
2026-09-28T07:06:42.7696162Z Hit:4 http://azure.archive.ubuntu.com/ubuntu resolute-backports InRelease
2026-09-28T07:06:42.7697436Z Hit:5 http://azure.archive.ubuntu.com/ubuntu resolute-security InRelease
2026-09-28T07:06:43.3448560Z Reading package lists...
2026-09-28T07:06:43.3642542Z Reading package lists...
2026-09-28T07:06:43.4635025Z Building dependency tree...
2026-09-28T07:06:43.4640916Z Reading state information...
2026-09-28T07:06:43.4926293Z libasound2t64 is already the newest version (1.2.15.3-1ubuntu1.1).
2026-09-28T07:06:43.4926742Z libasound2t64 set to manually installed.
2026-09-28T07:06:43.4927160Z libatk-bridge2.0-0t64 is already the newest version (2.60.4-0ubuntu0.1).
2026-09-28T07:06:43.4927583Z libatk-bridge2.0-0t64 set to manually installed.
2026-09-28T07:06:43.4927956Z libatk1.0-0t64 is already the newest version (2.60.4-0ubuntu0.1).
2026-09-28T07:06:43.4928534Z libatk1.0-0t64 set to manually installed.
2026-09-28T07:06:43.4929057Z libatspi2.0-0t64 is already the newest version (2.60.4-0ubuntu0.1).
2026-09-28T07:06:43.4929438Z libatspi2.0-0t64 set to manually installed.
2026-09-28T07:06:43.4929795Z libcairo2 is already the newest version (1.18.4-3).
2026-09-28T07:06:43.4930148Z libcairo2 set to manually installed.
2026-09-28T07:06:43.4930509Z libcups2t64 is already the newest version (2.4.16-1ubuntu1.3).
2026-09-28T07:06:43.4930878Z libcups2t64 set to manually installed.
2026-09-28T07:06:43.4931222Z libdbus-1-3 is already the newest version (1.16.2-2ubuntu4).
2026-09-28T07:06:43.4931566Z libdbus-1-3 set to manually installed.
2026-09-28T07:06:43.4931905Z libdrm2 is already the newest version (2.4.131-1).
2026-09-28T07:06:43.4932219Z libdrm2 set to manually installed.
2026-09-28T07:06:43.4932573Z libgbm1 is already the newest version (26.0.8-1ubuntu0.3).
2026-09-28T07:06:43.4932894Z libgbm1 set to manually installed.
2026-09-28T07:06:43.4933238Z libnspr4 is already the newest version (2:4.38.2-1ubuntu1).
2026-09-28T07:06:43.4933690Z libnspr4 set to manually installed.
2026-09-28T07:06:43.4934131Z libnss3 is already the newest version (2:3.120-1ubuntu2.1).
2026-09-28T07:06:43.4934462Z libnss3 set to manually installed.
2026-09-28T07:06:43.4934795Z libpango-1.0-0 is already the newest version (1.57.0-1).
2026-09-28T07:06:43.4935135Z libpango-1.0-0 set to manually installed.
2026-09-28T07:06:43.4935460Z libx11-6 is already the newest version (2:1.8.13-1).
2026-09-28T07:06:43.4935811Z libx11-6 set to manually installed.
2026-09-28T07:06:43.4936140Z libxcb1 is already the newest version (1.17.0-2ubuntu1).
2026-09-28T07:06:43.4936456Z libxcb1 set to manually installed.
2026-09-28T07:06:43.4937028Z libxcomposite1 is already the newest version (1:0.4.6-1build1).
2026-09-28T07:06:43.4937386Z libxcomposite1 set to manually installed.
2026-09-28T07:06:43.4937766Z libxdamage1 is already the newest version (1:1.1.7-1).
2026-09-28T07:06:43.4938105Z libxdamage1 set to manually installed.
2026-09-28T07:06:43.4938446Z libxext6 is already the newest version (2:1.3.4-1build3).
2026-09-28T07:06:43.4938768Z libxext6 set to manually installed.
2026-09-28T07:06:43.4939218Z libxfixes3 is already the newest version (1:6.0.0-2build2).
2026-09-28T07:06:43.4939595Z libxfixes3 set to manually installed.
2026-09-28T07:06:43.4939928Z libxkbcommon0 is already the newest version (1.13.1-1).
2026-09-28T07:06:43.4940253Z libxkbcommon0 set to manually installed.
2026-09-28T07:06:43.4940596Z libxrandr2 is already the newest version (2:1.5.4-1build1).
2026-09-28T07:06:43.4940919Z libxrandr2 set to manually installed.
2026-09-28T07:06:43.4941296Z fonts-noto-color-emoji is already the newest version (2.051-1build1).
2026-09-28T07:06:43.4941763Z libfontconfig1 is already the newest version (2.17.1-3ubuntu1).
2026-09-28T07:06:43.4942107Z libfontconfig1 set to manually installed.
2026-09-28T07:06:43.4942506Z libfreetype6 is already the newest version (2.14.2+dfsg-1ubuntu0.1).
2026-09-28T07:06:43.4942877Z libfreetype6 set to manually installed.
2026-09-28T07:06:43.4943228Z fonts-liberation is already the newest version (1:2.1.5-3build1).
2026-09-28T07:06:43.4943632Z fonts-liberation set to manually installed.
2026-09-28T07:06:43.5273725Z Solving dependencies...
2026-09-28T07:06:43.6043738Z The following additional packages will be installed:
2026-09-28T07:06:43.6044435Z   gir1.2-girepository-3.0 gir1.2-glib-2.0 libgirepository-2.0-0 libglib2.0-bin
2026-09-28T07:06:43.6050208Z   libglib2.0-data xfonts-encodings xfonts-utils xserver-common
2026-09-28T07:06:43.6055835Z Recommended packages:
2026-09-28T07:06:43.6056204Z   fonts-ipafont-mincho fonts-tlwg-loma
2026-09-28T07:06:43.7607337Z The following NEW packages will be installed:
2026-09-28T07:06:43.7608074Z   fonts-freefont-ttf fonts-ipafont-gothic fonts-tlwg-loma-otf fonts-unifont
2026-09-28T07:06:43.7618734Z   fonts-wqy-zenhei xfonts-cyrillic xfonts-encodings xfonts-scalable
2026-09-28T07:06:43.7619473Z   xfonts-utils
2026-09-28T07:06:43.7621908Z The following packages will be upgraded:
2026-09-28T07:06:43.7623659Z   gir1.2-girepository-3.0 gir1.2-glib-2.0 libgirepository-2.0-0
2026-09-28T07:06:43.7629014Z   libglib2.0-0t64 libglib2.0-bin libglib2.0-data xserver-common xvfb
2026-09-28T07:06:43.7792718Z 8 upgraded, 9 newly installed, 0 to remove and 31 not upgraded.
2026-09-28T07:06:43.7793653Z Need to get 24.8 MB of archives.
2026-09-28T07:06:43.7794203Z After this operation, 80.2 MB of additional disk space will be used.
2026-09-28T07:06:43.7794867Z Get:1 file:/etc/apt/apt-mirrors.txt Mirrorlist [144 B]
2026-09-28T07:06:43.8349889Z Get:2 http://azure.archive.ubuntu.com/ubuntu resolute/universe amd64v3 fonts-ipafont-gothic all 00303-23ubuntu1 [3703 kB]
2026-09-28T07:06:43.8920039Z Get:3 http://azure.archive.ubuntu.com/ubuntu resolute-updates/main amd64v3 libglib2.0-data all 2.88.0-1ubuntu0.1 [38.5 kB]
2026-09-28T07:06:43.9195226Z Get:4 http://azure.archive.ubuntu.com/ubuntu resolute-updates/main amd64v3 libglib2.0-bin amd64 2.88.0-1ubuntu0.1 [99.5 kB]
2026-09-28T07:06:43.9473543Z Get:5 http://azure.archive.ubuntu.com/ubuntu resolute-updates/main amd64v3 gir1.2-girepository-3.0 amd64 2.88.0-1ubuntu0.1 [25.2 kB]
2026-09-28T07:06:43.9752477Z Get:6 http://azure.archive.ubuntu.com/ubuntu resolute-updates/main amd64v3 libgirepository-2.0-0 amd64 2.88.0-1ubuntu0.1 [76.1 kB]
2026-09-28T07:06:44.0027378Z Get:7 http://azure.archive.ubuntu.com/ubuntu resolute-updates/main amd64v3 gir1.2-glib-2.0 amd64 2.88.0-1ubuntu0.1 [183 kB]
2026-09-28T07:06:44.0306818Z Get:8 http://azure.archive.ubuntu.com/ubuntu resolute-updates/main amd64v3 libglib2.0-0t64 amd64 2.88.0-1ubuntu0.1 [1602 kB]
2026-09-28T07:06:44.0647136Z Get:9 http://azure.archive.ubuntu.com/ubuntu resolute/main amd64v3 fonts-freefont-ttf all 20211204+svn4273-4build1 [5656 kB]
2026-09-28T07:06:44.1512955Z Get:10 http://azure.archive.ubuntu.com/ubuntu resolute/universe amd64v3 fonts-tlwg-loma-otf all 1:0.7.3-1build1 [106 kB]
2026-09-28T07:06:44.1833291Z Get:11 http://azure.archive.ubuntu.com/ubuntu resolute/universe amd64v3 fonts-unifont all 1:16.0.04-1build1 [3169 kB]
2026-09-28T07:06:44.2478132Z Get:12 http://azure.archive.ubuntu.com/ubuntu resolute/universe amd64v3 fonts-wqy-zenhei all 0.9.45-8build1 [7863 kB]
2026-09-28T07:06:44.3522099Z Get:13 http://azure.archive.ubuntu.com/ubuntu resolute/main amd64v3 xfonts-encodings all 1:1.0.5-0ubuntu3 [576 kB]
2026-09-28T07:06:44.3868557Z Get:14 http://azure.archive.ubuntu.com/ubuntu resolute/main amd64v3 xfonts-utils amd64 1:7.7+7build1 [97.3 kB]
2026-09-28T07:06:44.4203767Z Get:15 http://azure.archive.ubuntu.com/ubuntu resolute/universe amd64v3 xfonts-cyrillic all 1:1.0.5+nmu1build1 [384 kB]
2026-09-28T07:06:44.4534814Z Get:16 http://azure.archive.ubuntu.com/ubuntu resolute/universe amd64v3 xfonts-scalable all 1:1.0.3-1.3build1 [304 kB]
2026-09-28T07:06:44.4859793Z Get:17 http://azure.archive.ubuntu.com/ubuntu resolute-updates/main amd64v3 xserver-common all 2:21.1.22-1ubuntu1.2 [29.8 kB]
2026-09-28T07:06:44.5174415Z Get:18 http://azure.archive.ubuntu.com/ubuntu resolute-updates/universe amd64v3 xvfb amd64 2:21.1.22-1ubuntu1.2 [905 kB]
2026-09-28T07:06:45.4805848Z Fetched 24.8 MB in 1s (32.2 MB/s)
2026-09-28T07:06:45.5769378Z Selecting previously unselected package fonts-ipafont-gothic.
2026-09-28T07:06:45.5961520Z (Reading database ... 
2026-09-28T07:06:45.5962078Z (Reading database ... 5%
2026-09-28T07:06:45.5962336Z (Reading database ... 10%
2026-09-28T07:06:45.5962591Z (Reading database ... 15%
2026-09-28T07:06:45.5962851Z (Reading database ... 20%
2026-09-28T07:06:45.5963122Z (Reading database ... 25%
2026-09-28T07:06:45.5963399Z (Reading database ... 30%
2026-09-28T07:06:45.5963633Z (Reading database ... 35%
2026-09-28T07:06:45.5963879Z (Reading database ... 40%
2026-09-28T07:06:45.5964147Z (Reading database ... 45%
2026-09-28T07:06:45.5964830Z (Reading database ... 50%
2026-09-28T07:06:45.8153290Z (Reading database ... 55%
2026-09-28T07:06:46.1119270Z (Reading database ... 60%
2026-09-28T07:06:46.4919379Z (Reading database ... 65%
2026-09-28T07:06:47.3190409Z (Reading database ... 70%
2026-09-28T07:06:47.6615479Z (Reading database ... 75%
2026-09-28T07:06:48.2134425Z (Reading database ... 80%
2026-09-28T07:06:48.4136608Z (Reading database ... 85%
2026-09-28T07:06:48.7206470Z (Reading database ... 90%
2026-09-28T07:06:49.1100318Z (Reading database ... 95%
2026-09-28T07:06:49.1100883Z (Reading database ... 100%
2026-09-28T07:06:49.1101266Z (Reading database ... 209649 files and directories currently installed.)
2026-09-28T07:06:49.1143211Z Preparing to unpack .../00-fonts-ipafont-gothic_00303-23ubuntu1_all.deb ...
2026-09-28T07:06:49.1815917Z Unpacking fonts-ipafont-gothic (00303-23ubuntu1) ...
2026-09-28T07:06:50.2528457Z Preparing to unpack .../01-libglib2.0-data_2.88.0-1ubuntu0.1_all.deb ...
2026-09-28T07:06:50.2912476Z Unpacking libglib2.0-data (2.88.0-1ubuntu0.1) over (2.88.0-1) ...
2026-09-28T07:06:50.4564463Z Preparing to unpack .../02-libglib2.0-bin_2.88.0-1ubuntu0.1_amd64v3.deb ...
2026-09-28T07:06:50.5911890Z Unpacking libglib2.0-bin (2.88.0-1ubuntu0.1) over (2.88.0-1) ...
2026-09-28T07:06:51.0620829Z Preparing to unpack .../03-gir1.2-girepository-3.0_2.88.0-1ubuntu0.1_amd64v3.deb ...
2026-09-28T07:06:51.1802020Z Unpacking gir1.2-girepository-3.0:amd64 (2.88.0-1ubuntu0.1) over (2.88.0-1) ...
2026-09-28T07:06:51.4240444Z Preparing to unpack .../04-libgirepository-2.0-0_2.88.0-1ubuntu0.1_amd64v3.deb ...
2026-09-28T07:06:51.4275993Z Unpacking libgirepository-2.0-0:amd64 (2.88.0-1ubuntu0.1) over (2.88.0-1) ...
2026-09-28T07:06:51.5072570Z Preparing to unpack .../05-gir1.2-glib-2.0_2.88.0-1ubuntu0.1_amd64v3.deb ...
2026-09-28T07:06:51.5095517Z Unpacking gir1.2-glib-2.0:amd64 (2.88.0-1ubuntu0.1) over (2.88.0-1) ...
2026-09-28T07:06:51.5672860Z Preparing to unpack .../06-libglib2.0-0t64_2.88.0-1ubuntu0.1_amd64v3.deb ...
2026-09-28T07:06:51.6308400Z Unpacking libglib2.0-0t64:amd64 (2.88.0-1ubuntu0.1) over (2.88.0-1) ...
2026-09-28T07:06:51.7115783Z Selecting previously unselected package fonts-freefont-ttf.
2026-09-28T07:06:51.7234263Z Preparing to unpack .../07-fonts-freefont-ttf_20211204+svn4273-4build1_all.deb ...
2026-09-28T07:06:51.7241163Z Unpacking fonts-freefont-ttf (20211204+svn4273-4build1) ...
2026-09-28T07:06:51.9217603Z Selecting previously unselected package fonts-tlwg-loma-otf.
2026-09-28T07:06:51.9319621Z Preparing to unpack .../08-fonts-tlwg-loma-otf_1%3a0.7.3-1build1_all.deb ...
2026-09-28T07:06:52.0550995Z Unpacking fonts-tlwg-loma-otf (1:0.7.3-1build1) ...
2026-09-28T07:06:52.0711059Z Selecting previously unselected package fonts-unifont.
2026-09-28T07:06:52.0814453Z Preparing to unpack .../09-fonts-unifont_1%3a16.0.04-1build1_all.deb ...
2026-09-28T07:06:52.0821615Z Unpacking fonts-unifont (1:16.0.04-1build1) ...
2026-09-28T07:06:52.5287260Z Selecting previously unselected package fonts-wqy-zenhei.
2026-09-28T07:06:52.5402006Z Preparing to unpack .../10-fonts-wqy-zenhei_0.9.45-8build1_all.deb ...
2026-09-28T07:06:52.5510610Z Unpacking fonts-wqy-zenhei (0.9.45-8build1) ...
2026-09-28T07:06:52.9450200Z Selecting previously unselected package xfonts-encodings.
2026-09-28T07:06:52.9552470Z Preparing to unpack .../11-xfonts-encodings_1%3a1.0.5-0ubuntu3_all.deb ...
2026-09-28T07:06:52.9560470Z Unpacking xfonts-encodings (1:1.0.5-0ubuntu3) ...
2026-09-28T07:06:53.0772931Z Selecting previously unselected package xfonts-utils.
2026-09-28T07:06:53.0883780Z Preparing to unpack .../12-xfonts-utils_1%3a7.7+7build1_amd64v3.deb ...
2026-09-28T07:06:53.0891530Z Unpacking xfonts-utils (1:7.7+7build1) ...
2026-09-28T07:06:53.1552681Z Selecting previously unselected package xfonts-cyrillic.
2026-09-28T07:06:53.1653480Z Preparing to unpack .../13-xfonts-cyrillic_1%3a1.0.5+nmu1build1_all.deb ...
2026-09-28T07:06:53.1708205Z Unpacking xfonts-cyrillic (1:1.0.5+nmu1build1) ...
2026-09-28T07:06:53.1904980Z Selecting previously unselected package xfonts-scalable.
2026-09-28T07:06:53.2005399Z Preparing to unpack .../14-xfonts-scalable_1%3a1.0.3-1.3build1_all.deb ...
2026-09-28T07:06:53.2015242Z Unpacking xfonts-scalable (1:1.0.3-1.3build1) ...
2026-09-28T07:06:53.2270046Z Preparing to unpack .../15-xserver-common_2%3a21.1.22-1ubuntu1.2_all.deb ...
2026-09-28T07:06:53.4619375Z Unpacking xserver-common (2:21.1.22-1ubuntu1.2) over (2:21.1.22-1ubuntu1) ...
2026-09-28T07:06:53.5067829Z Preparing to unpack .../16-xvfb_2%3a21.1.22-1ubuntu1.2_amd64v3.deb ...
2026-09-28T07:06:53.6696208Z Unpacking xvfb (2:21.1.22-1ubuntu1.2) over (2:21.1.22-1ubuntu1) ...
2026-09-28T07:06:53.8122132Z Setting up fonts-wqy-zenhei (0.9.45-8build1) ...
2026-09-28T07:06:53.9074594Z Setting up fonts-freefont-ttf (20211204+svn4273-4build1) ...
2026-09-28T07:06:53.9093267Z Setting up libglib2.0-0t64:amd64 (2.88.0-1ubuntu0.1) ...
2026-09-28T07:06:53.9193522Z Setting up libglib2.0-data (2.88.0-1ubuntu0.1) ...
2026-09-28T07:06:53.9213490Z Setting up fonts-tlwg-loma-otf (1:0.7.3-1build1) ...
2026-09-28T07:06:53.9234895Z Setting up xfonts-encodings (1:1.0.5-0ubuntu3) ...
2026-09-28T07:06:53.9254797Z Setting up gir1.2-glib-2.0:amd64 (2.88.0-1ubuntu0.1) ...
2026-09-28T07:06:53.9274499Z Setting up fonts-ipafont-gothic (00303-23ubuntu1) ...
2026-09-28T07:06:53.9337633Z update-alternatives: using /usr/share/fonts/opentype/ipafont-gothic/ipag.ttf to provide /usr/share/fonts/truetype/fonts-japanese-gothic.ttf (fonts-japanese-gothic.ttf) in auto mode
2026-09-28T07:06:54.1246280Z Setting up xserver-common (2:21.1.22-1ubuntu1.2) ...
2026-09-28T07:06:54.2197256Z Setting up fonts-unifont (1:16.0.04-1build1) ...
2026-09-28T07:06:54.2236379Z Setting up libgirepository-2.0-0:amd64 (2.88.0-1ubuntu0.1) ...
2026-09-28T07:06:54.2261208Z Setting up xvfb (2:21.1.22-1ubuntu1.2) ...
2026-09-28T07:06:54.2283021Z Setting up libglib2.0-bin (2.88.0-1ubuntu0.1) ...
2026-09-28T07:06:54.2303675Z Setting up xfonts-utils (1:7.7+7build1) ...
2026-09-28T07:06:54.2488448Z Setting up gir1.2-girepository-3.0:amd64 (2.88.0-1ubuntu0.1) ...
2026-09-28T07:06:54.4523774Z Setting up xfonts-cyrillic (1:1.0.5+nmu1build1) ...
2026-09-28T07:06:54.6387124Z Setting up xfonts-scalable (1:1.0.3-1.3build1) ...
2026-09-28T07:06:54.6652704Z Processing triggers for libc-bin (2.43-2ubuntu2.4) ...
2026-09-28T07:06:55.2752323Z Processing triggers for man-db (2.13.1-1build1) ...
2026-09-28T07:06:55.3456551Z Not building database; man-db/auto-update is not 'true'.
2026-09-28T07:06:55.3471129Z Processing triggers for fontconfig (2.17.1-3ubuntu1) ...
2026-09-28T07:06:56.0461713Z 
2026-09-28T07:06:56.0462589Z Running kernel seems to be up-to-date.
2026-09-28T07:06:56.0462951Z 
2026-09-28T07:06:56.0463128Z Restarting services...
2026-09-28T07:06:56.0905259Z  systemctl restart packagekit.service php8.5-fpm.service polkit.service udisks2.service
2026-09-28T07:06:56.1990132Z 
2026-09-28T07:06:56.1991327Z Service restarts being deferred:
2026-09-28T07:06:56.1992282Z  systemctl restart ModemManager.service
2026-09-28T07:06:56.1992990Z  systemctl restart hosted-compute-agent.service
2026-09-28T07:06:56.1993637Z  systemctl restart networkd-dispatcher.service
2026-09-28T07:06:56.1994035Z 
2026-09-28T07:06:56.1994313Z No containers need to be restarted.
2026-09-28T07:06:56.1994705Z 
2026-09-28T07:06:56.1995132Z No user sessions are running outdated binaries.
2026-09-28T07:06:56.1995457Z 
2026-09-28T07:06:56.1995888Z No VM guests are running outdated hypervisor (qemu) binaries on this host.
2026-09-28T07:06:56.9105286Z Downloading Chrome for Testing 153.0.8010.12 (playwright chromium v1243) from https://cdn.playwright.dev/builds/cft/153.0.8010.12/linux64/chrome-linux64.zip
2026-09-28T07:06:57.3159811Z |                                                                                |   0% of 186.8 MiB
2026-09-28T07:06:57.5617960Z |■■■■■■■■                                                                        |  10% of 186.8 MiB
2026-09-28T07:06:57.6137670Z |■■■■■■■■■■■■■■■■                                                                |  20% of 186.8 MiB
2026-09-28T07:06:57.6796441Z |■■■■■■■■■■■■■■■■■■■■■■■■                                                        |  30% of 186.8 MiB
2026-09-28T07:06:57.7392668Z |■■■■■■■■■■■■■■■■■■■■■■■■■■■■■■■■                                                |  40% of 186.8 MiB
2026-09-28T07:06:57.8098409Z |■■■■■■■■■■■■■■■■■■■■■■■■■■■■■■■■■■■■■■■■                                        |  50% of 186.8 MiB
2026-09-28T07:06:57.8711296Z |■■■■■■■■■■■■■■■■■■■■■■■■■■■■■■■■■■■■■■■■■■■■■■■■                                |  60% of 186.8 MiB
2026-09-28T07:06:57.9129603Z |■■■■■■■■■■■■■■■■■■■■■■■■■■■■■■■■■■■■■■■■■■■■■■■■■■■■■■■■                        |  70% of 186.8 MiB
2026-09-28T07:06:58.0234463Z |■■■■■■■■■■■■■■■■■■■■■■■■■■■■■■■■■■■■■■■■■■■■■■■■■■■■■■■■■■■■■■■■                |  80% of 186.8 MiB
2026-09-28T07:06:58.0976549Z |■■■■■■■■■■■■■■■■■■■■■■■■■■■■■■■■■■■■■■■■■■■■■■■■■■■■■■■■■■■■■■■■■■■■■■■■        |  90% of 186.8 MiB
2026-09-28T07:06:58.1741081Z |■■■■■■■■■■■■■■■■■■■■■■■■■■■■■■■■■■■■■■■■■■■■■■■■■■■■■■■■■■■■■■■■■■■■■■■■■■■■■■■■| 100% of 186.8 MiB
2026-09-28T07:07:00.9551798Z Chrome for Testing 153.0.8010.12 (playwright chromium v1243) downloaded to <CI_HOME>/.cache/ms-playwright/chromium-1243
2026-09-28T07:07:00.9554364Z Downloading FFmpeg (playwright ffmpeg v1011) from https://cdn.playwright.dev/dbazure/download/playwright/builds/ffmpeg/1011/ffmpeg-linux.zip
2026-09-28T07:07:01.3749435Z |                                                                                |   0% of 2.3 MiB
2026-09-28T07:07:01.4005492Z |■■■■■■■■                                                                        |  10% of 2.3 MiB
2026-09-28T07:07:01.4134326Z |■■■■■■■■■■■■■■■■                                                                |  20% of 2.3 MiB
2026-09-28T07:07:01.4189516Z |■■■■■■■■■■■■■■■■■■■■■■■■                                                        |  30% of 2.3 MiB
2026-09-28T07:07:01.4242131Z |■■■■■■■■■■■■■■■■■■■■■■■■■■■■■■■■                                                |  40% of 2.3 MiB
2026-09-28T07:07:01.4277672Z |■■■■■■■■■■■■■■■■■■■■■■■■■■■■■■■■■■■■■■■■                                        |  50% of 2.3 MiB
2026-09-28T07:07:01.4299500Z |■■■■■■■■■■■■■■■■■■■■■■■■■■■■■■■■■■■■■■■■■■■■■■■■                                |  60% of 2.3 MiB
2026-09-28T07:07:01.4334819Z |■■■■■■■■■■■■■■■■■■■■■■■■■■■■■■■■■■■■■■■■■■■■■■■■■■■■■■■■                        |  70% of 2.3 MiB
2026-09-28T07:07:01.4354228Z |■■■■■■■■■■■■■■■■■■■■■■■■■■■■■■■■■■■■■■■■■■■■■■■■■■■■■■■■■■■■■■■■                |  80% of 2.3 MiB
2026-09-28T07:07:01.4366337Z |■■■■■■■■■■■■■■■■■■■■■■■■■■■■■■■■■■■■■■■■■■■■■■■■■■■■■■■■■■■■■■■■■■■■■■■■        |  90% of 2.3 MiB
2026-09-28T07:07:01.4390000Z |■■■■■■■■■■■■■■■■■■■■■■■■■■■■■■■■■■■■■■■■■■■■■■■■■■■■■■■■■■■■■■■■■■■■■■■■■■■■■■■■| 100% of 2.3 MiB
2026-09-28T07:07:01.4875283Z FFmpeg (playwright ffmpeg v1011) downloaded to <CI_HOME>/.cache/ms-playwright/ffmpeg-1011
2026-09-28T07:07:01.4877351Z Downloading Chrome Headless Shell 153.0.8010.12 (playwright chromium-headless-shell v1243) from https://cdn.playwright.dev/builds/cft/153.0.8010.12/linux64/chrome-headless-shell-linux64.zip
2026-09-28T07:07:01.9090548Z |                                                                                |   0% of 114.3 MiB
2026-09-28T07:07:02.0956324Z |■■■■■■■■                                                                        |  10% of 114.3 MiB
2026-09-28T07:07:02.1488255Z |■■■■■■■■■■■■■■■■                                                                |  20% of 114.3 MiB
2026-09-28T07:07:02.1810921Z |■■■■■■■■■■■■■■■■■■■■■■■■                                                        |  30% of 114.3 MiB
2026-09-28T07:07:02.2193446Z |■■■■■■■■■■■■■■■■■■■■■■■■■■■■■■■■                                                |  40% of 114.3 MiB
2026-09-28T07:07:02.2648793Z |■■■■■■■■■■■■■■■■■■■■■■■■■■■■■■■■■■■■■■■■                                        |  50% of 114.3 MiB
2026-09-28T07:07:02.2958669Z |■■■■■■■■■■■■■■■■■■■■■■■■■■■■■■■■■■■■■■■■■■■■■■■■                                |  60% of 114.3 MiB
2026-09-28T07:07:02.3429409Z |■■■■■■■■■■■■■■■■■■■■■■■■■■■■■■■■■■■■■■■■■■■■■■■■■■■■■■■■                        |  70% of 114.3 MiB
2026-09-28T07:07:02.3718507Z |■■■■■■■■■■■■■■■■■■■■■■■■■■■■■■■■■■■■■■■■■■■■■■■■■■■■■■■■■■■■■■■■                |  80% of 114.3 MiB
2026-09-28T07:07:02.4001777Z |■■■■■■■■■■■■■■■■■■■■■■■■■■■■■■■■■■■■■■■■■■■■■■■■■■■■■■■■■■■■■■■■■■■■■■■■        |  90% of 114.3 MiB
2026-09-28T07:07:02.4437261Z |■■■■■■■■■■■■■■■■■■■■■■■■■■■■■■■■■■■■■■■■■■■■■■■■■■■■■■■■■■■■■■■■■■■■■■■■■■■■■■■■| 100% of 114.3 MiB
2026-09-28T07:07:04.3276199Z Chrome Headless Shell 153.0.8010.12 (playwright chromium-headless-shell v1243) downloaded to <CI_HOME>/.cache/ms-playwright/chromium_headless_shell-1243
2026-09-28T07:07:04.4297621Z ##[group]Run make build
2026-09-28T07:07:04.4297997Z [36;1mmake build[0m
2026-09-28T07:07:04.4342225Z shell: /usr/bin/bash -e {0}
2026-09-28T07:07:04.4342649Z env:
2026-09-28T07:07:04.4343125Z   pythonLocation: /opt/hostedtoolcache/Python/3.12.13/x64
2026-09-28T07:07:04.4343682Z   PKG_CONFIG_PATH: /opt/hostedtoolcache/Python/3.12.13/x64/lib/pkgconfig
2026-09-28T07:07:04.4344305Z   Python_ROOT_DIR: /opt/hostedtoolcache/Python/3.12.13/x64
2026-09-28T07:07:04.4344827Z   Python2_ROOT_DIR: /opt/hostedtoolcache/Python/3.12.13/x64
2026-09-28T07:07:04.4345310Z   Python3_ROOT_DIR: /opt/hostedtoolcache/Python/3.12.13/x64
2026-09-28T07:07:04.4345788Z   LD_LIBRARY_PATH: /opt/hostedtoolcache/Python/3.12.13/x64/lib
2026-09-28T07:07:04.4346239Z ##[endgroup]
2026-09-28T07:07:04.5095445Z bash scripts/node.sh npm --prefix apps/web run build
2026-09-28T07:07:04.5881763Z 
2026-09-28T07:07:04.5882397Z > @learning-workbench/web@0.1.0 build
2026-09-28T07:07:04.5882744Z > tsc --noEmit && vite build
2026-09-28T07:07:04.5883116Z 
2026-09-28T07:07:05.9779458Z [36mvite v8.3.0 [32mbuilding client environment for production...[36m[39m
2026-09-28T07:07:05.9911275Z transforming...
2026-09-28T07:07:06.1385729Z ✓ 759 modules transformed.
2026-09-28T07:07:06.2232409Z rendering chunks...
2026-09-28T07:07:06.5921419Z computing gzip size...
2026-09-28T07:07:06.6264848Z dist/index.html                       0.41 kB │ gzip:     0.32 kB
2026-09-28T07:07:06.6265367Z dist/assets/index-Dlw0vw2Z.css       42.23 kB │ gzip:     8.75 kB
2026-09-28T07:07:06.6265945Z dist/assets/index-CBifN-ua.js     1,346.94 kB │ gzip:   295.08 kB
2026-09-28T07:07:06.6266402Z dist/assets/Markdown-D62B6Q6c.js  2,939.32 kB │ gzip: 1,098.70 kB
2026-09-28T07:07:06.6266921Z 
2026-09-28T07:07:06.6269023Z [33m[plugin builtin:vite-reporter] 
2026-09-28T07:07:06.6269530Z (!) Some chunks are larger than 500 kB after minification. Consider:
2026-09-28T07:07:06.6269983Z - Using dynamic import() to code-split the application
2026-09-28T07:07:06.6270705Z - Use build.rolldownOptions.output.codeSplitting to improve chunking: https://rolldown.rs/reference/OutputOptions.codeSplitting
2026-09-28T07:07:06.6271451Z - Adjust chunk size limit for this warning via build.chunkSizeWarningLimit.[39m
2026-09-28T07:07:06.6272438Z [32m✓ built in 649ms[39m
2026-09-28T07:07:06.8045876Z ##[group]Run make test-e2e
2026-09-28T07:07:06.8046169Z [36;1mmake test-e2e[0m
2026-09-28T07:07:06.8079781Z shell: /usr/bin/bash -e {0}
2026-09-28T07:07:06.8080047Z env:
2026-09-28T07:07:06.8080385Z   pythonLocation: /opt/hostedtoolcache/Python/3.12.13/x64
2026-09-28T07:07:06.8080772Z   PKG_CONFIG_PATH: /opt/hostedtoolcache/Python/3.12.13/x64/lib/pkgconfig
2026-09-28T07:07:06.8081204Z   Python_ROOT_DIR: /opt/hostedtoolcache/Python/3.12.13/x64
2026-09-28T07:07:06.8081555Z   Python2_ROOT_DIR: /opt/hostedtoolcache/Python/3.12.13/x64
2026-09-28T07:07:06.8081882Z   Python3_ROOT_DIR: /opt/hostedtoolcache/Python/3.12.13/x64
2026-09-28T07:07:06.8082244Z   LD_LIBRARY_PATH: /opt/hostedtoolcache/Python/3.12.13/x64/lib
2026-09-28T07:07:06.8082635Z   LEARNING_E2E_OUTPUT_DIR: <CI_HOME>/work/_temp/learning-workbench-e2e-results
2026-09-28T07:07:06.8082977Z ##[endgroup]
2026-09-28T07:07:06.8287816Z bash scripts/node.sh npm --prefix apps/web run test:e2e
2026-09-28T07:07:06.9043571Z 
2026-09-28T07:07:06.9044217Z > @learning-workbench/web@0.1.0 test:e2e
2026-09-28T07:07:06.9044881Z > playwright test --config ../../tests/e2e/playwright.config.ts
2026-09-28T07:07:06.9045153Z 
2026-09-28T07:07:08.6753869Z [WebServer] INFO:     Started server process [3055]
2026-09-28T07:07:08.6754352Z [WebServer] INFO:     Waiting for application startup.
2026-09-28T07:07:08.7653652Z [WebServer] INFO:     Application startup complete.
2026-09-28T07:07:08.7654545Z [WebServer] INFO:     Uvicorn running on http://127.0.0.1:8765 (Press CTRL+C to quit)
2026-09-28T07:07:10.7086783Z 
2026-09-28T07:07:10.7087836Z Running 107 tests using 1 worker
2026-09-28T07:07:10.7088142Z 
2026-09-28T07:08:08.0681460Z   ✓    1 ../../tests/e2e/assessment-restart.spec.ts:43:1 › same assessment instance rejects forged course and assessment hashes while its independent policy remains active (57.0s)
2026-09-28T07:08:25.7153011Z   ✓    2 ../../tests/e2e/assessment-restart.spec.ts:112:1 › actual browser and API restarts retain independent drafts and keep old solution receipts protected after submission (17.6s)
2026-09-28T07:08:32.9762417Z   ✓    3 ../../tests/e2e/assessment-submit.spec.ts:7:1 › a pending real submission remains unsubmitted until its exact acknowledgement, then exposes only the actual grading result (7.3s)
2026-09-28T07:08:42.4986350Z   ✓    4 ../../tests/e2e/assessments.spec.ts:41:1 › real unreviewed independent assessment saves five types and submits without fabricated grades or answer calls (9.5s)
2026-09-28T07:08:54.1532583Z   ✓    5 ../../tests/e2e/assessments.spec.ts:90:1 › open-book and assisted freeze actual policies; explicit abandon retains saved answers and yields no score (11.6s)
2026-09-28T07:09:06.6212995Z   ✓    6 ../../tests/e2e/assessments.spec.ts:109:1 › two profiles retain a real server CAS conflict with three-way comparison and reject forged same-identity parent (12.3s)
2026-09-28T07:09:12.5205523Z   ✓    7 ../../tests/e2e/assessments.spec.ts:138:1 › missing private binding visibly blocks start instead of fabricating a usable test (5.9s)
2026-09-28T07:09:27.1864540Z   ✓    8 ../../tests/e2e/assessments.spec.ts:145:1 › two pages preserve independent local CAS candidates; a later submitted snapshot never accepts restored edits (14.7s)
2026-09-28T07:09:37.6651991Z   ✓    9 ../../tests/e2e/assessments.spec.ts:251:1 › late redacted Workbench save uses its original ETag and retains hidden selection after explicit three-way choice (10.5s)
2026-09-28T07:09:48.5680651Z   ✓   10 ../../tests/e2e/assessments.spec.ts:295:1 › a genuine solution response held in flight cannot appear after another page starts an open-book assessment (10.9s)
2026-09-28T07:09:58.8308715Z   ✓   11 ../../tests/e2e/authoring-diagnostic.spec.ts:6:1 › Authoring diagnostic preserves the original ten-second click error and excludes late deliveries and private text (10.2s)
2026-09-28T07:09:59.2341249Z   ✓   12 ../../tests/e2e/authoring-diagnostic.spec.ts:38:1 › actual requests retain separate identities and distinguish response headers from body completion at the freeze (388ms)
2026-09-28T07:09:59.3856747Z Authoring prepare diagnostic incomplete; original assertion verdict is unchanged.
2026-09-28T07:09:59.4427247Z Authoring prepare diagnostic incomplete; original assertion verdict is unchanged.
2026-09-28T07:09:59.5049452Z   ✓   13 ../../tests/e2e/authoring-diagnostic.spec.ts:78:1 › diagnostic storage failure preserves both a successful assertion and the exact original failure (257ms)
2026-09-28T07:10:18.0234876Z   ✓   14 ../../tests/e2e/authoring-groups.spec.ts:238:1 › native lesson group preserves its plan and formulas, then separately declines and executes one exact numeric member (18.5s)
2026-09-28T07:10:32.0024119Z   ✓   15 ../../tests/e2e/authoring-groups.spec.ts:297:1 › native practice group replays its lost prepare ACK with one key and clears explicitly read private answers after permission changes (14.0s)
2026-09-28T07:10:51.5607267Z   ✓   16 ../../tests/e2e/authoring-groups.spec.ts:355:1 › native assessment group keeps explicit modes and time, checks its exact private numeric plan, and cancels a separate unconsented job under a permission lock (19.6s)
2026-09-28T07:10:56.5576629Z   ✓   17 ../../tests/e2e/authoring.spec.ts:80:1 › actual Authoring preparation diagnoses missing proof without dispatch and learner can recover safe cancellation (5.0s)
2026-09-28T07:11:09.1928676Z   ✓   18 ../../tests/e2e/authoring.spec.ts:110:1 › explicit same-Job loopback grant creates a draft and numeric preview needs its own decision (12.6s)
2026-09-28T07:11:15.5837934Z   ✓   19 ../../tests/e2e/block-version-compare.spec.ts:5:1 › actual historical block r1/r2 comparison is read-only and remains contained at desktop and narrow widths (6.4s)
2026-09-28T07:11:20.2519782Z 
2026-09-28T07:11:20.2535142Z   ✓   20 ../../tests/e2e/document-imports.spec.ts:87:1 › real two-page PDF keeps exact page citations, guarded original bytes and explicit fidelity approval (4.6s)
2026-09-28T07:11:25.3377636Z 
2026-09-28T07:11:25.3392184Z   ✓   21 ../../tests/e2e/document-imports.spec.ts:127:1 › real DOCX safe text stays readable for learner while original bytes require an explicit author role (5.1s)
2026-09-28T07:11:29.2106724Z 
2026-09-28T07:11:29.2142883Z   ✓   22 ../../tests/e2e/document-imports.spec.ts:202:1 › a real scanned PDF fails without invented text or OCR and its local original is checked explicitly after reload (3.9s)
2026-09-28T07:11:32.6260066Z 
2026-09-28T07:11:32.6301884Z   ✓   23 ../../tests/e2e/document-imports.spec.ts:236:3 › real encrypted.pdf extraction failure remains blocked and preserves its original hash (3.4s)
2026-09-28T07:11:35.6642956Z 
2026-09-28T07:11:35.6721527Z   ✓   24 ../../tests/e2e/document-imports.spec.ts:236:3 › real malformed.docx extraction failure remains blocked and preserves its original hash (3.0s)
2026-09-28T07:11:45.0247323Z   ✓   25 ../../tests/e2e/draft-publication.spec.ts:7:1 › real synthetic Import text block receives explicit human decisions, survives lost publish ACK and reads actual current independently (9.3s)
2026-09-28T07:11:53.5084887Z   ✓   26 ../../tests/e2e/draft-review.spec.ts:17:1 › real imported candidate review keeps original ACK, authenticated report bytes and explicit rejected decision across reload (8.5s)
2026-09-28T07:12:03.7217309Z   ✓   27 ../../tests/e2e/grading-recovery.spec.ts:57:1 › a real failed regrade survives reload and can recover from the last actual grade without losing the old submission (10.2s)
2026-09-28T07:12:17.9630958Z   ✓   28 ../../tests/e2e/grading-restart.spec.ts:50:1 › real browser and API restarts preserve the submitted answers, signed review and both grading revisions (14.2s)
2026-09-28T07:12:30.3544381Z   ✓   29 ../../tests/e2e/grading.spec.ts:34:1 › unreviewed original content stays null until an explicit author form creates a signed new grade without altering its reference approval (12.4s)
2026-09-28T07:12:42.8555338Z   ✓   30 ../../tests/e2e/grading.spec.ts:66:1 › two browser profiles keep a stale manual-review baseline through an actual 412 before explicit three-way rebase (12.5s)
2026-09-28T07:12:54.0934741Z   ✓   31 ../../tests/e2e/grading.spec.ts:81:1 › a failed manual request preserves its durable exact command and editable author draft after browser reload (11.2s)
2026-09-28T07:12:56.3421854Z   ✓   32 ../../tests/e2e/import-admission.spec.ts:8:1 › import admission waits for real Policy after UI saved and never replays a rejected click (2.2s)
2026-09-28T07:13:07.3045418Z   ✓   33 ../../tests/e2e/import-admission.spec.ts:65:1 › real independent Policy preserves an open import selection and restores only explicit admission (11.0s)
2026-09-28T07:13:16.9538483Z   ✓   34 ../../tests/e2e/imports-policy.spec.ts:11:1 › an open author import retains its task across independent start and submit but rechecks pending-answer protection before restoring content (9.6s)
2026-09-28T07:13:22.4677256Z   ✓   35 ../../tests/e2e/imports-policy.spec.ts:61:1 › a reselected failed original survives a role-policy pause in memory while decoded text must be checked again (5.5s)
2026-09-28T07:13:27.3318749Z   ✓   36 ../../tests/e2e/imports.spec.ts:111:1 › real Markdown upload stays staged, previews and downloads exact bytes, restores and commits exact course refs (4.8s)
2026-09-28T07:13:30.8574740Z   ✓   37 ../../tests/e2e/imports.spec.ts:190:1 › safe HTML warning requires explicit acceptance and native cancel leaves courses untouched (3.5s)
2026-09-28T07:13:35.9133719Z   ✓   38 ../../tests/e2e/imports.spec.ts:218:1 › UTF-8 text can target a real existing course and creates a newer exact revision (5.0s)
2026-09-28T07:13:39.1441327Z   ✓   39 ../../tests/e2e/imports.spec.ts:234:1 › upload request failure keeps the selected file; preview failure keeps the recovery ID and explicit retry works (3.2s)
2026-09-28T07:13:43.7849858Z 
2026-09-28T07:13:43.7855378Z   ✓   40 ../../tests/e2e/imports.spec.ts:254:1 › author package requires explicit role change and clears the private preview after returning to learner (4.6s)
2026-09-28T07:13:47.1977416Z   ✓   41 ../../tests/e2e/imports.spec.ts:290:1 › a real invalid UTF-8 parse shows a blocking error and cannot be confirmed (3.4s)
2026-09-28T07:13:53.0670427Z 
2026-09-28T07:13:53.0691463Z   ✓   42 ../../tests/e2e/imports.spec.ts:311:1 › local encoding choice preserves the failed original and creates a separately confirmed UTF-8 import (5.9s)
2026-09-28T07:13:58.8713553Z 
2026-09-28T07:13:58.8715724Z   ✓   43 ../../tests/e2e/imports.spec.ts:379:1 › deferred author preview and original responses cannot restore content after the role is lowered (5.8s)
2026-09-28T07:14:13.1623835Z   ✓   44 ../../tests/e2e/learning-state-restart.spec.ts:47:1 › actual browser and API restarts preserve profile candidates, exact route overrides and original reading sources (14.3s)
2026-09-28T07:14:20.0986912Z   ✓   45 ../../tests/e2e/learning-state.spec.ts:12:1 › real self-report persists a lost-ACK command once and never creates independent evidence (6.9s)
2026-09-28T07:14:29.6227284Z   ✓   46 ../../tests/e2e/learning-state.spec.ts:30:1 › actual unreviewed submission stays excluded and its precise sources disappear when another page starts independent work (9.5s)
2026-09-28T07:14:33.8688645Z   ✓   47 ../../tests/e2e/learning-state.spec.ts:45:1 › a quota-failed profile remains mounted when a global command tries to leave it (4.2s)
2026-09-28T07:14:40.7098767Z   ✓   48 ../../tests/e2e/notes-lifecycle.spec.ts:32:1 › a concurrent note move to another block remains recoverable by stable note ID after a real 412 (6.8s)
2026-09-28T07:14:47.6449032Z   ✓   49 ../../tests/e2e/notes-lifecycle.spec.ts:64:1 › soft deleting a server note preserves its unsynced local continuation for explicit recovery (6.9s)
2026-09-28T07:14:55.9751035Z   ✓   50 ../../tests/e2e/practice-restart.spec.ts:20:1 › same practice tab identity rejects changed frozen parent or child hashes and preserves the original session (8.3s)
2026-09-28T07:15:08.7577536Z   ✓   51 ../../tests/e2e/practice-restart.spec.ts:66:1 › actual browser close and API restart retain practice identity, exposure and an unsynced local response (12.8s)
2026-09-28T07:15:17.8393078Z   ✓   52 ../../tests/e2e/practice.spec.ts:26:1 › five real question kinds save and refresh; hints and solutions require explicit exposure; submit is ungraded (9.1s)
2026-09-28T07:15:27.9347332Z   ✓   53 ../../tests/e2e/practice.spec.ts:87:1 › offline recovery keeps the local candidate when session GET was also unavailable and reconnect compares its base (10.1s)
2026-09-28T07:15:38.9675707Z   ✓   54 ../../tests/e2e/practice.spec.ts:113:1 › two real browser profiles produce a server CAS conflict with base local and remote before explicit choice (11.0s)
2026-09-28T07:15:45.8921893Z   ✓   55 ../../tests/e2e/practice.spec.ts:138:1 › missing private solution fails closed and a forged same-identity parent never replaces the existing practice tab (6.9s)
2026-09-28T07:15:59.0764842Z   ✓   56 ../../tests/e2e/practice.spec.ts:159:1 › two pages keep their durable local candidates and closing an unsynced practice requires explicit retention (13.2s)
2026-09-28T07:16:04.2146437Z   ✓   57 ../../tests/e2e/provider-settings.spec.ts:53:1 › real settings persist control configuration and temporary secrets without claiming production generation (5.1s)
2026-09-28T07:16:11.2973923Z   ✓   58 ../../tests/e2e/provider-settings.spec.ts:84:1 › real config lost ACK restores the original command after browser/API restart and reads later current state separately (7.1s)
2026-09-28T07:16:18.6224488Z   ✓   59 ../../tests/e2e/provider-settings.spec.ts:112:1 › actual independent assessment policy keeps settings controls available and denies subject consent reads (7.3s)
2026-09-28T07:16:22.6154440Z   ✓   60 ../../tests/e2e/provider-settings.spec.ts:142:41 › secret controls use an actual newer readback while the parent refresh is held; peer change false (4.0s)
2026-09-28T07:16:26.7995303Z   ✓   61 ../../tests/e2e/provider-settings.spec.ts:142:41 › secret controls use an actual newer readback while the parent refresh is held; peer change true (4.2s)
2026-09-28T07:16:37.8549485Z   ✓   62 ../../tests/e2e/reader-conflict-layout.spec.ts:97:1 › real session conflict preserves the scrolled submitted explanation and requires an explicit comparison choice (11.0s)
2026-09-28T07:16:46.1376626Z   ✓   63 ../../tests/e2e/reader-conflict-layout.spec.ts:178:1 › real session conflict keeps the same enabled assessment input focused and visible in the shortened reader (8.3s)
2026-09-28T07:16:58.4036610Z   ✓   64 ../../tests/e2e/reader-restart.spec.ts:13:1 › actual browser close and API process restart retain imported references, notes, progress and Reader position (12.3s)
2026-09-28T07:17:05.4969913Z   ✓   65 ../../tests/e2e/reader.spec.ts:33:1 › real imported directory, title search, worked-example link, long formula and frozen original download (7.1s)
2026-09-28T07:17:11.6791746Z   ✓   66 ../../tests/e2e/reader.spec.ts:67:1 › second repeated rendered selection preserves exact source codepoints, saves note, edits and soft deletes (6.2s)
2026-09-28T07:17:17.4223138Z   ✓   67 ../../tests/e2e/reader.spec.ts:98:1 › native source keyboard selection creates exact Markdown codepoints without rendered-text guessing (5.7s)
2026-09-28T07:17:26.3871281Z   ✓   68 ../../tests/e2e/reader.spec.ts:123:1 › offline local note recovery and a real concurrent server revision show three-way comparison before CAS save (9.0s)
2026-09-28T07:17:36.3888152Z   ✓   69 ../../tests/e2e/reader.spec.ts:171:1 › historical course revisions stay in separate exact tabs and hash-mismatched links preserve unresolved reference (10.0s)
2026-09-28T07:17:46.3051471Z 
2026-09-28T07:17:46.3091975Z   ✓   70 ../../tests/e2e/reader.spec.ts:209:1 › a private original authorized before a cross-profile role decrease cannot trigger a late browser download (9.9s)
2026-09-28T07:17:57.0884568Z   ✓   71 ../../tests/e2e/recommendations.spec.ts:56:1 › real recommendation decisions recover a lost ACK across browser and API restart without rewriting later decisions or learning facts (10.7s)
2026-09-28T07:18:06.7603699Z   ✓   72 ../../tests/e2e/recommendations.spec.ts:90:1 › real local suggestions cover another imported textbook and open its complete original refs independently of acceptance (9.7s)
2026-09-28T07:18:17.0792124Z   ✓   73 ../../tests/e2e/recommendations.spec.ts:110:1 › real offline and stale decision candidates require explicit 412 correction and current independent policy hides delayed subject sources (10.3s)
2026-09-28T07:18:24.8257534Z   ✓   74 ../../tests/e2e/recommendations.spec.ts:151:1 › a controlled archived fixture makes the real historical recommendation stale and its formerly current UI cannot open the old target (7.7s)
2026-09-28T07:18:33.3247187Z   ✓   75 ../../tests/e2e/responsive-layout.spec.ts:43:1 › narrow layout and submitted explanation remain visible before React resize listeners run (8.5s)
2026-09-28T07:18:54.5379035Z   ✓   76 ../../tests/e2e/retrieval.spec.ts:47:1 › real explicit cold scope, original rebuild Job, complete hits/no match/resource omission and unchanged historical scope (21.2s)
2026-09-28T07:19:11.1631041Z   ✓   77 ../../tests/e2e/review.spec.ts:35:1 › real history and exact material review preserve original submitted text, null scores and a selected old revision after reload (16.6s)
2026-09-28T07:19:22.8414650Z   ✓   78 ../../tests/e2e/review.spec.ts:76:1 › a delayed old review response cannot restore history or academic context after another page starts a real independent attempt (11.7s)
2026-09-28T07:19:26.0611963Z   ✓   79 ../../tests/e2e/route-draft-input.spec.ts:9:60 › native route goal input survives its own initial draft save_first delivery after focus (3.2s)
2026-09-28T07:19:29.4539399Z   ✓   80 ../../tests/e2e/route-draft-input.spec.ts:9:60 › native route goal input survives its own initial draft load_first delivery after focus (3.4s)
2026-09-28T07:19:36.1926363Z   ✓   81 ../../tests/e2e/routes.spec.ts:10:1 › real route creation, reminder, manual false, reordered revision and exact target navigation preserve history (6.7s)
2026-09-28T07:19:41.8916414Z   ✓   82 ../../tests/e2e/tutor-diagnostic.spec.ts:5:1 › diagnostic retains the original five-second failure and a completed peer read without collecting private text (5.7s)
2026-09-28T07:19:42.1563693Z   ✓   83 ../../tests/e2e/tutor-diagnostic.spec.ts:33:1 › diagnostic closes metadata, freezes delivered ordinals and leaves missing observations unknown (249ms)
2026-09-28T07:19:52.0325618Z   ✓   84 ../../tests/e2e/tutor.spec.ts:19:1 › real Tutor thread and prepared Run recover, diagnose missing proof and cancel without a model call (9.9s)
2026-09-28T07:20:07.7125233Z   ✓   85 ../../tests/e2e/tutor.spec.ts:78:1 › lost Run ACK replays original bytes and cross-page open-book hides academic content while retaining cancellation (15.7s)
2026-09-28T07:20:22.5665199Z   ✓   86 ../../tests/e2e/tutor.spec.ts:148:1 › explicit same-Run consent uses the real loopback protocol and restores raw answer without upgrading evidence (14.8s)
2026-09-28T07:20:27.0487073Z   ✓   87 ../../tests/e2e/workbench-initial-recovery.spec.ts:6:3 › initial workbench recovery keeps the saved lesson and waits for the real session at 1440px (4.5s)
2026-09-28T07:20:31.7143854Z   ✓   88 ../../tests/e2e/workbench-initial-recovery.spec.ts:6:3 › initial workbench recovery keeps the saved lesson and waits for the real session at 390px (4.6s)
2026-09-28T07:20:34.0229603Z   ✓   89 ../../tests/e2e/workbench.spec.ts:5:1 › empty workspace, native bootstrap, four fixed navigation and truthful auxiliary states (2.3s)
2026-09-28T07:20:37.4601763Z   ✓   90 ../../tests/e2e/workbench.spec.ts:22:1 › real keyboard and mouse resize, native drawers, focus return and restored layout (3.4s)
2026-09-28T07:20:41.7709285Z   ✓   91 ../../tests/e2e/workbench.spec.ts:43:1 › object drafts survive preview switches, close choice and browser reload without fake sending (4.3s)
2026-09-28T07:20:50.1479324Z   ✓   92 ../../tests/e2e/workbench.spec.ts:60:1 › server CAS conflict is visible, local object drafts survive and explicit readback recovers (8.4s)
2026-09-28T07:20:55.0116674Z   ✓   93 ../../tests/e2e/workbench.spec.ts:73:1 › offline pending UI is restored after actual connection recovery (4.9s)
2026-09-28T07:20:58.1072629Z   ✓   94 ../../tests/e2e/workbench.spec.ts:85:1 › actual MathJax, no runtime errors, long formula local scrolling, all screenshot sizes (3.1s)
2026-09-28T07:21:05.0750651Z   ✓   95 ../../tests/e2e/workbench.spec.ts:112:1 › two browser pages keep drafts for different objects in native IndexedDB (7.0s)
2026-09-28T07:21:08.3462548Z   ✓   96 ../../tests/e2e/workbench.spec.ts:130:1 › exact reference mismatch stays unresolved and preserves the original snapshot (3.3s)
2026-09-28T07:21:13.7082272Z   ✓   97 ../../tests/e2e/workbench.spec.ts:147:1 › cold lazy renderer restores saved reading offset after the content is ready (5.3s)
2026-09-28T07:21:21.5941669Z   ✓   98 ../../tests/e2e/workbench.spec.ts:167:1 › native concurrent same-object transactions preserve both candidates and expose explicit recovery (7.9s)
2026-09-28T07:21:26.4278244Z   ✓   99 ../../tests/e2e/workbench.spec.ts:200:1 › directory history restores the current course and navigation entry (4.8s)
2026-09-28T07:21:29.9461884Z   ✓  100 ../../tests/e2e/workbench.spec.ts:212:1 › UI cache quota failure stays visibly unsaved until the real server acknowledges (3.5s)
2026-09-28T07:21:33.7472579Z   ✓  101 ../../tests/e2e/workbench.spec.ts:229:1 › offline UI candidates from two pages remain separate on reload (3.8s)
2026-09-28T07:21:41.0876525Z   ✓  102 ../../tests/e2e/workbench.spec.ts:250:1 › quota-only memory candidate with a changed server baseline shows three-way comparison before explicit CAS (7.3s)
2026-09-28T07:21:46.8792872Z   ✓  103 ../../tests/e2e/workbench.spec.ts:283:1 › per-object details and focus survive A to B to A and browser reload after lazy content readiness (5.8s)
2026-09-28T07:21:50.2599596Z   ✓  104 ../../tests/e2e/workbench.spec.ts:302:1 › first unsent-draft conflict shows original, local and stored text before any reload or choice (3.4s)
2026-09-28T07:21:54.7860616Z   ✓  105 ../../tests/e2e/workbench.spec.ts:332:1 › route directory stays honestly empty and continue reading restores the exact last lesson (4.5s)
2026-09-28T07:21:58.3050105Z   ✓  106 ../../tests/e2e/workbench.spec.ts:354:1 › native keyboard selection updates frozen-reference preview and ambiguous source matches are refused (3.5s)
2026-09-28T07:22:02.8135609Z   ✓  107 ../../tests/e2e/zoom.spec.ts:5:1 › real browser 200 percent zoom reflows CSS width through Chrome appearance setting (4.5s)
2026-09-28T07:22:02.9401819Z 
2026-09-28T07:22:02.9408844Z   107 passed (14.9m)
2026-09-28T07:22:02.9832737Z Post job cleanup.
2026-09-28T07:22:03.0949072Z Post job cleanup.
2026-09-28T07:22:03.2060110Z Post job cleanup.
2026-09-28T07:22:03.2755246Z [command]/usr/bin/git version
2026-09-28T07:22:03.2799480Z git version 2.55.0
2026-09-28T07:22:03.2825893Z Temporarily overriding HOME='<CI_HOME>/work/_temp/9e58ed77-36f0-44b0-a5d0-4a3e414838d9' before making global git config changes
2026-09-28T07:22:03.2826909Z Adding repository directory to the temporary git global config as a safe directory
2026-09-28T07:22:03.2830795Z [command]/usr/bin/git config --global --add safe.directory <CI_HOME>/work/Learning_Workbench/Learning_Workbench
2026-09-28T07:22:03.2860543Z Removing SSH command configuration
2026-09-28T07:22:03.2865417Z [command]/usr/bin/git config --local --name-only --get-regexp core\.sshCommand
2026-09-28T07:22:03.2895218Z [command]/usr/bin/git submodule foreach --recursive sh -c "git config --local --name-only --get-regexp 'core\.sshCommand' && git config --local --unset-all 'core.sshCommand' || :"
2026-09-28T07:22:03.3155244Z Removing HTTP extra header
2026-09-28T07:22:03.3162358Z [command]/usr/bin/git config --local --name-only --get-regexp http\.https\:\/\/github\.com\/\.extraheader
2026-09-28T07:22:03.3205783Z [command]/usr/bin/git submodule foreach --recursive sh -c "git config --local --name-only --get-regexp 'http\.https\:\/\/github\.com\/\.extraheader' && git config --local --unset-all 'http.https://github.com/.extraheader' || :"
2026-09-28T07:22:03.3455839Z Removing includeIf entries pointing to credentials config files
2026-09-28T07:22:03.3461555Z [command]/usr/bin/git config --local --name-only --get-regexp ^includeIf\.gitdir:
2026-09-28T07:22:03.3482883Z includeif.gitdir:<CI_HOME>/work/Learning_Workbench/Learning_Workbench/.git.path
2026-09-28T07:22:03.3483745Z includeif.gitdir:<CI_HOME>/work/Learning_Workbench/Learning_Workbench/.git/worktrees/*.path
2026-09-28T07:22:03.3484366Z includeif.gitdir:/github/workspace/.git.path
2026-09-28T07:22:03.3484798Z includeif.gitdir:/github/workspace/.git/worktrees/*.path
2026-09-28T07:22:03.3490401Z [command]/usr/bin/git config --local --get-all includeif.gitdir:<CI_HOME>/work/Learning_Workbench/Learning_Workbench/.git.path
2026-09-28T07:22:03.3508407Z <CI_HOME>/work/_temp/git-credentials-c70d4ace-9411-4495-af7f-2419f4c0878b.config
2026-09-28T07:22:03.3516004Z [command]/usr/bin/git config --local --unset includeif.gitdir:<CI_HOME>/work/Learning_Workbench/Learning_Workbench/.git.path \/home\/runner\/work\/_temp\/git\-credentials\-c70d4ace\-9411\-4495\-af7f\-2419f4c0878b\.config
2026-09-28T07:22:03.3545234Z [command]/usr/bin/git config --local --get-all includeif.gitdir:<CI_HOME>/work/Learning_Workbench/Learning_Workbench/.git/worktrees/*.path
2026-09-28T07:22:03.3563417Z <CI_HOME>/work/_temp/git-credentials-c70d4ace-9411-4495-af7f-2419f4c0878b.config
2026-09-28T07:22:03.3607238Z [command]/usr/bin/git config --local --unset includeif.gitdir:<CI_HOME>/work/Learning_Workbench/Learning_Workbench/.git/worktrees/*.path \/home\/runner\/work\/_temp\/git\-credentials\-c70d4ace\-9411\-4495\-af7f\-2419f4c0878b\.config
2026-09-28T07:22:03.3634852Z [command]/usr/bin/git config --local --get-all includeif.gitdir:/github/workspace/.git.path
2026-09-28T07:22:03.3653014Z /github/runner_temp/git-credentials-c70d4ace-9411-4495-af7f-2419f4c0878b.config
2026-09-28T07:22:03.3658401Z [command]/usr/bin/git config --local --unset includeif.gitdir:/github/workspace/.git.path \/github\/runner_temp\/git\-credentials\-c70d4ace\-9411\-4495\-af7f\-2419f4c0878b\.config
2026-09-28T07:22:03.3684174Z [command]/usr/bin/git config --local --get-all includeif.gitdir:/github/workspace/.git/worktrees/*.path
2026-09-28T07:22:03.3701507Z /github/runner_temp/git-credentials-c70d4ace-9411-4495-af7f-2419f4c0878b.config
2026-09-28T07:22:03.3708057Z [command]/usr/bin/git config --local --unset includeif.gitdir:/github/workspace/.git/worktrees/*.path \/github\/runner_temp\/git\-credentials\-c70d4ace\-9411\-4495\-af7f\-2419f4c0878b\.config
2026-09-28T07:22:03.3736396Z [command]/usr/bin/git submodule foreach --recursive git config --local --show-origin --name-only --get-regexp remote.origin.url
2026-09-28T07:22:03.3945537Z Removing credentials config '<CI_HOME>/work/_temp/git-credentials-c70d4ace-9411-4495-af7f-2419f4c0878b.config'
2026-09-28T07:22:03.4076740Z Cleaning up orphan processes
