2026-09-28T02:52:10.6068716Z Current runner version: '2.337.0'
2026-09-28T02:52:10.6093604Z ##[group]Runner Image Provisioner
2026-09-28T02:52:10.6094531Z Hosted Compute Agent
2026-09-28T02:52:10.6095135Z Version: 20260828.587
2026-09-28T02:52:10.6095896Z Commit: abac92662cab4cc7352de4f9f9d2e2419aad9c29
2026-09-28T02:52:10.6096887Z Build Date: 2026-08-28T16:44:25Z
2026-09-28T02:52:10.6097659Z Worker ID: {237a0ef6-d7a9-433a-8ae7-333c8c46b1e6}
2026-09-28T02:52:10.6098473Z Azure Region: westus2
2026-09-28T02:52:10.6099085Z ##[endgroup]
2026-09-28T02:52:10.6100639Z ##[group]Operating System
2026-09-28T02:52:10.6101303Z Ubuntu
2026-09-28T02:52:10.6101949Z 26.04.1
2026-09-28T02:52:10.6102533Z LTS
2026-09-28T02:52:10.6103061Z ##[endgroup]
2026-09-28T02:52:10.6103691Z ##[group]Runner Image
2026-09-28T02:52:10.6104323Z Image: ubuntu-26.04
2026-09-28T02:52:10.6104901Z Version: 20260920.143.1
2026-09-28T02:52:10.6106709Z Included Software: https://github.com/actions/runner-images/blob/ubuntu26/20260920.143/images/ubuntu/Ubuntu2604-Readme.md
2026-09-28T02:52:10.6108473Z Image Release: https://github.com/actions/runner-images/releases/tag/ubuntu26%2F20260920.143
2026-09-28T02:52:10.6109491Z ##[endgroup]
2026-09-28T02:52:10.6110744Z ##[group]GITHUB_TOKEN Permissions
2026-09-28T02:52:10.6112643Z Contents: read
2026-09-28T02:52:10.6113269Z Metadata: read
2026-09-28T02:52:10.6113955Z ##[endgroup]
2026-09-28T02:52:10.6116063Z Secret source: Actions
2026-09-28T02:52:10.6117449Z Cache mode: write
2026-09-28T02:52:10.6118166Z Prepare workflow directory
2026-09-28T02:52:10.6512349Z Prepare all required actions
2026-09-28T02:52:10.6561547Z Getting action download info
2026-09-28T02:52:10.9714539Z Download action repository 'actions/checkout@3d3c42e5aac5ba805825da76410c181273ba90b1' (SHA:3d3c42e5aac5ba805825da76410c181273ba90b1)
2026-09-28T02:52:11.0906728Z Download action repository 'actions/setup-python@5fda3b95a4ea91299a34e894583c3862153e4b97' (SHA:5fda3b95a4ea91299a34e894583c3862153e4b97)
2026-09-28T02:52:11.2549355Z Complete job name: backend
2026-09-28T02:52:11.3337710Z ##[group]Run actions/checkout@3d3c42e5aac5ba805825da76410c181273ba90b1
2026-09-28T02:52:11.3338793Z with:
2026-09-28T02:52:11.3339254Z   repository: kl3574/Learning_Workbench
2026-09-28T02:52:11.3343040Z   token: ***
2026-09-28T02:52:11.3343478Z   ssh-strict: true
2026-09-28T02:52:11.3343924Z   ssh-user: git
2026-09-28T02:52:11.3344375Z   persist-credentials: true
2026-09-28T02:52:11.3344861Z   clean: true
2026-09-28T02:52:11.3345304Z   sparse-checkout-cone-mode: true
2026-09-28T02:52:11.3345826Z   fetch-depth: 1
2026-09-28T02:52:11.3346450Z   fetch-tags: false
2026-09-28T02:52:11.3346909Z   show-progress: true
2026-09-28T02:52:11.3347362Z   lfs: false
2026-09-28T02:52:11.3347785Z   submodules: false
2026-09-28T02:52:11.3348239Z   set-safe-directory: true
2026-09-28T02:52:11.3348749Z   allow-unsafe-pr-checkout: false
2026-09-28T02:52:11.3349553Z ##[endgroup]
2026-09-28T02:52:11.4371400Z Syncing repository: kl3574/Learning_Workbench
2026-09-28T02:52:11.4374206Z ##[group]Getting Git version info
2026-09-28T02:52:11.4375553Z Working directory is '<CI_HOME>/work/Learning_Workbench/Learning_Workbench'
2026-09-28T02:52:11.4397389Z [command]/usr/bin/git version
2026-09-28T02:52:11.4435284Z git version 2.55.0
2026-09-28T02:52:11.4457224Z ##[endgroup]
2026-09-28T02:52:11.4468220Z Temporarily overriding HOME='<CI_HOME>/work/_temp/de0176c0-9c9a-420f-899c-42a8dbf7b680' before making global git config changes
2026-09-28T02:52:11.4470627Z Adding repository directory to the temporary git global config as a safe directory
2026-09-28T02:52:11.4473844Z [command]/usr/bin/git config --global --add safe.directory <CI_HOME>/work/Learning_Workbench/Learning_Workbench
2026-09-28T02:52:11.4538324Z Deleting the contents of '<CI_HOME>/work/Learning_Workbench/Learning_Workbench'
2026-09-28T02:52:11.4541699Z ##[group]Determining repository object format
2026-09-28T02:52:11.4543432Z ##[endgroup]
2026-09-28T02:52:11.4545094Z ##[group]Initializing the repository
2026-09-28T02:52:11.4549205Z [command]/usr/bin/git init <CI_HOME>/work/Learning_Workbench/Learning_Workbench
2026-09-28T02:52:11.4696899Z hint: Using 'master' as the name for the initial branch. This default branch name
2026-09-28T02:52:11.4698586Z hint: will change to "main" in Git 3.0. To configure the initial branch name
2026-09-28T02:52:11.4700118Z hint: to use in all of your new repositories, which will suppress this warning,
2026-09-28T02:52:11.4701382Z hint: call:
2026-09-28T02:52:11.4702063Z hint:
2026-09-28T02:52:11.4702938Z hint: 	git config --global init.defaultBranch <name>
2026-09-28T02:52:11.4704094Z hint:
2026-09-28T02:52:11.4705027Z hint: Names commonly chosen instead of 'master' are 'main', 'trunk' and
2026-09-28T02:52:11.4706769Z hint: 'development'. The just-created branch can be renamed via this command:
2026-09-28T02:52:11.4708027Z hint:
2026-09-28T02:52:11.4708724Z hint: 	git branch -m <name>
2026-09-28T02:52:11.4709524Z hint:
2026-09-28T02:52:11.4710624Z hint: Disable this message with "git config set advice.defaultBranchName false"
2026-09-28T02:52:11.4712456Z Initialized empty Git repository in <CI_HOME>/work/Learning_Workbench/Learning_Workbench/.git/
2026-09-28T02:52:11.4723660Z [command]/usr/bin/git remote add origin https://github.com/kl3574/Learning_Workbench
2026-09-28T02:52:11.4810428Z ##[endgroup]
2026-09-28T02:52:11.4811633Z ##[group]Disabling automatic garbage collection
2026-09-28T02:52:11.4814601Z [command]/usr/bin/git config --local gc.auto 0
2026-09-28T02:52:11.4860898Z ##[endgroup]
2026-09-28T02:52:11.4861973Z ##[group]Setting up auth
2026-09-28T02:52:11.4862529Z Removing SSH command configuration
2026-09-28T02:52:11.4869164Z [command]/usr/bin/git config --local --name-only --get-regexp core\.sshCommand
2026-09-28T02:52:11.4914098Z [command]/usr/bin/git submodule foreach --recursive sh -c "git config --local --name-only --get-regexp 'core\.sshCommand' && git config --local --unset-all 'core.sshCommand' || :"
2026-09-28T02:52:11.5397902Z Removing HTTP extra header
2026-09-28T02:52:11.5403792Z [command]/usr/bin/git config --local --name-only --get-regexp http\.https\:\/\/github\.com\/\.extraheader
2026-09-28T02:52:11.5437464Z [command]/usr/bin/git submodule foreach --recursive sh -c "git config --local --name-only --get-regexp 'http\.https\:\/\/github\.com\/\.extraheader' && git config --local --unset-all 'http.https://github.com/.extraheader' || :"
2026-09-28T02:52:11.5699037Z Removing includeIf entries pointing to credentials config files
2026-09-28T02:52:11.5704181Z [command]/usr/bin/git config --local --name-only --get-regexp ^includeIf\.gitdir:
2026-09-28T02:52:11.5748048Z [command]/usr/bin/git submodule foreach --recursive git config --local --show-origin --name-only --get-regexp remote.origin.url
2026-09-28T02:52:11.6020207Z [command]/usr/bin/git config --file <CI_HOME>/work/_temp/git-credentials-7b066df6-ee17-48ab-a7fb-48e4d3114d82.config http.https://github.com/.extraheader AUTHORIZATION: basic ***
2026-09-28T02:52:11.6062175Z [command]/usr/bin/git config --local includeIf.gitdir:<CI_HOME>/work/Learning_Workbench/Learning_Workbench/.git.path <CI_HOME>/work/_temp/git-credentials-7b066df6-ee17-48ab-a7fb-48e4d3114d82.config
2026-09-28T02:52:11.6095316Z [command]/usr/bin/git config --local includeIf.gitdir:<CI_HOME>/work/Learning_Workbench/Learning_Workbench/.git/worktrees/*.path <CI_HOME>/work/_temp/git-credentials-7b066df6-ee17-48ab-a7fb-48e4d3114d82.config
2026-09-28T02:52:11.6131575Z [command]/usr/bin/git config --local includeIf.gitdir:/github/workspace/.git.path /github/runner_temp/git-credentials-7b066df6-ee17-48ab-a7fb-48e4d3114d82.config
2026-09-28T02:52:11.6167046Z [command]/usr/bin/git config --local includeIf.gitdir:/github/workspace/.git/worktrees/*.path /github/runner_temp/git-credentials-7b066df6-ee17-48ab-a7fb-48e4d3114d82.config
2026-09-28T02:52:11.6197739Z ##[endgroup]
2026-09-28T02:52:11.6199113Z ##[group]Fetching the repository
2026-09-28T02:52:11.6205487Z [command]/usr/bin/git -c protocol.version=2 fetch --no-tags --prune --no-recurse-submodules --depth=1 origin +74f76a4254d5a6dcd3e4df578b8cf3d5a64a78b3:refs/remotes/pull/55/merge
2026-09-28T02:52:15.7976426Z From https://github.com/kl3574/Learning_Workbench
2026-09-28T02:52:15.7978433Z  * [new ref]         74f76a4254d5a6dcd3e4df578b8cf3d5a64a78b3 -> pull/55/merge
2026-09-28T02:52:15.8008791Z ##[endgroup]
2026-09-28T02:52:15.8010118Z ##[group]Determining the checkout info
2026-09-28T02:52:15.8011608Z ##[endgroup]
2026-09-28T02:52:15.8012511Z [command]/usr/bin/git sparse-checkout disable
2026-09-28T02:52:15.8050902Z [command]/usr/bin/git config --local --unset-all extensions.worktreeConfig
2026-09-28T02:52:15.8088781Z ##[group]Checking out the ref
2026-09-28T02:52:15.8092562Z [command]/usr/bin/git checkout --progress --force refs/remotes/pull/55/merge
2026-09-28T02:52:16.8285609Z Updating files:  84% (9961/11761)
2026-09-28T02:52:16.8370277Z Updating files:  85% (9997/11761)
2026-09-28T02:52:16.8466231Z Updating files:  86% (10115/11761)
2026-09-28T02:52:16.8568254Z Updating files:  87% (10233/11761)
2026-09-28T02:52:16.8770803Z Updating files:  88% (10350/11761)
2026-09-28T02:52:16.8887384Z Updating files:  89% (10468/11761)
2026-09-28T02:52:16.9041108Z Updating files:  90% (10585/11761)
2026-09-28T02:52:16.9136066Z Updating files:  91% (10703/11761)
2026-09-28T02:52:16.9224164Z Updating files:  92% (10821/11761)
2026-09-28T02:52:16.9299039Z Updating files:  93% (10938/11761)
2026-09-28T02:52:16.9409716Z Updating files:  94% (11056/11761)
2026-09-28T02:52:16.9514929Z Updating files:  95% (11173/11761)
2026-09-28T02:52:16.9577214Z Updating files:  96% (11291/11761)
2026-09-28T02:52:16.9645673Z Updating files:  97% (11409/11761)
2026-09-28T02:52:16.9718139Z Updating files:  98% (11526/11761)
2026-09-28T02:52:16.9793505Z Updating files:  99% (11644/11761)
2026-09-28T02:52:16.9795096Z Updating files: 100% (11761/11761)
2026-09-28T02:52:16.9796974Z Updating files: 100% (11761/11761), done.
2026-09-28T02:52:16.9952775Z Note: switching to 'refs/remotes/pull/55/merge'.
2026-09-28T02:52:16.9953996Z 
2026-09-28T02:52:16.9955493Z You are in 'detached HEAD' state. You can look around, make experimental
2026-09-28T02:52:16.9958473Z changes and commit them, and you can discard any commits you make in this
2026-09-28T02:52:16.9961265Z state without impacting any branches by switching back to a branch.
2026-09-28T02:52:16.9962909Z 
2026-09-28T02:52:16.9964070Z If you want to create a new branch to retain commits you create, you may
2026-09-28T02:52:16.9966841Z do so (now or later) by using -c with the switch command. Example:
2026-09-28T02:52:16.9968346Z 
2026-09-28T02:52:16.9969113Z   git switch -c <new-branch-name>
2026-09-28T02:52:16.9970208Z 
2026-09-28T02:52:16.9970898Z Or undo this operation with:
2026-09-28T02:52:16.9971888Z 
2026-09-28T02:52:16.9972514Z   git switch -
2026-09-28T02:52:16.9973296Z 
2026-09-28T02:52:16.9974540Z Turn off this advice by setting config variable advice.detachedHead to false
2026-09-28T02:52:16.9976595Z 
2026-09-28T02:52:16.9978788Z HEAD is now at 74f76a4 Merge fb16dcc3857830acc22677f83dbd285701bea202 into 2cf5caa3f966f919997c37b64d0bbf0e332438df
2026-09-28T02:52:17.0036823Z ##[endgroup]
2026-09-28T02:52:17.0091372Z [command]/usr/bin/git log -1 --format=%H
2026-09-28T02:52:17.0117847Z 74f76a4254d5a6dcd3e4df578b8cf3d5a64a78b3
2026-09-28T02:52:17.0600924Z ##[group]Run actions/setup-python@5fda3b95a4ea91299a34e894583c3862153e4b97
2026-09-28T02:52:17.0602703Z with:
2026-09-28T02:52:17.0603607Z   python-version: 3.12.13
2026-09-28T02:52:17.0604675Z   check-latest: false
2026-09-28T02:52:17.0615221Z   token: ***
2026-09-28T02:52:17.0616311Z   update-environment: true
2026-09-28T02:52:17.0617434Z   allow-prereleases: false
2026-09-28T02:52:17.0618505Z   freethreaded: false
2026-09-28T02:52:17.0619485Z ##[endgroup]
2026-09-28T02:52:17.1938386Z ##[group]Installed versions
2026-09-28T02:52:17.1963768Z Version 3.12.13 was not found in the local cache
2026-09-28T02:52:17.9101788Z Version 3.12.13 is available for downloading
2026-09-28T02:52:17.9103953Z Download from "https://github.com/actions/python-versions/releases/download/3.12.13-27650778726/python-3.12.13-linux-26.04-x64.tar.gz"
2026-09-28T02:52:19.5549652Z Extract downloaded archive
2026-09-28T02:52:19.5669925Z [command]/usr/bin/tar xz --warning=no-unknown-keyword --overwrite -C <CI_HOME>/work/_temp/fdbf613f-de89-4ac6-8328-05164ca74692 -f <CI_HOME>/work/_temp/22e2a025-a1fe-4056-878d-cfe82dbead8f
2026-09-28T02:52:20.7375790Z Execute installation script
2026-09-28T02:52:20.7513131Z Check if Python hostedtoolcache folder exist...
2026-09-28T02:52:20.7514037Z Create Python 3.12.13 folder
2026-09-28T02:52:20.7541341Z Copy Python binaries to hostedtoolcache folder
2026-09-28T02:52:21.2460148Z Create additional symlinks (Required for the UsePythonVersion Azure Pipelines task and the setup-python GitHub Action)
2026-09-28T02:52:21.2565629Z Upgrading pip...
2026-09-28T02:52:23.9547814Z Collecting pip
2026-09-28T02:52:23.9836467Z Downloading pip-26.2.1-py3-none-any.whl.metadata (4.6 kB)
2026-09-28T02:52:24.2381372Z Downloading pip-26.2.1-py3-none-any.whl (1.8 MB)
2026-09-28T02:52:24.2718144Z ━━━━━━━━━━━━━━━━━━━━━━━━━━━━━━━━━━━━━━━━ 1.8/1.8 MB 90.7 MB/s eta 0:00:00
2026-09-28T02:52:24.2718784Z 
2026-09-28T02:52:24.2919539Z Installing collected packages: pip
2026-09-28T02:52:24.2927706Z Attempting uninstall: pip
2026-09-28T02:52:24.2942895Z Found existing installation: pip 25.0.1
2026-09-28T02:52:24.3283186Z Uninstalling pip-25.0.1:
2026-09-28T02:52:24.3341078Z Successfully uninstalled pip-25.0.1
2026-09-28T02:52:25.2189928Z Successfully installed pip-26.2.1
2026-09-28T02:52:25.2702244Z Create complete file
2026-09-28T02:52:25.2759384Z Successfully set up CPython (3.12.13)
2026-09-28T02:52:25.2760669Z ##[endgroup]
2026-09-28T02:52:25.2927635Z ##[group]Run python -m pip install uv==0.11.21
2026-09-28T02:52:25.2928052Z [36;1mpython -m pip install uv==0.11.21[0m
2026-09-28T02:52:25.3117662Z shell: /usr/bin/bash -e {0}
2026-09-28T02:52:25.3117977Z env:
2026-09-28T02:52:25.3118279Z   pythonLocation: /opt/hostedtoolcache/Python/3.12.13/x64
2026-09-28T02:52:25.3118800Z   PKG_CONFIG_PATH: /opt/hostedtoolcache/Python/3.12.13/x64/lib/pkgconfig
2026-09-28T02:52:25.3119325Z   Python_ROOT_DIR: /opt/hostedtoolcache/Python/3.12.13/x64
2026-09-28T02:52:25.3119789Z   Python2_ROOT_DIR: /opt/hostedtoolcache/Python/3.12.13/x64
2026-09-28T02:52:25.3120239Z   Python3_ROOT_DIR: /opt/hostedtoolcache/Python/3.12.13/x64
2026-09-28T02:52:25.3120680Z   LD_LIBRARY_PATH: /opt/hostedtoolcache/Python/3.12.13/x64/lib
2026-09-28T02:52:25.3121049Z ##[endgroup]
2026-09-28T02:52:25.9783872Z Collecting uv==0.11.21
2026-09-28T02:52:26.0158406Z   Downloading uv-0.11.21-py3-none-manylinux_2_17_x86_64.manylinux2014_x86_64.whl.metadata (11 kB)
2026-09-28T02:52:26.0350007Z Downloading uv-0.11.21-py3-none-manylinux_2_17_x86_64.manylinux2014_x86_64.whl (25.1 MB)
2026-09-28T02:52:26.3156773Z    ━━━━━━━━━━━━━━━━━━━━━━━━━━━━━━━━━━━━━━━━ 25.1/25.1 MB 94.3 MB/s  0:00:00
2026-09-28T02:52:26.3598020Z Installing collected packages: uv
2026-09-28T02:52:26.6292184Z Successfully installed uv-0.11.21
2026-09-28T02:52:26.7847744Z ##[group]Run uv sync --frozen
2026-09-28T02:52:26.7848128Z [36;1muv sync --frozen[0m
2026-09-28T02:52:26.7907143Z shell: /usr/bin/bash -e {0}
2026-09-28T02:52:26.7907393Z env:
2026-09-28T02:52:26.7907665Z   pythonLocation: /opt/hostedtoolcache/Python/3.12.13/x64
2026-09-28T02:52:26.7908115Z   PKG_CONFIG_PATH: /opt/hostedtoolcache/Python/3.12.13/x64/lib/pkgconfig
2026-09-28T02:52:26.7908554Z   Python_ROOT_DIR: /opt/hostedtoolcache/Python/3.12.13/x64
2026-09-28T02:52:26.7908943Z   Python2_ROOT_DIR: /opt/hostedtoolcache/Python/3.12.13/x64
2026-09-28T02:52:26.7909337Z   Python3_ROOT_DIR: /opt/hostedtoolcache/Python/3.12.13/x64
2026-09-28T02:52:26.7909732Z   LD_LIBRARY_PATH: /opt/hostedtoolcache/Python/3.12.13/x64/lib
2026-09-28T02:52:26.7910056Z ##[endgroup]
2026-09-28T02:52:26.8497848Z Using CPython 3.12.13 interpreter at: /opt/hostedtoolcache/Python/3.12.13/x64/bin/python3.12
2026-09-28T02:52:26.8498734Z Creating virtual environment at: .venv
2026-09-28T02:52:26.9539246Z Downloading ast-serialize (1.3MiB)
2026-09-28T02:52:26.9541297Z Downloading pydantic-core (2.0MiB)
2026-09-28T02:52:26.9542528Z Downloading ruff (9.9MiB)
2026-09-28T02:52:26.9547631Z Downloading mypy (14.6MiB)
2026-09-28T02:52:26.9552040Z Downloading pygments (1.2MiB)
2026-09-28T02:52:27.1975426Z  Downloaded ast-serialize
2026-09-28T02:52:27.2379417Z  Downloaded pydantic-core
2026-09-28T02:52:27.3794903Z  Downloaded ruff
2026-09-28T02:52:27.3806597Z  Downloaded pygments
2026-09-28T02:52:27.5791326Z  Downloaded mypy
2026-09-28T02:52:27.5793943Z Prepared 37 packages in 726ms
2026-09-28T02:52:27.6252364Z Installed 37 packages in 45ms
2026-09-28T02:52:27.6252936Z  + annotated-doc==0.0.5
2026-09-28T02:52:27.6253400Z  + annotated-types==0.8.0
2026-09-28T02:52:27.6253846Z  + anyio==4.15.1
2026-09-28T02:52:27.6254236Z  + ast-serialize==0.11.2
2026-09-28T02:52:27.6254657Z  + attrs==26.1.0
2026-09-28T02:52:27.6255035Z  + certifi==2026.7.22
2026-09-28T02:52:27.6255428Z  + click==8.5.0
2026-09-28T02:52:27.6255819Z  + defusedxml==0.7.1
2026-09-28T02:52:27.6256382Z  + fastapi==0.141.1
2026-09-28T02:52:27.6256883Z  + h11==0.16.0
2026-09-28T02:52:27.6257245Z  + httpcore==1.0.9
2026-09-28T02:52:27.6257638Z  + httpx==0.28.1
2026-09-28T02:52:27.6258015Z  + idna==3.19
2026-09-28T02:52:27.6258477Z  + iniconfig==2.3.0
2026-09-28T02:52:27.6258920Z  + jsonschema==4.26.0
2026-09-28T02:52:27.6259454Z  + jsonschema-specifications==2025.9.1
2026-09-28T02:52:27.6260035Z  + librt==0.15.0
2026-09-28T02:52:27.6260493Z  + markdown-it-py==4.2.0
2026-09-28T02:52:27.6260968Z  + mdurl==0.1.2
2026-09-28T02:52:27.6261376Z  + mypy==2.3.1
2026-09-28T02:52:27.6261799Z  + mypy-extensions==1.1.0
2026-09-28T02:52:27.6262214Z  + packaging==26.3
2026-09-28T02:52:27.6262582Z  + pathspec==1.1.1
2026-09-28T02:52:27.6262933Z  + pluggy==1.6.0
2026-09-28T02:52:27.6263283Z  + pydantic==2.13.5
2026-09-28T02:52:27.6263649Z  + pydantic-core==2.46.5
2026-09-28T02:52:27.6264042Z  + pygments==2.21.0
2026-09-28T02:52:27.6264389Z  + pypdf==6.18.1
2026-09-28T02:52:27.6264737Z  + pytest==9.1.1
2026-09-28T02:52:27.6265079Z  + python-multipart==0.0.32
2026-09-28T02:52:27.6265475Z  + referencing==0.37.0
2026-09-28T02:52:27.6265833Z  + rpds-py==2026.6.3
2026-09-28T02:52:27.6266322Z  + ruff==0.16.7
2026-09-28T02:52:27.6266656Z  + starlette==1.6.0
2026-09-28T02:52:27.6267013Z  + typing-extensions==4.16.0
2026-09-28T02:52:27.6267412Z  + typing-inspection==0.4.4
2026-09-28T02:52:27.6267810Z  + uvicorn==0.53.0
2026-09-28T02:52:27.6352375Z ##[group]Run sudo apt-get update
2026-09-28T02:52:27.6352721Z [36;1msudo apt-get update[0m
2026-09-28T02:52:27.6353377Z [36;1msudo apt-get install -y bubblewrap=0.11.1-1ubuntu0.3 apparmor=5.0.2-0ubuntu1~26.04.1 libapparmor1=5.0.2-0ubuntu1~26.04.1 libseccomp2=2.6.0-2ubuntu5[0m
2026-09-28T02:52:27.6354120Z [36;1mdpkg-query -W bubblewrap apparmor libapparmor1 libseccomp2[0m
2026-09-28T02:52:27.6354553Z [36;1mtest -f /etc/apparmor.d/bwrap-userns-restrict[0m
2026-09-28T02:52:27.6354899Z [36;1mbwrap --version[0m
2026-09-28T02:52:27.6413403Z shell: /usr/bin/bash -e {0}
2026-09-28T02:52:27.6413654Z env:
2026-09-28T02:52:27.6413931Z   pythonLocation: /opt/hostedtoolcache/Python/3.12.13/x64
2026-09-28T02:52:27.6414380Z   PKG_CONFIG_PATH: /opt/hostedtoolcache/Python/3.12.13/x64/lib/pkgconfig
2026-09-28T02:52:27.6414806Z   Python_ROOT_DIR: /opt/hostedtoolcache/Python/3.12.13/x64
2026-09-28T02:52:27.6415186Z   Python2_ROOT_DIR: /opt/hostedtoolcache/Python/3.12.13/x64
2026-09-28T02:52:27.6415596Z   Python3_ROOT_DIR: /opt/hostedtoolcache/Python/3.12.13/x64
2026-09-28T02:52:27.6416003Z   LD_LIBRARY_PATH: /opt/hostedtoolcache/Python/3.12.13/x64/lib
2026-09-28T02:52:27.6416616Z ##[endgroup]
2026-09-28T02:52:27.7219050Z Get:1 file:/etc/apt/apt-mirrors.txt Mirrorlist [144 B]
2026-09-28T02:52:27.7556970Z Get:6 https://packages.microsoft.com/ubuntu/26.04/prod resolute InRelease [3964 B]
2026-09-28T02:52:27.7661237Z Hit:2 http://azure.archive.ubuntu.com/ubuntu resolute InRelease
2026-09-28T02:52:27.7689465Z Get:3 http://azure.archive.ubuntu.com/ubuntu resolute-updates InRelease [137 kB]
2026-09-28T02:52:27.7749913Z Get:4 http://azure.archive.ubuntu.com/ubuntu resolute-backports InRelease [137 kB]
2026-09-28T02:52:27.7789554Z Get:5 http://azure.archive.ubuntu.com/ubuntu resolute-security InRelease [137 kB]
2026-09-28T02:52:27.7830956Z Get:7 https://packages.microsoft.com/ubuntu/26.04/prod resolute/main amd64 Packages [71.7 kB]
2026-09-28T02:52:27.8030707Z Get:8 https://packages.microsoft.com/ubuntu/26.04/prod resolute/main arm64 Packages [62.5 kB]
2026-09-28T02:52:27.8137339Z Get:9 http://azure.archive.ubuntu.com/ubuntu resolute-updates/main amd64v3 Packages [676 kB]
2026-09-28T02:52:27.8152351Z Get:17 https://packages.microsoft.com/ubuntu/26.04/prod resolute/main armhf Packages [795 B]
2026-09-28T02:52:27.8178480Z Get:10 http://azure.archive.ubuntu.com/ubuntu resolute-updates/main Translation-en [160 kB]
2026-09-28T02:52:27.8267812Z Get:11 http://azure.archive.ubuntu.com/ubuntu resolute-updates/main amd64 Components [98.0 kB]
2026-09-28T02:52:27.8297016Z Get:12 http://azure.archive.ubuntu.com/ubuntu resolute-updates/universe amd64v3 Packages [302 kB]
2026-09-28T02:52:27.8410265Z Get:13 http://azure.archive.ubuntu.com/ubuntu resolute-updates/universe Translation-en [96.7 kB]
2026-09-28T02:52:27.8412062Z Get:14 http://azure.archive.ubuntu.com/ubuntu resolute-updates/universe amd64 Components [190 kB]
2026-09-28T02:52:27.8413264Z Get:15 http://azure.archive.ubuntu.com/ubuntu resolute-updates/restricted amd64v3 Packages [458 kB]
2026-09-28T02:52:27.8437043Z Get:16 http://azure.archive.ubuntu.com/ubuntu resolute-updates/restricted Translation-en [90.8 kB]
2026-09-28T02:52:27.8445246Z Get:18 http://azure.archive.ubuntu.com/ubuntu resolute-backports/universe amd64 Components [1060 B]
2026-09-28T02:52:27.8466954Z Get:19 http://azure.archive.ubuntu.com/ubuntu resolute-security/main amd64v3 Packages [532 kB]
2026-09-28T02:52:27.8923538Z Get:20 http://azure.archive.ubuntu.com/ubuntu resolute-security/main Translation-en [125 kB]
2026-09-28T02:52:27.8939416Z Get:21 http://azure.archive.ubuntu.com/ubuntu resolute-security/main amd64 Components [46.7 kB]
2026-09-28T02:52:27.8959708Z Get:22 http://azure.archive.ubuntu.com/ubuntu resolute-security/universe amd64v3 Packages [184 kB]
2026-09-28T02:52:27.8975296Z Get:23 http://azure.archive.ubuntu.com/ubuntu resolute-security/universe Translation-en [58.5 kB]
2026-09-28T02:52:27.8991351Z Get:24 http://azure.archive.ubuntu.com/ubuntu resolute-security/universe amd64 Components [43.4 kB]
2026-09-28T02:52:27.9007969Z Get:25 http://azure.archive.ubuntu.com/ubuntu resolute-security/restricted amd64v3 Packages [437 kB]
2026-09-28T02:52:27.9048480Z Get:26 http://azure.archive.ubuntu.com/ubuntu resolute-security/restricted Translation-en [86.2 kB]
2026-09-28T02:52:31.3357375Z Fetched 4136 kB in 0s (10.4 MB/s)
2026-09-28T02:52:31.9675459Z Reading package lists...
2026-09-28T02:52:32.0015698Z Reading package lists...
2026-09-28T02:52:32.1438032Z Building dependency tree...
2026-09-28T02:52:32.1445330Z Reading state information...
2026-09-28T02:52:32.1797239Z bubblewrap is already the newest version (0.11.1-1ubuntu0.3).
2026-09-28T02:52:32.1797837Z bubblewrap set to manually installed.
2026-09-28T02:52:32.1798289Z apparmor is already the newest version (5.0.2-0ubuntu1~26.04.1).
2026-09-28T02:52:32.1798746Z apparmor set to manually installed.
2026-09-28T02:52:32.1799190Z libapparmor1 is already the newest version (5.0.2-0ubuntu1~26.04.1).
2026-09-28T02:52:32.1799685Z libapparmor1 set to manually installed.
2026-09-28T02:52:32.1800115Z libseccomp2 is already the newest version (2.6.0-2ubuntu5).
2026-09-28T02:52:32.1800550Z libseccomp2 set to manually installed.
2026-09-28T02:52:32.2323729Z Solving dependencies...
2026-09-28T02:52:32.3564049Z 0 upgraded, 0 newly installed, 0 to remove and 39 not upgraded.
2026-09-28T02:52:32.3704346Z apparmor	5.0.2-0ubuntu1~26.04.1
2026-09-28T02:52:32.3704866Z bubblewrap	0.11.1-1ubuntu0.3
2026-09-28T02:52:32.3705247Z libapparmor1:amd64	5.0.2-0ubuntu1~26.04.1
2026-09-28T02:52:32.3705613Z libseccomp2:amd64	2.6.0-2ubuntu5
2026-09-28T02:52:32.3848211Z bubblewrap 0.11.1
2026-09-28T02:52:32.3892079Z ##[group]Run uv run --frozen ruff check .
2026-09-28T02:52:32.3892599Z [36;1muv run --frozen ruff check .[0m
2026-09-28T02:52:32.3950414Z shell: /usr/bin/bash -e {0}
2026-09-28T02:52:32.3950660Z env:
2026-09-28T02:52:32.3950927Z   pythonLocation: /opt/hostedtoolcache/Python/3.12.13/x64
2026-09-28T02:52:32.3951366Z   PKG_CONFIG_PATH: /opt/hostedtoolcache/Python/3.12.13/x64/lib/pkgconfig
2026-09-28T02:52:32.3951807Z   Python_ROOT_DIR: /opt/hostedtoolcache/Python/3.12.13/x64
2026-09-28T02:52:32.3952189Z   Python2_ROOT_DIR: /opt/hostedtoolcache/Python/3.12.13/x64
2026-09-28T02:52:32.3952574Z   Python3_ROOT_DIR: /opt/hostedtoolcache/Python/3.12.13/x64
2026-09-28T02:52:32.3952977Z   LD_LIBRARY_PATH: /opt/hostedtoolcache/Python/3.12.13/x64/lib
2026-09-28T02:52:32.3953304Z ##[endgroup]
2026-09-28T02:52:32.5200756Z All checks passed!
2026-09-28T02:52:32.5259719Z ##[group]Run uv run --frozen mypy
2026-09-28T02:52:32.5260037Z [36;1muv run --frozen mypy[0m
2026-09-28T02:52:32.5318375Z shell: /usr/bin/bash -e {0}
2026-09-28T02:52:32.5318641Z env:
2026-09-28T02:52:32.5318913Z   pythonLocation: /opt/hostedtoolcache/Python/3.12.13/x64
2026-09-28T02:52:32.5319364Z   PKG_CONFIG_PATH: /opt/hostedtoolcache/Python/3.12.13/x64/lib/pkgconfig
2026-09-28T02:52:32.5319810Z   Python_ROOT_DIR: /opt/hostedtoolcache/Python/3.12.13/x64
2026-09-28T02:52:32.5320195Z   Python2_ROOT_DIR: /opt/hostedtoolcache/Python/3.12.13/x64
2026-09-28T02:52:32.5320594Z   Python3_ROOT_DIR: /opt/hostedtoolcache/Python/3.12.13/x64
2026-09-28T02:52:32.5320983Z   LD_LIBRARY_PATH: /opt/hostedtoolcache/Python/3.12.13/x64/lib
2026-09-28T02:52:32.5321310Z ##[endgroup]
2026-09-28T02:52:41.3142693Z Success: no issues found in 198 source files
2026-09-28T02:52:41.3411752Z ##[group]Run uv run --frozen python scripts/probe_document_sandbox.py
2026-09-28T02:52:41.3412286Z [36;1muv run --frozen python scripts/probe_document_sandbox.py[0m
2026-09-28T02:52:41.3468663Z shell: /usr/bin/bash -e {0}
2026-09-28T02:52:41.3468921Z env:
2026-09-28T02:52:41.3469189Z   pythonLocation: /opt/hostedtoolcache/Python/3.12.13/x64
2026-09-28T02:52:41.3469644Z   PKG_CONFIG_PATH: /opt/hostedtoolcache/Python/3.12.13/x64/lib/pkgconfig
2026-09-28T02:52:41.3470071Z   Python_ROOT_DIR: /opt/hostedtoolcache/Python/3.12.13/x64
2026-09-28T02:52:41.3470453Z   Python2_ROOT_DIR: /opt/hostedtoolcache/Python/3.12.13/x64
2026-09-28T02:52:41.3470837Z   Python3_ROOT_DIR: /opt/hostedtoolcache/Python/3.12.13/x64
2026-09-28T02:52:41.3471230Z   LD_LIBRARY_PATH: /opt/hostedtoolcache/Python/3.12.13/x64/lib
2026-09-28T02:52:41.3471552Z ##[endgroup]
2026-09-28T02:52:41.8586960Z {
2026-09-28T02:52:41.8587853Z   "scope": "fixed synthetic runtime probe; no uploaded document or environment dump",
2026-09-28T02:52:41.8589201Z   "python_version": "3.12.13",
2026-09-28T02:52:41.8590124Z   "exit_code": 0,
2026-09-28T02:52:41.8591789Z   "stdout": "{\"synthetic_runtime_ready\": true}\n",
2026-09-28T02:52:41.8593369Z   "stderr": "",
2026-09-28T02:52:41.8593719Z   "status": "PASS"
2026-09-28T02:52:41.8594025Z }
2026-09-28T02:52:41.8833763Z ##[group]Run uv run --frozen pytest tests/unit tests/security
2026-09-28T02:52:41.8834263Z [36;1muv run --frozen pytest tests/unit tests/security[0m
2026-09-28T02:52:41.8890469Z shell: /usr/bin/bash -e {0}
2026-09-28T02:52:41.8890717Z env:
2026-09-28T02:52:41.8890996Z   pythonLocation: /opt/hostedtoolcache/Python/3.12.13/x64
2026-09-28T02:52:41.8891457Z   PKG_CONFIG_PATH: /opt/hostedtoolcache/Python/3.12.13/x64/lib/pkgconfig
2026-09-28T02:52:41.8891910Z   Python_ROOT_DIR: /opt/hostedtoolcache/Python/3.12.13/x64
2026-09-28T02:52:41.8892293Z   Python2_ROOT_DIR: /opt/hostedtoolcache/Python/3.12.13/x64
2026-09-28T02:52:41.8892698Z   Python3_ROOT_DIR: /opt/hostedtoolcache/Python/3.12.13/x64
2026-09-28T02:52:41.8893100Z   LD_LIBRARY_PATH: /opt/hostedtoolcache/Python/3.12.13/x64/lib
2026-09-28T02:52:41.8893422Z ##[endgroup]
2026-09-28T02:52:46.0147772Z ============================= test session starts ==============================
2026-09-28T02:52:46.0148664Z platform linux -- Python 3.12.13, pytest-9.1.1, pluggy-1.6.0
2026-09-28T02:52:46.0149641Z rootdir: <CI_HOME>/work/Learning_Workbench/Learning_Workbench
2026-09-28T02:52:46.0150196Z configfile: pyproject.toml
2026-09-28T02:52:46.0150558Z plugins: anyio-4.15.1
2026-09-28T02:52:46.0150881Z collected 731 items
2026-09-28T02:52:46.0151070Z 
2026-09-28T02:52:46.0762475Z tests/unit/test_authoring_group_validation.py .......................... [  3%]
2026-09-28T02:52:46.1268321Z ..........                                                               [  4%]
2026-09-28T02:52:46.1521215Z tests/unit/test_authoring_numeric.py .................................   [  9%]
2026-09-28T02:52:46.2751645Z tests/unit/test_backend_database.py .........                            [ 10%]
2026-09-28T02:52:46.8839976Z tests/unit/test_backup_command.py ....                                   [ 11%]
2026-09-28T02:52:46.9009576Z tests/unit/test_concept_state_rules.py ..................                [ 13%]
2026-09-28T02:52:46.9686674Z tests/unit/test_content_store.py ....................................... [ 19%]
2026-09-28T02:52:47.3111812Z ...............................                                          [ 23%]
2026-09-28T02:52:50.7960989Z tests/unit/test_document_extraction.py ................................. [ 27%]
2026-09-28T02:52:52.0299971Z ................                                                         [ 29%]
2026-09-28T02:52:52.0744406Z tests/unit/test_eligibility.py ......................................... [ 35%]
2026-09-28T02:52:52.0822587Z .......                                                                  [ 36%]
2026-09-28T02:52:52.0877539Z tests/unit/test_governance.py .....                                      [ 37%]
2026-09-28T02:52:52.1301119Z tests/unit/test_grading_rules.py ....................................... [ 42%]
2026-09-28T02:52:52.1845644Z ....................................................                     [ 49%]
2026-09-28T02:52:52.2363432Z tests/unit/test_import_budgets.py ......................                 [ 52%]
2026-09-28T02:52:52.6145690Z tests/unit/test_import_parsing.py ...................................... [ 57%]
2026-09-28T02:52:52.7870992Z ......                                                                   [ 58%]
2026-09-28T02:52:53.5011151Z tests/unit/test_provider_budget.py ............                          [ 60%]
2026-09-28T02:52:54.0366988Z tests/unit/test_provider_proof_binding.py .........                      [ 61%]
2026-09-28T02:52:54.4822452Z tests/unit/test_provider_protocol.py .............................       [ 65%]
2026-09-28T02:52:56.0205130Z tests/unit/test_provider_reference_events.py ...............             [ 67%]
2026-09-28T02:52:58.4327235Z tests/unit/test_provider_repository.py ...........                       [ 69%]
2026-09-28T02:52:59.4876634Z tests/unit/test_provider_secret_store.py .......................         [ 72%]
2026-09-28T02:52:59.5078260Z tests/unit/test_question_solution_validation.py ........................ [ 75%]
2026-09-28T02:52:59.5690821Z ..................................                                       [ 80%]
2026-09-28T02:52:59.5747984Z tests/unit/test_recommendation_config.py .......                         [ 81%]
2026-09-28T02:52:59.6712266Z tests/unit/test_recommendation_rules.py ..................               [ 83%]
2026-09-28T02:52:59.7734075Z tests/unit/test_retrieval_lexical.py ................................... [ 88%]
2026-09-28T02:52:59.8105019Z ....                                                                     [ 88%]
2026-09-28T02:53:02.0634683Z tests/unit/test_spec_catalog.py ....                                     [ 89%]
2026-09-28T02:53:02.0848611Z tests/unit/test_spec_extraction.py .........                             [ 90%]
2026-09-28T02:53:04.3810930Z tests/security/test_document_sandbox.py ...............                  [ 92%]
2026-09-28T02:53:15.2088951Z tests/security/test_local_boundary.py .................................  [ 97%]
2026-09-28T02:53:15.9787203Z tests/security/test_provider_network.py ....................             [100%]
2026-09-28T02:53:15.9788417Z 
2026-09-28T02:53:15.9788707Z =============================== warnings summary ===============================
2026-09-28T02:53:15.9789474Z .venv/lib/python3.12/site-packages/fastapi/testclient.py:1
2026-09-28T02:53:15.9791162Z   <CI_HOME>/work/Learning_Workbench/Learning_Workbench/.venv/lib/python3.12/site-packages/fastapi/testclient.py:1: StarletteDeprecationWarning: Using `httpx` with `starlette.testclient` is deprecated; install `httpx2` instead.
2026-09-28T02:53:15.9792497Z     from starlette.testclient import TestClient as TestClient  # noqa
2026-09-28T02:53:15.9792852Z 
2026-09-28T02:53:15.9793058Z .venv/lib/python3.12/site-packages/starlette/testclient.py:53
2026-09-28T02:53:15.9794462Z   <CI_HOME>/work/Learning_Workbench/Learning_Workbench/.venv/lib/python3.12/site-packages/starlette/testclient.py:53: DeprecationWarning: The anyio.abc.BlockingPortal alias is deprecated, use anyio.from_thread.BlockingPortal instead.
2026-09-28T02:53:15.9798594Z     _PortalFactoryType = Callable[[], AbstractContextManager[anyio.abc.BlockingPortal]]
2026-09-28T02:53:15.9799278Z 
2026-09-28T02:53:15.9799678Z -- Docs: https://docs.pytest.org/en/stable/how-to/capture-warnings.html
2026-09-28T02:53:15.9800561Z ======================= 731 passed, 2 warnings in 32.53s =======================
2026-09-28T02:53:16.2617759Z Post job cleanup.
2026-09-28T02:53:16.4032941Z Post job cleanup.
2026-09-28T02:53:16.4901818Z [command]/usr/bin/git version
2026-09-28T02:53:16.4950035Z git version 2.55.0
2026-09-28T02:53:16.5024426Z Temporarily overriding HOME='<CI_HOME>/work/_temp/477d35b5-4138-4cdc-87a8-c5f5d455389c' before making global git config changes
2026-09-28T02:53:16.5025419Z Adding repository directory to the temporary git global config as a safe directory
2026-09-28T02:53:16.5030789Z [command]/usr/bin/git config --global --add safe.directory <CI_HOME>/work/Learning_Workbench/Learning_Workbench
2026-09-28T02:53:16.5073148Z Removing SSH command configuration
2026-09-28T02:53:16.5080367Z [command]/usr/bin/git config --local --name-only --get-regexp core\.sshCommand
2026-09-28T02:53:16.5120753Z [command]/usr/bin/git submodule foreach --recursive sh -c "git config --local --name-only --get-regexp 'core\.sshCommand' && git config --local --unset-all 'core.sshCommand' || :"
2026-09-28T02:53:16.5459722Z Removing HTTP extra header
2026-09-28T02:53:16.5466001Z [command]/usr/bin/git config --local --name-only --get-regexp http\.https\:\/\/github\.com\/\.extraheader
2026-09-28T02:53:16.5508975Z [command]/usr/bin/git submodule foreach --recursive sh -c "git config --local --name-only --get-regexp 'http\.https\:\/\/github\.com\/\.extraheader' && git config --local --unset-all 'http.https://github.com/.extraheader' || :"
2026-09-28T02:53:16.5842178Z Removing includeIf entries pointing to credentials config files
2026-09-28T02:53:16.5849617Z [command]/usr/bin/git config --local --name-only --get-regexp ^includeIf\.gitdir:
2026-09-28T02:53:16.5881396Z includeif.gitdir:<CI_HOME>/work/Learning_Workbench/Learning_Workbench/.git.path
2026-09-28T02:53:16.5883018Z includeif.gitdir:<CI_HOME>/work/Learning_Workbench/Learning_Workbench/.git/worktrees/*.path
2026-09-28T02:53:16.5884316Z includeif.gitdir:/github/workspace/.git.path
2026-09-28T02:53:16.5885282Z includeif.gitdir:/github/workspace/.git/worktrees/*.path
2026-09-28T02:53:16.5892198Z [command]/usr/bin/git config --local --get-all includeif.gitdir:<CI_HOME>/work/Learning_Workbench/Learning_Workbench/.git.path
2026-09-28T02:53:16.5922215Z <CI_HOME>/work/_temp/git-credentials-7b066df6-ee17-48ab-a7fb-48e4d3114d82.config
2026-09-28T02:53:16.5933367Z [command]/usr/bin/git config --local --unset includeif.gitdir:<CI_HOME>/work/Learning_Workbench/Learning_Workbench/.git.path \/home\/runner\/work\/_temp\/git\-credentials\-7b066df6\-ee17\-48ab\-a7fb\-48e4d3114d82\.config
2026-09-28T02:53:16.5973188Z [command]/usr/bin/git config --local --get-all includeif.gitdir:<CI_HOME>/work/Learning_Workbench/Learning_Workbench/.git/worktrees/*.path
2026-09-28T02:53:16.6004864Z <CI_HOME>/work/_temp/git-credentials-7b066df6-ee17-48ab-a7fb-48e4d3114d82.config
2026-09-28T02:53:16.6014818Z [command]/usr/bin/git config --local --unset includeif.gitdir:<CI_HOME>/work/Learning_Workbench/Learning_Workbench/.git/worktrees/*.path \/home\/runner\/work\/_temp\/git\-credentials\-7b066df6\-ee17\-48ab\-a7fb\-48e4d3114d82\.config
2026-09-28T02:53:16.6048882Z [command]/usr/bin/git config --local --get-all includeif.gitdir:/github/workspace/.git.path
2026-09-28T02:53:16.6071960Z /github/runner_temp/git-credentials-7b066df6-ee17-48ab-a7fb-48e4d3114d82.config
2026-09-28T02:53:16.6080815Z [command]/usr/bin/git config --local --unset includeif.gitdir:/github/workspace/.git.path \/github\/runner_temp\/git\-credentials\-7b066df6\-ee17\-48ab\-a7fb\-48e4d3114d82\.config
2026-09-28T02:53:16.6115025Z [command]/usr/bin/git config --local --get-all includeif.gitdir:/github/workspace/.git/worktrees/*.path
2026-09-28T02:53:16.6137725Z /github/runner_temp/git-credentials-7b066df6-ee17-48ab-a7fb-48e4d3114d82.config
2026-09-28T02:53:16.6147222Z [command]/usr/bin/git config --local --unset includeif.gitdir:/github/workspace/.git/worktrees/*.path \/github\/runner_temp\/git\-credentials\-7b066df6\-ee17\-48ab\-a7fb\-48e4d3114d82\.config
2026-09-28T02:53:16.6183610Z [command]/usr/bin/git submodule foreach --recursive git config --local --show-origin --name-only --get-regexp remote.origin.url
2026-09-28T02:53:16.6474151Z Removing credentials config '<CI_HOME>/work/_temp/git-credentials-7b066df6-ee17-48ab-a7fb-48e4d3114d82.config'
2026-09-28T02:53:16.6641065Z Cleaning up orphan processes
