2026-09-28T02:52:10.6064296Z Current runner version: '2.337.0'
2026-09-28T02:52:10.6084223Z ##[group]Runner Image Provisioner
2026-09-28T02:52:10.6084969Z Hosted Compute Agent
2026-09-28T02:52:10.6085478Z Version: 20260828.587
2026-09-28T02:52:10.6085975Z Commit: abac92662cab4cc7352de4f9f9d2e2419aad9c29
2026-09-28T02:52:10.6086644Z Build Date: 2026-08-28T16:44:25Z
2026-09-28T02:52:10.6087205Z Worker ID: {01abcccf-1997-437d-8eaa-da95a5621235}
2026-09-28T02:52:10.6087938Z Azure Region: westus3
2026-09-28T02:52:10.6088442Z ##[endgroup]
2026-09-28T02:52:10.6089495Z ##[group]Operating System
2026-09-28T02:52:10.6090072Z Ubuntu
2026-09-28T02:52:10.6090508Z 26.04.1
2026-09-28T02:52:10.6090958Z LTS
2026-09-28T02:52:10.6091427Z ##[endgroup]
2026-09-28T02:52:10.6091876Z ##[group]Runner Image
2026-09-28T02:52:10.6092431Z Image: ubuntu-26.04
2026-09-28T02:52:10.6092900Z Version: 20260920.143.1
2026-09-28T02:52:10.6093949Z Included Software: https://github.com/actions/runner-images/blob/ubuntu26/20260920.143/images/ubuntu/Ubuntu2604-Readme.md
2026-09-28T02:52:10.6095141Z Image Release: https://github.com/actions/runner-images/releases/tag/ubuntu26%2F20260920.143
2026-09-28T02:52:10.6095968Z ##[endgroup]
2026-09-28T02:52:10.6096830Z ##[group]GITHUB_TOKEN Permissions
2026-09-28T02:52:10.6098579Z Contents: read
2026-09-28T02:52:10.6099066Z Metadata: read
2026-09-28T02:52:10.6099577Z ##[endgroup]
2026-09-28T02:52:10.6101199Z Secret source: Actions
2026-09-28T02:52:10.6102021Z Cache mode: write
2026-09-28T02:52:10.6102612Z Prepare workflow directory
2026-09-28T02:52:10.6361297Z Prepare all required actions
2026-09-28T02:52:10.6401053Z Getting action download info
2026-09-28T02:52:10.9369017Z Download action repository 'actions/checkout@3d3c42e5aac5ba805825da76410c181273ba90b1' (SHA:3d3c42e5aac5ba805825da76410c181273ba90b1)
2026-09-28T02:52:11.0691401Z Download action repository 'actions/setup-python@5fda3b95a4ea91299a34e894583c3862153e4b97' (SHA:5fda3b95a4ea91299a34e894583c3862153e4b97)
2026-09-28T02:52:11.1907225Z Download action repository 'actions/setup-node@820762786026740c76f36085b0efc47a31fe5020' (SHA:820762786026740c76f36085b0efc47a31fe5020)
2026-09-28T02:52:11.2964188Z Download action repository 'actions/upload-artifact@043fb46d1a93c77aae656e7c1c64a875d1fc6a0a' (SHA:043fb46d1a93c77aae656e7c1c64a875d1fc6a0a)
2026-09-28T02:52:11.4609921Z Complete job name: browser
2026-09-28T02:52:11.5231106Z ##[group]Run actions/checkout@3d3c42e5aac5ba805825da76410c181273ba90b1
2026-09-28T02:52:11.5231918Z with:
2026-09-28T02:52:11.5232273Z   repository: kl3574/Learning_Workbench
2026-09-28T02:52:11.5235556Z   token: ***
2026-09-28T02:52:11.5235912Z   ssh-strict: true
2026-09-28T02:52:11.5236259Z   ssh-user: git
2026-09-28T02:52:11.5236620Z   persist-credentials: true
2026-09-28T02:52:11.5236994Z   clean: true
2026-09-28T02:52:11.5237347Z   sparse-checkout-cone-mode: true
2026-09-28T02:52:11.5237748Z   fetch-depth: 1
2026-09-28T02:52:11.5238225Z   fetch-tags: false
2026-09-28T02:52:11.5238578Z   show-progress: true
2026-09-28T02:52:11.5238922Z   lfs: false
2026-09-28T02:52:11.5239262Z   submodules: false
2026-09-28T02:52:11.5239607Z   set-safe-directory: true
2026-09-28T02:52:11.5240004Z   allow-unsafe-pr-checkout: false
2026-09-28T02:52:11.5240558Z ##[endgroup]
2026-09-28T02:52:11.6111267Z Syncing repository: kl3574/Learning_Workbench
2026-09-28T02:52:11.6113915Z ##[group]Getting Git version info
2026-09-28T02:52:11.6114988Z Working directory is '<CI_HOME>/work/Learning_Workbench/Learning_Workbench'
2026-09-28T02:52:11.6116420Z [command]/usr/bin/git version
2026-09-28T02:52:11.6117102Z git version 2.55.0
2026-09-28T02:52:11.6131305Z ##[endgroup]
2026-09-28T02:52:11.6141475Z Temporarily overriding HOME='<CI_HOME>/work/_temp/72a0f4af-5ba9-4101-bf58-53aec6f3f807' before making global git config changes
2026-09-28T02:52:11.6143198Z Adding repository directory to the temporary git global config as a safe directory
2026-09-28T02:52:11.6146345Z [command]/usr/bin/git config --global --add safe.directory <CI_HOME>/work/Learning_Workbench/Learning_Workbench
2026-09-28T02:52:11.6210761Z Deleting the contents of '<CI_HOME>/work/Learning_Workbench/Learning_Workbench'
2026-09-28T02:52:11.6216954Z ##[group]Determining repository object format
2026-09-28T02:52:11.6218605Z ##[endgroup]
2026-09-28T02:52:11.6219775Z ##[group]Initializing the repository
2026-09-28T02:52:11.6223143Z [command]/usr/bin/git init <CI_HOME>/work/Learning_Workbench/Learning_Workbench
2026-09-28T02:52:11.6333956Z hint: Using 'master' as the name for the initial branch. This default branch name
2026-09-28T02:52:11.6335720Z hint: will change to "main" in Git 3.0. To configure the initial branch name
2026-09-28T02:52:11.6337140Z hint: to use in all of your new repositories, which will suppress this warning,
2026-09-28T02:52:11.6338328Z hint: call:
2026-09-28T02:52:11.6339013Z hint:
2026-09-28T02:52:11.6339800Z hint: 	git config --global init.defaultBranch <name>
2026-09-28T02:52:11.6340806Z hint:
2026-09-28T02:52:11.6341684Z hint: Names commonly chosen instead of 'master' are 'main', 'trunk' and
2026-09-28T02:52:11.6343054Z hint: 'development'. The just-created branch can be renamed via this command:
2026-09-28T02:52:11.6344146Z hint:
2026-09-28T02:52:11.6344812Z hint: 	git branch -m <name>
2026-09-28T02:52:11.6345566Z hint:
2026-09-28T02:52:11.6346494Z hint: Disable this message with "git config set advice.defaultBranchName false"
2026-09-28T02:52:11.6348353Z Initialized empty Git repository in <CI_HOME>/work/Learning_Workbench/Learning_Workbench/.git/
2026-09-28T02:52:11.6350880Z [command]/usr/bin/git remote add origin https://github.com/kl3574/Learning_Workbench
2026-09-28T02:52:11.6396054Z ##[endgroup]
2026-09-28T02:52:11.6487393Z ##[group]Disabling automatic garbage collection
2026-09-28T02:52:11.6489338Z [command]/usr/bin/git config --local gc.auto 0
2026-09-28T02:52:11.6491570Z ##[endgroup]
2026-09-28T02:52:11.6492771Z ##[group]Setting up auth
2026-09-28T02:52:11.6493436Z Removing SSH command configuration
2026-09-28T02:52:11.6494328Z [command]/usr/bin/git config --local --name-only --get-regexp core\.sshCommand
2026-09-28T02:52:11.6496924Z [command]/usr/bin/git submodule foreach --recursive sh -c "git config --local --name-only --get-regexp 'core\.sshCommand' && git config --local --unset-all 'core.sshCommand' || :"
2026-09-28T02:52:11.6878669Z Removing HTTP extra header
2026-09-28T02:52:11.6880546Z [command]/usr/bin/git config --local --name-only --get-regexp http\.https\:\/\/github\.com\/\.extraheader
2026-09-28T02:52:11.6916446Z [command]/usr/bin/git submodule foreach --recursive sh -c "git config --local --name-only --get-regexp 'http\.https\:\/\/github\.com\/\.extraheader' && git config --local --unset-all 'http.https://github.com/.extraheader' || :"
2026-09-28T02:52:11.7183509Z Removing includeIf entries pointing to credentials config files
2026-09-28T02:52:11.7188115Z [command]/usr/bin/git config --local --name-only --get-regexp ^includeIf\.gitdir:
2026-09-28T02:52:11.7217461Z [command]/usr/bin/git submodule foreach --recursive git config --local --show-origin --name-only --get-regexp remote.origin.url
2026-09-28T02:52:11.7453079Z [command]/usr/bin/git config --file <CI_HOME>/work/_temp/git-credentials-2f454a34-6e24-4d1b-b03e-9a380885853e.config http.https://github.com/.extraheader AUTHORIZATION: basic ***
2026-09-28T02:52:11.7487160Z [command]/usr/bin/git config --local includeIf.gitdir:<CI_HOME>/work/Learning_Workbench/Learning_Workbench/.git.path <CI_HOME>/work/_temp/git-credentials-2f454a34-6e24-4d1b-b03e-9a380885853e.config
2026-09-28T02:52:11.7519146Z [command]/usr/bin/git config --local includeIf.gitdir:<CI_HOME>/work/Learning_Workbench/Learning_Workbench/.git/worktrees/*.path <CI_HOME>/work/_temp/git-credentials-2f454a34-6e24-4d1b-b03e-9a380885853e.config
2026-09-28T02:52:11.7552304Z [command]/usr/bin/git config --local includeIf.gitdir:/github/workspace/.git.path /github/runner_temp/git-credentials-2f454a34-6e24-4d1b-b03e-9a380885853e.config
2026-09-28T02:52:11.7582748Z [command]/usr/bin/git config --local includeIf.gitdir:/github/workspace/.git/worktrees/*.path /github/runner_temp/git-credentials-2f454a34-6e24-4d1b-b03e-9a380885853e.config
2026-09-28T02:52:11.7608705Z ##[endgroup]
2026-09-28T02:52:11.7609604Z ##[group]Fetching the repository
2026-09-28T02:52:11.7615058Z [command]/usr/bin/git -c protocol.version=2 fetch --no-tags --prune --no-recurse-submodules --depth=1 origin +74f76a4254d5a6dcd3e4df578b8cf3d5a64a78b3:refs/remotes/pull/55/merge
2026-09-28T02:52:16.0269515Z From https://github.com/kl3574/Learning_Workbench
2026-09-28T02:52:16.0271044Z  * [new ref]         74f76a4254d5a6dcd3e4df578b8cf3d5a64a78b3 -> pull/55/merge
2026-09-28T02:52:16.0273781Z ##[endgroup]
2026-09-28T02:52:16.0274913Z ##[group]Determining the checkout info
2026-09-28T02:52:16.0276176Z ##[endgroup]
2026-09-28T02:52:16.0298739Z [command]/usr/bin/git sparse-checkout disable
2026-09-28T02:52:16.0329879Z [command]/usr/bin/git config --local --unset-all extensions.worktreeConfig
2026-09-28T02:52:16.0359320Z ##[group]Checking out the ref
2026-09-28T02:52:16.0361671Z [command]/usr/bin/git checkout --progress --force refs/remotes/pull/55/merge
2026-09-28T02:52:16.9896364Z Note: switching to 'refs/remotes/pull/55/merge'.
2026-09-28T02:52:16.9896951Z 
2026-09-28T02:52:16.9897207Z You are in 'detached HEAD' state. You can look around, make experimental
2026-09-28T02:52:16.9897958Z changes and commit them, and you can discard any commits you make in this
2026-09-28T02:52:16.9898702Z state without impacting any branches by switching back to a branch.
2026-09-28T02:52:16.9899239Z 
2026-09-28T02:52:16.9899564Z If you want to create a new branch to retain commits you create, you may
2026-09-28T02:52:16.9900156Z do so (now or later) by using -c with the switch command. Example:
2026-09-28T02:52:16.9900413Z 
2026-09-28T02:52:16.9900549Z   git switch -c <new-branch-name>
2026-09-28T02:52:16.9900756Z 
2026-09-28T02:52:16.9900891Z Or undo this operation with:
2026-09-28T02:52:16.9901062Z 
2026-09-28T02:52:16.9901185Z   git switch -
2026-09-28T02:52:16.9903347Z 
2026-09-28T02:52:16.9903598Z Turn off this advice by setting config variable advice.detachedHead to false
2026-09-28T02:52:16.9903947Z 
2026-09-28T02:52:16.9904277Z HEAD is now at 74f76a4 Merge fb16dcc3857830acc22677f83dbd285701bea202 into 2cf5caa3f966f919997c37b64d0bbf0e332438df
2026-09-28T02:52:16.9976154Z ##[endgroup]
2026-09-28T02:52:17.0021668Z [command]/usr/bin/git log -1 --format=%H
2026-09-28T02:52:17.0043938Z 74f76a4254d5a6dcd3e4df578b8cf3d5a64a78b3
2026-09-28T02:52:17.0271443Z ##[group]Run actions/setup-python@5fda3b95a4ea91299a34e894583c3862153e4b97
2026-09-28T02:52:17.0271804Z with:
2026-09-28T02:52:17.0272021Z   python-version: 3.12.13
2026-09-28T02:52:17.0272254Z   check-latest: false
2026-09-28T02:52:17.0274651Z   token: ***
2026-09-28T02:52:17.0274863Z   update-environment: true
2026-09-28T02:52:17.0275099Z   allow-prereleases: false
2026-09-28T02:52:17.0275339Z   freethreaded: false
2026-09-28T02:52:17.0275549Z ##[endgroup]
2026-09-28T02:52:17.1214500Z ##[group]Installed versions
2026-09-28T02:52:17.1225048Z Version 3.12.13 was not found in the local cache
2026-09-28T02:52:18.1199292Z Version 3.12.13 is available for downloading
2026-09-28T02:52:18.1200227Z Download from "https://github.com/actions/python-versions/releases/download/3.12.13-27650778726/python-3.12.13-linux-26.04-x64.tar.gz"
2026-09-28T02:52:19.2779603Z Extract downloaded archive
2026-09-28T02:52:19.2884785Z [command]/usr/bin/tar xz --warning=no-unknown-keyword --overwrite -C <CI_HOME>/work/_temp/b69c9023-e3b0-42da-a3e3-ff109aabcfde -f <CI_HOME>/work/_temp/a6bf835f-5bd8-4eb1-b50d-c629203ce734
2026-09-28T02:52:20.3890951Z Execute installation script
2026-09-28T02:52:20.4005059Z Check if Python hostedtoolcache folder exist...
2026-09-28T02:52:20.4006137Z Create Python 3.12.13 folder
2026-09-28T02:52:20.4031590Z Copy Python binaries to hostedtoolcache folder
2026-09-28T02:52:20.7657909Z Create additional symlinks (Required for the UsePythonVersion Azure Pipelines task and the setup-python GitHub Action)
2026-09-28T02:52:20.7746122Z Upgrading pip...
2026-09-28T02:52:22.0948917Z Collecting pip
2026-09-28T02:52:22.1108664Z Downloading pip-26.2.1-py3-none-any.whl.metadata (4.6 kB)
2026-09-28T02:52:22.1166415Z Downloading pip-26.2.1-py3-none-any.whl (1.8 MB)
2026-09-28T02:52:22.1290639Z ━━━━━━━━━━━━━━━━━━━━━━━━━━━━━━━━━━━━━━━━ 1.8/1.8 MB 233.4 MB/s eta 0:00:00
2026-09-28T02:52:22.1291100Z 
2026-09-28T02:52:22.1440386Z Installing collected packages: pip
2026-09-28T02:52:22.1441730Z Attempting uninstall: pip
2026-09-28T02:52:22.1457468Z Found existing installation: pip 25.0.1
2026-09-28T02:52:22.1699371Z Uninstalling pip-25.0.1:
2026-09-28T02:52:22.1742997Z Successfully uninstalled pip-25.0.1
2026-09-28T02:52:22.9041222Z Successfully installed pip-26.2.1
2026-09-28T02:52:22.9495053Z Create complete file
2026-09-28T02:52:22.9542392Z Successfully set up CPython (3.12.13)
2026-09-28T02:52:22.9543312Z ##[endgroup]
2026-09-28T02:52:22.9723654Z ##[group]Run actions/setup-node@820762786026740c76f36085b0efc47a31fe5020
2026-09-28T02:52:22.9723971Z with:
2026-09-28T02:52:22.9724148Z   node-version: 24.21.0
2026-09-28T02:52:22.9724356Z   check-latest: false
2026-09-28T02:52:22.9726705Z   token: ***
2026-09-28T02:52:22.9726919Z   package-manager-cache: true
2026-09-28T02:52:22.9727128Z env:
2026-09-28T02:52:22.9727370Z   pythonLocation: /opt/hostedtoolcache/Python/3.12.13/x64
2026-09-28T02:52:22.9727732Z   PKG_CONFIG_PATH: /opt/hostedtoolcache/Python/3.12.13/x64/lib/pkgconfig
2026-09-28T02:52:22.9728299Z   Python_ROOT_DIR: /opt/hostedtoolcache/Python/3.12.13/x64
2026-09-28T02:52:22.9728607Z   Python2_ROOT_DIR: /opt/hostedtoolcache/Python/3.12.13/x64
2026-09-28T02:52:22.9728898Z   Python3_ROOT_DIR: /opt/hostedtoolcache/Python/3.12.13/x64
2026-09-28T02:52:22.9729199Z   LD_LIBRARY_PATH: /opt/hostedtoolcache/Python/3.12.13/x64/lib
2026-09-28T02:52:22.9729467Z ##[endgroup]
2026-09-28T02:52:23.0768313Z Found in cache @ /opt/hostedtoolcache/node/24.21.0/x64
2026-09-28T02:52:23.0770178Z ##[group]Environment details
2026-09-28T02:52:23.3997360Z node: v24.21.0
2026-09-28T02:52:23.3998236Z npm: 11.19.0
2026-09-28T02:52:23.3998575Z yarn: 1.22.22
2026-09-28T02:52:23.3999393Z ##[endgroup]
2026-09-28T02:52:23.4129310Z ##[group]Run python -m pip install uv==0.11.21
2026-09-28T02:52:23.4129655Z [36;1mpython -m pip install uv==0.11.21[0m
2026-09-28T02:52:23.4285270Z shell: /usr/bin/bash -e {0}
2026-09-28T02:52:23.4285506Z env:
2026-09-28T02:52:23.4285734Z   pythonLocation: /opt/hostedtoolcache/Python/3.12.13/x64
2026-09-28T02:52:23.4286091Z   PKG_CONFIG_PATH: /opt/hostedtoolcache/Python/3.12.13/x64/lib/pkgconfig
2026-09-28T02:52:23.4286422Z   Python_ROOT_DIR: /opt/hostedtoolcache/Python/3.12.13/x64
2026-09-28T02:52:23.4286727Z   Python2_ROOT_DIR: /opt/hostedtoolcache/Python/3.12.13/x64
2026-09-28T02:52:23.4287020Z   Python3_ROOT_DIR: /opt/hostedtoolcache/Python/3.12.13/x64
2026-09-28T02:52:23.4287309Z   LD_LIBRARY_PATH: /opt/hostedtoolcache/Python/3.12.13/x64/lib
2026-09-28T02:52:23.4287579Z ##[endgroup]
2026-09-28T02:52:24.1162969Z Collecting uv==0.11.21
2026-09-28T02:52:24.1591422Z   Downloading uv-0.11.21-py3-none-manylinux_2_17_x86_64.manylinux2014_x86_64.whl.metadata (11 kB)
2026-09-28T02:52:24.2262392Z Downloading uv-0.11.21-py3-none-manylinux_2_17_x86_64.manylinux2014_x86_64.whl (25.1 MB)
2026-09-28T02:52:24.5433455Z    ━━━━━━━━━━━━━━━━━━━━━━━━━━━━━━━━━━━━━━━━ 25.1/25.1 MB 85.1 MB/s  0:00:00
2026-09-28T02:52:24.5807055Z Installing collected packages: uv
2026-09-28T02:52:24.8029811Z Successfully installed uv-0.11.21
2026-09-28T02:52:24.8499920Z ##[group]Run uv sync --frozen
2026-09-28T02:52:24.8500198Z [36;1muv sync --frozen[0m
2026-09-28T02:52:24.8554884Z shell: /usr/bin/bash -e {0}
2026-09-28T02:52:24.8555091Z env:
2026-09-28T02:52:24.8555317Z   pythonLocation: /opt/hostedtoolcache/Python/3.12.13/x64
2026-09-28T02:52:24.8555683Z   PKG_CONFIG_PATH: /opt/hostedtoolcache/Python/3.12.13/x64/lib/pkgconfig
2026-09-28T02:52:24.8556024Z   Python_ROOT_DIR: /opt/hostedtoolcache/Python/3.12.13/x64
2026-09-28T02:52:24.8556330Z   Python2_ROOT_DIR: /opt/hostedtoolcache/Python/3.12.13/x64
2026-09-28T02:52:24.8556632Z   Python3_ROOT_DIR: /opt/hostedtoolcache/Python/3.12.13/x64
2026-09-28T02:52:24.8557091Z   LD_LIBRARY_PATH: /opt/hostedtoolcache/Python/3.12.13/x64/lib
2026-09-28T02:52:24.8557349Z ##[endgroup]
2026-09-28T02:52:24.9075525Z Using CPython 3.12.13 interpreter at: /opt/hostedtoolcache/Python/3.12.13/x64/bin/python3.12
2026-09-28T02:52:24.9076282Z Creating virtual environment at: .venv
2026-09-28T02:52:24.9812770Z Downloading pydantic-core (2.0MiB)
2026-09-28T02:52:24.9813429Z Downloading mypy (14.6MiB)
2026-09-28T02:52:24.9815405Z Downloading ast-serialize (1.3MiB)
2026-09-28T02:52:24.9816393Z Downloading ruff (9.9MiB)
2026-09-28T02:52:24.9818762Z Downloading pygments (1.2MiB)
2026-09-28T02:52:25.1618776Z  Downloaded ast-serialize
2026-09-28T02:52:25.1890217Z  Downloaded pydantic-core
2026-09-28T02:52:25.2602075Z  Downloaded ruff
2026-09-28T02:52:25.3060840Z  Downloaded pygments
2026-09-28T02:52:25.4108528Z  Downloaded mypy
2026-09-28T02:52:25.4111075Z Prepared 37 packages in 500ms
2026-09-28T02:52:25.4761816Z Installed 37 packages in 64ms
2026-09-28T02:52:25.4762274Z  + annotated-doc==0.0.5
2026-09-28T02:52:25.4762583Z  + annotated-types==0.8.0
2026-09-28T02:52:25.4762875Z  + anyio==4.15.1
2026-09-28T02:52:25.4763272Z  + ast-serialize==0.11.2
2026-09-28T02:52:25.4763558Z  + attrs==26.1.0
2026-09-28T02:52:25.4763833Z  + certifi==2026.7.22
2026-09-28T02:52:25.4764091Z  + click==8.5.0
2026-09-28T02:52:25.4764361Z  + defusedxml==0.7.1
2026-09-28T02:52:25.4764636Z  + fastapi==0.141.1
2026-09-28T02:52:25.4764898Z  + h11==0.16.0
2026-09-28T02:52:25.4768315Z  + httpcore==1.0.9
2026-09-28T02:52:25.4789081Z  + httpx==0.28.1
2026-09-28T02:52:25.4789451Z  + idna==3.19
2026-09-28T02:52:25.4789723Z  + iniconfig==2.3.0
2026-09-28T02:52:25.4790003Z  + jsonschema==4.26.0
2026-09-28T02:52:25.4790347Z  + jsonschema-specifications==2025.9.1
2026-09-28T02:52:25.4790681Z  + librt==0.15.0
2026-09-28T02:52:25.4790941Z  + markdown-it-py==4.2.0
2026-09-28T02:52:25.4791206Z  + mdurl==0.1.2
2026-09-28T02:52:25.4791437Z  + mypy==2.3.1
2026-09-28T02:52:25.4791677Z  + mypy-extensions==1.1.0
2026-09-28T02:52:25.4791962Z  + packaging==26.3
2026-09-28T02:52:25.4792204Z  + pathspec==1.1.1
2026-09-28T02:52:25.4792431Z  + pluggy==1.6.0
2026-09-28T02:52:25.4792668Z  + pydantic==2.13.5
2026-09-28T02:52:25.4792910Z  + pydantic-core==2.46.5
2026-09-28T02:52:25.4793174Z  + pygments==2.21.0
2026-09-28T02:52:25.4793529Z  + pypdf==6.18.1
2026-09-28T02:52:25.4793782Z  + pytest==9.1.1
2026-09-28T02:52:25.4794111Z  + python-multipart==0.0.32
2026-09-28T02:52:25.4794407Z  + referencing==0.37.0
2026-09-28T02:52:25.4794716Z  + rpds-py==2026.6.3
2026-09-28T02:52:25.4795005Z  + ruff==0.16.7
2026-09-28T02:52:25.4795275Z  + starlette==1.6.0
2026-09-28T02:52:25.4795585Z  + typing-extensions==4.16.0
2026-09-28T02:52:25.4795939Z  + typing-inspection==0.4.4
2026-09-28T02:52:25.4796254Z  + uvicorn==0.53.0
2026-09-28T02:52:25.4852447Z ##[group]Run sudo apt-get update
2026-09-28T02:52:25.4852706Z [36;1msudo apt-get update[0m
2026-09-28T02:52:25.4853195Z [36;1msudo apt-get install -y bubblewrap=0.11.1-1ubuntu0.3 apparmor=5.0.2-0ubuntu1~26.04.1 libapparmor1=5.0.2-0ubuntu1~26.04.1 libseccomp2=2.6.0-2ubuntu5[0m
2026-09-28T02:52:25.4853787Z [36;1mdpkg-query -W bubblewrap apparmor libapparmor1 libseccomp2[0m
2026-09-28T02:52:25.4854124Z [36;1mtest -f /etc/apparmor.d/bwrap-userns-restrict[0m
2026-09-28T02:52:25.4854378Z [36;1mbwrap --version[0m
2026-09-28T02:52:25.4906722Z shell: /usr/bin/bash -e {0}
2026-09-28T02:52:25.4906944Z env:
2026-09-28T02:52:25.4907173Z   pythonLocation: /opt/hostedtoolcache/Python/3.12.13/x64
2026-09-28T02:52:25.4907526Z   PKG_CONFIG_PATH: /opt/hostedtoolcache/Python/3.12.13/x64/lib/pkgconfig
2026-09-28T02:52:25.4908030Z   Python_ROOT_DIR: /opt/hostedtoolcache/Python/3.12.13/x64
2026-09-28T02:52:25.4908333Z   Python2_ROOT_DIR: /opt/hostedtoolcache/Python/3.12.13/x64
2026-09-28T02:52:25.4908668Z   Python3_ROOT_DIR: /opt/hostedtoolcache/Python/3.12.13/x64
2026-09-28T02:52:25.4908973Z   LD_LIBRARY_PATH: /opt/hostedtoolcache/Python/3.12.13/x64/lib
2026-09-28T02:52:25.4909233Z ##[endgroup]
2026-09-28T02:52:25.5700632Z Get:1 file:/etc/apt/apt-mirrors.txt Mirrorlist [144 B]
2026-09-28T02:52:25.6020101Z Hit:2 http://azure.archive.ubuntu.com/ubuntu resolute InRelease
2026-09-28T02:52:25.6050874Z Get:3 http://azure.archive.ubuntu.com/ubuntu resolute-updates InRelease [137 kB]
2026-09-28T02:52:25.6251341Z Get:4 http://azure.archive.ubuntu.com/ubuntu resolute-backports InRelease [137 kB]
2026-09-28T02:52:25.6252373Z Get:6 https://packages.microsoft.com/ubuntu/26.04/prod resolute InRelease [3964 B]
2026-09-28T02:52:25.6389090Z Get:5 http://azure.archive.ubuntu.com/ubuntu resolute-security InRelease [137 kB]
2026-09-28T02:52:25.6589174Z Get:7 http://azure.archive.ubuntu.com/ubuntu resolute-updates/main amd64v3 Packages [676 kB]
2026-09-28T02:52:25.6715282Z Get:8 http://azure.archive.ubuntu.com/ubuntu resolute-updates/main Translation-en [160 kB]
2026-09-28T02:52:25.6716436Z Get:16 https://packages.microsoft.com/ubuntu/26.04/prod resolute/main armhf Packages [795 B]
2026-09-28T02:52:25.7449550Z Get:9 http://azure.archive.ubuntu.com/ubuntu resolute-updates/main amd64 Components [98.0 kB]
2026-09-28T02:52:25.7462363Z Get:10 http://azure.archive.ubuntu.com/ubuntu resolute-updates/universe amd64v3 Packages [302 kB]
2026-09-28T02:52:25.7481192Z Get:25 https://packages.microsoft.com/ubuntu/26.04/prod resolute/main arm64 Packages [62.5 kB]
2026-09-28T02:52:25.7546896Z Get:11 http://azure.archive.ubuntu.com/ubuntu resolute-updates/universe Translation-en [96.7 kB]
2026-09-28T02:52:25.7556253Z Get:12 http://azure.archive.ubuntu.com/ubuntu resolute-updates/universe amd64 Components [190 kB]
2026-09-28T02:52:25.7591397Z Get:13 http://azure.archive.ubuntu.com/ubuntu resolute-updates/restricted amd64v3 Packages [458 kB]
2026-09-28T02:52:25.7592349Z Get:26 https://packages.microsoft.com/ubuntu/26.04/prod resolute/main amd64 Packages [71.7 kB]
2026-09-28T02:52:25.7612148Z Get:14 http://azure.archive.ubuntu.com/ubuntu resolute-updates/restricted Translation-en [90.8 kB]
2026-09-28T02:52:25.7613566Z Get:15 http://azure.archive.ubuntu.com/ubuntu resolute-backports/universe amd64 Components [1060 B]
2026-09-28T02:52:25.8641155Z Get:17 http://azure.archive.ubuntu.com/ubuntu resolute-security/main amd64v3 Packages [532 kB]
2026-09-28T02:52:25.9074562Z Get:18 http://azure.archive.ubuntu.com/ubuntu resolute-security/main Translation-en [125 kB]
2026-09-28T02:52:25.9087283Z Get:19 http://azure.archive.ubuntu.com/ubuntu resolute-security/main amd64 Components [46.7 kB]
2026-09-28T02:52:25.9097171Z Get:20 http://azure.archive.ubuntu.com/ubuntu resolute-security/universe amd64v3 Packages [184 kB]
2026-09-28T02:52:25.9111620Z Get:21 http://azure.archive.ubuntu.com/ubuntu resolute-security/universe Translation-en [58.5 kB]
2026-09-28T02:52:25.9123468Z Get:22 http://azure.archive.ubuntu.com/ubuntu resolute-security/universe amd64 Components [43.4 kB]
2026-09-28T02:52:25.9133948Z Get:23 http://azure.archive.ubuntu.com/ubuntu resolute-security/restricted amd64v3 Packages [437 kB]
2026-09-28T02:52:25.9156633Z Get:24 http://azure.archive.ubuntu.com/ubuntu resolute-security/restricted Translation-en [86.2 kB]
2026-09-28T02:52:29.7860228Z Fetched 4136 kB in 0s (8480 kB/s)
2026-09-28T02:52:30.3016925Z Reading package lists...
2026-09-28T02:52:30.3295921Z Reading package lists...
2026-09-28T02:52:30.4705144Z Building dependency tree...
2026-09-28T02:52:30.4711411Z Reading state information...
2026-09-28T02:52:30.4990006Z bubblewrap is already the newest version (0.11.1-1ubuntu0.3).
2026-09-28T02:52:30.4990440Z bubblewrap set to manually installed.
2026-09-28T02:52:30.4990792Z apparmor is already the newest version (5.0.2-0ubuntu1~26.04.1).
2026-09-28T02:52:30.4991119Z apparmor set to manually installed.
2026-09-28T02:52:30.4991464Z libapparmor1 is already the newest version (5.0.2-0ubuntu1~26.04.1).
2026-09-28T02:52:30.4991827Z libapparmor1 set to manually installed.
2026-09-28T02:52:30.4992146Z libseccomp2 is already the newest version (2.6.0-2ubuntu5).
2026-09-28T02:52:30.4992451Z libseccomp2 set to manually installed.
2026-09-28T02:52:30.5506768Z Solving dependencies...
2026-09-28T02:52:30.6693791Z 0 upgraded, 0 newly installed, 0 to remove and 39 not upgraded.
2026-09-28T02:52:30.6804998Z apparmor	5.0.2-0ubuntu1~26.04.1
2026-09-28T02:52:30.6805303Z bubblewrap	0.11.1-1ubuntu0.3
2026-09-28T02:52:30.6805577Z libapparmor1:amd64	5.0.2-0ubuntu1~26.04.1
2026-09-28T02:52:30.6805846Z libseccomp2:amd64	2.6.0-2ubuntu5
2026-09-28T02:52:30.6825164Z bubblewrap 0.11.1
2026-09-28T02:52:30.6855119Z ##[group]Run npm ci --prefix apps/web
2026-09-28T02:52:30.6855395Z [36;1mnpm ci --prefix apps/web[0m
2026-09-28T02:52:30.6907617Z shell: /usr/bin/bash -e {0}
2026-09-28T02:52:30.6908012Z env:
2026-09-28T02:52:30.6908338Z   pythonLocation: /opt/hostedtoolcache/Python/3.12.13/x64
2026-09-28T02:52:30.6908708Z   PKG_CONFIG_PATH: /opt/hostedtoolcache/Python/3.12.13/x64/lib/pkgconfig
2026-09-28T02:52:30.6909040Z   Python_ROOT_DIR: /opt/hostedtoolcache/Python/3.12.13/x64
2026-09-28T02:52:30.6909341Z   Python2_ROOT_DIR: /opt/hostedtoolcache/Python/3.12.13/x64
2026-09-28T02:52:30.6909650Z   Python3_ROOT_DIR: /opt/hostedtoolcache/Python/3.12.13/x64
2026-09-28T02:52:30.6909951Z   LD_LIBRARY_PATH: /opt/hostedtoolcache/Python/3.12.13/x64/lib
2026-09-28T02:52:30.6910207Z ##[endgroup]
2026-09-28T02:52:35.7839359Z 
2026-09-28T02:52:35.7840123Z added 236 packages, and audited 237 packages in 5s
2026-09-28T02:52:35.7840501Z 
2026-09-28T02:52:35.7840713Z 118 packages are looking for funding
2026-09-28T02:52:35.7841556Z   run `npm fund` for details
2026-09-28T02:52:35.7849204Z 
2026-09-28T02:52:35.7849549Z found 0 vulnerabilities
2026-09-28T02:52:35.8224912Z ##[group]Run npm --prefix apps/web exec -- playwright install --with-deps chromium
2026-09-28T02:52:35.8225378Z [36;1mnpm --prefix apps/web exec -- playwright install --with-deps chromium[0m
2026-09-28T02:52:35.8281723Z shell: /usr/bin/bash -e {0}
2026-09-28T02:52:35.8281939Z env:
2026-09-28T02:52:35.8282163Z   pythonLocation: /opt/hostedtoolcache/Python/3.12.13/x64
2026-09-28T02:52:35.8282563Z   PKG_CONFIG_PATH: /opt/hostedtoolcache/Python/3.12.13/x64/lib/pkgconfig
2026-09-28T02:52:35.8283039Z   Python_ROOT_DIR: /opt/hostedtoolcache/Python/3.12.13/x64
2026-09-28T02:52:35.8283440Z   Python2_ROOT_DIR: /opt/hostedtoolcache/Python/3.12.13/x64
2026-09-28T02:52:35.8283834Z   Python3_ROOT_DIR: /opt/hostedtoolcache/Python/3.12.13/x64
2026-09-28T02:52:35.8284213Z   LD_LIBRARY_PATH: /opt/hostedtoolcache/Python/3.12.13/x64/lib
2026-09-28T02:52:35.8284473Z ##[endgroup]
2026-09-28T02:52:36.4065885Z Installing dependencies...
2026-09-28T02:52:36.4138104Z Switching to root user to install dependencies...
2026-09-28T02:52:36.4760993Z Get:1 file:/etc/apt/apt-mirrors.txt Mirrorlist [144 B]
2026-09-28T02:52:36.4969526Z Hit:2 http://azure.archive.ubuntu.com/ubuntu resolute InRelease
2026-09-28T02:52:36.4981018Z Hit:3 http://azure.archive.ubuntu.com/ubuntu resolute-updates InRelease
2026-09-28T02:52:36.4984670Z Hit:4 http://azure.archive.ubuntu.com/ubuntu resolute-backports InRelease
2026-09-28T02:52:36.4991615Z Hit:5 http://azure.archive.ubuntu.com/ubuntu resolute-security InRelease
2026-09-28T02:52:36.6427426Z Hit:6 https://packages.microsoft.com/ubuntu/26.04/prod resolute InRelease
2026-09-28T02:52:37.2609180Z Reading package lists...
2026-09-28T02:52:37.2813075Z Reading package lists...
2026-09-28T02:52:37.4176092Z Building dependency tree...
2026-09-28T02:52:37.4182377Z Reading state information...
2026-09-28T02:52:37.4477259Z libasound2t64 is already the newest version (1.2.15.3-1ubuntu1.1).
2026-09-28T02:52:37.4477959Z libasound2t64 set to manually installed.
2026-09-28T02:52:37.4478419Z libatk-bridge2.0-0t64 is already the newest version (2.60.4-0ubuntu0.1).
2026-09-28T02:52:37.4478793Z libatk-bridge2.0-0t64 set to manually installed.
2026-09-28T02:52:37.4479150Z libatk1.0-0t64 is already the newest version (2.60.4-0ubuntu0.1).
2026-09-28T02:52:37.4479467Z libatk1.0-0t64 set to manually installed.
2026-09-28T02:52:37.4479807Z libatspi2.0-0t64 is already the newest version (2.60.4-0ubuntu0.1).
2026-09-28T02:52:37.4480132Z libatspi2.0-0t64 set to manually installed.
2026-09-28T02:52:37.4480848Z libcairo2 is already the newest version (1.18.4-3).
2026-09-28T02:52:37.4481136Z libcairo2 set to manually installed.
2026-09-28T02:52:37.4481464Z libcups2t64 is already the newest version (2.4.16-1ubuntu1.3).
2026-09-28T02:52:37.4481776Z libcups2t64 set to manually installed.
2026-09-28T02:52:37.4482085Z libdbus-1-3 is already the newest version (1.16.2-2ubuntu4).
2026-09-28T02:52:37.4482377Z libdbus-1-3 set to manually installed.
2026-09-28T02:52:37.4482657Z libdrm2 is already the newest version (2.4.131-1).
2026-09-28T02:52:37.4482940Z libdrm2 set to manually installed.
2026-09-28T02:52:37.4483234Z libgbm1 is already the newest version (26.0.8-1ubuntu0.3).
2026-09-28T02:52:37.4483525Z libgbm1 set to manually installed.
2026-09-28T02:52:37.4483829Z libnspr4 is already the newest version (2:4.38.2-1ubuntu1).
2026-09-28T02:52:37.4484123Z libnspr4 set to manually installed.
2026-09-28T02:52:37.4484422Z libnss3 is already the newest version (2:3.120-1ubuntu2.1).
2026-09-28T02:52:37.4484714Z libnss3 set to manually installed.
2026-09-28T02:52:37.4485025Z libpango-1.0-0 is already the newest version (1.57.0-1).
2026-09-28T02:52:37.4485329Z libpango-1.0-0 set to manually installed.
2026-09-28T02:52:37.4485624Z libx11-6 is already the newest version (2:1.8.13-1).
2026-09-28T02:52:37.4485899Z libx11-6 set to manually installed.
2026-09-28T02:52:37.4486179Z libxcb1 is already the newest version (1.17.0-2ubuntu1).
2026-09-28T02:52:37.4486465Z libxcb1 set to manually installed.
2026-09-28T02:52:37.4486983Z libxcomposite1 is already the newest version (1:0.4.6-1build1).
2026-09-28T02:52:37.4487313Z libxcomposite1 set to manually installed.
2026-09-28T02:52:37.4487626Z libxdamage1 is already the newest version (1:1.1.7-1).
2026-09-28T02:52:37.4488084Z libxdamage1 set to manually installed.
2026-09-28T02:52:37.4488400Z libxext6 is already the newest version (2:1.3.4-1build3).
2026-09-28T02:52:37.4488692Z libxext6 set to manually installed.
2026-09-28T02:52:37.4488996Z libxfixes3 is already the newest version (1:6.0.0-2build2).
2026-09-28T02:52:37.4489298Z libxfixes3 set to manually installed.
2026-09-28T02:52:37.4489594Z libxkbcommon0 is already the newest version (1.13.1-1).
2026-09-28T02:52:37.4489893Z libxkbcommon0 set to manually installed.
2026-09-28T02:52:37.4490211Z libxrandr2 is already the newest version (2:1.5.4-1build1).
2026-09-28T02:52:37.4490505Z libxrandr2 set to manually installed.
2026-09-28T02:52:37.4490843Z fonts-noto-color-emoji is already the newest version (2.051-1build1).
2026-09-28T02:52:37.4491239Z libfontconfig1 is already the newest version (2.17.1-3ubuntu1).
2026-09-28T02:52:37.4491555Z libfontconfig1 set to manually installed.
2026-09-28T02:52:37.4491901Z libfreetype6 is already the newest version (2.14.2+dfsg-1ubuntu0.1).
2026-09-28T02:52:37.4492230Z libfreetype6 set to manually installed.
2026-09-28T02:52:37.4492563Z fonts-liberation is already the newest version (1:2.1.5-3build1).
2026-09-28T02:52:37.4492889Z fonts-liberation set to manually installed.
2026-09-28T02:52:37.4892048Z Solving dependencies...
2026-09-28T02:52:37.5612709Z The following additional packages will be installed:
2026-09-28T02:52:37.5613585Z   gir1.2-girepository-3.0 gir1.2-glib-2.0 libgirepository-2.0-0 libglib2.0-bin
2026-09-28T02:52:37.5620434Z   libglib2.0-data xfonts-encodings xfonts-utils xserver-common
2026-09-28T02:52:37.5625484Z Recommended packages:
2026-09-28T02:52:37.5625843Z   fonts-ipafont-mincho fonts-tlwg-loma
2026-09-28T02:52:37.5837861Z The following NEW packages will be installed:
2026-09-28T02:52:37.5838608Z   fonts-freefont-ttf fonts-ipafont-gothic fonts-tlwg-loma-otf fonts-unifont
2026-09-28T02:52:37.5842302Z   fonts-wqy-zenhei xfonts-cyrillic xfonts-encodings xfonts-scalable
2026-09-28T02:52:37.5842840Z   xfonts-utils
2026-09-28T02:52:37.5845326Z The following packages will be upgraded:
2026-09-28T02:52:37.5846165Z   gir1.2-girepository-3.0 gir1.2-glib-2.0 libgirepository-2.0-0
2026-09-28T02:52:37.5850317Z   libglib2.0-0t64 libglib2.0-bin libglib2.0-data xserver-common xvfb
2026-09-28T02:52:37.6027672Z 8 upgraded, 9 newly installed, 0 to remove and 31 not upgraded.
2026-09-28T02:52:37.6028333Z Need to get 24.8 MB of archives.
2026-09-28T02:52:37.6028833Z After this operation, 80.2 MB of additional disk space will be used.
2026-09-28T02:52:37.6029388Z Get:1 file:/etc/apt/apt-mirrors.txt Mirrorlist [144 B]
2026-09-28T02:52:37.6637974Z Get:2 http://azure.archive.ubuntu.com/ubuntu resolute/universe amd64v3 fonts-ipafont-gothic all 00303-23ubuntu1 [3703 kB]
2026-09-28T02:52:37.7597289Z Get:3 http://azure.archive.ubuntu.com/ubuntu resolute-updates/main amd64v3 libglib2.0-data all 2.88.0-1ubuntu0.1 [38.5 kB]
2026-09-28T02:52:37.8058080Z Get:4 http://azure.archive.ubuntu.com/ubuntu resolute-updates/main amd64v3 libglib2.0-bin amd64 2.88.0-1ubuntu0.1 [99.5 kB]
2026-09-28T02:52:37.8529257Z Get:5 http://azure.archive.ubuntu.com/ubuntu resolute-updates/main amd64v3 gir1.2-girepository-3.0 amd64 2.88.0-1ubuntu0.1 [25.2 kB]
2026-09-28T02:52:37.8987605Z Get:6 http://azure.archive.ubuntu.com/ubuntu resolute-updates/main amd64v3 libgirepository-2.0-0 amd64 2.88.0-1ubuntu0.1 [76.1 kB]
2026-09-28T02:52:37.9448641Z Get:7 http://azure.archive.ubuntu.com/ubuntu resolute-updates/main amd64v3 gir1.2-glib-2.0 amd64 2.88.0-1ubuntu0.1 [183 kB]
2026-09-28T02:52:37.9912393Z Get:8 http://azure.archive.ubuntu.com/ubuntu resolute-updates/main amd64v3 libglib2.0-0t64 amd64 2.88.0-1ubuntu0.1 [1602 kB]
2026-09-28T02:52:38.0456242Z Get:9 http://azure.archive.ubuntu.com/ubuntu resolute/main amd64v3 fonts-freefont-ttf all 20211204+svn4273-4build1 [5656 kB]
2026-09-28T02:52:38.1529524Z Get:10 http://azure.archive.ubuntu.com/ubuntu resolute/universe amd64v3 fonts-tlwg-loma-otf all 1:0.7.3-1build1 [106 kB]
2026-09-28T02:52:38.1994014Z Get:11 http://azure.archive.ubuntu.com/ubuntu resolute/universe amd64v3 fonts-unifont all 1:16.0.04-1build1 [3169 kB]
2026-09-28T02:52:38.2929711Z Get:12 http://azure.archive.ubuntu.com/ubuntu resolute/universe amd64v3 fonts-wqy-zenhei all 0.9.45-8build1 [7863 kB]
2026-09-28T02:52:38.4430005Z Get:13 http://azure.archive.ubuntu.com/ubuntu resolute/main amd64v3 xfonts-encodings all 1:1.0.5-0ubuntu3 [576 kB]
2026-09-28T02:52:38.4916341Z Get:14 http://azure.archive.ubuntu.com/ubuntu resolute/main amd64v3 xfonts-utils amd64 1:7.7+7build1 [97.3 kB]
2026-09-28T02:52:38.5378260Z Get:15 http://azure.archive.ubuntu.com/ubuntu resolute/universe amd64v3 xfonts-cyrillic all 1:1.0.5+nmu1build1 [384 kB]
2026-09-28T02:52:38.5853036Z Get:16 http://azure.archive.ubuntu.com/ubuntu resolute/universe amd64v3 xfonts-scalable all 1:1.0.3-1.3build1 [304 kB]
2026-09-28T02:52:38.6322887Z Get:17 http://azure.archive.ubuntu.com/ubuntu resolute-updates/main amd64v3 xserver-common all 2:21.1.22-1ubuntu1.2 [29.8 kB]
2026-09-28T02:52:38.6782121Z Get:18 http://azure.archive.ubuntu.com/ubuntu resolute-updates/universe amd64v3 xvfb amd64 2:21.1.22-1ubuntu1.2 [905 kB]
2026-09-28T02:52:38.9519823Z Fetched 24.8 MB in 1s (22.7 MB/s)
2026-09-28T02:52:38.9913121Z Selecting previously unselected package fonts-ipafont-gothic.
2026-09-28T02:52:39.0212871Z (Reading database ... 
2026-09-28T02:52:39.0213270Z (Reading database ... 5%
2026-09-28T02:52:39.0213685Z (Reading database ... 10%
2026-09-28T02:52:39.0214014Z (Reading database ... 15%
2026-09-28T02:52:39.0214323Z (Reading database ... 20%
2026-09-28T02:52:39.0214636Z (Reading database ... 25%
2026-09-28T02:52:39.0214972Z (Reading database ... 30%
2026-09-28T02:52:39.0215279Z (Reading database ... 35%
2026-09-28T02:52:39.0215591Z (Reading database ... 40%
2026-09-28T02:52:39.0215888Z (Reading database ... 45%
2026-09-28T02:52:39.0216206Z (Reading database ... 50%
2026-09-28T02:52:39.1008453Z (Reading database ... 55%
2026-09-28T02:52:39.2968576Z (Reading database ... 60%
2026-09-28T02:52:39.4663394Z (Reading database ... 65%
2026-09-28T02:52:39.6537071Z (Reading database ... 70%
2026-09-28T02:52:39.8537430Z (Reading database ... 75%
2026-09-28T02:52:39.9542483Z (Reading database ... 80%
2026-09-28T02:52:40.1150187Z (Reading database ... 85%
2026-09-28T02:52:40.3243530Z (Reading database ... 90%
2026-09-28T02:52:40.4729602Z (Reading database ... 95%
2026-09-28T02:52:40.4730005Z (Reading database ... 100%
2026-09-28T02:52:40.4730550Z (Reading database ... 209649 files and directories currently installed.)
2026-09-28T02:52:40.4771575Z Preparing to unpack .../00-fonts-ipafont-gothic_00303-23ubuntu1_all.deb ...
2026-09-28T02:52:40.4853991Z Unpacking fonts-ipafont-gothic (00303-23ubuntu1) ...
2026-09-28T02:52:40.6094684Z Preparing to unpack .../01-libglib2.0-data_2.88.0-1ubuntu0.1_all.deb ...
2026-09-28T02:52:40.6123103Z Unpacking libglib2.0-data (2.88.0-1ubuntu0.1) over (2.88.0-1) ...
2026-09-28T02:52:40.6447352Z Preparing to unpack .../02-libglib2.0-bin_2.88.0-1ubuntu0.1_amd64v3.deb ...
2026-09-28T02:52:40.6468081Z Unpacking libglib2.0-bin (2.88.0-1ubuntu0.1) over (2.88.0-1) ...
2026-09-28T02:52:40.6930988Z Preparing to unpack .../03-gir1.2-girepository-3.0_2.88.0-1ubuntu0.1_amd64v3.deb ...
2026-09-28T02:52:40.6952856Z Unpacking gir1.2-girepository-3.0:amd64 (2.88.0-1ubuntu0.1) over (2.88.0-1) ...
2026-09-28T02:52:40.7305519Z Preparing to unpack .../04-libgirepository-2.0-0_2.88.0-1ubuntu0.1_amd64v3.deb ...
2026-09-28T02:52:40.7330497Z Unpacking libgirepository-2.0-0:amd64 (2.88.0-1ubuntu0.1) over (2.88.0-1) ...
2026-09-28T02:52:40.7646142Z Preparing to unpack .../05-gir1.2-glib-2.0_2.88.0-1ubuntu0.1_amd64v3.deb ...
2026-09-28T02:52:40.7661004Z Unpacking gir1.2-glib-2.0:amd64 (2.88.0-1ubuntu0.1) over (2.88.0-1) ...
2026-09-28T02:52:40.8007253Z Preparing to unpack .../06-libglib2.0-0t64_2.88.0-1ubuntu0.1_amd64v3.deb ...
2026-09-28T02:52:40.8061750Z Unpacking libglib2.0-0t64:amd64 (2.88.0-1ubuntu0.1) over (2.88.0-1) ...
2026-09-28T02:52:40.8503574Z Selecting previously unselected package fonts-freefont-ttf.
2026-09-28T02:52:40.8626932Z Preparing to unpack .../07-fonts-freefont-ttf_20211204+svn4273-4build1_all.deb ...
2026-09-28T02:52:40.8632631Z Unpacking fonts-freefont-ttf (20211204+svn4273-4build1) ...
2026-09-28T02:52:40.9537046Z Selecting previously unselected package fonts-tlwg-loma-otf.
2026-09-28T02:52:40.9656968Z Preparing to unpack .../08-fonts-tlwg-loma-otf_1%3a0.7.3-1build1_all.deb ...
2026-09-28T02:52:40.9662226Z Unpacking fonts-tlwg-loma-otf (1:0.7.3-1build1) ...
2026-09-28T02:52:40.9840921Z Selecting previously unselected package fonts-unifont.
2026-09-28T02:52:40.9953152Z Preparing to unpack .../09-fonts-unifont_1%3a16.0.04-1build1_all.deb ...
2026-09-28T02:52:40.9958625Z Unpacking fonts-unifont (1:16.0.04-1build1) ...
2026-09-28T02:52:41.1853834Z Selecting previously unselected package fonts-wqy-zenhei.
2026-09-28T02:52:41.1973262Z Preparing to unpack .../10-fonts-wqy-zenhei_0.9.45-8build1_all.deb ...
2026-09-28T02:52:41.2090026Z Unpacking fonts-wqy-zenhei (0.9.45-8build1) ...
2026-09-28T02:52:41.3536085Z Selecting previously unselected package xfonts-encodings.
2026-09-28T02:52:41.3655561Z Preparing to unpack .../11-xfonts-encodings_1%3a1.0.5-0ubuntu3_all.deb ...
2026-09-28T02:52:41.3663808Z Unpacking xfonts-encodings (1:1.0.5-0ubuntu3) ...
2026-09-28T02:52:41.3913894Z Selecting previously unselected package xfonts-utils.
2026-09-28T02:52:41.4029573Z Preparing to unpack .../12-xfonts-utils_1%3a7.7+7build1_amd64v3.deb ...
2026-09-28T02:52:41.4035316Z Unpacking xfonts-utils (1:7.7+7build1) ...
2026-09-28T02:52:41.4309167Z Selecting previously unselected package xfonts-cyrillic.
2026-09-28T02:52:41.4427358Z Preparing to unpack .../13-xfonts-cyrillic_1%3a1.0.5+nmu1build1_all.deb ...
2026-09-28T02:52:41.4433823Z Unpacking xfonts-cyrillic (1:1.0.5+nmu1build1) ...
2026-09-28T02:52:41.5195615Z Selecting previously unselected package xfonts-scalable.
2026-09-28T02:52:41.5316376Z Preparing to unpack .../14-xfonts-scalable_1%3a1.0.3-1.3build1_all.deb ...
2026-09-28T02:52:41.5321825Z Unpacking xfonts-scalable (1:1.0.3-1.3build1) ...
2026-09-28T02:52:41.5634251Z Preparing to unpack .../15-xserver-common_2%3a21.1.22-1ubuntu1.2_all.deb ...
2026-09-28T02:52:41.5650743Z Unpacking xserver-common (2:21.1.22-1ubuntu1.2) over (2:21.1.22-1ubuntu1) ...
2026-09-28T02:52:41.5981501Z Preparing to unpack .../16-xvfb_2%3a21.1.22-1ubuntu1.2_amd64v3.deb ...
2026-09-28T02:52:41.5997235Z Unpacking xvfb (2:21.1.22-1ubuntu1.2) over (2:21.1.22-1ubuntu1) ...
2026-09-28T02:52:41.6585299Z Setting up fonts-wqy-zenhei (0.9.45-8build1) ...
2026-09-28T02:52:41.6706083Z Setting up fonts-freefont-ttf (20211204+svn4273-4build1) ...
2026-09-28T02:52:41.6721281Z Setting up libglib2.0-0t64:amd64 (2.88.0-1ubuntu0.1) ...
2026-09-28T02:52:41.6815350Z Setting up libglib2.0-data (2.88.0-1ubuntu0.1) ...
2026-09-28T02:52:41.6828969Z Setting up fonts-tlwg-loma-otf (1:0.7.3-1build1) ...
2026-09-28T02:52:41.6843450Z Setting up xfonts-encodings (1:1.0.5-0ubuntu3) ...
2026-09-28T02:52:41.6856864Z Setting up gir1.2-glib-2.0:amd64 (2.88.0-1ubuntu0.1) ...
2026-09-28T02:52:41.6870551Z Setting up fonts-ipafont-gothic (00303-23ubuntu1) ...
2026-09-28T02:52:41.6922056Z update-alternatives: using /usr/share/fonts/opentype/ipafont-gothic/ipag.ttf to provide /usr/share/fonts/truetype/fonts-japanese-gothic.ttf (fonts-japanese-gothic.ttf) in auto mode
2026-09-28T02:52:41.6934224Z Setting up xserver-common (2:21.1.22-1ubuntu1.2) ...
2026-09-28T02:52:41.6949486Z Setting up fonts-unifont (1:16.0.04-1build1) ...
2026-09-28T02:52:41.6964240Z Setting up libgirepository-2.0-0:amd64 (2.88.0-1ubuntu0.1) ...
2026-09-28T02:52:41.6977527Z Setting up xvfb (2:21.1.22-1ubuntu1.2) ...
2026-09-28T02:52:41.8040425Z Setting up libglib2.0-bin (2.88.0-1ubuntu0.1) ...
2026-09-28T02:52:41.8068198Z Setting up xfonts-utils (1:7.7+7build1) ...
2026-09-28T02:52:41.8117029Z Setting up gir1.2-girepository-3.0:amd64 (2.88.0-1ubuntu0.1) ...
2026-09-28T02:52:41.8133267Z Setting up xfonts-cyrillic (1:1.0.5+nmu1build1) ...
2026-09-28T02:52:41.8737078Z Setting up xfonts-scalable (1:1.0.3-1.3build1) ...
2026-09-28T02:52:41.9087178Z Processing triggers for libc-bin (2.43-2ubuntu2.4) ...
2026-09-28T02:52:42.0953616Z Processing triggers for man-db (2.13.1-1build1) ...
2026-09-28T02:52:42.0973441Z Not building database; man-db/auto-update is not 'true'.
2026-09-28T02:52:42.0982341Z Processing triggers for fontconfig (2.17.1-3ubuntu1) ...
2026-09-28T02:52:42.6937732Z 
2026-09-28T02:52:42.6938548Z Running kernel seems to be up-to-date.
2026-09-28T02:52:42.6938914Z 
2026-09-28T02:52:42.6939133Z Restarting services...
2026-09-28T02:52:42.7465349Z  systemctl restart packagekit.service php8.5-fpm.service polkit.service udisks2.service
2026-09-28T02:52:42.9228771Z 
2026-09-28T02:52:42.9249428Z Service restarts being deferred:
2026-09-28T02:52:42.9250244Z  systemctl restart ModemManager.service
2026-09-28T02:52:42.9250908Z  systemctl restart hosted-compute-agent.service
2026-09-28T02:52:42.9263678Z  systemctl restart networkd-dispatcher.service
2026-09-28T02:52:42.9271105Z 
2026-09-28T02:52:42.9271315Z No containers need to be restarted.
2026-09-28T02:52:42.9271496Z 
2026-09-28T02:52:42.9271654Z No user sessions are running outdated binaries.
2026-09-28T02:52:42.9271836Z 
2026-09-28T02:52:42.9272066Z No VM guests are running outdated hypervisor (qemu) binaries on this host.
2026-09-28T02:52:43.6737111Z Downloading Chrome for Testing 153.0.8010.12 (playwright chromium v1243) from https://cdn.playwright.dev/builds/cft/153.0.8010.12/linux64/chrome-linux64.zip
2026-09-28T02:52:44.0365636Z |                                                                                |   0% of 186.8 MiB
2026-09-28T02:52:44.2494934Z |■■■■■■■■                                                                        |  10% of 186.8 MiB
2026-09-28T02:52:44.3710416Z |■■■■■■■■■■■■■■■■                                                                |  20% of 186.8 MiB
2026-09-28T02:52:44.4746128Z |■■■■■■■■■■■■■■■■■■■■■■■■                                                        |  30% of 186.8 MiB
2026-09-28T02:52:44.6019174Z |■■■■■■■■■■■■■■■■■■■■■■■■■■■■■■■■                                                |  40% of 186.8 MiB
2026-09-28T02:52:44.7373600Z |■■■■■■■■■■■■■■■■■■■■■■■■■■■■■■■■■■■■■■■■                                        |  50% of 186.8 MiB
2026-09-28T02:52:44.8577571Z |■■■■■■■■■■■■■■■■■■■■■■■■■■■■■■■■■■■■■■■■■■■■■■■■                                |  60% of 186.8 MiB
2026-09-28T02:52:44.9662176Z |■■■■■■■■■■■■■■■■■■■■■■■■■■■■■■■■■■■■■■■■■■■■■■■■■■■■■■■■                        |  70% of 186.8 MiB
2026-09-28T02:52:45.0744769Z |■■■■■■■■■■■■■■■■■■■■■■■■■■■■■■■■■■■■■■■■■■■■■■■■■■■■■■■■■■■■■■■■                |  80% of 186.8 MiB
2026-09-28T02:52:45.2361583Z |■■■■■■■■■■■■■■■■■■■■■■■■■■■■■■■■■■■■■■■■■■■■■■■■■■■■■■■■■■■■■■■■■■■■■■■■        |  90% of 186.8 MiB
2026-09-28T02:52:45.3875688Z |■■■■■■■■■■■■■■■■■■■■■■■■■■■■■■■■■■■■■■■■■■■■■■■■■■■■■■■■■■■■■■■■■■■■■■■■■■■■■■■■| 100% of 186.8 MiB
2026-09-28T02:52:47.6825182Z Chrome for Testing 153.0.8010.12 (playwright chromium v1243) downloaded to <CI_HOME>/.cache/ms-playwright/chromium-1243
2026-09-28T02:52:47.6828231Z Downloading FFmpeg (playwright ffmpeg v1011) from https://cdn.playwright.dev/dbazure/download/playwright/builds/ffmpeg/1011/ffmpeg-linux.zip
2026-09-28T02:52:48.0168570Z |                                                                                |   0% of 2.3 MiB
2026-09-28T02:52:48.0319965Z |■■■■■■■■                                                                        |  10% of 2.3 MiB
2026-09-28T02:52:48.0346994Z |■■■■■■■■■■■■■■■■                                                                |  20% of 2.3 MiB
2026-09-28T02:52:48.0383888Z |■■■■■■■■■■■■■■■■■■■■■■■■                                                        |  30% of 2.3 MiB
2026-09-28T02:52:48.0396796Z |■■■■■■■■■■■■■■■■■■■■■■■■■■■■■■■■                                                |  40% of 2.3 MiB
2026-09-28T02:52:48.0407899Z |■■■■■■■■■■■■■■■■■■■■■■■■■■■■■■■■■■■■■■■■                                        |  50% of 2.3 MiB
2026-09-28T02:52:48.0418346Z |■■■■■■■■■■■■■■■■■■■■■■■■■■■■■■■■■■■■■■■■■■■■■■■■                                |  60% of 2.3 MiB
2026-09-28T02:52:48.0453263Z |■■■■■■■■■■■■■■■■■■■■■■■■■■■■■■■■■■■■■■■■■■■■■■■■■■■■■■■■                        |  70% of 2.3 MiB
2026-09-28T02:52:48.0466489Z |■■■■■■■■■■■■■■■■■■■■■■■■■■■■■■■■■■■■■■■■■■■■■■■■■■■■■■■■■■■■■■■■                |  80% of 2.3 MiB
2026-09-28T02:52:48.0477177Z |■■■■■■■■■■■■■■■■■■■■■■■■■■■■■■■■■■■■■■■■■■■■■■■■■■■■■■■■■■■■■■■■■■■■■■■■        |  90% of 2.3 MiB
2026-09-28T02:52:48.0484310Z |■■■■■■■■■■■■■■■■■■■■■■■■■■■■■■■■■■■■■■■■■■■■■■■■■■■■■■■■■■■■■■■■■■■■■■■■■■■■■■■■| 100% of 2.3 MiB
2026-09-28T02:52:48.0937212Z FFmpeg (playwright ffmpeg v1011) downloaded to <CI_HOME>/.cache/ms-playwright/ffmpeg-1011
2026-09-28T02:52:48.0940180Z Downloading Chrome Headless Shell 153.0.8010.12 (playwright chromium-headless-shell v1243) from https://cdn.playwright.dev/builds/cft/153.0.8010.12/linux64/chrome-headless-shell-linux64.zip
2026-09-28T02:52:48.4422631Z |                                                                                |   0% of 114.3 MiB
2026-09-28T02:52:48.5582494Z |■■■■■■■■                                                                        |  10% of 114.3 MiB
2026-09-28T02:52:48.6392823Z |■■■■■■■■■■■■■■■■                                                                |  20% of 114.3 MiB
2026-09-28T02:52:48.7102775Z |■■■■■■■■■■■■■■■■■■■■■■■■                                                        |  30% of 114.3 MiB
2026-09-28T02:52:48.7612311Z |■■■■■■■■■■■■■■■■■■■■■■■■■■■■■■■■                                                |  40% of 114.3 MiB
2026-09-28T02:52:48.8139825Z |■■■■■■■■■■■■■■■■■■■■■■■■■■■■■■■■■■■■■■■■                                        |  50% of 114.3 MiB
2026-09-28T02:52:48.8624485Z |■■■■■■■■■■■■■■■■■■■■■■■■■■■■■■■■■■■■■■■■■■■■■■■■                                |  60% of 114.3 MiB
2026-09-28T02:52:48.9211287Z |■■■■■■■■■■■■■■■■■■■■■■■■■■■■■■■■■■■■■■■■■■■■■■■■■■■■■■■■                        |  70% of 114.3 MiB
2026-09-28T02:52:48.9665911Z |■■■■■■■■■■■■■■■■■■■■■■■■■■■■■■■■■■■■■■■■■■■■■■■■■■■■■■■■■■■■■■■■                |  80% of 114.3 MiB
2026-09-28T02:52:49.0321989Z |■■■■■■■■■■■■■■■■■■■■■■■■■■■■■■■■■■■■■■■■■■■■■■■■■■■■■■■■■■■■■■■■■■■■■■■■        |  90% of 114.3 MiB
2026-09-28T02:52:49.1079946Z |■■■■■■■■■■■■■■■■■■■■■■■■■■■■■■■■■■■■■■■■■■■■■■■■■■■■■■■■■■■■■■■■■■■■■■■■■■■■■■■■| 100% of 114.3 MiB
2026-09-28T02:52:50.7888049Z Chrome Headless Shell 153.0.8010.12 (playwright chromium-headless-shell v1243) downloaded to <CI_HOME>/.cache/ms-playwright/chromium_headless_shell-1243
2026-09-28T02:52:50.8198172Z ##[group]Run make build
2026-09-28T02:52:50.8198428Z [36;1mmake build[0m
2026-09-28T02:52:50.8250384Z shell: /usr/bin/bash -e {0}
2026-09-28T02:52:50.8250617Z env:
2026-09-28T02:52:50.8250841Z   pythonLocation: /opt/hostedtoolcache/Python/3.12.13/x64
2026-09-28T02:52:50.8251194Z   PKG_CONFIG_PATH: /opt/hostedtoolcache/Python/3.12.13/x64/lib/pkgconfig
2026-09-28T02:52:50.8251528Z   Python_ROOT_DIR: /opt/hostedtoolcache/Python/3.12.13/x64
2026-09-28T02:52:50.8251838Z   Python2_ROOT_DIR: /opt/hostedtoolcache/Python/3.12.13/x64
2026-09-28T02:52:50.8252152Z   Python3_ROOT_DIR: /opt/hostedtoolcache/Python/3.12.13/x64
2026-09-28T02:52:50.8252460Z   LD_LIBRARY_PATH: /opt/hostedtoolcache/Python/3.12.13/x64/lib
2026-09-28T02:52:50.8252715Z ##[endgroup]
2026-09-28T02:52:50.8342573Z bash scripts/node.sh npm --prefix apps/web run build
2026-09-28T02:52:50.9187102Z 
2026-09-28T02:52:50.9187636Z > @learning-workbench/web@0.1.0 build
2026-09-28T02:52:50.9188108Z > tsc --noEmit && vite build
2026-09-28T02:52:50.9188315Z 
2026-09-28T02:52:52.1578946Z [36mvite v8.3.0 [32mbuilding client environment for production...[36m[39m
2026-09-28T02:52:52.1672984Z transforming...
2026-09-28T02:52:52.3611180Z ✓ 748 modules transformed.
2026-09-28T02:52:52.4693818Z rendering chunks...
2026-09-28T02:52:52.6112561Z computing gzip size...
2026-09-28T02:52:52.6512573Z dist/index.html                       0.41 kB │ gzip:     0.32 kB
2026-09-28T02:52:52.6513154Z dist/assets/index-BN4pGsUm.css       40.90 kB │ gzip:     8.53 kB
2026-09-28T02:52:52.6513610Z dist/assets/index-BH0UJ1cd.js     1,305.96 kB │ gzip:   285.37 kB
2026-09-28T02:52:52.6514049Z dist/assets/Markdown-0YFPTSiF.js  2,939.32 kB │ gzip: 1,098.70 kB
2026-09-28T02:52:52.6514255Z 
2026-09-28T02:52:52.6515966Z [32m✓ built in 493ms[39m
2026-09-28T02:52:52.6521961Z [33m[plugin builtin:vite-reporter] 
2026-09-28T02:52:52.6522528Z (!) Some chunks are larger than 500 kB after minification. Consider:
2026-09-28T02:52:52.6523244Z - Using dynamic import() to code-split the application
2026-09-28T02:52:52.6523888Z - Use build.rolldownOptions.output.codeSplitting to improve chunking: https://rolldown.rs/reference/OutputOptions.codeSplitting
2026-09-28T02:52:52.6524593Z - Adjust chunk size limit for this warning via build.chunkSizeWarningLimit.[39m
2026-09-28T02:52:52.6786655Z ##[group]Run make test-e2e
2026-09-28T02:52:52.6786900Z [36;1mmake test-e2e[0m
2026-09-28T02:52:52.6838261Z shell: /usr/bin/bash -e {0}
2026-09-28T02:52:52.6838481Z env:
2026-09-28T02:52:52.6838712Z   pythonLocation: /opt/hostedtoolcache/Python/3.12.13/x64
2026-09-28T02:52:52.6839059Z   PKG_CONFIG_PATH: /opt/hostedtoolcache/Python/3.12.13/x64/lib/pkgconfig
2026-09-28T02:52:52.6839394Z   Python_ROOT_DIR: /opt/hostedtoolcache/Python/3.12.13/x64
2026-09-28T02:52:52.6839693Z   Python2_ROOT_DIR: /opt/hostedtoolcache/Python/3.12.13/x64
2026-09-28T02:52:52.6839999Z   Python3_ROOT_DIR: /opt/hostedtoolcache/Python/3.12.13/x64
2026-09-28T02:52:52.6840318Z   LD_LIBRARY_PATH: /opt/hostedtoolcache/Python/3.12.13/x64/lib
2026-09-28T02:52:52.6840680Z   LEARNING_E2E_OUTPUT_DIR: <CI_HOME>/work/_temp/learning-workbench-e2e-results
2026-09-28T02:52:52.6840994Z ##[endgroup]
2026-09-28T02:52:52.6916836Z bash scripts/node.sh npm --prefix apps/web run test:e2e
2026-09-28T02:52:52.7758942Z 
2026-09-28T02:52:52.7759351Z > @learning-workbench/web@0.1.0 test:e2e
2026-09-28T02:52:52.7759966Z > playwright test --config ../../tests/e2e/playwright.config.ts
2026-09-28T02:52:52.7760302Z 
2026-09-28T02:52:55.9540331Z [WebServer] INFO:     Started server process [3072]
2026-09-28T02:52:55.9541129Z [WebServer] INFO:     Waiting for application startup.
2026-09-28T02:52:56.0586087Z [WebServer] INFO:     Application startup complete.
2026-09-28T02:52:56.0586950Z [WebServer] INFO:     Uvicorn running on http://127.0.0.1:8765 (Press CTRL+C to quit)
2026-09-28T02:52:57.7826807Z 
2026-09-28T02:52:57.7827739Z Running 102 tests using 1 worker
2026-09-28T02:52:57.7828712Z 
2026-09-28T02:53:26.1756177Z   ✓    1 ../../tests/e2e/assessment-restart.spec.ts:43:1 › same assessment instance rejects forged course and assessment hashes while its independent policy remains active (28.0s)
2026-09-28T02:53:44.8204561Z   ✓    2 ../../tests/e2e/assessment-restart.spec.ts:112:1 › actual browser and API restarts retain independent drafts and keep old solution receipts protected after submission (18.6s)
2026-09-28T02:53:52.5437090Z   ✓    3 ../../tests/e2e/assessment-submit.spec.ts:7:1 › a pending real submission remains unsubmitted until its exact acknowledgement, then exposes only the actual grading result (7.7s)
2026-09-28T02:54:02.7753106Z   ✓    4 ../../tests/e2e/assessments.spec.ts:41:1 › real unreviewed independent assessment saves five types and submits without fabricated grades or answer calls (10.2s)
2026-09-28T02:54:14.9055174Z   ✓    5 ../../tests/e2e/assessments.spec.ts:90:1 › open-book and assisted freeze actual policies; explicit abandon retains saved answers and yields no score (12.1s)
2026-09-28T02:54:27.5586909Z   ✓    6 ../../tests/e2e/assessments.spec.ts:109:1 › two profiles retain a real server CAS conflict with three-way comparison and reject forged same-identity parent (12.5s)
2026-09-28T02:54:33.9304665Z   ✓    7 ../../tests/e2e/assessments.spec.ts:138:1 › missing private binding visibly blocks start instead of fabricating a usable test (6.4s)
2026-09-28T02:54:49.5203057Z   ✓    8 ../../tests/e2e/assessments.spec.ts:145:1 › two pages preserve independent local CAS candidates; a later submitted snapshot never accepts restored edits (15.6s)
2026-09-28T02:55:01.0324509Z   ✓    9 ../../tests/e2e/assessments.spec.ts:251:1 › late redacted Workbench save uses its original ETag and retains hidden selection after explicit three-way choice (11.5s)
2026-09-28T02:55:11.3344414Z   ✓   10 ../../tests/e2e/assessments.spec.ts:295:1 › a genuine solution response held in flight cannot appear after another page starts an open-book assessment (10.3s)
2026-09-28T02:55:30.7380271Z   ✓   11 ../../tests/e2e/authoring-groups.spec.ts:235:1 › native lesson group preserves its plan and formulas, then separately declines and executes one exact numeric member (19.4s)
2026-09-28T02:55:45.4339029Z   ✓   12 ../../tests/e2e/authoring-groups.spec.ts:294:1 › native practice group replays its lost prepare ACK with one key and clears explicitly read private answers after permission changes (14.7s)
2026-09-28T02:56:06.7168088Z   ✓   13 ../../tests/e2e/authoring-groups.spec.ts:350:1 › native assessment group keeps explicit modes and time, checks its exact private numeric plan, and cancels a separate unconsented job under a permission lock (21.3s)
2026-09-28T02:56:11.8800818Z   ✓   14 ../../tests/e2e/authoring.spec.ts:80:1 › actual Authoring preparation diagnoses missing proof without dispatch and learner can recover safe cancellation (5.2s)
2026-09-28T02:56:26.5517125Z   ✓   15 ../../tests/e2e/authoring.spec.ts:110:1 › explicit same-Job loopback grant creates a draft and numeric preview needs its own decision (14.7s)
2026-09-28T02:56:32.0143251Z 
2026-09-28T02:56:32.0182457Z   ✓   16 ../../tests/e2e/document-imports.spec.ts:87:1 › real two-page PDF keeps exact page citations, guarded original bytes and explicit fidelity approval (5.4s)
2026-09-28T02:56:36.9918318Z 
2026-09-28T02:56:36.9920313Z   ✓   17 ../../tests/e2e/document-imports.spec.ts:127:1 › real DOCX safe text stays readable for learner while original bytes require an explicit author role (5.0s)
2026-09-28T02:56:40.9326046Z 
2026-09-28T02:56:40.9359815Z   ✓   18 ../../tests/e2e/document-imports.spec.ts:202:1 › a real scanned PDF fails without invented text or OCR and its local original is checked explicitly after reload (3.9s)
2026-09-28T02:56:45.9955746Z 
2026-09-28T02:56:45.9969732Z   ✓   19 ../../tests/e2e/document-imports.spec.ts:236:3 › real encrypted.pdf extraction failure remains blocked and preserves its original hash (5.0s)
2026-09-28T02:56:49.1936634Z 
2026-09-28T02:56:49.1938683Z   ✓   20 ../../tests/e2e/document-imports.spec.ts:236:3 › real malformed.docx extraction failure remains blocked and preserves its original hash (3.2s)
2026-09-28T02:56:57.7564518Z   ✓   21 ../../tests/e2e/draft-review.spec.ts:17:1 › real imported candidate review keeps original ACK, authenticated report bytes and explicit rejected decision across reload (8.5s)
2026-09-28T02:57:08.3617109Z   ✓   22 ../../tests/e2e/grading-recovery.spec.ts:57:1 › a real failed regrade survives reload and can recover from the last actual grade without losing the old submission (10.6s)
2026-09-28T02:57:23.1998604Z   ✓   23 ../../tests/e2e/grading-restart.spec.ts:50:1 › real browser and API restarts preserve the submitted answers, signed review and both grading revisions (14.8s)
2026-09-28T02:57:37.5199580Z   ✓   24 ../../tests/e2e/grading.spec.ts:34:1 › unreviewed original content stays null until an explicit author form creates a signed new grade without altering its reference approval (14.3s)
2026-09-28T02:57:51.0030098Z   ✓   25 ../../tests/e2e/grading.spec.ts:66:1 › two browser profiles keep a stale manual-review baseline through an actual 412 before explicit three-way rebase (13.5s)
2026-09-28T02:58:02.5982851Z   ✓   26 ../../tests/e2e/grading.spec.ts:81:1 › a failed manual request preserves its durable exact command and editable author draft after browser reload (11.6s)
2026-09-28T02:58:04.9240534Z   ✓   27 ../../tests/e2e/import-admission.spec.ts:8:1 › import admission waits for real Policy after UI saved and never replays a rejected click (2.3s)
2026-09-28T02:58:16.6044681Z   ✓   28 ../../tests/e2e/import-admission.spec.ts:65:1 › real independent Policy preserves an open import selection and restores only explicit admission (11.7s)
2026-09-28T02:58:26.5039401Z   ✓   29 ../../tests/e2e/imports-policy.spec.ts:11:1 › an open author import retains its task across independent start and submit but rechecks pending-answer protection before restoring content (9.9s)
2026-09-28T02:58:32.3343648Z   ✓   30 ../../tests/e2e/imports-policy.spec.ts:61:1 › a reselected failed original survives a role-policy pause in memory while decoded text must be checked again (5.8s)
2026-09-28T02:58:37.3207112Z   ✓   31 ../../tests/e2e/imports.spec.ts:111:1 › real Markdown upload stays staged, previews and downloads exact bytes, restores and commits exact course refs (5.0s)
2026-09-28T02:58:40.9660459Z   ✓   32 ../../tests/e2e/imports.spec.ts:190:1 › safe HTML warning requires explicit acceptance and native cancel leaves courses untouched (3.6s)
2026-09-28T02:58:46.1530333Z   ✓   33 ../../tests/e2e/imports.spec.ts:218:1 › UTF-8 text can target a real existing course and creates a newer exact revision (5.2s)
2026-09-28T02:58:49.5271894Z   ✓   34 ../../tests/e2e/imports.spec.ts:234:1 › upload request failure keeps the selected file; preview failure keeps the recovery ID and explicit retry works (3.4s)
2026-09-28T02:58:54.2432679Z 
2026-09-28T02:58:54.2497232Z   ✓   35 ../../tests/e2e/imports.spec.ts:254:1 › author package requires explicit role change and clears the private preview after returning to learner (4.7s)
2026-09-28T02:58:57.5576984Z   ✓   36 ../../tests/e2e/imports.spec.ts:290:1 › a real invalid UTF-8 parse shows a blocking error and cannot be confirmed (3.3s)
2026-09-28T02:59:03.6431773Z 
2026-09-28T02:59:03.6476383Z   ✓   37 ../../tests/e2e/imports.spec.ts:311:1 › local encoding choice preserves the failed original and creates a separately confirmed UTF-8 import (6.1s)
2026-09-28T02:59:08.7663509Z 
2026-09-28T02:59:08.7689788Z   ✓   38 ../../tests/e2e/imports.spec.ts:379:1 › deferred author preview and original responses cannot restore content after the role is lowered (5.1s)
2026-09-28T02:59:23.9929544Z   ✓   39 ../../tests/e2e/learning-state-restart.spec.ts:47:1 › actual browser and API restarts preserve profile candidates, exact route overrides and original reading sources (15.2s)
2026-09-28T02:59:31.2199513Z   ✓   40 ../../tests/e2e/learning-state.spec.ts:12:1 › real self-report persists a lost-ACK command once and never creates independent evidence (7.2s)
2026-09-28T02:59:41.5034768Z   ✓   41 ../../tests/e2e/learning-state.spec.ts:30:1 › actual unreviewed submission stays excluded and its precise sources disappear when another page starts independent work (10.3s)
2026-09-28T02:59:46.1510331Z   ✓   42 ../../tests/e2e/learning-state.spec.ts:45:1 › a quota-failed profile remains mounted when a global command tries to leave it (4.6s)
2026-09-28T02:59:53.6654329Z   ✓   43 ../../tests/e2e/notes-lifecycle.spec.ts:32:1 › a concurrent note move to another block remains recoverable by stable note ID after a real 412 (7.5s)
2026-09-28T03:00:01.1215123Z   ✓   44 ../../tests/e2e/notes-lifecycle.spec.ts:64:1 › soft deleting a server note preserves its unsynced local continuation for explicit recovery (7.5s)
2026-09-28T03:00:09.8401259Z   ✓   45 ../../tests/e2e/practice-restart.spec.ts:20:1 › same practice tab identity rejects changed frozen parent or child hashes and preserves the original session (8.7s)
2026-09-28T03:00:23.4125417Z   ✓   46 ../../tests/e2e/practice-restart.spec.ts:66:1 › actual browser close and API restart retain practice identity, exposure and an unsynced local response (13.6s)
2026-09-28T03:00:32.1532947Z   ✓   47 ../../tests/e2e/practice.spec.ts:26:1 › five real question kinds save and refresh; hints and solutions require explicit exposure; submit is ungraded (8.7s)
2026-09-28T03:00:42.1999532Z   ✓   48 ../../tests/e2e/practice.spec.ts:87:1 › offline recovery keeps the local candidate when session GET was also unavailable and reconnect compares its base (10.0s)
2026-09-28T03:00:52.8850148Z   ✓   49 ../../tests/e2e/practice.spec.ts:113:1 › two real browser profiles produce a server CAS conflict with base local and remote before explicit choice (10.7s)
2026-09-28T03:01:00.2059677Z   ✓   50 ../../tests/e2e/practice.spec.ts:138:1 › missing private solution fails closed and a forged same-identity parent never replaces the existing practice tab (7.3s)
2026-09-28T03:01:14.3722647Z   ✓   51 ../../tests/e2e/practice.spec.ts:159:1 › two pages keep their durable local candidates and closing an unsynced practice requires explicit retention (14.2s)
2026-09-28T03:01:19.9383971Z   ✓   52 ../../tests/e2e/provider-settings.spec.ts:53:1 › real settings persist control configuration and temporary secrets without claiming production generation (5.5s)
2026-09-28T03:01:27.6960453Z   ✓   53 ../../tests/e2e/provider-settings.spec.ts:84:1 › real config lost ACK restores the original command after browser/API restart and reads later current state separately (7.7s)
2026-09-28T03:01:35.7481066Z   ✓   54 ../../tests/e2e/provider-settings.spec.ts:112:1 › actual independent assessment policy keeps settings controls available and denies subject consent reads (8.0s)
2026-09-28T03:01:40.2073349Z   ✓   55 ../../tests/e2e/provider-settings.spec.ts:142:41 › secret controls use an actual newer readback while the parent refresh is held; peer change false (4.5s)
2026-09-28T03:01:44.8378728Z   ✓   56 ../../tests/e2e/provider-settings.spec.ts:142:41 › secret controls use an actual newer readback while the parent refresh is held; peer change true (4.6s)
2026-09-28T03:01:57.0878610Z   ✓   57 ../../tests/e2e/reader-conflict-layout.spec.ts:97:1 › real session conflict preserves the scrolled submitted explanation and requires an explicit comparison choice (12.2s)
2026-09-28T03:02:05.9689858Z   ✓   58 ../../tests/e2e/reader-conflict-layout.spec.ts:178:1 › real session conflict keeps the same enabled assessment input focused and visible in the shortened reader (8.9s)
2026-09-28T03:02:18.6878143Z   ✓   59 ../../tests/e2e/reader-restart.spec.ts:13:1 › actual browser close and API process restart retain imported references, notes, progress and Reader position (12.7s)
2026-09-28T03:02:25.4979742Z   ✓   60 ../../tests/e2e/reader.spec.ts:33:1 › real imported directory, title search, worked-example link, long formula and frozen original download (6.8s)
2026-09-28T03:02:32.4651630Z   ✓   61 ../../tests/e2e/reader.spec.ts:67:1 › second repeated rendered selection preserves exact source codepoints, saves note, edits and soft deletes (7.0s)
2026-09-28T03:02:38.3860090Z   ✓   62 ../../tests/e2e/reader.spec.ts:98:1 › native source keyboard selection creates exact Markdown codepoints without rendered-text guessing (5.9s)
2026-09-28T03:02:47.4112809Z   ✓   63 ../../tests/e2e/reader.spec.ts:123:1 › offline local note recovery and a real concurrent server revision show three-way comparison before CAS save (9.0s)
2026-09-28T03:02:56.9462799Z   ✓   64 ../../tests/e2e/reader.spec.ts:171:1 › historical course revisions stay in separate exact tabs and hash-mismatched links preserve unresolved reference (9.5s)
2026-09-28T03:03:07.0349066Z 
2026-09-28T03:03:07.0389835Z   ✓   65 ../../tests/e2e/reader.spec.ts:209:1 › a private original authorized before a cross-profile role decrease cannot trigger a late browser download (10.1s)
2026-09-28T03:03:18.5395643Z   ✓   66 ../../tests/e2e/recommendations.spec.ts:56:1 › real recommendation decisions recover a lost ACK across browser and API restart without rewriting later decisions or learning facts (11.5s)
2026-09-28T03:03:28.8962464Z   ✓   67 ../../tests/e2e/recommendations.spec.ts:90:1 › real local suggestions cover another imported textbook and open its complete original refs independently of acceptance (10.4s)
2026-09-28T03:03:38.6375102Z   ✓   68 ../../tests/e2e/recommendations.spec.ts:110:1 › real offline and stale decision candidates require explicit 412 correction and current independent policy hides delayed subject sources (9.7s)
2026-09-28T03:03:46.4501853Z   ✓   69 ../../tests/e2e/recommendations.spec.ts:151:1 › a controlled archived fixture makes the real historical recommendation stale and its formerly current UI cannot open the old target (7.8s)
2026-09-28T03:03:55.2313390Z   ✓   70 ../../tests/e2e/responsive-layout.spec.ts:43:1 › narrow layout and submitted explanation remain visible before React resize listeners run (8.8s)
2026-09-28T03:04:17.7500342Z   ✓   71 ../../tests/e2e/retrieval.spec.ts:47:1 › real explicit cold scope, original rebuild Job, complete hits/no match/resource omission and unchanged historical scope (22.5s)
2026-09-28T03:04:34.2385235Z   ✓   72 ../../tests/e2e/review.spec.ts:35:1 › real history and exact material review preserve original submitted text, null scores and a selected old revision after reload (16.5s)
2026-09-28T03:04:46.5933570Z   ✓   73 ../../tests/e2e/review.spec.ts:76:1 › a delayed old review response cannot restore history or academic context after another page starts a real independent attempt (12.3s)
2026-09-28T03:04:50.2680116Z   ✓   74 ../../tests/e2e/route-draft-input.spec.ts:9:60 › native route goal input survives its own initial draft save_first delivery after focus (3.7s)
2026-09-28T03:04:53.9165410Z   ✓   75 ../../tests/e2e/route-draft-input.spec.ts:9:60 › native route goal input survives its own initial draft load_first delivery after focus (3.6s)
2026-09-28T03:05:01.2255792Z   ✓   76 ../../tests/e2e/routes.spec.ts:10:1 › real route creation, reminder, manual false, reordered revision and exact target navigation preserve history (7.3s)
2026-09-28T03:05:06.9335920Z   ✓   77 ../../tests/e2e/tutor-diagnostic.spec.ts:5:1 › diagnostic retains the original five-second failure and a completed peer read without collecting private text (5.7s)
2026-09-28T03:05:07.2064221Z   ✓   78 ../../tests/e2e/tutor-diagnostic.spec.ts:33:1 › diagnostic closes metadata, freezes delivered ordinals and leaves missing observations unknown (259ms)
2026-09-28T03:05:17.2160262Z   ✓   79 ../../tests/e2e/tutor.spec.ts:19:1 › real Tutor thread and prepared Run recover, diagnose missing proof and cancel without a model call (10.0s)
2026-09-28T03:05:33.4256079Z   ✓   80 ../../tests/e2e/tutor.spec.ts:78:1 › lost Run ACK replays original bytes and cross-page open-book hides academic content while retaining cancellation (16.2s)
2026-09-28T03:05:49.9682011Z   ✓   81 ../../tests/e2e/tutor.spec.ts:148:1 › explicit same-Run consent uses the real loopback protocol and restores raw answer without upgrading evidence (16.5s)
2026-09-28T03:05:53.6559750Z   ✓   82 ../../tests/e2e/workbench-initial-recovery.spec.ts:6:3 › initial workbench recovery keeps the saved lesson and waits for the real session at 1440px (3.7s)
2026-09-28T03:05:58.3399525Z   ✓   83 ../../tests/e2e/workbench-initial-recovery.spec.ts:6:3 › initial workbench recovery keeps the saved lesson and waits for the real session at 390px (4.7s)
2026-09-28T03:06:00.4920306Z   ✓   84 ../../tests/e2e/workbench.spec.ts:5:1 › empty workspace, native bootstrap, four fixed navigation and truthful auxiliary states (2.1s)
2026-09-28T03:06:03.7041169Z   ✓   85 ../../tests/e2e/workbench.spec.ts:22:1 › real keyboard and mouse resize, native drawers, focus return and restored layout (3.2s)
2026-09-28T03:06:08.0285463Z   ✓   86 ../../tests/e2e/workbench.spec.ts:43:1 › object drafts survive preview switches, close choice and browser reload without fake sending (4.3s)
2026-09-28T03:06:16.2440601Z   ✓   87 ../../tests/e2e/workbench.spec.ts:60:1 › server CAS conflict is visible, local object drafts survive and explicit readback recovers (8.2s)
2026-09-28T03:06:20.9690267Z   ✓   88 ../../tests/e2e/workbench.spec.ts:73:1 › offline pending UI is restored after actual connection recovery (4.7s)
2026-09-28T03:06:23.9993463Z   ✓   89 ../../tests/e2e/workbench.spec.ts:85:1 › actual MathJax, no runtime errors, long formula local scrolling, all screenshot sizes (3.0s)
2026-09-28T03:06:31.0313786Z   ✓   90 ../../tests/e2e/workbench.spec.ts:112:1 › two browser pages keep drafts for different objects in native IndexedDB (7.0s)
2026-09-28T03:06:34.1799952Z   ✓   91 ../../tests/e2e/workbench.spec.ts:130:1 › exact reference mismatch stays unresolved and preserves the original snapshot (3.1s)
2026-09-28T03:06:39.4400132Z   ✓   92 ../../tests/e2e/workbench.spec.ts:147:1 › cold lazy renderer restores saved reading offset after the content is ready (5.2s)
2026-09-28T03:06:47.3160024Z   ✓   93 ../../tests/e2e/workbench.spec.ts:167:1 › native concurrent same-object transactions preserve both candidates and expose explicit recovery (7.9s)
2026-09-28T03:06:52.1326988Z   ✓   94 ../../tests/e2e/workbench.spec.ts:200:1 › directory history restores the current course and navigation entry (4.8s)
2026-09-28T03:06:55.8740532Z   ✓   95 ../../tests/e2e/workbench.spec.ts:212:1 › UI cache quota failure stays visibly unsaved until the real server acknowledges (3.7s)
2026-09-28T03:06:59.7099035Z   ✓   96 ../../tests/e2e/workbench.spec.ts:229:1 › offline UI candidates from two pages remain separate on reload (3.8s)
2026-09-28T03:07:07.0983810Z   ✓   97 ../../tests/e2e/workbench.spec.ts:250:1 › quota-only memory candidate with a changed server baseline shows three-way comparison before explicit CAS (7.4s)
2026-09-28T03:07:11.5868203Z   ✓   98 ../../tests/e2e/workbench.spec.ts:283:1 › per-object details and focus survive A to B to A and browser reload after lazy content readiness (4.5s)
2026-09-28T03:07:15.2096456Z   ✓   99 ../../tests/e2e/workbench.spec.ts:302:1 › first unsent-draft conflict shows original, local and stored text before any reload or choice (3.6s)
2026-09-28T03:07:19.6514200Z   ✓  100 ../../tests/e2e/workbench.spec.ts:332:1 › route directory stays honestly empty and continue reading restores the exact last lesson (4.4s)
2026-09-28T03:07:23.0600843Z   ✓  101 ../../tests/e2e/workbench.spec.ts:354:1 › native keyboard selection updates frozen-reference preview and ambiguous source matches are refused (3.4s)
2026-09-28T03:07:27.0255700Z   ✓  102 ../../tests/e2e/zoom.spec.ts:5:1 › real browser 200 percent zoom reflows CSS width through Chrome appearance setting (4.0s)
2026-09-28T03:07:27.1586947Z 
2026-09-28T03:07:27.1592944Z   102 passed (14.6m)
2026-09-28T03:07:27.2110597Z Post job cleanup.
2026-09-28T03:07:27.3143963Z Post job cleanup.
2026-09-28T03:07:27.4383780Z Post job cleanup.
2026-09-28T03:07:27.5069389Z [command]/usr/bin/git version
2026-09-28T03:07:27.5110850Z git version 2.55.0
2026-09-28T03:07:27.5142586Z Temporarily overriding HOME='<CI_HOME>/work/_temp/df5b3ad0-c141-42da-9ed1-cd836adfdd13' before making global git config changes
2026-09-28T03:07:27.5143682Z Adding repository directory to the temporary git global config as a safe directory
2026-09-28T03:07:27.5146670Z [command]/usr/bin/git config --global --add safe.directory <CI_HOME>/work/Learning_Workbench/Learning_Workbench
2026-09-28T03:07:27.5176810Z Removing SSH command configuration
2026-09-28T03:07:27.5181992Z [command]/usr/bin/git config --local --name-only --get-regexp core\.sshCommand
2026-09-28T03:07:27.5214078Z [command]/usr/bin/git submodule foreach --recursive sh -c "git config --local --name-only --get-regexp 'core\.sshCommand' && git config --local --unset-all 'core.sshCommand' || :"
2026-09-28T03:07:27.5489414Z Removing HTTP extra header
2026-09-28T03:07:27.5494700Z [command]/usr/bin/git config --local --name-only --get-regexp http\.https\:\/\/github\.com\/\.extraheader
2026-09-28T03:07:27.5543838Z [command]/usr/bin/git submodule foreach --recursive sh -c "git config --local --name-only --get-regexp 'http\.https\:\/\/github\.com\/\.extraheader' && git config --local --unset-all 'http.https://github.com/.extraheader' || :"
2026-09-28T03:07:27.5801761Z Removing includeIf entries pointing to credentials config files
2026-09-28T03:07:27.5808579Z [command]/usr/bin/git config --local --name-only --get-regexp ^includeIf\.gitdir:
2026-09-28T03:07:27.5835537Z includeif.gitdir:<CI_HOME>/work/Learning_Workbench/Learning_Workbench/.git.path
2026-09-28T03:07:27.5836820Z includeif.gitdir:<CI_HOME>/work/Learning_Workbench/Learning_Workbench/.git/worktrees/*.path
2026-09-28T03:07:27.5837735Z includeif.gitdir:/github/workspace/.git.path
2026-09-28T03:07:27.5838540Z includeif.gitdir:/github/workspace/.git/worktrees/*.path
2026-09-28T03:07:27.5842357Z [command]/usr/bin/git config --local --get-all includeif.gitdir:<CI_HOME>/work/Learning_Workbench/Learning_Workbench/.git.path
2026-09-28T03:07:27.5863617Z <CI_HOME>/work/_temp/git-credentials-2f454a34-6e24-4d1b-b03e-9a380885853e.config
2026-09-28T03:07:27.5871714Z [command]/usr/bin/git config --local --unset includeif.gitdir:<CI_HOME>/work/Learning_Workbench/Learning_Workbench/.git.path \/home\/runner\/work\/_temp\/git\-credentials\-2f454a34\-6e24\-4d1b\-b03e\-9a380885853e\.config
2026-09-28T03:07:27.5906438Z [command]/usr/bin/git config --local --get-all includeif.gitdir:<CI_HOME>/work/Learning_Workbench/Learning_Workbench/.git/worktrees/*.path
2026-09-28T03:07:27.5933104Z <CI_HOME>/work/_temp/git-credentials-2f454a34-6e24-4d1b-b03e-9a380885853e.config
2026-09-28T03:07:27.5939972Z [command]/usr/bin/git config --local --unset includeif.gitdir:<CI_HOME>/work/Learning_Workbench/Learning_Workbench/.git/worktrees/*.path \/home\/runner\/work\/_temp\/git\-credentials\-2f454a34\-6e24\-4d1b\-b03e\-9a380885853e\.config
2026-09-28T03:07:27.5968561Z [command]/usr/bin/git config --local --get-all includeif.gitdir:/github/workspace/.git.path
2026-09-28T03:07:27.5987698Z /github/runner_temp/git-credentials-2f454a34-6e24-4d1b-b03e-9a380885853e.config
2026-09-28T03:07:27.5993332Z [command]/usr/bin/git config --local --unset includeif.gitdir:/github/workspace/.git.path \/github\/runner_temp\/git\-credentials\-2f454a34\-6e24\-4d1b\-b03e\-9a380885853e\.config
2026-09-28T03:07:27.6022356Z [command]/usr/bin/git config --local --get-all includeif.gitdir:/github/workspace/.git/worktrees/*.path
2026-09-28T03:07:27.6042025Z /github/runner_temp/git-credentials-2f454a34-6e24-4d1b-b03e-9a380885853e.config
2026-09-28T03:07:27.6079643Z [command]/usr/bin/git config --local --unset includeif.gitdir:/github/workspace/.git/worktrees/*.path \/github\/runner_temp\/git\-credentials\-2f454a34\-6e24\-4d1b\-b03e\-9a380885853e\.config
2026-09-28T03:07:27.6110005Z [command]/usr/bin/git submodule foreach --recursive git config --local --show-origin --name-only --get-regexp remote.origin.url
2026-09-28T03:07:27.6354141Z Removing credentials config '<CI_HOME>/work/_temp/git-credentials-2f454a34-6e24-4d1b-b03e-9a380885853e.config'
2026-09-28T03:07:27.6496423Z Cleaning up orphan processes
