2026-09-28T02:52:10.0976632Z Current runner version: '2.337.0'
2026-09-28T02:52:10.1002646Z ##[group]Runner Image Provisioner
2026-09-28T02:52:10.1003702Z Hosted Compute Agent
2026-09-28T02:52:10.1004331Z Version: 20260828.587
2026-09-28T02:52:10.1005036Z Commit: abac92662cab4cc7352de4f9f9d2e2419aad9c29
2026-09-28T02:52:10.1005818Z Build Date: 2026-08-28T16:44:25Z
2026-09-28T02:52:10.1006511Z Worker ID: {38ac9167-881b-48c0-8704-1bfddd34877b}
2026-09-28T02:52:10.1007315Z Azure Region: westus2
2026-09-28T02:52:10.1007897Z ##[endgroup]
2026-09-28T02:52:10.1009615Z ##[group]Operating System
2026-09-28T02:52:10.1010394Z Ubuntu
2026-09-28T02:52:10.1010940Z 24.04.5
2026-09-28T02:52:10.1011591Z LTS
2026-09-28T02:52:10.1012118Z ##[endgroup]
2026-09-28T02:52:10.1012665Z ##[group]Runner Image
2026-09-28T02:52:10.1013353Z Image: ubuntu-24.04
2026-09-28T02:52:10.1013937Z Version: 20260920.314.1
2026-09-28T02:52:10.1015261Z Included Software: https://github.com/actions/runner-images/blob/ubuntu24/20260920.314/images/ubuntu/Ubuntu2404-Readme.md
2026-09-28T02:52:10.1016866Z Image Release: https://github.com/actions/runner-images/releases/tag/ubuntu24%2F20260920.314
2026-09-28T02:52:10.1017918Z ##[endgroup]
2026-09-28T02:52:10.1019278Z ##[group]GITHUB_TOKEN Permissions
2026-09-28T02:52:10.1021495Z Contents: read
2026-09-28T02:52:10.1022117Z Metadata: read
2026-09-28T02:52:10.1022748Z ##[endgroup]
2026-09-28T02:52:10.1024865Z Secret source: Actions
2026-09-28T02:52:10.1025964Z Cache mode: write
2026-09-28T02:52:10.1026698Z Prepare workflow directory
2026-09-28T02:52:10.1413594Z Prepare all required actions
2026-09-28T02:52:10.1466522Z Getting action download info
2026-09-28T02:52:10.5044623Z Download action repository 'actions/checkout@3d3c42e5aac5ba805825da76410c181273ba90b1' (SHA:3d3c42e5aac5ba805825da76410c181273ba90b1)
2026-09-28T02:52:10.6072123Z Download action repository 'actions/setup-node@820762786026740c76f36085b0efc47a31fe5020' (SHA:820762786026740c76f36085b0efc47a31fe5020)
2026-09-28T02:52:10.7945545Z Complete job name: frontend
2026-09-28T02:52:10.8744173Z ##[group]Run actions/checkout@3d3c42e5aac5ba805825da76410c181273ba90b1
2026-09-28T02:52:10.8745262Z with:
2026-09-28T02:52:10.8745732Z   repository: kl3574/Learning_Workbench
2026-09-28T02:52:10.8749915Z   token: ***
2026-09-28T02:52:10.8750368Z   ssh-strict: true
2026-09-28T02:52:10.8750826Z   ssh-user: git
2026-09-28T02:52:10.8751285Z   persist-credentials: true
2026-09-28T02:52:10.8751781Z   clean: true
2026-09-28T02:52:10.8752235Z   sparse-checkout-cone-mode: true
2026-09-28T02:52:10.8752771Z   fetch-depth: 1
2026-09-28T02:52:10.8753213Z   fetch-tags: false
2026-09-28T02:52:10.8753660Z   show-progress: true
2026-09-28T02:52:10.8754116Z   lfs: false
2026-09-28T02:52:10.8754536Z   submodules: false
2026-09-28T02:52:10.8754988Z   set-safe-directory: true
2026-09-28T02:52:10.8755504Z   allow-unsafe-pr-checkout: false
2026-09-28T02:52:10.8756322Z ##[endgroup]
2026-09-28T02:52:10.9727120Z Syncing repository: kl3574/Learning_Workbench
2026-09-28T02:52:10.9729841Z ##[group]Getting Git version info
2026-09-28T02:52:10.9730806Z Working directory is '<CI_HOME>/work/Learning_Workbench/Learning_Workbench'
2026-09-28T02:52:10.9732098Z [command]/usr/bin/git version
2026-09-28T02:52:10.9866691Z git version 2.55.0
2026-09-28T02:52:10.9893347Z ##[endgroup]
2026-09-28T02:52:10.9904611Z Temporarily overriding HOME='<CI_HOME>/work/_temp/6f55d888-233a-439f-be26-23fa1f423678' before making global git config changes
2026-09-28T02:52:10.9907256Z Adding repository directory to the temporary git global config as a safe directory
2026-09-28T02:52:10.9912011Z [command]/usr/bin/git config --global --add safe.directory <CI_HOME>/work/Learning_Workbench/Learning_Workbench
2026-09-28T02:52:10.9972715Z Deleting the contents of '<CI_HOME>/work/Learning_Workbench/Learning_Workbench'
2026-09-28T02:52:10.9976758Z ##[group]Determining repository object format
2026-09-28T02:52:10.9978924Z ##[endgroup]
2026-09-28T02:52:10.9980400Z ##[group]Initializing the repository
2026-09-28T02:52:10.9983931Z [command]/usr/bin/git init <CI_HOME>/work/Learning_Workbench/Learning_Workbench
2026-09-28T02:52:11.0109582Z hint: Using 'master' as the name for the initial branch. This default branch name
2026-09-28T02:52:11.0111772Z hint: will change to "main" in Git 3.0. To configure the initial branch name
2026-09-28T02:52:11.0113608Z hint: to use in all of your new repositories, which will suppress this warning,
2026-09-28T02:52:11.0115211Z hint: call:
2026-09-28T02:52:11.0116327Z hint:
2026-09-28T02:52:11.0117565Z hint: 	git config --global init.defaultBranch <name>
2026-09-28T02:52:11.0119270Z hint:
2026-09-28T02:52:11.0120684Z hint: Names commonly chosen instead of 'master' are 'main', 'trunk' and
2026-09-28T02:52:11.0123005Z hint: 'development'. The just-created branch can be renamed via this command:
2026-09-28T02:52:11.0124555Z hint:
2026-09-28T02:52:11.0125470Z hint: 	git branch -m <name>
2026-09-28T02:52:11.0126581Z hint:
2026-09-28T02:52:11.0128099Z hint: Disable this message with "git config set advice.defaultBranchName false"
2026-09-28T02:52:11.0130674Z Initialized empty Git repository in <CI_HOME>/work/Learning_Workbench/Learning_Workbench/.git/
2026-09-28T02:52:11.0160042Z [command]/usr/bin/git remote add origin https://github.com/kl3574/Learning_Workbench
2026-09-28T02:52:11.0196752Z ##[endgroup]
2026-09-28T02:52:11.0198069Z ##[group]Disabling automatic garbage collection
2026-09-28T02:52:11.0202361Z [command]/usr/bin/git config --local gc.auto 0
2026-09-28T02:52:11.0247225Z ##[endgroup]
2026-09-28T02:52:11.0249589Z ##[group]Setting up auth
2026-09-28T02:52:11.0250758Z Removing SSH command configuration
2026-09-28T02:52:11.0254391Z [command]/usr/bin/git config --local --name-only --get-regexp core\.sshCommand
2026-09-28T02:52:11.0295095Z [command]/usr/bin/git submodule foreach --recursive sh -c "git config --local --name-only --get-regexp 'core\.sshCommand' && git config --local --unset-all 'core.sshCommand' || :"
2026-09-28T02:52:11.0686067Z Removing HTTP extra header
2026-09-28T02:52:11.0694099Z [command]/usr/bin/git config --local --name-only --get-regexp http\.https\:\/\/github\.com\/\.extraheader
2026-09-28T02:52:11.0742707Z [command]/usr/bin/git submodule foreach --recursive sh -c "git config --local --name-only --get-regexp 'http\.https\:\/\/github\.com\/\.extraheader' && git config --local --unset-all 'http.https://github.com/.extraheader' || :"
2026-09-28T02:52:11.0966400Z Removing includeIf entries pointing to credentials config files
2026-09-28T02:52:11.0971743Z [command]/usr/bin/git config --local --name-only --get-regexp ^includeIf\.gitdir:
2026-09-28T02:52:11.1006058Z [command]/usr/bin/git submodule foreach --recursive git config --local --show-origin --name-only --get-regexp remote.origin.url
2026-09-28T02:52:11.1230789Z [command]/usr/bin/git config --file <CI_HOME>/work/_temp/git-credentials-74ff8717-3d6f-45cc-8f0d-f3fd7f235cb9.config http.https://github.com/.extraheader AUTHORIZATION: basic ***
2026-09-28T02:52:11.1270135Z [command]/usr/bin/git config --local includeIf.gitdir:<CI_HOME>/work/Learning_Workbench/Learning_Workbench/.git.path <CI_HOME>/work/_temp/git-credentials-74ff8717-3d6f-45cc-8f0d-f3fd7f235cb9.config
2026-09-28T02:52:11.1303833Z [command]/usr/bin/git config --local includeIf.gitdir:<CI_HOME>/work/Learning_Workbench/Learning_Workbench/.git/worktrees/*.path <CI_HOME>/work/_temp/git-credentials-74ff8717-3d6f-45cc-8f0d-f3fd7f235cb9.config
2026-09-28T02:52:11.1341850Z [command]/usr/bin/git config --local includeIf.gitdir:/github/workspace/.git.path /github/runner_temp/git-credentials-74ff8717-3d6f-45cc-8f0d-f3fd7f235cb9.config
2026-09-28T02:52:11.1375683Z [command]/usr/bin/git config --local includeIf.gitdir:/github/workspace/.git/worktrees/*.path /github/runner_temp/git-credentials-74ff8717-3d6f-45cc-8f0d-f3fd7f235cb9.config
2026-09-28T02:52:11.1407148Z ##[endgroup]
2026-09-28T02:52:11.1407931Z ##[group]Fetching the repository
2026-09-28T02:52:11.1415818Z [command]/usr/bin/git -c protocol.version=2 fetch --no-tags --prune --no-recurse-submodules --depth=1 origin +74f76a4254d5a6dcd3e4df578b8cf3d5a64a78b3:refs/remotes/pull/55/merge
2026-09-28T02:52:15.3461223Z From https://github.com/kl3574/Learning_Workbench
2026-09-28T02:52:15.3463929Z  * [new ref]         74f76a4254d5a6dcd3e4df578b8cf3d5a64a78b3 -> pull/55/merge
2026-09-28T02:52:15.3469930Z ##[endgroup]
2026-09-28T02:52:15.3471726Z ##[group]Determining the checkout info
2026-09-28T02:52:15.3475807Z ##[endgroup]
2026-09-28T02:52:15.3476839Z [command]/usr/bin/git sparse-checkout disable
2026-09-28T02:52:15.3536007Z [command]/usr/bin/git config --local --unset-all extensions.worktreeConfig
2026-09-28T02:52:15.3572642Z ##[group]Checking out the ref
2026-09-28T02:52:15.3576717Z [command]/usr/bin/git checkout --progress --force refs/remotes/pull/55/merge
2026-09-28T02:52:16.3827223Z Updating files:  84% (9915/11761)
2026-09-28T02:52:16.3915228Z Updating files:  85% (9997/11761)
2026-09-28T02:52:16.4012915Z Updating files:  86% (10115/11761)
2026-09-28T02:52:16.4115056Z Updating files:  87% (10233/11761)
2026-09-28T02:52:16.4312971Z Updating files:  88% (10350/11761)
2026-09-28T02:52:16.4431479Z Updating files:  89% (10468/11761)
2026-09-28T02:52:16.4585411Z Updating files:  90% (10585/11761)
2026-09-28T02:52:16.4683121Z Updating files:  91% (10703/11761)
2026-09-28T02:52:16.4774260Z Updating files:  92% (10821/11761)
2026-09-28T02:52:16.4849664Z Updating files:  93% (10938/11761)
2026-09-28T02:52:16.4986333Z Updating files:  94% (11056/11761)
2026-09-28T02:52:16.5112391Z Updating files:  95% (11173/11761)
2026-09-28T02:52:16.5173797Z Updating files:  96% (11291/11761)
2026-09-28T02:52:16.5240818Z Updating files:  97% (11409/11761)
2026-09-28T02:52:16.5312309Z Updating files:  98% (11526/11761)
2026-09-28T02:52:16.5385527Z Updating files:  99% (11644/11761)
2026-09-28T02:52:16.5386146Z Updating files: 100% (11761/11761)
2026-09-28T02:52:16.5386715Z Updating files: 100% (11761/11761), done.
2026-09-28T02:52:16.5551720Z Note: switching to 'refs/remotes/pull/55/merge'.
2026-09-28T02:52:16.5552492Z 
2026-09-28T02:52:16.5553463Z You are in 'detached HEAD' state. You can look around, make experimental
2026-09-28T02:52:16.5554811Z changes and commit them, and you can discard any commits you make in this
2026-09-28T02:52:16.5556127Z state without impacting any branches by switching back to a branch.
2026-09-28T02:52:16.5556820Z 
2026-09-28T02:52:16.5557387Z If you want to create a new branch to retain commits you create, you may
2026-09-28T02:52:16.5558848Z do so (now or later) by using -c with the switch command. Example:
2026-09-28T02:52:16.5559648Z 
2026-09-28T02:52:16.5559918Z   git switch -c <new-branch-name>
2026-09-28T02:52:16.5560330Z 
2026-09-28T02:52:16.5560567Z Or undo this operation with:
2026-09-28T02:52:16.5560932Z 
2026-09-28T02:52:16.5561161Z   git switch -
2026-09-28T02:52:16.5561453Z 
2026-09-28T02:52:16.5561969Z Turn off this advice by setting config variable advice.detachedHead to false
2026-09-28T02:52:16.5562696Z 
2026-09-28T02:52:16.5563543Z HEAD is now at 74f76a4 Merge fb16dcc3857830acc22677f83dbd285701bea202 into 2cf5caa3f966f919997c37b64d0bbf0e332438df
2026-09-28T02:52:16.5681914Z ##[endgroup]
2026-09-28T02:52:16.5685217Z [command]/usr/bin/git log -1 --format=%H
2026-09-28T02:52:16.5713760Z 74f76a4254d5a6dcd3e4df578b8cf3d5a64a78b3
2026-09-28T02:52:16.6054414Z ##[group]Run actions/setup-node@820762786026740c76f36085b0efc47a31fe5020
2026-09-28T02:52:16.6054889Z with:
2026-09-28T02:52:16.6055129Z   node-version: 24.21.0
2026-09-28T02:52:16.6055389Z   cache: npm
2026-09-28T02:52:16.6055679Z   cache-dependency-path: apps/web/package-lock.json
2026-09-28T02:52:16.6056042Z   check-latest: false
2026-09-28T02:52:16.6059111Z   token: ***
2026-09-28T02:52:16.6059389Z   package-manager-cache: true
2026-09-28T02:52:16.6059681Z ##[endgroup]
2026-09-28T02:52:16.7563038Z Found in cache @ /opt/hostedtoolcache/node/24.21.0/x64
2026-09-28T02:52:16.7565628Z ##[group]Environment details
2026-09-28T02:52:17.2135315Z node: v24.21.0
2026-09-28T02:52:17.2135910Z npm: 11.19.0
2026-09-28T02:52:17.2136289Z yarn: 1.22.22
2026-09-28T02:52:17.2137466Z ##[endgroup]
2026-09-28T02:52:17.2154698Z [command]/opt/hostedtoolcache/node/24.21.0/x64/bin/npm config get cache
2026-09-28T02:52:17.4294178Z <CI_HOME>/.npm
2026-09-28T02:52:17.6801343Z Cache hit for: node-cache-Linux-x64-npm-88346c344be99637313526bac40be213d9ff7980d5ac890cfb906fdfb94cb22b
2026-09-28T02:52:18.9859268Z Received 0 of 75890536 (0.0%), 0.0 MBs/sec
2026-09-28T02:52:19.7515921Z Received 75890536 of 75890536 (100.0%), 41.0 MBs/sec
2026-09-28T02:52:19.7517173Z Cache Size: ~72 MB (75890536 B)
2026-09-28T02:52:19.7632285Z [command]/usr/bin/tar -xf <CI_HOME>/work/_temp/ccf8dce3-4384-4047-9309-f6ace25602c0/cache.tzst -P -C <CI_HOME>/work/Learning_Workbench/Learning_Workbench --use-compress-program unzstd
2026-09-28T02:52:19.9969602Z Cache restored successfully
2026-09-28T02:52:20.0012143Z Cache restored from key: node-cache-Linux-x64-npm-88346c344be99637313526bac40be213d9ff7980d5ac890cfb906fdfb94cb22b
2026-09-28T02:52:20.0191599Z ##[group]Run npm ci --prefix apps/web
2026-09-28T02:52:20.0192041Z [36;1mnpm ci --prefix apps/web[0m
2026-09-28T02:52:20.0504284Z shell: /usr/bin/bash -e {0}
2026-09-28T02:52:20.0504647Z ##[endgroup]
2026-09-28T02:52:27.0149483Z 
2026-09-28T02:52:27.0158909Z added 236 packages, and audited 237 packages in 7s
2026-09-28T02:52:27.0160942Z 
2026-09-28T02:52:27.0161464Z 118 packages are looking for funding
2026-09-28T02:52:27.0162186Z   run `npm fund` for details
2026-09-28T02:52:27.0166998Z 
2026-09-28T02:52:27.0167540Z found 0 vulnerabilities
2026-09-28T02:52:27.1164388Z ##[group]Run npm --prefix apps/web run lint
2026-09-28T02:52:27.1165008Z [36;1mnpm --prefix apps/web run lint[0m
2026-09-28T02:52:27.1258014Z shell: /usr/bin/bash -e {0}
2026-09-28T02:52:27.1258713Z ##[endgroup]
2026-09-28T02:52:27.3001422Z 
2026-09-28T02:52:27.3002407Z > @learning-workbench/web@0.1.0 lint
2026-09-28T02:52:27.3003266Z > tsc --noEmit --noUnusedLocals --noUnusedParameters
2026-09-28T02:52:27.3003707Z 
2026-09-28T02:52:28.7190850Z ##[group]Run npm --prefix apps/web run typecheck
2026-09-28T02:52:28.7191280Z [36;1mnpm --prefix apps/web run typecheck[0m
2026-09-28T02:52:28.7253050Z shell: /usr/bin/bash -e {0}
2026-09-28T02:52:28.7253330Z ##[endgroup]
2026-09-28T02:52:28.8338924Z 
2026-09-28T02:52:28.8339742Z > @learning-workbench/web@0.1.0 typecheck
2026-09-28T02:52:28.8340339Z > tsc --noEmit
2026-09-28T02:52:28.8340573Z 
2026-09-28T02:52:30.3515102Z ##[group]Run npm --prefix apps/web run test
2026-09-28T02:52:30.3515682Z [36;1mnpm --prefix apps/web run test[0m
2026-09-28T02:52:30.3578571Z shell: /usr/bin/bash -e {0}
2026-09-28T02:52:30.3578856Z ##[endgroup]
2026-09-28T02:52:30.4585156Z 
2026-09-28T02:52:30.4586146Z > @learning-workbench/web@0.1.0 test
2026-09-28T02:52:30.4587007Z > vitest run
2026-09-28T02:52:30.4587382Z 
2026-09-28T02:52:30.7893094Z 
2026-09-28T02:52:30.7911404Z [1m[30m[46m RUN [49m[39m[22m [36mv5.0.0 [39m[90m<CI_HOME>/work/Learning_Workbench/Learning_Workbench/apps/web[39m
2026-09-28T02:52:30.7920047Z 
2026-09-28T02:52:33.3776622Z  [32m✓[39m src/features/draftReview/useReview.test.tsx [2m([22m[2m15 tests[22m[2m)[22m[33m 1035[2mms[22m[39m
2026-09-28T02:52:33.4726858Z  [32m✓[39m src/features/notes/useNoteDrafts.test.tsx [2m([22m[2m15 tests[22m[2m)[22m[33m 1293[2mms[22m[39m
2026-09-28T02:52:34.9423105Z  [32m✓[39m src/shared/createResponseDraftJournal.test.tsx [2m([22m[2m4 tests[22m[2m)[22m[33m 723[2mms[22m[39m
2026-09-28T02:52:35.0225547Z  [32m✓[39m src/features/authoring/useAuthoringGroups.test.tsx [2m([22m[2m26 tests[22m[2m)[22m[33m 2646[2mms[22m[39m
2026-09-28T02:52:36.0293515Z  [32m✓[39m src/features/recommendations/useDecisions.test.tsx [2m([22m[2m11 tests[22m[2m)[22m[33m 1842[2mms[22m[39m
2026-09-28T02:52:36.9241881Z  [32m✓[39m src/features/providers/providerSecret.test.tsx [2m([22m[2m14 tests[22m[2m)[22m[32m 175[2mms[22m[39m
2026-09-28T02:52:37.1697008Z  [32m✓[39m src/features/learning/useProfile.test.tsx [2m([22m[2m8 tests[22m[2m)[22m[33m 1363[2mms[22m[39m
2026-09-28T02:52:37.1699165Z    [33m[2m✓[22m[39m a late acknowledged old command cannot erase a newer durable profile candidate after policy resume[33m 317[2mms[22m[39m
2026-09-28T02:52:38.0720557Z  [32m✓[39m src/features/practice/usePracticeSession.test.tsx [2m([22m[2m6 tests[22m[2m)[22m[33m 2378[2mms[22m[39m
2026-09-28T02:52:38.0722638Z    [33m[2m✓[22m[39m same hook identity change does not rebind or auto-save unsent A responses to B[33m 860[2mms[22m[39m
2026-09-28T02:52:38.0724661Z    [33m[2m✓[22m[39m explicit keep-local after remote submission retains the draft without a response PUT[33m 691[2mms[22m[39m
2026-09-28T02:52:38.0726700Z    [33m[2m✓[22m[39m keyed unmount with PUT in flight keeps both sessions separate and recovers A on return[33m 306[2mms[22m[39m
2026-09-28T02:52:38.5600726Z  [32m✓[39m src/features/authoring/useAuthoring.test.tsx [2m([22m[2m9 tests[22m[2m)[22m[33m 599[2mms[22m[39m
2026-09-28T02:52:38.9455037Z  [32m✓[39m src/features/providers/providerCommands.test.tsx [2m([22m[2m9 tests[22m[2m)[22m[33m 1229[2mms[22m[39m
2026-09-28T02:52:39.3047432Z  [32m✓[39m src/features/reader/selection.test.ts [2m([22m[2m33 tests[22m[2m)[22m[32m 75[2mms[22m[39m
2026-09-28T02:52:39.8485540Z  [32m✓[39m src/features/tutor/useTutor.test.tsx [2m([22m[2m11 tests[22m[2m)[22m[33m 972[2mms[22m[39m
2026-09-28T02:52:41.3862724Z  [32m✓[39m src/features/draftReview/ReviewPanel.test.tsx [2m([22m[2m5 tests[22m[2m)[22m[33m 1579[2mms[22m[39m
2026-09-28T02:52:41.3927897Z    [33m[2m✓[22m[39m candidate creation and human rejection each require their own explicit intent and exact basis[33m 669[2mms[22m[39m
2026-09-28T02:52:41.3980964Z    [33m[2m✓[22m[39m unsubmitted reason survives rereading the same receipt and does not carry into a new revision[33m 431[2mms[22m[39m
2026-09-28T02:52:42.4038003Z  [32m✓[39m src/features/authoring/AuthoringPanel.test.tsx [2m([22m[2m1 test[22m[2m)[22m[33m 1979[2mms[22m[39m
2026-09-28T02:52:42.4041363Z    [33m[2m✓[22m[39m typed component flow prepares once, approves same Job, reads draft and declines a separate numeric preview without execution[33m 1977[2mms[22m[39m
2026-09-28T02:52:42.8831327Z  [32m✓[39m src/workbench/useWorkbenchRecovery.test.tsx [2m([22m[2m6 tests[22m[2m)[22m[33m 330[2mms[22m[39m
2026-09-28T02:52:43.0184888Z  [32m✓[39m src/features/providers/ProviderSettings.test.tsx [2m([22m[2m7 tests[22m[2m)[22m[33m 2087[2mms[22m[39m
2026-09-28T02:52:43.0220205Z    [33m[2m✓[22m[39m settings shows actual empty controls/source state without a prompt or job-id entry[33m 303[2mms[22m[39m
2026-09-28T02:52:43.0239760Z    [33m[2m✓[22m[39m config remains visibly separate from proof readiness and send needs a durable original command[33m 540[2mms[22m[39m
2026-09-28T02:52:43.0242389Z    [33m[2m✓[22m[39m reusable preview accepts a consumer-owned task but cannot manufacture a task or dispatch on approval[33m 678[2mms[22m[39m
2026-09-28T02:52:43.8500088Z  [32m✓[39m src/features/authoring/authoringGroupCommands.test.ts [2m([22m[2m14 tests[22m[2m)[22m[32m 53[2mms[22m[39m
2026-09-28T02:52:43.9569279Z  [32m✓[39m src/features/retrieval/useRetrieval.test.tsx [2m([22m[2m7 tests[22m[2m)[22m[33m 478[2mms[22m[39m
2026-09-28T02:52:44.9210229Z  [32m✓[39m src/features/tutor/tutorObservation.test.ts [2m([22m[2m5 tests[22m[2m)[22m[32m 176[2mms[22m[39m
2026-09-28T02:52:44.9391811Z  [32m✓[39m src/features/recommendations/recommendations.test.tsx [2m([22m[2m8 tests[22m[2m)[22m[33m 1019[2mms[22m[39m
2026-09-28T02:52:44.9420696Z    [33m[2m✓[22m[39m opening either real parent chain is explicit, preserves all full refs and does not accept the recommendation[33m 382[2mms[22m[39m
2026-09-28T02:52:45.3167410Z  [32m✓[39m src/features/authoring/useAuthoringListOrder.test.tsx [2m([22m[2m5 tests[22m[2m)[22m[33m 432[2mms[22m[39m
2026-09-28T02:52:45.8070615Z  [32m✓[39m src/workbench/DraftStore.test.ts [2m([22m[2m9 tests[22m[2m)[22m[32m 138[2mms[22m[39m
2026-09-28T02:52:45.8120179Z  [32m✓[39m src/features/assessment/useWorkspacePolicy.test.tsx [2m([22m[2m10 tests[22m[2m)[22m[32m 49[2mms[22m[39m
2026-09-28T02:52:47.0888079Z  [32m✓[39m src/features/retrieval/RetrievalPanel.test.tsx [2m([22m[2m5 tests[22m[2m)[22m[33m 718[2mms[22m[39m
2026-09-28T02:52:47.0891627Z    [33m[2m✓[22m[39m visible no_match preserves its explicit result distinction without a rebuild[33m 304[2mms[22m[39m
2026-09-28T02:52:47.1122664Z  [32m✓[39m src/workbench/PreserveReaderViewport.test.tsx [2m([22m[2m11 tests[22m[2m)[22m[33m 351[2mms[22m[39m
2026-09-28T02:52:47.7063354Z  [32m✓[39m src/features/routes/RouteEditorDraftSequence.test.tsx [2m([22m[2m5 tests[22m[2m)[22m[33m 869[2mms[22m[39m
2026-09-28T02:52:47.7065867Z    [33m[2m✓[22m[39m real route input and conflict candidates survive own_save_first delivery[33m 431[2mms[22m[39m
2026-09-28T02:52:48.0671113Z  [32m✓[39m src/features/draftReview/reviewCommands.test.ts [2m([22m[2m6 tests[22m[2m)[22m[32m 37[2mms[22m[39m
2026-09-28T02:52:49.0716650Z  [32m✓[39m src/features/routes/RouteEditor.test.tsx [2m([22m[2m2 tests[22m[2m)[22m[33m 580[2mms[22m[39m
2026-09-28T02:52:49.0718282Z    [33m[2m✓[22m[39m a route command in flight through an access change can recover its actual receipt after policy resumes[33m 389[2mms[22m[39m
2026-09-28T02:52:49.2419151Z  [32m✓[39m src/features/grading/useGradingResult.test.tsx [2m([22m[2m6 tests[22m[2m)[22m[33m 1174[2mms[22m[39m
2026-09-28T02:52:49.2421726Z    [33m[2m✓[22m[39m reads the actual job and polls its actual needs-review outcome without turning null into zero[33m 813[2mms[22m[39m
2026-09-28T02:52:49.9667303Z  [32m✓[39m src/features/retrieval/retrievalModel.test.ts [2m([22m[2m4 tests[22m[2m)[22m[32m 31[2mms[22m[39m
2026-09-28T02:52:50.9344504Z  [32m✓[39m src/features/retrieval/retrievalCommands.test.ts [2m([22m[2m6 tests[22m[2m)[22m[32m 62[2mms[22m[39m
2026-09-28T02:52:50.9949789Z  [32m✓[39m src/features/grading/AssessmentResultRecovery.test.tsx [2m([22m[2m2 tests[22m[2m)[22m[33m 698[2mms[22m[39m
2026-09-28T02:52:50.9953770Z    [33m[2m✓[22m[39m a failed regrade retains the real previous score and allows a new explicit command with its grading revision[33m 498[2mms[22m[39m
2026-09-28T02:52:51.0287808Z  [32m✓[39m src/features/draftReview/ReviewImportShell.test.tsx [2m([22m[2m1 test[22m[2m)[22m[33m 1469[2mms[22m[39m
2026-09-28T02:52:51.0340657Z    [33m[2m✓[22m[39m actual Import and Shell preserve review reason until explicit close without submitting import or review[33m 1467[2mms[22m[39m
2026-09-28T02:52:51.6915643Z  [32m✓[39m src/workbench/model.test.ts [2m([22m[2m9 tests[22m[2m)[22m[32m 12[2mms[22m[39m
2026-09-28T02:52:51.8885346Z  [32m✓[39m src/features/assessment/assessmentClient.test.ts [2m([22m[2m4 tests[22m[2m)[22m[32m 10[2mms[22m[39m
2026-09-28T02:52:51.9261085Z  [32m✓[39m src/features/providers/providerClient.test.ts [2m([22m[2m2 tests[22m[2m)[22m[32m 27[2mms[22m[39m
2026-09-28T02:52:52.5703443Z  [32m✓[39m src/features/recommendations/useRecommendationNavigation.test.tsx [2m([22m[2m8 tests[22m[2m)[22m[32m 42[2mms[22m[39m
2026-09-28T02:52:52.8333571Z  [32m✓[39m src/features/draftReview/reviewClient.test.ts [2m([22m[2m2 tests[22m[2m)[22m[32m 27[2mms[22m[39m
2026-09-28T02:52:53.2986217Z  [32m✓[39m src/features/tutor/practiceAssistance.test.tsx [2m([22m[2m1 test[22m[2m)[22m[33m 409[2mms[22m[39m
2026-09-28T02:52:53.3010271Z    [33m[2m✓[22m[39m shows the actual per-question AI help fact without converting it into hint level 3 or released solution[33m 408[2mms[22m[39m
2026-09-28T02:52:53.8437621Z  [32m✓[39m src/features/tutor/useTutorObservation.test.tsx [2m([22m[2m2 tests[22m[2m)[22m[33m 338[2mms[22m[39m
2026-09-28T02:52:54.1614504Z  [32m✓[39m src/features/learning/conceptModel.test.ts [2m([22m[2m4 tests[22m[2m)[22m[32m 10[2mms[22m[39m
2026-09-28T02:52:54.2755681Z  [32m✓[39m src/features/tutor/TutorControls.test.tsx [2m([22m[2m3 tests[22m[2m)[22m[33m 355[2mms[22m[39m
2026-09-28T02:52:55.1130222Z  [32m✓[39m src/features/tutor/TutorEvidence.test.tsx [2m([22m[2m3 tests[22m[2m)[22m[32m 281[2mms[22m[39m
2026-09-28T02:52:55.6520687Z  [32m✓[39m src/features/review/GradingHistory.test.tsx [2m([22m[2m3 tests[22m[2m)[22m[33m 365[2mms[22m[39m
2026-09-28T02:52:55.6523499Z    [33m[2m✓[22m[39m restores a selected actual old version across remount and does not silently switch when another grade arrives[33m 305[2mms[22m[39m
2026-09-28T02:52:56.0071611Z  [32m✓[39m src/features/assessment/target.test.ts [2m([22m[2m5 tests[22m[2m)[22m[32m 16[2mms[22m[39m
2026-09-28T02:52:56.2577414Z  [32m✓[39m src/features/authoring/AuthoringShellAdmission.test.tsx [2m([22m[2m2 tests[22m[2m)[22m[33m 966[2mms[22m[39m
2026-09-28T02:52:56.2584492Z    [33m[2m✓[22m[39m Shell unknown Policy still exposes actual safe Authoring cancellation[33m 714[2mms[22m[39m
2026-09-28T02:52:56.5548883Z  [32m✓[39m src/features/tutor/tutorState.test.ts [2m([22m[2m4 tests[22m[2m)[22m[32m 7[2mms[22m[39m
2026-09-28T02:52:56.8432625Z  [32m✓[39m src/features/learning/profileDrafts.test.ts [2m([22m[2m4 tests[22m[2m)[22m[32m 9[2mms[22m[39m
2026-09-28T02:52:57.4547569Z  [32m✓[39m src/features/providers/providerReads.test.tsx [2m([22m[2m3 tests[22m[2m)[22m[32m 204[2mms[22m[39m
2026-09-28T02:52:57.4712244Z  [32m✓[39m src/features/tutor/tutorCommands.test.ts [2m([22m[2m4 tests[22m[2m)[22m[32m 29[2mms[22m[39m
2026-09-28T02:52:57.5491419Z  [32m✓[39m src/features/assessment/assessmentDrafts.test.ts [2m([22m[2m14 tests[22m[2m)[22m[32m 16[2mms[22m[39m
2026-09-28T02:52:58.3050647Z  [32m✓[39m src/features/imports/recovery.test.ts [2m([22m[2m12 tests[22m[2m)[22m[32m 21[2mms[22m[39m
2026-09-28T02:52:58.6851318Z  [32m✓[39m src/features/authoring/authoringOwnerBoundary.test.tsx [2m([22m[2m1 test[22m[2m)[22m[32m 202[2mms[22m[39m
2026-09-28T02:52:58.7464423Z  [32m✓[39m src/features/authoring/NumericCheckPanel.test.tsx [2m([22m[2m2 tests[22m[2m)[22m[33m 322[2mms[22m[39m
2026-09-28T02:52:59.0736608Z  [32m✓[39m src/features/grading/reviewDrafts.test.ts [2m([22m[2m5 tests[22m[2m)[22m[32m 9[2mms[22m[39m
2026-09-28T02:52:59.4734391Z  [32m✓[39m src/features/practice/practiceDrafts.test.ts [2m([22m[2m11 tests[22m[2m)[22m[32m 20[2mms[22m[39m
2026-09-28T02:52:59.6022803Z  [32m✓[39m src/features/grading/gradingModel.test.ts [2m([22m[2m9 tests[22m[2m)[22m[32m 14[2mms[22m[39m
2026-09-28T02:53:00.3314224Z  [32m✓[39m src/features/review/reviewModel.test.ts [2m([22m[2m4 tests[22m[2m)[22m[32m 8[2mms[22m[39m
2026-09-28T02:53:00.3536734Z  [32m✓[39m src/features/review/ReviewMaterialLinks.test.tsx [2m([22m[2m2 tests[22m[2m)[22m[33m 347[2mms[22m[39m
2026-09-28T02:53:01.0026669Z  [32m✓[39m src/workbench/DraftConflictPreview.test.tsx [2m([22m[2m3 tests[22m[2m)[22m[33m 433[2mms[22m[39m
2026-09-28T02:53:01.1620687Z  [32m✓[39m src/features/notes/noteDrafts.test.ts [2m([22m[2m8 tests[22m[2m)[22m[32m 17[2mms[22m[39m
2026-09-28T02:53:01.1963017Z  [32m✓[39m src/features/practice/target.test.ts [2m([22m[2m3 tests[22m[2m)[22m[32m 24[2mms[22m[39m
2026-09-28T02:53:01.9855209Z  [32m✓[39m src/features/imports/encoding.test.ts [2m([22m[2m9 tests[22m[2m)[22m[32m 14[2mms[22m[39m
2026-09-28T02:53:02.1293291Z  [32m✓[39m src/features/imports/SourceProvenance.test.tsx [2m([22m[2m4 tests[22m[2m)[22m[32m 76[2mms[22m[39m
2026-09-28T02:53:02.3123342Z  [32m✓[39m src/features/imports/FailedOriginal.test.tsx [2m([22m[2m3 tests[22m[2m)[22m[33m 357[2mms[22m[39m
2026-09-28T02:53:02.8993934Z  [32m✓[39m src/features/recommendations/recommendationClient.test.ts [2m([22m[2m2 tests[22m[2m)[22m[32m 8[2mms[22m[39m
2026-09-28T02:53:03.3291131Z  [32m✓[39m src/features/imports/UploadForm.test.tsx [2m([22m[2m3 tests[22m[2m)[22m[33m 336[2mms[22m[39m
2026-09-28T02:53:03.5500596Z  [32m✓[39m src/features/authoring/AuthoringPanelLifecycle.test.tsx [2m([22m[2m1 test[22m[2m)[22m[32m 69[2mms[22m[39m
2026-09-28T02:53:03.7470640Z  [32m✓[39m src/features/reader/navigation.test.ts [2m([22m[2m4 tests[22m[2m)[22m[32m 25[2mms[22m[39m
2026-09-28T02:53:04.0700620Z  [32m✓[39m src/features/routes/routeDrafts.test.ts [2m([22m[2m2 tests[22m[2m)[22m[32m 9[2mms[22m[39m
2026-09-28T02:53:04.4848311Z  [32m✓[39m src/features/authoring/authoringClient.test.ts [2m([22m[2m1 test[22m[2m)[22m[32m 13[2mms[22m[39m
2026-09-28T02:53:04.8312441Z  [32m✓[39m src/features/authoring/AuthoringControlList.test.tsx [2m([22m[2m1 test[22m[2m)[22m[32m 240[2mms[22m[39m
2026-09-28T02:53:04.9028339Z  [32m✓[39m src/workbench/selectionMerge.test.ts [2m([22m[2m3 tests[22m[2m)[22m[32m 7[2mms[22m[39m
2026-09-28T02:53:05.6877904Z  [32m✓[39m src/features/grading/useGradingReview.test.ts [2m([22m[2m11 tests[22m[2m)[22m[32m 10[2mms[22m[39m
2026-09-28T02:53:05.8465849Z  [32m✓[39m src/features/grading/GradingSummary.test.tsx [2m([22m[2m2 tests[22m[2m)[22m[33m 392[2mms[22m[39m
2026-09-28T02:53:05.8520097Z    [33m[2m✓[22m[39m pending score is displayed as unknown rather than zero or a mastery claim[33m 336[2mms[22m[39m
2026-09-28T02:53:06.2979436Z  [32m✓[39m src/shared/Markdown.test.tsx [2m([22m[2m3 tests[22m[2m)[22m[32m 129[2mms[22m[39m
2026-09-28T02:53:06.4710289Z  [32m✓[39m src/features/routes/completionDrafts.test.ts [2m([22m[2m2 tests[22m[2m)[22m[32m 7[2mms[22m[39m
2026-09-28T02:53:06.6897975Z  [32m✓[39m src/features/routes/target.test.ts [2m([22m[2m2 tests[22m[2m)[22m[32m 10[2mms[22m[39m
2026-09-28T02:53:07.1797747Z  [32m✓[39m src/features/fixture.test.ts [2m([22m[2m2 tests[22m[2m)[22m[32m 27[2mms[22m[39m
2026-09-28T02:53:07.2696651Z  [32m✓[39m src/features/retrieval/retrievalContext.test.ts [2m([22m[2m1 test[22m[2m)[22m[32m 4[2mms[22m[39m
2026-09-28T02:53:07.8326774Z  [32m✓[39m src/features/review/SubmittedResponse.test.tsx [2m([22m[2m1 test[22m[2m)[22m[33m 334[2mms[22m[39m
2026-09-28T02:53:07.8328326Z    [33m[2m✓[22m[39m renders the frozen submitted answer and original Unicode steps as inert text, with no editable response control[33m 333[2mms[22m[39m
2026-09-28T02:53:08.0584253Z  [32m✓[39m src/features/imports/ReviewWarnings.test.tsx [2m([22m[2m2 tests[22m[2m)[22m[32m 171[2mms[22m[39m
2026-09-28T02:53:08.0634485Z 
2026-09-28T02:53:08.0642391Z [2m Test Files [22m [1m[32m82 passed[39m[22m[90m (82)[39m
2026-09-28T02:53:08.0644836Z [2m      Tests [22m [1m[32m482 passed[39m[22m[90m (482)[39m
2026-09-28T02:53:08.0645855Z [2m   Start at [22m 02:52:30
2026-09-28T02:53:08.0652224Z [2m   Duration [22m 37.26s[2m (environment 51%, tests 36%, import 10%, transform 3%, worker 1%)[22m
2026-09-28T02:53:08.0658798Z 
2026-09-28T02:53:08.0660358Z [2mEnvironment [22m [33mjsdom was created 82 times[39m[2m · 50.40s total, 51% of tracked time[22m
2026-09-28T02:53:08.0662668Z [2m            [22m [2mcreate it once per worker with [22m[33mpool: 'vmThreads'[39m[2m (keeps per-file isolation) or [22m[33misolate: false[39m[2m (shares it across files)[22m
2026-09-28T02:53:08.0664039Z [2m            [22m [2mlearn more: https://vitest.dev/guide/improving-performance#test-environments[22m
2026-09-28T02:53:08.0664889Z 
2026-09-28T02:53:08.1264253Z ##[group]Run make build
2026-09-28T02:53:08.1264551Z [36;1mmake build[0m
2026-09-28T02:53:08.1326446Z shell: /usr/bin/bash -e {0}
2026-09-28T02:53:08.1326721Z ##[endgroup]
2026-09-28T02:53:08.1432905Z bash scripts/node.sh npm --prefix apps/web run build
2026-09-28T02:53:08.2445051Z 
2026-09-28T02:53:08.2445733Z > @learning-workbench/web@0.1.0 build
2026-09-28T02:53:08.2446397Z > tsc --noEmit && vite build
2026-09-28T02:53:08.2446625Z 
2026-09-28T02:53:09.5221102Z [36mvite v8.3.0 [32mbuilding client environment for production...[36m[39m
2026-09-28T02:53:09.5318974Z transforming...
2026-09-28T02:53:09.7674522Z ✓ 748 modules transformed.
2026-09-28T02:53:09.8574572Z rendering chunks...
2026-09-28T02:53:10.0002085Z computing gzip size...
2026-09-28T02:53:10.0492737Z dist/index.html                       0.41 kB │ gzip:     0.32 kB
2026-09-28T02:53:10.0494099Z dist/assets/index-BN4pGsUm.css       40.90 kB │ gzip:     8.53 kB
2026-09-28T02:53:10.0495316Z dist/assets/index-BH0UJ1cd.js     1,305.96 kB │ gzip:   285.37 kB
2026-09-28T02:53:10.0496413Z dist/assets/Markdown-0YFPTSiF.js  2,939.32 kB │ gzip: 1,098.70 kB
2026-09-28T02:53:10.0496947Z 
2026-09-28T02:53:10.0497231Z [32m✓ built in 526ms[39m
2026-09-28T02:53:10.0504336Z [33m[plugin builtin:vite-reporter] 
2026-09-28T02:53:10.0505012Z (!) Some chunks are larger than 500 kB after minification. Consider:
2026-09-28T02:53:10.0505583Z - Using dynamic import() to code-split the application
2026-09-28T02:53:10.0506468Z - Use build.rolldownOptions.output.codeSplitting to improve chunking: https://rolldown.rs/reference/OutputOptions.codeSplitting
2026-09-28T02:53:10.0507470Z - Adjust chunk size limit for this warning via build.chunkSizeWarningLimit.[39m
2026-09-28T02:53:10.0871573Z Post job cleanup.
2026-09-28T02:53:10.1953322Z Cache hit occurred on the primary key node-cache-Linux-x64-npm-88346c344be99637313526bac40be213d9ff7980d5ac890cfb906fdfb94cb22b, not saving cache.
2026-09-28T02:53:10.2101101Z Post job cleanup.
2026-09-28T02:53:10.2965016Z [command]/usr/bin/git version
2026-09-28T02:53:10.3012179Z git version 2.55.0
2026-09-28T02:53:10.3053862Z Temporarily overriding HOME='<CI_HOME>/work/_temp/09f89cc1-fdd8-41a0-8d68-bed5a5b0a455' before making global git config changes
2026-09-28T02:53:10.3055442Z Adding repository directory to the temporary git global config as a safe directory
2026-09-28T02:53:10.3060297Z [command]/usr/bin/git config --global --add safe.directory <CI_HOME>/work/Learning_Workbench/Learning_Workbench
2026-09-28T02:53:10.3092553Z Removing SSH command configuration
2026-09-28T02:53:10.3099695Z [command]/usr/bin/git config --local --name-only --get-regexp core\.sshCommand
2026-09-28T02:53:10.3137009Z [command]/usr/bin/git submodule foreach --recursive sh -c "git config --local --name-only --get-regexp 'core\.sshCommand' && git config --local --unset-all 'core.sshCommand' || :"
2026-09-28T02:53:10.3406210Z Removing HTTP extra header
2026-09-28T02:53:10.3412856Z [command]/usr/bin/git config --local --name-only --get-regexp http\.https\:\/\/github\.com\/\.extraheader
2026-09-28T02:53:10.3448036Z [command]/usr/bin/git submodule foreach --recursive sh -c "git config --local --name-only --get-regexp 'http\.https\:\/\/github\.com\/\.extraheader' && git config --local --unset-all 'http.https://github.com/.extraheader' || :"
2026-09-28T02:53:10.3718120Z Removing includeIf entries pointing to credentials config files
2026-09-28T02:53:10.3726274Z [command]/usr/bin/git config --local --name-only --get-regexp ^includeIf\.gitdir:
2026-09-28T02:53:10.3761279Z includeif.gitdir:<CI_HOME>/work/Learning_Workbench/Learning_Workbench/.git.path
2026-09-28T02:53:10.3762311Z includeif.gitdir:<CI_HOME>/work/Learning_Workbench/Learning_Workbench/.git/worktrees/*.path
2026-09-28T02:53:10.3763224Z includeif.gitdir:/github/workspace/.git.path
2026-09-28T02:53:10.3764198Z includeif.gitdir:/github/workspace/.git/worktrees/*.path
2026-09-28T02:53:10.3780691Z [command]/usr/bin/git config --local --get-all includeif.gitdir:<CI_HOME>/work/Learning_Workbench/Learning_Workbench/.git.path
2026-09-28T02:53:10.3804030Z <CI_HOME>/work/_temp/git-credentials-74ff8717-3d6f-45cc-8f0d-f3fd7f235cb9.config
2026-09-28T02:53:10.3819881Z [command]/usr/bin/git config --local --unset includeif.gitdir:<CI_HOME>/work/Learning_Workbench/Learning_Workbench/.git.path \/home\/runner\/work\/_temp\/git\-credentials\-74ff8717\-3d6f\-45cc\-8f0d\-f3fd7f235cb9\.config
2026-09-28T02:53:10.3882892Z [command]/usr/bin/git config --local --get-all includeif.gitdir:<CI_HOME>/work/Learning_Workbench/Learning_Workbench/.git/worktrees/*.path
2026-09-28T02:53:10.3936316Z <CI_HOME>/work/_temp/git-credentials-74ff8717-3d6f-45cc-8f0d-f3fd7f235cb9.config
2026-09-28T02:53:10.3954401Z [command]/usr/bin/git config --local --unset includeif.gitdir:<CI_HOME>/work/Learning_Workbench/Learning_Workbench/.git/worktrees/*.path \/home\/runner\/work\/_temp\/git\-credentials\-74ff8717\-3d6f\-45cc\-8f0d\-f3fd7f235cb9\.config
2026-09-28T02:53:10.4008875Z [command]/usr/bin/git config --local --get-all includeif.gitdir:/github/workspace/.git.path
2026-09-28T02:53:10.4044464Z /github/runner_temp/git-credentials-74ff8717-3d6f-45cc-8f0d-f3fd7f235cb9.config
2026-09-28T02:53:10.4053704Z [command]/usr/bin/git config --local --unset includeif.gitdir:/github/workspace/.git.path \/github\/runner_temp\/git\-credentials\-74ff8717\-3d6f\-45cc\-8f0d\-f3fd7f235cb9\.config
2026-09-28T02:53:10.4105682Z [command]/usr/bin/git config --local --get-all includeif.gitdir:/github/workspace/.git/worktrees/*.path
2026-09-28T02:53:10.4138033Z /github/runner_temp/git-credentials-74ff8717-3d6f-45cc-8f0d-f3fd7f235cb9.config
2026-09-28T02:53:10.4153916Z [command]/usr/bin/git config --local --unset includeif.gitdir:/github/workspace/.git/worktrees/*.path \/github\/runner_temp\/git\-credentials\-74ff8717\-3d6f\-45cc\-8f0d\-f3fd7f235cb9\.config
2026-09-28T02:53:10.4199295Z [command]/usr/bin/git submodule foreach --recursive git config --local --show-origin --name-only --get-regexp remote.origin.url
2026-09-28T02:53:10.4457619Z Removing credentials config '<CI_HOME>/work/_temp/git-credentials-74ff8717-3d6f-45cc-8f0d-f3fd7f235cb9.config'
2026-09-28T02:53:10.4627228Z Cleaning up orphan processes
