2026-09-28T02:52:10.0655236Z Current runner version: '2.337.0'
2026-09-28T02:52:10.0678085Z ##[group]Runner Image Provisioner
2026-09-28T02:52:10.0678812Z Hosted Compute Agent
2026-09-28T02:52:10.0679371Z Version: 20260828.587
2026-09-28T02:52:10.0679888Z Commit: abac92662cab4cc7352de4f9f9d2e2419aad9c29
2026-09-28T02:52:10.0680498Z Build Date: 2026-08-28T16:44:25Z
2026-09-28T02:52:10.0681126Z Worker ID: {d2d33fed-de9d-4239-bdd2-62e1a8e407df}
2026-09-28T02:52:10.0681696Z Azure Region: westus3
2026-09-28T02:52:10.0682377Z ##[endgroup]
2026-09-28T02:52:10.0683473Z ##[group]Operating System
2026-09-28T02:52:10.0683990Z Ubuntu
2026-09-28T02:52:10.0684494Z 24.04.5
2026-09-28T02:52:10.0684972Z LTS
2026-09-28T02:52:10.0685423Z ##[endgroup]
2026-09-28T02:52:10.0685888Z ##[group]Runner Image
2026-09-28T02:52:10.0686412Z Image: ubuntu-24.04
2026-09-28T02:52:10.0686913Z Version: 20260920.314.1
2026-09-28T02:52:10.0687938Z Included Software: https://github.com/actions/runner-images/blob/ubuntu24/20260920.314/images/ubuntu/Ubuntu2404-Readme.md
2026-09-28T02:52:10.0689190Z Image Release: https://github.com/actions/runner-images/releases/tag/ubuntu24%2F20260920.314
2026-09-28T02:52:10.0689980Z ##[endgroup]
2026-09-28T02:52:10.0690930Z ##[group]GITHUB_TOKEN Permissions
2026-09-28T02:52:10.0692954Z Contents: read
2026-09-28T02:52:10.0693527Z Metadata: read
2026-09-28T02:52:10.0694049Z ##[endgroup]
2026-09-28T02:52:10.0695864Z Secret source: Actions
2026-09-28T02:52:10.0696615Z Cache mode: write
2026-09-28T02:52:10.0697183Z Prepare workflow directory
2026-09-28T02:52:10.0973734Z Prepare all required actions
2026-09-28T02:52:10.1014979Z Getting action download info
2026-09-28T02:52:10.4069051Z Download action repository 'actions/checkout@3d3c42e5aac5ba805825da76410c181273ba90b1' (SHA:3d3c42e5aac5ba805825da76410c181273ba90b1)
2026-09-28T02:52:10.8021015Z Download action repository 'actions/setup-python@5fda3b95a4ea91299a34e894583c3862153e4b97' (SHA:5fda3b95a4ea91299a34e894583c3862153e4b97)
2026-09-28T02:52:10.9438652Z Download action repository 'actions/setup-node@820762786026740c76f36085b0efc47a31fe5020' (SHA:820762786026740c76f36085b0efc47a31fe5020)
2026-09-28T02:52:11.1416909Z Complete job name: spec-contracts
2026-09-28T02:52:11.2035976Z ##[group]Run actions/checkout@3d3c42e5aac5ba805825da76410c181273ba90b1
2026-09-28T02:52:11.2037122Z with:
2026-09-28T02:52:11.2037494Z   repository: kl3574/Learning_Workbench
2026-09-28T02:52:11.2040804Z   token: ***
2026-09-28T02:52:11.2041154Z   ssh-strict: true
2026-09-28T02:52:11.2041506Z   ssh-user: git
2026-09-28T02:52:11.2041976Z   persist-credentials: true
2026-09-28T02:52:11.2042364Z   clean: true
2026-09-28T02:52:11.2042713Z   sparse-checkout-cone-mode: true
2026-09-28T02:52:11.2043121Z   fetch-depth: 1
2026-09-28T02:52:11.2043460Z   fetch-tags: false
2026-09-28T02:52:11.2043811Z   show-progress: true
2026-09-28T02:52:11.2044157Z   lfs: false
2026-09-28T02:52:11.2044513Z   submodules: false
2026-09-28T02:52:11.2044867Z   set-safe-directory: true
2026-09-28T02:52:11.2045256Z   allow-unsafe-pr-checkout: false
2026-09-28T02:52:11.2045900Z ##[endgroup]
2026-09-28T02:52:11.2845790Z Syncing repository: kl3574/Learning_Workbench
2026-09-28T02:52:11.2847968Z ##[group]Getting Git version info
2026-09-28T02:52:11.2848957Z Working directory is '<CI_HOME>/work/Learning_Workbench/Learning_Workbench'
2026-09-28T02:52:11.2850312Z [command]/usr/bin/git version
2026-09-28T02:52:11.2895044Z git version 2.55.0
2026-09-28T02:52:11.2911368Z ##[endgroup]
2026-09-28T02:52:11.2920240Z Temporarily overriding HOME='<CI_HOME>/work/_temp/d90e744d-047e-47fd-a378-7b175e42fb1f' before making global git config changes
2026-09-28T02:52:11.2922221Z Adding repository directory to the temporary git global config as a safe directory
2026-09-28T02:52:11.2925849Z [command]/usr/bin/git config --global --add safe.directory <CI_HOME>/work/Learning_Workbench/Learning_Workbench
2026-09-28T02:52:11.2974016Z Deleting the contents of '<CI_HOME>/work/Learning_Workbench/Learning_Workbench'
2026-09-28T02:52:11.2977005Z ##[group]Determining repository object format
2026-09-28T02:52:11.2978459Z ##[endgroup]
2026-09-28T02:52:11.2979322Z ##[group]Initializing the repository
2026-09-28T02:52:11.2982850Z [command]/usr/bin/git init <CI_HOME>/work/Learning_Workbench/Learning_Workbench
2026-09-28T02:52:11.3056268Z hint: Using 'master' as the name for the initial branch. This default branch name
2026-09-28T02:52:11.3057984Z hint: will change to "main" in Git 3.0. To configure the initial branch name
2026-09-28T02:52:11.3059392Z hint: to use in all of your new repositories, which will suppress this warning,
2026-09-28T02:52:11.3060477Z hint: call:
2026-09-28T02:52:11.3061119Z hint:
2026-09-28T02:52:11.3062728Z hint: 	git config --global init.defaultBranch <name>
2026-09-28T02:52:11.3063683Z hint:
2026-09-28T02:52:11.3064541Z hint: Names commonly chosen instead of 'master' are 'main', 'trunk' and
2026-09-28T02:52:11.3065838Z hint: 'development'. The just-created branch can be renamed via this command:
2026-09-28T02:52:11.3066906Z hint:
2026-09-28T02:52:11.3067584Z hint: 	git branch -m <name>
2026-09-28T02:52:11.3068363Z hint:
2026-09-28T02:52:11.3069294Z hint: Disable this message with "git config set advice.defaultBranchName false"
2026-09-28T02:52:11.3070715Z Initialized empty Git repository in <CI_HOME>/work/Learning_Workbench/Learning_Workbench/.git/
2026-09-28T02:52:11.3072855Z [command]/usr/bin/git remote add origin https://github.com/kl3574/Learning_Workbench
2026-09-28T02:52:11.3121017Z ##[endgroup]
2026-09-28T02:52:11.3122098Z ##[group]Disabling automatic garbage collection
2026-09-28T02:52:11.3122917Z [command]/usr/bin/git config --local gc.auto 0
2026-09-28T02:52:11.3144184Z ##[endgroup]
2026-09-28T02:52:11.3145051Z ##[group]Setting up auth
2026-09-28T02:52:11.3148521Z Removing SSH command configuration
2026-09-28T02:52:11.3149495Z [command]/usr/bin/git config --local --name-only --get-regexp core\.sshCommand
2026-09-28T02:52:11.3179353Z [command]/usr/bin/git submodule foreach --recursive sh -c "git config --local --name-only --get-regexp 'core\.sshCommand' && git config --local --unset-all 'core.sshCommand' || :"
2026-09-28T02:52:11.5239287Z Removing HTTP extra header
2026-09-28T02:52:11.5254290Z [command]/usr/bin/git config --local --name-only --get-regexp http\.https\:\/\/github\.com\/\.extraheader
2026-09-28T02:52:11.5280400Z [command]/usr/bin/git submodule foreach --recursive sh -c "git config --local --name-only --get-regexp 'http\.https\:\/\/github\.com\/\.extraheader' && git config --local --unset-all 'http.https://github.com/.extraheader' || :"
2026-09-28T02:52:11.5491553Z Removing includeIf entries pointing to credentials config files
2026-09-28T02:52:11.5494264Z [command]/usr/bin/git config --local --name-only --get-regexp ^includeIf\.gitdir:
2026-09-28T02:52:11.5526278Z [command]/usr/bin/git submodule foreach --recursive git config --local --show-origin --name-only --get-regexp remote.origin.url
2026-09-28T02:52:11.5722383Z [command]/usr/bin/git config --file <CI_HOME>/work/_temp/git-credentials-d12ff368-1a71-404b-b6d9-2be4b6102c05.config http.https://github.com/.extraheader AUTHORIZATION: basic ***
2026-09-28T02:52:11.5755642Z [command]/usr/bin/git config --local includeIf.gitdir:<CI_HOME>/work/Learning_Workbench/Learning_Workbench/.git.path <CI_HOME>/work/_temp/git-credentials-d12ff368-1a71-404b-b6d9-2be4b6102c05.config
2026-09-28T02:52:11.5784519Z [command]/usr/bin/git config --local includeIf.gitdir:<CI_HOME>/work/Learning_Workbench/Learning_Workbench/.git/worktrees/*.path <CI_HOME>/work/_temp/git-credentials-d12ff368-1a71-404b-b6d9-2be4b6102c05.config
2026-09-28T02:52:11.5816261Z [command]/usr/bin/git config --local includeIf.gitdir:/github/workspace/.git.path /github/runner_temp/git-credentials-d12ff368-1a71-404b-b6d9-2be4b6102c05.config
2026-09-28T02:52:11.5846101Z [command]/usr/bin/git config --local includeIf.gitdir:/github/workspace/.git/worktrees/*.path /github/runner_temp/git-credentials-d12ff368-1a71-404b-b6d9-2be4b6102c05.config
2026-09-28T02:52:11.5872479Z ##[endgroup]
2026-09-28T02:52:11.5873540Z ##[group]Fetching the repository
2026-09-28T02:52:11.5878074Z [command]/usr/bin/git -c protocol.version=2 fetch --no-tags --prune --no-recurse-submodules --depth=1 origin +74f76a4254d5a6dcd3e4df578b8cf3d5a64a78b3:refs/remotes/pull/55/merge
2026-09-28T02:52:16.6068809Z From https://github.com/kl3574/Learning_Workbench
2026-09-28T02:52:16.6070547Z  * [new ref]         74f76a4254d5a6dcd3e4df578b8cf3d5a64a78b3 -> pull/55/merge
2026-09-28T02:52:16.6078071Z ##[endgroup]
2026-09-28T02:52:16.6087463Z ##[group]Determining the checkout info
2026-09-28T02:52:16.6088122Z ##[endgroup]
2026-09-28T02:52:16.6088703Z [command]/usr/bin/git sparse-checkout disable
2026-09-28T02:52:16.6132168Z [command]/usr/bin/git config --local --unset-all extensions.worktreeConfig
2026-09-28T02:52:16.6168340Z ##[group]Checking out the ref
2026-09-28T02:52:16.6172865Z [command]/usr/bin/git checkout --progress --force refs/remotes/pull/55/merge
2026-09-28T02:52:17.6208902Z Note: switching to 'refs/remotes/pull/55/merge'.
2026-09-28T02:52:17.6222892Z 
2026-09-28T02:52:17.6223362Z You are in 'detached HEAD' state. You can look around, make experimental
2026-09-28T02:52:17.6224151Z changes and commit them, and you can discard any commits you make in this
2026-09-28T02:52:17.6224781Z state without impacting any branches by switching back to a branch.
2026-09-28T02:52:17.6225137Z 
2026-09-28T02:52:17.6225401Z If you want to create a new branch to retain commits you create, you may
2026-09-28T02:52:17.6225984Z do so (now or later) by using -c with the switch command. Example:
2026-09-28T02:52:17.6226308Z 
2026-09-28T02:52:17.6226444Z   git switch -c <new-branch-name>
2026-09-28T02:52:17.6226703Z 
2026-09-28T02:52:17.6226865Z Or undo this operation with:
2026-09-28T02:52:17.6227147Z 
2026-09-28T02:52:17.6227255Z   git switch -
2026-09-28T02:52:17.6227471Z 
2026-09-28T02:52:17.6227731Z Turn off this advice by setting config variable advice.detachedHead to false
2026-09-28T02:52:17.6228115Z 
2026-09-28T02:52:17.6228529Z HEAD is now at 74f76a4 Merge fb16dcc3857830acc22677f83dbd285701bea202 into 2cf5caa3f966f919997c37b64d0bbf0e332438df
2026-09-28T02:52:17.6326061Z ##[endgroup]
2026-09-28T02:52:17.6758096Z [command]/usr/bin/git log -1 --format=%H
2026-09-28T02:52:17.6786733Z 74f76a4254d5a6dcd3e4df578b8cf3d5a64a78b3
2026-09-28T02:52:17.7092443Z ##[group]Run actions/setup-python@5fda3b95a4ea91299a34e894583c3862153e4b97
2026-09-28T02:52:17.7092777Z with:
2026-09-28T02:52:17.7092954Z   python-version: 3.12.13
2026-09-28T02:52:17.7093153Z   check-latest: false
2026-09-28T02:52:17.7095193Z   token: ***
2026-09-28T02:52:17.7095375Z   update-environment: true
2026-09-28T02:52:17.7095573Z   allow-prereleases: false
2026-09-28T02:52:17.7095756Z   freethreaded: false
2026-09-28T02:52:17.7095938Z ##[endgroup]
2026-09-28T02:52:17.8062062Z ##[group]Installed versions
2026-09-28T02:52:17.8074423Z Version 3.12.13 was not found in the local cache
2026-09-28T02:52:18.8723404Z Version 3.12.13 is available for downloading
2026-09-28T02:52:18.8724269Z Download from "https://github.com/actions/python-versions/releases/download/3.12.13-27650778726/python-3.12.13-linux-24.04-x64.tar.gz"
2026-09-28T02:52:19.7013019Z Extract downloaded archive
2026-09-28T02:52:19.7110986Z [command]/usr/bin/tar xz --warning=no-unknown-keyword --overwrite -C <CI_HOME>/work/_temp/923ecdcf-79b1-4b56-b5d1-804c8404f196 -f <CI_HOME>/work/_temp/a2bd897b-3a83-4bdf-81a9-65c818440cf7
2026-09-28T02:52:21.4055416Z Execute installation script
2026-09-28T02:52:21.4140383Z Check if Python hostedtoolcache folder exist...
2026-09-28T02:52:21.4140854Z Create Python 3.12.13 folder
2026-09-28T02:52:21.4151520Z Copy Python binaries to hostedtoolcache folder
2026-09-28T02:52:21.8332374Z Create additional symlinks (Required for the UsePythonVersion Azure Pipelines task and the setup-python GitHub Action)
2026-09-28T02:52:21.8367351Z Upgrading pip...
2026-09-28T02:52:26.5365905Z Collecting pip
2026-09-28T02:52:26.5848964Z Downloading pip-26.2.1-py3-none-any.whl.metadata (4.6 kB)
2026-09-28T02:52:26.5991267Z Downloading pip-26.2.1-py3-none-any.whl (1.8 MB)
2026-09-28T02:52:26.6827035Z ━━━━━━━━━━━━━━━━━━━━━━━━━━━━━━━━━━━━━━━━ 1.8/1.8 MB 28.0 MB/s eta 0:00:00
2026-09-28T02:52:26.6827331Z 
2026-09-28T02:52:26.6983728Z Installing collected packages: pip
2026-09-28T02:52:26.6984164Z Attempting uninstall: pip
2026-09-28T02:52:26.7000777Z Found existing installation: pip 25.0.1
2026-09-28T02:52:26.7266961Z Uninstalling pip-25.0.1:
2026-09-28T02:52:26.7314748Z Successfully uninstalled pip-25.0.1
2026-09-28T02:52:27.5094033Z Successfully installed pip-26.2.1
2026-09-28T02:52:27.5704114Z Create complete file
2026-09-28T02:52:27.5736744Z Successfully set up CPython (3.12.13)
2026-09-28T02:52:27.5737841Z ##[endgroup]
2026-09-28T02:52:27.5925261Z ##[group]Run actions/setup-node@820762786026740c76f36085b0efc47a31fe5020
2026-09-28T02:52:27.5925582Z with:
2026-09-28T02:52:27.5925765Z   node-version: 24.21.0
2026-09-28T02:52:27.5925961Z   check-latest: false
2026-09-28T02:52:27.5928079Z   token: ***
2026-09-28T02:52:27.5928299Z   package-manager-cache: true
2026-09-28T02:52:27.5928535Z env:
2026-09-28T02:52:27.5928765Z   pythonLocation: /opt/hostedtoolcache/Python/3.12.13/x64
2026-09-28T02:52:27.5929130Z   PKG_CONFIG_PATH: /opt/hostedtoolcache/Python/3.12.13/x64/lib/pkgconfig
2026-09-28T02:52:27.5929466Z   Python_ROOT_DIR: /opt/hostedtoolcache/Python/3.12.13/x64
2026-09-28T02:52:27.5929766Z   Python2_ROOT_DIR: /opt/hostedtoolcache/Python/3.12.13/x64
2026-09-28T02:52:27.5930061Z   Python3_ROOT_DIR: /opt/hostedtoolcache/Python/3.12.13/x64
2026-09-28T02:52:27.5930368Z   LD_LIBRARY_PATH: /opt/hostedtoolcache/Python/3.12.13/x64/lib
2026-09-28T02:52:27.5930624Z ##[endgroup]
2026-09-28T02:52:27.6974522Z Found in cache @ /opt/hostedtoolcache/node/24.21.0/x64
2026-09-28T02:52:27.6977432Z ##[group]Environment details
2026-09-28T02:52:28.5649420Z node: v24.21.0
2026-09-28T02:52:28.5649755Z npm: 11.19.0
2026-09-28T02:52:28.5649997Z yarn: 1.22.22
2026-09-28T02:52:28.5650421Z ##[endgroup]
2026-09-28T02:52:28.5767735Z ##[group]Run npm ci --prefix apps/web
2026-09-28T02:52:28.5768049Z [36;1mnpm ci --prefix apps/web[0m
2026-09-28T02:52:28.5976458Z shell: /usr/bin/bash -e {0}
2026-09-28T02:52:28.5976712Z env:
2026-09-28T02:52:28.5976960Z   pythonLocation: /opt/hostedtoolcache/Python/3.12.13/x64
2026-09-28T02:52:28.5977321Z   PKG_CONFIG_PATH: /opt/hostedtoolcache/Python/3.12.13/x64/lib/pkgconfig
2026-09-28T02:52:28.5977650Z   Python_ROOT_DIR: /opt/hostedtoolcache/Python/3.12.13/x64
2026-09-28T02:52:28.5977962Z   Python2_ROOT_DIR: /opt/hostedtoolcache/Python/3.12.13/x64
2026-09-28T02:52:28.5978264Z   Python3_ROOT_DIR: /opt/hostedtoolcache/Python/3.12.13/x64
2026-09-28T02:52:28.5978565Z   LD_LIBRARY_PATH: /opt/hostedtoolcache/Python/3.12.13/x64/lib
2026-09-28T02:52:28.5978824Z ##[endgroup]
2026-09-28T02:52:34.2537395Z 
2026-09-28T02:52:34.2545066Z added 236 packages, and audited 237 packages in 6s
2026-09-28T02:52:34.2545449Z 
2026-09-28T02:52:34.2545684Z 118 packages are looking for funding
2026-09-28T02:52:34.2546158Z   run `npm fund` for details
2026-09-28T02:52:34.2549478Z 
2026-09-28T02:52:34.2549874Z found 0 vulnerabilities
2026-09-28T02:52:34.3080538Z ##[group]Run python -m pip install uv==0.11.21
2026-09-28T02:52:34.3080873Z [36;1mpython -m pip install uv==0.11.21[0m
2026-09-28T02:52:34.3146550Z shell: /usr/bin/bash -e {0}
2026-09-28T02:52:34.3146794Z env:
2026-09-28T02:52:34.3147034Z   pythonLocation: /opt/hostedtoolcache/Python/3.12.13/x64
2026-09-28T02:52:34.3147398Z   PKG_CONFIG_PATH: /opt/hostedtoolcache/Python/3.12.13/x64/lib/pkgconfig
2026-09-28T02:52:34.3147752Z   Python_ROOT_DIR: /opt/hostedtoolcache/Python/3.12.13/x64
2026-09-28T02:52:34.3148053Z   Python2_ROOT_DIR: /opt/hostedtoolcache/Python/3.12.13/x64
2026-09-28T02:52:34.3148357Z   Python3_ROOT_DIR: /opt/hostedtoolcache/Python/3.12.13/x64
2026-09-28T02:52:34.3148653Z   LD_LIBRARY_PATH: /opt/hostedtoolcache/Python/3.12.13/x64/lib
2026-09-28T02:52:34.3148916Z ##[endgroup]
2026-09-28T02:52:34.9804108Z Collecting uv==0.11.21
2026-09-28T02:52:35.0387060Z   Downloading uv-0.11.21-py3-none-manylinux_2_17_x86_64.manylinux2014_x86_64.whl.metadata (11 kB)
2026-09-28T02:52:35.1647891Z Downloading uv-0.11.21-py3-none-manylinux_2_17_x86_64.manylinux2014_x86_64.whl (25.1 MB)
2026-09-28T02:52:36.0973514Z    ━━━━━━━━━━━━━━━━━━━━━━━━━━━━━━━━━━━━━━━━ 25.1/25.1 MB 27.7 MB/s  0:00:00
2026-09-28T02:52:36.1429287Z Installing collected packages: uv
2026-09-28T02:52:36.4019856Z Successfully installed uv-0.11.21
2026-09-28T02:52:36.4641428Z ##[group]Run uv sync --frozen
2026-09-28T02:52:36.4641798Z [36;1muv sync --frozen[0m
2026-09-28T02:52:36.4699893Z shell: /usr/bin/bash -e {0}
2026-09-28T02:52:36.4700123Z env:
2026-09-28T02:52:36.4700352Z   pythonLocation: /opt/hostedtoolcache/Python/3.12.13/x64
2026-09-28T02:52:36.4700704Z   PKG_CONFIG_PATH: /opt/hostedtoolcache/Python/3.12.13/x64/lib/pkgconfig
2026-09-28T02:52:36.4701182Z   Python_ROOT_DIR: /opt/hostedtoolcache/Python/3.12.13/x64
2026-09-28T02:52:36.4701487Z   Python2_ROOT_DIR: /opt/hostedtoolcache/Python/3.12.13/x64
2026-09-28T02:52:36.4701791Z   Python3_ROOT_DIR: /opt/hostedtoolcache/Python/3.12.13/x64
2026-09-28T02:52:36.4702259Z   LD_LIBRARY_PATH: /opt/hostedtoolcache/Python/3.12.13/x64/lib
2026-09-28T02:52:36.4702518Z ##[endgroup]
2026-09-28T02:52:36.5404964Z Using CPython 3.12.13 interpreter at: /opt/hostedtoolcache/Python/3.12.13/x64/bin/python3.12
2026-09-28T02:52:36.5405839Z Creating virtual environment at: .venv
2026-09-28T02:52:36.6178883Z Downloading ast-serialize (1.3MiB)
2026-09-28T02:52:36.6179509Z Downloading ruff (9.9MiB)
2026-09-28T02:52:36.6184370Z Downloading mypy (14.6MiB)
2026-09-28T02:52:36.6207874Z Downloading pydantic-core (2.0MiB)
2026-09-28T02:52:36.6209750Z Downloading pygments (1.2MiB)
2026-09-28T02:52:36.8342376Z  Downloaded ast-serialize
2026-09-28T02:52:36.8509739Z  Downloaded pydantic-core
2026-09-28T02:52:36.9586877Z  Downloaded ruff
2026-09-28T02:52:36.9910405Z  Downloaded pygments
2026-09-28T02:52:37.1091441Z  Downloaded mypy
2026-09-28T02:52:37.1094102Z Prepared 37 packages in 566ms
2026-09-28T02:52:37.1523337Z Installed 37 packages in 42ms
2026-09-28T02:52:37.1523785Z  + annotated-doc==0.0.5
2026-09-28T02:52:37.1524145Z  + annotated-types==0.8.0
2026-09-28T02:52:37.1524448Z  + anyio==4.15.1
2026-09-28T02:52:37.1524729Z  + ast-serialize==0.11.2
2026-09-28T02:52:37.1525033Z  + attrs==26.1.0
2026-09-28T02:52:37.1525319Z  + certifi==2026.7.22
2026-09-28T02:52:37.1525591Z  + click==8.5.0
2026-09-28T02:52:37.1525871Z  + defusedxml==0.7.1
2026-09-28T02:52:37.1526159Z  + fastapi==0.141.1
2026-09-28T02:52:37.1526899Z  + h11==0.16.0
2026-09-28T02:52:37.1527207Z  + httpcore==1.0.9
2026-09-28T02:52:37.1527501Z  + httpx==0.28.1
2026-09-28T02:52:37.1527982Z  + idna==3.19
2026-09-28T02:52:37.1528449Z  + iniconfig==2.3.0
2026-09-28T02:52:37.1528856Z  + jsonschema==4.26.0
2026-09-28T02:52:37.1529398Z  + jsonschema-specifications==2025.9.1
2026-09-28T02:52:37.1529844Z  + librt==0.15.0
2026-09-28T02:52:37.1530329Z  + markdown-it-py==4.2.0
2026-09-28T02:52:37.1530856Z  + mdurl==0.1.2
2026-09-28T02:52:37.1531334Z  + mypy==2.3.1
2026-09-28T02:52:37.1532033Z  + mypy-extensions==1.1.0
2026-09-28T02:52:37.1532346Z  + packaging==26.3
2026-09-28T02:52:37.1532621Z  + pathspec==1.1.1
2026-09-28T02:52:37.1533056Z  + pluggy==1.6.0
2026-09-28T02:52:37.1533523Z  + pydantic==2.13.5
2026-09-28T02:52:37.1534100Z  + pydantic-core==2.46.5
2026-09-28T02:52:37.1534396Z  + pygments==2.21.0
2026-09-28T02:52:37.1534664Z  + pypdf==6.18.1
2026-09-28T02:52:37.1534953Z  + pytest==9.1.1
2026-09-28T02:52:37.1535257Z  + python-multipart==0.0.32
2026-09-28T02:52:37.1535634Z  + referencing==0.37.0
2026-09-28T02:52:37.1535929Z  + rpds-py==2026.6.3
2026-09-28T02:52:37.1536366Z  + ruff==0.16.7
2026-09-28T02:52:37.1536704Z  + starlette==1.6.0
2026-09-28T02:52:37.1537037Z  + typing-extensions==4.16.0
2026-09-28T02:52:37.1537372Z  + typing-inspection==0.4.4
2026-09-28T02:52:37.1537683Z  + uvicorn==0.53.0
2026-09-28T02:52:37.1626693Z ##[group]Run make verify-spec
2026-09-28T02:52:37.1626940Z [36;1mmake verify-spec[0m
2026-09-28T02:52:37.1684176Z shell: /usr/bin/bash -e {0}
2026-09-28T02:52:37.1684492Z env:
2026-09-28T02:52:37.1684795Z   pythonLocation: /opt/hostedtoolcache/Python/3.12.13/x64
2026-09-28T02:52:37.1685459Z   PKG_CONFIG_PATH: /opt/hostedtoolcache/Python/3.12.13/x64/lib/pkgconfig
2026-09-28T02:52:37.1685916Z   Python_ROOT_DIR: /opt/hostedtoolcache/Python/3.12.13/x64
2026-09-28T02:52:37.1686317Z   Python2_ROOT_DIR: /opt/hostedtoolcache/Python/3.12.13/x64
2026-09-28T02:52:37.1686743Z   Python3_ROOT_DIR: /opt/hostedtoolcache/Python/3.12.13/x64
2026-09-28T02:52:37.1687186Z   LD_LIBRARY_PATH: /opt/hostedtoolcache/Python/3.12.13/x64/lib
2026-09-28T02:52:37.1687561Z ##[endgroup]
2026-09-28T02:52:37.2046799Z uv run --frozen python scripts/verify_spec.py
2026-09-28T02:52:41.6063733Z {
2026-09-28T02:52:41.6064074Z   "embedded_files": 6,
2026-09-28T02:52:41.6064376Z   "generated_artifacts": 76,
2026-09-28T02:52:41.6064805Z   "learning_effectiveness": "NOT_RUN",
2026-09-28T02:52:41.6065104Z   "models": 54,
2026-09-28T02:52:41.6065338Z   "package_receipts": [
2026-09-28T02:52:41.6065598Z     {
2026-09-28T02:52:41.6066037Z       "archive_sha256": "9933ad962be34e42a29a3299e81c0f03249b584ba1574299672b76eb0242e7b6",
2026-09-28T02:52:41.6066529Z       "object_count": 9,
2026-09-28T02:52:41.6066777Z       "payload_count": 12,
2026-09-28T02:52:41.6067034Z       "profile": "author",
2026-09-28T02:52:41.6067368Z       "scope": "structure_and_integrity_only",
2026-09-28T02:52:41.6067604Z       "total_bytes": 6730
2026-09-28T02:52:41.6067787Z     },
2026-09-28T02:52:41.6067945Z     {
2026-09-28T02:52:41.6068261Z       "archive_sha256": "6d4ddb4c423521625d4686765e1f80f2b65e46ee874eca1bec118dc20a136479",
2026-09-28T02:52:41.6068598Z       "object_count": 9,
2026-09-28T02:52:41.6068788Z       "payload_count": 11,
2026-09-28T02:52:41.6068993Z       "profile": "learner",
2026-09-28T02:52:41.6069240Z       "scope": "structure_and_integrity_only",
2026-09-28T02:52:41.6069487Z       "total_bytes": 5179
2026-09-28T02:52:41.6069671Z     }
2026-09-28T02:52:41.6069821Z   ],
2026-09-28T02:52:41.6070001Z   "product_acceptance": "NOT_RUN",
2026-09-28T02:52:41.6070230Z   "publication": "NOT_CHECKED",
2026-09-28T02:52:41.6070441Z   "real_codex": "NOT_RUN",
2026-09-28T02:52:41.6070641Z   "real_provider": "NOT_RUN",
2026-09-28T02:52:41.6070837Z   "requirements": 38,
2026-09-28T02:52:41.6071266Z   "routes": 119,
2026-09-28T02:52:41.6071552Z   "scope": "M0_structural_baseline_only",
2026-09-28T02:52:41.6072103Z   "source": "PRODUCT_DESIGN.md",
2026-09-28T02:52:41.6072653Z   "spec_sha256": "2d1ecce71e0aa6953c0f772b1935e7e3abdc5933bfbbe93d851a6171236d8a4d",
2026-09-28T02:52:41.6073187Z   "spec_version": "3.0.7",
2026-09-28T02:52:41.6073519Z   "sql_tables_including_fts": 53,
2026-09-28T02:52:41.6073842Z   "status": "PASS",
2026-09-28T02:52:41.6074116Z   "target_scenarios": 33,
2026-09-28T02:52:41.6074403Z   "tasks": 27
2026-09-28T02:52:41.6074642Z }
2026-09-28T02:52:41.7796854Z ##[group]Run uv run --frozen pytest tests/contract tests/unit/test_spec_*.py
2026-09-28T02:52:41.7797446Z [36;1muv run --frozen pytest tests/contract tests/unit/test_spec_*.py[0m
2026-09-28T02:52:41.7853156Z shell: /usr/bin/bash -e {0}
2026-09-28T02:52:41.7853377Z env:
2026-09-28T02:52:41.7853603Z   pythonLocation: /opt/hostedtoolcache/Python/3.12.13/x64
2026-09-28T02:52:41.7853947Z   PKG_CONFIG_PATH: /opt/hostedtoolcache/Python/3.12.13/x64/lib/pkgconfig
2026-09-28T02:52:41.7854273Z   Python_ROOT_DIR: /opt/hostedtoolcache/Python/3.12.13/x64
2026-09-28T02:52:41.7854587Z   Python2_ROOT_DIR: /opt/hostedtoolcache/Python/3.12.13/x64
2026-09-28T02:52:41.7854885Z   Python3_ROOT_DIR: /opt/hostedtoolcache/Python/3.12.13/x64
2026-09-28T02:52:41.7855179Z   LD_LIBRARY_PATH: /opt/hostedtoolcache/Python/3.12.13/x64/lib
2026-09-28T02:52:41.7855435Z ##[endgroup]
2026-09-28T02:52:45.1880305Z ============================= test session starts ==============================
2026-09-28T02:52:45.1880877Z platform linux -- Python 3.12.13, pytest-9.1.1, pluggy-1.6.0
2026-09-28T02:52:45.1881345Z rootdir: <CI_HOME>/work/Learning_Workbench/Learning_Workbench
2026-09-28T02:52:45.1881656Z configfile: pyproject.toml
2026-09-28T02:52:45.1882374Z plugins: anyio-4.15.1
2026-09-28T02:52:45.1882569Z collected 603 items
2026-09-28T02:52:45.1882685Z 
2026-09-28T02:53:48.0982542Z tests/contract/test_api_projection.py .................................. [  5%]
2026-09-28T02:55:51.9114646Z .................................................................        [ 16%]
2026-09-28T02:55:52.0737031Z tests/contract/test_authoring_contracts.py ...........                   [ 18%]
2026-09-28T02:55:52.1916677Z tests/contract/test_authoring_group_models.py .......................... [ 22%]
2026-09-28T02:55:52.1994227Z .......                                                                  [ 23%]
2026-09-28T02:55:52.3221257Z tests/contract/test_generated_transport.py ...............               [ 26%]
2026-09-28T02:55:52.6770544Z tests/contract/test_generated_upload.py ..                               [ 26%]
2026-09-28T02:55:52.9277843Z tests/contract/test_models.py ............................               [ 31%]
2026-09-28T02:55:52.9362543Z tests/contract/test_optional_patch.py .                                  [ 31%]
2026-09-28T02:55:53.0033428Z tests/contract/test_package_integrity.py ........................        [ 35%]
2026-09-28T02:55:53.0864597Z tests/contract/test_practice_public_projection.py ...................... [ 38%]
2026-09-28T02:56:06.2493837Z .............                                                            [ 41%]
2026-09-28T02:56:06.7779439Z tests/contract/test_provider_binding.py .........................        [ 45%]
2026-09-28T02:56:07.2271161Z tests/contract/test_provider_dto.py .................................... [ 51%]
2026-09-28T02:56:07.4450415Z ........................................................................ [ 63%]
2026-09-28T02:56:07.4458802Z                                                                          [ 63%]
2026-09-28T02:56:07.6592464Z tests/contract/test_recommendation_binding.py ........                   [ 64%]
2026-09-28T02:56:07.6776376Z tests/contract/test_recommendation_dto.py .............................. [ 69%]
2026-09-28T02:56:07.7992301Z ........................                                                 [ 73%]
2026-09-28T02:56:07.8140331Z tests/contract/test_retrieval_dto.py ............................        [ 78%]
2026-09-28T02:56:38.2197232Z tests/contract/test_retrieval_generation.py ...................          [ 81%]
2026-09-28T02:56:49.2742751Z tests/contract/test_retrieval_http.py ....................               [ 84%]
2026-09-28T02:56:49.2845565Z tests/contract/test_review_requests.py ..................                [ 87%]
2026-09-28T02:56:49.3065289Z tests/contract/test_tutor_dto.py ....................................... [ 94%]
2026-09-28T02:56:49.3083264Z ..                                                                       [ 94%]
2026-09-28T02:56:50.6386322Z tests/contract/test_tutor_transport.py .....................             [ 97%]
2026-09-28T02:56:52.2829188Z tests/unit/test_spec_catalog.py ....                                     [ 98%]
2026-09-28T02:56:52.5026163Z tests/unit/test_spec_extraction.py .........                             [100%]
2026-09-28T02:56:52.5026468Z 
2026-09-28T02:56:52.5026734Z =============================== warnings summary ===============================
2026-09-28T02:56:52.5027286Z .venv/lib/python3.12/site-packages/fastapi/testclient.py:1
2026-09-28T02:56:52.5028568Z   <CI_HOME>/work/Learning_Workbench/Learning_Workbench/.venv/lib/python3.12/site-packages/fastapi/testclient.py:1: StarletteDeprecationWarning: Using `httpx` with `starlette.testclient` is deprecated; install `httpx2` instead.
2026-09-28T02:56:52.5029692Z     from starlette.testclient import TestClient as TestClient  # noqa
2026-09-28T02:56:52.5029918Z 
2026-09-28T02:56:52.5030143Z .venv/lib/python3.12/site-packages/starlette/testclient.py:53
2026-09-28T02:56:52.5031015Z   <CI_HOME>/work/Learning_Workbench/Learning_Workbench/.venv/lib/python3.12/site-packages/starlette/testclient.py:53: DeprecationWarning: The anyio.abc.BlockingPortal alias is deprecated, use anyio.from_thread.BlockingPortal instead.
2026-09-28T02:56:52.5032530Z     _PortalFactoryType = Callable[[], AbstractContextManager[anyio.abc.BlockingPortal]]
2026-09-28T02:56:52.5032801Z 
2026-09-28T02:56:52.5033041Z -- Docs: https://docs.pytest.org/en/stable/how-to/capture-warnings.html
2026-09-28T02:56:52.5033512Z ================= 603 passed, 2 warnings in 249.90s (0:04:09) ==================
2026-09-28T02:56:52.8987411Z Post job cleanup.
2026-09-28T02:56:53.0097623Z Post job cleanup.
2026-09-28T02:56:53.1244572Z Post job cleanup.
2026-09-28T02:56:53.1967806Z [command]/usr/bin/git version
2026-09-28T02:56:53.2008498Z git version 2.55.0
2026-09-28T02:56:53.2040225Z Temporarily overriding HOME='<CI_HOME>/work/_temp/2c4ccb3d-ccb8-4f46-b547-5d4628f74bbe' before making global git config changes
2026-09-28T02:56:53.2041058Z Adding repository directory to the temporary git global config as a safe directory
2026-09-28T02:56:53.2047523Z [command]/usr/bin/git config --global --add safe.directory <CI_HOME>/work/Learning_Workbench/Learning_Workbench
2026-09-28T02:56:53.2080401Z Removing SSH command configuration
2026-09-28T02:56:53.2088330Z [command]/usr/bin/git config --local --name-only --get-regexp core\.sshCommand
2026-09-28T02:56:53.2127887Z [command]/usr/bin/git submodule foreach --recursive sh -c "git config --local --name-only --get-regexp 'core\.sshCommand' && git config --local --unset-all 'core.sshCommand' || :"
2026-09-28T02:56:53.2375295Z Removing HTTP extra header
2026-09-28T02:56:53.2380351Z [command]/usr/bin/git config --local --name-only --get-regexp http\.https\:\/\/github\.com\/\.extraheader
2026-09-28T02:56:53.2424755Z [command]/usr/bin/git submodule foreach --recursive sh -c "git config --local --name-only --get-regexp 'http\.https\:\/\/github\.com\/\.extraheader' && git config --local --unset-all 'http.https://github.com/.extraheader' || :"
2026-09-28T02:56:53.2679955Z Removing includeIf entries pointing to credentials config files
2026-09-28T02:56:53.2703191Z [command]/usr/bin/git config --local --name-only --get-regexp ^includeIf\.gitdir:
2026-09-28T02:56:53.2729316Z includeif.gitdir:<CI_HOME>/work/Learning_Workbench/Learning_Workbench/.git.path
2026-09-28T02:56:53.2731367Z includeif.gitdir:<CI_HOME>/work/Learning_Workbench/Learning_Workbench/.git/worktrees/*.path
2026-09-28T02:56:53.2732186Z includeif.gitdir:/github/workspace/.git.path
2026-09-28T02:56:53.2732719Z includeif.gitdir:/github/workspace/.git/worktrees/*.path
2026-09-28T02:56:53.2734382Z [command]/usr/bin/git config --local --get-all includeif.gitdir:<CI_HOME>/work/Learning_Workbench/Learning_Workbench/.git.path
2026-09-28T02:56:53.2750482Z <CI_HOME>/work/_temp/git-credentials-d12ff368-1a71-404b-b6d9-2be4b6102c05.config
2026-09-28T02:56:53.2762343Z [command]/usr/bin/git config --local --unset includeif.gitdir:<CI_HOME>/work/Learning_Workbench/Learning_Workbench/.git.path \/home\/runner\/work\/_temp\/git\-credentials\-d12ff368\-1a71\-404b\-b6d9\-2be4b6102c05\.config
2026-09-28T02:56:53.2814165Z [command]/usr/bin/git config --local --get-all includeif.gitdir:<CI_HOME>/work/Learning_Workbench/Learning_Workbench/.git/worktrees/*.path
2026-09-28T02:56:53.2849801Z <CI_HOME>/work/_temp/git-credentials-d12ff368-1a71-404b-b6d9-2be4b6102c05.config
2026-09-28T02:56:53.2859508Z [command]/usr/bin/git config --local --unset includeif.gitdir:<CI_HOME>/work/Learning_Workbench/Learning_Workbench/.git/worktrees/*.path \/home\/runner\/work\/_temp\/git\-credentials\-d12ff368\-1a71\-404b\-b6d9\-2be4b6102c05\.config
2026-09-28T02:56:53.2898010Z [command]/usr/bin/git config --local --get-all includeif.gitdir:/github/workspace/.git.path
2026-09-28T02:56:53.2923087Z /github/runner_temp/git-credentials-d12ff368-1a71-404b-b6d9-2be4b6102c05.config
2026-09-28T02:56:53.2931212Z [command]/usr/bin/git config --local --unset includeif.gitdir:/github/workspace/.git.path \/github\/runner_temp\/git\-credentials\-d12ff368\-1a71\-404b\-b6d9\-2be4b6102c05\.config
2026-09-28T02:56:53.2969501Z [command]/usr/bin/git config --local --get-all includeif.gitdir:/github/workspace/.git/worktrees/*.path
2026-09-28T02:56:53.2998161Z /github/runner_temp/git-credentials-d12ff368-1a71-404b-b6d9-2be4b6102c05.config
2026-09-28T02:56:53.3007950Z [command]/usr/bin/git config --local --unset includeif.gitdir:/github/workspace/.git/worktrees/*.path \/github\/runner_temp\/git\-credentials\-d12ff368\-1a71\-404b\-b6d9\-2be4b6102c05\.config
2026-09-28T02:56:53.3051997Z [command]/usr/bin/git submodule foreach --recursive git config --local --show-origin --name-only --get-regexp remote.origin.url
2026-09-28T02:56:53.3287424Z Removing credentials config '<CI_HOME>/work/_temp/git-credentials-d12ff368-1a71-404b-b6d9-2be4b6102c05.config'
2026-09-28T02:56:53.3420128Z Cleaning up orphan processes
