2026-09-28T02:52:14.5554852Z Current runner version: '2.337.0'
2026-09-28T02:52:14.5581204Z ##[group]Runner Image Provisioner
2026-09-28T02:52:14.5582195Z Hosted Compute Agent
2026-09-28T02:52:14.5582833Z Version: 20260828.587
2026-09-28T02:52:14.5583523Z Commit: abac92662cab4cc7352de4f9f9d2e2419aad9c29
2026-09-28T02:52:14.5584251Z Build Date: 2026-08-28T16:44:25Z
2026-09-28T02:52:14.5584920Z Worker ID: {f0fee011-ba07-4da2-9f36-4dbf09d4b13e}
2026-09-28T02:52:14.5585676Z Azure Region: canadaeast
2026-09-28T02:52:14.5586264Z ##[endgroup]
2026-09-28T02:52:14.5588031Z ##[group]Operating System
2026-09-28T02:52:14.5588963Z Ubuntu
2026-09-28T02:52:14.5589475Z 26.04.1
2026-09-28T02:52:14.5590499Z LTS
2026-09-28T02:52:14.5591100Z ##[endgroup]
2026-09-28T02:52:14.5592089Z ##[group]Runner Image
2026-09-28T02:52:14.5592713Z Image: ubuntu-26.04
2026-09-28T02:52:14.5593250Z Version: 20260920.143.1
2026-09-28T02:52:14.5594791Z Included Software: https://github.com/actions/runner-images/blob/ubuntu26/20260920.143/images/ubuntu/Ubuntu2604-Readme.md
2026-09-28T02:52:14.5596462Z Image Release: https://github.com/actions/runner-images/releases/tag/ubuntu26%2F20260920.143
2026-09-28T02:52:14.5597453Z ##[endgroup]
2026-09-28T02:52:14.5598594Z ##[group]GITHUB_TOKEN Permissions
2026-09-28T02:52:14.5601064Z Contents: read
2026-09-28T02:52:14.5601704Z Metadata: read
2026-09-28T02:52:14.5602365Z ##[endgroup]
2026-09-28T02:52:14.5604495Z Secret source: Actions
2026-09-28T02:52:14.5605570Z Cache mode: write
2026-09-28T02:52:14.5606343Z Prepare workflow directory
2026-09-28T02:52:14.5990460Z Prepare all required actions
2026-09-28T02:52:14.6062452Z Getting action download info
2026-09-28T02:52:14.8396250Z Download action repository 'actions/checkout@3d3c42e5aac5ba805825da76410c181273ba90b1' (SHA:3d3c42e5aac5ba805825da76410c181273ba90b1)
2026-09-28T02:52:15.1669225Z Download action repository 'actions/setup-python@5fda3b95a4ea91299a34e894583c3862153e4b97' (SHA:5fda3b95a4ea91299a34e894583c3862153e4b97)
2026-09-28T02:52:15.3801007Z Complete job name: integration
2026-09-28T02:52:15.4602962Z ##[group]Run actions/checkout@3d3c42e5aac5ba805825da76410c181273ba90b1
2026-09-28T02:52:15.4604178Z with:
2026-09-28T02:52:15.4604702Z   repository: kl3574/Learning_Workbench
2026-09-28T02:52:15.4608631Z   token: ***
2026-09-28T02:52:15.4609120Z   ssh-strict: true
2026-09-28T02:52:15.4609612Z   ssh-user: git
2026-09-28T02:52:15.4610329Z   persist-credentials: true
2026-09-28T02:52:15.4610892Z   clean: true
2026-09-28T02:52:15.4611392Z   sparse-checkout-cone-mode: true
2026-09-28T02:52:15.4611973Z   fetch-depth: 1
2026-09-28T02:52:15.4612445Z   fetch-tags: false
2026-09-28T02:52:15.4612955Z   show-progress: true
2026-09-28T02:52:15.4613456Z   lfs: false
2026-09-28T02:52:15.4613930Z   submodules: false
2026-09-28T02:52:15.4614434Z   set-safe-directory: true
2026-09-28T02:52:15.4614995Z   allow-unsafe-pr-checkout: false
2026-09-28T02:52:15.4615855Z ##[endgroup]
2026-09-28T02:52:15.5720175Z Syncing repository: kl3574/Learning_Workbench
2026-09-28T02:52:15.5723653Z ##[group]Getting Git version info
2026-09-28T02:52:15.5725384Z Working directory is '<CI_HOME>/work/Learning_Workbench/Learning_Workbench'
2026-09-28T02:52:15.5727767Z [command]/usr/bin/git version
2026-09-28T02:52:15.5728913Z git version 2.55.0
2026-09-28T02:52:15.5743913Z ##[endgroup]
2026-09-28T02:52:15.5768313Z Temporarily overriding HOME='<CI_HOME>/work/_temp/47d2e0c6-3d47-4951-b6de-90a8ad403961' before making global git config changes
2026-09-28T02:52:15.5771988Z Adding repository directory to the temporary git global config as a safe directory
2026-09-28T02:52:15.5775550Z [command]/usr/bin/git config --global --add safe.directory <CI_HOME>/work/Learning_Workbench/Learning_Workbench
2026-09-28T02:52:15.6108340Z Deleting the contents of '<CI_HOME>/work/Learning_Workbench/Learning_Workbench'
2026-09-28T02:52:15.6111785Z ##[group]Determining repository object format
2026-09-28T02:52:15.6114334Z ##[endgroup]
2026-09-28T02:52:15.6116281Z ##[group]Initializing the repository
2026-09-28T02:52:15.6119088Z [command]/usr/bin/git init <CI_HOME>/work/Learning_Workbench/Learning_Workbench
2026-09-28T02:52:15.6671828Z hint: Using 'master' as the name for the initial branch. This default branch name
2026-09-28T02:52:15.6673456Z hint: will change to "main" in Git 3.0. To configure the initial branch name
2026-09-28T02:52:15.6674622Z hint: to use in all of your new repositories, which will suppress this warning,
2026-09-28T02:52:15.6675483Z hint: call:
2026-09-28T02:52:15.6676326Z hint:
2026-09-28T02:52:15.6677402Z hint: 	git config --global init.defaultBranch <name>
2026-09-28T02:52:15.6678143Z hint:
2026-09-28T02:52:15.6678815Z hint: Names commonly chosen instead of 'master' are 'main', 'trunk' and
2026-09-28T02:52:15.6680211Z hint: 'development'. The just-created branch can be renamed via this command:
2026-09-28T02:52:15.6681086Z hint:
2026-09-28T02:52:15.6681785Z hint: 	git branch -m <name>
2026-09-28T02:52:15.6682578Z hint:
2026-09-28T02:52:15.6683613Z hint: Disable this message with "git config set advice.defaultBranchName false"
2026-09-28T02:52:15.6684879Z Initialized empty Git repository in <CI_HOME>/work/Learning_Workbench/Learning_Workbench/.git/
2026-09-28T02:52:15.6687012Z [command]/usr/bin/git remote add origin https://github.com/kl3574/Learning_Workbench
2026-09-28T02:52:15.6875223Z ##[endgroup]
2026-09-28T02:52:15.6876979Z ##[group]Disabling automatic garbage collection
2026-09-28T02:52:15.6878674Z [command]/usr/bin/git config --local gc.auto 0
2026-09-28T02:52:15.6913700Z ##[endgroup]
2026-09-28T02:52:15.6915564Z ##[group]Setting up auth
2026-09-28T02:52:15.6916954Z Removing SSH command configuration
2026-09-28T02:52:15.6920934Z [command]/usr/bin/git config --local --name-only --get-regexp core\.sshCommand
2026-09-28T02:52:15.6956411Z [command]/usr/bin/git submodule foreach --recursive sh -c "git config --local --name-only --get-regexp 'core\.sshCommand' && git config --local --unset-all 'core.sshCommand' || :"
2026-09-28T02:52:15.8723437Z Removing HTTP extra header
2026-09-28T02:52:15.8729944Z [command]/usr/bin/git config --local --name-only --get-regexp http\.https\:\/\/github\.com\/\.extraheader
2026-09-28T02:52:15.8764667Z [command]/usr/bin/git submodule foreach --recursive sh -c "git config --local --name-only --get-regexp 'http\.https\:\/\/github\.com\/\.extraheader' && git config --local --unset-all 'http.https://github.com/.extraheader' || :"
2026-09-28T02:52:15.9050739Z Removing includeIf entries pointing to credentials config files
2026-09-28T02:52:15.9056435Z [command]/usr/bin/git config --local --name-only --get-regexp ^includeIf\.gitdir:
2026-09-28T02:52:15.9095846Z [command]/usr/bin/git submodule foreach --recursive git config --local --show-origin --name-only --get-regexp remote.origin.url
2026-09-28T02:52:15.9386962Z [command]/usr/bin/git config --file <CI_HOME>/work/_temp/git-credentials-84f3f6a4-4ed3-45c2-86a5-e61887fc8cd2.config http.https://github.com/.extraheader AUTHORIZATION: basic ***
2026-09-28T02:52:15.9429357Z [command]/usr/bin/git config --local includeIf.gitdir:<CI_HOME>/work/Learning_Workbench/Learning_Workbench/.git.path <CI_HOME>/work/_temp/git-credentials-84f3f6a4-4ed3-45c2-86a5-e61887fc8cd2.config
2026-09-28T02:52:15.9462240Z [command]/usr/bin/git config --local includeIf.gitdir:<CI_HOME>/work/Learning_Workbench/Learning_Workbench/.git/worktrees/*.path <CI_HOME>/work/_temp/git-credentials-84f3f6a4-4ed3-45c2-86a5-e61887fc8cd2.config
2026-09-28T02:52:15.9499052Z [command]/usr/bin/git config --local includeIf.gitdir:/github/workspace/.git.path /github/runner_temp/git-credentials-84f3f6a4-4ed3-45c2-86a5-e61887fc8cd2.config
2026-09-28T02:52:15.9533489Z [command]/usr/bin/git config --local includeIf.gitdir:/github/workspace/.git/worktrees/*.path /github/runner_temp/git-credentials-84f3f6a4-4ed3-45c2-86a5-e61887fc8cd2.config
2026-09-28T02:52:15.9562803Z ##[endgroup]
2026-09-28T02:52:15.9563851Z ##[group]Fetching the repository
2026-09-28T02:52:15.9570942Z [command]/usr/bin/git -c protocol.version=2 fetch --no-tags --prune --no-recurse-submodules --depth=1 origin +fb16dcc3857830acc22677f83dbd285701bea202:refs/remotes/origin/feat/M6.2-candidate-review
2026-09-28T02:52:20.5015750Z From https://github.com/kl3574/Learning_Workbench
2026-09-28T02:52:20.5017563Z  * [new ref]         fb16dcc3857830acc22677f83dbd285701bea202 -> origin/feat/M6.2-candidate-review
2026-09-28T02:52:20.5025306Z [command]/usr/bin/git branch --list --remote origin/feat/M6.2-candidate-review
2026-09-28T02:52:20.5053754Z   origin/feat/M6.2-candidate-review
2026-09-28T02:52:20.5062726Z [command]/usr/bin/git rev-parse refs/remotes/origin/feat/M6.2-candidate-review
2026-09-28T02:52:20.5088028Z fb16dcc3857830acc22677f83dbd285701bea202
2026-09-28T02:52:20.5094238Z ##[endgroup]
2026-09-28T02:52:20.5096053Z ##[group]Determining the checkout info
2026-09-28T02:52:20.5098132Z ##[endgroup]
2026-09-28T02:52:20.5099465Z [command]/usr/bin/git sparse-checkout disable
2026-09-28T02:52:20.5198691Z [command]/usr/bin/git config --local --unset-all extensions.worktreeConfig
2026-09-28T02:52:20.5230395Z ##[group]Checking out the ref
2026-09-28T02:52:20.5235858Z [command]/usr/bin/git checkout --progress --force -B feat/M6.2-candidate-review refs/remotes/origin/feat/M6.2-candidate-review
2026-09-28T02:52:21.5478263Z Updating files:  84% (9915/11761)
2026-09-28T02:52:21.5576102Z Updating files:  85% (9997/11761)
2026-09-28T02:52:21.5685813Z Updating files:  86% (10115/11761)
2026-09-28T02:52:21.5788493Z Updating files:  87% (10233/11761)
2026-09-28T02:52:21.5988559Z Updating files:  88% (10350/11761)
2026-09-28T02:52:21.6105657Z Updating files:  89% (10468/11761)
2026-09-28T02:52:21.6257894Z Updating files:  90% (10585/11761)
2026-09-28T02:52:21.6352542Z Updating files:  91% (10703/11761)
2026-09-28T02:52:21.6441029Z Updating files:  92% (10821/11761)
2026-09-28T02:52:21.6517015Z Updating files:  93% (10938/11761)
2026-09-28T02:52:21.6627706Z Updating files:  94% (11056/11761)
2026-09-28T02:52:21.6732163Z Updating files:  95% (11173/11761)
2026-09-28T02:52:21.6794002Z Updating files:  96% (11291/11761)
2026-09-28T02:52:21.6861789Z Updating files:  97% (11409/11761)
2026-09-28T02:52:21.6934420Z Updating files:  98% (11526/11761)
2026-09-28T02:52:21.7008007Z Updating files:  99% (11644/11761)
2026-09-28T02:52:21.7008618Z Updating files: 100% (11761/11761)
2026-09-28T02:52:21.7175618Z Updating files: 100% (11761/11761), done.
2026-09-28T02:52:21.7176303Z Switched to a new branch 'feat/M6.2-candidate-review'
2026-09-28T02:52:21.7179007Z branch 'feat/M6.2-candidate-review' set up to track 'origin/feat/M6.2-candidate-review'.
2026-09-28T02:52:21.7253211Z ##[endgroup]
2026-09-28T02:52:21.7309514Z [command]/usr/bin/git log -1 --format=%H
2026-09-28T02:52:21.7339484Z fb16dcc3857830acc22677f83dbd285701bea202
2026-09-28T02:52:21.7618424Z ##[group]Run actions/setup-python@5fda3b95a4ea91299a34e894583c3862153e4b97
2026-09-28T02:52:21.7618901Z with:
2026-09-28T02:52:21.7619152Z   python-version: 3.12.13
2026-09-28T02:52:21.7619432Z   check-latest: false
2026-09-28T02:52:21.7622061Z   token: ***
2026-09-28T02:52:21.7622336Z   update-environment: true
2026-09-28T02:52:21.7622646Z   allow-prereleases: false
2026-09-28T02:52:21.7622916Z   freethreaded: false
2026-09-28T02:52:21.7623170Z ##[endgroup]
2026-09-28T02:52:21.8801022Z ##[group]Installed versions
2026-09-28T02:52:21.8844584Z Version 3.12.13 was not found in the local cache
2026-09-28T02:52:22.6142997Z Version 3.12.13 is available for downloading
2026-09-28T02:52:22.6144822Z Download from "https://github.com/actions/python-versions/releases/download/3.12.13-27650778726/python-3.12.13-linux-26.04-x64.tar.gz"
2026-09-28T02:52:23.5333611Z Extract downloaded archive
2026-09-28T02:52:23.5458591Z [command]/usr/bin/tar xz --warning=no-unknown-keyword --overwrite -C <CI_HOME>/work/_temp/c01c68e9-37e0-471b-824e-e06da690df1d -f <CI_HOME>/work/_temp/ce7f5849-1d30-4927-ad34-07387697753a
2026-09-28T02:52:24.7480811Z Execute installation script
2026-09-28T02:52:24.7615512Z Check if Python hostedtoolcache folder exist...
2026-09-28T02:52:24.7616149Z Create Python 3.12.13 folder
2026-09-28T02:52:24.7643438Z Copy Python binaries to hostedtoolcache folder
2026-09-28T02:52:25.2300604Z Create additional symlinks (Required for the UsePythonVersion Azure Pipelines task and the setup-python GitHub Action)
2026-09-28T02:52:25.2400494Z Upgrading pip...
2026-09-28T02:52:27.6411835Z Collecting pip
2026-09-28T02:52:27.8812314Z Downloading pip-26.2.1-py3-none-any.whl.metadata (4.6 kB)
2026-09-28T02:52:27.9601497Z Downloading pip-26.2.1-py3-none-any.whl (1.8 MB)
2026-09-28T02:52:28.3557142Z ━━━━━━━━━━━━━━━━━━━━━━━━━━━━━━━━━━━━━━━━ 1.8/1.8 MB 7.7 MB/s eta 0:00:00
2026-09-28T02:52:28.3557733Z 
2026-09-28T02:52:28.3893569Z Installing collected packages: pip
2026-09-28T02:52:28.3895757Z Attempting uninstall: pip
2026-09-28T02:52:28.3916923Z Found existing installation: pip 25.0.1
2026-09-28T02:52:28.4260573Z Uninstalling pip-25.0.1:
2026-09-28T02:52:28.4317057Z Successfully uninstalled pip-25.0.1
2026-09-28T02:52:29.3173922Z Successfully installed pip-26.2.1
2026-09-28T02:52:29.3648494Z Create complete file
2026-09-28T02:52:29.3701558Z Successfully set up CPython (3.12.13)
2026-09-28T02:52:29.3703023Z ##[endgroup]
2026-09-28T02:52:29.3860605Z ##[group]Run python -m pip install uv==0.11.21
2026-09-28T02:52:29.3861053Z [36;1mpython -m pip install uv==0.11.21[0m
2026-09-28T02:52:29.4349095Z shell: /usr/bin/bash -e {0}
2026-09-28T02:52:29.4349395Z env:
2026-09-28T02:52:29.4350062Z   pythonLocation: /opt/hostedtoolcache/Python/3.12.13/x64
2026-09-28T02:52:29.4350597Z   PKG_CONFIG_PATH: /opt/hostedtoolcache/Python/3.12.13/x64/lib/pkgconfig
2026-09-28T02:52:29.4351116Z   Python_ROOT_DIR: /opt/hostedtoolcache/Python/3.12.13/x64
2026-09-28T02:52:29.4351574Z   Python2_ROOT_DIR: /opt/hostedtoolcache/Python/3.12.13/x64
2026-09-28T02:52:29.4352036Z   Python3_ROOT_DIR: /opt/hostedtoolcache/Python/3.12.13/x64
2026-09-28T02:52:29.4352511Z   LD_LIBRARY_PATH: /opt/hostedtoolcache/Python/3.12.13/x64/lib
2026-09-28T02:52:29.4352904Z ##[endgroup]
2026-09-28T02:52:31.0157278Z Collecting uv==0.11.21
2026-09-28T02:52:31.2519662Z   Downloading uv-0.11.21-py3-none-manylinux_2_17_x86_64.manylinux2014_x86_64.whl.metadata (11 kB)
2026-09-28T02:52:31.3426195Z Downloading uv-0.11.21-py3-none-manylinux_2_17_x86_64.manylinux2014_x86_64.whl (25.1 MB)
2026-09-28T02:52:32.1266129Z    ━━━━━━━━━━━━━━━━━━━━━━━━━━━━━━━━━━━━━━━━ 25.1/25.1 MB 42.0 MB/s  0:00:00
2026-09-28T02:52:32.1770430Z Installing collected packages: uv
2026-09-28T02:52:32.4749680Z Successfully installed uv-0.11.21
2026-09-28T02:52:32.5299514Z ##[group]Run uv sync --frozen
2026-09-28T02:52:32.5300200Z [36;1muv sync --frozen[0m
2026-09-28T02:52:32.5357371Z shell: /usr/bin/bash -e {0}
2026-09-28T02:52:32.5357650Z env:
2026-09-28T02:52:32.5357946Z   pythonLocation: /opt/hostedtoolcache/Python/3.12.13/x64
2026-09-28T02:52:32.5358434Z   PKG_CONFIG_PATH: /opt/hostedtoolcache/Python/3.12.13/x64/lib/pkgconfig
2026-09-28T02:52:32.5358912Z   Python_ROOT_DIR: /opt/hostedtoolcache/Python/3.12.13/x64
2026-09-28T02:52:32.5359334Z   Python2_ROOT_DIR: /opt/hostedtoolcache/Python/3.12.13/x64
2026-09-28T02:52:32.5359884Z   Python3_ROOT_DIR: /opt/hostedtoolcache/Python/3.12.13/x64
2026-09-28T02:52:32.5360325Z   LD_LIBRARY_PATH: /opt/hostedtoolcache/Python/3.12.13/x64/lib
2026-09-28T02:52:32.5360692Z ##[endgroup]
2026-09-28T02:52:32.6169270Z Using CPython 3.12.13 interpreter at: /opt/hostedtoolcache/Python/3.12.13/x64/bin/python3.12
2026-09-28T02:52:32.6170724Z Creating virtual environment at: .venv
2026-09-28T02:52:32.8190504Z Downloading pygments (1.2MiB)
2026-09-28T02:52:32.8225965Z Downloading pydantic-core (2.0MiB)
2026-09-28T02:52:32.8226533Z Downloading mypy (14.6MiB)
2026-09-28T02:52:32.8227084Z Downloading ast-serialize (1.3MiB)
2026-09-28T02:52:32.8227592Z Downloading ruff (9.9MiB)
2026-09-28T02:52:33.0230513Z  Downloaded ast-serialize
2026-09-28T02:52:33.0539414Z  Downloaded pydantic-core
2026-09-28T02:52:33.2081827Z  Downloaded ruff
2026-09-28T02:52:33.2680914Z  Downloaded pygments
2026-09-28T02:52:33.4237160Z  Downloaded mypy
2026-09-28T02:52:33.4589377Z Prepared 37 packages in 838ms
2026-09-28T02:52:33.5020934Z Installed 37 packages in 43ms
2026-09-28T02:52:33.5021923Z  + annotated-doc==0.0.5
2026-09-28T02:52:33.5022482Z  + annotated-types==0.8.0
2026-09-28T02:52:33.5023024Z  + anyio==4.15.1
2026-09-28T02:52:33.5023518Z  + ast-serialize==0.11.2
2026-09-28T02:52:33.5024010Z  + attrs==26.1.0
2026-09-28T02:52:33.5024492Z  + certifi==2026.7.22
2026-09-28T02:52:33.5024970Z  + click==8.5.0
2026-09-28T02:52:33.5025468Z  + defusedxml==0.7.1
2026-09-28T02:52:33.5025933Z  + fastapi==0.141.1
2026-09-28T02:52:33.5026451Z  + h11==0.16.0
2026-09-28T02:52:33.5026903Z  + httpcore==1.0.9
2026-09-28T02:52:33.5027372Z  + httpx==0.28.1
2026-09-28T02:52:33.5027829Z  + idna==3.19
2026-09-28T02:52:33.5028283Z  + iniconfig==2.3.0
2026-09-28T02:52:33.5028769Z  + jsonschema==4.26.0
2026-09-28T02:52:33.5029286Z  + jsonschema-specifications==2025.9.1
2026-09-28T02:52:33.5030148Z  + librt==0.15.0
2026-09-28T02:52:33.5030841Z  + markdown-it-py==4.2.0
2026-09-28T02:52:33.5031478Z  + mdurl==0.1.2
2026-09-28T02:52:33.5031849Z  + mypy==2.3.1
2026-09-28T02:52:33.5032225Z  + mypy-extensions==1.1.0
2026-09-28T02:52:33.5032692Z  + packaging==26.3
2026-09-28T02:52:33.5033049Z  + pathspec==1.1.1
2026-09-28T02:52:33.5033435Z  + pluggy==1.6.0
2026-09-28T02:52:33.5033689Z  + pydantic==2.13.5
2026-09-28T02:52:33.5033941Z  + pydantic-core==2.46.5
2026-09-28T02:52:33.5034197Z  + pygments==2.21.0
2026-09-28T02:52:33.5034440Z  + pypdf==6.18.1
2026-09-28T02:52:33.5034672Z  + pytest==9.1.1
2026-09-28T02:52:33.5034913Z  + python-multipart==0.0.32
2026-09-28T02:52:33.5035179Z  + referencing==0.37.0
2026-09-28T02:52:33.5035423Z  + rpds-py==2026.6.3
2026-09-28T02:52:33.5035653Z  + ruff==0.16.7
2026-09-28T02:52:33.5035868Z  + starlette==1.6.0
2026-09-28T02:52:33.5036110Z  + typing-extensions==4.16.0
2026-09-28T02:52:33.5036383Z  + typing-inspection==0.4.4
2026-09-28T02:52:33.5036631Z  + uvicorn==0.53.0
2026-09-28T02:52:33.5099539Z ##[group]Run sudo apt-get update
2026-09-28T02:52:33.5100284Z [36;1msudo apt-get update[0m
2026-09-28T02:52:33.5100959Z [36;1msudo apt-get install -y bubblewrap=0.11.1-1ubuntu0.3 apparmor=5.0.2-0ubuntu1~26.04.1 libapparmor1=5.0.2-0ubuntu1~26.04.1 libseccomp2=2.6.0-2ubuntu5[0m
2026-09-28T02:52:33.5101754Z [36;1mdpkg-query -W bubblewrap apparmor libapparmor1 libseccomp2[0m
2026-09-28T02:52:33.5102205Z [36;1mtest -f /etc/apparmor.d/bwrap-userns-restrict[0m
2026-09-28T02:52:33.5102556Z [36;1mbwrap --version[0m
2026-09-28T02:52:33.5160027Z shell: /usr/bin/bash -e {0}
2026-09-28T02:52:33.5160318Z env:
2026-09-28T02:52:33.5160628Z   pythonLocation: /opt/hostedtoolcache/Python/3.12.13/x64
2026-09-28T02:52:33.5161124Z   PKG_CONFIG_PATH: /opt/hostedtoolcache/Python/3.12.13/x64/lib/pkgconfig
2026-09-28T02:52:33.5161605Z   Python_ROOT_DIR: /opt/hostedtoolcache/Python/3.12.13/x64
2026-09-28T02:52:33.5162033Z   Python2_ROOT_DIR: /opt/hostedtoolcache/Python/3.12.13/x64
2026-09-28T02:52:33.5162514Z   Python3_ROOT_DIR: /opt/hostedtoolcache/Python/3.12.13/x64
2026-09-28T02:52:33.5162940Z   LD_LIBRARY_PATH: /opt/hostedtoolcache/Python/3.12.13/x64/lib
2026-09-28T02:52:33.5163299Z ##[endgroup]
2026-09-28T02:52:33.6281040Z Get:1 file:/etc/apt/apt-mirrors.txt Mirrorlist [144 B]
2026-09-28T02:52:33.6661254Z Hit:2 http://azure.archive.ubuntu.com/ubuntu resolute InRelease
2026-09-28T02:52:33.6700980Z Get:3 http://azure.archive.ubuntu.com/ubuntu resolute-updates InRelease [137 kB]
2026-09-28T02:52:33.6810892Z Get:4 http://azure.archive.ubuntu.com/ubuntu resolute-backports InRelease [137 kB]
2026-09-28T02:52:33.6873806Z Get:5 http://azure.archive.ubuntu.com/ubuntu resolute-security InRelease [137 kB]
2026-09-28T02:52:33.6991206Z Get:6 https://packages.microsoft.com/ubuntu/26.04/prod resolute InRelease [3964 B]
2026-09-28T02:52:33.7321129Z Get:7 http://azure.archive.ubuntu.com/ubuntu resolute-updates/main amd64v3 Packages [675 kB]
2026-09-28T02:52:33.7478980Z Get:8 http://azure.archive.ubuntu.com/ubuntu resolute-updates/main Translation-en [159 kB]
2026-09-28T02:52:33.7498288Z Get:9 http://azure.archive.ubuntu.com/ubuntu resolute-updates/main amd64 Components [98.0 kB]
2026-09-28T02:52:33.7502794Z Get:10 http://azure.archive.ubuntu.com/ubuntu resolute-updates/universe amd64v3 Packages [302 kB]
2026-09-28T02:52:33.7530840Z Get:11 http://azure.archive.ubuntu.com/ubuntu resolute-updates/universe Translation-en [96.7 kB]
2026-09-28T02:52:33.7540695Z Get:12 http://azure.archive.ubuntu.com/ubuntu resolute-updates/universe amd64 Components [190 kB]
2026-09-28T02:52:33.7546486Z Get:13 http://azure.archive.ubuntu.com/ubuntu resolute-updates/restricted amd64v3 Packages [458 kB]
2026-09-28T02:52:33.7615323Z Get:14 http://azure.archive.ubuntu.com/ubuntu resolute-updates/restricted Translation-en [90.8 kB]
2026-09-28T02:52:33.7630779Z Get:15 http://azure.archive.ubuntu.com/ubuntu resolute-backports/universe amd64 Components [1060 B]
2026-09-28T02:52:33.7632800Z Get:16 http://azure.archive.ubuntu.com/ubuntu resolute-security/main amd64v3 Packages [531 kB]
2026-09-28T02:52:33.7823244Z Get:24 https://packages.microsoft.com/ubuntu/26.04/prod resolute/main arm64 Packages [62.5 kB]
2026-09-28T02:52:33.8020999Z Get:25 https://packages.microsoft.com/ubuntu/26.04/prod resolute/main armhf Packages [795 B]
2026-09-28T02:52:33.8107987Z Get:17 http://azure.archive.ubuntu.com/ubuntu resolute-security/main Translation-en [125 kB]
2026-09-28T02:52:33.8118989Z Get:18 http://azure.archive.ubuntu.com/ubuntu resolute-security/main amd64 Components [46.7 kB]
2026-09-28T02:52:33.8172529Z Get:19 http://azure.archive.ubuntu.com/ubuntu resolute-security/universe amd64v3 Packages [183 kB]
2026-09-28T02:52:33.8182723Z Get:26 https://packages.microsoft.com/ubuntu/26.04/prod resolute/main amd64 Packages [71.7 kB]
2026-09-28T02:52:33.8191439Z Get:20 http://azure.archive.ubuntu.com/ubuntu resolute-security/universe Translation-en [58.2 kB]
2026-09-28T02:52:33.8195642Z Get:21 http://azure.archive.ubuntu.com/ubuntu resolute-security/universe amd64 Components [43.4 kB]
2026-09-28T02:52:33.8211411Z Get:22 http://azure.archive.ubuntu.com/ubuntu resolute-security/restricted amd64v3 Packages [437 kB]
2026-09-28T02:52:33.8229449Z Get:23 http://azure.archive.ubuntu.com/ubuntu resolute-security/restricted Translation-en [86.2 kB]
2026-09-28T02:52:38.9625799Z Fetched 4132 kB in 0s (9592 kB/s)
2026-09-28T02:52:39.5683400Z Reading package lists...
2026-09-28T02:52:39.6025508Z Reading package lists...
2026-09-28T02:52:39.7320264Z Building dependency tree...
2026-09-28T02:52:39.7327529Z Reading state information...
2026-09-28T02:52:39.7624518Z bubblewrap is already the newest version (0.11.1-1ubuntu0.3).
2026-09-28T02:52:39.7625119Z bubblewrap set to manually installed.
2026-09-28T02:52:39.7625647Z apparmor is already the newest version (5.0.2-0ubuntu1~26.04.1).
2026-09-28T02:52:39.7626186Z apparmor set to manually installed.
2026-09-28T02:52:39.7626709Z libapparmor1 is already the newest version (5.0.2-0ubuntu1~26.04.1).
2026-09-28T02:52:39.7627296Z libapparmor1 set to manually installed.
2026-09-28T02:52:39.7627829Z libseccomp2 is already the newest version (2.6.0-2ubuntu5).
2026-09-28T02:52:39.7628265Z libseccomp2 set to manually installed.
2026-09-28T02:52:39.8122982Z Solving dependencies...
2026-09-28T02:52:39.9345938Z 0 upgraded, 0 newly installed, 0 to remove and 38 not upgraded.
2026-09-28T02:52:39.9608255Z apparmor	5.0.2-0ubuntu1~26.04.1
2026-09-28T02:52:39.9608777Z bubblewrap	0.11.1-1ubuntu0.3
2026-09-28T02:52:39.9609153Z libapparmor1:amd64	5.0.2-0ubuntu1~26.04.1
2026-09-28T02:52:39.9609496Z libseccomp2:amd64	2.6.0-2ubuntu5
2026-09-28T02:52:39.9700571Z bubblewrap 0.11.1
2026-09-28T02:52:39.9747051Z ##[group]Run uv run --frozen pytest tests/integration
2026-09-28T02:52:39.9747530Z [36;1muv run --frozen pytest tests/integration[0m
2026-09-28T02:52:39.9804569Z shell: /usr/bin/bash -e {0}
2026-09-28T02:52:39.9804844Z env:
2026-09-28T02:52:39.9805150Z   pythonLocation: /opt/hostedtoolcache/Python/3.12.13/x64
2026-09-28T02:52:39.9805638Z   PKG_CONFIG_PATH: /opt/hostedtoolcache/Python/3.12.13/x64/lib/pkgconfig
2026-09-28T02:52:39.9806108Z   Python_ROOT_DIR: /opt/hostedtoolcache/Python/3.12.13/x64
2026-09-28T02:52:39.9806556Z   Python2_ROOT_DIR: /opt/hostedtoolcache/Python/3.12.13/x64
2026-09-28T02:52:39.9807176Z   Python3_ROOT_DIR: /opt/hostedtoolcache/Python/3.12.13/x64
2026-09-28T02:52:39.9807600Z   LD_LIBRARY_PATH: /opt/hostedtoolcache/Python/3.12.13/x64/lib
2026-09-28T02:52:39.9807958Z ##[endgroup]
2026-09-28T02:52:46.4218831Z ============================= test session starts ==============================
2026-09-28T02:52:46.4220052Z platform linux -- Python 3.12.13, pytest-9.1.1, pluggy-1.6.0
2026-09-28T02:52:46.4220915Z rootdir: <CI_HOME>/work/Learning_Workbench/Learning_Workbench
2026-09-28T02:52:46.4221634Z configfile: pyproject.toml
2026-09-28T02:52:46.4222097Z plugins: anyio-4.15.1
2026-09-28T02:52:46.4222516Z collected 1505 items
2026-09-28T02:52:46.4222767Z 
2026-09-28T02:53:28.9060195Z tests/integration/test_artifact_owners.py ...........................    [  1%]
2026-09-28T02:53:58.8387816Z tests/integration/test_assessment_attempts.py .......................... [  3%]
2026-09-28T02:54:11.3504417Z ...........                                                              [  4%]
2026-09-28T02:54:38.1985437Z tests/integration/test_assessment_grading.py ....................        [  5%]
2026-09-28T02:54:44.8320005Z tests/integration/test_assessment_independent_review.py .......          [  6%]
2026-09-28T02:54:55.3600040Z tests/integration/test_assessment_learning_port.py ...........           [  6%]
2026-09-28T02:55:14.5391367Z tests/integration/test_assessment_policy.py ...................          [  8%]
2026-09-28T02:55:27.6857198Z tests/integration/test_assessment_review_history.py ........             [  8%]
2026-09-28T02:55:28.9764096Z tests/integration/test_authoring_actor_control.py ..                     [  8%]
2026-09-28T02:55:31.7936133Z tests/integration/test_authoring_cancel_policy_recovery.py ..            [  8%]
2026-09-28T02:55:32.2894282Z tests/integration/test_authoring_context.py ......                       [  9%]
2026-09-28T02:55:33.8343593Z tests/integration/test_authoring_generation_integrity.py ..              [  9%]
2026-09-28T02:55:34.3417798Z tests/integration/test_authoring_group_context.py ......                 [  9%]
2026-09-28T02:55:48.1300697Z tests/integration/test_authoring_group_http.py ...                       [  9%]
2026-09-28T02:57:48.3451230Z tests/integration/test_authoring_group_numeric_service.py .............. [ 10%]
2026-09-28T02:57:56.4148519Z ....                                                                     [ 11%]
2026-09-28T02:58:14.3301203Z tests/integration/test_authoring_group_numeric_worker.py ......          [ 11%]
2026-09-28T02:58:29.3387885Z tests/integration/test_authoring_group_provider.py .........             [ 12%]
2026-09-28T02:58:40.1397262Z tests/integration/test_authoring_group_recovery.py ...                   [ 12%]
2026-09-28T02:58:45.4598707Z tests/integration/test_authoring_http.py ..                              [ 12%]
2026-09-28T02:59:07.8541544Z tests/integration/test_authoring_numeric_provider_history.py ........... [ 13%]
2026-09-28T02:59:21.5688568Z .......                                                                  [ 13%]
2026-09-28T02:59:23.4462030Z tests/integration/test_authoring_numeric_runtime.py .s.....              [ 14%]
2026-09-28T03:00:16.7038074Z tests/integration/test_authoring_numeric_service.py ...........          [ 14%]
2026-09-28T03:00:22.1745541Z tests/integration/test_authoring_numeric_worker.py ...                   [ 15%]
2026-09-28T03:00:29.2888981Z tests/integration/test_authoring_provider.py ......                      [ 15%]
2026-09-28T03:00:39.3127824Z tests/integration/test_concept_states.py .........                       [ 16%]
2026-09-28T03:00:40.2893162Z tests/integration/test_content_authoring_targets.py .................... [ 17%]
2026-09-28T03:00:41.4977673Z ........................                                                 [ 19%]
2026-09-28T03:00:48.0361582Z tests/integration/test_content_http.py ...........                       [ 19%]
2026-09-28T03:00:49.4744058Z tests/integration/test_content_repository.py ........................... [ 21%]
2026-09-28T03:00:49.9518929Z ........                                                                 [ 22%]
2026-09-28T03:01:01.6614121Z tests/integration/test_content_retrieval.py .....................        [ 23%]
2026-09-28T03:01:16.9376302Z tests/integration/test_document_http.py ......                           [ 23%]
2026-09-28T03:01:24.7857757Z tests/integration/test_document_imports.py ......                        [ 24%]
2026-09-28T03:01:50.2675388Z tests/integration/test_draft_candidate_catalog.py ...................... [ 25%]
2026-09-28T03:02:14.2502903Z .................                                                        [ 26%]
2026-09-28T03:02:15.3014005Z tests/integration/test_draft_candidate_migration.py .................... [ 28%]
2026-09-28T03:02:16.5240450Z ......................                                                   [ 29%]
2026-09-28T03:02:53.3824629Z tests/integration/test_draft_candidate_owners.py ....................... [ 31%]
2026-09-28T03:03:22.6478748Z .................                                                        [ 32%]
2026-09-28T03:03:29.9092019Z tests/integration/test_evidence_independent_review.py ......             [ 32%]
2026-09-28T03:03:34.4931508Z tests/integration/test_grading_queue_isolation.py ..                     [ 32%]
2026-09-28T03:03:52.8355563Z tests/integration/test_import_http.py ...............                    [ 33%]
2026-09-28T03:03:58.4073133Z tests/integration/test_import_parser_exit_race.py ...                    [ 34%]
2026-09-28T03:04:23.7221994Z tests/integration/test_import_repository.py ............................ [ 35%]
2026-09-28T03:04:38.0178228Z ......                                                                   [ 36%]
2026-09-28T03:04:41.1274197Z tests/integration/test_learner_profile.py ....................           [ 37%]
2026-09-28T03:04:42.1781548Z tests/integration/test_learning_action_integrity.py ...                  [ 37%]
2026-09-28T03:04:47.8982914Z tests/integration/test_learning_activity_access.py ......                [ 38%]
2026-09-28T03:04:48.8140810Z tests/integration/test_learning_content_scope.py ...............         [ 39%]
2026-09-28T03:04:50.8195659Z tests/integration/test_learning_course_history.py ..                     [ 39%]
2026-09-28T03:05:10.9535315Z tests/integration/test_learning_evidence.py ................             [ 40%]
2026-09-28T03:05:14.4481043Z tests/integration/test_learning_state_observations.py ...                [ 40%]
2026-09-28T03:05:18.8841147Z tests/integration/test_notes_learning.py ............................... [ 42%]
2026-09-28T03:05:21.2094268Z .................                                                        [ 43%]
2026-09-28T03:05:29.5601090Z tests/integration/test_practice_grading.py .........                     [ 44%]
2026-09-28T03:05:38.3522015Z tests/integration/test_practice_independent_review.py ........           [ 44%]
2026-09-28T03:05:39.1057155Z tests/integration/test_practice_learning_port.py ............            [ 45%]
2026-09-28T03:06:10.7653513Z tests/integration/test_practice_model_help.py ...........                [ 46%]
2026-09-28T03:06:32.9559654Z tests/integration/test_practice_sessions.py ........................     [ 48%]
2026-09-28T03:06:39.9992832Z tests/integration/test_provenance_recovery_integrity.py ......           [ 48%]
2026-09-28T03:06:40.5253909Z tests/integration/test_provider_config.py ........                       [ 48%]
2026-09-28T03:06:41.2451816Z tests/integration/test_provider_consents.py ......                       [ 49%]
2026-09-28T03:06:56.9191061Z tests/integration/test_provider_dispatch.py ..........................   [ 51%]
2026-09-28T03:07:06.5004163Z tests/integration/test_provider_http.py ..............                   [ 52%]
2026-09-28T03:07:07.8708641Z tests/integration/test_provider_lifecycle.py .                           [ 52%]
2026-09-28T03:07:08.0928568Z tests/integration/test_provider_migration.py ..                          [ 52%]
2026-09-28T03:07:10.8353752Z tests/integration/test_provider_proof_admission.py .......               [ 52%]
2026-09-28T03:08:16.1540534Z tests/integration/test_publication_admission.py ........................ [ 54%]
2026-09-28T03:08:48.2353357Z ........                                                                 [ 54%]
2026-09-28T03:08:48.4733179Z tests/integration/test_question_qualification.py ....                    [ 55%]
2026-09-28T03:08:48.7143715Z tests/integration/test_reader_directory.py ....                          [ 55%]
2026-09-28T03:09:01.2125100Z tests/integration/test_reader_provenance.py ...........                  [ 56%]
2026-09-28T03:09:02.8067501Z tests/integration/test_recommendation_content_access.py ................ [ 57%]
2026-09-28T03:09:03.4765452Z .......                                                                  [ 57%]
2026-09-28T03:09:06.0069273Z tests/integration/test_recommendation_http.py ..                         [ 57%]
2026-09-28T03:09:22.9861704Z tests/integration/test_recommendation_source_ports.py ..............     [ 58%]
2026-09-28T03:09:25.5939585Z tests/integration/test_recommendation_worker_readiness.py ..........     [ 59%]
2026-09-28T03:10:08.3586561Z tests/integration/test_recommendations.py .............................  [ 61%]
2026-09-28T03:11:19.9542828Z tests/integration/test_retrieval.py .........................            [ 62%]
2026-09-28T03:11:23.1974697Z tests/integration/test_retrieval_integrity.py ............               [ 63%]
2026-09-28T03:11:23.3246277Z tests/integration/test_retrieval_migration.py ..                         [ 63%]
2026-09-28T03:11:32.8226621Z tests/integration/test_review_boundary_diagnostics.py .......            [ 64%]
2026-09-28T03:11:39.3906114Z tests/integration/test_review_control_headers.py ....                    [ 64%]
2026-09-28T03:12:08.3866775Z tests/integration/test_review_history.py ............................... [ 66%]
2026-09-28T03:12:33.2805717Z ........................                                                 [ 68%]
2026-09-28T03:13:25.9097787Z tests/integration/test_review_http.py ..............................     [ 70%]
2026-09-28T03:13:47.3163628Z tests/integration/test_review_job_lifecycle.py ........................  [ 71%]
2026-09-28T03:14:35.2983053Z tests/integration/test_review_materials.py ............................. [ 73%]
2026-09-28T03:15:01.3173225Z ................                                                         [ 74%]
2026-09-28T03:15:45.7162566Z tests/integration/test_review_numeric_observations.py .................. [ 76%]
2026-09-28T03:16:37.0704328Z .......................                                                  [ 77%]
2026-09-28T03:16:48.8312065Z tests/integration/test_review_repository.py .............                [ 78%]
2026-09-28T03:16:49.8070801Z tests/integration/test_review_storage_constraints.py ................... [ 79%]
2026-09-28T03:16:53.7671805Z ........................................................................ [ 84%]
2026-09-28T03:16:54.0816050Z ......                                                                   [ 84%]
2026-09-28T03:16:54.4067842Z tests/integration/test_review_storage_migration.py ....                  [ 85%]
2026-09-28T03:17:28.3641396Z tests/integration/test_review_structure_checks.py ...................... [ 86%]
2026-09-28T03:18:29.3953389Z .......................................                                  [ 89%]
2026-09-28T03:19:02.9125418Z tests/integration/test_review_workflow.py .............................. [ 91%]
2026-09-28T03:19:53.8296653Z ...............................                                          [ 93%]
2026-09-28T03:19:54.3761206Z tests/integration/test_route_completion_sources.py ........              [ 93%]
2026-09-28T03:19:57.1542160Z tests/integration/test_routes_commands.py .............                  [ 94%]
2026-09-28T03:20:04.1904607Z tests/integration/test_tutor_context.py ............                     [ 95%]
2026-09-28T03:20:11.4257995Z tests/integration/test_tutor_http.py ......                              [ 95%]
2026-09-28T03:20:20.4183180Z tests/integration/test_tutor_jobs_http.py ..........                     [ 96%]
2026-09-28T03:20:23.9513451Z tests/integration/test_tutor_observation.py ......                       [ 96%]
2026-09-28T03:20:24.1005451Z tests/integration/test_tutor_replay_integrity.py ..                      [ 97%]
2026-09-28T03:20:43.9976159Z tests/integration/test_tutor_runs.py ....................                [ 98%]
2026-09-28T03:20:45.5417863Z tests/integration/test_tutor_worker_fairness.py ....                     [ 98%]
2026-09-28T03:20:55.7016033Z tests/integration/test_workbench_assessment_policy.py ......             [ 99%]
2026-09-28T03:21:03.4396906Z tests/integration/test_workbench_persistence.py ...............          [100%]
2026-09-28T03:21:03.4397664Z 
2026-09-28T03:21:03.4397895Z =============================== warnings summary ===============================
2026-09-28T03:21:03.4398497Z .venv/lib/python3.12/site-packages/fastapi/testclient.py:1
2026-09-28T03:21:03.4400347Z   <CI_HOME>/work/Learning_Workbench/Learning_Workbench/.venv/lib/python3.12/site-packages/fastapi/testclient.py:1: StarletteDeprecationWarning: Using `httpx` with `starlette.testclient` is deprecated; install `httpx2` instead.
2026-09-28T03:21:03.4401967Z     from starlette.testclient import TestClient as TestClient  # noqa
2026-09-28T03:21:03.4402371Z 
2026-09-28T03:21:03.4402638Z .venv/lib/python3.12/site-packages/starlette/testclient.py:53
2026-09-28T03:21:03.4403912Z   <CI_HOME>/work/Learning_Workbench/Learning_Workbench/.venv/lib/python3.12/site-packages/starlette/testclient.py:53: DeprecationWarning: The anyio.abc.BlockingPortal alias is deprecated, use anyio.from_thread.BlockingPortal instead.
2026-09-28T03:21:03.4405230Z     _PortalFactoryType = Callable[[], AbstractContextManager[anyio.abc.BlockingPortal]]
2026-09-28T03:21:03.4405648Z 
2026-09-28T03:21:03.4405897Z -- Docs: https://docs.pytest.org/en/stable/how-to/capture-warnings.html
2026-09-28T03:21:03.4406426Z =========================== short test summary info ============================
2026-09-28T03:21:03.4407338Z SKIPPED [1] tests/integration/test_authoring_numeric_runtime.py:46: BLOCKED_ENVIRONMENT: real sealed runtime did not execute the calculator; original FAIL retained
2026-09-28T03:21:03.4408262Z =========== 1504 passed, 1 skipped, 2 warnings in 1702.35s (0:28:22) ===========
2026-09-28T03:21:03.9051442Z Post job cleanup.
2026-09-28T03:21:04.0462523Z Post job cleanup.
2026-09-28T03:21:04.1509310Z [command]/usr/bin/git version
2026-09-28T03:21:04.1562088Z git version 2.55.0
2026-09-28T03:21:04.1608823Z Temporarily overriding HOME='<CI_HOME>/work/_temp/6e3d7289-39d3-44f2-8073-98d16cf61a58' before making global git config changes
2026-09-28T03:21:04.1610448Z Adding repository directory to the temporary git global config as a safe directory
2026-09-28T03:21:04.1613934Z [command]/usr/bin/git config --global --add safe.directory <CI_HOME>/work/Learning_Workbench/Learning_Workbench
2026-09-28T03:21:04.1653635Z Removing SSH command configuration
2026-09-28T03:21:04.1660114Z [command]/usr/bin/git config --local --name-only --get-regexp core\.sshCommand
2026-09-28T03:21:04.1702680Z [command]/usr/bin/git submodule foreach --recursive sh -c "git config --local --name-only --get-regexp 'core\.sshCommand' && git config --local --unset-all 'core.sshCommand' || :"
2026-09-28T03:21:04.2108890Z Removing HTTP extra header
2026-09-28T03:21:04.2113263Z [command]/usr/bin/git config --local --name-only --get-regexp http\.https\:\/\/github\.com\/\.extraheader
2026-09-28T03:21:04.2152099Z [command]/usr/bin/git submodule foreach --recursive sh -c "git config --local --name-only --get-regexp 'http\.https\:\/\/github\.com\/\.extraheader' && git config --local --unset-all 'http.https://github.com/.extraheader' || :"
2026-09-28T03:21:04.2592664Z Removing includeIf entries pointing to credentials config files
2026-09-28T03:21:04.2600957Z [command]/usr/bin/git config --local --name-only --get-regexp ^includeIf\.gitdir:
2026-09-28T03:21:04.2630451Z includeif.gitdir:<CI_HOME>/work/Learning_Workbench/Learning_Workbench/.git.path
2026-09-28T03:21:04.2632277Z includeif.gitdir:<CI_HOME>/work/Learning_Workbench/Learning_Workbench/.git/worktrees/*.path
2026-09-28T03:21:04.2633396Z includeif.gitdir:/github/workspace/.git.path
2026-09-28T03:21:04.2634284Z includeif.gitdir:/github/workspace/.git/worktrees/*.path
2026-09-28T03:21:04.2639166Z [command]/usr/bin/git config --local --get-all includeif.gitdir:<CI_HOME>/work/Learning_Workbench/Learning_Workbench/.git.path
2026-09-28T03:21:04.2666358Z <CI_HOME>/work/_temp/git-credentials-84f3f6a4-4ed3-45c2-86a5-e61887fc8cd2.config
2026-09-28T03:21:04.2676853Z [command]/usr/bin/git config --local --unset includeif.gitdir:<CI_HOME>/work/Learning_Workbench/Learning_Workbench/.git.path \/home\/runner\/work\/_temp\/git\-credentials\-84f3f6a4\-4ed3\-45c2\-86a5\-e61887fc8cd2\.config
2026-09-28T03:21:04.2716721Z [command]/usr/bin/git config --local --get-all includeif.gitdir:<CI_HOME>/work/Learning_Workbench/Learning_Workbench/.git/worktrees/*.path
2026-09-28T03:21:04.2742934Z <CI_HOME>/work/_temp/git-credentials-84f3f6a4-4ed3-45c2-86a5-e61887fc8cd2.config
2026-09-28T03:21:04.2761974Z [command]/usr/bin/git config --local --unset includeif.gitdir:<CI_HOME>/work/Learning_Workbench/Learning_Workbench/.git/worktrees/*.path \/home\/runner\/work\/_temp\/git\-credentials\-84f3f6a4\-4ed3\-45c2\-86a5\-e61887fc8cd2\.config
2026-09-28T03:21:04.2801675Z [command]/usr/bin/git config --local --get-all includeif.gitdir:/github/workspace/.git.path
2026-09-28T03:21:04.2826542Z /github/runner_temp/git-credentials-84f3f6a4-4ed3-45c2-86a5-e61887fc8cd2.config
2026-09-28T03:21:04.2835695Z [command]/usr/bin/git config --local --unset includeif.gitdir:/github/workspace/.git.path \/github\/runner_temp\/git\-credentials\-84f3f6a4\-4ed3\-45c2\-86a5\-e61887fc8cd2\.config
2026-09-28T03:21:04.2871945Z [command]/usr/bin/git config --local --get-all includeif.gitdir:/github/workspace/.git/worktrees/*.path
2026-09-28T03:21:04.2897538Z /github/runner_temp/git-credentials-84f3f6a4-4ed3-45c2-86a5-e61887fc8cd2.config
2026-09-28T03:21:04.2905512Z [command]/usr/bin/git config --local --unset includeif.gitdir:/github/workspace/.git/worktrees/*.path \/github\/runner_temp\/git\-credentials\-84f3f6a4\-4ed3\-45c2\-86a5\-e61887fc8cd2\.config
2026-09-28T03:21:04.2942824Z [command]/usr/bin/git submodule foreach --recursive git config --local --show-origin --name-only --get-regexp remote.origin.url
2026-09-28T03:21:04.3251184Z Removing credentials config '<CI_HOME>/work/_temp/git-credentials-84f3f6a4-4ed3-45c2-86a5-e61887fc8cd2.config'
2026-09-28T03:21:04.3448347Z Cleaning up orphan processes
