============================= test session starts ==============================
platform linux -- Python 3.12.13, pytest-9.1.1, pluggy-1.6.0
cachedir: <LOCAL_HOME>/.cache/learning-workbench-acceptance/m63-turn-interrupt-evidence-oct04/related-79a3/tmp/cache
rootdir: <LOCAL_HOME>/.cache/learning-workbench-acceptance/m63-turn-interrupt-owner-oct04
configfile: pyproject.toml
plugins: anyio-4.15.1
collected 1160 items

tests/contract/test_api_projection.py .................................. [  2%]
........................................................................ [  9%]
............................                                             [ 11%]
tests/contract/test_authoring_contracts.py ............                  [ 12%]
tests/contract/test_authoring_group_models.py .......................... [ 14%]
.......                                                                  [ 15%]
tests/contract/test_codex_bootstrap_dto.py ............................. [ 17%]
.....                                                                    [ 18%]
tests/contract/test_codex_bootstrap_routes.py .                          [ 18%]
tests/contract/test_codex_capabilities.py ..................             [ 20%]
tests/contract/test_codex_turn_dto.py .................................. [ 22%]
........................................................................ [ 29%]
..........................                                               [ 31%]
tests/contract/test_content_impact_decisions.py ....                     [ 31%]
tests/contract/test_content_impact_discovery.py ..................       [ 33%]
tests/contract/test_draft_edit_legacy_records.py .......                 [ 33%]
tests/contract/test_draft_edit_legacy_v2_records.py .....                [ 34%]
tests/contract/test_draft_edit_projection.py ..                          [ 34%]
tests/contract/test_generated_transport.py ...............               [ 35%]
tests/contract/test_generated_upload.py ..                               [ 35%]
tests/contract/test_models.py ............................               [ 38%]
tests/contract/test_optional_patch.py .                                  [ 38%]
tests/contract/test_package_integrity.py ........................        [ 40%]
tests/contract/test_practice_public_projection.py ...................... [ 42%]
.............                                                            [ 43%]
tests/contract/test_provider_binding.py .........................        [ 45%]
tests/contract/test_provider_dto.py .................................... [ 48%]
........................................................................ [ 55%]
                                                                         [ 55%]
tests/contract/test_recommendation_binding.py ........                   [ 55%]
tests/contract/test_recommendation_dto.py .............................. [ 58%]
........................                                                 [ 60%]
tests/contract/test_restore_numeric_dto.py ............................. [ 62%]
.........................                                                [ 65%]
tests/contract/test_restore_numeric_projection.py ..                     [ 65%]
tests/contract/test_restore_numeric_transport.py ....................... [ 67%]
................                                                         [ 68%]
tests/contract/test_retrieval_dto.py ............................        [ 70%]
tests/contract/test_retrieval_generation.py ...................          [ 72%]
tests/contract/test_retrieval_http.py ....................               [ 74%]
tests/contract/test_review_requests.py ..................                [ 75%]
tests/contract/test_tutor_dto.py ....................................... [ 79%]
..                                                                       [ 79%]
tests/contract/test_tutor_transport.py .....................             [ 81%]
tests/integration/test_codex_bootstrap_http.py ......................... [ 83%]
.........                                                                [ 84%]
tests/integration/test_codex_bootstrap_legacy.py ..                      [ 84%]
tests/integration/test_codex_turn_preparation_http.py .................. [ 85%]
................                                                         [ 87%]
tests/integration/test_codex_turn_review_boundaries.py ...               [ 87%]
tests/integration/test_codex_turn_lifecycle.py .........                 [ 88%]
tests/integration/test_codex_turn_consent_http.py ...................... [ 90%]
.............                                                            [ 91%]
tests/integration/test_codex_turn_dispatch_http.py ..................... [ 93%]
.............                                                            [ 94%]
tests/integration/test_codex_generic_approval_http.py ...                [ 94%]
tests/integration/test_codex_generic_approval_boundaries.py ............ [ 95%]
............                                                             [ 96%]
tests/integration/test_codex_turn_interrupt_http.py ...                  [ 96%]
tests/integration/test_codex_turn_interrupt_boundaries.py .............. [ 98%]
...................                                                      [ 99%]
tests/integration/test_backup_codex_control_history.py ....              [100%]

=============================== warnings summary ===============================
../m62-combined-final-active/.venv/lib/python3.12/site-packages/fastapi/testclient.py:1
  <LOCAL_HOME>/.cache/learning-workbench-acceptance/m62-combined-final-active/.venv/lib/python3.12/site-packages/fastapi/testclient.py:1: StarletteDeprecationWarning: Using `httpx` with `starlette.testclient` is deprecated; install `httpx2` instead.
    from starlette.testclient import TestClient as TestClient  # noqa

../m62-combined-final-active/.venv/lib/python3.12/site-packages/starlette/testclient.py:53
  <LOCAL_HOME>/.cache/learning-workbench-acceptance/m62-combined-final-active/.venv/lib/python3.12/site-packages/starlette/testclient.py:53: DeprecationWarning: The anyio.abc.BlockingPortal alias is deprecated, use anyio.from_thread.BlockingPortal instead.
    _PortalFactoryType = Callable[[], AbstractContextManager[anyio.abc.BlockingPortal]]

-- Docs: https://docs.pytest.org/en/stable/how-to/capture-warnings.html
================= 1160 passed, 2 warnings in 521.11s (0:08:41) =================
