{
  "code_commit": "918d85630ffef9d6fc86d197419ff2dc702fddb8",
  "command": [
    ".venv/bin/pytest",
    "-q"
  ],
  "start": "2026-09-28T01:38:35.120155+00:00",
  "finish": "2026-09-28T01:52:49.701456+00:00",
  "seconds": 854.6261521660003,
  "exit_code": 0,
  "timeout": false,
  "source_count": 990,
  "source_unchanged": true,
  "all_source_matches_git_before": true,
  "all_source_matches_git_after": true,
  "log_bytes": 4392,
  "log_sha256": "5eb067870a14b420598207735c6f39ae434eb6a93b265323ae870ac00146033c"
}
.................... [ 61%]
........................................................................ [ 64%]
........................................................................ [ 67%]
........................................................................ [ 69%]
........................................................................ [ 72%]
........................................................................ [ 74%]
........................................................................ [ 77%]
........................................................................ [ 80%]
........................................................................ [ 82%]
........................................................................ [ 85%]
........................................................................ [ 87%]
........................................................................ [ 90%]
........................................................................ [ 92%]
........................................................................ [ 95%]
........................................................................ [ 98%]
......................................................                   [100%]
=============================== warnings summary ===============================
../../../Desktop/learning/Learning_Workbench/.venv/lib/python3.12/site-packages/fastapi/testclient.py:1
  <LOCAL_HOME>/Desktop/learning/Learning_Workbench/.venv/lib/python3.12/site-packages/fastapi/testclient.py:1: StarletteDeprecationWarning: Using `httpx` with `starlette.testclient` is deprecated; install `httpx2` instead.
    from starlette.testclient import TestClient as TestClient  # noqa

../../../Desktop/learning/Learning_Workbench/.venv/lib/python3.12/site-packages/starlette/testclient.py:53
  <LOCAL_HOME>/Desktop/learning/Learning_Workbench/.venv/lib/python3.12/site-packages/starlette/testclient.py:53: DeprecationWarning: The anyio.abc.BlockingPortal alias is deprecated, use anyio.from_thread.BlockingPortal instead.
    _PortalFactoryType = Callable[[], AbstractContextManager[anyio.abc.BlockingPortal]]

-- Docs: https://docs.pytest.org/en/stable/how-to/capture-warnings.html
=========================== short test summary info ============================
SKIPPED [1] tests/integration/test_authoring_numeric_runtime.py:46: BLOCKED_ENVIRONMENT: real sealed runtime did not execute the calculator; original FAIL retained
2789 passed, 1 skipped, 2 warnings in 853.96s (0:14:13)

