progress/evidence/2026-09-28/M6.2-authoring-observation/raw/change.patch:178: trailing whitespace.
+ 
progress/evidence/2026-09-28/M6.2-authoring-observation/raw/change.patch:180: trailing whitespace.
+ 
progress/evidence/2026-09-28/M6.2-authoring-observation/raw/change.patch:376: trailing whitespace.
+ 
progress/evidence/2026-09-28/M6.2-authoring-observation/raw/change.patch:491: trailing whitespace.
+ 
progress/evidence/2026-09-28/M6.2-authoring-observation/raw/change.patch:535: trailing whitespace.
+ 
progress/evidence/2026-09-28/M6.2-authoring-observation/raw/change.patch:536: trailing whitespace.
+ 
progress/evidence/2026-09-28/M6.2-import-publication-ui/raw/candidate.patch:697: trailing whitespace.
+ 
progress/evidence/2026-09-28/M6.2-import-publication-ui/raw/candidate.patch:753: trailing whitespace.
+ 
progress/evidence/2026-09-28/M6.2-publication-combined-gates/m62-publication-combined-gates-v1/supervisor.stdout:49: new blank line at EOF.
progress/evidence/2026-09-28/M6.2-publication-http/m62-publication-http-development-v1/http-final.diff:10: trailing whitespace.
+ 
progress/evidence/2026-09-28/M6.2-publication-http/m62-publication-http-development-v1/http-final.diff:50: trailing whitespace.
+ 
progress/evidence/2026-09-28/M6.2-publication-http/m62-publication-http-development-v1/http-final.diff:378: trailing whitespace.
+ 
progress/evidence/2026-09-28/M6.2-publication-http/m62-publication-http-development-v1/http-final.diff:408: trailing whitespace.
+ 
progress/evidence/2026-09-28/M6.2-publication-http/m62-publication-http-development-v1/http-final.diff:409: trailing whitespace.
+ 
progress/evidence/2026-09-28/M6.2-publication-http/m62-publication-http-spec-independent-v1/preliminary/reviewed.diff:10: trailing whitespace.
+ 
progress/evidence/2026-09-28/M6.2-publication-http/m62-publication-http-spec-independent-v1/preliminary/reviewed.diff:50: trailing whitespace.
+ 
progress/evidence/2026-09-28/M6.2-publication-http/m62-publication-http-spec-independent-v1/preliminary/reviewed.diff:378: trailing whitespace.
+ 
progress/evidence/2026-09-28/M6.2-publication-http/m62-publication-http-spec-independent-v1/preliminary/reviewed.diff:408: trailing whitespace.
+ 
progress/evidence/2026-09-28/M6.2-publication-http/m62-publication-http-spec-independent-v1/preliminary/reviewed.diff:409: trailing whitespace.
+ 
progress/evidence/2026-09-28/M6.2-publication-service/m62-publication-service-spec-independent-v1/reviewed.diff:96: trailing whitespace.
+ 
progress/evidence/2026-09-28/M6.2-publication-service/m62-publication-service-spec-independent-v1/reviewed.diff:140: trailing whitespace.
+ 
progress/evidence/2026-09-28/M6.2-publication-service/m62-publication-service-spec-independent-v1/reviewed.diff:383: trailing whitespace.
+ 
progress/evidence/2026-09-28/M6.2-publication-service/m62-publication-service-spec-independent-v1/reviewed.diff:384: trailing whitespace.
+ 
progress/evidence/2026-09-28/M6.2-publication-service/m62-publication-service-spec-independent-v1/reviewed.diff:612: trailing whitespace.
+ 
progress/evidence/2026-09-28/M6.2-publication-service/m62-publication-service-spec-independent-v1/reviewed.diff:630: trailing whitespace.
+ 
