
> @learning-workbench/web@0.1.0 test
> vitest run src/features/draftPublication/publicationCommands.test.ts


 RUN  v5.0.0 <LOCAL_HOME>/.cache/learning-workbench-acceptance/m62-import-publication-ui-active/apps/web

 ❯ src/features/draftPublication/publicationCommands.test.ts (0 test)

⎯⎯⎯⎯⎯⎯ Failed Suites 1 ⎯⎯⎯⎯⎯⎯⎯

 FAIL  src/features/draftPublication/publicationCommands.test.ts [ src/features/draftPublication/publicationCommands.test.ts ]
Error: Failed to resolve import "./publicationCommands" from "src/features/draftPublication/publicationCommands.test.ts". Does the file exist?
  Plugin: vite:import-analysis
  File: <LOCAL_HOME>/.cache/learning-workbench-acceptance/m62-import-publication-ui-active/apps/web/src/features/draftPublication/publicationCommands.test.ts:6:116
  4  |  import { publicationDraft, publicationReceipt, publicationRef } from "./publicationFixtures";
  5  |  import { preparePublicationBasis } from "./publicationSchema";
  6  |  ...d, readPublicationCommand, samePublicationActorPage } from "./publicationCommands";
     |                                                                 ^
  7  |  const stores = [];
  8  |  afterEach(async () => {
 ❯ TransformPluginContext._formatLog ../../../../../Desktop/learning/Learning_Workbench/apps/web/node_modules/vite/dist/node/chunks/node.js:8393:39
 ❯ TransformPluginContext.error ../../../../../Desktop/learning/Learning_Workbench/apps/web/node_modules/vite/dist/node/chunks/node.js:8390:14
 ❯ normalizeUrl ../../../../../Desktop/learning/Learning_Workbench/apps/web/node_modules/vite/dist/node/chunks/node.js:26058:18
 ❯ ../../../../../Desktop/learning/Learning_Workbench/apps/web/node_modules/vite/dist/node/chunks/node.js:26128:30
 ❯ TransformPluginContext.transform ../../../../../Desktop/learning/Learning_Workbench/apps/web/node_modules/vite/dist/node/chunks/node.js:26094:4
 ❯ EnvironmentPluginContainer.transform ../../../../../Desktop/learning/Learning_Workbench/apps/web/node_modules/vite/dist/node/chunks/node.js:8172:14
 ❯ loadAndTransform ../../../../../Desktop/learning/Learning_Workbench/apps/web/node_modules/vite/dist/node/chunks/node.js:19634:26

⎯⎯⎯⎯⎯⎯⎯⎯⎯⎯⎯⎯⎯⎯⎯⎯⎯⎯⎯⎯⎯⎯⎯⎯[1/1]⎯


 Test Files  1 failed (1)
      Tests  no tests
   Start at  11:46:11
   Duration  313ms (environment 99%, worker 1%)

