2026-09-15T14:53:36.0016359Z Current runner version: '2.337.0'
2026-09-15T14:53:36.0043278Z ##[group]Runner Image Provisioner
2026-09-15T14:53:36.0044257Z Hosted Compute Agent
2026-09-15T14:53:36.0044879Z Version: 20260828.587
2026-09-15T14:53:36.0045532Z Commit: abac92662cab4cc7352de4f9f9d2e2419aad9c29
2026-09-15T14:53:36.0046381Z Build Date: 2026-08-28T16:44:25Z
2026-09-15T14:53:36.0047433Z Worker ID: {565412df-84f5-43d5-928a-3c6e5de73105}
2026-09-15T14:53:36.0048220Z Azure Region: westus
2026-09-15T14:53:36.0048881Z ##[endgroup]
2026-09-15T14:53:36.0050316Z ##[group]Operating System
2026-09-15T14:53:36.0051047Z Ubuntu
2026-09-15T14:53:36.0051643Z 24.04.5
2026-09-15T14:53:36.0052223Z LTS
2026-09-15T14:53:36.0052821Z ##[endgroup]
2026-09-15T14:53:36.0053401Z ##[group]Runner Image
2026-09-15T14:53:36.0054068Z Image: ubuntu-24.04
2026-09-15T14:53:36.0054695Z Version: 20260907.300.1
2026-09-15T14:53:36.0056058Z Included Software: https://github.com/actions/runner-images/blob/ubuntu24/20260907.300/images/ubuntu/Ubuntu2404-Readme.md
2026-09-15T14:53:36.0057778Z Image Release: https://github.com/actions/runner-images/releases/tag/ubuntu24%2F20260907.300
2026-09-15T14:53:36.0058799Z ##[endgroup]
2026-09-15T14:53:36.0060005Z ##[group]GITHUB_TOKEN Permissions
2026-09-15T14:53:36.0062250Z Contents: read
2026-09-15T14:53:36.0062888Z Metadata: read
2026-09-15T14:53:36.0063591Z ##[endgroup]
2026-09-15T14:53:36.0065830Z Secret source: Actions
2026-09-15T14:53:36.0067060Z Cache mode: write
2026-09-15T14:53:36.0067914Z Prepare workflow directory
2026-09-15T14:53:36.0418858Z Prepare all required actions
2026-09-15T14:53:36.0470055Z Getting action download info
2026-09-15T14:53:36.4163094Z Download action repository 'actions/checkout@3d3c42e5aac5ba805825da76410c181273ba90b1' (SHA:3d3c42e5aac5ba805825da76410c181273ba90b1)
2026-09-15T14:53:36.5334608Z Download action repository 'actions/setup-python@5fda3b95a4ea91299a34e894583c3862153e4b97' (SHA:5fda3b95a4ea91299a34e894583c3862153e4b97)
2026-09-15T14:53:36.6132710Z Download action repository 'actions/setup-node@820762786026740c76f36085b0efc47a31fe5020' (SHA:820762786026740c76f36085b0efc47a31fe5020)
2026-09-15T14:53:36.8135041Z Complete job name: spec-contracts
2026-09-15T14:53:36.8935354Z ##[group]Run actions/checkout@3d3c42e5aac5ba805825da76410c181273ba90b1
2026-09-15T14:53:36.8936677Z with:
2026-09-15T14:53:36.8937138Z   repository: kl3574/Learning_Workbench
2026-09-15T14:53:36.8941458Z   token: ***
2026-09-15T14:53:36.8941897Z   ssh-strict: true
2026-09-15T14:53:36.8942342Z   ssh-user: git
2026-09-15T14:53:36.8942786Z   persist-credentials: true
2026-09-15T14:53:36.8943265Z   clean: true
2026-09-15T14:53:36.8943708Z   sparse-checkout-cone-mode: true
2026-09-15T14:53:36.8944220Z   fetch-depth: 1
2026-09-15T14:53:36.8944649Z   fetch-tags: false
2026-09-15T14:53:36.8945093Z   show-progress: true
2026-09-15T14:53:36.8945532Z   lfs: false
2026-09-15T14:53:36.8945939Z   submodules: false
2026-09-15T14:53:36.8946382Z   set-safe-directory: true
2026-09-15T14:53:36.8947034Z   allow-unsafe-pr-checkout: false
2026-09-15T14:53:36.8947821Z ##[endgroup]
2026-09-15T14:53:36.9991091Z Syncing repository: kl3574/Learning_Workbench
2026-09-15T14:53:36.9994133Z ##[group]Getting Git version info
2026-09-15T14:53:36.9995371Z Working directory is '<github-runner-home>/work/Learning_Workbench/Learning_Workbench'
2026-09-15T14:53:36.9997365Z [command]/usr/bin/git version
2026-09-15T14:53:37.0057577Z git version 2.55.0
2026-09-15T14:53:37.0079536Z ##[endgroup]
2026-09-15T14:53:37.0092526Z Temporarily overriding HOME='<github-runner-home>/work/_temp/9c123061-c6b1-400a-a074-c5d8410529da' before making global git config changes
2026-09-15T14:53:37.0100052Z Adding repository directory to the temporary git global config as a safe directory
2026-09-15T14:53:37.0101590Z [command]/usr/bin/git config --global --add safe.directory <github-runner-home>/work/Learning_Workbench/Learning_Workbench
2026-09-15T14:53:37.0157423Z Deleting the contents of '<github-runner-home>/work/Learning_Workbench/Learning_Workbench'
2026-09-15T14:53:37.0161214Z ##[group]Determining repository object format
2026-09-15T14:53:37.0163197Z ##[endgroup]
2026-09-15T14:53:37.0169122Z ##[group]Initializing the repository
2026-09-15T14:53:37.0169956Z [command]/usr/bin/git init <github-runner-home>/work/Learning_Workbench/Learning_Workbench
2026-09-15T14:53:37.0261829Z hint: Using 'master' as the name for the initial branch. This default branch name
2026-09-15T14:53:37.0263400Z hint: will change to "main" in Git 3.0. To configure the initial branch name
2026-09-15T14:53:37.0265589Z hint: to use in all of your new repositories, which will suppress this warning,
2026-09-15T14:53:37.0267203Z hint: call:
2026-09-15T14:53:37.0267829Z hint:
2026-09-15T14:53:37.0268532Z hint: 	git config --global init.defaultBranch <name>
2026-09-15T14:53:37.0269306Z hint:
2026-09-15T14:53:37.0270038Z hint: Names commonly chosen instead of 'master' are 'main', 'trunk' and
2026-09-15T14:53:37.0271133Z hint: 'development'. The just-created branch can be renamed via this command:
2026-09-15T14:53:37.0272036Z hint:
2026-09-15T14:53:37.0272609Z hint: 	git branch -m <name>
2026-09-15T14:53:37.0273360Z hint:
2026-09-15T14:53:37.0274271Z hint: Disable this message with "git config set advice.defaultBranchName false"
2026-09-15T14:53:37.0275779Z Initialized empty Git repository in <github-runner-home>/work/Learning_Workbench/Learning_Workbench/.git/
2026-09-15T14:53:37.0278754Z [command]/usr/bin/git remote add origin https://github.com/kl3574/Learning_Workbench
2026-09-15T14:53:37.0362469Z ##[endgroup]
2026-09-15T14:53:37.0363313Z ##[group]Disabling automatic garbage collection
2026-09-15T14:53:37.0367236Z [command]/usr/bin/git config --local gc.auto 0
2026-09-15T14:53:37.0406659Z ##[endgroup]
2026-09-15T14:53:37.0407803Z ##[group]Setting up auth
2026-09-15T14:53:37.0408372Z Removing SSH command configuration
2026-09-15T14:53:37.0414267Z [command]/usr/bin/git config --local --name-only --get-regexp core\.sshCommand
2026-09-15T14:53:37.0462021Z [command]/usr/bin/git submodule foreach --recursive sh -c "git config --local --name-only --get-regexp 'core\.sshCommand' && git config --local --unset-all 'core.sshCommand' || :"
2026-09-15T14:53:37.0920378Z Removing HTTP extra header
2026-09-15T14:53:37.0953033Z [command]/usr/bin/git config --local --name-only --get-regexp http\.https\:\/\/github\.com\/\.extraheader
2026-09-15T14:53:37.1006072Z [command]/usr/bin/git submodule foreach --recursive sh -c "git config --local --name-only --get-regexp 'http\.https\:\/\/github\.com\/\.extraheader' && git config --local --unset-all 'http.https://github.com/.extraheader' || :"
2026-09-15T14:53:37.1288959Z Removing includeIf entries pointing to credentials config files
2026-09-15T14:53:37.1296994Z [command]/usr/bin/git config --local --name-only --get-regexp ^includeIf\.gitdir:
2026-09-15T14:53:37.1354496Z [command]/usr/bin/git submodule foreach --recursive git config --local --show-origin --name-only --get-regexp remote.origin.url
2026-09-15T14:53:37.1628061Z [command]/usr/bin/git config --file <github-runner-home>/work/_temp/git-credentials-1310aec8-b701-489d-a003-6af49446e8c7.config http.https://github.com/.extraheader AUTHORIZATION: basic ***
2026-09-15T14:53:37.1675243Z [command]/usr/bin/git config --local includeIf.gitdir:<github-runner-home>/work/Learning_Workbench/Learning_Workbench/.git.path <github-runner-home>/work/_temp/git-credentials-1310aec8-b701-489d-a003-6af49446e8c7.config
2026-09-15T14:53:37.1714163Z [command]/usr/bin/git config --local includeIf.gitdir:<github-runner-home>/work/Learning_Workbench/Learning_Workbench/.git/worktrees/*.path <github-runner-home>/work/_temp/git-credentials-1310aec8-b701-489d-a003-6af49446e8c7.config
2026-09-15T14:53:37.1760226Z [command]/usr/bin/git config --local includeIf.gitdir:/github/workspace/.git.path /github/runner_temp/git-credentials-1310aec8-b701-489d-a003-6af49446e8c7.config
2026-09-15T14:53:37.1804024Z [command]/usr/bin/git config --local includeIf.gitdir:/github/workspace/.git/worktrees/*.path /github/runner_temp/git-credentials-1310aec8-b701-489d-a003-6af49446e8c7.config
2026-09-15T14:53:37.1848555Z ##[endgroup]
2026-09-15T14:53:37.1849753Z ##[group]Fetching the repository
2026-09-15T14:53:37.1855420Z [command]/usr/bin/git -c protocol.version=2 fetch --no-tags --prune --no-recurse-submodules --depth=1 origin +771734fa5d455d4bcc8ec0b866a1b8dd59b8f3fa:refs/remotes/pull/51/merge
2026-09-15T14:53:41.2619513Z From https://github.com/kl3574/Learning_Workbench
2026-09-15T14:53:41.2621060Z  * [new ref]         771734fa5d455d4bcc8ec0b866a1b8dd59b8f3fa -> pull/51/merge
2026-09-15T14:53:41.2625094Z ##[endgroup]
2026-09-15T14:53:41.2626796Z ##[group]Determining the checkout info
2026-09-15T14:53:41.2628724Z ##[endgroup]
2026-09-15T14:53:41.2629518Z [command]/usr/bin/git sparse-checkout disable
2026-09-15T14:53:41.2682122Z [command]/usr/bin/git config --local --unset-all extensions.worktreeConfig
2026-09-15T14:53:41.2726020Z ##[group]Checking out the ref
2026-09-15T14:53:41.2728325Z [command]/usr/bin/git checkout --progress --force refs/remotes/pull/51/merge
2026-09-15T14:53:41.8828869Z Note: switching to 'refs/remotes/pull/51/merge'.
2026-09-15T14:53:41.8829545Z 
2026-09-15T14:53:41.8830037Z You are in 'detached HEAD' state. You can look around, make experimental
2026-09-15T14:53:41.8830943Z changes and commit them, and you can discard any commits you make in this
2026-09-15T14:53:41.8831755Z state without impacting any branches by switching back to a branch.
2026-09-15T14:53:41.8832263Z 
2026-09-15T14:53:41.8832629Z If you want to create a new branch to retain commits you create, you may
2026-09-15T14:53:41.8833421Z do so (now or later) by using -c with the switch command. Example:
2026-09-15T14:53:41.8833872Z 
2026-09-15T14:53:41.8834087Z   git switch -c <new-branch-name>
2026-09-15T14:53:41.8834389Z 
2026-09-15T14:53:41.8834628Z Or undo this operation with:
2026-09-15T14:53:41.8834956Z 
2026-09-15T14:53:41.8835139Z   git switch -
2026-09-15T14:53:41.8835414Z 
2026-09-15T14:53:41.8835813Z Turn off this advice by setting config variable advice.detachedHead to false
2026-09-15T14:53:41.8836371Z 
2026-09-15T14:53:41.8837258Z HEAD is now at 771734f Merge 70b0278a755c7cd924b3c26afeff4f65196a4a79 into b8952a3ec0cc9c2bbbaf9ed41cbd9a9e1eb81ce2
2026-09-15T14:53:41.8864205Z ##[endgroup]
2026-09-15T14:53:41.8921073Z [command]/usr/bin/git log -1 --format=%H
2026-09-15T14:53:41.8955377Z 771734fa5d455d4bcc8ec0b866a1b8dd59b8f3fa
2026-09-15T14:53:41.9279311Z ##[group]Run actions/setup-python@5fda3b95a4ea91299a34e894583c3862153e4b97
2026-09-15T14:53:41.9279802Z with:
2026-09-15T14:53:41.9280080Z   python-version: 3.12.13
2026-09-15T14:53:41.9280387Z   check-latest: false
2026-09-15T14:53:41.9283302Z   token: ***
2026-09-15T14:53:41.9283576Z   update-environment: true
2026-09-15T14:53:41.9283884Z   allow-prereleases: false
2026-09-15T14:53:41.9284211Z   freethreaded: false
2026-09-15T14:53:41.9284493Z ##[endgroup]
2026-09-15T14:53:42.0539417Z ##[group]Installed versions
2026-09-15T14:53:42.0553502Z Version 3.12.13 was not found in the local cache
2026-09-15T14:53:42.7437782Z Version 3.12.13 is available for downloading
2026-09-15T14:53:42.7439258Z Download from "https://github.com/actions/python-versions/releases/download/3.12.13-27650778726/python-3.12.13-linux-24.04-x64.tar.gz"
2026-09-15T14:53:43.5220339Z Extract downloaded archive
2026-09-15T14:53:43.5353143Z [command]/usr/bin/tar xz --warning=no-unknown-keyword --overwrite -C <github-runner-home>/work/_temp/474f7cba-976e-4f6e-b55a-c71a30d31a76 -f <github-runner-home>/work/_temp/4850c678-02c6-469f-af03-adac4aee211a
2026-09-15T14:53:45.6446726Z Execute installation script
2026-09-15T14:53:45.6552646Z Check if Python hostedtoolcache folder exist...
2026-09-15T14:53:45.6553488Z Create Python 3.12.13 folder
2026-09-15T14:53:45.6569212Z Copy Python binaries to hostedtoolcache folder
2026-09-15T14:53:46.1380547Z Create additional symlinks (Required for the UsePythonVersion Azure Pipelines task and the setup-python GitHub Action)
2026-09-15T14:53:46.1426386Z Upgrading pip...
2026-09-15T14:53:48.0042171Z Collecting pip
2026-09-15T14:53:48.0347379Z Downloading pip-26.2.1-py3-none-any.whl.metadata (4.6 kB)
2026-09-15T14:53:48.0424378Z Downloading pip-26.2.1-py3-none-any.whl (1.8 MB)
2026-09-15T14:53:48.0801908Z ━━━━━━━━━━━━━━━━━━━━━━━━━━━━━━━━━━━━━━━━ 1.8/1.8 MB 86.0 MB/s eta 0:00:00
2026-09-15T14:53:48.0802427Z 
2026-09-15T14:53:48.1003907Z Installing collected packages: pip
2026-09-15T14:53:48.1004467Z Attempting uninstall: pip
2026-09-15T14:53:48.1026876Z Found existing installation: pip 25.0.1
2026-09-15T14:53:48.1366719Z Uninstalling pip-25.0.1:
2026-09-15T14:53:48.1425911Z Successfully uninstalled pip-25.0.1
2026-09-15T14:53:49.1271504Z Successfully installed pip-26.2.1
2026-09-15T14:53:49.2030701Z Create complete file
2026-09-15T14:53:49.2072691Z Successfully set up CPython (3.12.13)
2026-09-15T14:53:49.2073515Z ##[endgroup]
2026-09-15T14:53:49.2293182Z ##[group]Run actions/setup-node@820762786026740c76f36085b0efc47a31fe5020
2026-09-15T14:53:49.2293594Z with:
2026-09-15T14:53:49.2293829Z   node-version: 24.21.0
2026-09-15T14:53:49.2294070Z   check-latest: false
2026-09-15T14:53:49.2297238Z   token: ***
2026-09-15T14:53:49.2297504Z   package-manager-cache: true
2026-09-15T14:53:49.2297803Z env:
2026-09-15T14:53:49.2298125Z   pythonLocation: /opt/hostedtoolcache/Python/3.12.13/x64
2026-09-15T14:53:49.2298602Z   PKG_CONFIG_PATH: /opt/hostedtoolcache/Python/3.12.13/x64/lib/pkgconfig
2026-09-15T14:53:49.2299028Z   Python_ROOT_DIR: /opt/hostedtoolcache/Python/3.12.13/x64
2026-09-15T14:53:49.2299408Z   Python2_ROOT_DIR: /opt/hostedtoolcache/Python/3.12.13/x64
2026-09-15T14:53:49.2299784Z   Python3_ROOT_DIR: /opt/hostedtoolcache/Python/3.12.13/x64
2026-09-15T14:53:49.2300176Z   LD_LIBRARY_PATH: /opt/hostedtoolcache/Python/3.12.13/x64/lib
2026-09-15T14:53:49.2300505Z ##[endgroup]
2026-09-15T14:53:49.3647714Z Attempting to download 24.21.0...
2026-09-15T14:53:50.0293141Z Acquiring 24.21.0 - x64 from https://github.com/actions/node-versions/releases/download/24.21.0-34304089047/node-24.21.0-linux-x64.tar.gz
2026-09-15T14:53:50.4738555Z Extracting ...
2026-09-15T14:53:50.4866378Z [command]/usr/bin/tar xz --strip 1 --warning=no-unknown-keyword --overwrite -C <github-runner-home>/work/_temp/0be86499-3b05-4423-a12a-49e83533c2b9 -f <github-runner-home>/work/_temp/5a466cb6-2d69-45d9-9946-0042a76c0ae1
2026-09-15T14:53:51.8326361Z Adding to the cache ...
2026-09-15T14:53:53.5927586Z ##[group]Environment details
2026-09-15T14:53:53.8185256Z node: v24.21.0
2026-09-15T14:53:53.8185635Z npm: 11.19.0
2026-09-15T14:53:53.8185937Z yarn: 1.22.22
2026-09-15T14:53:53.8186904Z ##[endgroup]
2026-09-15T14:53:53.8375249Z ##[group]Run npm ci --prefix apps/web
2026-09-15T14:53:53.8375677Z [36;1mnpm ci --prefix apps/web[0m
2026-09-15T14:53:53.8424183Z shell: /usr/bin/bash -e {0}
2026-09-15T14:53:53.8424480Z env:
2026-09-15T14:53:53.8424775Z   pythonLocation: /opt/hostedtoolcache/Python/3.12.13/x64
2026-09-15T14:53:53.8425228Z   PKG_CONFIG_PATH: /opt/hostedtoolcache/Python/3.12.13/x64/lib/pkgconfig
2026-09-15T14:53:53.8425658Z   Python_ROOT_DIR: /opt/hostedtoolcache/Python/3.12.13/x64
2026-09-15T14:53:53.8426081Z   Python2_ROOT_DIR: /opt/hostedtoolcache/Python/3.12.13/x64
2026-09-15T14:53:53.8426475Z   Python3_ROOT_DIR: /opt/hostedtoolcache/Python/3.12.13/x64
2026-09-15T14:53:53.8427186Z   LD_LIBRARY_PATH: /opt/hostedtoolcache/Python/3.12.13/x64/lib
2026-09-15T14:53:53.8427531Z ##[endgroup]
2026-09-15T14:54:00.3557702Z 
2026-09-15T14:54:00.3566874Z added 236 packages, and audited 237 packages in 6s
2026-09-15T14:54:00.3567279Z 
2026-09-15T14:54:00.3567539Z 118 packages are looking for funding
2026-09-15T14:54:00.3568063Z   run `npm fund` for details
2026-09-15T14:54:00.3571720Z 
2026-09-15T14:54:00.3572044Z found 0 vulnerabilities
2026-09-15T14:54:00.4344417Z ##[group]Run python -m pip install uv==0.11.21
2026-09-15T14:54:00.4345004Z [36;1mpython -m pip install uv==0.11.21[0m
2026-09-15T14:54:00.4392494Z shell: /usr/bin/bash -e {0}
2026-09-15T14:54:00.4392773Z env:
2026-09-15T14:54:00.4393067Z   pythonLocation: /opt/hostedtoolcache/Python/3.12.13/x64
2026-09-15T14:54:00.4393530Z   PKG_CONFIG_PATH: /opt/hostedtoolcache/Python/3.12.13/x64/lib/pkgconfig
2026-09-15T14:54:00.4393961Z   Python_ROOT_DIR: /opt/hostedtoolcache/Python/3.12.13/x64
2026-09-15T14:54:00.4394571Z   Python2_ROOT_DIR: /opt/hostedtoolcache/Python/3.12.13/x64
2026-09-15T14:54:00.4394954Z   Python3_ROOT_DIR: /opt/hostedtoolcache/Python/3.12.13/x64
2026-09-15T14:54:00.4395338Z   LD_LIBRARY_PATH: /opt/hostedtoolcache/Python/3.12.13/x64/lib
2026-09-15T14:54:00.4395667Z ##[endgroup]
2026-09-15T14:54:01.1858667Z Collecting uv==0.11.21
2026-09-15T14:54:01.2414863Z   Downloading uv-0.11.21-py3-none-manylinux_2_17_x86_64.manylinux2014_x86_64.whl.metadata (11 kB)
2026-09-15T14:54:01.2656328Z Downloading uv-0.11.21-py3-none-manylinux_2_17_x86_64.manylinux2014_x86_64.whl (25.1 MB)
2026-09-15T14:54:01.5726916Z    ━━━━━━━━━━━━━━━━━━━━━━━━━━━━━━━━━━━━━━━━ 25.1/25.1 MB 96.8 MB/s  0:00:00
2026-09-15T14:54:01.6227462Z Installing collected packages: uv
2026-09-15T14:54:01.9097231Z Successfully installed uv-0.11.21
2026-09-15T14:54:01.9921007Z ##[group]Run uv sync --frozen
2026-09-15T14:54:01.9921537Z [36;1muv sync --frozen[0m
2026-09-15T14:54:01.9965152Z shell: /usr/bin/bash -e {0}
2026-09-15T14:54:01.9965461Z env:
2026-09-15T14:54:01.9965768Z   pythonLocation: /opt/hostedtoolcache/Python/3.12.13/x64
2026-09-15T14:54:01.9966235Z   PKG_CONFIG_PATH: /opt/hostedtoolcache/Python/3.12.13/x64/lib/pkgconfig
2026-09-15T14:54:01.9966890Z   Python_ROOT_DIR: /opt/hostedtoolcache/Python/3.12.13/x64
2026-09-15T14:54:01.9967278Z   Python2_ROOT_DIR: /opt/hostedtoolcache/Python/3.12.13/x64
2026-09-15T14:54:01.9967661Z   Python3_ROOT_DIR: /opt/hostedtoolcache/Python/3.12.13/x64
2026-09-15T14:54:01.9968053Z   LD_LIBRARY_PATH: /opt/hostedtoolcache/Python/3.12.13/x64/lib
2026-09-15T14:54:01.9968386Z ##[endgroup]
2026-09-15T14:54:02.0630980Z Using CPython 3.12.13 interpreter at: /opt/hostedtoolcache/Python/3.12.13/x64/bin/python3.12
2026-09-15T14:54:02.0631625Z Creating virtual environment at: .venv
2026-09-15T14:54:02.1360003Z Downloading ruff (9.9MiB)
2026-09-15T14:54:02.1361608Z Downloading pygments (1.2MiB)
2026-09-15T14:54:02.1620206Z Downloading ast-serialize (1.3MiB)
2026-09-15T14:54:02.1629913Z Downloading mypy (14.6MiB)
2026-09-15T14:54:02.1633947Z Downloading pydantic-core (2.0MiB)
2026-09-15T14:54:02.3197242Z  Downloaded ast-serialize
2026-09-15T14:54:02.3428025Z  Downloaded pydantic-core
2026-09-15T14:54:02.5103725Z  Downloaded ruff
2026-09-15T14:54:02.5583861Z  Downloaded pygments
2026-09-15T14:54:02.7346358Z  Downloaded mypy
2026-09-15T14:54:02.7349730Z Prepared 37 packages in 668ms
2026-09-15T14:54:02.7767389Z Installed 37 packages in 41ms
2026-09-15T14:54:02.7767923Z  + annotated-doc==0.0.5
2026-09-15T14:54:02.7768313Z  + annotated-types==0.8.0
2026-09-15T14:54:02.7768688Z  + anyio==4.15.1
2026-09-15T14:54:02.7769032Z  + ast-serialize==0.11.2
2026-09-15T14:54:02.7769378Z  + attrs==26.1.0
2026-09-15T14:54:02.7769723Z  + certifi==2026.7.22
2026-09-15T14:54:02.7770070Z  + click==8.5.0
2026-09-15T14:54:02.7770492Z  + defusedxml==0.7.1
2026-09-15T14:54:02.7770839Z  + fastapi==0.141.1
2026-09-15T14:54:02.7771423Z  + h11==0.16.0
2026-09-15T14:54:02.7771739Z  + httpcore==1.0.9
2026-09-15T14:54:02.7772071Z  + httpx==0.28.1
2026-09-15T14:54:02.7772416Z  + idna==3.19
2026-09-15T14:54:02.7772738Z  + iniconfig==2.3.0
2026-09-15T14:54:02.7773170Z  + jsonschema==4.26.0
2026-09-15T14:54:02.7773609Z  + jsonschema-specifications==2025.9.1
2026-09-15T14:54:02.7774039Z  + librt==0.15.0
2026-09-15T14:54:02.7774374Z  + markdown-it-py==4.2.0
2026-09-15T14:54:02.7774729Z  + mdurl==0.1.2
2026-09-15T14:54:02.7775046Z  + mypy==2.3.1
2026-09-15T14:54:02.7775392Z  + mypy-extensions==1.1.0
2026-09-15T14:54:02.7775763Z  + packaging==26.3
2026-09-15T14:54:02.7776089Z  + pathspec==1.1.1
2026-09-15T14:54:02.7776413Z  + pluggy==1.6.0
2026-09-15T14:54:02.7776953Z  + pydantic==2.13.5
2026-09-15T14:54:02.7777316Z  + pydantic-core==2.46.5
2026-09-15T14:54:02.7777689Z  + pygments==2.21.0
2026-09-15T14:54:02.7778125Z  + pypdf==6.18.1
2026-09-15T14:54:02.7778683Z  + pytest==9.1.1
2026-09-15T14:54:02.7779305Z  + python-multipart==0.0.32
2026-09-15T14:54:02.7779757Z  + referencing==0.37.0
2026-09-15T14:54:02.7780222Z  + rpds-py==2026.6.3
2026-09-15T14:54:02.7780876Z  + ruff==0.16.7
2026-09-15T14:54:02.7781517Z  + starlette==1.6.0
2026-09-15T14:54:02.7781863Z  + typing-extensions==4.16.0
2026-09-15T14:54:02.7782253Z  + typing-inspection==0.4.4
2026-09-15T14:54:02.7782579Z  + uvicorn==0.53.0
2026-09-15T14:54:02.7865093Z ##[group]Run make verify-spec
2026-09-15T14:54:02.7865404Z [36;1mmake verify-spec[0m
2026-09-15T14:54:02.7906223Z shell: /usr/bin/bash -e {0}
2026-09-15T14:54:02.7906486Z env:
2026-09-15T14:54:02.7907009Z   pythonLocation: /opt/hostedtoolcache/Python/3.12.13/x64
2026-09-15T14:54:02.7907471Z   PKG_CONFIG_PATH: /opt/hostedtoolcache/Python/3.12.13/x64/lib/pkgconfig
2026-09-15T14:54:02.7907913Z   Python_ROOT_DIR: /opt/hostedtoolcache/Python/3.12.13/x64
2026-09-15T14:54:02.7908291Z   Python2_ROOT_DIR: /opt/hostedtoolcache/Python/3.12.13/x64
2026-09-15T14:54:02.7908670Z   Python3_ROOT_DIR: /opt/hostedtoolcache/Python/3.12.13/x64
2026-09-15T14:54:02.7909048Z   LD_LIBRARY_PATH: /opt/hostedtoolcache/Python/3.12.13/x64/lib
2026-09-15T14:54:02.7909391Z ##[endgroup]
2026-09-15T14:54:02.8008171Z uv run --frozen python scripts/verify_spec.py
2026-09-15T14:54:07.2984552Z {
2026-09-15T14:54:07.2984966Z   "embedded_files": 6,
2026-09-15T14:54:07.2985351Z   "generated_artifacts": 72,
2026-09-15T14:54:07.2985879Z   "learning_effectiveness": "NOT_RUN",
2026-09-15T14:54:07.2986273Z   "models": 54,
2026-09-15T14:54:07.2990161Z   "package_receipts": [
2026-09-15T14:54:07.2990497Z     {
2026-09-15T14:54:07.2991094Z       "archive_sha256": "9933ad962be34e42a29a3299e81c0f03249b584ba1574299672b76eb0242e7b6",
2026-09-15T14:54:07.2991731Z       "object_count": 9,
2026-09-15T14:54:07.2992064Z       "payload_count": 12,
2026-09-15T14:54:07.2992392Z       "profile": "author",
2026-09-15T14:54:07.2992786Z       "scope": "structure_and_integrity_only",
2026-09-15T14:54:07.2993193Z       "total_bytes": 6730
2026-09-15T14:54:07.2993505Z     },
2026-09-15T14:54:07.2993750Z     {
2026-09-15T14:54:07.2994303Z       "archive_sha256": "6d4ddb4c423521625d4686765e1f80f2b65e46ee874eca1bec118dc20a136479",
2026-09-15T14:54:07.2994946Z       "object_count": 9,
2026-09-15T14:54:07.2995263Z       "payload_count": 11,
2026-09-15T14:54:07.2995593Z       "profile": "learner",
2026-09-15T14:54:07.2996004Z       "scope": "structure_and_integrity_only",
2026-09-15T14:54:07.2996408Z       "total_bytes": 5179
2026-09-15T14:54:07.2996920Z     }
2026-09-15T14:54:07.2997189Z   ],
2026-09-15T14:54:07.2997498Z   "product_acceptance": "NOT_RUN",
2026-09-15T14:54:07.2997914Z   "publication": "NOT_CHECKED",
2026-09-15T14:54:07.2998266Z   "real_codex": "NOT_RUN",
2026-09-15T14:54:07.2998589Z   "real_provider": "NOT_RUN",
2026-09-15T14:54:07.2998921Z   "requirements": 38,
2026-09-15T14:54:07.2999381Z   "routes": 107,
2026-09-15T14:54:07.2999726Z   "scope": "M0_structural_baseline_only",
2026-09-15T14:54:07.3000169Z   "source": "PRODUCT_DESIGN.md",
2026-09-15T14:54:07.3000811Z   "spec_sha256": "9cc5adbe72edfc993b5d5e99dcb3f9436e475ab2be4dd58e83f72e3104353b9c",
2026-09-15T14:54:07.3001423Z   "spec_version": "3.0.4",
2026-09-15T14:54:07.3001807Z   "sql_tables_including_fts": 53,
2026-09-15T14:54:07.3002175Z   "status": "PASS",
2026-09-15T14:54:07.3002485Z   "target_scenarios": 33,
2026-09-15T14:54:07.3002796Z   "tasks": 27
2026-09-15T14:54:07.3003056Z }
2026-09-15T14:54:07.5246454Z ##[group]Run uv run --frozen pytest tests/contract tests/unit/test_spec_*.py
2026-09-15T14:54:07.5247343Z [36;1muv run --frozen pytest tests/contract tests/unit/test_spec_*.py[0m
2026-09-15T14:54:07.5288143Z shell: /usr/bin/bash -e {0}
2026-09-15T14:54:07.5288416Z env:
2026-09-15T14:54:07.5288705Z   pythonLocation: /opt/hostedtoolcache/Python/3.12.13/x64
2026-09-15T14:54:07.5289148Z   PKG_CONFIG_PATH: /opt/hostedtoolcache/Python/3.12.13/x64/lib/pkgconfig
2026-09-15T14:54:07.5289576Z   Python_ROOT_DIR: /opt/hostedtoolcache/Python/3.12.13/x64
2026-09-15T14:54:07.5289958Z   Python2_ROOT_DIR: /opt/hostedtoolcache/Python/3.12.13/x64
2026-09-15T14:54:07.5290367Z   Python3_ROOT_DIR: /opt/hostedtoolcache/Python/3.12.13/x64
2026-09-15T14:54:07.5290739Z   LD_LIBRARY_PATH: /opt/hostedtoolcache/Python/3.12.13/x64/lib
2026-09-15T14:54:07.5291342Z ##[endgroup]
2026-09-15T14:54:11.2547994Z ============================= test session starts ==============================
2026-09-15T14:54:11.2548927Z platform linux -- Python 3.12.13, pytest-9.1.1, pluggy-1.6.0
2026-09-15T14:54:11.2549744Z rootdir: <github-runner-home>/work/Learning_Workbench/Learning_Workbench
2026-09-15T14:54:11.2550336Z configfile: pyproject.toml
2026-09-15T14:54:11.2550739Z plugins: anyio-4.15.1
2026-09-15T14:54:11.2551106Z collected 525 items
2026-09-15T14:54:11.2551324Z 
2026-09-15T14:55:14.5400334Z tests/contract/test_api_projection.py .................................. [  6%]
2026-09-15T14:56:48.8908399Z .................................................                        [ 15%]
2026-09-15T14:56:49.0490771Z tests/contract/test_generated_transport.py ...............               [ 18%]
2026-09-15T14:56:49.4062768Z tests/contract/test_generated_upload.py ..                               [ 19%]
2026-09-15T14:56:49.7388362Z tests/contract/test_models.py ............................               [ 24%]
2026-09-15T14:56:49.7499112Z tests/contract/test_optional_patch.py .                                  [ 24%]
2026-09-15T14:56:49.8482179Z tests/contract/test_package_integrity.py ........................        [ 29%]
2026-09-15T14:56:49.9573810Z tests/contract/test_practice_public_projection.py ...................... [ 33%]
2026-09-15T14:57:01.7747750Z .............                                                            [ 35%]
2026-09-15T14:57:02.4818238Z tests/contract/test_provider_binding.py .........................        [ 40%]
2026-09-15T14:57:03.0589495Z tests/contract/test_provider_dto.py .................................... [ 47%]
2026-09-15T14:57:03.3059982Z ........................................................................ [ 61%]
2026-09-15T14:57:03.3067524Z                                                                          [ 61%]
2026-09-15T14:57:03.5262356Z tests/contract/test_recommendation_binding.py ........                   [ 62%]
2026-09-15T14:57:03.5497178Z tests/contract/test_recommendation_dto.py .............................. [ 68%]
2026-09-15T14:57:03.7042491Z ........................                                                 [ 72%]
2026-09-15T14:57:03.7232421Z tests/contract/test_retrieval_dto.py ............................        [ 78%]
2026-09-15T14:57:35.6261536Z tests/contract/test_retrieval_generation.py ...................          [ 81%]
2026-09-15T14:57:47.5261289Z tests/contract/test_retrieval_http.py ....................               [ 85%]
2026-09-15T14:57:47.5552336Z tests/contract/test_tutor_dto.py ....................................... [ 93%]
2026-09-15T14:57:47.5579378Z ..                                                                       [ 93%]
2026-09-15T14:57:49.3820259Z tests/contract/test_tutor_transport.py .....................             [ 97%]
2026-09-15T14:57:50.9787414Z tests/unit/test_spec_catalog.py ....                                     [ 98%]
2026-09-15T14:57:51.2871469Z tests/unit/test_spec_extraction.py .........                             [100%]
2026-09-15T14:57:51.2872207Z 
2026-09-15T14:57:51.2877735Z =============================== warnings summary ===============================
2026-09-15T14:57:51.2878449Z .venv/lib/python3.12/site-packages/fastapi/testclient.py:1
2026-09-15T14:57:51.2880331Z   <github-runner-home>/work/Learning_Workbench/Learning_Workbench/.venv/lib/python3.12/site-packages/fastapi/testclient.py:1: StarletteDeprecationWarning: Using `httpx` with `starlette.testclient` is deprecated; install `httpx2` instead.
2026-09-15T14:57:51.2882064Z     from starlette.testclient import TestClient as TestClient  # noqa
2026-09-15T14:57:51.2882479Z 
2026-09-15T14:57:51.2882833Z .venv/lib/python3.12/site-packages/starlette/testclient.py:53
2026-09-15T14:57:51.2884534Z   <github-runner-home>/work/Learning_Workbench/Learning_Workbench/.venv/lib/python3.12/site-packages/starlette/testclient.py:53: DeprecationWarning: The anyio.abc.BlockingPortal alias is deprecated, use anyio.from_thread.BlockingPortal instead.
2026-09-15T14:57:51.2886761Z     _PortalFactoryType = Callable[[], AbstractContextManager[anyio.abc.BlockingPortal]]
2026-09-15T14:57:51.2887263Z 
2026-09-15T14:57:51.2887698Z -- Docs: https://docs.pytest.org/en/stable/how-to/capture-warnings.html
2026-09-15T14:57:51.2888546Z ================= 525 passed, 2 warnings in 222.65s (0:03:42) ==================
2026-09-15T14:57:51.8522473Z Post job cleanup.
2026-09-15T14:57:52.0038373Z Post job cleanup.
2026-09-15T14:57:52.1510954Z Post job cleanup.
2026-09-15T14:57:52.2443299Z [command]/usr/bin/git version
2026-09-15T14:57:52.2490443Z git version 2.55.0
2026-09-15T14:57:52.2530133Z Temporarily overriding HOME='<github-runner-home>/work/_temp/996211ea-327b-42d4-8919-c9d16193dcc3' before making global git config changes
2026-09-15T14:57:52.2531701Z Adding repository directory to the temporary git global config as a safe directory
2026-09-15T14:57:52.2536408Z [command]/usr/bin/git config --global --add safe.directory <github-runner-home>/work/Learning_Workbench/Learning_Workbench
2026-09-15T14:57:52.2578788Z Removing SSH command configuration
2026-09-15T14:57:52.2587471Z [command]/usr/bin/git config --local --name-only --get-regexp core\.sshCommand
2026-09-15T14:57:52.2640708Z [command]/usr/bin/git submodule foreach --recursive sh -c "git config --local --name-only --get-regexp 'core\.sshCommand' && git config --local --unset-all 'core.sshCommand' || :"
2026-09-15T14:57:52.2939480Z Removing HTTP extra header
2026-09-15T14:57:52.2949281Z [command]/usr/bin/git config --local --name-only --get-regexp http\.https\:\/\/github\.com\/\.extraheader
2026-09-15T14:57:52.3000802Z [command]/usr/bin/git submodule foreach --recursive sh -c "git config --local --name-only --get-regexp 'http\.https\:\/\/github\.com\/\.extraheader' && git config --local --unset-all 'http.https://github.com/.extraheader' || :"
2026-09-15T14:57:52.3314600Z Removing includeIf entries pointing to credentials config files
2026-09-15T14:57:52.3323868Z [command]/usr/bin/git config --local --name-only --get-regexp ^includeIf\.gitdir:
2026-09-15T14:57:52.3363821Z includeif.gitdir:<github-runner-home>/work/Learning_Workbench/Learning_Workbench/.git.path
2026-09-15T14:57:52.3365327Z includeif.gitdir:<github-runner-home>/work/Learning_Workbench/Learning_Workbench/.git/worktrees/*.path
2026-09-15T14:57:52.3366812Z includeif.gitdir:/github/workspace/.git.path
2026-09-15T14:57:52.3367899Z includeif.gitdir:/github/workspace/.git/worktrees/*.path
2026-09-15T14:57:52.3375099Z [command]/usr/bin/git config --local --get-all includeif.gitdir:<github-runner-home>/work/Learning_Workbench/Learning_Workbench/.git.path
2026-09-15T14:57:52.3410888Z <github-runner-home>/work/_temp/git-credentials-1310aec8-b701-489d-a003-6af49446e8c7.config
2026-09-15T14:57:52.3424289Z [command]/usr/bin/git config --local --unset includeif.gitdir:<github-runner-home>/work/Learning_Workbench/Learning_Workbench/.git.path \/home\/runner\/work\/_temp\/git\-credentials\-1310aec8\-b701\-489d\-a003\-6af49446e8c7\.config
2026-09-15T14:57:52.3487124Z [command]/usr/bin/git config --local --get-all includeif.gitdir:<github-runner-home>/work/Learning_Workbench/Learning_Workbench/.git/worktrees/*.path
2026-09-15T14:57:52.3524876Z <github-runner-home>/work/_temp/git-credentials-1310aec8-b701-489d-a003-6af49446e8c7.config
2026-09-15T14:57:52.3537848Z [command]/usr/bin/git config --local --unset includeif.gitdir:<github-runner-home>/work/Learning_Workbench/Learning_Workbench/.git/worktrees/*.path \/home\/runner\/work\/_temp\/git\-credentials\-1310aec8\-b701\-489d\-a003\-6af49446e8c7\.config
2026-09-15T14:57:52.3586181Z [command]/usr/bin/git config --local --get-all includeif.gitdir:/github/workspace/.git.path
2026-09-15T14:57:52.3622563Z /github/runner_temp/git-credentials-1310aec8-b701-489d-a003-6af49446e8c7.config
2026-09-15T14:57:52.3631895Z [command]/usr/bin/git config --local --unset includeif.gitdir:/github/workspace/.git.path \/github\/runner_temp\/git\-credentials\-1310aec8\-b701\-489d\-a003\-6af49446e8c7\.config
2026-09-15T14:57:52.3682961Z [command]/usr/bin/git config --local --get-all includeif.gitdir:/github/workspace/.git/worktrees/*.path
2026-09-15T14:57:52.3729450Z /github/runner_temp/git-credentials-1310aec8-b701-489d-a003-6af49446e8c7.config
2026-09-15T14:57:52.3739658Z [command]/usr/bin/git config --local --unset includeif.gitdir:/github/workspace/.git/worktrees/*.path \/github\/runner_temp\/git\-credentials\-1310aec8\-b701\-489d\-a003\-6af49446e8c7\.config
2026-09-15T14:57:52.3798826Z [command]/usr/bin/git submodule foreach --recursive git config --local --show-origin --name-only --get-regexp remote.origin.url
2026-09-15T14:57:52.4097194Z Removing credentials config '<github-runner-home>/work/_temp/git-credentials-1310aec8-b701-489d-a003-6af49446e8c7.config'
2026-09-15T14:57:52.4285691Z Cleaning up orphan processes
