2026-10-04T02:14:09.0368645Z Current runner version: '2.337.0'
2026-10-04T02:14:09.0393109Z ##[group]Runner Image Provisioner
2026-10-04T02:14:09.0394579Z Hosted Compute Agent
2026-10-04T02:14:09.0395254Z Version: 20260901.588
2026-10-04T02:14:09.0395892Z Commit: f88ec8081b781fac6c440065ac7ff9e710ce3d0b
2026-10-04T02:14:09.0396672Z Build Date: 2026-09-01T19:56:44Z
2026-10-04T02:14:09.0397350Z Worker ID: {08fd5833-0f3e-444f-83b6-70edde433d80}
2026-10-04T02:14:09.0398036Z Azure Region: westus
2026-10-04T02:14:09.0398698Z ##[endgroup]
2026-10-04T02:14:09.0400181Z ##[group]Operating System
2026-10-04T02:14:09.0400881Z Ubuntu
2026-10-04T02:14:09.0401454Z 26.04.1
2026-10-04T02:14:09.0401939Z LTS
2026-10-04T02:14:09.0402536Z ##[endgroup]
2026-10-04T02:14:09.0403066Z ##[group]Runner Image
2026-10-04T02:14:09.0404041Z Image: ubuntu-26.04
2026-10-04T02:14:09.0404672Z Version: 20260927.149.1
2026-10-04T02:14:09.0406012Z Included Software: https://github.com/actions/runner-images/blob/ubuntu26/20260927.149/images/ubuntu/Ubuntu2604-Readme.md
2026-10-04T02:14:09.0407614Z Image Release: https://github.com/actions/runner-images/releases/tag/ubuntu26%2F20260927.149
2026-10-04T02:14:09.0408608Z ##[endgroup]
2026-10-04T02:14:09.0409718Z ##[group]GITHUB_TOKEN Permissions
2026-10-04T02:14:09.0411674Z Contents: read
2026-10-04T02:14:09.0412308Z Metadata: read
2026-10-04T02:14:09.0412867Z ##[endgroup]
2026-10-04T02:14:09.0415431Z Secret source: Actions
2026-10-04T02:14:09.0416446Z Cache mode: write
2026-10-04T02:14:09.0417226Z Prepare workflow directory
2026-10-04T02:14:09.0762462Z Prepare all required actions
2026-10-04T02:14:09.0812741Z Getting action download info
2026-10-04T02:14:09.4071093Z Download action repository 'actions/checkout@3d3c42e5aac5ba805825da76410c181273ba90b1' (SHA:3d3c42e5aac5ba805825da76410c181273ba90b1)
2026-10-04T02:14:09.5089851Z Download action repository 'actions/setup-python@5fda3b95a4ea91299a34e894583c3862153e4b97' (SHA:5fda3b95a4ea91299a34e894583c3862153e4b97)
2026-10-04T02:14:09.6792489Z Complete job name: backend
2026-10-04T02:14:09.7601702Z ##[group]Run actions/checkout@3d3c42e5aac5ba805825da76410c181273ba90b1
2026-10-04T02:14:09.7602753Z with:
2026-10-04T02:14:09.7603196Z   repository: kl3574/Learning_Workbench
2026-10-04T02:14:09.7607432Z   token: ***
2026-10-04T02:14:09.7607863Z   ssh-strict: true
2026-10-04T02:14:09.7608342Z   ssh-user: git
2026-10-04T02:14:09.7608784Z   persist-credentials: true
2026-10-04T02:14:09.7609271Z   clean: true
2026-10-04T02:14:09.7609709Z   sparse-checkout-cone-mode: true
2026-10-04T02:14:09.7610218Z   fetch-depth: 1
2026-10-04T02:14:09.7610640Z   fetch-tags: false
2026-10-04T02:14:09.7611068Z   show-progress: true
2026-10-04T02:14:09.7611525Z   lfs: false
2026-10-04T02:14:09.7611933Z   submodules: false
2026-10-04T02:14:09.7612375Z   set-safe-directory: true
2026-10-04T02:14:09.7612880Z   allow-unsafe-pr-checkout: false
2026-10-04T02:14:09.7613849Z ##[endgroup]
2026-10-04T02:14:09.8629062Z Syncing repository: kl3574/Learning_Workbench
2026-10-04T02:14:09.8631700Z ##[group]Getting Git version info
2026-10-04T02:14:09.8633037Z Working directory is '$RUNNER_HOME/work/Learning_Workbench/Learning_Workbench'
2026-10-04T02:14:09.8635202Z [command]/usr/bin/git version
2026-10-04T02:14:09.8636041Z git version 2.55.0
2026-10-04T02:14:09.8685795Z ##[endgroup]
2026-10-04T02:14:09.8691974Z Temporarily overriding HOME='$RUNNER_HOME/work/_temp/766d8ce8-5070-49fa-b5fc-81f3864b30e6' before making global git config changes
2026-10-04T02:14:09.8694010Z Adding repository directory to the temporary git global config as a safe directory
2026-10-04T02:14:09.8705250Z [command]/usr/bin/git config --global --add safe.directory $RUNNER_HOME/work/Learning_Workbench/Learning_Workbench
2026-10-04T02:14:09.8757286Z Deleting the contents of '$RUNNER_HOME/work/Learning_Workbench/Learning_Workbench'
2026-10-04T02:14:09.8759952Z ##[group]Determining repository object format
2026-10-04T02:14:09.8761711Z ##[endgroup]
2026-10-04T02:14:09.8762742Z ##[group]Initializing the repository
2026-10-04T02:14:09.8766677Z [command]/usr/bin/git init $RUNNER_HOME/work/Learning_Workbench/Learning_Workbench
2026-10-04T02:14:09.8890803Z hint: Using 'master' as the name for the initial branch. This default branch name
2026-10-04T02:14:09.8892208Z hint: will change to "main" in Git 3.0. To configure the initial branch name
2026-10-04T02:14:09.8893150Z hint: to use in all of your new repositories, which will suppress this warning,
2026-10-04T02:14:09.8894231Z hint: call:
2026-10-04T02:14:09.8894628Z hint:
2026-10-04T02:14:09.8895153Z hint: 	git config --global init.defaultBranch <name>
2026-10-04T02:14:09.8895765Z hint:
2026-10-04T02:14:09.8896340Z hint: Names commonly chosen instead of 'master' are 'main', 'trunk' and
2026-10-04T02:14:09.8897256Z hint: 'development'. The just-created branch can be renamed via this command:
2026-10-04T02:14:09.8897976Z hint:
2026-10-04T02:14:09.8898387Z hint: 	git branch -m <name>
2026-10-04T02:14:09.8898854Z hint:
2026-10-04T02:14:09.8899501Z hint: Disable this message with "git config set advice.defaultBranchName false"
2026-10-04T02:14:09.8900629Z Initialized empty Git repository in $RUNNER_HOME/work/Learning_Workbench/Learning_Workbench/.git/
2026-10-04T02:14:09.8911085Z [command]/usr/bin/git remote add origin https://github.com/kl3574/Learning_Workbench
2026-10-04T02:14:09.8960626Z ##[endgroup]
2026-10-04T02:14:09.8961489Z ##[group]Disabling automatic garbage collection
2026-10-04T02:14:09.8964447Z [command]/usr/bin/git config --local gc.auto 0
2026-10-04T02:14:09.8999610Z ##[endgroup]
2026-10-04T02:14:09.9000749Z ##[group]Setting up auth
2026-10-04T02:14:09.9001709Z Removing SSH command configuration
2026-10-04T02:14:09.9006253Z [command]/usr/bin/git config --local --name-only --get-regexp core\.sshCommand
2026-10-04T02:14:09.9041922Z [command]/usr/bin/git submodule foreach --recursive sh -c "git config --local --name-only --get-regexp 'core\.sshCommand' && git config --local --unset-all 'core.sshCommand' || :"
2026-10-04T02:14:09.9489058Z Removing HTTP extra header
2026-10-04T02:14:09.9496039Z [command]/usr/bin/git config --local --name-only --get-regexp http\.https\:\/\/github\.com\/\.extraheader
2026-10-04T02:14:09.9539678Z [command]/usr/bin/git submodule foreach --recursive sh -c "git config --local --name-only --get-regexp 'http\.https\:\/\/github\.com\/\.extraheader' && git config --local --unset-all 'http.https://github.com/.extraheader' || :"
2026-10-04T02:14:09.9811722Z Removing includeIf entries pointing to credentials config files
2026-10-04T02:14:09.9817687Z [command]/usr/bin/git config --local --name-only --get-regexp ^includeIf\.gitdir:
2026-10-04T02:14:09.9859391Z [command]/usr/bin/git submodule foreach --recursive git config --local --show-origin --name-only --get-regexp remote.origin.url
2026-10-04T02:14:10.0144747Z [command]/usr/bin/git config --file $RUNNER_HOME/work/_temp/git-credentials-9f6af4e8-3e97-41c4-8568-42c78cf358ec.config http.https://github.com/.extraheader AUTHORIZATION: basic ***
2026-10-04T02:14:10.0183445Z [command]/usr/bin/git config --local includeIf.gitdir:$RUNNER_HOME/work/Learning_Workbench/Learning_Workbench/.git.path $RUNNER_HOME/work/_temp/git-credentials-9f6af4e8-3e97-41c4-8568-42c78cf358ec.config
2026-10-04T02:14:10.0216527Z [command]/usr/bin/git config --local includeIf.gitdir:$RUNNER_HOME/work/Learning_Workbench/Learning_Workbench/.git/worktrees/*.path $RUNNER_HOME/work/_temp/git-credentials-9f6af4e8-3e97-41c4-8568-42c78cf358ec.config
2026-10-04T02:14:10.0250550Z [command]/usr/bin/git config --local includeIf.gitdir:/github/workspace/.git.path /github/runner_temp/git-credentials-9f6af4e8-3e97-41c4-8568-42c78cf358ec.config
2026-10-04T02:14:10.0284309Z [command]/usr/bin/git config --local includeIf.gitdir:/github/workspace/.git/worktrees/*.path /github/runner_temp/git-credentials-9f6af4e8-3e97-41c4-8568-42c78cf358ec.config
2026-10-04T02:14:10.0313357Z ##[endgroup]
2026-10-04T02:14:10.0314816Z ##[group]Fetching the repository
2026-10-04T02:14:10.0320375Z [command]/usr/bin/git -c protocol.version=2 fetch --no-tags --prune --no-recurse-submodules --depth=1 origin +6692d62db971b9b46cbf118efe6f26b4e0fd3b8c:refs/remotes/pull/56/merge
2026-10-04T02:14:15.6261877Z From https://github.com/kl3574/Learning_Workbench
2026-10-04T02:14:15.6264107Z  * [new ref]           6692d62db971b9b46cbf118efe6f26b4e0fd3b8c -> pull/56/merge
2026-10-04T02:14:15.6268381Z ##[endgroup]
2026-10-04T02:14:15.6269889Z ##[group]Determining the checkout info
2026-10-04T02:14:15.6271671Z ##[endgroup]
2026-10-04T02:14:15.6275431Z [command]/usr/bin/git sparse-checkout disable
2026-10-04T02:14:15.6340778Z [command]/usr/bin/git config --local --unset-all extensions.worktreeConfig
2026-10-04T02:14:15.6389582Z ##[group]Checking out the ref
2026-10-04T02:14:15.6390888Z [command]/usr/bin/git checkout --progress --force refs/remotes/pull/56/merge
2026-10-04T02:14:16.6806464Z Updating files:  53% (9874/18569)
2026-10-04T02:14:16.7139919Z Updating files:  54% (10028/18569)
2026-10-04T02:14:16.7321081Z Updating files:  55% (10213/18569)
2026-10-04T02:14:16.7478656Z Updating files:  56% (10399/18569)
2026-10-04T02:14:16.7610944Z Updating files:  57% (10585/18569)
2026-10-04T02:14:16.7727147Z Updating files:  58% (10771/18569)
2026-10-04T02:14:16.7895945Z Updating files:  59% (10956/18569)
2026-10-04T02:14:16.8089090Z Updating files:  60% (11142/18569)
2026-10-04T02:14:16.8361005Z Updating files:  61% (11328/18569)
2026-10-04T02:14:16.8559079Z Updating files:  62% (11513/18569)
2026-10-04T02:14:16.8789509Z Updating files:  63% (11699/18569)
2026-10-04T02:14:16.8921197Z Updating files:  64% (11885/18569)
2026-10-04T02:14:16.9089562Z Updating files:  65% (12070/18569)
2026-10-04T02:14:16.9270759Z Updating files:  66% (12256/18569)
2026-10-04T02:14:16.9482810Z Updating files:  67% (12442/18569)
2026-10-04T02:14:16.9731343Z Updating files:  68% (12627/18569)
2026-10-04T02:14:16.9902177Z Updating files:  69% (12813/18569)
2026-10-04T02:14:17.0049985Z Updating files:  70% (12999/18569)
2026-10-04T02:14:17.0204800Z Updating files:  71% (13184/18569)
2026-10-04T02:14:17.0584723Z Updating files:  72% (13370/18569)
2026-10-04T02:14:17.0738046Z Updating files:  73% (13556/18569)
2026-10-04T02:14:17.0897272Z Updating files:  74% (13742/18569)
2026-10-04T02:14:17.1109665Z Updating files:  75% (13927/18569)
2026-10-04T02:14:17.1745350Z Updating files:  76% (14113/18569)
2026-10-04T02:14:17.1882607Z Updating files:  77% (14299/18569)
2026-10-04T02:14:17.1990174Z Updating files:  78% (14484/18569)
2026-10-04T02:14:17.2167959Z Updating files:  79% (14670/18569)
2026-10-04T02:14:17.2359135Z Updating files:  80% (14856/18569)
2026-10-04T02:14:17.2519957Z Updating files:  81% (15041/18569)
2026-10-04T02:14:17.3065265Z Updating files:  82% (15227/18569)
2026-10-04T02:14:17.3606260Z Updating files:  83% (15413/18569)
2026-10-04T02:14:17.3837906Z Updating files:  84% (15598/18569)
2026-10-04T02:14:17.4430568Z Updating files:  85% (15784/18569)
2026-10-04T02:14:17.4639246Z Updating files:  86% (15970/18569)
2026-10-04T02:14:17.5179250Z Updating files:  87% (16156/18569)
2026-10-04T02:14:17.5354714Z Updating files:  88% (16341/18569)
2026-10-04T02:14:17.5463188Z Updating files:  89% (16527/18569)
2026-10-04T02:14:17.6424973Z Updating files:  90% (16713/18569)
2026-10-04T02:14:17.6628108Z Updating files:  91% (16898/18569)
2026-10-04T02:14:17.6641640Z Updating files:  91% (17070/18569)
2026-10-04T02:14:17.6818619Z Updating files:  92% (17084/18569)
2026-10-04T02:14:17.7086187Z Updating files:  93% (17270/18569)
2026-10-04T02:14:17.7270219Z Updating files:  94% (17455/18569)
2026-10-04T02:14:17.7418072Z Updating files:  95% (17641/18569)
2026-10-04T02:14:17.7570522Z Updating files:  96% (17827/18569)
2026-10-04T02:14:17.7794362Z Updating files:  97% (18012/18569)
2026-10-04T02:14:17.7899132Z Updating files:  98% (18198/18569)
2026-10-04T02:14:17.8039935Z Updating files:  99% (18384/18569)
2026-10-04T02:14:17.8040695Z Updating files: 100% (18569/18569)
2026-10-04T02:14:17.8041333Z Updating files: 100% (18569/18569), done.
2026-10-04T02:14:17.8297946Z Note: switching to 'refs/remotes/pull/56/merge'.
2026-10-04T02:14:17.8298433Z 
2026-10-04T02:14:17.8298912Z You are in 'detached HEAD' state. You can look around, make experimental
2026-10-04T02:14:17.8300142Z changes and commit them, and you can discard any commits you make in this
2026-10-04T02:14:17.8300837Z state without impacting any branches by switching back to a branch.
2026-10-04T02:14:17.8301232Z 
2026-10-04T02:14:17.8301489Z If you want to create a new branch to retain commits you create, you may
2026-10-04T02:14:17.8302101Z do so (now or later) by using -c with the switch command. Example:
2026-10-04T02:14:17.8302451Z 
2026-10-04T02:14:17.8302598Z   git switch -c <new-branch-name>
2026-10-04T02:14:17.8302839Z 
2026-10-04T02:14:17.8302980Z Or undo this operation with:
2026-10-04T02:14:17.8303217Z 
2026-10-04T02:14:17.8303330Z   git switch -
2026-10-04T02:14:17.8303820Z 
2026-10-04T02:14:17.8304181Z Turn off this advice by setting config variable advice.detachedHead to false
2026-10-04T02:14:17.8304621Z 
2026-10-04T02:14:17.8305220Z HEAD is now at 6692d62d Merge 69029bc1ab355efdbb6e0fdb8a86204c59cea71a into e2877101d9c2bda0f793a460db63ef496350c6b4
2026-10-04T02:14:17.8427431Z ##[endgroup]
2026-10-04T02:14:17.8484753Z [command]/usr/bin/git log -1 --format=%H
2026-10-04T02:14:17.8511805Z 6692d62db971b9b46cbf118efe6f26b4e0fd3b8c
2026-10-04T02:14:17.8869142Z ##[group]Run actions/setup-python@5fda3b95a4ea91299a34e894583c3862153e4b97
2026-10-04T02:14:17.8869573Z with:
2026-10-04T02:14:17.8869791Z   python-version: 3.12.13
2026-10-04T02:14:17.8870036Z   check-latest: false
2026-10-04T02:14:17.8872778Z   token: ***
2026-10-04T02:14:17.8873003Z   update-environment: true
2026-10-04T02:14:17.8873258Z   allow-prereleases: false
2026-10-04T02:14:17.8873686Z   freethreaded: false
2026-10-04T02:14:17.8873913Z ##[endgroup]
2026-10-04T02:14:18.0074684Z ##[group]Installed versions
2026-10-04T02:14:18.0084448Z Version 3.12.13 was not found in the local cache
2026-10-04T02:14:18.6403876Z Version 3.12.13 is available for downloading
2026-10-04T02:14:18.6405632Z Download from "https://github.com/actions/python-versions/releases/download/3.12.13-27650778726/python-3.12.13-linux-26.04-x64.tar.gz"
2026-10-04T02:14:19.3153139Z Extract downloaded archive
2026-10-04T02:14:19.3288796Z [command]/usr/bin/tar xz --warning=no-unknown-keyword --overwrite -C $RUNNER_HOME/work/_temp/bd368152-ab42-4f12-801f-f7d4da5333f5 -f $RUNNER_HOME/work/_temp/8f35dcbf-b1ad-4078-a405-556a5baa9402
2026-10-04T02:14:20.5406153Z Execute installation script
2026-10-04T02:14:20.5539644Z Check if Python hostedtoolcache folder exist...
2026-10-04T02:14:20.5540378Z Create Python 3.12.13 folder
2026-10-04T02:14:20.5568023Z Copy Python binaries to hostedtoolcache folder
2026-10-04T02:14:21.0629490Z Create additional symlinks (Required for the UsePythonVersion Azure Pipelines task and the setup-python GitHub Action)
2026-10-04T02:14:21.0735663Z Upgrading pip...
2026-10-04T02:14:23.0216050Z Collecting pip
2026-10-04T02:14:23.0692817Z Downloading pip-26.2.1-py3-none-any.whl.metadata (4.6 kB)
2026-10-04T02:14:23.0863097Z Downloading pip-26.2.1-py3-none-any.whl (1.8 MB)
2026-10-04T02:14:23.1489996Z ━━━━━━━━━━━━━━━━━━━━━━━━━━━━━━━━━━━━━━━━ 1.8/1.8 MB 48.1 MB/s eta 0:00:00
2026-10-04T02:14:23.1490517Z 
2026-10-04T02:14:23.1682922Z Installing collected packages: pip
2026-10-04T02:14:23.1685383Z Attempting uninstall: pip
2026-10-04T02:14:23.1706814Z Found existing installation: pip 25.0.1
2026-10-04T02:14:23.2048598Z Uninstalling pip-25.0.1:
2026-10-04T02:14:23.2105259Z Successfully uninstalled pip-25.0.1
2026-10-04T02:14:24.1335096Z Successfully installed pip-26.2.1
2026-10-04T02:14:24.1874477Z Create complete file
2026-10-04T02:14:24.1930406Z Successfully set up CPython (3.12.13)
2026-10-04T02:14:24.1931317Z ##[endgroup]
2026-10-04T02:14:24.2447905Z ##[group]Run python -m pip install uv==0.11.21
2026-10-04T02:14:24.2448342Z [36;1mpython -m pip install uv==0.11.21[0m
2026-10-04T02:14:24.9988459Z shell: /usr/bin/bash -e {0}
2026-10-04T02:14:24.9988760Z env:
2026-10-04T02:14:24.9989052Z   pythonLocation: /opt/hostedtoolcache/Python/3.12.13/x64
2026-10-04T02:14:24.9989515Z   PKG_CONFIG_PATH: /opt/hostedtoolcache/Python/3.12.13/x64/lib/pkgconfig
2026-10-04T02:14:24.9990277Z   Python_ROOT_DIR: /opt/hostedtoolcache/Python/3.12.13/x64
2026-10-04T02:14:24.9990690Z   Python2_ROOT_DIR: /opt/hostedtoolcache/Python/3.12.13/x64
2026-10-04T02:14:24.9991093Z   Python3_ROOT_DIR: /opt/hostedtoolcache/Python/3.12.13/x64
2026-10-04T02:14:24.9991496Z   LD_LIBRARY_PATH: /opt/hostedtoolcache/Python/3.12.13/x64/lib
2026-10-04T02:14:24.9991836Z ##[endgroup]
2026-10-04T02:14:25.7409080Z Collecting uv==0.11.21
2026-10-04T02:14:25.7823980Z   Downloading uv-0.11.21-py3-none-manylinux_2_17_x86_64.manylinux2014_x86_64.whl.metadata (11 kB)
2026-10-04T02:14:25.7974162Z Downloading uv-0.11.21-py3-none-manylinux_2_17_x86_64.manylinux2014_x86_64.whl (25.1 MB)
2026-10-04T02:14:25.9644402Z    ━━━━━━━━━━━━━━━━━━━━━━━━━━━━━━━━━━━━━━━━ 25.1/25.1 MB 174.3 MB/s  0:00:00
2026-10-04T02:14:26.0086540Z Installing collected packages: uv
2026-10-04T02:14:26.2676951Z Successfully installed uv-0.11.21
2026-10-04T02:14:26.3188287Z ##[group]Run uv sync --frozen
2026-10-04T02:14:26.3188662Z [36;1muv sync --frozen[0m
2026-10-04T02:14:26.3245162Z shell: /usr/bin/bash -e {0}
2026-10-04T02:14:26.3245412Z env:
2026-10-04T02:14:26.3245684Z   pythonLocation: /opt/hostedtoolcache/Python/3.12.13/x64
2026-10-04T02:14:26.3246133Z   PKG_CONFIG_PATH: /opt/hostedtoolcache/Python/3.12.13/x64/lib/pkgconfig
2026-10-04T02:14:26.3246571Z   Python_ROOT_DIR: /opt/hostedtoolcache/Python/3.12.13/x64
2026-10-04T02:14:26.3246949Z   Python2_ROOT_DIR: /opt/hostedtoolcache/Python/3.12.13/x64
2026-10-04T02:14:26.3247325Z   Python3_ROOT_DIR: /opt/hostedtoolcache/Python/3.12.13/x64
2026-10-04T02:14:26.3247705Z   LD_LIBRARY_PATH: /opt/hostedtoolcache/Python/3.12.13/x64/lib
2026-10-04T02:14:26.3248033Z ##[endgroup]
2026-10-04T02:14:26.3832562Z Using CPython 3.12.13 interpreter at: /opt/hostedtoolcache/Python/3.12.13/x64/bin/python3.12
2026-10-04T02:14:26.3833428Z Creating virtual environment at: .venv
2026-10-04T02:14:26.4634360Z Downloading mypy (14.6MiB)
2026-10-04T02:14:26.4635106Z Downloading pygments (1.2MiB)
2026-10-04T02:14:26.4641314Z Downloading ast-serialize (1.3MiB)
2026-10-04T02:14:26.4643261Z Downloading pydantic-core (2.0MiB)
2026-10-04T02:14:26.4645544Z Downloading ruff (9.9MiB)
2026-10-04T02:14:26.7096944Z  Downloaded ast-serialize
2026-10-04T02:14:26.7284801Z  Downloaded pydantic-core
2026-10-04T02:14:26.7954698Z  Downloaded ruff
2026-10-04T02:14:26.9602287Z  Downloaded pygments
2026-10-04T02:14:27.1014446Z  Downloaded mypy
2026-10-04T02:14:27.1017369Z Prepared 37 packages in 715ms
2026-10-04T02:14:27.1447620Z Installed 37 packages in 42ms
2026-10-04T02:14:27.1448109Z  + annotated-doc==0.0.5
2026-10-04T02:14:27.1448516Z  + annotated-types==0.8.0
2026-10-04T02:14:27.1448893Z  + anyio==4.15.1
2026-10-04T02:14:27.1449262Z  + ast-serialize==0.11.2
2026-10-04T02:14:27.1449631Z  + attrs==26.1.0
2026-10-04T02:14:27.1449962Z  + certifi==2026.7.22
2026-10-04T02:14:27.1450379Z  + click==8.5.0
2026-10-04T02:14:27.1450848Z  + defusedxml==0.7.1
2026-10-04T02:14:27.1451237Z  + fastapi==0.141.1
2026-10-04T02:14:27.1451741Z  + h11==0.16.0
2026-10-04T02:14:27.1452197Z  + httpcore==1.0.9
2026-10-04T02:14:27.1452559Z  + httpx==0.28.1
2026-10-04T02:14:27.1452890Z  + idna==3.19
2026-10-04T02:14:27.1453294Z  + iniconfig==2.3.0
2026-10-04T02:14:27.1454058Z  + jsonschema==4.26.0
2026-10-04T02:14:27.1454495Z  + jsonschema-specifications==2025.9.1
2026-10-04T02:14:27.1454943Z  + librt==0.15.0
2026-10-04T02:14:27.1455287Z  + markdown-it-py==4.2.0
2026-10-04T02:14:27.1455655Z  + mdurl==0.1.2
2026-10-04T02:14:27.1455975Z  + mypy==2.3.1
2026-10-04T02:14:27.1456317Z  + mypy-extensions==1.1.0
2026-10-04T02:14:27.1456701Z  + packaging==26.3
2026-10-04T02:14:27.1457039Z  + pathspec==1.1.1
2026-10-04T02:14:27.1457370Z  + pluggy==1.6.0
2026-10-04T02:14:27.1457700Z  + pydantic==2.13.5
2026-10-04T02:14:27.1458069Z  + pydantic-core==2.46.5
2026-10-04T02:14:27.1458459Z  + pygments==2.21.0
2026-10-04T02:14:27.1458789Z  + pypdf==6.18.1
2026-10-04T02:14:27.1459123Z  + pytest==9.1.1
2026-10-04T02:14:27.1459509Z  + python-multipart==0.0.32
2026-10-04T02:14:27.1460156Z  + referencing==0.37.0
2026-10-04T02:14:27.1460508Z  + rpds-py==2026.6.3
2026-10-04T02:14:27.1460848Z  + ruff==0.16.7
2026-10-04T02:14:27.1461166Z  + starlette==1.6.0
2026-10-04T02:14:27.1461519Z  + typing-extensions==4.16.0
2026-10-04T02:14:27.1461929Z  + typing-inspection==0.4.4
2026-10-04T02:14:27.1462305Z  + uvicorn==0.53.0
2026-10-04T02:14:27.1540320Z ##[group]Run sudo apt-get update
2026-10-04T02:14:27.1540659Z [36;1msudo apt-get update[0m
2026-10-04T02:14:27.1541301Z [36;1msudo apt-get install -y bubblewrap=0.11.1-1ubuntu0.3 apparmor=5.0.2-0ubuntu1~26.04.1 libapparmor1=5.0.2-0ubuntu1~26.04.1 libseccomp2=2.6.0-2ubuntu5[0m
2026-10-04T02:14:27.1542044Z [36;1mdpkg-query -W bubblewrap apparmor libapparmor1 libseccomp2[0m
2026-10-04T02:14:27.1542463Z [36;1mtest -f /etc/apparmor.d/bwrap-userns-restrict[0m
2026-10-04T02:14:27.1542777Z [36;1mbwrap --version[0m
2026-10-04T02:14:27.1602810Z shell: /usr/bin/bash -e {0}
2026-10-04T02:14:27.1603061Z env:
2026-10-04T02:14:27.1603361Z   pythonLocation: /opt/hostedtoolcache/Python/3.12.13/x64
2026-10-04T02:14:27.1604131Z   PKG_CONFIG_PATH: /opt/hostedtoolcache/Python/3.12.13/x64/lib/pkgconfig
2026-10-04T02:14:27.1604578Z   Python_ROOT_DIR: /opt/hostedtoolcache/Python/3.12.13/x64
2026-10-04T02:14:27.1604971Z   Python2_ROOT_DIR: /opt/hostedtoolcache/Python/3.12.13/x64
2026-10-04T02:14:27.1605396Z   Python3_ROOT_DIR: /opt/hostedtoolcache/Python/3.12.13/x64
2026-10-04T02:14:27.1605801Z   LD_LIBRARY_PATH: /opt/hostedtoolcache/Python/3.12.13/x64/lib
2026-10-04T02:14:27.1606127Z ##[endgroup]
2026-10-04T02:14:27.2465296Z Get:1 file:/etc/apt/apt-mirrors.txt Mirrorlist [144 B]
2026-10-04T02:14:27.2984778Z Hit:2 http://azure.archive.ubuntu.com/ubuntu resolute InRelease
2026-10-04T02:14:27.2988122Z Get:6 https://packages.microsoft.com/ubuntu/26.04/prod resolute InRelease [3964 B]
2026-10-04T02:14:27.3013308Z Get:3 http://azure.archive.ubuntu.com/ubuntu resolute-updates InRelease [137 kB]
2026-10-04T02:14:27.3057935Z Get:4 http://azure.archive.ubuntu.com/ubuntu resolute-backports InRelease [137 kB]
2026-10-04T02:14:27.3084573Z Get:5 http://azure.archive.ubuntu.com/ubuntu resolute-security InRelease [137 kB]
2026-10-04T02:14:27.3335094Z Get:7 https://packages.microsoft.com/ubuntu/26.04/prod resolute/main amd64 Packages [76.6 kB]
2026-10-04T02:14:27.3638548Z Get:18 https://packages.microsoft.com/ubuntu/26.04/prod resolute/main arm64 Packages [66.8 kB]
2026-10-04T02:14:27.3674620Z Get:8 http://azure.archive.ubuntu.com/ubuntu resolute-updates/main amd64v3 Packages [718 kB]
2026-10-04T02:14:27.3685207Z Get:19 https://packages.microsoft.com/ubuntu/26.04/prod resolute/main armhf Packages [850 B]
2026-10-04T02:14:27.3824472Z Get:9 http://azure.archive.ubuntu.com/ubuntu resolute-updates/main Translation-en [167 kB]
2026-10-04T02:14:27.3904648Z Get:10 http://azure.archive.ubuntu.com/ubuntu resolute-updates/main amd64 Components [98.1 kB]
2026-10-04T02:14:27.3906166Z Get:11 http://azure.archive.ubuntu.com/ubuntu resolute-updates/universe amd64v3 Packages [316 kB]
2026-10-04T02:14:27.3927214Z Get:12 http://azure.archive.ubuntu.com/ubuntu resolute-updates/universe Translation-en [101 kB]
2026-10-04T02:14:27.4002625Z Get:13 http://azure.archive.ubuntu.com/ubuntu resolute-updates/universe amd64 Components [201 kB]
2026-10-04T02:14:27.4005829Z Get:14 http://azure.archive.ubuntu.com/ubuntu resolute-updates/restricted amd64v3 Packages [487 kB]
2026-10-04T02:14:27.4014055Z Get:15 http://azure.archive.ubuntu.com/ubuntu resolute-updates/restricted Translation-en [97.7 kB]
2026-10-04T02:14:27.4021342Z Get:16 http://azure.archive.ubuntu.com/ubuntu resolute-updates/multiverse amd64v3 Packages [11.9 kB]
2026-10-04T02:14:27.4027861Z Get:17 http://azure.archive.ubuntu.com/ubuntu resolute-updates/multiverse Translation-en [3276 B]
2026-10-04T02:14:27.4492886Z Get:20 http://azure.archive.ubuntu.com/ubuntu resolute-backports/universe amd64 Components [1060 B]
2026-10-04T02:14:27.4499949Z Get:21 http://azure.archive.ubuntu.com/ubuntu resolute-security/main amd64v3 Packages [551 kB]
2026-10-04T02:14:27.4526940Z Get:22 http://azure.archive.ubuntu.com/ubuntu resolute-security/main Translation-en [129 kB]
2026-10-04T02:14:27.4538135Z Get:23 http://azure.archive.ubuntu.com/ubuntu resolute-security/main amd64 Components [46.7 kB]
2026-10-04T02:14:27.4547158Z Get:24 http://azure.archive.ubuntu.com/ubuntu resolute-security/universe amd64v3 Packages [192 kB]
2026-10-04T02:14:27.4606757Z Get:25 http://azure.archive.ubuntu.com/ubuntu resolute-security/universe Translation-en [60.4 kB]
2026-10-04T02:14:27.4616046Z Get:26 http://azure.archive.ubuntu.com/ubuntu resolute-security/universe amd64 Components [55.5 kB]
2026-10-04T02:14:27.4625492Z Get:27 http://azure.archive.ubuntu.com/ubuntu resolute-security/restricted amd64v3 Packages [447 kB]
2026-10-04T02:14:27.4649276Z Get:28 http://azure.archive.ubuntu.com/ubuntu resolute-security/restricted Translation-en [89.7 kB]
2026-10-04T02:14:30.8068921Z Fetched 4332 kB in 0s (9645 kB/s)
2026-10-04T02:14:31.4447272Z Reading package lists...
2026-10-04T02:14:31.4785300Z Reading package lists...
2026-10-04T02:14:31.6303010Z Building dependency tree...
2026-10-04T02:14:31.6310165Z Reading state information...
2026-10-04T02:14:31.6633376Z bubblewrap is already the newest version (0.11.1-1ubuntu0.3).
2026-10-04T02:14:31.6634285Z bubblewrap set to manually installed.
2026-10-04T02:14:31.6634923Z apparmor is already the newest version (5.0.2-0ubuntu1~26.04.1).
2026-10-04T02:14:31.6635535Z apparmor set to manually installed.
2026-10-04T02:14:31.6636146Z libapparmor1 is already the newest version (5.0.2-0ubuntu1~26.04.1).
2026-10-04T02:14:31.6636797Z libapparmor1 set to manually installed.
2026-10-04T02:14:31.6637270Z libseccomp2 is already the newest version (2.6.0-2ubuntu5).
2026-10-04T02:14:31.6637654Z libseccomp2 set to manually installed.
2026-10-04T02:14:31.7178042Z Solving dependencies...
2026-10-04T02:14:31.8406241Z 0 upgraded, 0 newly installed, 0 to remove and 25 not upgraded.
2026-10-04T02:14:31.8541385Z apparmor	5.0.2-0ubuntu1~26.04.1
2026-10-04T02:14:31.8541904Z bubblewrap	0.11.1-1ubuntu0.3
2026-10-04T02:14:31.8542359Z libapparmor1:amd64	5.0.2-0ubuntu1~26.04.1
2026-10-04T02:14:31.8542893Z libseccomp2:amd64	2.6.0-2ubuntu5
2026-10-04T02:14:31.9110426Z bubblewrap 0.11.1
2026-10-04T02:14:31.9165730Z ##[group]Run uv run --frozen ruff check .
2026-10-04T02:14:31.9166085Z [36;1muv run --frozen ruff check .[0m
2026-10-04T02:14:31.9224558Z shell: /usr/bin/bash -e {0}
2026-10-04T02:14:31.9224811Z env:
2026-10-04T02:14:31.9225080Z   pythonLocation: /opt/hostedtoolcache/Python/3.12.13/x64
2026-10-04T02:14:31.9225526Z   PKG_CONFIG_PATH: /opt/hostedtoolcache/Python/3.12.13/x64/lib/pkgconfig
2026-10-04T02:14:31.9226105Z   Python_ROOT_DIR: /opt/hostedtoolcache/Python/3.12.13/x64
2026-10-04T02:14:31.9226516Z   Python2_ROOT_DIR: /opt/hostedtoolcache/Python/3.12.13/x64
2026-10-04T02:14:31.9226941Z   Python3_ROOT_DIR: /opt/hostedtoolcache/Python/3.12.13/x64
2026-10-04T02:14:31.9227370Z   LD_LIBRARY_PATH: /opt/hostedtoolcache/Python/3.12.13/x64/lib
2026-10-04T02:14:31.9227726Z ##[endgroup]
2026-10-04T02:14:32.0578793Z All checks passed!
2026-10-04T02:14:32.0636953Z ##[group]Run uv run --frozen mypy
2026-10-04T02:14:32.0637325Z [36;1muv run --frozen mypy[0m
2026-10-04T02:14:32.0696742Z shell: /usr/bin/bash -e {0}
2026-10-04T02:14:32.0696995Z env:
2026-10-04T02:14:32.0697269Z   pythonLocation: /opt/hostedtoolcache/Python/3.12.13/x64
2026-10-04T02:14:32.0697716Z   PKG_CONFIG_PATH: /opt/hostedtoolcache/Python/3.12.13/x64/lib/pkgconfig
2026-10-04T02:14:32.0698166Z   Python_ROOT_DIR: /opt/hostedtoolcache/Python/3.12.13/x64
2026-10-04T02:14:32.0698557Z   Python2_ROOT_DIR: /opt/hostedtoolcache/Python/3.12.13/x64
2026-10-04T02:14:32.0698959Z   Python3_ROOT_DIR: /opt/hostedtoolcache/Python/3.12.13/x64
2026-10-04T02:14:32.0699359Z   LD_LIBRARY_PATH: /opt/hostedtoolcache/Python/3.12.13/x64/lib
2026-10-04T02:14:32.0699686Z ##[endgroup]
2026-10-04T02:14:41.6211880Z Success: no issues found in 252 source files
2026-10-04T02:14:41.6471925Z ##[group]Run uv run --frozen python scripts/probe_document_sandbox.py
2026-10-04T02:14:41.6472593Z [36;1muv run --frozen python scripts/probe_document_sandbox.py[0m
2026-10-04T02:14:41.6529273Z shell: /usr/bin/bash -e {0}
2026-10-04T02:14:41.6529520Z env:
2026-10-04T02:14:41.6529784Z   pythonLocation: /opt/hostedtoolcache/Python/3.12.13/x64
2026-10-04T02:14:41.6530210Z   PKG_CONFIG_PATH: /opt/hostedtoolcache/Python/3.12.13/x64/lib/pkgconfig
2026-10-04T02:14:41.6530623Z   Python_ROOT_DIR: /opt/hostedtoolcache/Python/3.12.13/x64
2026-10-04T02:14:41.6531003Z   Python2_ROOT_DIR: /opt/hostedtoolcache/Python/3.12.13/x64
2026-10-04T02:14:41.6531390Z   Python3_ROOT_DIR: /opt/hostedtoolcache/Python/3.12.13/x64
2026-10-04T02:14:41.6531788Z   LD_LIBRARY_PATH: /opt/hostedtoolcache/Python/3.12.13/x64/lib
2026-10-04T02:14:41.6532109Z ##[endgroup]
2026-10-04T02:14:42.1571019Z {
2026-10-04T02:14:42.1571472Z   "scope": "fixed synthetic runtime probe; no uploaded document or environment dump",
2026-10-04T02:14:42.1571972Z   "python_version": "3.12.13",
2026-10-04T02:14:42.1572227Z   "exit_code": 0,
2026-10-04T02:14:42.1572503Z   "stdout": "{\"synthetic_runtime_ready\": true}\n",
2026-10-04T02:14:42.1572799Z   "stderr": "",
2026-10-04T02:14:42.1573000Z   "status": "PASS"
2026-10-04T02:14:42.1573195Z }
2026-10-04T02:14:42.1812264Z ##[group]Run uv run --frozen pytest tests/unit tests/security
2026-10-04T02:14:42.1812728Z [36;1muv run --frozen pytest tests/unit tests/security[0m
2026-10-04T02:14:42.1870489Z shell: /usr/bin/bash -e {0}
2026-10-04T02:14:42.1870766Z env:
2026-10-04T02:14:42.1871055Z   pythonLocation: /opt/hostedtoolcache/Python/3.12.13/x64
2026-10-04T02:14:42.1871543Z   PKG_CONFIG_PATH: /opt/hostedtoolcache/Python/3.12.13/x64/lib/pkgconfig
2026-10-04T02:14:42.1872048Z   Python_ROOT_DIR: /opt/hostedtoolcache/Python/3.12.13/x64
2026-10-04T02:14:42.1872475Z   Python2_ROOT_DIR: /opt/hostedtoolcache/Python/3.12.13/x64
2026-10-04T02:14:42.1872900Z   Python3_ROOT_DIR: /opt/hostedtoolcache/Python/3.12.13/x64
2026-10-04T02:14:42.1873335Z   LD_LIBRARY_PATH: /opt/hostedtoolcache/Python/3.12.13/x64/lib
2026-10-04T02:14:42.1874006Z ##[endgroup]
2026-10-04T02:14:46.1603936Z ============================= test session starts ==============================
2026-10-04T02:14:46.1604889Z platform linux -- Python 3.12.13, pytest-9.1.1, pluggy-1.6.0
2026-10-04T02:14:46.1605673Z rootdir: $RUNNER_HOME/work/Learning_Workbench/Learning_Workbench
2026-10-04T02:14:46.1606329Z configfile: pyproject.toml
2026-10-04T02:14:46.1606761Z plugins: anyio-4.15.1
2026-10-04T02:14:46.1607156Z collected 825 items
2026-10-04T02:14:46.1607400Z 
2026-10-04T02:14:46.2214991Z tests/unit/test_authoring_group_validation.py .......................... [  3%]
2026-10-04T02:14:46.2719135Z ..........                                                               [  4%]
2026-10-04T02:14:46.2969106Z tests/unit/test_authoring_numeric.py .................................   [  8%]
2026-10-04T02:14:46.4221758Z tests/unit/test_backend_database.py .........                            [  9%]
2026-10-04T02:14:47.2154777Z tests/unit/test_backup_command.py ....                                   [  9%]
2026-10-04T02:14:49.2109891Z tests/unit/test_codex_bootstrap_freeze.py ........                       [ 10%]
2026-10-04T02:14:56.9001161Z tests/unit/test_codex_bootstrap_protocol.py ............................ [ 14%]
2026-10-04T02:14:56.9008850Z                                                                          [ 14%]
2026-10-04T02:14:56.9092945Z tests/unit/test_codex_broker_context.py .....                            [ 14%]
2026-10-04T02:14:56.9134618Z tests/unit/test_codex_probe_binary.py ...                                [ 15%]
2026-10-04T02:14:56.9185850Z tests/unit/test_codex_probe_projection.py .......                        [ 16%]
2026-10-04T02:14:57.5409281Z tests/unit/test_codex_probe_transport.py .......                         [ 16%]
2026-10-04T02:14:57.5567009Z tests/unit/test_concept_state_rules.py ..................                [ 19%]
2026-10-04T02:14:57.6280536Z tests/unit/test_content_store.py ....................................... [ 23%]
2026-10-04T02:14:57.9713673Z ...............................                                          [ 27%]
2026-10-04T02:15:01.4663787Z tests/unit/test_document_extraction.py ................................. [ 31%]
2026-10-04T02:15:02.7002538Z ................                                                         [ 33%]
2026-10-04T02:15:02.7445751Z tests/unit/test_eligibility.py ......................................... [ 38%]
2026-10-04T02:15:02.7523378Z .......                                                                  [ 39%]
2026-10-04T02:15:02.7590604Z tests/unit/test_governance.py .....                                      [ 40%]
2026-10-04T02:15:02.8022423Z tests/unit/test_grading_rules.py ....................................... [ 44%]
2026-10-04T02:15:02.8569027Z ....................................................                     [ 51%]
2026-10-04T02:15:02.9656118Z tests/unit/test_import_budgets.py ......................                 [ 53%]
2026-10-04T02:15:03.3424157Z tests/unit/test_import_parsing.py ...................................... [ 58%]
2026-10-04T02:15:03.4756351Z ......                                                                   [ 59%]
2026-10-04T02:15:04.6030583Z tests/unit/test_provider_budget.py ............                          [ 60%]
2026-10-04T02:15:05.4475910Z tests/unit/test_provider_proof_binding.py .........                      [ 61%]
2026-10-04T02:15:05.8994812Z tests/unit/test_provider_protocol.py .............................       [ 65%]
2026-10-04T02:15:07.3661675Z tests/unit/test_provider_reference_events.py ...............             [ 66%]
2026-10-04T02:15:10.2519584Z tests/unit/test_provider_repository.py ...........                       [ 68%]
2026-10-04T02:15:11.4532147Z tests/unit/test_provider_secret_store.py .......................         [ 71%]
2026-10-04T02:15:11.4926203Z tests/unit/test_publication_home_paths.py ....................           [ 73%]
2026-10-04T02:15:11.5131378Z tests/unit/test_question_solution_validation.py ........................ [ 76%]
2026-10-04T02:15:11.5740030Z ..................................                                       [ 80%]
2026-10-04T02:15:11.5797141Z tests/unit/test_recommendation_config.py .......                         [ 81%]
2026-10-04T02:15:11.6754398Z tests/unit/test_recommendation_rules.py ..................               [ 83%]
2026-10-04T02:15:11.7840559Z tests/unit/test_retrieval_lexical.py ................................... [ 87%]
2026-10-04T02:15:11.8255395Z ....                                                                     [ 88%]
2026-10-04T02:15:12.5157020Z tests/unit/test_session_backup.py .......                                [ 89%]
2026-10-04T02:15:15.1971628Z tests/unit/test_spec_catalog.py .....                                    [ 89%]
2026-10-04T02:15:15.2206616Z tests/unit/test_spec_extraction.py .........                             [ 90%]
2026-10-04T02:15:15.7690980Z tests/security/test_codex_probe_ipc_destination.py ......                [ 91%]
2026-10-04T02:15:15.8079671Z tests/security/test_codex_probe_isolation.py .                           [ 91%]
2026-10-04T02:15:18.1193795Z tests/security/test_document_sandbox.py ...............                  [ 93%]
2026-10-04T02:15:36.0518291Z tests/security/test_local_boundary.py .................................. [ 97%]
2026-10-04T02:15:36.0524635Z                                                                          [ 97%]
2026-10-04T02:15:37.0602100Z tests/security/test_provider_network.py ....................             [100%]
2026-10-04T02:15:37.0602587Z 
2026-10-04T02:15:37.0603075Z =============================== warnings summary ===============================
2026-10-04T02:15:37.0603973Z .venv/lib/python3.12/site-packages/fastapi/testclient.py:1
2026-10-04T02:15:37.0605853Z   $RUNNER_HOME/work/Learning_Workbench/Learning_Workbench/.venv/lib/python3.12/site-packages/fastapi/testclient.py:1: StarletteDeprecationWarning: Using `httpx` with `starlette.testclient` is deprecated; install `httpx2` instead.
2026-10-04T02:15:37.0608190Z     from starlette.testclient import TestClient as TestClient  # noqa
2026-10-04T02:15:37.0608695Z 
2026-10-04T02:15:37.0609002Z .venv/lib/python3.12/site-packages/starlette/testclient.py:53
2026-10-04T02:15:37.0610844Z   $RUNNER_HOME/work/Learning_Workbench/Learning_Workbench/.venv/lib/python3.12/site-packages/starlette/testclient.py:53: DeprecationWarning: The anyio.abc.BlockingPortal alias is deprecated, use anyio.from_thread.BlockingPortal instead.
2026-10-04T02:15:37.0612868Z     _PortalFactoryType = Callable[[], AbstractContextManager[anyio.abc.BlockingPortal]]
2026-10-04T02:15:37.0613473Z 
2026-10-04T02:15:37.0614059Z -- Docs: https://docs.pytest.org/en/stable/how-to/capture-warnings.html
2026-10-04T02:15:37.0614851Z ======================= 825 passed, 2 warnings in 53.91s =======================
2026-10-04T02:15:37.4191163Z Post job cleanup.
2026-10-04T02:15:37.5692700Z Post job cleanup.
2026-10-04T02:15:37.6580468Z [command]/usr/bin/git version
2026-10-04T02:15:37.6628913Z git version 2.55.0
2026-10-04T02:15:37.6668921Z Temporarily overriding HOME='$RUNNER_HOME/work/_temp/d0afdfb6-9b84-4cbe-96f5-6a8b0a24067f' before making global git config changes
2026-10-04T02:15:37.6670216Z Adding repository directory to the temporary git global config as a safe directory
2026-10-04T02:15:37.6677854Z [command]/usr/bin/git config --global --add safe.directory $RUNNER_HOME/work/Learning_Workbench/Learning_Workbench
2026-10-04T02:15:37.6711894Z Removing SSH command configuration
2026-10-04T02:15:37.6719170Z [command]/usr/bin/git config --local --name-only --get-regexp core\.sshCommand
2026-10-04T02:15:37.6760843Z [command]/usr/bin/git submodule foreach --recursive sh -c "git config --local --name-only --get-regexp 'core\.sshCommand' && git config --local --unset-all 'core.sshCommand' || :"
2026-10-04T02:15:37.7113076Z Removing HTTP extra header
2026-10-04T02:15:37.7119138Z [command]/usr/bin/git config --local --name-only --get-regexp http\.https\:\/\/github\.com\/\.extraheader
2026-10-04T02:15:37.7163302Z [command]/usr/bin/git submodule foreach --recursive sh -c "git config --local --name-only --get-regexp 'http\.https\:\/\/github\.com\/\.extraheader' && git config --local --unset-all 'http.https://github.com/.extraheader' || :"
2026-10-04T02:15:37.7526925Z Removing includeIf entries pointing to credentials config files
2026-10-04T02:15:37.7533048Z [command]/usr/bin/git config --local --name-only --get-regexp ^includeIf\.gitdir:
2026-10-04T02:15:37.7561505Z includeif.gitdir:$RUNNER_HOME/work/Learning_Workbench/Learning_Workbench/.git.path
2026-10-04T02:15:37.7562702Z includeif.gitdir:$RUNNER_HOME/work/Learning_Workbench/Learning_Workbench/.git/worktrees/*.path
2026-10-04T02:15:37.7564158Z includeif.gitdir:/github/workspace/.git.path
2026-10-04T02:15:37.7564875Z includeif.gitdir:/github/workspace/.git/worktrees/*.path
2026-10-04T02:15:37.7570975Z [command]/usr/bin/git config --local --get-all includeif.gitdir:$RUNNER_HOME/work/Learning_Workbench/Learning_Workbench/.git.path
2026-10-04T02:15:37.7595524Z $RUNNER_HOME/work/_temp/git-credentials-9f6af4e8-3e97-41c4-8568-42c78cf358ec.config
2026-10-04T02:15:37.7605833Z [command]/usr/bin/git config --local --unset includeif.gitdir:$RUNNER_HOME/work/Learning_Workbench/Learning_Workbench/.git.path \/home\/runner\/work\/_temp\/git\-credentials\-9f6af4e8\-3e97\-41c4\-8568\-42c78cf358ec\.config
2026-10-04T02:15:37.7644695Z [command]/usr/bin/git config --local --get-all includeif.gitdir:$RUNNER_HOME/work/Learning_Workbench/Learning_Workbench/.git/worktrees/*.path
2026-10-04T02:15:37.7671283Z $RUNNER_HOME/work/_temp/git-credentials-9f6af4e8-3e97-41c4-8568-42c78cf358ec.config
2026-10-04T02:15:37.7679809Z [command]/usr/bin/git config --local --unset includeif.gitdir:$RUNNER_HOME/work/Learning_Workbench/Learning_Workbench/.git/worktrees/*.path \/home\/runner\/work\/_temp\/git\-credentials\-9f6af4e8\-3e97\-41c4\-8568\-42c78cf358ec\.config
2026-10-04T02:15:37.7716372Z [command]/usr/bin/git config --local --get-all includeif.gitdir:/github/workspace/.git.path
2026-10-04T02:15:37.7740496Z /github/runner_temp/git-credentials-9f6af4e8-3e97-41c4-8568-42c78cf358ec.config
2026-10-04T02:15:37.7748905Z [command]/usr/bin/git config --local --unset includeif.gitdir:/github/workspace/.git.path \/github\/runner_temp\/git\-credentials\-9f6af4e8\-3e97\-41c4\-8568\-42c78cf358ec\.config
2026-10-04T02:15:37.7783812Z [command]/usr/bin/git config --local --get-all includeif.gitdir:/github/workspace/.git/worktrees/*.path
2026-10-04T02:15:37.7807242Z /github/runner_temp/git-credentials-9f6af4e8-3e97-41c4-8568-42c78cf358ec.config
2026-10-04T02:15:37.7816383Z [command]/usr/bin/git config --local --unset includeif.gitdir:/github/workspace/.git/worktrees/*.path \/github\/runner_temp\/git\-credentials\-9f6af4e8\-3e97\-41c4\-8568\-42c78cf358ec\.config
2026-10-04T02:15:37.7853774Z [command]/usr/bin/git submodule foreach --recursive git config --local --show-origin --name-only --get-regexp remote.origin.url
2026-10-04T02:15:37.8170377Z Removing credentials config '$RUNNER_HOME/work/_temp/git-credentials-9f6af4e8-3e97-41c4-8568-42c78cf358ec.config'
2026-10-04T02:15:37.8358691Z Cleaning up orphan processes
