F                                                                        [100%]
=================================== FAILURES ===================================
_ test_reviewed_edit_publishes_next_exact_content_revision_without_rewriting_base _

editing = (<services.api.app.infrastructure.database.Database object at 0x7926f9693f80>, SessionIdentity(id='session_REDACTED_SYNTHETIC_ID... 0x7926f9579460>, DraftCreated(), <services.api.app.application.review_service.ReviewService object at 0x7926f9448aa0>)

    def test_reviewed_edit_publishes_next_exact_content_revision_without_rewriting_base(editing):
        database, identity, base, edits, created, reviews = editing
        record, receipt, body = approved(editing)
        content = ContentService(database)
        original = content.body(identity.workspace_id, base.id, base.revision)
>       result = publisher(editing).publish(identity, created.draft_id, body, 'publish-edit')
                 ^^^^^^^^^^^^^^^^^^^^^^^^^^^^^^^^^^^^^^^^^^^^^^^^^^^^^^^^^^^^^^^^^^^^^^^^^^^^

tests/integration/test_edit_publication.py:58: 
_ _ _ _ _ _ _ _ _ _ _ _ _ _ _ _ _ _ _ _ _ _ _ _ _ _ _ _ _ _ _ _ _ _ _ _ _ _ _ _ 

self = <services.api.app.application.draft_publication.DraftPublicationService object at 0x7926f944b4d0>
identity = SessionIdentity(id='session_REDACTED_SYNTHETIC_ID', workspace_id='workspace_dd686de0b0e2415ca5b6a2972c22839...srf_token='76a9c03ad58ba07c6fb3180e3f9a0bd238dcddaea3e348314579f0e15db733c9', expires_at='2026-09-28T18:50:17.582268Z')
draft_id = 'draft_ef4533e07752499c85e1e33b9339823b', body = DraftPublishWrite()
key = 'publish-edit'

    def publish(self, identity: SessionIdentity, draft_id: str, body: DraftPublishWrite, key: str) -> dm.ContentRef:
        key, body = validate_key(key), validated(DraftPublishWrite, body)
        try:
            draft_id = TypeAdapter(dm.Id).validate_python(draft_id, strict=True)
        except (ValueError, TypeError):
            raise ApiError(422, 'SCHEMA_INVALID', '发布草稿标识无效。') from None
        route = f'POST /drafts/{draft_id}/publish'
        try:
            with self.database.transaction() as conn:
                current = self._access(conn, identity)
                repo = PublicationRepository(conn, current.workspace_id)
                replay = repo.replay(current.id, route, key, body)
                if replay is not None:
                    return self._verify(conn, current, replay)
                history, material = self.reviews.read_publication_basis(conn, current, body.review_receipt_id)
                if (material.candidate.draft_id != draft_id or material.candidate.draft_revision != body.expected_revision
                        or material.candidate.candidate_sha256 != body.expected_content_sha256):
                    raise ApiError(412, 'PUBLISH_CANDIDATE_MISMATCH', '发布请求与精确审核候选不符。')
                if not isinstance(material.payload, ImportReviewMaterial):
>                   raise unsupported()
E                   services.api.app.application.errors.ApiError: (409, 'PUBLICATION_OWNER_SCOPE_UNSUPPORTED', '当前发布仅支持待确认导入中无依赖的公开纯文本块。')

services/api/app/application/draft_publication.py:80: ApiError
=============================== warnings summary ===============================
.venv/lib/python3.12/site-packages/fastapi/testclient.py:1
  <LOCAL_HOME>/.cache/learning-workbench-acceptance/m62-edit-publication-active/.venv/lib/python3.12/site-packages/fastapi/testclient.py:1: StarletteDeprecationWarning: Using `httpx` with `starlette.testclient` is deprecated; install `httpx2` instead.
    from starlette.testclient import TestClient as TestClient  # noqa

.venv/lib/python3.12/site-packages/starlette/testclient.py:53
  <LOCAL_HOME>/.cache/learning-workbench-acceptance/m62-edit-publication-active/.venv/lib/python3.12/site-packages/starlette/testclient.py:53: DeprecationWarning: The anyio.abc.BlockingPortal alias is deprecated, use anyio.from_thread.BlockingPortal instead.
    _PortalFactoryType = Callable[[], AbstractContextManager[anyio.abc.BlockingPortal]]

-- Docs: https://docs.pytest.org/en/stable/how-to/capture-warnings.html
=========================== short test summary info ============================
FAILED tests/integration/test_edit_publication.py::test_reviewed_edit_publishes_next_exact_content_revision_without_rewriting_base
1 failed, 2 warnings in 1.49s
