2026-09-22T05:14:45.8825956Z Current runner version: '2.337.0'
2026-09-22T05:14:45.8846061Z ##[group]Runner Image Provisioner
2026-09-22T05:14:45.8846821Z Hosted Compute Agent
2026-09-22T05:14:45.8847316Z Version: 20260828.587
2026-09-22T05:14:45.8847884Z Commit: abac92662cab4cc7352de4f9f9d2e2419aad9c29
2026-09-22T05:14:45.8848514Z Build Date: 2026-08-28T16:44:25Z
2026-09-22T05:14:45.8849428Z Worker ID: {93394956-03a0-4577-93d7-f5435f43da0d}
2026-09-22T05:14:45.8850301Z Azure Region: centralus
2026-09-22T05:14:45.8850947Z ##[endgroup]
2026-09-22T05:14:45.8853063Z ##[group]Operating System
2026-09-22T05:14:45.8853867Z Ubuntu
2026-09-22T05:14:45.8854468Z 26.04.1
2026-09-22T05:14:45.8855766Z LTS
2026-09-22T05:14:45.8856391Z ##[endgroup]
2026-09-22T05:14:45.8857094Z ##[group]Runner Image
2026-09-22T05:14:45.8857835Z Image: ubuntu-26.04
2026-09-22T05:14:45.8858476Z Version: 20260907.131.1
2026-09-22T05:14:45.8860075Z Included Software: https://github.com/actions/runner-images/blob/ubuntu26/20260907.131/images/ubuntu/Ubuntu2604-Readme.md
2026-09-22T05:14:45.8862072Z Image Release: https://github.com/actions/runner-images/releases/tag/ubuntu26%2F20260907.131
2026-09-22T05:14:45.8863247Z ##[endgroup]
2026-09-22T05:14:45.8864562Z ##[group]GITHUB_TOKEN Permissions
2026-09-22T05:14:45.8867310Z Contents: read
2026-09-22T05:14:45.8867986Z Metadata: read
2026-09-22T05:14:45.8868714Z ##[endgroup]
2026-09-22T05:14:45.8871312Z Secret source: Actions
2026-09-22T05:14:45.8872492Z Cache mode: write
2026-09-22T05:14:45.8873632Z Prepare workflow directory
2026-09-22T05:14:45.9150464Z Prepare all required actions
2026-09-22T05:14:45.9208539Z Getting action download info
2026-09-22T05:14:46.1712523Z Download action repository 'actions/checkout@3d3c42e5aac5ba805825da76410c181273ba90b1' (SHA:3d3c42e5aac5ba805825da76410c181273ba90b1)
2026-09-22T05:14:48.2770543Z Download action repository 'actions/setup-python@5fda3b95a4ea91299a34e894583c3862153e4b97' (SHA:5fda3b95a4ea91299a34e894583c3862153e4b97)
2026-09-22T05:14:48.4048847Z Download action repository 'actions/setup-node@820762786026740c76f36085b0efc47a31fe5020' (SHA:820762786026740c76f36085b0efc47a31fe5020)
2026-09-22T05:14:49.7189056Z Download action repository 'actions/upload-artifact@043fb46d1a93c77aae656e7c1c64a875d1fc6a0a' (SHA:043fb46d1a93c77aae656e7c1c64a875d1fc6a0a)
2026-09-22T05:14:49.9409808Z Complete job name: browser
2026-09-22T05:14:49.9982217Z ##[group]Run actions/checkout@3d3c42e5aac5ba805825da76410c181273ba90b1
2026-09-22T05:14:49.9982753Z with:
2026-09-22T05:14:49.9983104Z   repository: kl3574/Learning_Workbench
2026-09-22T05:14:49.9985583Z   token: ***
2026-09-22T05:14:49.9985866Z   ssh-strict: true
2026-09-22T05:14:49.9986190Z   ssh-user: git
2026-09-22T05:14:49.9986447Z   persist-credentials: true
2026-09-22T05:14:49.9986749Z   clean: true
2026-09-22T05:14:49.9987025Z   sparse-checkout-cone-mode: true
2026-09-22T05:14:49.9987316Z   fetch-depth: 1
2026-09-22T05:14:49.9987613Z   fetch-tags: false
2026-09-22T05:14:49.9987878Z   show-progress: true
2026-09-22T05:14:49.9988145Z   lfs: false
2026-09-22T05:14:49.9988409Z   submodules: false
2026-09-22T05:14:49.9988656Z   set-safe-directory: true
2026-09-22T05:14:49.9989028Z   allow-unsafe-pr-checkout: false
2026-09-22T05:14:49.9989452Z ##[endgroup]
2026-09-22T05:14:50.0821549Z Syncing repository: kl3574/Learning_Workbench
2026-09-22T05:14:50.0822975Z ##[group]Getting Git version info
2026-09-22T05:14:50.0823406Z Working directory is '<CI_HOME>/work/Learning_Workbench/Learning_Workbench'
2026-09-22T05:14:50.0824382Z [command]/usr/bin/git version
2026-09-22T05:14:50.0846166Z git version 2.55.0
2026-09-22T05:14:50.0860530Z ##[endgroup]
2026-09-22T05:14:50.0870108Z Temporarily overriding HOME='<CI_HOME>/work/_temp/64a93dc1-595b-4b02-9b22-69e9e5d9c466' before making global git config changes
2026-09-22T05:14:50.0871490Z Adding repository directory to the temporary git global config as a safe directory
2026-09-22T05:14:50.0873840Z [command]/usr/bin/git config --global --add safe.directory <CI_HOME>/work/Learning_Workbench/Learning_Workbench
2026-09-22T05:14:50.1617250Z Deleting the contents of '<CI_HOME>/work/Learning_Workbench/Learning_Workbench'
2026-09-22T05:14:50.1619930Z ##[group]Determining repository object format
2026-09-22T05:14:50.1621222Z ##[endgroup]
2026-09-22T05:14:50.1621926Z ##[group]Initializing the repository
2026-09-22T05:14:50.1626169Z [command]/usr/bin/git init <CI_HOME>/work/Learning_Workbench/Learning_Workbench
2026-09-22T05:14:50.2440061Z hint: Using 'master' as the name for the initial branch. This default branch name
2026-09-22T05:14:50.2441226Z hint: will change to "main" in Git 3.0. To configure the initial branch name
2026-09-22T05:14:50.2442166Z hint: to use in all of your new repositories, which will suppress this warning,
2026-09-22T05:14:50.2442733Z hint: call:
2026-09-22T05:14:50.2443137Z hint:
2026-09-22T05:14:50.2443627Z hint: 	git config --global init.defaultBranch <name>
2026-09-22T05:14:50.2444137Z hint:
2026-09-22T05:14:50.2444663Z hint: Names commonly chosen instead of 'master' are 'main', 'trunk' and
2026-09-22T05:14:50.2445625Z hint: 'development'. The just-created branch can be renamed via this command:
2026-09-22T05:14:50.2446259Z hint:
2026-09-22T05:14:50.2446618Z hint: 	git branch -m <name>
2026-09-22T05:14:50.2447062Z hint:
2026-09-22T05:14:50.2447647Z hint: Disable this message with "git config set advice.defaultBranchName false"
2026-09-22T05:14:50.2452714Z Initialized empty Git repository in <CI_HOME>/work/Learning_Workbench/Learning_Workbench/.git/
2026-09-22T05:14:50.2462047Z [command]/usr/bin/git remote add origin https://github.com/kl3574/Learning_Workbench
2026-09-22T05:14:50.2793985Z ##[endgroup]
2026-09-22T05:14:50.2794847Z ##[group]Disabling automatic garbage collection
2026-09-22T05:14:50.2797871Z [command]/usr/bin/git config --local gc.auto 0
2026-09-22T05:14:50.2825556Z ##[endgroup]
2026-09-22T05:14:50.2826405Z ##[group]Setting up auth
2026-09-22T05:14:50.2826993Z Removing SSH command configuration
2026-09-22T05:14:50.2832047Z [command]/usr/bin/git config --local --name-only --get-regexp core\.sshCommand
2026-09-22T05:14:50.2857224Z [command]/usr/bin/git submodule foreach --recursive sh -c "git config --local --name-only --get-regexp 'core\.sshCommand' && git config --local --unset-all 'core.sshCommand' || :"
2026-09-22T05:14:50.5706683Z Removing HTTP extra header
2026-09-22T05:14:50.5718526Z [command]/usr/bin/git config --local --name-only --get-regexp http\.https\:\/\/github\.com\/\.extraheader
2026-09-22T05:14:50.5730360Z [command]/usr/bin/git submodule foreach --recursive sh -c "git config --local --name-only --get-regexp 'http\.https\:\/\/github\.com\/\.extraheader' && git config --local --unset-all 'http.https://github.com/.extraheader' || :"
2026-09-22T05:14:50.5916403Z Removing includeIf entries pointing to credentials config files
2026-09-22T05:14:50.5920853Z [command]/usr/bin/git config --local --name-only --get-regexp ^includeIf\.gitdir:
2026-09-22T05:14:50.5944121Z [command]/usr/bin/git submodule foreach --recursive git config --local --show-origin --name-only --get-regexp remote.origin.url
2026-09-22T05:14:50.6142640Z [command]/usr/bin/git config --file <CI_HOME>/work/_temp/git-credentials-7713c7b5-60ef-460a-89f0-02ddb6780109.config http.https://github.com/.extraheader AUTHORIZATION: basic ***
2026-09-22T05:14:50.6172299Z [command]/usr/bin/git config --local includeIf.gitdir:<CI_HOME>/work/Learning_Workbench/Learning_Workbench/.git.path <CI_HOME>/work/_temp/git-credentials-7713c7b5-60ef-460a-89f0-02ddb6780109.config
2026-09-22T05:14:50.6196186Z [command]/usr/bin/git config --local includeIf.gitdir:<CI_HOME>/work/Learning_Workbench/Learning_Workbench/.git/worktrees/*.path <CI_HOME>/work/_temp/git-credentials-7713c7b5-60ef-460a-89f0-02ddb6780109.config
2026-09-22T05:14:50.6236972Z [command]/usr/bin/git config --local includeIf.gitdir:/github/workspace/.git.path /github/runner_temp/git-credentials-7713c7b5-60ef-460a-89f0-02ddb6780109.config
2026-09-22T05:14:50.6259150Z [command]/usr/bin/git config --local includeIf.gitdir:/github/workspace/.git/worktrees/*.path /github/runner_temp/git-credentials-7713c7b5-60ef-460a-89f0-02ddb6780109.config
2026-09-22T05:14:50.6277436Z ##[endgroup]
2026-09-22T05:14:50.6277886Z ##[group]Fetching the repository
2026-09-22T05:14:50.6283240Z [command]/usr/bin/git -c protocol.version=2 fetch --no-tags --prune --no-recurse-submodules --depth=1 origin +89b9d2279364e83c2dbddd1b3418c8c206ec9845:refs/remotes/origin/feat/M6.2-candidate-review
2026-09-22T05:14:54.0786494Z From https://github.com/kl3574/Learning_Workbench
2026-09-22T05:14:54.0788277Z  * [new ref]         89b9d2279364e83c2dbddd1b3418c8c206ec9845 -> origin/feat/M6.2-candidate-review
2026-09-22T05:14:54.0796660Z [command]/usr/bin/git branch --list --remote origin/feat/M6.2-candidate-review
2026-09-22T05:14:54.0820508Z   origin/feat/M6.2-candidate-review
2026-09-22T05:14:54.0827372Z [command]/usr/bin/git rev-parse refs/remotes/origin/feat/M6.2-candidate-review
2026-09-22T05:14:54.0846827Z 89b9d2279364e83c2dbddd1b3418c8c206ec9845
2026-09-22T05:14:54.0849959Z ##[endgroup]
2026-09-22T05:14:54.0850838Z ##[group]Determining the checkout info
2026-09-22T05:14:54.0851670Z ##[endgroup]
2026-09-22T05:14:54.0853937Z [command]/usr/bin/git sparse-checkout disable
2026-09-22T05:14:54.2105672Z [command]/usr/bin/git config --local --unset-all extensions.worktreeConfig
2026-09-22T05:14:54.2134684Z ##[group]Checking out the ref
2026-09-22T05:14:54.2138651Z [command]/usr/bin/git checkout --progress --force -B feat/M6.2-candidate-review refs/remotes/origin/feat/M6.2-candidate-review
2026-09-22T05:14:54.9111221Z Switched to a new branch 'feat/M6.2-candidate-review'
2026-09-22T05:14:54.9112054Z branch 'feat/M6.2-candidate-review' set up to track 'origin/feat/M6.2-candidate-review'.
2026-09-22T05:14:54.9133502Z ##[endgroup]
2026-09-22T05:14:54.9178712Z [command]/usr/bin/git log -1 --format=%H
2026-09-22T05:14:54.9200074Z 89b9d2279364e83c2dbddd1b3418c8c206ec9845
2026-09-22T05:14:54.9414443Z ##[group]Run actions/setup-python@5fda3b95a4ea91299a34e894583c3862153e4b97
2026-09-22T05:14:54.9415030Z with:
2026-09-22T05:14:54.9415323Z   python-version: 3.12.13
2026-09-22T05:14:54.9415617Z   check-latest: false
2026-09-22T05:14:54.9417777Z   token: ***
2026-09-22T05:14:54.9418055Z   update-environment: true
2026-09-22T05:14:54.9418350Z   allow-prereleases: false
2026-09-22T05:14:54.9418611Z   freethreaded: false
2026-09-22T05:14:54.9418868Z ##[endgroup]
2026-09-22T05:14:55.0387611Z ##[group]Installed versions
2026-09-22T05:14:55.0398247Z Version 3.12.13 was not found in the local cache
2026-09-22T05:14:55.7561216Z Version 3.12.13 is available for downloading
2026-09-22T05:14:55.7562720Z Download from "https://github.com/actions/python-versions/releases/download/3.12.13-27650778726/python-3.12.13-linux-26.04-x64.tar.gz"
2026-09-22T05:14:56.3068382Z Extract downloaded archive
2026-09-22T05:14:56.3172828Z [command]/usr/bin/tar xz --warning=no-unknown-keyword --overwrite -C <CI_HOME>/work/_temp/02432d68-c8fd-4ec3-8363-18acfa8defc0 -f <CI_HOME>/work/_temp/aee573e0-e9d3-42bc-a21a-d3999e2bf431
2026-09-22T05:14:57.4655757Z Execute installation script
2026-09-22T05:14:57.4757160Z Check if Python hostedtoolcache folder exist...
2026-09-22T05:14:57.4761381Z Create Python 3.12.13 folder
2026-09-22T05:14:57.4777212Z Copy Python binaries to hostedtoolcache folder
2026-09-22T05:14:57.7010670Z Create additional symlinks (Required for the UsePythonVersion Azure Pipelines task and the setup-python GitHub Action)
2026-09-22T05:14:57.7089431Z Upgrading pip...
2026-09-22T05:14:59.4895132Z Collecting pip
2026-09-22T05:14:59.5536198Z Downloading pip-26.2.1-py3-none-any.whl.metadata (4.6 kB)
2026-09-22T05:14:59.5807658Z Downloading pip-26.2.1-py3-none-any.whl (1.8 MB)
2026-09-22T05:14:59.7585305Z ━━━━━━━━━━━━━━━━━━━━━━━━━━━━━━━━━━━━━━━━ 1.8/1.8 MB 11.2 MB/s eta 0:00:00
2026-09-22T05:14:59.7585826Z 
2026-09-22T05:14:59.8071214Z Installing collected packages: pip
2026-09-22T05:14:59.8071884Z Attempting uninstall: pip
2026-09-22T05:14:59.8087233Z Found existing installation: pip 25.0.1
2026-09-22T05:14:59.8272890Z Uninstalling pip-25.0.1:
2026-09-22T05:14:59.8310596Z Successfully uninstalled pip-25.0.1
2026-09-22T05:15:00.5265846Z Successfully installed pip-26.2.1
2026-09-22T05:15:00.5798875Z Create complete file
2026-09-22T05:15:00.5838446Z Successfully set up CPython (3.12.13)
2026-09-22T05:15:00.5839818Z ##[endgroup]
2026-09-22T05:15:00.5984063Z ##[group]Run actions/setup-node@820762786026740c76f36085b0efc47a31fe5020
2026-09-22T05:15:00.5984729Z with:
2026-09-22T05:15:00.5985196Z   node-version: 24.21.0
2026-09-22T05:15:00.5985466Z   check-latest: false
2026-09-22T05:15:00.5987799Z   token: ***
2026-09-22T05:15:00.5988051Z   package-manager-cache: true
2026-09-22T05:15:00.5988331Z env:
2026-09-22T05:15:00.5988672Z   pythonLocation: /opt/hostedtoolcache/Python/3.12.13/x64
2026-09-22T05:15:00.5989100Z   PKG_CONFIG_PATH: /opt/hostedtoolcache/Python/3.12.13/x64/lib/pkgconfig
2026-09-22T05:15:00.5989508Z   Python_ROOT_DIR: /opt/hostedtoolcache/Python/3.12.13/x64
2026-09-22T05:15:00.5989876Z   Python2_ROOT_DIR: /opt/hostedtoolcache/Python/3.12.13/x64
2026-09-22T05:15:00.5990269Z   Python3_ROOT_DIR: /opt/hostedtoolcache/Python/3.12.13/x64
2026-09-22T05:15:00.5990656Z   LD_LIBRARY_PATH: /opt/hostedtoolcache/Python/3.12.13/x64/lib
2026-09-22T05:15:00.5990980Z ##[endgroup]
2026-09-22T05:15:00.7136078Z Attempting to download 24.21.0...
2026-09-22T05:15:01.4176225Z Acquiring 24.21.0 - x64 from https://github.com/actions/node-versions/releases/download/24.21.0-34304089047/node-24.21.0-linux-x64.tar.gz
2026-09-22T05:15:01.8486736Z Extracting ...
2026-09-22T05:15:01.8579087Z [command]/usr/bin/tar xz --strip 1 --warning=no-unknown-keyword --overwrite -C <CI_HOME>/work/_temp/5365d183-788b-4072-aebb-7d4084aaaaaa -f <CI_HOME>/work/_temp/ca17b9af-8a23-4f6a-a0c8-b26551f5bfdf
2026-09-22T05:15:02.5520299Z Adding to the cache ...
2026-09-22T05:15:04.8683102Z ##[group]Environment details
2026-09-22T05:15:05.8263233Z node: v24.21.0
2026-09-22T05:15:05.8263599Z npm: 11.19.0
2026-09-22T05:15:05.8263839Z yarn: 1.22.22
2026-09-22T05:15:05.8264423Z ##[endgroup]
2026-09-22T05:15:05.8389972Z ##[group]Run python -m pip install uv==0.11.21
2026-09-22T05:15:05.8390462Z [36;1mpython -m pip install uv==0.11.21[0m
2026-09-22T05:15:06.0078984Z shell: /usr/bin/bash -e {0}
2026-09-22T05:15:06.0079401Z env:
2026-09-22T05:15:06.0079789Z   pythonLocation: /opt/hostedtoolcache/Python/3.12.13/x64
2026-09-22T05:15:06.0080320Z   PKG_CONFIG_PATH: /opt/hostedtoolcache/Python/3.12.13/x64/lib/pkgconfig
2026-09-22T05:15:06.0080770Z   Python_ROOT_DIR: /opt/hostedtoolcache/Python/3.12.13/x64
2026-09-22T05:15:06.0081189Z   Python2_ROOT_DIR: /opt/hostedtoolcache/Python/3.12.13/x64
2026-09-22T05:15:06.0081607Z   Python3_ROOT_DIR: /opt/hostedtoolcache/Python/3.12.13/x64
2026-09-22T05:15:06.0082053Z   LD_LIBRARY_PATH: /opt/hostedtoolcache/Python/3.12.13/x64/lib
2026-09-22T05:15:06.0082420Z ##[endgroup]
2026-09-22T05:15:07.2016910Z Collecting uv==0.11.21
2026-09-22T05:15:07.2596379Z   Downloading uv-0.11.21-py3-none-manylinux_2_17_x86_64.manylinux2014_x86_64.whl.metadata (11 kB)
2026-09-22T05:15:07.3281231Z Downloading uv-0.11.21-py3-none-manylinux_2_17_x86_64.manylinux2014_x86_64.whl (25.1 MB)
2026-09-22T05:15:07.6824310Z    ━━━━━━━━━━━━━━━━━━━━━━━━━━━━━━━━━━━━━━━━ 25.1/25.1 MB 78.6 MB/s  0:00:00
2026-09-22T05:15:07.7347963Z Installing collected packages: uv
2026-09-22T05:15:08.1523010Z Successfully installed uv-0.11.21
2026-09-22T05:15:08.2077342Z ##[group]Run uv sync --frozen
2026-09-22T05:15:08.2077708Z [36;1muv sync --frozen[0m
2026-09-22T05:15:08.2113333Z shell: /usr/bin/bash -e {0}
2026-09-22T05:15:08.2113654Z env:
2026-09-22T05:15:08.2114074Z   pythonLocation: /opt/hostedtoolcache/Python/3.12.13/x64
2026-09-22T05:15:08.2114548Z   PKG_CONFIG_PATH: /opt/hostedtoolcache/Python/3.12.13/x64/lib/pkgconfig
2026-09-22T05:15:08.2115183Z   Python_ROOT_DIR: /opt/hostedtoolcache/Python/3.12.13/x64
2026-09-22T05:15:08.2115581Z   Python2_ROOT_DIR: /opt/hostedtoolcache/Python/3.12.13/x64
2026-09-22T05:15:08.2115960Z   Python3_ROOT_DIR: /opt/hostedtoolcache/Python/3.12.13/x64
2026-09-22T05:15:08.2116394Z   LD_LIBRARY_PATH: /opt/hostedtoolcache/Python/3.12.13/x64/lib
2026-09-22T05:15:08.2116885Z ##[endgroup]
2026-09-22T05:15:08.3073238Z Using CPython 3.12.13 interpreter at: /opt/hostedtoolcache/Python/3.12.13/x64/bin/python3.12
2026-09-22T05:15:08.3074510Z Creating virtual environment at: .venv
2026-09-22T05:15:08.3926752Z Downloading ruff (9.9MiB)
2026-09-22T05:15:08.3928256Z Downloading pygments (1.2MiB)
2026-09-22T05:15:08.3929764Z Downloading pydantic-core (2.0MiB)
2026-09-22T05:15:08.3933435Z Downloading ast-serialize (1.3MiB)
2026-09-22T05:15:08.3941257Z Downloading mypy (14.6MiB)
2026-09-22T05:15:08.7229845Z  Downloaded pygments
2026-09-22T05:15:08.7255191Z  Downloaded ast-serialize
2026-09-22T05:15:08.7548463Z  Downloaded pydantic-core
2026-09-22T05:15:08.9115250Z  Downloaded ruff
2026-09-22T05:15:09.0671735Z  Downloaded mypy
2026-09-22T05:15:09.0937271Z Prepared 37 packages in 783ms
2026-09-22T05:15:09.3756332Z Installed 37 packages in 281ms
2026-09-22T05:15:09.3756927Z  + annotated-doc==0.0.5
2026-09-22T05:15:09.3757551Z  + annotated-types==0.8.0
2026-09-22T05:15:09.3758001Z  + anyio==4.15.1
2026-09-22T05:15:09.3758670Z  + ast-serialize==0.11.2
2026-09-22T05:15:09.3759139Z  + attrs==26.1.0
2026-09-22T05:15:09.3759658Z  + certifi==2026.7.22
2026-09-22T05:15:09.3760181Z  + click==8.5.0
2026-09-22T05:15:09.3760600Z  + defusedxml==0.7.1
2026-09-22T05:15:09.3761131Z  + fastapi==0.141.1
2026-09-22T05:15:09.3761551Z  + h11==0.16.0
2026-09-22T05:15:09.3762044Z  + httpcore==1.0.9
2026-09-22T05:15:09.3762556Z  + httpx==0.28.1
2026-09-22T05:15:09.3763003Z  + idna==3.19
2026-09-22T05:15:09.3763454Z  + iniconfig==2.3.0
2026-09-22T05:15:09.3763836Z  + jsonschema==4.26.0
2026-09-22T05:15:09.3764295Z  + jsonschema-specifications==2025.9.1
2026-09-22T05:15:09.3765399Z  + librt==0.15.0
2026-09-22T05:15:09.3766262Z  + markdown-it-py==4.2.0
2026-09-22T05:15:09.3766872Z  + mdurl==0.1.2
2026-09-22T05:15:09.3767294Z  + mypy==2.3.1
2026-09-22T05:15:09.3767847Z  + mypy-extensions==1.1.0
2026-09-22T05:15:09.3768479Z  + packaging==26.3
2026-09-22T05:15:09.3769282Z  + pathspec==1.1.1
2026-09-22T05:15:09.3769908Z  + pluggy==1.6.0
2026-09-22T05:15:09.3770477Z  + pydantic==2.13.5
2026-09-22T05:15:09.3770971Z  + pydantic-core==2.46.5
2026-09-22T05:15:09.3771771Z  + pygments==2.21.0
2026-09-22T05:15:09.3772154Z  + pypdf==6.18.1
2026-09-22T05:15:09.3772433Z  + pytest==9.1.1
2026-09-22T05:15:09.3772767Z  + python-multipart==0.0.32
2026-09-22T05:15:09.3773202Z  + referencing==0.37.0
2026-09-22T05:15:09.3773696Z  + rpds-py==2026.6.3
2026-09-22T05:15:09.3774196Z  + ruff==0.16.7
2026-09-22T05:15:09.3774489Z  + starlette==1.6.0
2026-09-22T05:15:09.3775200Z  + typing-extensions==4.16.0
2026-09-22T05:15:09.3775607Z  + typing-inspection==0.4.4
2026-09-22T05:15:09.3776098Z  + uvicorn==0.53.0
2026-09-22T05:15:09.3844673Z ##[group]Run sudo apt-get update
2026-09-22T05:15:09.3845649Z [36;1msudo apt-get update[0m
2026-09-22T05:15:09.3846516Z [36;1msudo apt-get install -y bubblewrap=0.11.1-1ubuntu0.1 apparmor=5.0.2-0ubuntu1~26.04.1 libapparmor1=5.0.2-0ubuntu1~26.04.1 libseccomp2=2.6.0-2ubuntu5[0m
2026-09-22T05:15:09.3847456Z [36;1mdpkg-query -W bubblewrap apparmor libapparmor1 libseccomp2[0m
2026-09-22T05:15:09.3848110Z [36;1mtest -f /etc/apparmor.d/bwrap-userns-restrict[0m
2026-09-22T05:15:09.3848652Z [36;1mbwrap --version[0m
2026-09-22T05:15:09.3893293Z shell: /usr/bin/bash -e {0}
2026-09-22T05:15:09.3893652Z env:
2026-09-22T05:15:09.3894012Z   pythonLocation: /opt/hostedtoolcache/Python/3.12.13/x64
2026-09-22T05:15:09.3894456Z   PKG_CONFIG_PATH: /opt/hostedtoolcache/Python/3.12.13/x64/lib/pkgconfig
2026-09-22T05:15:09.3895050Z   Python_ROOT_DIR: /opt/hostedtoolcache/Python/3.12.13/x64
2026-09-22T05:15:09.3895494Z   Python2_ROOT_DIR: /opt/hostedtoolcache/Python/3.12.13/x64
2026-09-22T05:15:09.3896015Z   Python3_ROOT_DIR: /opt/hostedtoolcache/Python/3.12.13/x64
2026-09-22T05:15:09.3896416Z   LD_LIBRARY_PATH: /opt/hostedtoolcache/Python/3.12.13/x64/lib
2026-09-22T05:15:09.3896756Z ##[endgroup]
2026-09-22T05:15:09.5669004Z Get:1 file:/etc/apt/apt-mirrors.txt Mirrorlist [144 B]
2026-09-22T05:15:09.5991425Z Get:6 https://packages.microsoft.com/ubuntu/26.04/prod resolute InRelease [3964 B]
2026-09-22T05:15:09.6726613Z Hit:2 http://azure.archive.ubuntu.com/ubuntu resolute InRelease
2026-09-22T05:15:09.6813163Z Get:3 http://azure.archive.ubuntu.com/ubuntu resolute-updates InRelease [137 kB]
2026-09-22T05:15:09.6981487Z Get:4 http://azure.archive.ubuntu.com/ubuntu resolute-backports InRelease [137 kB]
2026-09-22T05:15:09.7310187Z Get:5 http://azure.archive.ubuntu.com/ubuntu resolute-security InRelease [137 kB]
2026-09-22T05:15:09.8010790Z Get:7 https://dl.google.com/linux/chrome-stable/deb stable InRelease [2548 B]
2026-09-22T05:15:10.0060442Z Get:8 https://packages.microsoft.com/ubuntu/26.04/prod resolute/main arm64 Packages [57.7 kB]
2026-09-22T05:15:10.0101120Z Get:9 http://azure.archive.ubuntu.com/ubuntu resolute-updates/main amd64v3 Packages [642 kB]
2026-09-22T05:15:10.0359102Z Get:10 http://azure.archive.ubuntu.com/ubuntu resolute-updates/main Translation-en [153 kB]
2026-09-22T05:15:10.0462869Z Get:30 https://packages.microsoft.com/ubuntu/26.04/prod resolute/main amd64 Packages [66.1 kB]
2026-09-22T05:15:10.0731142Z Get:11 http://azure.archive.ubuntu.com/ubuntu resolute-updates/main amd64 Components [97.8 kB]
2026-09-22T05:15:10.0833688Z Get:31 https://dl.google.com/linux/chrome-stable/deb stable/main amd64 Packages [1411 B]
2026-09-22T05:15:10.0879726Z Get:12 http://azure.archive.ubuntu.com/ubuntu resolute-updates/universe amd64v3 Packages [295 kB]
2026-09-22T05:15:10.2140391Z Get:13 http://azure.archive.ubuntu.com/ubuntu resolute-updates/universe Translation-en [94.0 kB]
2026-09-22T05:15:10.2150944Z Get:14 http://azure.archive.ubuntu.com/ubuntu resolute-updates/universe amd64 Components [188 kB]
2026-09-22T05:15:10.2648693Z Get:15 http://azure.archive.ubuntu.com/ubuntu resolute-updates/restricted amd64v3 Packages [432 kB]
2026-09-22T05:15:10.2959369Z Get:16 http://azure.archive.ubuntu.com/ubuntu resolute-updates/restricted Translation-en [84.5 kB]
2026-09-22T05:15:10.2971347Z Get:17 http://azure.archive.ubuntu.com/ubuntu resolute-updates/multiverse amd64v3 Packages [11.6 kB]
2026-09-22T05:15:10.3147992Z Get:18 http://azure.archive.ubuntu.com/ubuntu resolute-updates/multiverse Translation-en [3172 B]
2026-09-22T05:15:10.3636942Z Get:19 http://azure.archive.ubuntu.com/ubuntu resolute-backports/universe amd64 Components [1056 B]
2026-09-22T05:15:10.4072727Z Get:20 http://azure.archive.ubuntu.com/ubuntu resolute-security/main amd64v3 Packages [502 kB]
2026-09-22T05:15:10.4414049Z Get:21 http://azure.archive.ubuntu.com/ubuntu resolute-security/main Translation-en [117 kB]
2026-09-22T05:15:10.4418817Z Get:22 http://azure.archive.ubuntu.com/ubuntu resolute-security/main amd64 Components [46.6 kB]
2026-09-22T05:15:10.4958954Z Get:23 http://azure.archive.ubuntu.com/ubuntu resolute-security/universe amd64v3 Packages [174 kB]
2026-09-22T05:15:10.5047893Z Get:24 http://azure.archive.ubuntu.com/ubuntu resolute-security/universe Translation-en [54.8 kB]
2026-09-22T05:15:10.5055335Z Get:25 http://azure.archive.ubuntu.com/ubuntu resolute-security/universe amd64 Components [43.4 kB]
2026-09-22T05:15:10.5250682Z Get:26 http://azure.archive.ubuntu.com/ubuntu resolute-security/restricted amd64v3 Packages [418 kB]
2026-09-22T05:15:10.5292515Z Get:27 http://azure.archive.ubuntu.com/ubuntu resolute-security/restricted Translation-en [81.5 kB]
2026-09-22T05:15:10.6455118Z Get:28 http://azure.archive.ubuntu.com/ubuntu resolute-security/multiverse amd64v3 Packages [10.9 kB]
2026-09-22T05:15:10.6792735Z Get:29 http://azure.archive.ubuntu.com/ubuntu resolute-security/multiverse Translation-en [2844 B]
2026-09-22T05:15:21.5024614Z Fetched 3996 kB in 1s (3224 kB/s)
2026-09-22T05:15:22.0669018Z Reading package lists...
2026-09-22T05:15:22.0988330Z Reading package lists...
2026-09-22T05:15:22.2093565Z Building dependency tree...
2026-09-22T05:15:22.2099411Z Reading state information...
2026-09-22T05:15:22.2394831Z bubblewrap is already the newest version (0.11.1-1ubuntu0.1).
2026-09-22T05:15:22.2395606Z bubblewrap set to manually installed.
2026-09-22T05:15:22.2396564Z apparmor is already the newest version (5.0.2-0ubuntu1~26.04.1).
2026-09-22T05:15:22.2397075Z apparmor set to manually installed.
2026-09-22T05:15:22.2397531Z libapparmor1 is already the newest version (5.0.2-0ubuntu1~26.04.1).
2026-09-22T05:15:22.2397964Z libapparmor1 set to manually installed.
2026-09-22T05:15:22.2398373Z libseccomp2 is already the newest version (2.6.0-2ubuntu5).
2026-09-22T05:15:22.2398791Z libseccomp2 set to manually installed.
2026-09-22T05:15:22.2801712Z Solving dependencies...
2026-09-22T05:15:22.3929007Z 0 upgraded, 0 newly installed, 0 to remove and 101 not upgraded.
2026-09-22T05:15:22.4240929Z apparmor	5.0.2-0ubuntu1~26.04.1
2026-09-22T05:15:22.4242039Z bubblewrap	0.11.1-1ubuntu0.1
2026-09-22T05:15:22.4242420Z libapparmor1:amd64	5.0.2-0ubuntu1~26.04.1
2026-09-22T05:15:22.4242796Z libseccomp2:amd64	2.6.0-2ubuntu5
2026-09-22T05:15:22.4478522Z bubblewrap 0.11.1
2026-09-22T05:15:22.4508761Z ##[group]Run npm ci --prefix apps/web
2026-09-22T05:15:22.4509161Z [36;1mnpm ci --prefix apps/web[0m
2026-09-22T05:15:22.4542993Z shell: /usr/bin/bash -e {0}
2026-09-22T05:15:22.4543310Z env:
2026-09-22T05:15:22.4543649Z   pythonLocation: /opt/hostedtoolcache/Python/3.12.13/x64
2026-09-22T05:15:22.4544102Z   PKG_CONFIG_PATH: /opt/hostedtoolcache/Python/3.12.13/x64/lib/pkgconfig
2026-09-22T05:15:22.4544530Z   Python_ROOT_DIR: /opt/hostedtoolcache/Python/3.12.13/x64
2026-09-22T05:15:22.4545079Z   Python2_ROOT_DIR: /opt/hostedtoolcache/Python/3.12.13/x64
2026-09-22T05:15:22.4545472Z   Python3_ROOT_DIR: /opt/hostedtoolcache/Python/3.12.13/x64
2026-09-22T05:15:22.4545865Z   LD_LIBRARY_PATH: /opt/hostedtoolcache/Python/3.12.13/x64/lib
2026-09-22T05:15:22.4546220Z ##[endgroup]
2026-09-22T05:15:27.4927703Z 
2026-09-22T05:15:27.4928581Z added 236 packages, and audited 237 packages in 5s
2026-09-22T05:15:27.4929166Z 
2026-09-22T05:15:27.4929458Z 118 packages are looking for funding
2026-09-22T05:15:27.4930130Z   run `npm fund` for details
2026-09-22T05:15:27.4939041Z 
2026-09-22T05:15:27.4939668Z found 0 vulnerabilities
2026-09-22T05:15:27.5158038Z ##[group]Run npm --prefix apps/web exec -- playwright install --with-deps chromium
2026-09-22T05:15:27.5158713Z [36;1mnpm --prefix apps/web exec -- playwright install --with-deps chromium[0m
2026-09-22T05:15:27.5197182Z shell: /usr/bin/bash -e {0}
2026-09-22T05:15:27.5197563Z env:
2026-09-22T05:15:27.5198029Z   pythonLocation: /opt/hostedtoolcache/Python/3.12.13/x64
2026-09-22T05:15:27.5198545Z   PKG_CONFIG_PATH: /opt/hostedtoolcache/Python/3.12.13/x64/lib/pkgconfig
2026-09-22T05:15:27.5199230Z   Python_ROOT_DIR: /opt/hostedtoolcache/Python/3.12.13/x64
2026-09-22T05:15:27.5199755Z   Python2_ROOT_DIR: /opt/hostedtoolcache/Python/3.12.13/x64
2026-09-22T05:15:27.5200192Z   Python3_ROOT_DIR: /opt/hostedtoolcache/Python/3.12.13/x64
2026-09-22T05:15:27.5200637Z   LD_LIBRARY_PATH: /opt/hostedtoolcache/Python/3.12.13/x64/lib
2026-09-22T05:15:27.5200994Z ##[endgroup]
2026-09-22T05:15:28.0920904Z Installing dependencies...
2026-09-22T05:15:28.0986517Z Switching to root user to install dependencies...
2026-09-22T05:15:28.2096374Z Get:1 file:/etc/apt/apt-mirrors.txt Mirrorlist [144 B]
2026-09-22T05:15:28.2569506Z Hit:6 https://packages.microsoft.com/ubuntu/26.04/prod resolute InRelease
2026-09-22T05:15:28.2576067Z Hit:2 http://azure.archive.ubuntu.com/ubuntu resolute InRelease
2026-09-22T05:15:28.2595172Z Hit:3 http://azure.archive.ubuntu.com/ubuntu resolute-updates InRelease
2026-09-22T05:15:28.2596639Z Hit:4 http://azure.archive.ubuntu.com/ubuntu resolute-backports InRelease
2026-09-22T05:15:28.2597710Z Hit:5 http://azure.archive.ubuntu.com/ubuntu resolute-security InRelease
2026-09-22T05:15:28.3096229Z Hit:7 https://dl.google.com/linux/chrome-stable/deb stable InRelease
2026-09-22T05:15:28.9614704Z Reading package lists...
2026-09-22T05:15:28.9803619Z Reading package lists...
2026-09-22T05:15:29.0817477Z Building dependency tree...
2026-09-22T05:15:29.0823153Z Reading state information...
2026-09-22T05:15:29.1125404Z libasound2t64 is already the newest version (1.2.15.3-1ubuntu1.1).
2026-09-22T05:15:29.1126769Z libasound2t64 set to manually installed.
2026-09-22T05:15:29.1127228Z libatk-bridge2.0-0t64 is already the newest version (2.60.4-0ubuntu0.1).
2026-09-22T05:15:29.1127682Z libatk-bridge2.0-0t64 set to manually installed.
2026-09-22T05:15:29.1128166Z libatk1.0-0t64 is already the newest version (2.60.4-0ubuntu0.1).
2026-09-22T05:15:29.1128573Z libatk1.0-0t64 set to manually installed.
2026-09-22T05:15:29.1129079Z libatspi2.0-0t64 is already the newest version (2.60.4-0ubuntu0.1).
2026-09-22T05:15:29.1129498Z libatspi2.0-0t64 set to manually installed.
2026-09-22T05:15:29.1129873Z libcairo2 is already the newest version (1.18.4-3).
2026-09-22T05:15:29.1130283Z libcairo2 set to manually installed.
2026-09-22T05:15:29.1130693Z libcups2t64 is already the newest version (2.4.16-1ubuntu1.3).
2026-09-22T05:15:29.1131158Z libcups2t64 set to manually installed.
2026-09-22T05:15:29.1131559Z libdbus-1-3 is already the newest version (1.16.2-2ubuntu4).
2026-09-22T05:15:29.1131942Z libdbus-1-3 set to manually installed.
2026-09-22T05:15:29.1132334Z libdrm2 is already the newest version (2.4.131-1).
2026-09-22T05:15:29.1132725Z libdrm2 set to manually installed.
2026-09-22T05:15:29.1133121Z libgbm1 is already the newest version (26.0.8-1ubuntu0.3).
2026-09-22T05:15:29.1133546Z libgbm1 set to manually installed.
2026-09-22T05:15:29.1133926Z libnspr4 is already the newest version (2:4.38.2-1ubuntu1).
2026-09-22T05:15:29.1134338Z libnspr4 set to manually installed.
2026-09-22T05:15:29.1134749Z libnss3 is already the newest version (2:3.120-1ubuntu2.1).
2026-09-22T05:15:29.1135393Z libnss3 set to manually installed.
2026-09-22T05:15:29.1135822Z libpango-1.0-0 is already the newest version (1.57.0-1).
2026-09-22T05:15:29.1136192Z libpango-1.0-0 set to manually installed.
2026-09-22T05:15:29.1136596Z libx11-6 is already the newest version (2:1.8.13-1).
2026-09-22T05:15:29.1136972Z libx11-6 set to manually installed.
2026-09-22T05:15:29.1137346Z libxcb1 is already the newest version (1.17.0-2ubuntu1).
2026-09-22T05:15:29.1137960Z libxcb1 set to manually installed.
2026-09-22T05:15:29.1138349Z libxcomposite1 is already the newest version (1:0.4.6-1build1).
2026-09-22T05:15:29.1138789Z libxcomposite1 set to manually installed.
2026-09-22T05:15:29.1139199Z libxdamage1 is already the newest version (1:1.1.7-1).
2026-09-22T05:15:29.1139574Z libxdamage1 set to manually installed.
2026-09-22T05:15:29.1139976Z libxext6 is already the newest version (2:1.3.4-1build3).
2026-09-22T05:15:29.1140370Z libxext6 set to manually installed.
2026-09-22T05:15:29.1140805Z libxfixes3 is already the newest version (1:6.0.0-2build2).
2026-09-22T05:15:29.1141193Z libxfixes3 set to manually installed.
2026-09-22T05:15:29.1141575Z libxkbcommon0 is already the newest version (1.13.1-1).
2026-09-22T05:15:29.1141961Z libxkbcommon0 set to manually installed.
2026-09-22T05:15:29.1142375Z libxrandr2 is already the newest version (2:1.5.4-1build1).
2026-09-22T05:15:29.1142802Z libxrandr2 set to manually installed.
2026-09-22T05:15:29.1143194Z xvfb is already the newest version (2:21.1.22-1ubuntu1).
2026-09-22T05:15:29.1143661Z fonts-noto-color-emoji is already the newest version (2.051-1build1).
2026-09-22T05:15:29.1144151Z libfontconfig1 is already the newest version (2.17.1-3ubuntu1).
2026-09-22T05:15:29.1144582Z libfontconfig1 set to manually installed.
2026-09-22T05:15:29.1145249Z libfreetype6 is already the newest version (2.14.2+dfsg-1ubuntu0.1).
2026-09-22T05:15:29.1145798Z libfreetype6 set to manually installed.
2026-09-22T05:15:29.1146226Z fonts-liberation is already the newest version (1:2.1.5-3build1).
2026-09-22T05:15:29.1146646Z fonts-liberation set to manually installed.
2026-09-22T05:15:29.1491923Z Solving dependencies...
2026-09-22T05:15:29.2300678Z The following additional packages will be installed:
2026-09-22T05:15:29.2301680Z   gir1.2-girepository-3.0 gir1.2-glib-2.0 libgirepository-2.0-0 libglib2.0-bin
2026-09-22T05:15:29.2306522Z   libglib2.0-data xfonts-encodings xfonts-utils
2026-09-22T05:15:29.2312596Z Recommended packages:
2026-09-22T05:15:29.2313136Z   fonts-ipafont-mincho fonts-tlwg-loma
2026-09-22T05:15:29.2533584Z The following NEW packages will be installed:
2026-09-22T05:15:29.2534440Z   fonts-freefont-ttf fonts-ipafont-gothic fonts-tlwg-loma-otf fonts-unifont
2026-09-22T05:15:29.2538660Z   fonts-wqy-zenhei xfonts-cyrillic xfonts-encodings xfonts-scalable
2026-09-22T05:15:29.2539310Z   xfonts-utils
2026-09-22T05:15:29.2541934Z The following packages will be upgraded:
2026-09-22T05:15:29.2543155Z   gir1.2-girepository-3.0 gir1.2-glib-2.0 libgirepository-2.0-0
2026-09-22T05:15:29.2547901Z   libglib2.0-0t64 libglib2.0-bin libglib2.0-data
2026-09-22T05:15:29.2698212Z 6 upgraded, 9 newly installed, 0 to remove and 96 not upgraded.
2026-09-22T05:15:29.2698820Z Need to get 23.9 MB of archives.
2026-09-22T05:15:29.2699396Z After this operation, 80.2 MB of additional disk space will be used.
2026-09-22T05:15:29.2699977Z Get:1 file:/etc/apt/apt-mirrors.txt Mirrorlist [144 B]
2026-09-22T05:15:29.3405771Z Get:2 http://azure.archive.ubuntu.com/ubuntu resolute/universe amd64v3 fonts-ipafont-gothic all 00303-23ubuntu1 [3703 kB]
2026-09-22T05:15:29.3996744Z Get:3 http://azure.archive.ubuntu.com/ubuntu resolute-updates/main amd64v3 libglib2.0-data all 2.88.0-1ubuntu0.1 [38.5 kB]
2026-09-22T05:15:29.4276143Z Get:4 http://azure.archive.ubuntu.com/ubuntu resolute-updates/main amd64v3 libglib2.0-bin amd64 2.88.0-1ubuntu0.1 [99.5 kB]
2026-09-22T05:15:29.4559351Z Get:5 http://azure.archive.ubuntu.com/ubuntu resolute-updates/main amd64v3 gir1.2-girepository-3.0 amd64 2.88.0-1ubuntu0.1 [25.2 kB]
2026-09-22T05:15:29.4838527Z Get:6 http://azure.archive.ubuntu.com/ubuntu resolute-updates/main amd64v3 libgirepository-2.0-0 amd64 2.88.0-1ubuntu0.1 [76.1 kB]
2026-09-22T05:15:29.5118852Z Get:7 http://azure.archive.ubuntu.com/ubuntu resolute-updates/main amd64v3 gir1.2-glib-2.0 amd64 2.88.0-1ubuntu0.1 [183 kB]
2026-09-22T05:15:29.5407892Z Get:8 http://azure.archive.ubuntu.com/ubuntu resolute-updates/main amd64v3 libglib2.0-0t64 amd64 2.88.0-1ubuntu0.1 [1602 kB]
2026-09-22T05:15:29.5760323Z Get:9 http://azure.archive.ubuntu.com/ubuntu resolute/main amd64v3 fonts-freefont-ttf all 20211204+svn4273-4build1 [5656 kB]
2026-09-22T05:15:29.6593341Z Get:10 http://azure.archive.ubuntu.com/ubuntu resolute/universe amd64v3 fonts-tlwg-loma-otf all 1:0.7.3-1build1 [106 kB]
2026-09-22T05:15:29.6877424Z Get:11 http://azure.archive.ubuntu.com/ubuntu resolute/universe amd64v3 fonts-unifont all 1:16.0.04-1build1 [3169 kB]
2026-09-22T05:15:29.7509984Z Get:12 http://azure.archive.ubuntu.com/ubuntu resolute/universe amd64v3 fonts-wqy-zenhei all 0.9.45-8build1 [7863 kB]
2026-09-22T05:15:29.8623738Z Get:13 http://azure.archive.ubuntu.com/ubuntu resolute/main amd64v3 xfonts-encodings all 1:1.0.5-0ubuntu3 [576 kB]
2026-09-22T05:15:29.8990041Z Get:14 http://azure.archive.ubuntu.com/ubuntu resolute/main amd64v3 xfonts-utils amd64 1:7.7+7build1 [97.3 kB]
2026-09-22T05:15:29.9334818Z Get:15 http://azure.archive.ubuntu.com/ubuntu resolute/universe amd64v3 xfonts-cyrillic all 1:1.0.5+nmu1build1 [384 kB]
2026-09-22T05:15:29.9692650Z Get:16 http://azure.archive.ubuntu.com/ubuntu resolute/universe amd64v3 xfonts-scalable all 1:1.0.3-1.3build1 [304 kB]
2026-09-22T05:15:31.6417019Z Fetched 23.9 MB in 1s (33.7 MB/s)
2026-09-22T05:15:31.7446255Z Selecting previously unselected package fonts-ipafont-gothic.
2026-09-22T05:15:31.7918975Z (Reading database ... 
2026-09-22T05:15:31.7920028Z (Reading database ... 5%
2026-09-22T05:15:31.7920538Z (Reading database ... 10%
2026-09-22T05:15:31.7921010Z (Reading database ... 15%
2026-09-22T05:15:31.7921424Z (Reading database ... 20%
2026-09-22T05:15:31.7921742Z (Reading database ... 25%
2026-09-22T05:15:31.7922091Z (Reading database ... 30%
2026-09-22T05:15:31.7922372Z (Reading database ... 35%
2026-09-22T05:15:31.7922670Z (Reading database ... 40%
2026-09-22T05:15:31.7922999Z (Reading database ... 45%
2026-09-22T05:15:31.7923289Z (Reading database ... 50%
2026-09-22T05:15:33.0500609Z (Reading database ... 55%
2026-09-22T05:15:34.1248175Z (Reading database ... 60%
2026-09-22T05:15:35.7637589Z (Reading database ... 65%
2026-09-22T05:15:36.4386698Z (Reading database ... 70%
2026-09-22T05:15:37.8096007Z (Reading database ... 75%
2026-09-22T05:15:39.1668350Z (Reading database ... 80%
2026-09-22T05:15:41.1008472Z (Reading database ... 85%
2026-09-22T05:15:42.1728424Z (Reading database ... 90%
2026-09-22T05:15:43.5572686Z (Reading database ... 95%
2026-09-22T05:15:43.5573183Z (Reading database ... 100%
2026-09-22T05:15:43.5573726Z (Reading database ... 209256 files and directories currently installed.)
2026-09-22T05:15:43.5614818Z Preparing to unpack .../00-fonts-ipafont-gothic_00303-23ubuntu1_all.deb ...
2026-09-22T05:15:43.6136444Z Unpacking fonts-ipafont-gothic (00303-23ubuntu1) ...
2026-09-22T05:15:43.9214243Z Preparing to unpack .../01-libglib2.0-data_2.88.0-1ubuntu0.1_all.deb ...
2026-09-22T05:15:43.9242217Z Unpacking libglib2.0-data (2.88.0-1ubuntu0.1) over (2.88.0-1) ...
2026-09-22T05:15:43.9582875Z Preparing to unpack .../02-libglib2.0-bin_2.88.0-1ubuntu0.1_amd64v3.deb ...
2026-09-22T05:15:44.1260083Z Unpacking libglib2.0-bin (2.88.0-1ubuntu0.1) over (2.88.0-1) ...
2026-09-22T05:15:44.3315046Z Preparing to unpack .../03-gir1.2-girepository-3.0_2.88.0-1ubuntu0.1_amd64v3.deb ...
2026-09-22T05:15:44.3895344Z Unpacking gir1.2-girepository-3.0:amd64 (2.88.0-1ubuntu0.1) over (2.88.0-1) ...
2026-09-22T05:15:44.7829655Z Preparing to unpack .../04-libgirepository-2.0-0_2.88.0-1ubuntu0.1_amd64v3.deb ...
2026-09-22T05:15:44.7967457Z Unpacking libgirepository-2.0-0:amd64 (2.88.0-1ubuntu0.1) over (2.88.0-1) ...
2026-09-22T05:15:44.8267706Z Preparing to unpack .../05-gir1.2-glib-2.0_2.88.0-1ubuntu0.1_amd64v3.deb ...
2026-09-22T05:15:44.8294116Z Unpacking gir1.2-glib-2.0:amd64 (2.88.0-1ubuntu0.1) over (2.88.0-1) ...
2026-09-22T05:15:45.0687118Z Preparing to unpack .../06-libglib2.0-0t64_2.88.0-1ubuntu0.1_amd64v3.deb ...
2026-09-22T05:15:45.0799174Z Unpacking libglib2.0-0t64:amd64 (2.88.0-1ubuntu0.1) over (2.88.0-1) ...
2026-09-22T05:15:45.4947895Z Selecting previously unselected package fonts-freefont-ttf.
2026-09-22T05:15:45.5064259Z Preparing to unpack .../07-fonts-freefont-ttf_20211204+svn4273-4build1_all.deb ...
2026-09-22T05:15:45.5076832Z Unpacking fonts-freefont-ttf (20211204+svn4273-4build1) ...
2026-09-22T05:15:45.7351011Z Selecting previously unselected package fonts-tlwg-loma-otf.
2026-09-22T05:15:45.7462612Z Preparing to unpack .../08-fonts-tlwg-loma-otf_1%3a0.7.3-1build1_all.deb ...
2026-09-22T05:15:45.7475734Z Unpacking fonts-tlwg-loma-otf (1:0.7.3-1build1) ...
2026-09-22T05:15:45.9421562Z Selecting previously unselected package fonts-unifont.
2026-09-22T05:15:45.9531417Z Preparing to unpack .../09-fonts-unifont_1%3a16.0.04-1build1_all.deb ...
2026-09-22T05:15:45.9931632Z Unpacking fonts-unifont (1:16.0.04-1build1) ...
2026-09-22T05:15:46.3962219Z Selecting previously unselected package fonts-wqy-zenhei.
2026-09-22T05:15:46.4072723Z Preparing to unpack .../10-fonts-wqy-zenhei_0.9.45-8build1_all.deb ...
2026-09-22T05:15:46.4240639Z Unpacking fonts-wqy-zenhei (0.9.45-8build1) ...
2026-09-22T05:15:46.8816246Z Selecting previously unselected package xfonts-encodings.
2026-09-22T05:15:46.8926108Z Preparing to unpack .../11-xfonts-encodings_1%3a1.0.5-0ubuntu3_all.deb ...
2026-09-22T05:15:46.8937500Z Unpacking xfonts-encodings (1:1.0.5-0ubuntu3) ...
2026-09-22T05:15:46.9560675Z Selecting previously unselected package xfonts-utils.
2026-09-22T05:15:46.9670721Z Preparing to unpack .../12-xfonts-utils_1%3a7.7+7build1_amd64v3.deb ...
2026-09-22T05:15:46.9681993Z Unpacking xfonts-utils (1:7.7+7build1) ...
2026-09-22T05:15:47.1323387Z Selecting previously unselected package xfonts-cyrillic.
2026-09-22T05:15:47.1433091Z Preparing to unpack .../13-xfonts-cyrillic_1%3a1.0.5+nmu1build1_all.deb ...
2026-09-22T05:15:47.1445735Z Unpacking xfonts-cyrillic (1:1.0.5+nmu1build1) ...
2026-09-22T05:15:47.6273881Z Selecting previously unselected package xfonts-scalable.
2026-09-22T05:15:47.6390193Z Preparing to unpack .../14-xfonts-scalable_1%3a1.0.3-1.3build1_all.deb ...
2026-09-22T05:15:47.6402177Z Unpacking xfonts-scalable (1:1.0.3-1.3build1) ...
2026-09-22T05:15:47.7187465Z Setting up fonts-wqy-zenhei (0.9.45-8build1) ...
2026-09-22T05:15:47.7322373Z Setting up fonts-freefont-ttf (20211204+svn4273-4build1) ...
2026-09-22T05:15:47.7346754Z Setting up libglib2.0-0t64:amd64 (2.88.0-1ubuntu0.1) ...
2026-09-22T05:15:47.7634341Z Setting up libglib2.0-data (2.88.0-1ubuntu0.1) ...
2026-09-22T05:15:47.7660998Z Setting up fonts-tlwg-loma-otf (1:0.7.3-1build1) ...
2026-09-22T05:15:48.0060939Z Setting up xfonts-encodings (1:1.0.5-0ubuntu3) ...
2026-09-22T05:15:48.0129450Z Setting up gir1.2-glib-2.0:amd64 (2.88.0-1ubuntu0.1) ...
2026-09-22T05:15:48.0162402Z Setting up fonts-ipafont-gothic (00303-23ubuntu1) ...
2026-09-22T05:15:48.0297585Z update-alternatives: using /usr/share/fonts/opentype/ipafont-gothic/ipag.ttf to provide /usr/share/fonts/truetype/fonts-japanese-gothic.ttf (fonts-japanese-gothic.ttf) in auto mode
2026-09-22T05:15:48.0341011Z Setting up fonts-unifont (1:16.0.04-1build1) ...
2026-09-22T05:15:48.0365116Z Setting up libgirepository-2.0-0:amd64 (2.88.0-1ubuntu0.1) ...
2026-09-22T05:15:48.0447864Z Setting up libglib2.0-bin (2.88.0-1ubuntu0.1) ...
2026-09-22T05:15:48.0522094Z Setting up xfonts-utils (1:7.7+7build1) ...
2026-09-22T05:15:48.0585746Z Setting up gir1.2-girepository-3.0:amd64 (2.88.0-1ubuntu0.1) ...
2026-09-22T05:15:48.0769647Z Setting up xfonts-cyrillic (1:1.0.5+nmu1build1) ...
2026-09-22T05:15:48.1711456Z Setting up xfonts-scalable (1:1.0.3-1.3build1) ...
2026-09-22T05:15:48.3739856Z Processing triggers for libc-bin (2.43-2ubuntu2.3) ...
2026-09-22T05:15:51.7101610Z Processing triggers for man-db (2.13.1-1build1) ...
2026-09-22T05:15:51.7150088Z Not building database; man-db/auto-update is not 'true'.
2026-09-22T05:15:51.7319162Z Processing triggers for fontconfig (2.17.1-3ubuntu1) ...
2026-09-22T05:15:53.3917221Z 
2026-09-22T05:15:53.3918560Z Running kernel seems to be up-to-date.
2026-09-22T05:15:53.3919054Z 
2026-09-22T05:15:53.3919750Z Restarting services...
2026-09-22T05:15:53.4357445Z  systemctl restart packagekit.service php8.5-fpm.service polkit.service udisks2.service
2026-09-22T05:15:53.5465889Z 
2026-09-22T05:15:53.5466602Z Service restarts being deferred:
2026-09-22T05:15:53.5467265Z  systemctl restart ModemManager.service
2026-09-22T05:15:53.5467775Z  systemctl restart hosted-compute-agent.service
2026-09-22T05:15:53.5468239Z  systemctl restart networkd-dispatcher.service
2026-09-22T05:15:53.5468541Z 
2026-09-22T05:15:53.5468784Z No containers need to be restarted.
2026-09-22T05:15:53.5469020Z 
2026-09-22T05:15:53.5469284Z No user sessions are running outdated binaries.
2026-09-22T05:15:53.5469595Z 
2026-09-22T05:15:53.5469900Z No VM guests are running outdated hypervisor (qemu) binaries on this host.
2026-09-22T05:15:54.2687188Z Downloading Chrome for Testing 153.0.8010.12 (playwright chromium v1243) from https://cdn.playwright.dev/builds/cft/153.0.8010.12/linux64/chrome-linux64.zip
2026-09-22T05:15:54.6617465Z |                                                                                |   0% of 186.8 MiB
2026-09-22T05:15:54.9151078Z |■■■■■■■■                                                                        |  10% of 186.8 MiB
2026-09-22T05:15:54.9681768Z |■■■■■■■■■■■■■■■■                                                                |  20% of 186.8 MiB
2026-09-22T05:15:55.0303295Z |■■■■■■■■■■■■■■■■■■■■■■■■                                                        |  30% of 186.8 MiB
2026-09-22T05:15:55.0665178Z |■■■■■■■■■■■■■■■■■■■■■■■■■■■■■■■■                                                |  40% of 186.8 MiB
2026-09-22T05:15:55.1237584Z |■■■■■■■■■■■■■■■■■■■■■■■■■■■■■■■■■■■■■■■■                                        |  50% of 186.8 MiB
2026-09-22T05:15:55.1803880Z |■■■■■■■■■■■■■■■■■■■■■■■■■■■■■■■■■■■■■■■■■■■■■■■■                                |  60% of 186.8 MiB
2026-09-22T05:15:55.2157094Z |■■■■■■■■■■■■■■■■■■■■■■■■■■■■■■■■■■■■■■■■■■■■■■■■■■■■■■■■                        |  70% of 186.8 MiB
2026-09-22T05:15:55.2704277Z |■■■■■■■■■■■■■■■■■■■■■■■■■■■■■■■■■■■■■■■■■■■■■■■■■■■■■■■■■■■■■■■■                |  80% of 186.8 MiB
2026-09-22T05:15:55.3249540Z |■■■■■■■■■■■■■■■■■■■■■■■■■■■■■■■■■■■■■■■■■■■■■■■■■■■■■■■■■■■■■■■■■■■■■■■■        |  90% of 186.8 MiB
2026-09-22T05:15:55.3880636Z |■■■■■■■■■■■■■■■■■■■■■■■■■■■■■■■■■■■■■■■■■■■■■■■■■■■■■■■■■■■■■■■■■■■■■■■■■■■■■■■■| 100% of 186.8 MiB
2026-09-22T05:15:58.1803670Z Chrome for Testing 153.0.8010.12 (playwright chromium v1243) downloaded to <CI_HOME>/.cache/ms-playwright/chromium-1243
2026-09-22T05:15:58.1805712Z Downloading FFmpeg (playwright ffmpeg v1011) from https://cdn.playwright.dev/dbazure/download/playwright/builds/ffmpeg/1011/ffmpeg-linux.zip
2026-09-22T05:15:58.5851651Z |                                                                                |   0% of 2.3 MiB
2026-09-22T05:15:58.6349764Z |■■■■■■■■                                                                        |  10% of 2.3 MiB
2026-09-22T05:15:58.6557338Z |■■■■■■■■■■■■■■■■                                                                |  20% of 2.3 MiB
2026-09-22T05:15:58.6691972Z |■■■■■■■■■■■■■■■■■■■■■■■■                                                        |  30% of 2.3 MiB
2026-09-22T05:15:58.6777559Z |■■■■■■■■■■■■■■■■■■■■■■■■■■■■■■■■                                                |  40% of 2.3 MiB
2026-09-22T05:15:58.6853136Z |■■■■■■■■■■■■■■■■■■■■■■■■■■■■■■■■■■■■■■■■                                        |  50% of 2.3 MiB
2026-09-22T05:15:58.6916418Z |■■■■■■■■■■■■■■■■■■■■■■■■■■■■■■■■■■■■■■■■■■■■■■■■                                |  60% of 2.3 MiB
2026-09-22T05:15:58.6969711Z |■■■■■■■■■■■■■■■■■■■■■■■■■■■■■■■■■■■■■■■■■■■■■■■■■■■■■■■■                        |  70% of 2.3 MiB
2026-09-22T05:15:58.7011583Z |■■■■■■■■■■■■■■■■■■■■■■■■■■■■■■■■■■■■■■■■■■■■■■■■■■■■■■■■■■■■■■■■                |  80% of 2.3 MiB
2026-09-22T05:15:58.7050591Z |■■■■■■■■■■■■■■■■■■■■■■■■■■■■■■■■■■■■■■■■■■■■■■■■■■■■■■■■■■■■■■■■■■■■■■■■        |  90% of 2.3 MiB
2026-09-22T05:15:58.7086686Z |■■■■■■■■■■■■■■■■■■■■■■■■■■■■■■■■■■■■■■■■■■■■■■■■■■■■■■■■■■■■■■■■■■■■■■■■■■■■■■■■| 100% of 2.3 MiB
2026-09-22T05:15:58.7569631Z FFmpeg (playwright ffmpeg v1011) downloaded to <CI_HOME>/.cache/ms-playwright/ffmpeg-1011
2026-09-22T05:15:58.7572451Z Downloading Chrome Headless Shell 153.0.8010.12 (playwright chromium-headless-shell v1243) from https://cdn.playwright.dev/builds/cft/153.0.8010.12/linux64/chrome-headless-shell-linux64.zip
2026-09-22T05:15:59.1677562Z |                                                                                |   0% of 114.3 MiB
2026-09-22T05:15:59.5277516Z |■■■■■■■■                                                                        |  10% of 114.3 MiB
2026-09-22T05:15:59.5869005Z |■■■■■■■■■■■■■■■■                                                                |  20% of 114.3 MiB
2026-09-22T05:15:59.6150376Z |■■■■■■■■■■■■■■■■■■■■■■■■                                                        |  30% of 114.3 MiB
2026-09-22T05:15:59.6676450Z |■■■■■■■■■■■■■■■■■■■■■■■■■■■■■■■■                                                |  40% of 114.3 MiB
2026-09-22T05:15:59.6922254Z |■■■■■■■■■■■■■■■■■■■■■■■■■■■■■■■■■■■■■■■■                                        |  50% of 114.3 MiB
2026-09-22T05:15:59.7194085Z |■■■■■■■■■■■■■■■■■■■■■■■■■■■■■■■■■■■■■■■■■■■■■■■■                                |  60% of 114.3 MiB
2026-09-22T05:15:59.7603228Z |■■■■■■■■■■■■■■■■■■■■■■■■■■■■■■■■■■■■■■■■■■■■■■■■■■■■■■■■                        |  70% of 114.3 MiB
2026-09-22T05:15:59.7901920Z |■■■■■■■■■■■■■■■■■■■■■■■■■■■■■■■■■■■■■■■■■■■■■■■■■■■■■■■■■■■■■■■■                |  80% of 114.3 MiB
2026-09-22T05:15:59.8387105Z |■■■■■■■■■■■■■■■■■■■■■■■■■■■■■■■■■■■■■■■■■■■■■■■■■■■■■■■■■■■■■■■■■■■■■■■■        |  90% of 114.3 MiB
2026-09-22T05:15:59.8716879Z |■■■■■■■■■■■■■■■■■■■■■■■■■■■■■■■■■■■■■■■■■■■■■■■■■■■■■■■■■■■■■■■■■■■■■■■■■■■■■■■■| 100% of 114.3 MiB
2026-09-22T05:16:01.8641127Z Chrome Headless Shell 153.0.8010.12 (playwright chromium-headless-shell v1243) downloaded to <CI_HOME>/.cache/ms-playwright/chromium_headless_shell-1243
2026-09-22T05:16:01.8966118Z ##[group]Run make build
2026-09-22T05:16:01.8966591Z [36;1mmake build[0m
2026-09-22T05:16:01.9011956Z shell: /usr/bin/bash -e {0}
2026-09-22T05:16:01.9012407Z env:
2026-09-22T05:16:01.9012946Z   pythonLocation: /opt/hostedtoolcache/Python/3.12.13/x64
2026-09-22T05:16:01.9013601Z   PKG_CONFIG_PATH: /opt/hostedtoolcache/Python/3.12.13/x64/lib/pkgconfig
2026-09-22T05:16:01.9014229Z   Python_ROOT_DIR: /opt/hostedtoolcache/Python/3.12.13/x64
2026-09-22T05:16:01.9014847Z   Python2_ROOT_DIR: /opt/hostedtoolcache/Python/3.12.13/x64
2026-09-22T05:16:01.9015513Z   Python3_ROOT_DIR: /opt/hostedtoolcache/Python/3.12.13/x64
2026-09-22T05:16:01.9016113Z   LD_LIBRARY_PATH: /opt/hostedtoolcache/Python/3.12.13/x64/lib
2026-09-22T05:16:01.9016611Z ##[endgroup]
2026-09-22T05:16:01.9330602Z bash scripts/node.sh npm --prefix apps/web run build
2026-09-22T05:16:02.0228549Z 
2026-09-22T05:16:02.0229108Z > @learning-workbench/web@0.1.0 build
2026-09-22T05:16:02.0229639Z > tsc --noEmit && vite build
2026-09-22T05:16:02.0230233Z 
2026-09-22T05:16:03.3867881Z [36mvite v8.3.0 [32mbuilding client environment for production...[36m[39m
2026-09-22T05:16:03.3932925Z transforming...
2026-09-22T05:16:03.6102663Z ✓ 740 modules transformed.
2026-09-22T05:16:03.7242609Z rendering chunks...
2026-09-22T05:16:03.8715194Z computing gzip size...
2026-09-22T05:16:03.9127651Z dist/index.html                       0.41 kB │ gzip:     0.32 kB
2026-09-22T05:16:03.9128559Z dist/assets/index-Clf_BHiP.css       40.20 kB │ gzip:     8.43 kB
2026-09-22T05:16:03.9129518Z dist/assets/index-BCs9cPik.js     1,264.31 kB │ gzip:   275.51 kB
2026-09-22T05:16:03.9130363Z dist/assets/Markdown-gevOP1RD.js  2,939.32 kB │ gzip: 1,098.70 kB
2026-09-22T05:16:03.9130725Z 
2026-09-22T05:16:03.9131383Z [32m✓ built in 527ms[39m
2026-09-22T05:16:03.9137743Z [33m[plugin builtin:vite-reporter] 
2026-09-22T05:16:03.9138334Z (!) Some chunks are larger than 500 kB after minification. Consider:
2026-09-22T05:16:03.9139053Z - Using dynamic import() to code-split the application
2026-09-22T05:16:03.9139994Z - Use build.rolldownOptions.output.codeSplitting to improve chunking: https://rolldown.rs/reference/OutputOptions.codeSplitting
2026-09-22T05:16:03.9141528Z - Adjust chunk size limit for this warning via build.chunkSizeWarningLimit.[39m
2026-09-22T05:16:03.9379493Z ##[group]Run make test-e2e
2026-09-22T05:16:03.9379925Z [36;1mmake test-e2e[0m
2026-09-22T05:16:03.9424336Z shell: /usr/bin/bash -e {0}
2026-09-22T05:16:03.9424755Z env:
2026-09-22T05:16:03.9425456Z   pythonLocation: /opt/hostedtoolcache/Python/3.12.13/x64
2026-09-22T05:16:03.9426113Z   PKG_CONFIG_PATH: /opt/hostedtoolcache/Python/3.12.13/x64/lib/pkgconfig
2026-09-22T05:16:03.9426752Z   Python_ROOT_DIR: /opt/hostedtoolcache/Python/3.12.13/x64
2026-09-22T05:16:03.9427371Z   Python2_ROOT_DIR: /opt/hostedtoolcache/Python/3.12.13/x64
2026-09-22T05:16:03.9427956Z   Python3_ROOT_DIR: /opt/hostedtoolcache/Python/3.12.13/x64
2026-09-22T05:16:03.9428561Z   LD_LIBRARY_PATH: /opt/hostedtoolcache/Python/3.12.13/x64/lib
2026-09-22T05:16:03.9429233Z   LEARNING_E2E_OUTPUT_DIR: <CI_HOME>/work/_temp/learning-workbench-e2e-results
2026-09-22T05:16:03.9429837Z ##[endgroup]
2026-09-22T05:16:03.9507726Z bash scripts/node.sh npm --prefix apps/web run test:e2e
2026-09-22T05:16:04.0383373Z 
2026-09-22T05:16:04.0384241Z > @learning-workbench/web@0.1.0 test:e2e
2026-09-22T05:16:04.0385146Z > playwright test --config ../../tests/e2e/playwright.config.ts
2026-09-22T05:16:04.0385559Z 
2026-09-22T05:16:06.1818360Z [WebServer] INFO:     Started server process [3040]
2026-09-22T05:16:06.1819113Z [WebServer] INFO:     Waiting for application startup.
2026-09-22T05:16:06.2821660Z [WebServer] INFO:     Application startup complete.
2026-09-22T05:16:06.2827178Z [WebServer] INFO:     Uvicorn running on http://127.0.0.1:8765 (Press CTRL+C to quit)
2026-09-22T05:16:07.9452817Z 
2026-09-22T05:16:07.9453983Z Running 99 tests using 1 worker
2026-09-22T05:16:07.9454374Z 
2026-09-22T05:16:31.4761341Z   ✓   1 ../../tests/e2e/assessment-restart.spec.ts:43:1 › same assessment instance rejects forged course and assessment hashes while its independent policy remains active (23.2s)
2026-09-22T05:16:49.5849352Z   ✓   2 ../../tests/e2e/assessment-restart.spec.ts:112:1 › actual browser and API restarts retain independent drafts and keep old solution receipts protected after submission (18.1s)
2026-09-22T05:16:59.2735216Z   ✓   3 ../../tests/e2e/assessments.spec.ts:41:1 › real unreviewed independent assessment saves five types and submits without fabricated grades or answer calls (9.7s)
2026-09-22T05:17:10.9818042Z   ✓   4 ../../tests/e2e/assessments.spec.ts:90:1 › open-book and assisted freeze actual policies; explicit abandon retains saved answers and yields no score (11.7s)
2026-09-22T05:17:23.2086724Z   ✓   5 ../../tests/e2e/assessments.spec.ts:109:1 › two profiles retain a real server CAS conflict with three-way comparison and reject forged same-identity parent (12.0s)
2026-09-22T05:17:29.3675487Z   ✓   6 ../../tests/e2e/assessments.spec.ts:138:1 › missing private binding visibly blocks start instead of fabricating a usable test (6.2s)
2026-09-22T05:17:43.8791912Z   ✓   7 ../../tests/e2e/assessments.spec.ts:145:1 › two pages preserve independent local CAS candidates; a later submitted snapshot never accepts restored edits (14.5s)
2026-09-22T05:17:54.7006382Z   ✓   8 ../../tests/e2e/assessments.spec.ts:251:1 › late redacted Workbench save uses its original ETag and retains hidden selection after explicit three-way choice (10.8s)
2026-09-22T05:18:03.8193452Z   ✓   9 ../../tests/e2e/assessments.spec.ts:295:1 › a genuine solution response held in flight cannot appear after another page starts an open-book assessment (9.1s)
2026-09-22T05:18:23.2716920Z   ✓  10 ../../tests/e2e/authoring-groups.spec.ts:235:1 › native lesson group preserves its plan and formulas, then separately declines and executes one exact numeric member (19.4s)
2026-09-22T05:18:38.0218547Z   ✓  11 ../../tests/e2e/authoring-groups.spec.ts:294:1 › native practice group replays its lost prepare ACK with one key and clears explicitly read private answers after permission changes (14.7s)
2026-09-22T05:18:59.1470387Z   ✓  12 ../../tests/e2e/authoring-groups.spec.ts:350:1 › native assessment group keeps explicit modes and time, checks its exact private numeric plan, and cancels a separate unconsented job under a permission lock (21.1s)
2026-09-22T05:19:04.2371401Z   ✓  13 ../../tests/e2e/authoring.spec.ts:80:1 › actual Authoring preparation diagnoses missing proof without dispatch and learner can recover safe cancellation (5.1s)
2026-09-22T05:19:17.7820989Z   ✓  14 ../../tests/e2e/authoring.spec.ts:110:1 › explicit same-Job loopback grant creates a draft and numeric preview needs its own decision (13.5s)
2026-09-22T05:19:22.8636228Z 
2026-09-22T05:19:22.8677467Z   ✓  15 ../../tests/e2e/document-imports.spec.ts:87:1 › real two-page PDF keeps exact page citations, guarded original bytes and explicit fidelity approval (5.1s)
2026-09-22T05:19:27.8908398Z 
2026-09-22T05:19:27.8967220Z   ✓  16 ../../tests/e2e/document-imports.spec.ts:127:1 › real DOCX safe text stays readable for learner while original bytes require an explicit author role (5.0s)
2026-09-22T05:19:31.9333397Z 
2026-09-22T05:19:31.9337725Z   ✓  17 ../../tests/e2e/document-imports.spec.ts:202:1 › a real scanned PDF fails without invented text or OCR and its local original is checked explicitly after reload (4.0s)
2026-09-22T05:19:35.4279012Z 
2026-09-22T05:19:35.4281124Z   ✓  18 ../../tests/e2e/document-imports.spec.ts:236:3 › real encrypted.pdf extraction failure remains blocked and preserves its original hash (3.5s)
2026-09-22T05:19:38.6577465Z 
2026-09-22T05:19:38.6597392Z   ✓  19 ../../tests/e2e/document-imports.spec.ts:236:3 › real malformed.docx extraction failure remains blocked and preserves its original hash (3.2s)
2026-09-22T05:19:45.7249470Z   ✘  20 ../../tests/e2e/grading-recovery.spec.ts:57:1 › a real failed regrade survives reload and can recover from the last actual grade without losing the old submission (7.0s)
2026-09-22T05:20:01.6453530Z   ✓  21 ../../tests/e2e/grading-restart.spec.ts:50:1 › real browser and API restarts preserve the submitted answers, signed review and both grading revisions (15.5s)
2026-09-22T05:20:16.1609721Z   ✓  22 ../../tests/e2e/grading.spec.ts:34:1 › unreviewed original content stays null until an explicit author form creates a signed new grade without altering its reference approval (14.5s)
2026-09-22T05:20:29.5980827Z   ✓  23 ../../tests/e2e/grading.spec.ts:66:1 › two browser profiles keep a stale manual-review baseline through an actual 412 before explicit three-way rebase (13.2s)
2026-09-22T05:20:40.7704726Z   ✓  24 ../../tests/e2e/grading.spec.ts:81:1 › a failed manual request preserves its durable exact command and editable author draft after browser reload (11.2s)
2026-09-22T05:20:43.1185327Z   ✓  25 ../../tests/e2e/import-admission.spec.ts:8:1 › import admission waits for real Policy after UI saved and never replays a rejected click (2.3s)
2026-09-22T05:20:54.3084517Z   ✓  26 ../../tests/e2e/import-admission.spec.ts:65:1 › real independent Policy preserves an open import selection and restores only explicit admission (11.2s)
2026-09-22T05:21:03.5968397Z   ✓  27 ../../tests/e2e/imports-policy.spec.ts:11:1 › an open author import retains its task across independent start and submit but rechecks pending-answer protection before restoring content (9.3s)
2026-09-22T05:21:09.2728824Z   ✓  28 ../../tests/e2e/imports-policy.spec.ts:61:1 › a reselected failed original survives a role-policy pause in memory while decoded text must be checked again (5.7s)
2026-09-22T05:21:14.2400533Z   ✓  29 ../../tests/e2e/imports.spec.ts:111:1 › real Markdown upload stays staged, previews and downloads exact bytes, restores and commits exact course refs (4.9s)
2026-09-22T05:21:17.7027475Z   ✓  30 ../../tests/e2e/imports.spec.ts:190:1 › safe HTML warning requires explicit acceptance and native cancel leaves courses untouched (3.4s)
2026-09-22T05:21:22.9287814Z   ✓  31 ../../tests/e2e/imports.spec.ts:218:1 › UTF-8 text can target a real existing course and creates a newer exact revision (5.2s)
2026-09-22T05:21:26.2081275Z   ✓  32 ../../tests/e2e/imports.spec.ts:234:1 › upload request failure keeps the selected file; preview failure keeps the recovery ID and explicit retry works (3.3s)
2026-09-22T05:21:30.7446720Z 
2026-09-22T05:21:30.7478133Z   ✓  33 ../../tests/e2e/imports.spec.ts:254:1 › author package requires explicit role change and clears the private preview after returning to learner (4.5s)
2026-09-22T05:21:34.1201079Z   ✓  34 ../../tests/e2e/imports.spec.ts:290:1 › a real invalid UTF-8 parse shows a blocking error and cannot be confirmed (3.4s)
2026-09-22T05:21:40.0980783Z 
2026-09-22T05:21:40.1005047Z   ✓  35 ../../tests/e2e/imports.spec.ts:311:1 › local encoding choice preserves the failed original and creates a separately confirmed UTF-8 import (6.0s)
2026-09-22T05:21:45.4598181Z 
2026-09-22T05:21:45.4618723Z   ✓  36 ../../tests/e2e/imports.spec.ts:379:1 › deferred author preview and original responses cannot restore content after the role is lowered (5.3s)
2026-09-22T05:22:00.1495273Z   ✓  37 ../../tests/e2e/learning-state-restart.spec.ts:47:1 › actual browser and API restarts preserve profile candidates, exact route overrides and original reading sources (14.7s)
2026-09-22T05:22:07.0298807Z   ✓  38 ../../tests/e2e/learning-state.spec.ts:12:1 › real self-report persists a lost-ACK command once and never creates independent evidence (6.9s)
2026-09-22T05:22:17.0003800Z   ✓  39 ../../tests/e2e/learning-state.spec.ts:30:1 › actual unreviewed submission stays excluded and its precise sources disappear when another page starts independent work (10.0s)
2026-09-22T05:22:21.4496254Z   ✓  40 ../../tests/e2e/learning-state.spec.ts:45:1 › a quota-failed profile remains mounted when a global command tries to leave it (4.4s)
2026-09-22T05:22:28.5580563Z   ✓  41 ../../tests/e2e/notes-lifecycle.spec.ts:32:1 › a concurrent note move to another block remains recoverable by stable note ID after a real 412 (7.1s)
2026-09-22T05:22:35.6641716Z   ✓  42 ../../tests/e2e/notes-lifecycle.spec.ts:64:1 › soft deleting a server note preserves its unsynced local continuation for explicit recovery (7.1s)
2026-09-22T05:22:44.1330522Z   ✓  43 ../../tests/e2e/practice-restart.spec.ts:20:1 › same practice tab identity rejects changed frozen parent or child hashes and preserves the original session (8.5s)
2026-09-22T05:22:57.3340537Z   ✓  44 ../../tests/e2e/practice-restart.spec.ts:66:1 › actual browser close and API restart retain practice identity, exposure and an unsynced local response (13.2s)
2026-09-22T05:23:05.9357365Z   ✓  45 ../../tests/e2e/practice.spec.ts:26:1 › five real question kinds save and refresh; hints and solutions require explicit exposure; submit is ungraded (8.6s)
2026-09-22T05:23:15.7009765Z   ✓  46 ../../tests/e2e/practice.spec.ts:87:1 › offline recovery keeps the local candidate when session GET was also unavailable and reconnect compares its base (9.8s)
2026-09-22T05:23:27.0661067Z   ✓  47 ../../tests/e2e/practice.spec.ts:113:1 › two real browser profiles produce a server CAS conflict with base local and remote before explicit choice (11.3s)
2026-09-22T05:23:33.9200895Z   ✓  48 ../../tests/e2e/practice.spec.ts:138:1 › missing private solution fails closed and a forged same-identity parent never replaces the existing practice tab (6.8s)
2026-09-22T05:23:46.9126266Z   ✓  49 ../../tests/e2e/practice.spec.ts:159:1 › two pages keep their durable local candidates and closing an unsynced practice requires explicit retention (13.0s)
2026-09-22T05:23:52.1984090Z   ✓  50 ../../tests/e2e/provider-settings.spec.ts:53:1 › real settings persist control configuration and temporary secrets without claiming production generation (5.2s)
2026-09-22T05:23:59.8244057Z   ✓  51 ../../tests/e2e/provider-settings.spec.ts:84:1 › real config lost ACK restores the original command after browser/API restart and reads later current state separately (7.6s)
2026-09-22T05:24:07.3586674Z   ✓  52 ../../tests/e2e/provider-settings.spec.ts:112:1 › actual independent assessment policy keeps settings controls available and denies subject consent reads (7.5s)
2026-09-22T05:24:11.5353098Z   ✓  53 ../../tests/e2e/provider-settings.spec.ts:142:41 › secret controls use an actual newer readback while the parent refresh is held; peer change false (4.2s)
2026-09-22T05:24:15.9929680Z   ✓  54 ../../tests/e2e/provider-settings.spec.ts:142:41 › secret controls use an actual newer readback while the parent refresh is held; peer change true (4.5s)
2026-09-22T05:24:27.4766029Z   ✓  55 ../../tests/e2e/reader-conflict-layout.spec.ts:97:1 › real session conflict preserves the scrolled submitted explanation and requires an explicit comparison choice (11.5s)
2026-09-22T05:24:36.1643294Z   ✓  56 ../../tests/e2e/reader-conflict-layout.spec.ts:178:1 › real session conflict keeps the same enabled assessment input focused and visible in the shortened reader (8.7s)
2026-09-22T05:24:48.4786556Z   ✓  57 ../../tests/e2e/reader-restart.spec.ts:13:1 › actual browser close and API process restart retain imported references, notes, progress and Reader position (12.3s)
2026-09-22T05:24:55.5596172Z   ✓  58 ../../tests/e2e/reader.spec.ts:33:1 › real imported directory, title search, worked-example link, long formula and frozen original download (7.1s)
2026-09-22T05:25:02.1003192Z   ✓  59 ../../tests/e2e/reader.spec.ts:67:1 › second repeated rendered selection preserves exact source codepoints, saves note, edits and soft deletes (6.5s)
2026-09-22T05:25:07.9123926Z   ✓  60 ../../tests/e2e/reader.spec.ts:98:1 › native source keyboard selection creates exact Markdown codepoints without rendered-text guessing (5.8s)
2026-09-22T05:25:16.5119695Z   ✓  61 ../../tests/e2e/reader.spec.ts:123:1 › offline local note recovery and a real concurrent server revision show three-way comparison before CAS save (8.6s)
2026-09-22T05:25:26.1329352Z   ✓  62 ../../tests/e2e/reader.spec.ts:171:1 › historical course revisions stay in separate exact tabs and hash-mismatched links preserve unresolved reference (9.6s)
2026-09-22T05:25:35.8930942Z 
2026-09-22T05:25:35.8957736Z   ✓  63 ../../tests/e2e/reader.spec.ts:209:1 › a private original authorized before a cross-profile role decrease cannot trigger a late browser download (9.7s)
2026-09-22T05:25:46.9442607Z   ✓  64 ../../tests/e2e/recommendations.spec.ts:56:1 › real recommendation decisions recover a lost ACK across browser and API restart without rewriting later decisions or learning facts (11.0s)
2026-09-22T05:25:56.9981867Z   ✓  65 ../../tests/e2e/recommendations.spec.ts:90:1 › real local suggestions cover another imported textbook and open its complete original refs independently of acceptance (10.0s)
2026-09-22T05:26:07.6768023Z   ✓  66 ../../tests/e2e/recommendations.spec.ts:110:1 › real offline and stale decision candidates require explicit 412 correction and current independent policy hides delayed subject sources (10.7s)
2026-09-22T05:26:15.8206521Z   ✓  67 ../../tests/e2e/recommendations.spec.ts:151:1 › a controlled archived fixture makes the real historical recommendation stale and its formerly current UI cannot open the old target (8.1s)
2026-09-22T05:26:24.5217550Z   ✓  68 ../../tests/e2e/responsive-layout.spec.ts:43:1 › narrow layout and submitted explanation remain visible before React resize listeners run (8.7s)
2026-09-22T05:26:46.8633060Z   ✓  69 ../../tests/e2e/retrieval.spec.ts:47:1 › real explicit cold scope, original rebuild Job, complete hits/no match/resource omission and unchanged historical scope (22.3s)
2026-09-22T05:27:03.2014385Z   ✓  70 ../../tests/e2e/review.spec.ts:35:1 › real history and exact material review preserve original submitted text, null scores and a selected old revision after reload (16.3s)
2026-09-22T05:27:15.6709923Z   ✓  71 ../../tests/e2e/review.spec.ts:76:1 › a delayed old review response cannot restore history or academic context after another page starts a real independent attempt (12.5s)
2026-09-22T05:27:19.2572123Z   ✓  72 ../../tests/e2e/route-draft-input.spec.ts:9:60 › native route goal input survives its own initial draft save_first delivery after focus (3.6s)
2026-09-22T05:27:22.8273904Z   ✓  73 ../../tests/e2e/route-draft-input.spec.ts:9:60 › native route goal input survives its own initial draft load_first delivery after focus (3.6s)
2026-09-22T05:27:30.0142278Z   ✓  74 ../../tests/e2e/routes.spec.ts:10:1 › real route creation, reminder, manual false, reordered revision and exact target navigation preserve history (7.2s)
2026-09-22T05:27:35.7032271Z   ✓  75 ../../tests/e2e/tutor-diagnostic.spec.ts:5:1 › diagnostic retains the original five-second failure and a completed peer read without collecting private text (5.7s)
2026-09-22T05:27:45.3896255Z   ✓  76 ../../tests/e2e/tutor.spec.ts:19:1 › real Tutor thread and prepared Run recover, diagnose missing proof and cancel without a model call (9.7s)
2026-09-22T05:28:01.5395338Z   ✓  77 ../../tests/e2e/tutor.spec.ts:78:1 › lost Run ACK replays original bytes and cross-page open-book hides academic content while retaining cancellation (16.1s)
2026-09-22T05:28:17.6500208Z   ✓  78 ../../tests/e2e/tutor.spec.ts:148:1 › explicit same-Run consent uses the real loopback protocol and restores raw answer without upgrading evidence (16.1s)
2026-09-22T05:28:22.1174851Z   ✓  79 ../../tests/e2e/workbench-initial-recovery.spec.ts:6:3 › initial workbench recovery keeps the saved lesson and waits for the real session at 1440px (4.4s)
2026-09-22T05:28:26.3093299Z   ✓  80 ../../tests/e2e/workbench-initial-recovery.spec.ts:6:3 › initial workbench recovery keeps the saved lesson and waits for the real session at 390px (4.2s)
2026-09-22T05:28:28.3331665Z   ✓  81 ../../tests/e2e/workbench.spec.ts:5:1 › empty workspace, native bootstrap, four fixed navigation and truthful auxiliary states (2.0s)
2026-09-22T05:28:31.4418469Z   ✓  82 ../../tests/e2e/workbench.spec.ts:22:1 › real keyboard and mouse resize, native drawers, focus return and restored layout (3.1s)
2026-09-22T05:28:35.5824114Z   ✓  83 ../../tests/e2e/workbench.spec.ts:43:1 › object drafts survive preview switches, close choice and browser reload without fake sending (4.1s)
2026-09-22T05:28:43.8249791Z   ✓  84 ../../tests/e2e/workbench.spec.ts:60:1 › server CAS conflict is visible, local object drafts survive and explicit readback recovers (8.2s)
2026-09-22T05:28:48.6055395Z   ✓  85 ../../tests/e2e/workbench.spec.ts:73:1 › offline pending UI is restored after actual connection recovery (4.8s)
2026-09-22T05:28:51.8163328Z   ✓  86 ../../tests/e2e/workbench.spec.ts:85:1 › actual MathJax, no runtime errors, long formula local scrolling, all screenshot sizes (3.2s)
2026-09-22T05:28:58.6957522Z   ✓  87 ../../tests/e2e/workbench.spec.ts:112:1 › two browser pages keep drafts for different objects in native IndexedDB (6.9s)
2026-09-22T05:29:01.6742053Z   ✓  88 ../../tests/e2e/workbench.spec.ts:130:1 › exact reference mismatch stays unresolved and preserves the original snapshot (3.0s)
2026-09-22T05:29:06.9982801Z   ✓  89 ../../tests/e2e/workbench.spec.ts:147:1 › cold lazy renderer restores saved reading offset after the content is ready (5.3s)
2026-09-22T05:29:14.8522803Z   ✓  90 ../../tests/e2e/workbench.spec.ts:167:1 › native concurrent same-object transactions preserve both candidates and expose explicit recovery (7.8s)
2026-09-22T05:29:18.8129011Z   ✓  91 ../../tests/e2e/workbench.spec.ts:200:1 › directory history restores the current course and navigation entry (3.9s)
2026-09-22T05:29:22.4634787Z   ✓  92 ../../tests/e2e/workbench.spec.ts:212:1 › UI cache quota failure stays visibly unsaved until the real server acknowledges (3.6s)
2026-09-22T05:29:26.1647325Z   ✓  93 ../../tests/e2e/workbench.spec.ts:229:1 › offline UI candidates from two pages remain separate on reload (3.7s)
2026-09-22T05:29:33.4308371Z   ✓  94 ../../tests/e2e/workbench.spec.ts:250:1 › quota-only memory candidate with a changed server baseline shows three-way comparison before explicit CAS (7.3s)
2026-09-22T05:29:38.5289340Z   ✓  95 ../../tests/e2e/workbench.spec.ts:283:1 › per-object details and focus survive A to B to A and browser reload after lazy content readiness (5.1s)
2026-09-22T05:29:42.0284215Z   ✓  96 ../../tests/e2e/workbench.spec.ts:302:1 › first unsent-draft conflict shows original, local and stored text before any reload or choice (3.5s)
2026-09-22T05:29:46.3468825Z   ✓  97 ../../tests/e2e/workbench.spec.ts:332:1 › route directory stays honestly empty and continue reading restores the exact last lesson (4.3s)
2026-09-22T05:29:49.7317936Z   ✓  98 ../../tests/e2e/workbench.spec.ts:354:1 › native keyboard selection updates frozen-reference preview and ambiguous source matches are refused (3.4s)
2026-09-22T05:29:53.2089893Z   ✓  99 ../../tests/e2e/zoom.spec.ts:5:1 › real browser 200 percent zoom reflows CSS width through Chrome appearance setting (3.5s)
2026-09-22T05:29:53.3040618Z 
2026-09-22T05:29:53.3044387Z 
2026-09-22T05:29:53.3052983Z   1) ../../tests/e2e/grading-recovery.spec.ts:57:1 › a real failed regrade survives reload and can recover from the last actual grade without losing the old submission 
2026-09-22T05:29:53.3053854Z 
2026-09-22T05:29:53.3054224Z     Error: expect(received).toBe(expected) // Object.is equality
2026-09-22T05:29:53.3054540Z 
2026-09-22T05:29:53.3055085Z     Expected: 200
2026-09-22T05:29:53.3055451Z     Received: 409
2026-09-22T05:29:53.3055668Z 
2026-09-22T05:29:53.3055983Z       39 |     const response = await page.request.get(`/api/v1/attempts/${id}/result`)
2026-09-22T05:29:53.3056898Z       40 |     if (response.status() === 202) return 0
2026-09-22T05:29:53.3057444Z     > 41 |     expect(response.status()).toBe(200)
2026-09-22T05:29:53.3057987Z          |                               ^
2026-09-22T05:29:53.3058453Z       42 |     value = await response.json()
2026-09-22T05:29:53.3060719Z       43 |     return value!.grading_revision
2026-09-22T05:29:53.3061427Z       44 |   }).toBe(revision)
2026-09-22T05:29:53.3062211Z         at <CI_HOME>/work/Learning_Workbench/Learning_Workbench/tests/e2e/grading-recovery.spec.ts:41:31
2026-09-22T05:29:53.3063397Z         at result (<CI_HOME>/work/Learning_Workbench/Learning_Workbench/tests/e2e/grading-recovery.spec.ts:38:3)
2026-09-22T05:29:53.3064477Z         at <CI_HOME>/work/Learning_Workbench/Learning_Workbench/tests/e2e/grading-recovery.spec.ts:79:22
2026-09-22T05:29:53.3065443Z 
2026-09-22T05:29:53.3066201Z     attachment #1: screenshot (image/png) ──────────────────────────────────────────────────────────
2026-09-22T05:29:53.3067375Z     ../../../../_temp/learning-workbench-e2e-results/grading-recovery-a-real-fa-8007b-t-losing-the-old-submission/test-failed-1.png
2026-09-22T05:29:53.3068567Z     ────────────────────────────────────────────────────────────────────────────────────────────────
2026-09-22T05:29:53.3069037Z 
2026-09-22T05:29:53.3069756Z     Error Context: ../../../../_temp/learning-workbench-e2e-results/grading-recovery-a-real-fa-8007b-t-losing-the-old-submission/error-context.md
2026-09-22T05:29:53.3070516Z 
2026-09-22T05:29:53.3070691Z   1 failed
2026-09-22T05:29:53.3071944Z     ../../tests/e2e/grading-recovery.spec.ts:57:1 › a real failed regrade survives reload and can recover from the last actual grade without losing the old submission 
2026-09-22T05:29:53.3073101Z   98 passed (13.8m)
2026-09-22T05:29:53.3226444Z make: *** [Makefile:32: test-e2e] Error 1
2026-09-22T05:29:53.3239014Z ##[error]Process completed with exit code 2.
2026-09-22T05:29:53.3436977Z ##[group]Run actions/upload-artifact@043fb46d1a93c77aae656e7c1c64a875d1fc6a0a
2026-09-22T05:29:53.3437313Z with:
2026-09-22T05:29:53.3437507Z   name: browser-failure-push-35689944640-1
2026-09-22T05:29:53.3438530Z   path: <CI_HOME>/work/_temp/learning-workbench-e2e-results/**/error-context.md
<CI_HOME>/work/_temp/learning-workbench-e2e-results/**/test-failed*.png
<CI_HOME>/work/_temp/learning-workbench-e2e-results/**/reader-load-diagnostic.json
<CI_HOME>/work/_temp/learning-workbench-e2e-results/**/tutor-completion-diagnostic.json

2026-09-22T05:29:53.3439526Z   retention-days: 3
2026-09-22T05:29:53.3439702Z   if-no-files-found: warn
2026-09-22T05:29:53.3439893Z   include-hidden-files: false
2026-09-22T05:29:53.3440087Z   compression-level: 6
2026-09-22T05:29:53.3440262Z   overwrite: false
2026-09-22T05:29:53.3440453Z   archive: true
2026-09-22T05:29:53.3440618Z env:
2026-09-22T05:29:53.3440824Z   pythonLocation: /opt/hostedtoolcache/Python/3.12.13/x64
2026-09-22T05:29:53.3441204Z   PKG_CONFIG_PATH: /opt/hostedtoolcache/Python/3.12.13/x64/lib/pkgconfig
2026-09-22T05:29:53.3441542Z   Python_ROOT_DIR: /opt/hostedtoolcache/Python/3.12.13/x64
2026-09-22T05:29:53.3441876Z   Python2_ROOT_DIR: /opt/hostedtoolcache/Python/3.12.13/x64
2026-09-22T05:29:53.3442172Z   Python3_ROOT_DIR: /opt/hostedtoolcache/Python/3.12.13/x64
2026-09-22T05:29:53.3442468Z   LD_LIBRARY_PATH: /opt/hostedtoolcache/Python/3.12.13/x64/lib
2026-09-22T05:29:53.3442716Z ##[endgroup]
2026-09-22T05:29:53.4842648Z With the provided path, there will be 4 files uploaded
2026-09-22T05:29:53.4846391Z Artifact name is valid!
2026-09-22T05:29:53.4846832Z Root directory input is valid!
2026-09-22T05:29:53.7632928Z Uploading artifact: browser-failure-push-35689944640-1.zip
2026-09-22T05:29:53.7667881Z Beginning upload of artifact content to blob storage
2026-09-22T05:29:54.0861232Z Uploaded bytes 169963
2026-09-22T05:29:54.1313586Z Finished uploading artifact content to blob storage!
2026-09-22T05:29:54.1314472Z SHA256 digest of uploaded artifact is 5398d56bdbfef2b2aff0ea2a5d55b23415e82fb9fd66fc206d4b567a36ef725a
2026-09-22T05:29:54.1315344Z Finalizing artifact upload
2026-09-22T05:29:54.4162788Z Artifact browser-failure-push-35689944640-1 successfully finalized. Artifact ID 10677454514
2026-09-22T05:29:54.4163960Z Artifact browser-failure-push-35689944640-1 has been successfully uploaded! Final size is 169963 bytes. Artifact ID is 10677454514
2026-09-22T05:29:54.4167068Z Artifact download URL: https://github.com/kl3574/Learning_Workbench/actions/runs/35689944640/artifacts/10677454514
2026-09-22T05:29:54.4321908Z Post job cleanup.
2026-09-22T05:29:54.5027314Z [command]/usr/bin/git version
2026-09-22T05:29:54.5065978Z git version 2.55.0
2026-09-22T05:29:54.5108603Z Temporarily overriding HOME='<CI_HOME>/work/_temp/dcc46c98-201a-4118-9299-b9ef376b3a9e' before making global git config changes
2026-09-22T05:29:54.5110053Z Adding repository directory to the temporary git global config as a safe directory
2026-09-22T05:29:54.5112684Z [command]/usr/bin/git config --global --add safe.directory <CI_HOME>/work/Learning_Workbench/Learning_Workbench
2026-09-22T05:29:54.5139622Z Removing SSH command configuration
2026-09-22T05:29:54.5145383Z [command]/usr/bin/git config --local --name-only --get-regexp core\.sshCommand
2026-09-22T05:29:54.5177934Z [command]/usr/bin/git submodule foreach --recursive sh -c "git config --local --name-only --get-regexp 'core\.sshCommand' && git config --local --unset-all 'core.sshCommand' || :"
2026-09-22T05:29:54.5395797Z Removing HTTP extra header
2026-09-22T05:29:54.5399746Z [command]/usr/bin/git config --local --name-only --get-regexp http\.https\:\/\/github\.com\/\.extraheader
2026-09-22T05:29:54.5434677Z [command]/usr/bin/git submodule foreach --recursive sh -c "git config --local --name-only --get-regexp 'http\.https\:\/\/github\.com\/\.extraheader' && git config --local --unset-all 'http.https://github.com/.extraheader' || :"
2026-09-22T05:29:54.5660500Z Removing includeIf entries pointing to credentials config files
2026-09-22T05:29:54.5667847Z [command]/usr/bin/git config --local --name-only --get-regexp ^includeIf\.gitdir:
2026-09-22T05:29:54.5688301Z includeif.gitdir:<CI_HOME>/work/Learning_Workbench/Learning_Workbench/.git.path
2026-09-22T05:29:54.5688910Z includeif.gitdir:<CI_HOME>/work/Learning_Workbench/Learning_Workbench/.git/worktrees/*.path
2026-09-22T05:29:54.5689361Z includeif.gitdir:/github/workspace/.git.path
2026-09-22T05:29:54.5689900Z includeif.gitdir:/github/workspace/.git/worktrees/*.path
2026-09-22T05:29:54.5695655Z [command]/usr/bin/git config --local --get-all includeif.gitdir:<CI_HOME>/work/Learning_Workbench/Learning_Workbench/.git.path
2026-09-22T05:29:54.5715904Z <CI_HOME>/work/_temp/git-credentials-7713c7b5-60ef-460a-89f0-02ddb6780109.config
2026-09-22T05:29:54.5726012Z [command]/usr/bin/git config --local --unset includeif.gitdir:<CI_HOME>/work/Learning_Workbench/Learning_Workbench/.git.path \/home\/runner\/work\/_temp\/git\-credentials\-7713c7b5\-60ef\-460a\-89f0\-02ddb6780109\.config
2026-09-22T05:29:54.5754550Z [command]/usr/bin/git config --local --get-all includeif.gitdir:<CI_HOME>/work/Learning_Workbench/Learning_Workbench/.git/worktrees/*.path
2026-09-22T05:29:54.5772278Z <CI_HOME>/work/_temp/git-credentials-7713c7b5-60ef-460a-89f0-02ddb6780109.config
2026-09-22T05:29:54.5780549Z [command]/usr/bin/git config --local --unset includeif.gitdir:<CI_HOME>/work/Learning_Workbench/Learning_Workbench/.git/worktrees/*.path \/home\/runner\/work\/_temp\/git\-credentials\-7713c7b5\-60ef\-460a\-89f0\-02ddb6780109\.config
2026-09-22T05:29:54.6084835Z [command]/usr/bin/git config --local --get-all includeif.gitdir:/github/workspace/.git.path
2026-09-22T05:29:54.6103550Z /github/runner_temp/git-credentials-7713c7b5-60ef-460a-89f0-02ddb6780109.config
2026-09-22T05:29:54.6109826Z [command]/usr/bin/git config --local --unset includeif.gitdir:/github/workspace/.git.path \/github\/runner_temp\/git\-credentials\-7713c7b5\-60ef\-460a\-89f0\-02ddb6780109\.config
2026-09-22T05:29:54.6135278Z [command]/usr/bin/git config --local --get-all includeif.gitdir:/github/workspace/.git/worktrees/*.path
2026-09-22T05:29:54.6154748Z /github/runner_temp/git-credentials-7713c7b5-60ef-460a-89f0-02ddb6780109.config
2026-09-22T05:29:54.6159302Z [command]/usr/bin/git config --local --unset includeif.gitdir:/github/workspace/.git/worktrees/*.path \/github\/runner_temp\/git\-credentials\-7713c7b5\-60ef\-460a\-89f0\-02ddb6780109\.config
2026-09-22T05:29:54.6184205Z [command]/usr/bin/git submodule foreach --recursive git config --local --show-origin --name-only --get-regexp remote.origin.url
2026-09-22T05:29:54.6390903Z Removing credentials config '<CI_HOME>/work/_temp/git-credentials-7713c7b5-60ef-460a-89f0-02ddb6780109.config'
2026-09-22T05:29:54.6513769Z Cleaning up orphan processes
