Traceback (most recent call last):
  File "<PRIVATE_HOME>/.cache/learning-workbench-acceptance/m52-reader-accumulated-db-profile-v1/measure_accumulated.py", line 30, in main
    row=original.execute('SELECT index_version,workspace_id,scope_sha256,corpus_sha256,job_id,manifest_sha256,built_at FROM retrieval_generations WHERE index_version=?',(version,)).fetchone();assert row is not None
                                                                                                                                                                                                       ^^^^^^^^^^^^^^^
AssertionError
{
  "started_at": "2026-09-15T11:39:27.666230+00:00",
  "finished_at": "2026-09-15T11:39:27.691562+00:00",
  "exit_code": 1,
  "error": "AssertionError",
  "source_count": 785,
  "source_before_after_equal": true,
  "source_changes": [],
  "original_before": [
    {
      "path": "<SYNTHETIC_RUNTIME_CANDIDATE>/workspace.sqlite3",
      "sha256": "642fee953746fa3b3c0b208526660384c69c9276b4b01c2f02af1430b07c6b59",
      "bytes": 3301376,
      "mtime_ns": 1789467359772985713
    },
    {
      "path": "<SYNTHETIC_RUNTIME_CANDIDATE>/workspace.sqlite3-wal",
      "sha256": "e3b0c44298fc1c149afbf4c8996fb92427ae41e4649b934ca495991b7852b855",
      "bytes": 0,
      "mtime_ns": 1789467360183982990
    },
    {
      "path": "<SYNTHETIC_RUNTIME_CANDIDATE>/workspace.sqlite3-shm",
      "sha256": "fd4c9fda9cd3f9ae7c962b0ddf37232294d55580e1aa165aa06129b8549389eb",
      "bytes": 32768,
      "mtime_ns": 1789467360184505831
    }
  ],
  "original_after": [
    {
      "path": "<SYNTHETIC_RUNTIME_CANDIDATE>/workspace.sqlite3",
      "sha256": "642fee953746fa3b3c0b208526660384c69c9276b4b01c2f02af1430b07c6b59",
      "bytes": 3301376,
      "mtime_ns": 1789467359772985713
    },
    {
      "path": "<SYNTHETIC_RUNTIME_CANDIDATE>/workspace.sqlite3-wal",
      "sha256": "e3b0c44298fc1c149afbf4c8996fb92427ae41e4649b934ca495991b7852b855",
      "bytes": 0,
      "mtime_ns": 1789467360183982990
    },
    {
      "path": "<SYNTHETIC_RUNTIME_CANDIDATE>/workspace.sqlite3-shm",
      "sha256": "fd4c9fda9cd3f9ae7c962b0ddf37232294d55580e1aa165aa06129b8549389eb",
      "bytes": 32768,
      "mtime_ns": 1789467360184505831
    }
  ],
  "original_unchanged": true,
  "harness_sha256": "3c926ecc721f0c4131a24c91ff2a8a61818cc5efb4f455f32b5e4d1265377b24",
  "helper_sha256": "ff6d0e989dd215db84f12f70430d6d7d65e8426bb11b62a06c878287c401d362",
  "measurements_sha256": null
}
