diff --git a/apps/web/src/features/assessment/AssessmentView.tsx b/apps/web/src/features/assessment/AssessmentView.tsx
index 2c8dfdc..28b4f57 100644
--- a/apps/web/src/features/assessment/AssessmentView.tsx
+++ b/apps/web/src/features/assessment/AssessmentView.tsx
@@ -40,7 +40,7 @@ export function AssessmentView({ workspace, target, tab, onState, onScroll, load
     {!snapshot && <><p>尚未取得一致的题目与作答快照。不会推测题目或评分。</p><ResponseText values={session.responses} /></>}
     {snapshot && <><nav className="practice-question-nav" aria-label="本次测试题目">{snapshot.questions.map((value, number) => <button key={value.id} data-focus-key={`assessment-question-${value.id}`} aria-current={value.id === question?.id ? 'step' : undefined} onClick={() => select(value.id)}>第 {number + 1} 题{session.responses.some(item => item.question_id === value.id && (item.answer || item.steps_markdown)) ? ' · 已填写' : ''}</button>)}</nav>{question && <QuestionEditor key={question.id} question={question} response={response} index={index} disabled={disabled} update={session.update} contentNotice="按冻结内容状态核对；最终数值与推导依据分别判断" />}
     <section className="practice-submit"><h2>{snapshot.status === 'active' ? '结束本次测试' : '测试结束状态'}</h2>{snapshot.status === 'active' ? <><p>提交只使用服务端已保存的作答；关闭标签不会提交。放弃后不产生独立分数，未同步候选仍可保留在本机。</p><div className="reader-actions"><button className="primary-button" disabled={!session.commandReady} onClick={() => setConfirm('submit')}>提交本次测试</button><button disabled={!session.abandonReady} onClick={() => setConfirm('abandon')}>放弃本次测试</button></div></> : <p>{snapshot.status === 'abandoned' ? '已放弃 · 无分数。' : '已提交，作答已冻结。评分与人工复核使用独立版本。'}测试作答不可修改；本机候选单独保留。</p>}</section>
-    {snapshot.status !== 'active' && snapshot.status !== 'abandoned' && <AssessmentResult workspace={workspace} snapshot={snapshot} changed={() => void session.retry()} onState={setReviewState} />}
+    {snapshot.status !== 'active' && snapshot.status !== 'abandoned' && <AssessmentResult workspace={workspace} snapshot={snapshot} changed={() => void session.refreshGrading()} onState={setReviewState} />}
     <details data-view-key="assessment-frozen"><summary data-focus-key="assessment-frozen">本次测试的冻结引用与范围</summary><p>作答实例：{target.attempt_id}</p><code>{target.assessment_ref.id} · r{target.assessment_ref.revision}<br />SHA-256 {target.assessment_ref.sha256}</code><PreflightFacts facts={snapshot.preflight} course={course} /></details>{markdownReady && <Ready restore={restoreView} />}</>}
     {confirm && <Dialog title={confirm === 'submit' ? '确认提交测试' : '确认放弃测试'} close={() => setConfirm(null)}><p>{confirm === 'submit' ? '提交将冻结已保存作答并排入评分任务；未审或无法确定的项保留待复核，标准答案仍按冻结策略控制。' : '放弃后停止作答，已有服务端记录保留；本机未同步候选保留，不计为独立零分。'}</p><button className="primary-button" disabled={confirm === 'submit' ? !session.commandReady : !session.abandonReady} onClick={() => { const kind = confirm; setConfirm(null); if (kind === 'submit') void session.submit(); else void session.abandon() }}>{confirm === 'submit' ? '确认提交已保存作答' : '确认放弃并保留本机候选'}</button><button onClick={() => setConfirm(null)}>返回作答</button></Dialog>}
   </article></div>
diff --git a/apps/web/src/features/assessment/useAssessmentAttempt.ts b/apps/web/src/features/assessment/useAssessmentAttempt.ts
index 4db9e86..23ec828 100644
--- a/apps/web/src/features/assessment/useAssessmentAttempt.ts
+++ b/apps/web/src/features/assessment/useAssessmentAttempt.ts
@@ -44,12 +44,15 @@ export function useAssessmentAttempt(workspace: string, target: AssessmentTarget
     if (remote.snapshot.status === 'active' && (revision === remote.snapshot.revision && baseResponses && sameResponses(baseResponses, remote.responses) || pending.current && sameResponses(pending.current.responses, remote.responses))) { show(remote, candidate.current, true); pending.current = null; return }
     setData(remote); setConflict({ base: baseResponses ?? null, local: candidate.current, remote }); setState('conflict')
   }
-  const retry = async () => {
+  const retry = async (background = false) => {
     if (writing.current) return
-    const owner = epoch.current; setBusy(true); setError('')
+    const owner = epoch.current
+    // A passive grading refresh must not disable a local recovery button midway
+    // through a pointer gesture. Explicit reads and write commands retain busy.
+    if (!background) { setBusy(true); setError('') }
     try { const remote = await readAttempt(workspace, target); if (active.current && owner === epoch.current) reconcile(remote) }
     catch (reason) { if (active.current && owner === epoch.current) { setError(message(reason)); setState('offline') } }
-    finally { if (active.current && owner === epoch.current) setBusy(false) }
+    finally { if (!background && active.current && owner === epoch.current) setBusy(false) }
   }
   useEffect(() => {
     active.current = true; ++epoch.current; baseline.current = null; candidate.current = []; editing.current = false; writing.current = false; pending.current = null; pendingAction.current = null; envelope.current = null
@@ -132,7 +135,7 @@ export function useAssessmentAttempt(workspace: string, target: AssessmentTarget
     } finally { if (active.current && owner === epoch.current) setBusy(false) }
   }
   return { snapshot: data?.snapshot ?? null, serverResponses: data?.responses ?? [], responses, state, error, busy, conflict, stored, storedEnvelope, localConflicts, needsRecovery, commandReady, abandonReady,
-    update, save, retry, restore, resolveLocal, resolveServer, submit: () => transition('submit'), abandon: () => transition('abandon'),
+    update, save, retry, refreshGrading: () => retry(true), restore, resolveLocal, resolveServer, submit: () => transition('submit'), abandon: () => transition('abandon'),
     localReady: journal.ready, localError: recoveryError || journal.error, localSaving: journal.saving, dirty: editing.current || needsRecovery || localConflicts.length > 0, safe: !journal.unsafe,
     retryLocal: () => { if (envelope.current) journal.save(envelope.current) },
   }
diff --git a/tests/e2e/assessments.spec.ts b/tests/e2e/assessments.spec.ts
index 15e5054..c0be8a8 100644
--- a/tests/e2e/assessments.spec.ts
+++ b/tests/e2e/assessments.spec.ts
@@ -143,6 +143,7 @@ test('missing private binding visibly blocks start instead of fabricating a usab
 })
 
 test('two pages preserve independent local CAS candidates; a later submitted snapshot never accepts restored edits', async ({ page }, info) => {
+  let releaseResult = () => {}, releaseRefresh = () => {}
   const { attempt } = await start(page, 'nativeassessmentlocal', 'assisted')
   await question(page, 2); await page.getByLabel('第 2 题答案', { exact: true }).fill('本机测试共同基准'); await saved(page)
   const before = await responses(page, attempt.id), pattern = `**/api/v1/attempts/${attempt.id}/responses`
@@ -189,10 +190,52 @@ test('two pages preserve independent local CAS candidates; a later submitted sna
     const current = await snapshot(page, attempt.id)
     const receipt = await page.request.post(`/api/v1/attempts/${attempt.id}/submit`, { headers: { Origin: new URL(page.url()).origin, 'X-CSRF-Token': token.csrf_token, 'Idempotency-Key': crypto.randomUUID() }, data: { expected_revision: current.revision } })
     expect(receipt.status()).toBe(202)
-    const ended: AttemptSnapshot = await receipt.json()
-    await page.goto(href)
-    await page.getByRole('button', { name: '恢复这份本机测试作答', exact: true }).click()
+    expect((await receipt.json() as AttemptSnapshot).status).toBe('submitted')
+    // Grading legitimately advances Attempt.revision after submit. Pin the real
+    // completed worker state before checking that restoring drafts cannot edit it.
+    await expect.poll(async () => (await snapshot(page, attempt.id)).status).toBe('needs_review')
+    const ended = await snapshot(page, attempt.id)
+    let resultCaptured = () => {}, refreshStarted = () => {}, resultReleased = false
+    const resultReady = new Promise<void>(resolve => { resultCaptured = resolve })
+    const resultRelease = new Promise<void>(resolve => { releaseResult = resolve })
+    const refreshReady = new Promise<void>(resolve => { refreshStarted = resolve })
+    const refreshRelease = new Promise<void>(resolve => { releaseRefresh = resolve })
+    await page.route(`**/api/v1/attempts/${attempt.id}/result`, async route => {
+      const actual = await route.fetch(); expect(actual.status()).toBe(200)
+      if (!resultReleased) { resultCaptured(); await resultRelease }
+      await route.fulfill({ response: actual })
+    })
+    await page.route(`**/api/v1/attempts/${attempt.id}`, async route => {
+      const actual = await route.fetch()
+      if (resultReleased) { refreshStarted(); await refreshRelease }
+      await route.fulfill({ response: actual })
+    })
+    await page.exposeFunction('releaseAssessmentResult', () => { resultReleased = true; releaseResult() })
+    await page.goto(href); await resultReady
+    const restoring = page.getByRole('button', { name: '恢复这份本机测试作答', exact: true })
+    await expect(restoring).toBeEnabled()
+    await restoring.scrollIntoViewIfNeeded()
+    await restoring.evaluate(button => {
+      const probe = { pointerdown: false, pointerup: false, clicks: 0 }
+      Object.assign(window, { assessmentPointerProbe: probe })
+      button.addEventListener('pointerdown', () => { probe.pointerdown = true; void (window as unknown as { releaseAssessmentResult: () => Promise<void> }).releaseAssessmentResult() }, { once: true })
+      document.addEventListener('pointerup', () => { probe.pointerup = true }, { once: true, capture: true })
+      button.addEventListener('click', () => { probe.clicks++ })
+    })
+    // Release a genuine result during an ordinary pointer gesture, and hold its
+    // passive refresh until pointerup. No response body or parsed grade is mocked.
+    const bounds = (await restoring.boundingBox())!
+    expect(await restoring.evaluate(button => { const box = button.getBoundingClientRect(); return button.contains(document.elementFromPoint(box.x + box.width / 2, box.y + box.height / 2)) })).toBe(true)
+    await page.mouse.move(bounds.x + bounds.width / 2, bounds.y + bounds.height / 2)
+    await page.mouse.down(); await refreshReady
+    await page.evaluate(() => new Promise<void>(resolve => requestAnimationFrame(() => resolve())))
+    const disabledBeforePointerUp = await restoring.evaluate(button => (button as HTMLButtonElement).disabled)
+    await page.mouse.up()
+    const pointer = await page.evaluate(() => (window as unknown as { assessmentPointerProbe: { pointerdown: boolean; pointerup: boolean; clicks: number } }).assessmentPointerProbe)
+    releaseRefresh()
+    await info.attach('grading-refresh-pointer', { body: JSON.stringify({ ...pointer, disabledBeforePointerUp }), contentType: 'application/json' })
     await expect(page.getByRole('heading', { name: '服务端测试作答冲突 · 三方比较', exact: true })).toBeVisible()
+    expect({ ...pointer, disabledBeforePointerUp }).toEqual({ pointerdown: true, pointerup: true, clicks: 1, disabledBeforePointerUp: false })
     await page.getByRole('button', { name: '保留本页作答并采用新基准', exact: true }).click()
     await expect(page.getByLabel('第 2 题答案', { exact: true })).toHaveValue('A测试本机候选 🧠')
     await expect(page.getByLabel('第 2 题答案', { exact: true })).toBeDisabled()
@@ -202,7 +245,7 @@ test('two pages preserve independent local CAS candidates; a later submitted sna
     expect((await snapshot(page, attempt.id)).revision).toBe(ended.revision)
     await page.getByRole('heading', { name: '服务端测试作答冲突 · 三方比较', exact: true }).scrollIntoViewIfNeeded()
     await page.screenshot({ path: info.outputPath('assessment-terminal-local-candidate-1440.png') })
-  } finally { await second.close() }
+  } finally { releaseResult(); releaseRefresh(); await second.close() }
 })
 
 test('late redacted Workbench save uses its original ETag and retains hidden selection after explicit three-way choice', async ({ page }) => {
