
Running 1 test using 1 worker

  ✘  1 ../m34-practice-bootstrap-diagnosis/bootstrap-probe.spec.ts:6:1 › original active-document reset reload retains old-layout conflict under delayed real practice read (10.8s)


  1) ../m34-practice-bootstrap-diagnosis/bootstrap-probe.spec.ts:6:1 › original active-document reset reload retains old-layout conflict under delayed real practice read 

    Error: expect(locator).toBeVisible() failed

    Locator: getByText('✓ UI 会话已保存')
    Expected: visible
    Timeout: 5000ms
    Error: element(s) not found

    Call log:
      - Expect "toBeVisible" getByText('✓ UI 会话已保存') with timeout 5000ms
      - waiting for getByText('✓ UI 会话已保存')


      63 |     mark('reset-clear-returned')
      64 |     await page.reload()
    > 65 |     await expect(page.getByText('✓ UI 会话已保存')).toBeVisible()
         |                                                ^
      66 |   } finally {
      67 |     release()
      68 |     writeFileSync('<EVIDENCE_DIR>/controlled-ledger.json',JSON.stringify(ledger,null,2)+'\n')
        at <EVIDENCE_DIR>/bootstrap-probe.spec.ts:65:48

  1 failed
    ../m34-practice-bootstrap-diagnosis/bootstrap-probe.spec.ts:6:1 › original active-document reset reload retains old-layout conflict under delayed real practice read 
