bubblewrap:
  Installed: (none)
  Candidate: 0.11.1-1ubuntu0.3
  Version table:
     0.11.1-1ubuntu0.3 500
        500 https://archive.ubuntu.com/ubuntu resolute-updates/main amd64 Packages
        500 https://archive.ubuntu.com/ubuntu resolute-security/main amd64 Packages
     0.11.1-1 500
        500 https://archive.ubuntu.com/ubuntu resolute/main amd64 Packages
apparmor:
  Installed: (none)
  Candidate: 5.0.2-0ubuntu1~26.04.1
  Version table:
     5.0.2-0ubuntu1~26.04.1 500
        500 https://archive.ubuntu.com/ubuntu resolute-updates/main amd64 Packages
     5.0.0~beta1-0ubuntu7 500
        500 https://archive.ubuntu.com/ubuntu resolute/main amd64 Packages
libapparmor1:
  Installed: (none)
  Candidate: 5.0.2-0ubuntu1~26.04.1
  Version table:
     5.0.2-0ubuntu1~26.04.1 500
        500 https://archive.ubuntu.com/ubuntu resolute-updates/main amd64 Packages
     5.0.0~beta1-0ubuntu7 500
        500 https://archive.ubuntu.com/ubuntu resolute/main amd64 Packages
libseccomp2:
  Installed: (none)
  Candidate: 2.6.0-2ubuntu5
  Version table:
     2.6.0-2ubuntu5 500
        500 https://archive.ubuntu.com/ubuntu resolute/main amd64 Packages
W: Unable to read /etc/apt/-/ - DirectoryExists (2: No such file or directory)
