[WebServer] INFO:     Started server process [205320]
[WebServer] INFO:     Waiting for application startup.
[WebServer] INFO:     Application startup complete.
[WebServer] INFO:     Uvicorn running on http://127.0.0.1:8765 (Press CTRL+C to quit)
[WebServer] (node:205340) Warning: The 'NO_COLOR' env is ignored due to the 'FORCE_COLOR' env being set.
[WebServer] (Use `node --trace-warnings ...` to show where the warning was created)

Running 1 test using 1 worker

(node:205393) Warning: The 'NO_COLOR' env is ignored due to the 'FORCE_COLOR' env being set.
(Use `node --trace-warnings ...` to show where the warning was created)
  ✘  1 ../m42-continue-reading-diagnosis/observe-original.spec.ts:7:1 › route directory stays honestly empty and continue reading restores the exact last lesson (30.0s)


  1) ../m42-continue-reading-diagnosis/observe-original.spec.ts:7:1 › route directory stays honestly empty and continue reading restores the exact last lesson 

    Test timeout of 30000ms exceeded.

    Error: locator.click: Test timeout of 30000ms exceeded.
    Call log:
      - waiting for getByRole('button', { name: '继续浏览示例' })


      23 |   await expect(page.getByText('✓ UI 会话已保存')).toBeVisible(); await page.reload()
      24 |   await page.getByRole('navigation', { name: '学习主导航' }).getByRole('button', { name: '习题' }).click()
    > 25 |   await page.getByRole('button', { name: '继续浏览示例' }).click()
         |                                                      ^
      26 |   await expect(page.locator('.reader-content h1')).toContainText('1.3')
      27 | })
      28 |
        at <acceptance-cache>/m42-continue-reading-diagnosis/observe-original.spec.ts:25:54

    Error Context: ../m42-continue-reading-diagnosis/run-003/playwright-output/observe-original-route-dir-56967-tores-the-exact-last-lesson/error-context.md

  1 failed
    ../m42-continue-reading-diagnosis/observe-original.spec.ts:7:1 › route directory stays honestly empty and continue reading restores the exact last lesson 
