============================= test session starts ==============================
platform linux -- Python 3.12.13, pytest-9.1.1, pluggy-1.6.0
cachedir: $HOME/.cache/learning-workbench-acceptance/m63-bootstrap-root-focused-852-oct03/cache
rootdir: $HOME/.cache/learning-workbench-acceptance/m63-bootstrap-independent-review-oct03
configfile: pyproject.toml
plugins: anyio-4.15.1
collected 217 items

tests/contract/test_codex_bootstrap_dto.py ............................. [ 13%]
.....                                                                    [ 15%]
tests/contract/test_codex_bootstrap_routes.py .                          [ 16%]
tests/contract/test_api_projection.py .................................. [ 31%]
........................................................................ [ 64%]
.............                                                            [ 70%]
tests/integration/test_codex_bootstrap_http.py ......................... [ 82%]
.........                                                                [ 86%]
tests/unit/test_codex_bootstrap_freeze.py ......                         [ 89%]
tests/unit/test_codex_bootstrap_protocol.py ...................          [ 98%]
tests/integration/test_backup_codex_control_history.py ....              [100%]

=============================== warnings summary ===============================
../../../Desktop/learning/Learning_Workbench/.venv/lib/python3.12/site-packages/fastapi/testclient.py:1
  $HOME/Desktop/learning/Learning_Workbench/.venv/lib/python3.12/site-packages/fastapi/testclient.py:1: StarletteDeprecationWarning: Using `httpx` with `starlette.testclient` is deprecated; install `httpx2` instead.
    from starlette.testclient import TestClient as TestClient  # noqa

../../../Desktop/learning/Learning_Workbench/.venv/lib/python3.12/site-packages/starlette/testclient.py:53
  $HOME/Desktop/learning/Learning_Workbench/.venv/lib/python3.12/site-packages/starlette/testclient.py:53: DeprecationWarning: The anyio.abc.BlockingPortal alias is deprecated, use anyio.from_thread.BlockingPortal instead.
    _PortalFactoryType = Callable[[], AbstractContextManager[anyio.abc.BlockingPortal]]

-- Docs: https://docs.pytest.org/en/stable/how-to/capture-warnings.html
================= 217 passed, 2 warnings in 158.08s (0:02:38) ==================
