.F...................................................................... [  9%]
........................................................................ [ 18%]
........................................................................ [ 27%]
........................................................................ [ 37%]
........................................................................ [ 46%]
........................................................................ [ 55%]
........................................................................ [ 64%]
........................................................................ [ 74%]
........................................................................ [ 83%]
........................................................................ [ 92%]
..........................................................               [100%]
=================================== FAILURES ===================================
_____ test_router_and_openapi_are_bidirectionally_equal_and_subset_of_spec _____
tests/contract/test_api_projection.py:74: in test_router_and_openapi_are_bidirectionally_equal_and_subset_of_spec
    assert len(projection) == 107
E   AssertionError: assert 110 == 107
E    +  where 110 = len({('DELETE', '/api/v1/notes/{id}'), ('DELETE', '/api/v1/providers/{id}/secret'), ('GET', '/api/v1/artifacts/{id}/download'), ('GET', '/api/v1/assessments'), ('GET', '/api/v1/attempts/{id}'), ('GET', '/api/v1/attempts/{id}/responses'), ...})
=============================== warnings summary ===============================
../../../Desktop/learning/Learning_Workbench/.venv/lib/python3.12/site-packages/fastapi/testclient.py:1
  $HOME/Desktop/learning/Learning_Workbench/.venv/lib/python3.12/site-packages/fastapi/testclient.py:1: StarletteDeprecationWarning: Using `httpx` with `starlette.testclient` is deprecated; install `httpx2` instead.
    from starlette.testclient import TestClient as TestClient  # noqa

../../../Desktop/learning/Learning_Workbench/.venv/lib/python3.12/site-packages/starlette/testclient.py:53
  $HOME/Desktop/learning/Learning_Workbench/.venv/lib/python3.12/site-packages/starlette/testclient.py:53: DeprecationWarning: The anyio.abc.BlockingPortal alias is deprecated, use anyio.from_thread.BlockingPortal instead.
    _PortalFactoryType = Callable[[], AbstractContextManager[anyio.abc.BlockingPortal]]

-- Docs: https://docs.pytest.org/en/stable/how-to/capture-warnings.html
=========================== short test summary info ============================
FAILED tests/contract/test_api_projection.py::test_router_and_openapi_are_bidirectionally_equal_and_subset_of_spec
1 failed, 777 passed, 2 warnings in 249.89s (0:04:09)
