FF.                                                                      [100%]
=================================== FAILURES ===================================
_______ test_original_manual_revision_binding_not_hidden_by_later_false ________

[synthetic fixture runtime representation omitted]

    def test_original_manual_revision_binding_not_hidden_by_later_false(storage):
        database, workspace, _, objects, _ = storage
        route = dm.Route(id='route_review', revision=1, title='Source history review', goal='No grade', steps=[dm.RouteStep(id='step_review', title='Manual', target=reference(objects[0]), completion_rule='manual')])
        ContentService(database).publish(workspace, [route], {})
        with database.transaction() as connection:
            first = record_route_completion(connection, workspace, reference(route), 'step_review', True, 1)
            second = record_route_completion(connection, workspace, reference(route), 'step_review', False, 2)
            before = route_step_projection(connection, workspace)
            assert before[0].manual_override is False and before[0].source_event_ids == [second.event_id]
            row = connection.execute("SELECT id,payload_json FROM outbox WHERE json_extract(payload_json,'$.event_id')=?", (first.event_id,)).fetchone()
            payload = strict_json(row['payload_json'])
            assert payload['progress_revision'] == 2
            payload['progress_revision'] = 3
            connection.execute('UPDATE outbox SET payload_json=? WHERE id=?', (canonical_bytes(payload).decode(), row['id']))
>       with database.transaction() as connection, pytest.raises(ApiError):
                                                   ^^^^^^^^^^^^^^^^^^^^^^^
E       Failed: DID NOT RAISE ApiError

./test_source_integrity.py:31: Failed
______ test_practice_submission_without_own_learning_outbox_not_admitted _______

[synthetic fixture runtime representation omitted]

    def test_practice_submission_without_own_learning_outbox_not_admitted(assessment_storage):
        database, identity, fixture, _ = assessment_storage
        service = PracticeService(database)
        session = service.create_session(identity, PracticeSessionCreate(practice_ref=reference(fixture.practice)), 'create')
        service.submit(identity, session.id, PracticeSubmitRequest(expected_revision=1), 'submit')
        with database.transaction() as connection:
            original = practice_participation(connection, identity.workspace_id)
            assert len(original.submissions) == 1
            event_id = original.submissions[0].event_id
            deleted = connection.execute("DELETE FROM outbox WHERE event_type='learning.action_recorded' AND json_extract(payload_json,'$.event_id')=?", (event_id,))
            assert deleted.rowcount == 1
>       with database.transaction() as connection, pytest.raises(ApiError):
                                                   ^^^^^^^^^^^^^^^^^^^^^^^
E       Failed: DID NOT RAISE ApiError

./test_source_integrity.py:46: Failed
=============================== warnings summary ===============================
.venv/lib/python3.12/site-packages/fastapi/testclient.py:1
  <REPO>/.venv/lib/python3.12/site-packages/fastapi/testclient.py:1: StarletteDeprecationWarning: Using `httpx` with `starlette.testclient` is deprecated; install `httpx2` instead.
    from starlette.testclient import TestClient as TestClient  # noqa

.venv/lib/python3.12/site-packages/starlette/testclient.py:53
  <REPO>/.venv/lib/python3.12/site-packages/starlette/testclient.py:53: DeprecationWarning: The anyio.abc.BlockingPortal alias is deprecated, use anyio.from_thread.BlockingPortal instead.
    _PortalFactoryType = Callable[[], AbstractContextManager[anyio.abc.BlockingPortal]]

-- Docs: https://docs.pytest.org/en/stable/how-to/capture-warnings.html
=========================== short test summary info ============================
FAILED ../../../../.../test_source_integrity.py::test_original_manual_revision_binding_not_hidden_by_later_false
FAILED ../../../../.../test_source_integrity.py::test_practice_submission_without_own_learning_outbox_not_admitted
2 failed, 1 passed, 2 warnings in 0.56s
