progress/evidence/2026-10-03/M6.3-client-document-wording-and-selector-peer-closure/body-closure/SAFE_SHARE/context-excerpts.txt:7: trailing whitespace.
+319: 
progress/evidence/2026-10-03/M6.3-client-document-wording-and-selector-peer-closure/body-closure/SAFE_SHARE/context-excerpts.txt:9: trailing whitespace.
+321: 
progress/evidence/2026-10-03/M6.3-client-document-wording-and-selector-peer-closure/body-closure/SAFE_SHARE/context-excerpts.txt:12: trailing whitespace.
+351: 
progress/evidence/2026-10-03/M6.3-client-document-wording-and-selector-peer-closure/body-closure/SAFE_SHARE/context-excerpts.txt:14: trailing whitespace.
+353: 
progress/evidence/2026-10-03/M6.3-client-document-wording-and-selector-peer-closure/body-closure/SAFE_SHARE/context-excerpts.txt:17: trailing whitespace.
+655: 
progress/evidence/2026-10-03/M6.3-client-document-wording-and-selector-peer-closure/body-closure/SAFE_SHARE/context-excerpts.txt:19: trailing whitespace.
+657: 
progress/evidence/2026-10-03/M6.3-client-document-wording-and-selector-peer-closure/body-closure/SAFE_SHARE/context-excerpts.txt:22: trailing whitespace.
+1007: 
progress/evidence/2026-10-03/M6.3-client-document-wording-and-selector-peer-closure/body-closure/SAFE_SHARE/context-excerpts.txt:24: trailing whitespace.
+1009: 
progress/evidence/2026-10-03/M6.3-client-document-wording-and-selector-peer-closure/body-closure/SAFE_SHARE/context-excerpts.txt:26: trailing whitespace.
+1011: 
progress/evidence/2026-10-03/M6.3-client-document-wording-and-selector-peer-closure/body-closure/SAFE_SHARE/context-excerpts.txt:29: trailing whitespace.
+1466: 
progress/evidence/2026-10-03/M6.3-client-document-wording-and-selector-peer-closure/body-closure/SAFE_SHARE/context-excerpts.txt:72: trailing whitespace.
+4: 
progress/evidence/2026-10-03/M6.3-client-document-wording-and-selector-peer-closure/body-closure/SAFE_SHARE/context-excerpts.txt:77: trailing whitespace.
+9: 
progress/evidence/2026-10-03/M6.3-client-document-wording-and-selector-peer-closure/body-closure/SAFE_SHARE/context-excerpts.txt:92: trailing whitespace.
+24: 
progress/evidence/2026-10-03/M6.3-client-document-wording-and-selector-peer-closure/body-closure/SAFE_SHARE/fixed-diff.patch:67: trailing whitespace.
+ 
progress/evidence/2026-10-03/M6.3-client-document-wording-and-selector-peer-closure/original-body/SAFE_SHARE/context-excerpts.txt:7: trailing whitespace.
+351: 
progress/evidence/2026-10-03/M6.3-client-document-wording-and-selector-peer-closure/original-body/SAFE_SHARE/context-excerpts.txt:9: trailing whitespace.
+353: 
progress/evidence/2026-10-03/M6.3-client-document-wording-and-selector-peer-closure/original-body/SAFE_SHARE/context-excerpts.txt:12: trailing whitespace.
+655: 
progress/evidence/2026-10-03/M6.3-client-document-wording-and-selector-peer-closure/original-body/SAFE_SHARE/context-excerpts.txt:14: trailing whitespace.
+657: 
progress/evidence/2026-10-03/M6.3-client-document-wording-and-selector-peer-closure/original-body/SAFE_SHARE/context-excerpts.txt:17: trailing whitespace.
+1466: 
progress/evidence/2026-10-03/M6.3-client-document-wording-and-selector-peer-closure/original-body/SAFE_SHARE/context-excerpts.txt:57: trailing whitespace.
+4: 
progress/evidence/2026-10-03/M6.3-client-document-wording-and-selector-peer-closure/original-body/SAFE_SHARE/context-excerpts.txt:62: trailing whitespace.
+9: 
progress/evidence/2026-10-03/M6.3-client-document-wording-and-selector-peer-closure/original-body/SAFE_SHARE/context-excerpts.txt:77: trailing whitespace.
+24: 
progress/evidence/2026-10-03/M6.3-client-document-wording-and-selector-peer-closure/selector-closure/SAFE_SHARE/context-excerpts.txt:7: trailing whitespace.
+319: 
progress/evidence/2026-10-03/M6.3-client-document-wording-and-selector-peer-closure/selector-closure/SAFE_SHARE/context-excerpts.txt:9: trailing whitespace.
+321: 
progress/evidence/2026-10-03/M6.3-client-document-wording-and-selector-peer-closure/selector-closure/SAFE_SHARE/context-excerpts.txt:12: trailing whitespace.
+351: 
progress/evidence/2026-10-03/M6.3-client-document-wording-and-selector-peer-closure/selector-closure/SAFE_SHARE/context-excerpts.txt:14: trailing whitespace.
+353: 
progress/evidence/2026-10-03/M6.3-client-document-wording-and-selector-peer-closure/selector-closure/SAFE_SHARE/context-excerpts.txt:17: trailing whitespace.
+1007: 
progress/evidence/2026-10-03/M6.3-client-footer-and-API-static-peer-followups/backend-closure/SAFE_SHARE/context-excerpts.txt:7: trailing whitespace.
+1369: 
progress/evidence/2026-10-03/M6.3-client-footer-and-API-static-peer-followups/backend-closure/SAFE_SHARE/context-excerpts.txt:9: trailing whitespace.
+1371: 
progress/evidence/2026-10-03/M6.3-client-footer-and-API-static-peer-followups/backend-closure/SAFE_SHARE/context-excerpts.txt:11: trailing whitespace.
+1373: 
progress/evidence/2026-10-03/M6.3-client-footer-and-API-static-peer-followups/backend-closure/SAFE_SHARE/context-excerpts.txt:13: trailing whitespace.
+1375: 
progress/evidence/2026-10-03/M6.3-client-footer-and-API-static-peer-followups/backend-closure/SAFE_SHARE/context-excerpts.txt:15: trailing whitespace.
+1377: 
progress/evidence/2026-10-03/M6.3-client-footer-and-API-static-peer-followups/backend-closure/SAFE_SHARE/context-excerpts.txt:28: trailing whitespace.
+3: 
progress/evidence/2026-10-03/M6.3-client-footer-and-API-static-peer-followups/backend-closure/SAFE_SHARE/context-excerpts.txt:40: trailing whitespace.
+15: 
progress/evidence/2026-10-03/M6.3-client-footer-and-API-static-peer-followups/backend-closure/SAFE_SHARE/context-excerpts.txt:41: trailing whitespace.
+16: 
progress/evidence/2026-10-03/M6.3-client-footer-and-API-static-peer-followups/backend-closure/SAFE_SHARE/context-excerpts.txt:45: trailing whitespace.
+20: 
progress/evidence/2026-10-03/M6.3-client-footer-and-API-static-peer-followups/backend-closure/SAFE_SHARE/context-excerpts.txt:46: trailing whitespace.
+21: 
progress/evidence/2026-10-03/M6.3-client-footer-and-API-static-peer-followups/backend-closure/SAFE_SHARE/context-excerpts.txt:50: trailing whitespace.
+25: 
progress/evidence/2026-10-03/M6.3-client-footer-and-API-static-peer-followups/backend-closure/SAFE_SHARE/context-excerpts.txt:55: trailing whitespace.
+30: 
progress/evidence/2026-10-03/M6.3-client-footer-and-API-static-peer-followups/backend-closure/SAFE_SHARE/context-excerpts.txt:60: trailing whitespace.
+35: 
progress/evidence/2026-10-03/M6.3-client-footer-and-API-static-peer-followups/backend-closure/SAFE_SHARE/context-excerpts.txt:65: trailing whitespace.
+40: 
progress/evidence/2026-10-03/M6.3-client-footer-and-API-static-peer-followups/backend-closure/SAFE_SHARE/context-excerpts.txt:70: trailing whitespace.
+45: 
progress/evidence/2026-10-03/M6.3-client-footer-and-API-static-peer-followups/backend-closure/SAFE_SHARE/context-excerpts.txt:74: trailing whitespace.
+49: 
progress/evidence/2026-10-03/M6.3-client-footer-and-API-static-peer-followups/backend-closure/SAFE_SHARE/context-excerpts.txt:78: trailing whitespace.
+86: 
progress/evidence/2026-10-03/M6.3-client-footer-and-API-static-peer-followups/backend-closure/SAFE_SHARE/context-excerpts.txt:82: trailing whitespace.
+90: 
progress/evidence/2026-10-03/M6.3-client-footer-and-API-static-peer-followups/backend-closure/SAFE_SHARE/context-excerpts.txt:99: trailing whitespace.
+674: 
progress/evidence/2026-10-03/M6.3-client-footer-and-API-static-peer-followups/backend-closure/SAFE_SHARE/context-excerpts.txt:102: trailing whitespace.
+677: 
progress/evidence/2026-10-03/M6.3-client-footer-and-API-static-peer-followups/backend-closure/SAFE_SHARE/context-excerpts.txt:106: trailing whitespace.
+681: 
progress/evidence/2026-10-03/M6.3-client-footer-and-API-static-peer-followups/backend-closure/SAFE_SHARE/context-excerpts.txt:108: trailing whitespace.
+683: 
progress/evidence/2026-10-03/M6.3-client-footer-and-API-static-peer-followups/backend-closure/SAFE_SHARE/context-excerpts.txt:120: trailing whitespace.
+695: 
progress/evidence/2026-10-03/M6.3-client-footer-and-API-static-peer-followups/backend-closure/SAFE_SHARE/context-excerpts.txt:128: trailing whitespace.
+703: 
progress/evidence/2026-10-03/M6.3-client-footer-and-API-static-peer-followups/backend-closure/SAFE_SHARE/context-excerpts.txt:138: trailing whitespace.
+115: 
progress/evidence/2026-10-03/M6.3-client-footer-and-API-static-peer-followups/backend-closure/SAFE_SHARE/context-excerpts.txt:147: trailing whitespace.
+124: 
progress/evidence/2026-10-03/M6.3-client-footer-and-API-static-peer-followups/backend-closure/SAFE_SHARE/context-excerpts.txt:152: trailing whitespace.
+129: 
progress/evidence/2026-10-03/M6.3-client-footer-and-API-static-peer-followups/backend-closure/SAFE_SHARE/context-excerpts.txt:156: trailing whitespace.
+133: 
progress/evidence/2026-10-03/M6.3-client-footer-and-API-static-peer-followups/backend-closure/SAFE_SHARE/context-excerpts.txt:169: trailing whitespace.
+146: 
progress/evidence/2026-10-03/M6.3-client-footer-and-API-static-peer-followups/backend-closure/SAFE_SHARE/context-excerpts.txt:176: trailing whitespace.
+153: 
progress/evidence/2026-10-03/M6.3-client-footer-and-API-static-peer-followups/backend-closure/SAFE_SHARE/context-excerpts.txt:186: trailing whitespace.
+101: 
progress/evidence/2026-10-03/M6.3-client-footer-and-API-static-peer-followups/backend-closure/SAFE_SHARE/context-excerpts.txt:189: trailing whitespace.
+104: 
progress/evidence/2026-10-03/M6.3-client-footer-and-API-static-peer-followups/backend-closure/SAFE_SHARE/context-excerpts.txt:192: trailing whitespace.
+107: 
progress/evidence/2026-10-03/M6.3-client-footer-and-API-static-peer-followups/backend-closure/SAFE_SHARE/context-excerpts.txt:195: trailing whitespace.
+110: 
progress/evidence/2026-10-03/M6.3-client-footer-and-API-static-peer-followups/backend-closure/SAFE_SHARE/fixed-diff.patch:42: trailing whitespace.
+ 
progress/evidence/2026-10-03/M6.3-client-footer-and-API-static-peer-followups/backend-closure/SAFE_SHARE/fixed-diff.patch:52: trailing whitespace.
+ 
progress/evidence/2026-10-03/M6.3-client-footer-and-API-static-peer-followups/backend-closure/SAFE_SHARE/fixed-diff.patch:53: trailing whitespace.
+ 
progress/evidence/2026-10-03/M6.3-client-footer-and-API-static-peer-followups/backend-closure/SAFE_SHARE/fixed-diff.patch:85: trailing whitespace.
+ 
progress/evidence/2026-10-03/M6.3-client-footer-and-API-static-peer-followups/backend-closure/SAFE_SHARE/fixed-diff.patch:86: trailing whitespace.
+ 
progress/evidence/2026-10-03/M6.3-client-footer-and-API-static-peer-followups/backend-original/SAFE_SHARE/context-excerpts.txt:7: trailing whitespace.
+1369: 
progress/evidence/2026-10-03/M6.3-client-footer-and-API-static-peer-followups/backend-original/SAFE_SHARE/context-excerpts.txt:9: trailing whitespace.
+1371: 
progress/evidence/2026-10-03/M6.3-client-footer-and-API-static-peer-followups/backend-original/SAFE_SHARE/context-excerpts.txt:11: trailing whitespace.
+1373: 
progress/evidence/2026-10-03/M6.3-client-footer-and-API-static-peer-followups/backend-original/SAFE_SHARE/context-excerpts.txt:13: trailing whitespace.
+1375: 
progress/evidence/2026-10-03/M6.3-client-footer-and-API-static-peer-followups/backend-original/SAFE_SHARE/context-excerpts.txt:15: trailing whitespace.
+1377: 
progress/evidence/2026-10-03/M6.3-client-footer-and-API-static-peer-followups/backend-original/SAFE_SHARE/context-excerpts.txt:68: trailing whitespace.
+3: 
progress/evidence/2026-10-03/M6.3-client-footer-and-API-static-peer-followups/backend-original/SAFE_SHARE/context-excerpts.txt:80: trailing whitespace.
+15: 
progress/evidence/2026-10-03/M6.3-client-footer-and-API-static-peer-followups/backend-original/SAFE_SHARE/context-excerpts.txt:81: trailing whitespace.
+16: 
progress/evidence/2026-10-03/M6.3-client-footer-and-API-static-peer-followups/backend-original/SAFE_SHARE/context-excerpts.txt:85: trailing whitespace.
+20: 
progress/evidence/2026-10-03/M6.3-client-footer-and-API-static-peer-followups/backend-original/SAFE_SHARE/context-excerpts.txt:86: trailing whitespace.
+21: 
progress/evidence/2026-10-03/M6.3-client-footer-and-API-static-peer-followups/backend-original/SAFE_SHARE/context-excerpts.txt:90: trailing whitespace.
+25: 
progress/evidence/2026-10-03/M6.3-client-footer-and-API-static-peer-followups/backend-original/SAFE_SHARE/context-excerpts.txt:95: trailing whitespace.
+30: 
progress/evidence/2026-10-03/M6.3-client-footer-and-API-static-peer-followups/backend-original/SAFE_SHARE/context-excerpts.txt:100: trailing whitespace.
+35: 
progress/evidence/2026-10-03/M6.3-client-footer-and-API-static-peer-followups/backend-original/SAFE_SHARE/context-excerpts.txt:105: trailing whitespace.
+40: 
progress/evidence/2026-10-03/M6.3-client-footer-and-API-static-peer-followups/backend-original/SAFE_SHARE/context-excerpts.txt:110: trailing whitespace.
+45: 
progress/evidence/2026-10-03/M6.3-client-footer-and-API-static-peer-followups/backend-original/SAFE_SHARE/context-excerpts.txt:114: trailing whitespace.
+49: 
progress/evidence/2026-10-03/M6.3-client-footer-and-API-static-peer-followups/backend-original/SAFE_SHARE/context-excerpts.txt:118: trailing whitespace.
+86: 
progress/evidence/2026-10-03/M6.3-client-footer-and-API-static-peer-followups/backend-original/SAFE_SHARE/context-excerpts.txt:122: trailing whitespace.
+90: 
progress/evidence/2026-10-03/M6.3-client-footer-and-API-static-peer-followups/backend-original/SAFE_SHARE/context-excerpts.txt:139: trailing whitespace.
+674: 
progress/evidence/2026-10-03/M6.3-client-footer-and-API-static-peer-followups/backend-original/SAFE_SHARE/context-excerpts.txt:142: trailing whitespace.
+677: 
progress/evidence/2026-10-03/M6.3-client-footer-and-API-static-peer-followups/backend-original/SAFE_SHARE/context-excerpts.txt:146: trailing whitespace.
+681: 
progress/evidence/2026-10-03/M6.3-client-footer-and-API-static-peer-followups/backend-original/SAFE_SHARE/context-excerpts.txt:148: trailing whitespace.
+683: 
progress/evidence/2026-10-03/M6.3-client-footer-and-API-static-peer-followups/backend-original/SAFE_SHARE/context-excerpts.txt:160: trailing whitespace.
+695: 
progress/evidence/2026-10-03/M6.3-client-footer-and-API-static-peer-followups/backend-original/SAFE_SHARE/context-excerpts.txt:168: trailing whitespace.
+703: 
progress/evidence/2026-10-03/M6.3-client-footer-and-API-static-peer-followups/backend-original/SAFE_SHARE/context-excerpts.txt:178: trailing whitespace.
+115: 
progress/evidence/2026-10-03/M6.3-client-footer-and-API-static-peer-followups/backend-original/SAFE_SHARE/context-excerpts.txt:187: trailing whitespace.
+124: 
progress/evidence/2026-10-03/M6.3-client-footer-and-API-static-peer-followups/backend-original/SAFE_SHARE/context-excerpts.txt:192: trailing whitespace.
+129: 
progress/evidence/2026-10-03/M6.3-client-footer-and-API-static-peer-followups/backend-original/SAFE_SHARE/context-excerpts.txt:196: trailing whitespace.
+133: 
progress/evidence/2026-10-03/M6.3-client-footer-and-API-static-peer-followups/backend-original/SAFE_SHARE/context-excerpts.txt:209: trailing whitespace.
+146: 
progress/evidence/2026-10-03/M6.3-client-footer-and-API-static-peer-followups/backend-original/SAFE_SHARE/context-excerpts.txt:216: trailing whitespace.
+153: 
progress/evidence/2026-10-03/M6.3-client-footer-and-API-static-peer-followups/backend-original/SAFE_SHARE/fixed-diff.patch:28: trailing whitespace.
+ 
progress/evidence/2026-10-03/M6.3-client-footer-and-API-static-peer-followups/backend-original/SAFE_SHARE/fixed-diff.patch:29: trailing whitespace.
+ 
progress/evidence/2026-10-03/M6.3-client-footer-and-API-static-peer-followups/client-footer-closure/SAFE_SHARE/context-excerpts.txt:7: trailing whitespace.
+351: 
progress/evidence/2026-10-03/M6.3-client-footer-and-API-static-peer-followups/client-footer-closure/SAFE_SHARE/context-excerpts.txt:9: trailing whitespace.
+353: 
progress/evidence/2026-10-03/M6.3-client-footer-and-API-static-peer-followups/client-footer-closure/SAFE_SHARE/context-excerpts.txt:18: trailing whitespace.
+4: 
progress/evidence/2026-10-03/M6.3-client-footer-and-API-static-peer-followups/client-footer-closure/SAFE_SHARE/context-excerpts.txt:23: trailing whitespace.
+9: 
progress/evidence/2026-10-03/M6.3-client-footer-and-API-static-peer-followups/client-footer-closure/SAFE_SHARE/context-excerpts.txt:38: trailing whitespace.
+24: 
