2026-09-15T04:59:38.7280289Z Current runner version: '2.337.0'
2026-09-15T04:59:38.7307353Z ##[group]Runner Image Provisioner
2026-09-15T04:59:38.7308180Z Hosted Compute Agent
2026-09-15T04:59:38.7308875Z Version: 20260828.587
2026-09-15T04:59:38.7309543Z Commit: abac92662cab4cc7352de4f9f9d2e2419aad9c29
2026-09-15T04:59:38.7310322Z Build Date: 2026-08-28T16:44:25Z
2026-09-15T04:59:38.7311317Z Worker ID: {e54468bd-5a4d-494f-bf99-dd36b2c312d8}
2026-09-15T04:59:38.7312112Z Azure Region: eastus
2026-09-15T04:59:38.7312697Z ##[endgroup]
2026-09-15T04:59:38.7314228Z ##[group]Operating System
2026-09-15T04:59:38.7314964Z Ubuntu
2026-09-15T04:59:38.7315530Z 26.04.1
2026-09-15T04:59:38.7316085Z LTS
2026-09-15T04:59:38.7316594Z ##[endgroup]
2026-09-15T04:59:38.7317201Z ##[group]Runner Image
2026-09-15T04:59:38.7317863Z Image: ubuntu-26.04
2026-09-15T04:59:38.7318408Z Version: 20260907.131.1
2026-09-15T04:59:38.7319737Z Included Software: https://github.com/actions/runner-images/blob/ubuntu26/20260907.131/images/ubuntu/Ubuntu2604-Readme.md
2026-09-15T04:59:38.7321522Z Image Release: https://github.com/actions/runner-images/releases/tag/ubuntu26%2F20260907.131
2026-09-15T04:59:38.7322539Z ##[endgroup]
2026-09-15T04:59:38.7323694Z ##[group]GITHUB_TOKEN Permissions
2026-09-15T04:59:38.7325661Z Contents: read
2026-09-15T04:59:38.7326372Z Metadata: read
2026-09-15T04:59:38.7326940Z ##[endgroup]
2026-09-15T04:59:38.7329119Z Secret source: Actions
2026-09-15T04:59:38.7330068Z Cache mode: write
2026-09-15T04:59:38.7331191Z Prepare workflow directory
2026-09-15T04:59:38.7676517Z Prepare all required actions
2026-09-15T04:59:38.7726310Z Getting action download info
2026-09-15T04:59:38.9537843Z Download action repository 'actions/checkout@3d3c42e5aac5ba805825da76410c181273ba90b1' (SHA:3d3c42e5aac5ba805825da76410c181273ba90b1)
2026-09-15T04:59:39.6523081Z Download action repository 'actions/setup-python@5fda3b95a4ea91299a34e894583c3862153e4b97' (SHA:5fda3b95a4ea91299a34e894583c3862153e4b97)
2026-09-15T04:59:39.8259362Z Download action repository 'actions/setup-node@820762786026740c76f36085b0efc47a31fe5020' (SHA:820762786026740c76f36085b0efc47a31fe5020)
2026-09-15T04:59:40.1806785Z Complete job name: browser
2026-09-15T04:59:40.2593269Z ##[group]Run actions/checkout@3d3c42e5aac5ba805825da76410c181273ba90b1
2026-09-15T04:59:40.2594071Z with:
2026-09-15T04:59:40.2594354Z   repository: kl3574/Learning_Workbench
2026-09-15T04:59:40.2597257Z   token: ***
2026-09-15T04:59:40.2597531Z   ssh-strict: true
2026-09-15T04:59:40.2597799Z   ssh-user: git
2026-09-15T04:59:40.2598070Z   persist-credentials: true
2026-09-15T04:59:40.2598371Z   clean: true
2026-09-15T04:59:40.2598653Z   sparse-checkout-cone-mode: true
2026-09-15T04:59:40.2598968Z   fetch-depth: 1
2026-09-15T04:59:40.2599245Z   fetch-tags: false
2026-09-15T04:59:40.2599516Z   show-progress: true
2026-09-15T04:59:40.2599800Z   lfs: false
2026-09-15T04:59:40.2600096Z   submodules: false
2026-09-15T04:59:40.2600373Z   set-safe-directory: true
2026-09-15T04:59:40.2600693Z   allow-unsafe-pr-checkout: false
2026-09-15T04:59:40.2601553Z ##[endgroup]
2026-09-15T04:59:40.3648471Z Syncing repository: kl3574/Learning_Workbench
2026-09-15T04:59:40.3651776Z ##[group]Getting Git version info
2026-09-15T04:59:40.3652788Z Working directory is '<ci-home>/work/Learning_Workbench/Learning_Workbench'
2026-09-15T04:59:40.3654213Z [command]/usr/bin/git version
2026-09-15T04:59:40.3689403Z git version 2.55.0
2026-09-15T04:59:40.3719370Z ##[endgroup]
2026-09-15T04:59:40.3733424Z Temporarily overriding HOME='<ci-home>/work/_temp/71357b06-1177-421a-a88e-b93c36900a33' before making global git config changes
2026-09-15T04:59:40.3747296Z Adding repository directory to the temporary git global config as a safe directory
2026-09-15T04:59:40.3748703Z [command]/usr/bin/git config --global --add safe.directory <ci-home>/work/Learning_Workbench/Learning_Workbench
2026-09-15T04:59:40.4248021Z Deleting the contents of '<ci-home>/work/Learning_Workbench/Learning_Workbench'
2026-09-15T04:59:40.4251823Z ##[group]Determining repository object format
2026-09-15T04:59:40.4253766Z ##[endgroup]
2026-09-15T04:59:40.4254554Z ##[group]Initializing the repository
2026-09-15T04:59:40.4259212Z [command]/usr/bin/git init <ci-home>/work/Learning_Workbench/Learning_Workbench
2026-09-15T04:59:40.4967875Z hint: Using 'master' as the name for the initial branch. This default branch name
2026-09-15T04:59:40.4969456Z hint: will change to "main" in Git 3.0. To configure the initial branch name
2026-09-15T04:59:40.4970559Z hint: to use in all of your new repositories, which will suppress this warning,
2026-09-15T04:59:40.4971694Z hint: call:
2026-09-15T04:59:40.4972002Z hint:
2026-09-15T04:59:40.4972423Z hint: 	git config --global init.defaultBranch <name>
2026-09-15T04:59:40.4972888Z hint:
2026-09-15T04:59:40.4973322Z hint: Names commonly chosen instead of 'master' are 'main', 'trunk' and
2026-09-15T04:59:40.4974279Z hint: 'development'. The just-created branch can be renamed via this command:
2026-09-15T04:59:40.4975211Z hint:
2026-09-15T04:59:40.4975627Z hint: 	git branch -m <name>
2026-09-15T04:59:40.4976281Z hint:
2026-09-15T04:59:40.4977249Z hint: Disable this message with "git config set advice.defaultBranchName false"
2026-09-15T04:59:40.4978451Z Initialized empty Git repository in <ci-home>/work/Learning_Workbench/Learning_Workbench/.git/
2026-09-15T04:59:40.4985117Z [command]/usr/bin/git remote add origin https://github.com/kl3574/Learning_Workbench
2026-09-15T04:59:40.5372632Z ##[endgroup]
2026-09-15T04:59:40.5373284Z ##[group]Disabling automatic garbage collection
2026-09-15T04:59:40.5376643Z [command]/usr/bin/git config --local gc.auto 0
2026-09-15T04:59:40.5415835Z ##[endgroup]
2026-09-15T04:59:40.5416893Z ##[group]Setting up auth
2026-09-15T04:59:40.5417564Z Removing SSH command configuration
2026-09-15T04:59:40.5423832Z [command]/usr/bin/git config --local --name-only --get-regexp core\.sshCommand
2026-09-15T04:59:40.5461951Z [command]/usr/bin/git submodule foreach --recursive sh -c "git config --local --name-only --get-regexp 'core\.sshCommand' && git config --local --unset-all 'core.sshCommand' || :"
2026-09-15T04:59:40.8057735Z Removing HTTP extra header
2026-09-15T04:59:40.8066375Z [command]/usr/bin/git config --local --name-only --get-regexp http\.https\:\/\/github\.com\/\.extraheader
2026-09-15T04:59:40.8106662Z [command]/usr/bin/git submodule foreach --recursive sh -c "git config --local --name-only --get-regexp 'http\.https\:\/\/github\.com\/\.extraheader' && git config --local --unset-all 'http.https://github.com/.extraheader' || :"
2026-09-15T04:59:40.8384027Z Removing includeIf entries pointing to credentials config files
2026-09-15T04:59:40.8390334Z [command]/usr/bin/git config --local --name-only --get-regexp ^includeIf\.gitdir:
2026-09-15T04:59:40.8435594Z [command]/usr/bin/git submodule foreach --recursive git config --local --show-origin --name-only --get-regexp remote.origin.url
2026-09-15T04:59:40.8724831Z [command]/usr/bin/git config --file <ci-home>/work/_temp/git-credentials-2fec8ab0-725e-47a3-a056-01665dac0164.config http.https://github.com/.extraheader AUTHORIZATION: basic ***
2026-09-15T04:59:40.8767716Z [command]/usr/bin/git config --local includeIf.gitdir:<ci-home>/work/Learning_Workbench/Learning_Workbench/.git.path <ci-home>/work/_temp/git-credentials-2fec8ab0-725e-47a3-a056-01665dac0164.config
2026-09-15T04:59:40.8803496Z [command]/usr/bin/git config --local includeIf.gitdir:<ci-home>/work/Learning_Workbench/Learning_Workbench/.git/worktrees/*.path <ci-home>/work/_temp/git-credentials-2fec8ab0-725e-47a3-a056-01665dac0164.config
2026-09-15T04:59:40.8844048Z [command]/usr/bin/git config --local includeIf.gitdir:/github/workspace/.git.path /github/runner_temp/git-credentials-2fec8ab0-725e-47a3-a056-01665dac0164.config
2026-09-15T04:59:40.8878533Z [command]/usr/bin/git config --local includeIf.gitdir:/github/workspace/.git/worktrees/*.path /github/runner_temp/git-credentials-2fec8ab0-725e-47a3-a056-01665dac0164.config
2026-09-15T04:59:40.8908414Z ##[endgroup]
2026-09-15T04:59:40.8915524Z ##[group]Fetching the repository
2026-09-15T04:59:40.8916761Z [command]/usr/bin/git -c protocol.version=2 fetch --no-tags --prune --no-recurse-submodules --depth=1 origin +0c350b30f3a727a106562e1081ffce545e2ec623:refs/remotes/pull/48/merge
2026-09-15T04:59:41.9220581Z From https://github.com/kl3574/Learning_Workbench
2026-09-15T04:59:41.9221559Z  * [new ref]         0c350b30f3a727a106562e1081ffce545e2ec623 -> pull/48/merge
2026-09-15T04:59:41.9227931Z ##[endgroup]
2026-09-15T04:59:41.9228909Z ##[group]Determining the checkout info
2026-09-15T04:59:41.9316303Z ##[endgroup]
2026-09-15T04:59:41.9317435Z [command]/usr/bin/git sparse-checkout disable
2026-09-15T04:59:41.9359773Z [command]/usr/bin/git config --local --unset-all extensions.worktreeConfig
2026-09-15T04:59:41.9393126Z ##[group]Checking out the ref
2026-09-15T04:59:41.9396883Z [command]/usr/bin/git checkout --progress --force refs/remotes/pull/48/merge
2026-09-15T04:59:42.2711159Z Note: switching to 'refs/remotes/pull/48/merge'.
2026-09-15T04:59:42.2711892Z 
2026-09-15T04:59:42.2712549Z You are in 'detached HEAD' state. You can look around, make experimental
2026-09-15T04:59:42.2713589Z changes and commit them, and you can discard any commits you make in this
2026-09-15T04:59:42.2714564Z state without impacting any branches by switching back to a branch.
2026-09-15T04:59:42.2715175Z 
2026-09-15T04:59:42.2715857Z If you want to create a new branch to retain commits you create, you may
2026-09-15T04:59:42.2716657Z do so (now or later) by using -c with the switch command. Example:
2026-09-15T04:59:42.2717121Z 
2026-09-15T04:59:42.2717303Z   git switch -c <new-branch-name>
2026-09-15T04:59:42.2717618Z 
2026-09-15T04:59:42.2717821Z Or undo this operation with:
2026-09-15T04:59:42.2718137Z 
2026-09-15T04:59:42.2718303Z   git switch -
2026-09-15T04:59:42.2718540Z 
2026-09-15T04:59:42.2718934Z Turn off this advice by setting config variable advice.detachedHead to false
2026-09-15T04:59:42.2719484Z 
2026-09-15T04:59:42.2720111Z HEAD is now at 0c350b3 Merge 8d4b36f57b3ace950f9d3f0e750c4810fce9b0ec into 98f1701299533970581ba12733d74cb5e3882193
2026-09-15T04:59:42.2734413Z ##[endgroup]
2026-09-15T04:59:42.2791536Z [command]/usr/bin/git log -1 --format=%H
2026-09-15T04:59:42.2818921Z 0c350b30f3a727a106562e1081ffce545e2ec623
2026-09-15T04:59:42.3107255Z ##[group]Run actions/setup-python@5fda3b95a4ea91299a34e894583c3862153e4b97
2026-09-15T04:59:42.3107712Z with:
2026-09-15T04:59:42.3107940Z   python-version: 3.12.13
2026-09-15T04:59:42.3108191Z   check-latest: false
2026-09-15T04:59:42.3111193Z   token: ***
2026-09-15T04:59:42.3111460Z   update-environment: true
2026-09-15T04:59:42.3111730Z   allow-prereleases: false
2026-09-15T04:59:42.3112039Z   freethreaded: false
2026-09-15T04:59:42.3112278Z ##[endgroup]
2026-09-15T04:59:42.4353106Z ##[group]Installed versions
2026-09-15T04:59:42.4367728Z Version 3.12.13 was not found in the local cache
2026-09-15T04:59:42.9672786Z Version 3.12.13 is available for downloading
2026-09-15T04:59:42.9673523Z Download from "https://github.com/actions/python-versions/releases/download/3.12.13-27650778726/python-3.12.13-linux-26.04-x64.tar.gz"
2026-09-15T04:59:43.4730810Z Extract downloaded archive
2026-09-15T04:59:43.4868092Z [command]/usr/bin/tar xz --warning=no-unknown-keyword --overwrite -C <ci-home>/work/_temp/c2bfc521-c329-4ded-907e-7f6a7884c17e -f <ci-home>/work/_temp/69b90672-c202-4800-a399-f60157e6fbaa
2026-09-15T04:59:44.7085829Z Execute installation script
2026-09-15T04:59:44.7243515Z Check if Python hostedtoolcache folder exist...
2026-09-15T04:59:44.7244061Z Create Python 3.12.13 folder
2026-09-15T04:59:44.7270751Z Copy Python binaries to hostedtoolcache folder
2026-09-15T04:59:45.1922395Z Create additional symlinks (Required for the UsePythonVersion Azure Pipelines task and the setup-python GitHub Action)
2026-09-15T04:59:45.2030278Z Upgrading pip...
2026-09-15T04:59:47.2813694Z Collecting pip
2026-09-15T04:59:47.2987523Z Downloading pip-26.2.1-py3-none-any.whl.metadata (4.6 kB)
2026-09-15T04:59:47.3060656Z Downloading pip-26.2.1-py3-none-any.whl (1.8 MB)
2026-09-15T04:59:47.3234094Z ━━━━━━━━━━━━━━━━━━━━━━━━━━━━━━━━━━━━━━━━ 1.8/1.8 MB 141.6 MB/s eta 0:00:00
2026-09-15T04:59:47.3234696Z 
2026-09-15T04:59:47.3824464Z Installing collected packages: pip
2026-09-15T04:59:47.3825205Z Attempting uninstall: pip
2026-09-15T04:59:47.3845793Z Found existing installation: pip 25.0.1
2026-09-15T04:59:47.4194420Z Uninstalling pip-25.0.1:
2026-09-15T04:59:47.4253980Z Successfully uninstalled pip-25.0.1
2026-09-15T04:59:48.3183861Z Successfully installed pip-26.2.1
2026-09-15T04:59:48.3854768Z Create complete file
2026-09-15T04:59:48.3912491Z Successfully set up CPython (3.12.13)
2026-09-15T04:59:48.3913928Z ##[endgroup]
2026-09-15T04:59:48.4117698Z ##[group]Run actions/setup-node@820762786026740c76f36085b0efc47a31fe5020
2026-09-15T04:59:48.4118127Z with:
2026-09-15T04:59:48.4118344Z   node-version: 24.21.0
2026-09-15T04:59:48.4118602Z   check-latest: false
2026-09-15T04:59:48.4121645Z   token: ***
2026-09-15T04:59:48.4121898Z   package-manager-cache: true
2026-09-15T04:59:48.4122162Z env:
2026-09-15T04:59:48.4122459Z   pythonLocation: /opt/hostedtoolcache/Python/3.12.13/x64
2026-09-15T04:59:48.4122937Z   PKG_CONFIG_PATH: /opt/hostedtoolcache/Python/3.12.13/x64/lib/pkgconfig
2026-09-15T04:59:48.4123382Z   Python_ROOT_DIR: /opt/hostedtoolcache/Python/3.12.13/x64
2026-09-15T04:59:48.4123780Z   Python2_ROOT_DIR: /opt/hostedtoolcache/Python/3.12.13/x64
2026-09-15T04:59:48.4124176Z   Python3_ROOT_DIR: /opt/hostedtoolcache/Python/3.12.13/x64
2026-09-15T04:59:48.4124584Z   LD_LIBRARY_PATH: /opt/hostedtoolcache/Python/3.12.13/x64/lib
2026-09-15T04:59:48.4124926Z ##[endgroup]
2026-09-15T04:59:48.5871660Z Attempting to download 24.21.0...
2026-09-15T04:59:49.0013739Z Acquiring 24.21.0 - x64 from https://github.com/actions/node-versions/releases/download/24.21.0-34304089047/node-24.21.0-linux-x64.tar.gz
2026-09-15T04:59:49.3350227Z Extracting ...
2026-09-15T04:59:49.3493703Z [command]/usr/bin/tar xz --strip 1 --warning=no-unknown-keyword --overwrite -C <ci-home>/work/_temp/199677f7-89a6-4bfc-9fba-ee8e650e34f7 -f <ci-home>/work/_temp/8a6dcc0e-1790-4f3a-953f-ec1ffa656677
2026-09-15T04:59:50.1438920Z Adding to the cache ...
2026-09-15T04:59:51.9420505Z ##[group]Environment details
2026-09-15T04:59:52.4608649Z node: v24.21.0
2026-09-15T04:59:52.4609176Z npm: 11.19.0
2026-09-15T04:59:52.4609543Z yarn: 1.22.22
2026-09-15T04:59:52.4610353Z ##[endgroup]
2026-09-15T04:59:52.4808047Z ##[group]Run python -m pip install uv==0.11.21
2026-09-15T04:59:52.4808506Z [36;1mpython -m pip install uv==0.11.21[0m
2026-09-15T04:59:52.6513402Z shell: /usr/bin/bash -e {0}
2026-09-15T04:59:52.6513762Z env:
2026-09-15T04:59:52.6514110Z   pythonLocation: /opt/hostedtoolcache/Python/3.12.13/x64
2026-09-15T04:59:52.6514672Z   PKG_CONFIG_PATH: /opt/hostedtoolcache/Python/3.12.13/x64/lib/pkgconfig
2026-09-15T04:59:52.6515213Z   Python_ROOT_DIR: /opt/hostedtoolcache/Python/3.12.13/x64
2026-09-15T04:59:52.6515694Z   Python2_ROOT_DIR: /opt/hostedtoolcache/Python/3.12.13/x64
2026-09-15T04:59:52.6516169Z   Python3_ROOT_DIR: /opt/hostedtoolcache/Python/3.12.13/x64
2026-09-15T04:59:52.6516670Z   LD_LIBRARY_PATH: /opt/hostedtoolcache/Python/3.12.13/x64/lib
2026-09-15T04:59:52.6517098Z ##[endgroup]
2026-09-15T04:59:53.8053061Z Collecting uv==0.11.21
2026-09-15T04:59:53.8262740Z   Downloading uv-0.11.21-py3-none-manylinux_2_17_x86_64.manylinux2014_x86_64.whl.metadata (11 kB)
2026-09-15T04:59:53.8408434Z Downloading uv-0.11.21-py3-none-manylinux_2_17_x86_64.manylinux2014_x86_64.whl (25.1 MB)
2026-09-15T04:59:54.0179316Z    ━━━━━━━━━━━━━━━━━━━━━━━━━━━━━━━━━━━━━━━━ 25.1/25.1 MB 153.2 MB/s  0:00:00
2026-09-15T04:59:54.0638260Z Installing collected packages: uv
2026-09-15T04:59:54.3267986Z Successfully installed uv-0.11.21
2026-09-15T04:59:54.3907559Z ##[group]Run uv sync --frozen
2026-09-15T04:59:54.3907917Z [36;1muv sync --frozen[0m
2026-09-15T04:59:54.3966233Z shell: /usr/bin/bash -e {0}
2026-09-15T04:59:54.3966496Z env:
2026-09-15T04:59:54.3966775Z   pythonLocation: /opt/hostedtoolcache/Python/3.12.13/x64
2026-09-15T04:59:54.3967233Z   PKG_CONFIG_PATH: /opt/hostedtoolcache/Python/3.12.13/x64/lib/pkgconfig
2026-09-15T04:59:54.3967876Z   Python_ROOT_DIR: /opt/hostedtoolcache/Python/3.12.13/x64
2026-09-15T04:59:54.3968284Z   Python2_ROOT_DIR: /opt/hostedtoolcache/Python/3.12.13/x64
2026-09-15T04:59:54.3968688Z   Python3_ROOT_DIR: /opt/hostedtoolcache/Python/3.12.13/x64
2026-09-15T04:59:54.3969092Z   LD_LIBRARY_PATH: /opt/hostedtoolcache/Python/3.12.13/x64/lib
2026-09-15T04:59:54.3969432Z ##[endgroup]
2026-09-15T04:59:54.4600220Z Using CPython 3.12.13 interpreter at: /opt/hostedtoolcache/Python/3.12.13/x64/bin/python3.12
2026-09-15T04:59:54.4601402Z Creating virtual environment at: .venv
2026-09-15T04:59:54.5447433Z Downloading ruff (9.9MiB)
2026-09-15T04:59:54.5450062Z Downloading pydantic-core (2.0MiB)
2026-09-15T04:59:54.5461823Z Downloading pygments (1.2MiB)
2026-09-15T04:59:54.5465579Z Downloading ast-serialize (1.3MiB)
2026-09-15T04:59:54.5469175Z Downloading mypy (14.6MiB)
2026-09-15T04:59:54.8007062Z  Downloaded ast-serialize
2026-09-15T04:59:54.8226301Z  Downloaded pydantic-core
2026-09-15T04:59:54.8940752Z  Downloaded ruff
2026-09-15T04:59:54.9924383Z  Downloaded pygments
2026-09-15T04:59:55.1372250Z  Downloaded mypy
2026-09-15T04:59:55.1374680Z Prepared 37 packages in 674ms
2026-09-15T04:59:55.1919516Z Installed 37 packages in 54ms
2026-09-15T04:59:55.1920203Z  + annotated-doc==0.0.5
2026-09-15T04:59:55.1920756Z  + annotated-types==0.8.0
2026-09-15T04:59:55.1921498Z  + anyio==4.15.1
2026-09-15T04:59:55.1922021Z  + ast-serialize==0.11.2
2026-09-15T04:59:55.1922498Z  + attrs==26.1.0
2026-09-15T04:59:55.1922924Z  + certifi==2026.7.22
2026-09-15T04:59:55.1923355Z  + click==8.5.0
2026-09-15T04:59:55.1923794Z  + defusedxml==0.7.1
2026-09-15T04:59:55.1924235Z  + fastapi==0.141.1
2026-09-15T04:59:55.1924647Z  + h11==0.16.0
2026-09-15T04:59:55.1925042Z  + httpcore==1.0.9
2026-09-15T04:59:55.1925451Z  + httpx==0.28.1
2026-09-15T04:59:55.1925926Z  + idna==3.19
2026-09-15T04:59:55.1926331Z  + iniconfig==2.3.0
2026-09-15T04:59:55.1926763Z  + jsonschema==4.26.0
2026-09-15T04:59:55.1927300Z  + jsonschema-specifications==2025.9.1
2026-09-15T04:59:55.1927853Z  + librt==0.15.0
2026-09-15T04:59:55.1928286Z  + markdown-it-py==4.2.0
2026-09-15T04:59:55.1928748Z  + mdurl==0.1.2
2026-09-15T04:59:55.1929136Z  + mypy==2.3.1
2026-09-15T04:59:55.1929555Z  + mypy-extensions==1.1.0
2026-09-15T04:59:55.1930031Z  + packaging==26.3
2026-09-15T04:59:55.1930465Z  + pathspec==1.1.1
2026-09-15T04:59:55.1931133Z  + pluggy==1.6.0
2026-09-15T04:59:55.1931552Z  + pydantic==2.13.5
2026-09-15T04:59:55.1931997Z  + pydantic-core==2.46.5
2026-09-15T04:59:55.1932468Z  + pygments==2.21.0
2026-09-15T04:59:55.1932889Z  + pypdf==6.18.1
2026-09-15T04:59:55.1933325Z  + pytest==9.1.1
2026-09-15T04:59:55.1933873Z  + python-multipart==0.0.32
2026-09-15T04:59:55.1934401Z  + referencing==0.37.0
2026-09-15T04:59:55.1934848Z  + rpds-py==2026.6.3
2026-09-15T04:59:55.1935251Z  + ruff==0.16.7
2026-09-15T04:59:55.1935652Z  + starlette==1.6.0
2026-09-15T04:59:55.1936114Z  + typing-extensions==4.16.0
2026-09-15T04:59:55.1936664Z  + typing-inspection==0.4.4
2026-09-15T04:59:55.1937151Z  + uvicorn==0.53.0
2026-09-15T04:59:55.2025961Z ##[group]Run sudo apt-get update
2026-09-15T04:59:55.2026320Z [36;1msudo apt-get update[0m
2026-09-15T04:59:55.2026992Z [36;1msudo apt-get install -y bubblewrap=0.11.1-1ubuntu0.1 apparmor=5.0.2-0ubuntu1~26.04.1 libapparmor1=5.0.2-0ubuntu1~26.04.1 libseccomp2=2.6.0-2ubuntu5[0m
2026-09-15T04:59:55.2027793Z [36;1mdpkg-query -W bubblewrap apparmor libapparmor1 libseccomp2[0m
2026-09-15T04:59:55.2028239Z [36;1mtest -f /etc/apparmor.d/bwrap-userns-restrict[0m
2026-09-15T04:59:55.2028581Z [36;1mbwrap --version[0m
2026-09-15T04:59:55.2088530Z shell: /usr/bin/bash -e {0}
2026-09-15T04:59:55.2088852Z env:
2026-09-15T04:59:55.2089158Z   pythonLocation: /opt/hostedtoolcache/Python/3.12.13/x64
2026-09-15T04:59:55.2089638Z   PKG_CONFIG_PATH: /opt/hostedtoolcache/Python/3.12.13/x64/lib/pkgconfig
2026-09-15T04:59:55.2090108Z   Python_ROOT_DIR: /opt/hostedtoolcache/Python/3.12.13/x64
2026-09-15T04:59:55.2090809Z   Python2_ROOT_DIR: /opt/hostedtoolcache/Python/3.12.13/x64
2026-09-15T04:59:55.2091585Z   Python3_ROOT_DIR: /opt/hostedtoolcache/Python/3.12.13/x64
2026-09-15T04:59:55.2092016Z   LD_LIBRARY_PATH: /opt/hostedtoolcache/Python/3.12.13/x64/lib
2026-09-15T04:59:55.2092369Z ##[endgroup]
2026-09-15T04:59:55.3775181Z Get:1 file:/etc/apt/apt-mirrors.txt Mirrorlist [144 B]
2026-09-15T04:59:55.3814816Z Get:2 https://packages.microsoft.com/ubuntu/26.04/prod resolute InRelease [3964 B]
2026-09-15T04:59:55.4120098Z Get:3 https://dl.google.com/linux/chrome-stable/deb stable InRelease [2548 B]
2026-09-15T04:59:55.4442814Z Hit:4 http://azure.archive.ubuntu.com/ubuntu resolute InRelease
2026-09-15T04:59:55.4464997Z Get:5 http://azure.archive.ubuntu.com/ubuntu resolute-updates InRelease [137 kB]
2026-09-15T04:59:55.4608277Z Get:6 http://azure.archive.ubuntu.com/ubuntu resolute-backports InRelease [137 kB]
2026-09-15T04:59:55.4738749Z Get:7 http://azure.archive.ubuntu.com/ubuntu resolute-security InRelease [137 kB]
2026-09-15T04:59:55.4908157Z Get:8 https://packages.microsoft.com/ubuntu/26.04/prod resolute/main arm64 Packages [52.1 kB]
2026-09-15T04:59:55.5092217Z Get:9 https://packages.microsoft.com/ubuntu/26.04/prod resolute/main amd64 Packages [59.9 kB]
2026-09-15T04:59:55.5549021Z Get:10 http://azure.archive.ubuntu.com/ubuntu resolute-updates/main amd64v3 Packages [605 kB]
2026-09-15T04:59:55.5584374Z Get:20 https://dl.google.com/linux/chrome-stable/deb stable/main amd64 Packages [1413 B]
2026-09-15T04:59:55.5586058Z Get:11 http://azure.archive.ubuntu.com/ubuntu resolute-updates/main Translation-en [144 kB]
2026-09-15T04:59:55.5595169Z Get:12 http://azure.archive.ubuntu.com/ubuntu resolute-updates/main amd64 Components [97.8 kB]
2026-09-15T04:59:55.5607644Z Get:13 http://azure.archive.ubuntu.com/ubuntu resolute-updates/universe amd64v3 Packages [286 kB]
2026-09-15T04:59:55.5662015Z Get:14 http://azure.archive.ubuntu.com/ubuntu resolute-updates/universe Translation-en [91.4 kB]
2026-09-15T04:59:55.5663826Z Get:15 http://azure.archive.ubuntu.com/ubuntu resolute-updates/universe amd64 Components [188 kB]
2026-09-15T04:59:55.5665751Z Get:16 http://azure.archive.ubuntu.com/ubuntu resolute-updates/restricted amd64v3 Packages [409 kB]
2026-09-15T04:59:55.5688051Z Get:17 http://azure.archive.ubuntu.com/ubuntu resolute-updates/restricted Translation-en [79.5 kB]
2026-09-15T04:59:55.5714381Z Get:18 http://azure.archive.ubuntu.com/ubuntu resolute-updates/multiverse amd64v3 Packages [11.6 kB]
2026-09-15T04:59:55.5742500Z Get:19 http://azure.archive.ubuntu.com/ubuntu resolute-updates/multiverse Translation-en [3036 B]
2026-09-15T04:59:55.6155285Z Get:21 http://azure.archive.ubuntu.com/ubuntu resolute-backports/universe amd64 Components [1056 B]
2026-09-15T04:59:55.6169266Z Get:22 http://azure.archive.ubuntu.com/ubuntu resolute-security/main amd64v3 Packages [474 kB]
2026-09-15T04:59:55.6196089Z Get:23 http://azure.archive.ubuntu.com/ubuntu resolute-security/main Translation-en [111 kB]
2026-09-15T04:59:55.6206438Z Get:24 http://azure.archive.ubuntu.com/ubuntu resolute-security/main amd64 Components [46.6 kB]
2026-09-15T04:59:55.6215911Z Get:25 http://azure.archive.ubuntu.com/ubuntu resolute-security/universe amd64v3 Packages [173 kB]
2026-09-15T04:59:55.6235237Z Get:26 http://azure.archive.ubuntu.com/ubuntu resolute-security/universe Translation-en [54.4 kB]
2026-09-15T04:59:55.6244684Z Get:27 http://azure.archive.ubuntu.com/ubuntu resolute-security/universe amd64 Components [43.4 kB]
2026-09-15T04:59:55.6254759Z Get:28 http://azure.archive.ubuntu.com/ubuntu resolute-security/restricted amd64v3 Packages [399 kB]
2026-09-15T04:59:55.6277910Z Get:29 http://azure.archive.ubuntu.com/ubuntu resolute-security/restricted Translation-en [77.7 kB]
2026-09-15T04:59:55.6287137Z Get:30 http://azure.archive.ubuntu.com/ubuntu resolute-security/multiverse amd64v3 Packages [10.9 kB]
2026-09-15T04:59:55.6294049Z Get:31 http://azure.archive.ubuntu.com/ubuntu resolute-security/multiverse Translation-en [2844 B]
2026-09-15T05:00:02.6661657Z Fetched 3841 kB in 0s (7731 kB/s)
2026-09-15T05:00:03.3542236Z Reading package lists...
2026-09-15T05:00:03.3918457Z Reading package lists...
2026-09-15T05:00:03.5613244Z Building dependency tree...
2026-09-15T05:00:03.5620762Z Reading state information...
2026-09-15T05:00:03.5985737Z bubblewrap is already the newest version (0.11.1-1ubuntu0.1).
2026-09-15T05:00:03.5986472Z bubblewrap set to manually installed.
2026-09-15T05:00:03.5987170Z apparmor is already the newest version (5.0.2-0ubuntu1~26.04.1).
2026-09-15T05:00:03.5987821Z apparmor set to manually installed.
2026-09-15T05:00:03.5988503Z libapparmor1 is already the newest version (5.0.2-0ubuntu1~26.04.1).
2026-09-15T05:00:03.5989175Z libapparmor1 set to manually installed.
2026-09-15T05:00:03.5989808Z libseccomp2 is already the newest version (2.6.0-2ubuntu5).
2026-09-15T05:00:03.5990427Z libseccomp2 set to manually installed.
2026-09-15T05:00:03.6622893Z Solving dependencies...
2026-09-15T05:00:03.8137628Z 0 upgraded, 0 newly installed, 0 to remove and 69 not upgraded.
2026-09-15T05:00:03.8452470Z apparmor	5.0.2-0ubuntu1~26.04.1
2026-09-15T05:00:03.8453133Z bubblewrap	0.11.1-1ubuntu0.1
2026-09-15T05:00:03.8453694Z libapparmor1:amd64	5.0.2-0ubuntu1~26.04.1
2026-09-15T05:00:03.8454269Z libseccomp2:amd64	2.6.0-2ubuntu5
2026-09-15T05:00:03.8740803Z bubblewrap 0.11.1
2026-09-15T05:00:03.8790636Z ##[group]Run npm ci --prefix apps/web
2026-09-15T05:00:03.8791569Z [36;1mnpm ci --prefix apps/web[0m
2026-09-15T05:00:03.8864308Z shell: /usr/bin/bash -e {0}
2026-09-15T05:00:03.8864670Z env:
2026-09-15T05:00:03.8864961Z   pythonLocation: /opt/hostedtoolcache/Python/3.12.13/x64
2026-09-15T05:00:03.8865419Z   PKG_CONFIG_PATH: /opt/hostedtoolcache/Python/3.12.13/x64/lib/pkgconfig
2026-09-15T05:00:03.8865880Z   Python_ROOT_DIR: /opt/hostedtoolcache/Python/3.12.13/x64
2026-09-15T05:00:03.8866277Z   Python2_ROOT_DIR: /opt/hostedtoolcache/Python/3.12.13/x64
2026-09-15T05:00:03.8866661Z   Python3_ROOT_DIR: /opt/hostedtoolcache/Python/3.12.13/x64
2026-09-15T05:00:03.8867049Z   LD_LIBRARY_PATH: /opt/hostedtoolcache/Python/3.12.13/x64/lib
2026-09-15T05:00:03.8867396Z ##[endgroup]
2026-09-15T05:00:10.6184915Z 
2026-09-15T05:00:10.6185924Z added 236 packages, and audited 237 packages in 7s
2026-09-15T05:00:10.6186417Z 
2026-09-15T05:00:10.6186717Z 118 packages are looking for funding
2026-09-15T05:00:10.6187294Z   run `npm fund` for details
2026-09-15T05:00:10.6197778Z 
2026-09-15T05:00:10.6198215Z found 0 vulnerabilities
2026-09-15T05:00:10.6685217Z ##[group]Run npm --prefix apps/web exec -- playwright install --with-deps chromium
2026-09-15T05:00:10.6686107Z [36;1mnpm --prefix apps/web exec -- playwright install --with-deps chromium[0m
2026-09-15T05:00:10.6745215Z shell: /usr/bin/bash -e {0}
2026-09-15T05:00:10.6745602Z env:
2026-09-15T05:00:10.6745983Z   pythonLocation: /opt/hostedtoolcache/Python/3.12.13/x64
2026-09-15T05:00:10.6746585Z   PKG_CONFIG_PATH: /opt/hostedtoolcache/Python/3.12.13/x64/lib/pkgconfig
2026-09-15T05:00:10.6747202Z   Python_ROOT_DIR: /opt/hostedtoolcache/Python/3.12.13/x64
2026-09-15T05:00:10.6747766Z   Python2_ROOT_DIR: /opt/hostedtoolcache/Python/3.12.13/x64
2026-09-15T05:00:10.6748421Z   Python3_ROOT_DIR: /opt/hostedtoolcache/Python/3.12.13/x64
2026-09-15T05:00:10.6748914Z   LD_LIBRARY_PATH: /opt/hostedtoolcache/Python/3.12.13/x64/lib
2026-09-15T05:00:10.6749391Z ##[endgroup]
2026-09-15T05:00:11.4527459Z Installing dependencies...
2026-09-15T05:00:11.4631461Z Switching to root user to install dependencies...
2026-09-15T05:00:11.5571581Z Get:1 file:/etc/apt/apt-mirrors.txt Mirrorlist [144 B]
2026-09-15T05:00:11.5876365Z Hit:6 https://packages.microsoft.com/ubuntu/26.04/prod resolute InRelease
2026-09-15T05:00:11.6074648Z Hit:2 http://azure.archive.ubuntu.com/ubuntu resolute InRelease
2026-09-15T05:00:11.6103256Z Hit:3 http://azure.archive.ubuntu.com/ubuntu resolute-updates InRelease
2026-09-15T05:00:11.6105235Z Hit:4 http://azure.archive.ubuntu.com/ubuntu resolute-backports InRelease
2026-09-15T05:00:11.6109398Z Hit:5 http://azure.archive.ubuntu.com/ubuntu resolute-security InRelease
2026-09-15T05:00:11.6495962Z Hit:7 https://dl.google.com/linux/chrome-stable/deb stable InRelease
2026-09-15T05:00:12.5155262Z Reading package lists...
2026-09-15T05:00:12.5415139Z Reading package lists...
2026-09-15T05:00:12.7291680Z Building dependency tree...
2026-09-15T05:00:12.7299286Z Reading state information...
2026-09-15T05:00:12.7676830Z libasound2t64 is already the newest version (1.2.15.3-1ubuntu1.1).
2026-09-15T05:00:12.7677960Z libasound2t64 set to manually installed.
2026-09-15T05:00:12.7678707Z libatk-bridge2.0-0t64 is already the newest version (2.60.4-0ubuntu0.1).
2026-09-15T05:00:12.7679533Z libatk-bridge2.0-0t64 set to manually installed.
2026-09-15T05:00:12.7680255Z libatk1.0-0t64 is already the newest version (2.60.4-0ubuntu0.1).
2026-09-15T05:00:12.7681166Z libatk1.0-0t64 set to manually installed.
2026-09-15T05:00:12.7681969Z libatspi2.0-0t64 is already the newest version (2.60.4-0ubuntu0.1).
2026-09-15T05:00:12.7682638Z libatspi2.0-0t64 set to manually installed.
2026-09-15T05:00:12.7683329Z libcairo2 is already the newest version (1.18.4-3).
2026-09-15T05:00:12.7683926Z libcairo2 set to manually installed.
2026-09-15T05:00:12.7684569Z libcups2t64 is already the newest version (2.4.16-1ubuntu1.3).
2026-09-15T05:00:12.7685290Z libcups2t64 set to manually installed.
2026-09-15T05:00:12.7685918Z libdbus-1-3 is already the newest version (1.16.2-2ubuntu4).
2026-09-15T05:00:12.7686516Z libdbus-1-3 set to manually installed.
2026-09-15T05:00:12.7687175Z libdrm2 is already the newest version (2.4.131-1).
2026-09-15T05:00:12.7687773Z libdrm2 set to manually installed.
2026-09-15T05:00:12.7688416Z libgbm1 is already the newest version (26.0.8-1ubuntu0.3).
2026-09-15T05:00:12.7689009Z libgbm1 set to manually installed.
2026-09-15T05:00:12.7689602Z libglib2.0-0t64 is already the newest version (2.88.0-1).
2026-09-15T05:00:12.7690312Z libglib2.0-0t64 set to manually installed.
2026-09-15T05:00:12.7691413Z libnspr4 is already the newest version (2:4.38.2-1ubuntu1).
2026-09-15T05:00:12.7692153Z libnspr4 set to manually installed.
2026-09-15T05:00:12.7692789Z libnss3 is already the newest version (2:3.120-1ubuntu2.1).
2026-09-15T05:00:12.7693378Z libnss3 set to manually installed.
2026-09-15T05:00:12.7694086Z libpango-1.0-0 is already the newest version (1.57.0-1).
2026-09-15T05:00:12.7694679Z libpango-1.0-0 set to manually installed.
2026-09-15T05:00:12.7695205Z libx11-6 is already the newest version (2:1.8.13-1).
2026-09-15T05:00:12.7696158Z libx11-6 set to manually installed.
2026-09-15T05:00:12.7696652Z libxcb1 is already the newest version (1.17.0-2ubuntu1).
2026-09-15T05:00:12.7697235Z libxcb1 set to manually installed.
2026-09-15T05:00:12.7697794Z libxcomposite1 is already the newest version (1:0.4.6-1build1).
2026-09-15T05:00:12.7698368Z libxcomposite1 set to manually installed.
2026-09-15T05:00:12.7698870Z libxdamage1 is already the newest version (1:1.1.7-1).
2026-09-15T05:00:12.7699331Z libxdamage1 set to manually installed.
2026-09-15T05:00:12.7699886Z libxext6 is already the newest version (2:1.3.4-1build3).
2026-09-15T05:00:12.7700438Z libxext6 set to manually installed.
2026-09-15T05:00:12.7701303Z libxfixes3 is already the newest version (1:6.0.0-2build2).
2026-09-15T05:00:12.7701981Z libxfixes3 set to manually installed.
2026-09-15T05:00:12.7702474Z libxkbcommon0 is already the newest version (1.13.1-1).
2026-09-15T05:00:12.7703036Z libxkbcommon0 set to manually installed.
2026-09-15T05:00:12.7703622Z libxrandr2 is already the newest version (2:1.5.4-1build1).
2026-09-15T05:00:12.7704153Z libxrandr2 set to manually installed.
2026-09-15T05:00:12.7704639Z xvfb is already the newest version (2:21.1.22-1ubuntu1).
2026-09-15T05:00:12.7705210Z fonts-noto-color-emoji is already the newest version (2.051-1build1).
2026-09-15T05:00:12.7705939Z libfontconfig1 is already the newest version (2.17.1-3ubuntu1).
2026-09-15T05:00:12.7706490Z libfontconfig1 set to manually installed.
2026-09-15T05:00:12.7707078Z libfreetype6 is already the newest version (2.14.2+dfsg-1ubuntu0.1).
2026-09-15T05:00:12.7707811Z libfreetype6 set to manually installed.
2026-09-15T05:00:12.7708338Z fonts-liberation is already the newest version (1:2.1.5-3build1).
2026-09-15T05:00:12.7708988Z fonts-liberation set to manually installed.
2026-09-15T05:00:12.8275498Z Solving dependencies...
2026-09-15T05:00:12.9324718Z The following additional packages will be installed:
2026-09-15T05:00:12.9325533Z   xfonts-encodings xfonts-utils
2026-09-15T05:00:12.9336106Z Recommended packages:
2026-09-15T05:00:12.9336842Z   fonts-ipafont-mincho fonts-tlwg-loma
2026-09-15T05:00:12.9610260Z The following NEW packages will be installed:
2026-09-15T05:00:12.9611991Z   fonts-freefont-ttf fonts-ipafont-gothic fonts-tlwg-loma-otf fonts-unifont
2026-09-15T05:00:12.9618683Z   fonts-wqy-zenhei xfonts-cyrillic xfonts-encodings xfonts-scalable
2026-09-15T05:00:12.9619731Z   xfonts-utils
2026-09-15T05:00:12.9841695Z 0 upgraded, 9 newly installed, 0 to remove and 69 not upgraded.
2026-09-15T05:00:12.9842309Z Need to get 21.9 MB of archives.
2026-09-15T05:00:12.9842866Z After this operation, 80.2 MB of additional disk space will be used.
2026-09-15T05:00:12.9843456Z Get:1 file:/etc/apt/apt-mirrors.txt Mirrorlist [144 B]
2026-09-15T05:00:13.0103145Z Get:2 http://azure.archive.ubuntu.com/ubuntu resolute/universe amd64v3 fonts-ipafont-gothic all 00303-23ubuntu1 [3703 kB]
2026-09-15T05:00:13.0653636Z Get:3 http://azure.archive.ubuntu.com/ubuntu resolute/main amd64v3 fonts-freefont-ttf all 20211204+svn4273-4build1 [5656 kB]
2026-09-15T05:00:13.1143095Z Get:4 http://azure.archive.ubuntu.com/ubuntu resolute/universe amd64v3 fonts-tlwg-loma-otf all 1:0.7.3-1build1 [106 kB]
2026-09-15T05:00:13.1212077Z Get:5 http://azure.archive.ubuntu.com/ubuntu resolute/universe amd64v3 fonts-unifont all 1:16.0.04-1build1 [3169 kB]
2026-09-15T05:00:13.1488971Z Get:6 http://azure.archive.ubuntu.com/ubuntu resolute/universe amd64v3 fonts-wqy-zenhei all 0.9.45-8build1 [7863 kB]
2026-09-15T05:00:13.2267948Z Get:7 http://azure.archive.ubuntu.com/ubuntu resolute/main amd64v3 xfonts-encodings all 1:1.0.5-0ubuntu3 [576 kB]
2026-09-15T05:00:13.2380551Z Get:8 http://azure.archive.ubuntu.com/ubuntu resolute/main amd64v3 xfonts-utils amd64 1:7.7+7build1 [97.3 kB]
2026-09-15T05:00:13.2451290Z Get:9 http://azure.archive.ubuntu.com/ubuntu resolute/universe amd64v3 xfonts-cyrillic all 1:1.0.5+nmu1build1 [384 kB]
2026-09-15T05:00:13.2545813Z Get:10 http://azure.archive.ubuntu.com/ubuntu resolute/universe amd64v3 xfonts-scalable all 1:1.0.3-1.3build1 [304 kB]
2026-09-15T05:00:14.2783875Z Fetched 21.9 MB in 0s (76.2 MB/s)
2026-09-15T05:00:14.3246977Z Selecting previously unselected package fonts-ipafont-gothic.
2026-09-15T05:00:14.4486566Z (Reading database ... 
2026-09-15T05:00:14.4487031Z (Reading database ... 5%
2026-09-15T05:00:14.4487336Z (Reading database ... 10%
2026-09-15T05:00:14.4487619Z (Reading database ... 15%
2026-09-15T05:00:14.4487893Z (Reading database ... 20%
2026-09-15T05:00:14.4488382Z (Reading database ... 25%
2026-09-15T05:00:14.4488847Z (Reading database ... 30%
2026-09-15T05:00:14.4489411Z (Reading database ... 35%
2026-09-15T05:00:14.4489875Z (Reading database ... 40%
2026-09-15T05:00:14.4490316Z (Reading database ... 45%
2026-09-15T05:00:14.4490768Z (Reading database ... 50%
2026-09-15T05:00:15.1617838Z (Reading database ... 55%
2026-09-15T05:00:15.6287297Z (Reading database ... 60%
2026-09-15T05:00:16.0239319Z (Reading database ... 65%
2026-09-15T05:00:16.3183716Z (Reading database ... 70%
2026-09-15T05:00:16.6172196Z (Reading database ... 75%
2026-09-15T05:00:17.0949652Z (Reading database ... 80%
2026-09-15T05:00:18.1782525Z (Reading database ... 85%
2026-09-15T05:00:19.2904543Z (Reading database ... 90%
2026-09-15T05:00:20.2881434Z (Reading database ... 95%
2026-09-15T05:00:20.2881903Z (Reading database ... 100%
2026-09-15T05:00:20.2882490Z (Reading database ... 209256 files and directories currently installed.)
2026-09-15T05:00:20.2925795Z Preparing to unpack .../0-fonts-ipafont-gothic_00303-23ubuntu1_all.deb ...
2026-09-15T05:00:20.3033083Z Unpacking fonts-ipafont-gothic (00303-23ubuntu1) ...
2026-09-15T05:00:20.4022947Z Selecting previously unselected package fonts-freefont-ttf.
2026-09-15T05:00:20.4163448Z Preparing to unpack .../1-fonts-freefont-ttf_20211204+svn4273-4build1_all.deb ...
2026-09-15T05:00:20.4171194Z Unpacking fonts-freefont-ttf (20211204+svn4273-4build1) ...
2026-09-15T05:00:20.5183727Z Selecting previously unselected package fonts-tlwg-loma-otf.
2026-09-15T05:00:20.5322314Z Preparing to unpack .../2-fonts-tlwg-loma-otf_1%3a0.7.3-1build1_all.deb ...
2026-09-15T05:00:20.5330655Z Unpacking fonts-tlwg-loma-otf (1:0.7.3-1build1) ...
2026-09-15T05:00:20.5623011Z Selecting previously unselected package fonts-unifont.
2026-09-15T05:00:20.5760490Z Preparing to unpack .../3-fonts-unifont_1%3a16.0.04-1build1_all.deb ...
2026-09-15T05:00:20.5768227Z Unpacking fonts-unifont (1:16.0.04-1build1) ...
2026-09-15T05:00:20.6983751Z Selecting previously unselected package fonts-wqy-zenhei.
2026-09-15T05:00:20.7122185Z Preparing to unpack .../4-fonts-wqy-zenhei_0.9.45-8build1_all.deb ...
2026-09-15T05:00:20.7357092Z Unpacking fonts-wqy-zenhei (0.9.45-8build1) ...
2026-09-15T05:00:20.8490834Z Selecting previously unselected package xfonts-encodings.
2026-09-15T05:00:20.8629363Z Preparing to unpack .../5-xfonts-encodings_1%3a1.0.5-0ubuntu3_all.deb ...
2026-09-15T05:00:20.8638804Z Unpacking xfonts-encodings (1:1.0.5-0ubuntu3) ...
2026-09-15T05:00:20.8966401Z Selecting previously unselected package xfonts-utils.
2026-09-15T05:00:20.9104456Z Preparing to unpack .../6-xfonts-utils_1%3a7.7+7build1_amd64v3.deb ...
2026-09-15T05:00:20.9113132Z Unpacking xfonts-utils (1:7.7+7build1) ...
2026-09-15T05:00:21.0369117Z Selecting previously unselected package xfonts-cyrillic.
2026-09-15T05:00:21.0507086Z Preparing to unpack .../7-xfonts-cyrillic_1%3a1.0.5+nmu1build1_all.deb ...
2026-09-15T05:00:21.0516215Z Unpacking xfonts-cyrillic (1:1.0.5+nmu1build1) ...
2026-09-15T05:00:21.0895949Z Selecting previously unselected package xfonts-scalable.
2026-09-15T05:00:21.1034484Z Preparing to unpack .../8-xfonts-scalable_1%3a1.0.3-1.3build1_all.deb ...
2026-09-15T05:00:21.1044616Z Unpacking xfonts-scalable (1:1.0.3-1.3build1) ...
2026-09-15T05:00:21.1505050Z Setting up fonts-wqy-zenhei (0.9.45-8build1) ...
2026-09-15T05:00:21.1675375Z Setting up fonts-freefont-ttf (20211204+svn4273-4build1) ...
2026-09-15T05:00:21.1704104Z Setting up fonts-tlwg-loma-otf (1:0.7.3-1build1) ...
2026-09-15T05:00:21.1731232Z Setting up xfonts-encodings (1:1.0.5-0ubuntu3) ...
2026-09-15T05:00:21.1755614Z Setting up fonts-ipafont-gothic (00303-23ubuntu1) ...
2026-09-15T05:00:21.1826984Z update-alternatives: using /usr/share/fonts/opentype/ipafont-gothic/ipag.ttf to provide /usr/share/fonts/truetype/fonts-japanese-gothic.ttf (fonts-japanese-gothic.ttf) in auto mode
2026-09-15T05:00:21.1845646Z Setting up fonts-unifont (1:16.0.04-1build1) ...
2026-09-15T05:00:21.1869644Z Setting up xfonts-utils (1:7.7+7build1) ...
2026-09-15T05:00:21.1954276Z Setting up xfonts-cyrillic (1:1.0.5+nmu1build1) ...
2026-09-15T05:00:21.3179618Z Setting up xfonts-scalable (1:1.0.3-1.3build1) ...
2026-09-15T05:00:21.3605076Z Processing triggers for man-db (2.13.1-1build1) ...
2026-09-15T05:00:21.3629866Z Not building database; man-db/auto-update is not 'true'.
2026-09-15T05:00:21.3647378Z Processing triggers for fontconfig (2.17.1-3ubuntu1) ...
2026-09-15T05:00:23.1104262Z 
2026-09-15T05:00:23.1105248Z Running kernel seems to be up-to-date.
2026-09-15T05:00:23.1105648Z 
2026-09-15T05:00:23.1105876Z Restarting services...
2026-09-15T05:00:23.1202086Z 
2026-09-15T05:00:23.1202747Z Service restarts being deferred:
2026-09-15T05:00:23.1206700Z  systemctl restart hosted-compute-agent.service
2026-09-15T05:00:23.1206983Z 
2026-09-15T05:00:23.1207913Z No containers need to be restarted.
2026-09-15T05:00:23.1208288Z 
2026-09-15T05:00:23.1208543Z No user sessions are running outdated binaries.
2026-09-15T05:00:23.1208785Z 
2026-09-15T05:00:23.1209085Z No VM guests are running outdated hypervisor (qemu) binaries on this host.
2026-09-15T05:00:24.2088194Z Downloading Chrome for Testing 153.0.8010.12 (playwright chromium v1243) from https://cdn.playwright.dev/builds/cft/153.0.8010.12/linux64/chrome-linux64.zip
2026-09-15T05:00:24.5941838Z |                                                                                |   0% of 186.8 MiB
2026-09-15T05:00:24.7462139Z |■■■■■■■■                                                                        |  10% of 186.8 MiB
2026-09-15T05:00:24.8274880Z |■■■■■■■■■■■■■■■■                                                                |  20% of 186.8 MiB
2026-09-15T05:00:24.9245680Z |■■■■■■■■■■■■■■■■■■■■■■■■                                                        |  30% of 186.8 MiB
2026-09-15T05:00:24.9872568Z |■■■■■■■■■■■■■■■■■■■■■■■■■■■■■■■■                                                |  40% of 186.8 MiB
2026-09-15T05:00:25.0667027Z |■■■■■■■■■■■■■■■■■■■■■■■■■■■■■■■■■■■■■■■■                                        |  50% of 186.8 MiB
2026-09-15T05:00:25.1395985Z |■■■■■■■■■■■■■■■■■■■■■■■■■■■■■■■■■■■■■■■■■■■■■■■■                                |  60% of 186.8 MiB
2026-09-15T05:00:25.2041887Z |■■■■■■■■■■■■■■■■■■■■■■■■■■■■■■■■■■■■■■■■■■■■■■■■■■■■■■■■                        |  70% of 186.8 MiB
2026-09-15T05:00:25.2881449Z |■■■■■■■■■■■■■■■■■■■■■■■■■■■■■■■■■■■■■■■■■■■■■■■■■■■■■■■■■■■■■■■■                |  80% of 186.8 MiB
2026-09-15T05:00:25.3736592Z |■■■■■■■■■■■■■■■■■■■■■■■■■■■■■■■■■■■■■■■■■■■■■■■■■■■■■■■■■■■■■■■■■■■■■■■■        |  90% of 186.8 MiB
2026-09-15T05:00:25.4532064Z |■■■■■■■■■■■■■■■■■■■■■■■■■■■■■■■■■■■■■■■■■■■■■■■■■■■■■■■■■■■■■■■■■■■■■■■■■■■■■■■■| 100% of 186.8 MiB
2026-09-15T05:00:28.3556220Z Chrome for Testing 153.0.8010.12 (playwright chromium v1243) downloaded to <ci-home>/.cache/ms-playwright/chromium-1243
2026-09-15T05:00:28.3560353Z Downloading FFmpeg (playwright ffmpeg v1011) from https://cdn.playwright.dev/dbazure/download/playwright/builds/ffmpeg/1011/ffmpeg-linux.zip
2026-09-15T05:00:28.7139401Z |                                                                                |   0% of 2.3 MiB
2026-09-15T05:00:28.7197383Z |■■■■■■■■                                                                        |  10% of 2.3 MiB
2026-09-15T05:00:28.7228896Z |■■■■■■■■■■■■■■■■                                                                |  20% of 2.3 MiB
2026-09-15T05:00:28.7241586Z |■■■■■■■■■■■■■■■■■■■■■■■■                                                        |  30% of 2.3 MiB
2026-09-15T05:00:28.7256645Z |■■■■■■■■■■■■■■■■■■■■■■■■■■■■■■■■                                                |  40% of 2.3 MiB
2026-09-15T05:00:28.7265789Z |■■■■■■■■■■■■■■■■■■■■■■■■■■■■■■■■■■■■■■■■                                        |  50% of 2.3 MiB
2026-09-15T05:00:28.7280387Z |■■■■■■■■■■■■■■■■■■■■■■■■■■■■■■■■■■■■■■■■■■■■■■■■                                |  60% of 2.3 MiB
2026-09-15T05:00:28.7296869Z |■■■■■■■■■■■■■■■■■■■■■■■■■■■■■■■■■■■■■■■■■■■■■■■■■■■■■■■■                        |  70% of 2.3 MiB
2026-09-15T05:00:28.7312278Z |■■■■■■■■■■■■■■■■■■■■■■■■■■■■■■■■■■■■■■■■■■■■■■■■■■■■■■■■■■■■■■■■                |  80% of 2.3 MiB
2026-09-15T05:00:28.7331185Z |■■■■■■■■■■■■■■■■■■■■■■■■■■■■■■■■■■■■■■■■■■■■■■■■■■■■■■■■■■■■■■■■■■■■■■■■        |  90% of 2.3 MiB
2026-09-15T05:00:28.7339623Z |■■■■■■■■■■■■■■■■■■■■■■■■■■■■■■■■■■■■■■■■■■■■■■■■■■■■■■■■■■■■■■■■■■■■■■■■■■■■■■■■| 100% of 2.3 MiB
2026-09-15T05:00:28.7935403Z FFmpeg (playwright ffmpeg v1011) downloaded to <ci-home>/.cache/ms-playwright/ffmpeg-1011
2026-09-15T05:00:28.7938519Z Downloading Chrome Headless Shell 153.0.8010.12 (playwright chromium-headless-shell v1243) from https://cdn.playwright.dev/builds/cft/153.0.8010.12/linux64/chrome-headless-shell-linux64.zip
2026-09-15T05:00:29.1850536Z |                                                                                |   0% of 114.3 MiB
2026-09-15T05:00:29.2891835Z |■■■■■■■■                                                                        |  10% of 114.3 MiB
2026-09-15T05:00:29.3557563Z |■■■■■■■■■■■■■■■■                                                                |  20% of 114.3 MiB
2026-09-15T05:00:29.4104452Z |■■■■■■■■■■■■■■■■■■■■■■■■                                                        |  30% of 114.3 MiB
2026-09-15T05:00:29.4713593Z |■■■■■■■■■■■■■■■■■■■■■■■■■■■■■■■■                                                |  40% of 114.3 MiB
2026-09-15T05:00:29.5312353Z |■■■■■■■■■■■■■■■■■■■■■■■■■■■■■■■■■■■■■■■■                                        |  50% of 114.3 MiB
2026-09-15T05:00:29.5714585Z |■■■■■■■■■■■■■■■■■■■■■■■■■■■■■■■■■■■■■■■■■■■■■■■■                                |  60% of 114.3 MiB
2026-09-15T05:00:29.6142867Z |■■■■■■■■■■■■■■■■■■■■■■■■■■■■■■■■■■■■■■■■■■■■■■■■■■■■■■■■                        |  70% of 114.3 MiB
2026-09-15T05:00:29.6615473Z |■■■■■■■■■■■■■■■■■■■■■■■■■■■■■■■■■■■■■■■■■■■■■■■■■■■■■■■■■■■■■■■■                |  80% of 114.3 MiB
2026-09-15T05:00:29.7036786Z |■■■■■■■■■■■■■■■■■■■■■■■■■■■■■■■■■■■■■■■■■■■■■■■■■■■■■■■■■■■■■■■■■■■■■■■■        |  90% of 114.3 MiB
2026-09-15T05:00:29.7567092Z |■■■■■■■■■■■■■■■■■■■■■■■■■■■■■■■■■■■■■■■■■■■■■■■■■■■■■■■■■■■■■■■■■■■■■■■■■■■■■■■■| 100% of 114.3 MiB
2026-09-15T05:00:31.9336048Z Chrome Headless Shell 153.0.8010.12 (playwright chromium-headless-shell v1243) downloaded to <ci-home>/.cache/ms-playwright/chromium_headless_shell-1243
2026-09-15T05:00:31.9690798Z ##[group]Run make build
2026-09-15T05:00:31.9691456Z [36;1mmake build[0m
2026-09-15T05:00:31.9749815Z shell: /usr/bin/bash -e {0}
2026-09-15T05:00:31.9750080Z env:
2026-09-15T05:00:31.9750357Z   pythonLocation: /opt/hostedtoolcache/Python/3.12.13/x64
2026-09-15T05:00:31.9751014Z   PKG_CONFIG_PATH: /opt/hostedtoolcache/Python/3.12.13/x64/lib/pkgconfig
2026-09-15T05:00:31.9751487Z   Python_ROOT_DIR: /opt/hostedtoolcache/Python/3.12.13/x64
2026-09-15T05:00:31.9751893Z   Python2_ROOT_DIR: /opt/hostedtoolcache/Python/3.12.13/x64
2026-09-15T05:00:31.9752283Z   Python3_ROOT_DIR: /opt/hostedtoolcache/Python/3.12.13/x64
2026-09-15T05:00:31.9752674Z   LD_LIBRARY_PATH: /opt/hostedtoolcache/Python/3.12.13/x64/lib
2026-09-15T05:00:31.9753004Z ##[endgroup]
2026-09-15T05:00:32.0972465Z bash scripts/node.sh npm --prefix apps/web run build
2026-09-15T05:00:32.2100772Z 
2026-09-15T05:00:32.2101733Z > @learning-workbench/web@0.1.0 build
2026-09-15T05:00:32.2102297Z > tsc --noEmit && vite build
2026-09-15T05:00:32.2102575Z 
2026-09-15T05:00:33.3375914Z [36mvite v8.3.0 [32mbuilding client environment for production...[36m[39m
2026-09-15T05:00:33.3479733Z transforming...
2026-09-15T05:00:33.5401797Z ✓ 695 modules transformed.
2026-09-15T05:00:33.6269210Z rendering chunks...
2026-09-15T05:00:33.7742194Z computing gzip size...
2026-09-15T05:00:33.8170215Z dist/index.html                       0.41 kB │ gzip:     0.32 kB
2026-09-15T05:00:33.8171840Z dist/assets/index-Dz4_buUm.css       36.17 kB │ gzip:     7.74 kB
2026-09-15T05:00:33.8172642Z dist/assets/index-Cbl7W1WK.js       717.04 kB │ gzip:   197.63 kB
2026-09-15T05:00:33.8173400Z dist/assets/Markdown-Crhk6fIp.js  2,939.32 kB │ gzip: 1,098.70 kB
2026-09-15T05:00:33.8173770Z 
2026-09-15T05:00:33.8174247Z [32m✓ built in 479ms[39m
2026-09-15T05:00:33.8184361Z [33m[plugin builtin:vite-reporter] 
2026-09-15T05:00:33.8185301Z (!) Some chunks are larger than 500 kB after minification. Consider:
2026-09-15T05:00:33.8185984Z - Using dynamic import() to code-split the application
2026-09-15T05:00:33.8187109Z - Use build.rolldownOptions.output.codeSplitting to improve chunking: https://rolldown.rs/reference/OutputOptions.codeSplitting
2026-09-15T05:00:33.8188380Z - Adjust chunk size limit for this warning via build.chunkSizeWarningLimit.[39m
2026-09-15T05:00:33.8442877Z ##[group]Run make test-e2e
2026-09-15T05:00:33.8443187Z [36;1mmake test-e2e[0m
2026-09-15T05:00:33.8501201Z shell: /usr/bin/bash -e {0}
2026-09-15T05:00:33.8501506Z env:
2026-09-15T05:00:33.8501794Z   pythonLocation: /opt/hostedtoolcache/Python/3.12.13/x64
2026-09-15T05:00:33.8502281Z   PKG_CONFIG_PATH: /opt/hostedtoolcache/Python/3.12.13/x64/lib/pkgconfig
2026-09-15T05:00:33.8502759Z   Python_ROOT_DIR: /opt/hostedtoolcache/Python/3.12.13/x64
2026-09-15T05:00:33.8503181Z   Python2_ROOT_DIR: /opt/hostedtoolcache/Python/3.12.13/x64
2026-09-15T05:00:33.8503605Z   Python3_ROOT_DIR: /opt/hostedtoolcache/Python/3.12.13/x64
2026-09-15T05:00:33.8504031Z   LD_LIBRARY_PATH: /opt/hostedtoolcache/Python/3.12.13/x64/lib
2026-09-15T05:00:33.8504387Z ##[endgroup]
2026-09-15T05:00:33.8605631Z bash scripts/node.sh npm --prefix apps/web run test:e2e
2026-09-15T05:00:33.9686076Z 
2026-09-15T05:00:33.9686886Z > @learning-workbench/web@0.1.0 test:e2e
2026-09-15T05:00:33.9687748Z > playwright test --config ../../tests/e2e/playwright.config.ts
2026-09-15T05:00:33.9688122Z 
2026-09-15T05:00:36.6365540Z [WebServer] INFO:     Started server process [3142]
2026-09-15T05:00:36.6367429Z [WebServer] INFO:     Waiting for application startup.
2026-09-15T05:00:36.7481160Z [WebServer] INFO:     Application startup complete.
2026-09-15T05:00:36.7482364Z [WebServer] INFO:     Uvicorn running on http://127.0.0.1:8765 (Press CTRL+C to quit)
2026-09-15T05:00:38.6688056Z 
2026-09-15T05:00:38.6688738Z Running 82 tests using 1 worker
2026-09-15T05:00:38.6689136Z 
2026-09-15T05:01:25.9415536Z   ✓   1 ../../tests/e2e/assessment-restart.spec.ts:43:1 › same assessment instance rejects forged course and assessment hashes while its independent policy remains active (46.8s)
2026-09-15T05:01:45.2637145Z   ✓   2 ../../tests/e2e/assessment-restart.spec.ts:112:1 › actual browser and API restarts retain independent drafts and keep old solution receipts protected after submission (19.3s)
2026-09-15T05:01:55.7367021Z   ✓   3 ../../tests/e2e/assessments.spec.ts:41:1 › real unreviewed independent assessment saves five types and submits without fabricated grades or answer calls (10.4s)
2026-09-15T05:02:08.2845941Z   ✓   4 ../../tests/e2e/assessments.spec.ts:90:1 › open-book and assisted freeze actual policies; explicit abandon retains saved answers and yields no score (12.5s)
2026-09-15T05:02:21.1158681Z   ✓   5 ../../tests/e2e/assessments.spec.ts:109:1 › two profiles retain a real server CAS conflict with three-way comparison and reject forged same-identity parent (12.6s)
2026-09-15T05:02:27.4172566Z   ✓   6 ../../tests/e2e/assessments.spec.ts:138:1 › missing private binding visibly blocks start instead of fabricating a usable test (6.3s)
2026-09-15T05:02:42.6099422Z   ✓   7 ../../tests/e2e/assessments.spec.ts:145:1 › two pages preserve independent local CAS candidates; a later submitted snapshot never accepts restored edits (15.2s)
2026-09-15T05:02:53.6534685Z   ✓   8 ../../tests/e2e/assessments.spec.ts:251:1 › late redacted Workbench save uses its original ETag and retains hidden selection after explicit three-way choice (11.0s)
2026-09-15T05:03:04.4645463Z   ✓   9 ../../tests/e2e/assessments.spec.ts:295:1 › a genuine solution response held in flight cannot appear after another page starts an open-book assessment (10.8s)
2026-09-15T05:03:11.1955060Z 
2026-09-15T05:03:11.1956955Z   ✓  10 ../../tests/e2e/document-imports.spec.ts:87:1 › real two-page PDF keeps exact page citations, guarded original bytes and explicit fidelity approval (6.7s)
2026-09-15T05:03:16.3439364Z 
2026-09-15T05:03:16.3444414Z   ✓  11 ../../tests/e2e/document-imports.spec.ts:127:1 › real DOCX safe text stays readable for learner while original bytes require an explicit author role (5.1s)
2026-09-15T05:03:22.0014538Z 
2026-09-15T05:03:22.0049190Z   ✓  12 ../../tests/e2e/document-imports.spec.ts:202:1 › a real scanned PDF fails without invented text or OCR and its local original is checked explicitly after reload (5.6s)
2026-09-15T05:03:27.3348972Z 
2026-09-15T05:03:27.3352765Z   ✓  13 ../../tests/e2e/document-imports.spec.ts:236:3 › real encrypted.pdf extraction failure remains blocked and preserves its original hash (5.3s)
2026-09-15T05:03:30.7517991Z 
2026-09-15T05:03:30.7525543Z   ✓  14 ../../tests/e2e/document-imports.spec.ts:236:3 › real malformed.docx extraction failure remains blocked and preserves its original hash (3.4s)
2026-09-15T05:03:42.7333745Z   ✓  15 ../../tests/e2e/grading-recovery.spec.ts:57:1 › a real failed regrade survives reload and can recover from the last actual grade without losing the old submission (12.0s)
2026-09-15T05:03:59.2997567Z   ✓  16 ../../tests/e2e/grading-restart.spec.ts:50:1 › real browser and API restarts preserve the submitted answers, signed review and both grading revisions (16.6s)
2026-09-15T05:04:13.4837220Z   ✓  17 ../../tests/e2e/grading.spec.ts:34:1 › unreviewed original content stays null until an explicit author form creates a signed new grade without altering its reference approval (14.2s)
2026-09-15T05:04:28.6351252Z   ✓  18 ../../tests/e2e/grading.spec.ts:66:1 › two browser profiles keep a stale manual-review baseline through an actual 412 before explicit three-way rebase (15.1s)
2026-09-15T05:04:39.9635463Z   ✓  19 ../../tests/e2e/grading.spec.ts:81:1 › a failed manual request preserves its durable exact command and editable author draft after browser reload (11.3s)
2026-09-15T05:04:50.2503936Z   ✓  20 ../../tests/e2e/imports-policy.spec.ts:11:1 › an open author import retains its task across independent start and submit but rechecks pending-answer protection before restoring content (10.3s)
2026-09-15T05:04:56.2549768Z   ✓  21 ../../tests/e2e/imports-policy.spec.ts:61:1 › a reselected failed original survives a role-policy pause in memory while decoded text must be checked again (6.0s)
2026-09-15T05:05:01.7637679Z   ✓  22 ../../tests/e2e/imports.spec.ts:111:1 › real Markdown upload stays staged, previews and downloads exact bytes, restores and commits exact course refs (5.5s)
2026-09-15T05:05:05.4812433Z   ✓  23 ../../tests/e2e/imports.spec.ts:190:1 › safe HTML warning requires explicit acceptance and native cancel leaves courses untouched (3.7s)
2026-09-15T05:05:10.8024129Z   ✓  24 ../../tests/e2e/imports.spec.ts:218:1 › UTF-8 text can target a real existing course and creates a newer exact revision (5.3s)
2026-09-15T05:05:14.2734009Z   ✓  25 ../../tests/e2e/imports.spec.ts:234:1 › upload request failure keeps the selected file; preview failure keeps the recovery ID and explicit retry works (3.4s)
2026-09-15T05:05:19.6040476Z 
2026-09-15T05:05:19.6042965Z   ✓  26 ../../tests/e2e/imports.spec.ts:254:1 › author package requires explicit role change and clears the private preview after returning to learner (5.3s)
2026-09-15T05:05:23.0863822Z   ✓  27 ../../tests/e2e/imports.spec.ts:290:1 › a real invalid UTF-8 parse shows a blocking error and cannot be confirmed (3.5s)
2026-09-15T05:05:29.4061712Z 
2026-09-15T05:05:29.4083252Z   ✓  28 ../../tests/e2e/imports.spec.ts:311:1 › local encoding choice preserves the failed original and creates a separately confirmed UTF-8 import (6.3s)
2026-09-15T05:05:34.7798691Z 
2026-09-15T05:05:34.7802491Z   ✓  29 ../../tests/e2e/imports.spec.ts:379:1 › deferred author preview and original responses cannot restore content after the role is lowered (5.4s)
2026-09-15T05:05:49.9713758Z   ✓  30 ../../tests/e2e/learning-state-restart.spec.ts:47:1 › actual browser and API restarts preserve profile candidates, exact route overrides and original reading sources (15.2s)
2026-09-15T05:05:57.0452567Z   ✓  31 ../../tests/e2e/learning-state.spec.ts:12:1 › real self-report persists a lost-ACK command once and never creates independent evidence (7.1s)
2026-09-15T05:06:07.7845726Z   ✓  32 ../../tests/e2e/learning-state.spec.ts:30:1 › actual unreviewed submission stays excluded and its precise sources disappear when another page starts independent work (10.7s)
2026-09-15T05:06:12.2564206Z   ✓  33 ../../tests/e2e/learning-state.spec.ts:45:1 › a quota-failed profile remains mounted when a global command tries to leave it (4.5s)
2026-09-15T05:06:19.7558143Z   ✓  34 ../../tests/e2e/notes-lifecycle.spec.ts:32:1 › a concurrent note move to another block remains recoverable by stable note ID after a real 412 (7.5s)
2026-09-15T05:06:27.1163336Z   ✓  35 ../../tests/e2e/notes-lifecycle.spec.ts:64:1 › soft deleting a server note preserves its unsynced local continuation for explicit recovery (7.4s)
2026-09-15T05:06:35.5440325Z   ✓  36 ../../tests/e2e/practice-restart.spec.ts:20:1 › same practice tab identity rejects changed frozen parent or child hashes and preserves the original session (8.4s)
2026-09-15T05:06:49.3855730Z   ✓  37 ../../tests/e2e/practice-restart.spec.ts:66:1 › actual browser close and API restart retain practice identity, exposure and an unsynced local response (13.8s)
2026-09-15T05:06:58.7914708Z   ✓  38 ../../tests/e2e/practice.spec.ts:26:1 › five real question kinds save and refresh; hints and solutions require explicit exposure; submit is ungraded (9.4s)
2026-09-15T05:07:09.2983829Z   ✓  39 ../../tests/e2e/practice.spec.ts:87:1 › offline recovery keeps the local candidate when session GET was also unavailable and reconnect compares its base (10.5s)
2026-09-15T05:07:20.5707335Z   ✓  40 ../../tests/e2e/practice.spec.ts:113:1 › two real browser profiles produce a server CAS conflict with base local and remote before explicit choice (11.3s)
2026-09-15T05:07:27.4563499Z   ✓  41 ../../tests/e2e/practice.spec.ts:138:1 › missing private solution fails closed and a forged same-identity parent never replaces the existing practice tab (6.9s)
2026-09-15T05:07:41.0296871Z   ✓  42 ../../tests/e2e/practice.spec.ts:159:1 › two pages keep their durable local candidates and closing an unsynced practice requires explicit retention (13.6s)
2026-09-15T05:07:53.1219510Z   ✓  43 ../../tests/e2e/reader-conflict-layout.spec.ts:97:1 › real session conflict preserves the scrolled submitted explanation and requires an explicit comparison choice (12.1s)
2026-09-15T05:08:02.1422215Z   ✓  44 ../../tests/e2e/reader-conflict-layout.spec.ts:178:1 › real session conflict keeps the same enabled assessment input focused and visible in the shortened reader (9.0s)
2026-09-15T05:08:14.6167333Z   ✓  45 ../../tests/e2e/reader-restart.spec.ts:13:1 › actual browser close and API process restart retain imported references, notes, progress and Reader position (12.5s)
2026-09-15T05:08:21.6544842Z   ✓  46 ../../tests/e2e/reader.spec.ts:32:1 › real imported directory, title search, worked-example link, long formula and frozen original download (7.0s)
2026-09-15T05:08:28.4361834Z   ✓  47 ../../tests/e2e/reader.spec.ts:66:1 › second repeated rendered selection preserves exact source codepoints, saves note, edits and soft deletes (6.8s)
2026-09-15T05:08:34.7505192Z   ✓  48 ../../tests/e2e/reader.spec.ts:97:1 › native source keyboard selection creates exact Markdown codepoints without rendered-text guessing (6.3s)
2026-09-15T05:08:43.8088203Z   ✓  49 ../../tests/e2e/reader.spec.ts:122:1 › offline local note recovery and a real concurrent server revision show three-way comparison before CAS save (9.0s)
2026-09-15T05:08:53.7046959Z   ✓  50 ../../tests/e2e/reader.spec.ts:170:1 › historical course revisions stay in separate exact tabs and hash-mismatched links preserve unresolved reference (9.9s)
2026-09-15T05:09:04.1699427Z 
2026-09-15T05:09:04.1701887Z   ✓  51 ../../tests/e2e/reader.spec.ts:202:1 › a private original authorized before a cross-profile role decrease cannot trigger a late browser download (10.4s)
2026-09-15T05:09:15.8254981Z   ✓  52 ../../tests/e2e/recommendations.spec.ts:56:1 › real recommendation decisions recover a lost ACK across browser and API restart without rewriting later decisions or learning facts (11.6s)
2026-09-15T05:09:26.7468914Z   ✓  53 ../../tests/e2e/recommendations.spec.ts:90:1 › real local suggestions cover another imported textbook and open its complete original refs independently of acceptance (10.9s)
2026-09-15T05:09:37.6914875Z   ✓  54 ../../tests/e2e/recommendations.spec.ts:110:1 › real offline and stale decision candidates require explicit 412 correction and current independent policy hides delayed subject sources (10.9s)
2026-09-15T05:09:46.3186624Z   ✓  55 ../../tests/e2e/recommendations.spec.ts:151:1 › a controlled archived fixture makes the real historical recommendation stale and its formerly current UI cannot open the old target (8.6s)
2026-09-15T05:09:55.2961694Z   ✓  56 ../../tests/e2e/responsive-layout.spec.ts:43:1 › narrow layout and submitted explanation remain visible before React resize listeners run (9.0s)
2026-09-15T05:10:13.1891782Z   ✓  57 ../../tests/e2e/review.spec.ts:35:1 › real history and exact material review preserve original submitted text, null scores and a selected old revision after reload (17.9s)
2026-09-15T05:10:27.1773736Z   ✓  58 ../../tests/e2e/review.spec.ts:76:1 › a delayed old review response cannot restore history or academic context after another page starts a real independent attempt (14.0s)
2026-09-15T05:10:30.9275568Z   ✓  59 ../../tests/e2e/route-draft-input.spec.ts:9:60 › native route goal input survives its own initial draft save_first delivery after focus (3.7s)
2026-09-15T05:10:34.8284287Z   ✓  60 ../../tests/e2e/route-draft-input.spec.ts:9:60 › native route goal input survives its own initial draft load_first delivery after focus (3.9s)
2026-09-15T05:10:42.4224330Z   ✓  61 ../../tests/e2e/routes.spec.ts:10:1 › real route creation, reminder, manual false, reordered revision and exact target navigation preserve history (7.6s)
2026-09-15T05:10:47.3874283Z   ✓  62 ../../tests/e2e/workbench-initial-recovery.spec.ts:6:3 › initial workbench recovery keeps the saved lesson and waits for the real session at 1440px (4.9s)
2026-09-15T05:10:52.1314584Z   ✓  63 ../../tests/e2e/workbench-initial-recovery.spec.ts:6:3 › initial workbench recovery keeps the saved lesson and waits for the real session at 390px (4.7s)
2026-09-15T05:10:54.5770440Z   ✓  64 ../../tests/e2e/workbench.spec.ts:5:1 › empty workspace, native bootstrap, four fixed navigation and truthful auxiliary states (2.4s)
2026-09-15T05:10:58.5803658Z   ✓  65 ../../tests/e2e/workbench.spec.ts:22:1 › real keyboard and mouse resize, native drawers, focus return and restored layout (4.0s)
2026-09-15T05:11:03.5769764Z   ✓  66 ../../tests/e2e/workbench.spec.ts:43:1 › object drafts survive preview switches, close choice and browser reload without fake sending (5.0s)
2026-09-15T05:11:11.6333914Z   ✓  67 ../../tests/e2e/workbench.spec.ts:60:1 › server CAS conflict is visible, local object drafts survive and explicit readback recovers (8.0s)
2026-09-15T05:11:16.8643667Z   ✓  68 ../../tests/e2e/workbench.spec.ts:73:1 › offline pending UI is restored after actual connection recovery (5.2s)
2026-09-15T05:11:20.4294018Z   ✓  69 ../../tests/e2e/workbench.spec.ts:85:1 › actual MathJax, no runtime errors, long formula local scrolling, all screenshot sizes (3.6s)
2026-09-15T05:11:27.9356963Z   ✓  70 ../../tests/e2e/workbench.spec.ts:112:1 › two browser pages keep drafts for different objects in native IndexedDB (7.5s)
2026-09-15T05:11:32.1761372Z   ✓  71 ../../tests/e2e/workbench.spec.ts:130:1 › exact reference mismatch stays unresolved and preserves the original snapshot (4.2s)
2026-09-15T05:11:37.9539646Z   ✓  72 ../../tests/e2e/workbench.spec.ts:147:1 › cold lazy renderer restores saved reading offset after the content is ready (5.8s)
2026-09-15T05:11:46.2545557Z   ✓  73 ../../tests/e2e/workbench.spec.ts:167:1 › native concurrent same-object transactions preserve both candidates and expose explicit recovery (8.3s)
2026-09-15T05:11:51.4783328Z   ✓  74 ../../tests/e2e/workbench.spec.ts:200:1 › directory history restores the current course and navigation entry (5.2s)
2026-09-15T05:11:55.9389159Z   ✓  75 ../../tests/e2e/workbench.spec.ts:212:1 › UI cache quota failure stays visibly unsaved until the real server acknowledges (4.4s)
2026-09-15T05:12:00.2696192Z   ✓  76 ../../tests/e2e/workbench.spec.ts:229:1 › offline UI candidates from two pages remain separate on reload (4.3s)
2026-09-15T05:12:08.4797252Z   ✓  77 ../../tests/e2e/workbench.spec.ts:250:1 › quota-only memory candidate with a changed server baseline shows three-way comparison before explicit CAS (8.2s)
2026-09-15T05:12:14.5133836Z   ✓  78 ../../tests/e2e/workbench.spec.ts:283:1 › per-object details and focus survive A to B to A and browser reload after lazy content readiness (6.0s)
2026-09-15T05:12:19.1182767Z   ✓  79 ../../tests/e2e/workbench.spec.ts:302:1 › first unsent-draft conflict shows original, local and stored text before any reload or choice (4.6s)
2026-09-15T05:12:23.9713231Z   ✓  80 ../../tests/e2e/workbench.spec.ts:332:1 › route directory stays honestly empty and continue reading restores the exact last lesson (4.8s)
2026-09-15T05:12:27.9078806Z   ✓  81 ../../tests/e2e/workbench.spec.ts:354:1 › native keyboard selection updates frozen-reference preview and ambiguous source matches are refused (3.9s)
2026-09-15T05:12:32.4731150Z   ✓  82 ../../tests/e2e/zoom.spec.ts:5:1 › real browser 200 percent zoom reflows CSS width through Chrome appearance setting (4.6s)
2026-09-15T05:12:32.6099403Z 
2026-09-15T05:12:32.6111978Z   82 passed (12.0m)
2026-09-15T05:12:32.6496823Z Post job cleanup.
2026-09-15T05:12:32.7930771Z Post job cleanup.
2026-09-15T05:12:32.9519465Z Post job cleanup.
2026-09-15T05:12:33.0447477Z [command]/usr/bin/git version
2026-09-15T05:12:33.0498668Z git version 2.55.0
2026-09-15T05:12:33.0538550Z Temporarily overriding HOME='<ci-home>/work/_temp/779f9469-e777-4215-b12a-e07e3504617b' before making global git config changes
2026-09-15T05:12:33.0540189Z Adding repository directory to the temporary git global config as a safe directory
2026-09-15T05:12:33.0545000Z [command]/usr/bin/git config --global --add safe.directory <ci-home>/work/Learning_Workbench/Learning_Workbench
2026-09-15T05:12:33.0592223Z Removing SSH command configuration
2026-09-15T05:12:33.0599877Z [command]/usr/bin/git config --local --name-only --get-regexp core\.sshCommand
2026-09-15T05:12:33.0656749Z [command]/usr/bin/git submodule foreach --recursive sh -c "git config --local --name-only --get-regexp 'core\.sshCommand' && git config --local --unset-all 'core.sshCommand' || :"
2026-09-15T05:12:33.0998898Z Removing HTTP extra header
2026-09-15T05:12:33.0999750Z [command]/usr/bin/git config --local --name-only --get-regexp http\.https\:\/\/github\.com\/\.extraheader
2026-09-15T05:12:33.1048558Z [command]/usr/bin/git submodule foreach --recursive sh -c "git config --local --name-only --get-regexp 'http\.https\:\/\/github\.com\/\.extraheader' && git config --local --unset-all 'http.https://github.com/.extraheader' || :"
2026-09-15T05:12:33.1398364Z Removing includeIf entries pointing to credentials config files
2026-09-15T05:12:33.1405006Z [command]/usr/bin/git config --local --name-only --get-regexp ^includeIf\.gitdir:
2026-09-15T05:12:33.1440172Z includeif.gitdir:<ci-home>/work/Learning_Workbench/Learning_Workbench/.git.path
2026-09-15T05:12:33.1452297Z includeif.gitdir:<ci-home>/work/Learning_Workbench/Learning_Workbench/.git/worktrees/*.path
2026-09-15T05:12:33.1453565Z includeif.gitdir:/github/workspace/.git.path
2026-09-15T05:12:33.1454580Z includeif.gitdir:/github/workspace/.git/worktrees/*.path
2026-09-15T05:12:33.1473127Z [command]/usr/bin/git config --local --get-all includeif.gitdir:<ci-home>/work/Learning_Workbench/Learning_Workbench/.git.path
2026-09-15T05:12:33.1507708Z <ci-home>/work/_temp/git-credentials-2fec8ab0-725e-47a3-a056-01665dac0164.config
2026-09-15T05:12:33.1521952Z [command]/usr/bin/git config --local --unset includeif.gitdir:<ci-home>/work/Learning_Workbench/Learning_Workbench/.git.path \/home\/runner\/work\/_temp\/git\-credentials\-2fec8ab0\-725e\-47a3\-a056\-01665dac0164\.config
2026-09-15T05:12:33.1573834Z [command]/usr/bin/git config --local --get-all includeif.gitdir:<ci-home>/work/Learning_Workbench/Learning_Workbench/.git/worktrees/*.path
2026-09-15T05:12:33.1619666Z <ci-home>/work/_temp/git-credentials-2fec8ab0-725e-47a3-a056-01665dac0164.config
2026-09-15T05:12:33.1634578Z [command]/usr/bin/git config --local --unset includeif.gitdir:<ci-home>/work/Learning_Workbench/Learning_Workbench/.git/worktrees/*.path \/home\/runner\/work\/_temp\/git\-credentials\-2fec8ab0\-725e\-47a3\-a056\-01665dac0164\.config
2026-09-15T05:12:33.1677716Z [command]/usr/bin/git config --local --get-all includeif.gitdir:/github/workspace/.git.path
2026-09-15T05:12:33.1706280Z /github/runner_temp/git-credentials-2fec8ab0-725e-47a3-a056-01665dac0164.config
2026-09-15T05:12:33.1716011Z [command]/usr/bin/git config --local --unset includeif.gitdir:/github/workspace/.git.path \/github\/runner_temp\/git\-credentials\-2fec8ab0\-725e\-47a3\-a056\-01665dac0164\.config
2026-09-15T05:12:33.1754780Z [command]/usr/bin/git config --local --get-all includeif.gitdir:/github/workspace/.git/worktrees/*.path
2026-09-15T05:12:33.1786924Z /github/runner_temp/git-credentials-2fec8ab0-725e-47a3-a056-01665dac0164.config
2026-09-15T05:12:33.1796858Z [command]/usr/bin/git config --local --unset includeif.gitdir:/github/workspace/.git/worktrees/*.path \/github\/runner_temp\/git\-credentials\-2fec8ab0\-725e\-47a3\-a056\-01665dac0164\.config
2026-09-15T05:12:33.1841550Z [command]/usr/bin/git submodule foreach --recursive git config --local --show-origin --name-only --get-regexp remote.origin.url
2026-09-15T05:12:33.2157461Z Removing credentials config '<ci-home>/work/_temp/git-credentials-2fec8ab0-725e-47a3-a056-01665dac0164.config'
2026-09-15T05:12:33.2334150Z Cleaning up orphan processes
