2026-09-15T04:59:38.3936868Z Current runner version: '2.337.0'
2026-09-15T04:59:38.3958080Z ##[group]Runner Image Provisioner
2026-09-15T04:59:38.3958841Z Hosted Compute Agent
2026-09-15T04:59:38.3959576Z Version: 20260828.587
2026-09-15T04:59:38.3960151Z Commit: abac92662cab4cc7352de4f9f9d2e2419aad9c29
2026-09-15T04:59:38.3960828Z Build Date: 2026-08-28T16:44:25Z
2026-09-15T04:59:38.3961428Z Worker ID: {3c7e26c2-4f81-4806-ae54-cddffa165a83}
2026-09-15T04:59:38.3962088Z Azure Region: centralus
2026-09-15T04:59:38.3962638Z ##[endgroup]
2026-09-15T04:59:38.3963815Z ##[group]Operating System
2026-09-15T04:59:38.3964327Z Ubuntu
2026-09-15T04:59:38.3964846Z 24.04.5
2026-09-15T04:59:38.3965323Z LTS
2026-09-15T04:59:38.3965793Z ##[endgroup]
2026-09-15T04:59:38.3966312Z ##[group]Runner Image
2026-09-15T04:59:38.3966817Z Image: ubuntu-24.04
2026-09-15T04:59:38.3967351Z Version: 20260907.300.1
2026-09-15T04:59:38.3968495Z Included Software: https://github.com/actions/runner-images/blob/ubuntu24/20260907.300/images/ubuntu/Ubuntu2404-Readme.md
2026-09-15T04:59:38.3970168Z Image Release: https://github.com/actions/runner-images/releases/tag/ubuntu24%2F20260907.300
2026-09-15T04:59:38.3971025Z ##[endgroup]
2026-09-15T04:59:38.3972081Z ##[group]GITHUB_TOKEN Permissions
2026-09-15T04:59:38.3974056Z Contents: read
2026-09-15T04:59:38.3974658Z Metadata: read
2026-09-15T04:59:38.3975128Z ##[endgroup]
2026-09-15T04:59:38.3977027Z Secret source: Actions
2026-09-15T04:59:38.3977874Z Cache mode: write
2026-09-15T04:59:38.3978510Z Prepare workflow directory
2026-09-15T04:59:38.4206158Z Prepare all required actions
2026-09-15T04:59:38.4235554Z Getting action download info
2026-09-15T04:59:38.6231759Z Download action repository 'actions/checkout@3d3c42e5aac5ba805825da76410c181273ba90b1' (SHA:3d3c42e5aac5ba805825da76410c181273ba90b1)
2026-09-15T04:59:38.7151428Z Download action repository 'actions/setup-node@820762786026740c76f36085b0efc47a31fe5020' (SHA:820762786026740c76f36085b0efc47a31fe5020)
2026-09-15T04:59:38.8659085Z Complete job name: frontend
2026-09-15T04:59:38.9125696Z ##[group]Run actions/checkout@3d3c42e5aac5ba805825da76410c181273ba90b1
2026-09-15T04:59:38.9126176Z with:
2026-09-15T04:59:38.9126414Z   repository: kl3574/Learning_Workbench
2026-09-15T04:59:38.9128286Z   token: ***
2026-09-15T04:59:38.9128507Z   ssh-strict: true
2026-09-15T04:59:38.9128737Z   ssh-user: git
2026-09-15T04:59:38.9128973Z   persist-credentials: true
2026-09-15T04:59:38.9129230Z   clean: true
2026-09-15T04:59:38.9129656Z   sparse-checkout-cone-mode: true
2026-09-15T04:59:38.9129927Z   fetch-depth: 1
2026-09-15T04:59:38.9130158Z   fetch-tags: false
2026-09-15T04:59:38.9130389Z   show-progress: true
2026-09-15T04:59:38.9130625Z   lfs: false
2026-09-15T04:59:38.9130842Z   submodules: false
2026-09-15T04:59:38.9131078Z   set-safe-directory: true
2026-09-15T04:59:38.9131344Z   allow-unsafe-pr-checkout: false
2026-09-15T04:59:38.9131691Z ##[endgroup]
2026-09-15T04:59:38.9748541Z Syncing repository: kl3574/Learning_Workbench
2026-09-15T04:59:38.9750197Z ##[group]Getting Git version info
2026-09-15T04:59:38.9750853Z Working directory is '<ci-home>/work/Learning_Workbench/Learning_Workbench'
2026-09-15T04:59:38.9751783Z [command]/usr/bin/git version
2026-09-15T04:59:38.9821730Z git version 2.55.0
2026-09-15T04:59:38.9834095Z ##[endgroup]
2026-09-15T04:59:38.9841039Z Temporarily overriding HOME='<ci-home>/work/_temp/84582152-56de-4f4d-a22e-61898f173345' before making global git config changes
2026-09-15T04:59:38.9842242Z Adding repository directory to the temporary git global config as a safe directory
2026-09-15T04:59:38.9845203Z [command]/usr/bin/git config --global --add safe.directory <ci-home>/work/Learning_Workbench/Learning_Workbench
2026-09-15T04:59:38.9884475Z Deleting the contents of '<ci-home>/work/Learning_Workbench/Learning_Workbench'
2026-09-15T04:59:38.9886600Z ##[group]Determining repository object format
2026-09-15T04:59:38.9887631Z ##[endgroup]
2026-09-15T04:59:38.9888281Z ##[group]Initializing the repository
2026-09-15T04:59:38.9890598Z [command]/usr/bin/git init <ci-home>/work/Learning_Workbench/Learning_Workbench
2026-09-15T04:59:39.0005020Z hint: Using 'master' as the name for the initial branch. This default branch name
2026-09-15T04:59:39.0006173Z hint: will change to "main" in Git 3.0. To configure the initial branch name
2026-09-15T04:59:39.0007385Z hint: to use in all of your new repositories, which will suppress this warning,
2026-09-15T04:59:39.0008152Z hint: call:
2026-09-15T04:59:39.0008632Z hint:
2026-09-15T04:59:39.0009554Z hint: 	git config --global init.defaultBranch <name>
2026-09-15T04:59:39.0010126Z hint:
2026-09-15T04:59:39.0010596Z hint: Names commonly chosen instead of 'master' are 'main', 'trunk' and
2026-09-15T04:59:39.0011353Z hint: 'development'. The just-created branch can be renamed via this command:
2026-09-15T04:59:39.0011825Z hint:
2026-09-15T04:59:39.0012050Z hint: 	git branch -m <name>
2026-09-15T04:59:39.0012301Z hint:
2026-09-15T04:59:39.0012664Z hint: Disable this message with "git config set advice.defaultBranchName false"
2026-09-15T04:59:39.0013235Z Initialized empty Git repository in <ci-home>/work/Learning_Workbench/Learning_Workbench/.git/
2026-09-15T04:59:39.0014293Z [command]/usr/bin/git remote add origin https://github.com/kl3574/Learning_Workbench
2026-09-15T04:59:39.0059132Z ##[endgroup]
2026-09-15T04:59:39.0059915Z ##[group]Disabling automatic garbage collection
2026-09-15T04:59:39.0062297Z [command]/usr/bin/git config --local gc.auto 0
2026-09-15T04:59:39.0090851Z ##[endgroup]
2026-09-15T04:59:39.0091430Z ##[group]Setting up auth
2026-09-15T04:59:39.0091887Z Removing SSH command configuration
2026-09-15T04:59:39.0095858Z [command]/usr/bin/git config --local --name-only --get-regexp core\.sshCommand
2026-09-15T04:59:39.0130045Z [command]/usr/bin/git submodule foreach --recursive sh -c "git config --local --name-only --get-regexp 'core\.sshCommand' && git config --local --unset-all 'core.sshCommand' || :"
2026-09-15T04:59:39.0399778Z Removing HTTP extra header
2026-09-15T04:59:39.0403153Z [command]/usr/bin/git config --local --name-only --get-regexp http\.https\:\/\/github\.com\/\.extraheader
2026-09-15T04:59:39.0428023Z [command]/usr/bin/git submodule foreach --recursive sh -c "git config --local --name-only --get-regexp 'http\.https\:\/\/github\.com\/\.extraheader' && git config --local --unset-all 'http.https://github.com/.extraheader' || :"
2026-09-15T04:59:39.0587250Z Removing includeIf entries pointing to credentials config files
2026-09-15T04:59:39.0590352Z [command]/usr/bin/git config --local --name-only --get-regexp ^includeIf\.gitdir:
2026-09-15T04:59:39.0615292Z [command]/usr/bin/git submodule foreach --recursive git config --local --show-origin --name-only --get-regexp remote.origin.url
2026-09-15T04:59:39.0778694Z [command]/usr/bin/git config --file <ci-home>/work/_temp/git-credentials-9d42bd7d-2e8e-42f4-860f-2d70a28eacf5.config http.https://github.com/.extraheader AUTHORIZATION: basic ***
2026-09-15T04:59:39.0807850Z [command]/usr/bin/git config --local includeIf.gitdir:<ci-home>/work/Learning_Workbench/Learning_Workbench/.git.path <ci-home>/work/_temp/git-credentials-9d42bd7d-2e8e-42f4-860f-2d70a28eacf5.config
2026-09-15T04:59:39.0832839Z [command]/usr/bin/git config --local includeIf.gitdir:<ci-home>/work/Learning_Workbench/Learning_Workbench/.git/worktrees/*.path <ci-home>/work/_temp/git-credentials-9d42bd7d-2e8e-42f4-860f-2d70a28eacf5.config
2026-09-15T04:59:39.0867438Z [command]/usr/bin/git config --local includeIf.gitdir:/github/workspace/.git.path /github/runner_temp/git-credentials-9d42bd7d-2e8e-42f4-860f-2d70a28eacf5.config
2026-09-15T04:59:39.0892570Z [command]/usr/bin/git config --local includeIf.gitdir:/github/workspace/.git/worktrees/*.path /github/runner_temp/git-credentials-9d42bd7d-2e8e-42f4-860f-2d70a28eacf5.config
2026-09-15T04:59:39.0915466Z ##[endgroup]
2026-09-15T04:59:39.0915875Z ##[group]Fetching the repository
2026-09-15T04:59:39.0920366Z [command]/usr/bin/git -c protocol.version=2 fetch --no-tags --prune --no-recurse-submodules --depth=1 origin +0c350b30f3a727a106562e1081ffce545e2ec623:refs/remotes/pull/48/merge
2026-09-15T04:59:41.6664302Z From https://github.com/kl3574/Learning_Workbench
2026-09-15T04:59:41.6665839Z  * [new ref]         0c350b30f3a727a106562e1081ffce545e2ec623 -> pull/48/merge
2026-09-15T04:59:41.6668827Z ##[endgroup]
2026-09-15T04:59:41.6670057Z ##[group]Determining the checkout info
2026-09-15T04:59:41.6671269Z ##[endgroup]
2026-09-15T04:59:41.6672018Z [command]/usr/bin/git sparse-checkout disable
2026-09-15T04:59:41.6711525Z [command]/usr/bin/git config --local --unset-all extensions.worktreeConfig
2026-09-15T04:59:41.6736298Z ##[group]Checking out the ref
2026-09-15T04:59:41.6738126Z [command]/usr/bin/git checkout --progress --force refs/remotes/pull/48/merge
2026-09-15T04:59:41.8997548Z Note: switching to 'refs/remotes/pull/48/merge'.
2026-09-15T04:59:41.8997894Z 
2026-09-15T04:59:41.8998137Z You are in 'detached HEAD' state. You can look around, make experimental
2026-09-15T04:59:41.8998634Z changes and commit them, and you can discard any commits you make in this
2026-09-15T04:59:41.8999087Z state without impacting any branches by switching back to a branch.
2026-09-15T04:59:41.8999496Z 
2026-09-15T04:59:41.8999700Z If you want to create a new branch to retain commits you create, you may
2026-09-15T04:59:41.9000101Z do so (now or later) by using -c with the switch command. Example:
2026-09-15T04:59:41.9000324Z 
2026-09-15T04:59:41.9000442Z   git switch -c <new-branch-name>
2026-09-15T04:59:41.9000614Z 
2026-09-15T04:59:41.9000734Z Or undo this operation with:
2026-09-15T04:59:41.9000891Z 
2026-09-15T04:59:41.9000992Z   git switch -
2026-09-15T04:59:41.9001124Z 
2026-09-15T04:59:41.9001386Z Turn off this advice by setting config variable advice.detachedHead to false
2026-09-15T04:59:41.9001646Z 
2026-09-15T04:59:41.9001960Z HEAD is now at 0c350b3 Merge 8d4b36f57b3ace950f9d3f0e750c4810fce9b0ec into 98f1701299533970581ba12733d74cb5e3882193
2026-09-15T04:59:41.9015219Z ##[endgroup]
2026-09-15T04:59:41.9054602Z [command]/usr/bin/git log -1 --format=%H
2026-09-15T04:59:41.9076101Z 0c350b30f3a727a106562e1081ffce545e2ec623
2026-09-15T04:59:41.9307642Z ##[group]Run actions/setup-node@820762786026740c76f36085b0efc47a31fe5020
2026-09-15T04:59:41.9307878Z with:
2026-09-15T04:59:41.9308024Z   node-version: 24.21.0
2026-09-15T04:59:41.9308170Z   cache: npm
2026-09-15T04:59:41.9308330Z   cache-dependency-path: apps/web/package-lock.json
2026-09-15T04:59:41.9308521Z   check-latest: false
2026-09-15T04:59:41.9310014Z   token: ***
2026-09-15T04:59:41.9310175Z   package-manager-cache: true
2026-09-15T04:59:41.9310339Z ##[endgroup]
2026-09-15T04:59:42.0035646Z Attempting to download 24.21.0...
2026-09-15T04:59:42.7443784Z Acquiring 24.21.0 - x64 from https://github.com/actions/node-versions/releases/download/24.21.0-34304089047/node-24.21.0-linux-x64.tar.gz
2026-09-15T04:59:43.2450163Z Extracting ...
2026-09-15T04:59:43.2548162Z [command]/usr/bin/tar xz --strip 1 --warning=no-unknown-keyword --overwrite -C <ci-home>/work/_temp/11d51a37-3d55-4135-a60f-5cf858ae86b4 -f <ci-home>/work/_temp/b7d9b49f-a6dd-4fdc-bdf8-47f1c384fc1e
2026-09-15T04:59:44.1591192Z Adding to the cache ...
2026-09-15T04:59:45.9206683Z ##[group]Environment details
2026-09-15T04:59:46.0752033Z node: v24.21.0
2026-09-15T04:59:46.0752330Z npm: 11.19.0
2026-09-15T04:59:46.0752496Z yarn: 1.22.22
2026-09-15T04:59:46.0753047Z ##[endgroup]
2026-09-15T04:59:46.0762516Z [command]/opt/hostedtoolcache/node/24.21.0/x64/bin/npm config get cache
2026-09-15T04:59:46.1326747Z <ci-home>/.npm
2026-09-15T04:59:46.2600203Z Cache hit for: node-cache-Linux-x64-npm-88346c344be99637313526bac40be213d9ff7980d5ac890cfb906fdfb94cb22b
2026-09-15T04:59:47.2206707Z Received 75892837 of 75892837 (100.0%), 86.9 MBs/sec
2026-09-15T04:59:47.2207116Z Cache Size: ~72 MB (75892837 B)
2026-09-15T04:59:47.2225482Z [command]/usr/bin/tar -xf <ci-home>/work/_temp/97b4a7da-68fa-42c2-bb0b-3fe8bc9c00e0/cache.tzst -P -C <ci-home>/work/Learning_Workbench/Learning_Workbench --use-compress-program unzstd
2026-09-15T04:59:47.3279916Z Cache restored successfully
2026-09-15T04:59:47.3315741Z Cache restored from key: node-cache-Linux-x64-npm-88346c344be99637313526bac40be213d9ff7980d5ac890cfb906fdfb94cb22b
2026-09-15T04:59:47.3481574Z ##[group]Run npm ci --prefix apps/web
2026-09-15T04:59:47.3481835Z [36;1mnpm ci --prefix apps/web[0m
2026-09-15T04:59:47.3514598Z shell: /usr/bin/bash -e {0}
2026-09-15T04:59:47.3514757Z ##[endgroup]
2026-09-15T04:59:50.3038025Z 
2026-09-15T04:59:50.3043348Z added 236 packages, and audited 237 packages in 3s
2026-09-15T04:59:50.3043649Z 
2026-09-15T04:59:50.3043836Z 118 packages are looking for funding
2026-09-15T04:59:50.3044099Z   run `npm fund` for details
2026-09-15T04:59:50.3046425Z 
2026-09-15T04:59:50.3046534Z found 0 vulnerabilities
2026-09-15T04:59:50.3611735Z ##[group]Run npm --prefix apps/web run lint
2026-09-15T04:59:50.3611961Z [36;1mnpm --prefix apps/web run lint[0m
2026-09-15T04:59:50.3647066Z shell: /usr/bin/bash -e {0}
2026-09-15T04:59:50.3647212Z ##[endgroup]
2026-09-15T04:59:50.4255348Z 
2026-09-15T04:59:50.4255761Z > @learning-workbench/web@0.1.0 lint
2026-09-15T04:59:50.4256141Z > tsc --noEmit --noUnusedLocals --noUnusedParameters
2026-09-15T04:59:50.4256275Z 
2026-09-15T04:59:50.8498653Z ##[group]Run npm --prefix apps/web run typecheck
2026-09-15T04:59:50.8498897Z [36;1mnpm --prefix apps/web run typecheck[0m
2026-09-15T04:59:50.8529697Z shell: /usr/bin/bash -e {0}
2026-09-15T04:59:50.8529848Z ##[endgroup]
2026-09-15T04:59:50.9170640Z 
2026-09-15T04:59:50.9171041Z > @learning-workbench/web@0.1.0 typecheck
2026-09-15T04:59:50.9171358Z > tsc --noEmit
2026-09-15T04:59:50.9171449Z 
2026-09-15T04:59:51.3327130Z ##[group]Run npm --prefix apps/web run test
2026-09-15T04:59:51.3327337Z [36;1mnpm --prefix apps/web run test[0m
2026-09-15T04:59:51.3356459Z shell: /usr/bin/bash -e {0}
2026-09-15T04:59:51.3356603Z ##[endgroup]
2026-09-15T04:59:51.3969589Z 
2026-09-15T04:59:51.3969934Z > @learning-workbench/web@0.1.0 test
2026-09-15T04:59:51.3970203Z > vitest run
2026-09-15T04:59:51.3970308Z 
2026-09-15T04:59:51.5927115Z 
2026-09-15T04:59:51.5930121Z [1m[30m[46m RUN [49m[39m[22m [36mv5.0.0 [39m[90m<ci-home>/work/Learning_Workbench/Learning_Workbench/apps/web[39m
2026-09-15T04:59:51.5930495Z 
2026-09-15T04:59:52.9244345Z  [32m✓[39m src/shared/createResponseDraftJournal.test.tsx [2m([22m[2m4 tests[22m[2m)[22m[33m 705[2mms[22m[39m
2026-09-15T04:59:53.5131248Z  [32m✓[39m src/features/notes/useNoteDrafts.test.tsx [2m([22m[2m15 tests[22m[2m)[22m[33m 1256[2mms[22m[39m
2026-09-15T04:59:54.0709136Z  [32m✓[39m src/features/recommendations/useDecisions.test.tsx [2m([22m[2m11 tests[22m[2m)[22m[33m 1799[2mms[22m[39m
2026-09-15T04:59:54.4091150Z  [32m✓[39m src/features/reader/selection.test.ts [2m([22m[2m33 tests[22m[2m)[22m[32m 31[2mms[22m[39m
2026-09-15T04:59:55.0660884Z  [32m✓[39m src/workbench/useWorkbenchRecovery.test.tsx [2m([22m[2m6 tests[22m[2m)[22m[32m 277[2mms[22m[39m
2026-09-15T04:59:55.2181131Z  [32m✓[39m src/features/learning/useProfile.test.tsx [2m([22m[2m8 tests[22m[2m)[22m[33m 1328[2mms[22m[39m
2026-09-15T04:59:55.2182395Z    [33m[2m✓[22m[39m a late acknowledged old command cannot erase a newer durable profile candidate after policy resume[33m 315[2mms[22m[39m
2026-09-15T04:59:55.6430758Z  [32m✓[39m src/features/practice/usePracticeSession.test.tsx [2m([22m[2m6 tests[22m[2m)[22m[33m 2343[2mms[22m[39m
2026-09-15T04:59:55.6431742Z    [33m[2m✓[22m[39m same hook identity change does not rebind or auto-save unsent A responses to B[33m 851[2mms[22m[39m
2026-09-15T04:59:55.6432538Z    [33m[2m✓[22m[39m explicit keep-local after remote submission retains the draft without a response PUT[33m 691[2mms[22m[39m
2026-09-15T04:59:55.6433323Z    [33m[2m✓[22m[39m keyed unmount with PUT in flight keeps both sessions separate and recovers A on return[33m 304[2mms[22m[39m
2026-09-15T04:59:55.6731196Z  [32m✓[39m src/workbench/DraftStore.test.ts [2m([22m[2m9 tests[22m[2m)[22m[32m 107[2mms[22m[39m
2026-09-15T04:59:56.0341459Z  [32m✓[39m src/features/recommendations/recommendations.test.tsx [2m([22m[2m7 tests[22m[2m)[22m[33m 524[2mms[22m[39m
2026-09-15T04:59:56.3590722Z  [32m✓[39m src/workbench/PreserveReaderViewport.test.tsx [2m([22m[2m11 tests[22m[2m)[22m[32m 192[2mms[22m[39m
2026-09-15T04:59:56.8673290Z  [32m✓[39m src/features/routes/RouteEditorDraftSequence.test.tsx [2m([22m[2m5 tests[22m[2m)[22m[33m 591[2mms[22m[39m
2026-09-15T04:59:57.2373859Z  [32m✓[39m src/features/routes/RouteEditor.test.tsx [2m([22m[2m2 tests[22m[2m)[22m[33m 422[2mms[22m[39m
2026-09-15T04:59:57.6120450Z  [32m✓[39m src/workbench/model.test.ts [2m([22m[2m9 tests[22m[2m)[22m[32m 7[2mms[22m[39m
2026-09-15T04:59:57.6620820Z  [32m✓[39m src/features/grading/useGradingResult.test.tsx [2m([22m[2m6 tests[22m[2m)[22m[33m 1103[2mms[22m[39m
2026-09-15T04:59:57.6650617Z    [33m[2m✓[22m[39m reads the actual job and polls its actual needs-review outcome without turning null into zero[33m 767[2mms[22m[39m
2026-09-15T04:59:57.7311421Z  [32m✓[39m src/features/grading/AssessmentResultRecovery.test.tsx [2m([22m[2m2 tests[22m[2m)[22m[33m 327[2mms[22m[39m
2026-09-15T04:59:58.0846172Z  [32m✓[39m src/features/assessment/assessmentClient.test.ts [2m([22m[2m4 tests[22m[2m)[22m[32m 6[2mms[22m[39m
2026-09-15T04:59:58.2017505Z  [32m✓[39m src/features/learning/conceptModel.test.ts [2m([22m[2m4 tests[22m[2m)[22m[32m 6[2mms[22m[39m
2026-09-15T04:59:58.2144647Z  [32m✓[39m src/features/recommendations/useRecommendationNavigation.test.tsx [2m([22m[2m8 tests[22m[2m)[22m[32m 33[2mms[22m[39m
2026-09-15T04:59:58.6507789Z  [32m✓[39m src/features/learning/profileDrafts.test.ts [2m([22m[2m4 tests[22m[2m)[22m[32m 5[2mms[22m[39m
2026-09-15T04:59:58.6831321Z  [32m✓[39m src/features/assessment/target.test.ts [2m([22m[2m5 tests[22m[2m)[22m[32m 11[2mms[22m[39m
2026-09-15T04:59:58.8201347Z  [32m✓[39m src/features/review/GradingHistory.test.tsx [2m([22m[2m3 tests[22m[2m)[22m[32m 215[2mms[22m[39m
2026-09-15T04:59:59.1340785Z  [32m✓[39m src/features/assessment/assessmentDrafts.test.ts [2m([22m[2m14 tests[22m[2m)[22m[32m 8[2mms[22m[39m
2026-09-15T04:59:59.1350709Z  [32m✓[39m src/features/imports/recovery.test.ts [2m([22m[2m12 tests[22m[2m)[22m[32m 12[2mms[22m[39m
2026-09-15T04:59:59.2763901Z  [32m✓[39m src/features/grading/reviewDrafts.test.ts [2m([22m[2m5 tests[22m[2m)[22m[32m 4[2mms[22m[39m
2026-09-15T04:59:59.5719086Z  [32m✓[39m src/features/grading/gradingModel.test.ts [2m([22m[2m9 tests[22m[2m)[22m[32m 5[2mms[22m[39m
2026-09-15T04:59:59.6307080Z  [32m✓[39m src/features/practice/practiceDrafts.test.ts [2m([22m[2m11 tests[22m[2m)[22m[32m 16[2mms[22m[39m
2026-09-15T04:59:59.9883488Z  [32m✓[39m src/features/review/reviewModel.test.ts [2m([22m[2m4 tests[22m[2m)[22m[32m 5[2mms[22m[39m
2026-09-15T05:00:00.0353404Z  [32m✓[39m src/features/review/ReviewMaterialLinks.test.tsx [2m([22m[2m2 tests[22m[2m)[22m[32m 263[2mms[22m[39m
2026-09-15T05:00:00.3814341Z  [32m✓[39m src/workbench/DraftConflictPreview.test.tsx [2m([22m[2m3 tests[22m[2m)[22m[32m 232[2mms[22m[39m
2026-09-15T05:00:00.4536455Z  [32m✓[39m src/features/notes/noteDrafts.test.ts [2m([22m[2m8 tests[22m[2m)[22m[32m 10[2mms[22m[39m
2026-09-15T05:00:00.5238043Z  [32m✓[39m src/features/practice/target.test.ts [2m([22m[2m3 tests[22m[2m)[22m[32m 13[2mms[22m[39m
2026-09-15T05:00:00.8767188Z  [32m✓[39m src/features/imports/encoding.test.ts [2m([22m[2m9 tests[22m[2m)[22m[32m 6[2mms[22m[39m
2026-09-15T05:00:01.0646731Z  [32m✓[39m src/features/imports/SourceProvenance.test.tsx [2m([22m[2m4 tests[22m[2m)[22m[32m 41[2mms[22m[39m
2026-09-15T05:00:01.0961351Z  [32m✓[39m src/features/imports/FailedOriginal.test.tsx [2m([22m[2m3 tests[22m[2m)[22m[32m 198[2mms[22m[39m
2026-09-15T05:00:01.4988886Z  [32m✓[39m src/features/recommendations/recommendationClient.test.ts [2m([22m[2m2 tests[22m[2m)[22m[32m 6[2mms[22m[39m
2026-09-15T05:00:01.5775193Z  [32m✓[39m src/features/reader/navigation.test.ts [2m([22m[2m4 tests[22m[2m)[22m[32m 11[2mms[22m[39m
2026-09-15T05:00:01.6326276Z  [32m✓[39m src/features/imports/UploadForm.test.tsx [2m([22m[2m3 tests[22m[2m)[22m[32m 209[2mms[22m[39m
2026-09-15T05:00:02.0062049Z  [32m✓[39m src/features/routes/routeDrafts.test.ts [2m([22m[2m2 tests[22m[2m)[22m[32m 5[2mms[22m[39m
2026-09-15T05:00:02.0067005Z  [32m✓[39m src/workbench/selectionMerge.test.ts [2m([22m[2m3 tests[22m[2m)[22m[32m 2[2mms[22m[39m
2026-09-15T05:00:02.4374437Z  [32m✓[39m src/features/grading/useGradingReview.test.ts [2m([22m[2m11 tests[22m[2m)[22m[32m 5[2mms[22m[39m
2026-09-15T05:00:02.4729920Z  [32m✓[39m src/features/grading/GradingSummary.test.tsx [2m([22m[2m2 tests[22m[2m)[22m[33m 351[2mms[22m[39m
2026-09-15T05:00:02.4730876Z    [33m[2m✓[22m[39m pending score is displayed as unknown rather than zero or a mastery claim[33m 326[2mms[22m[39m
2026-09-15T05:00:02.8287369Z  [32m✓[39m src/shared/Markdown.test.tsx [2m([22m[2m3 tests[22m[2m)[22m[32m 84[2mms[22m[39m
2026-09-15T05:00:02.9071080Z  [32m✓[39m src/features/routes/completionDrafts.test.ts [2m([22m[2m2 tests[22m[2m)[22m[32m 3[2mms[22m[39m
2026-09-15T05:00:02.9200683Z  [32m✓[39m src/features/routes/target.test.ts [2m([22m[2m2 tests[22m[2m)[22m[32m 6[2mms[22m[39m
2026-09-15T05:00:03.3175787Z  [32m✓[39m src/features/fixture.test.ts [2m([22m[2m2 tests[22m[2m)[22m[32m 9[2mms[22m[39m
2026-09-15T05:00:03.5086728Z  [32m✓[39m src/features/imports/ReviewWarnings.test.tsx [2m([22m[2m2 tests[22m[2m)[22m[32m 105[2mms[22m[39m
2026-09-15T05:00:03.7693214Z  [32m✓[39m src/features/review/SubmittedResponse.test.tsx [2m([22m[2m1 test[22m[2m)[22m[33m 321[2mms[22m[39m
2026-09-15T05:00:03.7693840Z    [33m[2m✓[22m[39m renders the frozen submitted answer and original Unicode steps as inert text, with no editable response control[33m 320[2mms[22m[39m
2026-09-15T05:00:03.7719882Z 
2026-09-15T05:00:03.7723373Z [2m Test Files [22m [1m[32m47 passed[39m[22m[90m (47)[39m
2026-09-15T05:00:03.7723967Z [2m      Tests [22m [1m[32m288 passed[39m[22m[90m (288)[39m
2026-09-15T05:00:03.7724395Z [2m   Start at [22m 04:59:51
2026-09-15T05:00:03.7727087Z [2m   Duration [22m 12.17s[2m (environment 49%, tests 42%, import 7%, transform 3%)[22m
2026-09-15T05:00:03.7732291Z 
2026-09-15T05:00:03.7732915Z [2mEnvironment [22m [33mjsdom was created 47 times[39m[2m · 15.45s total, 49% of tracked time[22m
2026-09-15T05:00:03.7733965Z [2m            [22m [2mcreate it once per worker with [22m[33mpool: 'vmThreads'[39m[2m (keeps per-file isolation) or [22m[33misolate: false[39m[2m (shares it across files)[22m
2026-09-15T05:00:03.7734916Z [2m            [22m [2mlearn more: https://vitest.dev/guide/improving-performance#test-environments[22m
2026-09-15T05:00:03.7735262Z 
2026-09-15T05:00:03.8103129Z ##[group]Run make build
2026-09-15T05:00:03.8103292Z [36;1mmake build[0m
2026-09-15T05:00:03.8131991Z shell: /usr/bin/bash -e {0}
2026-09-15T05:00:03.8132130Z ##[endgroup]
2026-09-15T05:00:03.8192089Z bash scripts/node.sh npm --prefix apps/web run build
2026-09-15T05:00:03.8821147Z 
2026-09-15T05:00:03.8821621Z > @learning-workbench/web@0.1.0 build
2026-09-15T05:00:03.8821949Z > tsc --noEmit && vite build
2026-09-15T05:00:03.8822050Z 
2026-09-15T05:00:04.4361767Z [36mvite v8.3.0 [32mbuilding client environment for production...[36m[39m
2026-09-15T05:00:04.4423828Z transforming...
2026-09-15T05:00:04.5476475Z ✓ 695 modules transformed.
2026-09-15T05:00:04.6046529Z rendering chunks...
2026-09-15T05:00:04.6860345Z computing gzip size...
2026-09-15T05:00:04.7144400Z dist/index.html                       0.41 kB │ gzip:     0.32 kB
2026-09-15T05:00:04.7144752Z dist/assets/index-Dz4_buUm.css       36.17 kB │ gzip:     7.74 kB
2026-09-15T05:00:04.7145122Z dist/assets/index-Cbl7W1WK.js       717.04 kB │ gzip:   197.63 kB
2026-09-15T05:00:04.7145651Z dist/assets/Markdown-Crhk6fIp.js  2,939.32 kB │ gzip: 1,098.70 kB
2026-09-15T05:00:04.7145789Z 
2026-09-15T05:00:04.7146853Z [32m✓ built in 278ms[39m
2026-09-15T05:00:04.7152235Z [33m[plugin builtin:vite-reporter] 
2026-09-15T05:00:04.7152618Z (!) Some chunks are larger than 500 kB after minification. Consider:
2026-09-15T05:00:04.7153002Z - Using dynamic import() to code-split the application
2026-09-15T05:00:04.7153478Z - Use build.rolldownOptions.output.codeSplitting to improve chunking: https://rolldown.rs/reference/OutputOptions.codeSplitting
2026-09-15T05:00:04.7153944Z - Adjust chunk size limit for this warning via build.chunkSizeWarningLimit.[39m
2026-09-15T05:00:04.7407518Z Post job cleanup.
2026-09-15T05:00:04.8092391Z Cache hit occurred on the primary key node-cache-Linux-x64-npm-88346c344be99637313526bac40be213d9ff7980d5ac890cfb906fdfb94cb22b, not saving cache.
2026-09-15T05:00:04.8193290Z Post job cleanup.
2026-09-15T05:00:04.8686773Z [command]/usr/bin/git version
2026-09-15T05:00:04.8716792Z git version 2.55.0
2026-09-15T05:00:04.8736995Z Temporarily overriding HOME='<ci-home>/work/_temp/5fd23188-ad15-4cb5-8a67-2fb3a9c4d36d' before making global git config changes
2026-09-15T05:00:04.8737722Z Adding repository directory to the temporary git global config as a safe directory
2026-09-15T05:00:04.8740047Z [command]/usr/bin/git config --global --add safe.directory <ci-home>/work/Learning_Workbench/Learning_Workbench
2026-09-15T05:00:04.8765582Z Removing SSH command configuration
2026-09-15T05:00:04.8769678Z [command]/usr/bin/git config --local --name-only --get-regexp core\.sshCommand
2026-09-15T05:00:04.8795587Z [command]/usr/bin/git submodule foreach --recursive sh -c "git config --local --name-only --get-regexp 'core\.sshCommand' && git config --local --unset-all 'core.sshCommand' || :"
2026-09-15T05:00:04.8984405Z Removing HTTP extra header
2026-09-15T05:00:04.8989175Z [command]/usr/bin/git config --local --name-only --get-regexp http\.https\:\/\/github\.com\/\.extraheader
2026-09-15T05:00:04.9028500Z [command]/usr/bin/git submodule foreach --recursive sh -c "git config --local --name-only --get-regexp 'http\.https\:\/\/github\.com\/\.extraheader' && git config --local --unset-all 'http.https://github.com/.extraheader' || :"
2026-09-15T05:00:04.9214872Z Removing includeIf entries pointing to credentials config files
2026-09-15T05:00:04.9220685Z [command]/usr/bin/git config --local --name-only --get-regexp ^includeIf\.gitdir:
2026-09-15T05:00:04.9248147Z includeif.gitdir:<ci-home>/work/Learning_Workbench/Learning_Workbench/.git.path
2026-09-15T05:00:04.9248869Z includeif.gitdir:<ci-home>/work/Learning_Workbench/Learning_Workbench/.git/worktrees/*.path
2026-09-15T05:00:04.9249311Z includeif.gitdir:/github/workspace/.git.path
2026-09-15T05:00:04.9249744Z includeif.gitdir:/github/workspace/.git/worktrees/*.path
2026-09-15T05:00:04.9259945Z [command]/usr/bin/git config --local --get-all includeif.gitdir:<ci-home>/work/Learning_Workbench/Learning_Workbench/.git.path
2026-09-15T05:00:04.9275879Z <ci-home>/work/_temp/git-credentials-9d42bd7d-2e8e-42f4-860f-2d70a28eacf5.config
2026-09-15T05:00:04.9282762Z [command]/usr/bin/git config --local --unset includeif.gitdir:<ci-home>/work/Learning_Workbench/Learning_Workbench/.git.path \/home\/runner\/work\/_temp\/git\-credentials\-9d42bd7d\-2e8e\-42f4\-860f\-2d70a28eacf5\.config
2026-09-15T05:00:04.9311849Z [command]/usr/bin/git config --local --get-all includeif.gitdir:<ci-home>/work/Learning_Workbench/Learning_Workbench/.git/worktrees/*.path
2026-09-15T05:00:04.9333826Z <ci-home>/work/_temp/git-credentials-9d42bd7d-2e8e-42f4-860f-2d70a28eacf5.config
2026-09-15T05:00:04.9339560Z [command]/usr/bin/git config --local --unset includeif.gitdir:<ci-home>/work/Learning_Workbench/Learning_Workbench/.git/worktrees/*.path \/home\/runner\/work\/_temp\/git\-credentials\-9d42bd7d\-2e8e\-42f4\-860f\-2d70a28eacf5\.config
2026-09-15T05:00:04.9366723Z [command]/usr/bin/git config --local --get-all includeif.gitdir:/github/workspace/.git.path
2026-09-15T05:00:04.9387187Z /github/runner_temp/git-credentials-9d42bd7d-2e8e-42f4-860f-2d70a28eacf5.config
2026-09-15T05:00:04.9391872Z [command]/usr/bin/git config --local --unset includeif.gitdir:/github/workspace/.git.path \/github\/runner_temp\/git\-credentials\-9d42bd7d\-2e8e\-42f4\-860f\-2d70a28eacf5\.config
2026-09-15T05:00:04.9417564Z [command]/usr/bin/git config --local --get-all includeif.gitdir:/github/workspace/.git/worktrees/*.path
2026-09-15T05:00:04.9437372Z /github/runner_temp/git-credentials-9d42bd7d-2e8e-42f4-860f-2d70a28eacf5.config
2026-09-15T05:00:04.9442727Z [command]/usr/bin/git config --local --unset includeif.gitdir:/github/workspace/.git/worktrees/*.path \/github\/runner_temp\/git\-credentials\-9d42bd7d\-2e8e\-42f4\-860f\-2d70a28eacf5\.config
2026-09-15T05:00:04.9470596Z [command]/usr/bin/git submodule foreach --recursive git config --local --show-origin --name-only --get-regexp remote.origin.url
2026-09-15T05:00:04.9635497Z Removing credentials config '<ci-home>/work/_temp/git-credentials-9d42bd7d-2e8e-42f4-860f-2d70a28eacf5.config'
2026-09-15T05:00:04.9738846Z Cleaning up orphan processes
