
> @learning-workbench/web@0.1.0 test:e2e
> playwright test --config ../../tests/e2e/playwright.config.ts tutor.spec.ts -g explicit same-Run

[WebServer] INFO:     Started server process [805252]
[WebServer] INFO:     Waiting for application startup.
[WebServer] INFO:     Application startup complete.
[WebServer] INFO:     Uvicorn running on http://127.0.0.1:8765 (Press CTRL+C to quit)
[WebServer] (node:805309) Warning: The 'NO_COLOR' env is ignored due to the 'FORCE_COLOR' env being set.
[WebServer] (Use `node --trace-warnings ...` to show where the warning was created)

Running 1 test using 1 worker

(node:805362) Warning: The 'NO_COLOR' env is ignored due to the 'FORCE_COLOR' env being set.
(Use `node --trace-warnings ...` to show where the warning was created)
  ✘  1 ../../tests/e2e/tutor.spec.ts:77:1 › explicit same-Run consent uses the real loopback protocol and restores raw answer without upgrading evidence (18.3s)


  1) ../../tests/e2e/tutor.spec.ts:77:1 › explicit same-Run consent uses the real loopback protocol and restores raw answer without upgrading evidence 

    TimeoutError: locator.scrollIntoViewIfNeeded: Timeout 10000ms exceeded.
    Call log:
      - waiting for getByRole('region', { name: '真实问答线程与任务', exact: true }).getByLabel('本次模型回答原文', { exact: true })


      137 |     await page.screenshot({ path: info.outputPath('tutor-loopback-answer-1440.png') })
      138 |     await page.setViewportSize({ width: 390, height: 844 })
    > 139 |     await tutor.getByLabel('本次模型回答原文', { exact: true }).scrollIntoViewIfNeeded()
          |                                                         ^
      140 |     await page.screenshot({ path: info.outputPath('tutor-loopback-answer-390.png') })
      141 |     expect(errors).toEqual([])
      142 |     writeFileSync(info.outputPath('actual-tutor-loopback.json'), JSON.stringify({ scope: 'Test-only complete-byte model, synthetic secret and original material; actual loopback HTTP, provider ledger, Tutor worker/SSE and native UI. No production input proof, vendor call or answer-quality acceptance.', thread, create_ack: ack, final: complete, observation: runtime.control(), runtime_errors: errors }, null, 2))
        at <private-home>/.cache/learning-workbench-acceptance/m53-active/tests/e2e/tutor.spec.ts:139:57

    attachment #1: screenshot (image/png) ──────────────────────────────────────────────────────────
    ../../../m53-ui-development/native-14-artifacts/tutor-explicit-same-Run-co-e37c7--without-upgrading-evidence/test-failed-1.png
    ────────────────────────────────────────────────────────────────────────────────────────────────

    Error Context: ../../../m53-ui-development/native-14-artifacts/tutor-explicit-same-Run-co-e37c7--without-upgrading-evidence/error-context.md

  1 failed
    ../../tests/e2e/tutor.spec.ts:77:1 › explicit same-Run consent uses the real loopback protocol and restores raw answer without upgrading evidence 
