..F.....                                                                 [100%]
=================================== FAILURES ===================================
__ test_reader_does_not_relabel_edited_content_as_original_import_provenance ___

editing = (<services.api.app.infrastructure.database.Database object at 0x71d8946de000>, SessionIdentity(id='session_REDACTED_SYNTHETIC_ID... 0x71d893fa8d40>, DraftCreated(), <services.api.app.application.review_service.ReviewService object at 0x71d895904da0>)

    def test_reader_does_not_relabel_edited_content_as_original_import_provenance(editing):
        from services.api.app.application.reader import ReaderService
        database, identity, base, _, created, _ = editing
        record, receipt, body = approved(editing)
        reader = ReaderService(database)
        original = reader.block(identity, base.id, base.revision)
        result = publisher(editing).publish(identity, created.draft_id, body, 'derived')
        actual = reader.block(identity, result.id, result.revision)
        assert actual.block_ref == result and actual.block.title == record.payload.title
>       assert actual.source is None
               ^^^^^^^^^^^^^

tests/integration/test_edit_publication.py:103: 
_ _ _ _ _ _ _ _ _ _ _ _ _ _ _ _ _ _ _ _ _ _ _ _ _ _ _ _ _ _ _ _ _ _ _ _ _ _ _ _ 

self = BlockProvenanceResponse(block=ContentBlock(schema_version='3.0.0', id='block_718d5c5e2ef665e3520c40789f43758f', revisi...rning(code='PROVENANCE_UNRESOLVED', message='此修订尚无可核验的冻结来源记录；原始引用保留，未按相同 ID 猜测来源。', locator=None, severity='warning')])
item = 'source'

    def __getattr__(self, item: str) -> Any:
        private_attributes = object.__getattribute__(self, '__private_attributes__')
        if item in private_attributes:
            attribute = private_attributes[item]
            if hasattr(attribute, '__get__'):
                return attribute.__get__(self, type(self))  # type: ignore
    
            try:
                # Note: self.__pydantic_private__ cannot be None if self.__private_attributes__ has items
                return self.__pydantic_private__[item]  # type: ignore
            except KeyError as exc:
                raise AttributeError(f'{type(self).__name__!r} object has no attribute {item!r}') from exc
        else:
            # `__pydantic_extra__` can fail to be set if the model is not yet fully initialized.
            # See `BaseModel.__repr_args__` for more details
            try:
                pydantic_extra = object.__getattribute__(self, '__pydantic_extra__')
            except AttributeError:
                pydantic_extra = None
    
            if pydantic_extra and item in pydantic_extra:
                return pydantic_extra[item]
            else:
                if hasattr(self.__class__, item):
                    return super().__getattribute__(item)  # Raises AttributeError if appropriate
                else:
                    # this is the current error
>                   raise AttributeError(f'{type(self).__name__!r} object has no attribute {item!r}')
E                   AttributeError: 'BlockProvenanceResponse' object has no attribute 'source'

.venv/lib/python3.12/site-packages/pydantic/main.py:1042: AttributeError
=============================== warnings summary ===============================
.venv/lib/python3.12/site-packages/fastapi/testclient.py:1
  <LOCAL_HOME>/.cache/learning-workbench-acceptance/m62-edit-publication-active/.venv/lib/python3.12/site-packages/fastapi/testclient.py:1: StarletteDeprecationWarning: Using `httpx` with `starlette.testclient` is deprecated; install `httpx2` instead.
    from starlette.testclient import TestClient as TestClient  # noqa

.venv/lib/python3.12/site-packages/starlette/testclient.py:53
  <LOCAL_HOME>/.cache/learning-workbench-acceptance/m62-edit-publication-active/.venv/lib/python3.12/site-packages/starlette/testclient.py:53: DeprecationWarning: The anyio.abc.BlockingPortal alias is deprecated, use anyio.from_thread.BlockingPortal instead.
    _PortalFactoryType = Callable[[], AbstractContextManager[anyio.abc.BlockingPortal]]

-- Docs: https://docs.pytest.org/en/stable/how-to/capture-warnings.html
=========================== short test summary info ============================
FAILED tests/integration/test_edit_publication.py::test_reader_does_not_relabel_edited_content_as_original_import_provenance
1 failed, 7 passed, 2 warnings in 6.44s
