2026-09-28T06:21:06.0710191Z Current runner version: '2.337.0'
2026-09-28T06:21:06.0730401Z ##[group]Runner Image Provisioner
2026-09-28T06:21:06.0731202Z Hosted Compute Agent
2026-09-28T06:21:06.0731677Z Version: 20260828.587
2026-09-28T06:21:06.0732461Z Commit: abac92662cab4cc7352de4f9f9d2e2419aad9c29
2026-09-28T06:21:06.0733157Z Build Date: 2026-08-28T16:44:25Z
2026-09-28T06:21:06.0733694Z Worker ID: {681bfc0b-97f7-4186-90ba-f23aaeed94e5}
2026-09-28T06:21:06.0734356Z Azure Region: mexicocentral
2026-09-28T06:21:06.0734842Z ##[endgroup]
2026-09-28T06:21:06.0735996Z ##[group]Operating System
2026-09-28T06:21:06.0736551Z Ubuntu
2026-09-28T06:21:06.0736964Z 26.04.1
2026-09-28T06:21:06.0737459Z LTS
2026-09-28T06:21:06.0737888Z ##[endgroup]
2026-09-28T06:21:06.0738384Z ##[group]Runner Image
2026-09-28T06:21:06.0738880Z Image: ubuntu-26.04
2026-09-28T06:21:06.0739331Z Version: 20260920.143.1
2026-09-28T06:21:06.0740456Z Included Software: https://github.com/actions/runner-images/blob/ubuntu26/20260920.143/images/ubuntu/Ubuntu2604-Readme.md
2026-09-28T06:21:06.0741730Z Image Release: https://github.com/actions/runner-images/releases/tag/ubuntu26%2F20260920.143
2026-09-28T06:21:06.0742778Z ##[endgroup]
2026-09-28T06:21:06.0743757Z ##[group]GITHUB_TOKEN Permissions
2026-09-28T06:21:06.0745260Z Contents: read
2026-09-28T06:21:06.0745756Z Metadata: read
2026-09-28T06:21:06.0746277Z ##[endgroup]
2026-09-28T06:21:06.0747911Z Secret source: Actions
2026-09-28T06:21:06.0748779Z Cache mode: write
2026-09-28T06:21:06.0749335Z Prepare workflow directory
2026-09-28T06:21:06.1011329Z Prepare all required actions
2026-09-28T06:21:06.1051351Z Getting action download info
2026-09-28T06:21:06.3987915Z Download action repository 'actions/checkout@3d3c42e5aac5ba805825da76410c181273ba90b1' (SHA:3d3c42e5aac5ba805825da76410c181273ba90b1)
2026-09-28T06:21:06.5042153Z Download action repository 'actions/setup-python@5fda3b95a4ea91299a34e894583c3862153e4b97' (SHA:5fda3b95a4ea91299a34e894583c3862153e4b97)
2026-09-28T06:21:06.7790128Z Complete job name: backend
2026-09-28T06:21:06.8392862Z ##[group]Run actions/checkout@3d3c42e5aac5ba805825da76410c181273ba90b1
2026-09-28T06:21:06.8393668Z with:
2026-09-28T06:21:06.8394021Z   repository: kl3574/Learning_Workbench
2026-09-28T06:21:06.8396911Z   token: ***
2026-09-28T06:21:06.8397255Z   ssh-strict: true
2026-09-28T06:21:06.8397615Z   ssh-user: git
2026-09-28T06:21:06.8397965Z   persist-credentials: true
2026-09-28T06:21:06.8398346Z   clean: true
2026-09-28T06:21:06.8398692Z   sparse-checkout-cone-mode: true
2026-09-28T06:21:06.8399097Z   fetch-depth: 1
2026-09-28T06:21:06.8399434Z   fetch-tags: false
2026-09-28T06:21:06.8399775Z   show-progress: true
2026-09-28T06:21:06.8400123Z   lfs: false
2026-09-28T06:21:06.8400442Z   submodules: false
2026-09-28T06:21:06.8400791Z   set-safe-directory: true
2026-09-28T06:21:06.8401179Z   allow-unsafe-pr-checkout: false
2026-09-28T06:21:06.8401723Z ##[endgroup]
2026-09-28T06:21:06.9180441Z Syncing repository: kl3574/Learning_Workbench
2026-09-28T06:21:06.9182734Z ##[group]Getting Git version info
2026-09-28T06:21:06.9183755Z Working directory is '<CI_HOME>/work/Learning_Workbench/Learning_Workbench'
2026-09-28T06:21:06.9185115Z [command]/usr/bin/git version
2026-09-28T06:21:06.9187285Z git version 2.55.0
2026-09-28T06:21:06.9205121Z ##[endgroup]
2026-09-28T06:21:06.9214932Z Temporarily overriding HOME='<CI_HOME>/work/_temp/6e5ff795-f963-4703-99e9-0d1d91783de4' before making global git config changes
2026-09-28T06:21:06.9216800Z Adding repository directory to the temporary git global config as a safe directory
2026-09-28T06:21:06.9218852Z [command]/usr/bin/git config --global --add safe.directory <CI_HOME>/work/Learning_Workbench/Learning_Workbench
2026-09-28T06:21:06.9289219Z Deleting the contents of '<CI_HOME>/work/Learning_Workbench/Learning_Workbench'
2026-09-28T06:21:06.9292373Z ##[group]Determining repository object format
2026-09-28T06:21:06.9293703Z ##[endgroup]
2026-09-28T06:21:06.9294687Z ##[group]Initializing the repository
2026-09-28T06:21:06.9297084Z [command]/usr/bin/git init <CI_HOME>/work/Learning_Workbench/Learning_Workbench
2026-09-28T06:21:06.9899696Z hint: Using 'master' as the name for the initial branch. This default branch name
2026-09-28T06:21:06.9903419Z hint: will change to "main" in Git 3.0. To configure the initial branch name
2026-09-28T06:21:06.9905407Z hint: to use in all of your new repositories, which will suppress this warning,
2026-09-28T06:21:06.9906638Z hint: call:
2026-09-28T06:21:06.9907503Z hint:
2026-09-28T06:21:06.9908220Z hint: 	git config --global init.defaultBranch <name>
2026-09-28T06:21:06.9908823Z hint:
2026-09-28T06:21:06.9909318Z hint: Names commonly chosen instead of 'master' are 'main', 'trunk' and
2026-09-28T06:21:06.9910195Z hint: 'development'. The just-created branch can be renamed via this command:
2026-09-28T06:21:06.9910783Z hint:
2026-09-28T06:21:06.9911330Z hint: 	git branch -m <name>
2026-09-28T06:21:06.9911896Z hint:
2026-09-28T06:21:06.9912752Z hint: Disable this message with "git config set advice.defaultBranchName false"
2026-09-28T06:21:06.9913651Z Initialized empty Git repository in <CI_HOME>/work/Learning_Workbench/Learning_Workbench/.git/
2026-09-28T06:21:06.9915211Z [command]/usr/bin/git remote add origin https://github.com/kl3574/Learning_Workbench
2026-09-28T06:21:06.9993733Z ##[endgroup]
2026-09-28T06:21:06.9994380Z ##[group]Disabling automatic garbage collection
2026-09-28T06:21:06.9996218Z [command]/usr/bin/git config --local gc.auto 0
2026-09-28T06:21:07.0024556Z ##[endgroup]
2026-09-28T06:21:07.0025150Z ##[group]Setting up auth
2026-09-28T06:21:07.0025665Z Removing SSH command configuration
2026-09-28T06:21:07.0028774Z [command]/usr/bin/git config --local --name-only --get-regexp core\.sshCommand
2026-09-28T06:21:07.0056097Z [command]/usr/bin/git submodule foreach --recursive sh -c "git config --local --name-only --get-regexp 'core\.sshCommand' && git config --local --unset-all 'core.sshCommand' || :"
2026-09-28T06:21:07.0729449Z Removing HTTP extra header
2026-09-28T06:21:07.0734702Z [command]/usr/bin/git config --local --name-only --get-regexp http\.https\:\/\/github\.com\/\.extraheader
2026-09-28T06:21:07.0762950Z [command]/usr/bin/git submodule foreach --recursive sh -c "git config --local --name-only --get-regexp 'http\.https\:\/\/github\.com\/\.extraheader' && git config --local --unset-all 'http.https://github.com/.extraheader' || :"
2026-09-28T06:21:07.0993888Z Removing includeIf entries pointing to credentials config files
2026-09-28T06:21:07.0997622Z [command]/usr/bin/git config --local --name-only --get-regexp ^includeIf\.gitdir:
2026-09-28T06:21:07.1025362Z [command]/usr/bin/git submodule foreach --recursive git config --local --show-origin --name-only --get-regexp remote.origin.url
2026-09-28T06:21:07.1260703Z [command]/usr/bin/git config --file <CI_HOME>/work/_temp/git-credentials-1e528885-9765-4305-965e-584bea281e19.config http.https://github.com/.extraheader AUTHORIZATION: basic ***
2026-09-28T06:21:07.1297053Z [command]/usr/bin/git config --local includeIf.gitdir:<CI_HOME>/work/Learning_Workbench/Learning_Workbench/.git.path <CI_HOME>/work/_temp/git-credentials-1e528885-9765-4305-965e-584bea281e19.config
2026-09-28T06:21:07.1327321Z [command]/usr/bin/git config --local includeIf.gitdir:<CI_HOME>/work/Learning_Workbench/Learning_Workbench/.git/worktrees/*.path <CI_HOME>/work/_temp/git-credentials-1e528885-9765-4305-965e-584bea281e19.config
2026-09-28T06:21:07.1359475Z [command]/usr/bin/git config --local includeIf.gitdir:/github/workspace/.git.path /github/runner_temp/git-credentials-1e528885-9765-4305-965e-584bea281e19.config
2026-09-28T06:21:07.1391054Z [command]/usr/bin/git config --local includeIf.gitdir:/github/workspace/.git/worktrees/*.path /github/runner_temp/git-credentials-1e528885-9765-4305-965e-584bea281e19.config
2026-09-28T06:21:07.1421187Z ##[endgroup]
2026-09-28T06:21:07.1421815Z ##[group]Fetching the repository
2026-09-28T06:21:07.1429041Z [command]/usr/bin/git -c protocol.version=2 fetch --no-tags --prune --no-recurse-submodules --depth=1 origin +538bf74da04fac1cdea69cc70e1416d54c5643cd:refs/remotes/pull/55/merge
2026-09-28T06:21:12.2184189Z From https://github.com/kl3574/Learning_Workbench
2026-09-28T06:21:12.2186032Z  * [new ref]         538bf74da04fac1cdea69cc70e1416d54c5643cd -> pull/55/merge
2026-09-28T06:21:12.2189711Z ##[endgroup]
2026-09-28T06:21:12.2190663Z ##[group]Determining the checkout info
2026-09-28T06:21:12.2191622Z ##[endgroup]
2026-09-28T06:21:12.2193621Z [command]/usr/bin/git sparse-checkout disable
2026-09-28T06:21:12.2244756Z [command]/usr/bin/git config --local --unset-all extensions.worktreeConfig
2026-09-28T06:21:12.2273334Z ##[group]Checking out the ref
2026-09-28T06:21:12.2276189Z [command]/usr/bin/git checkout --progress --force refs/remotes/pull/55/merge
2026-09-28T06:21:13.4578701Z Updating files:  94% (12240/12983)
2026-09-28T06:21:13.4667834Z Updating files:  95% (12334/12983)
2026-09-28T06:21:13.4731523Z Updating files:  96% (12464/12983)
2026-09-28T06:21:13.4791005Z Updating files:  97% (12594/12983)
2026-09-28T06:21:13.4851996Z Updating files:  98% (12724/12983)
2026-09-28T06:21:13.4916012Z Updating files:  99% (12854/12983)
2026-09-28T06:21:13.4916476Z Updating files: 100% (12983/12983)
2026-09-28T06:21:13.4916920Z Updating files: 100% (12983/12983), done.
2026-09-28T06:21:13.5057554Z Note: switching to 'refs/remotes/pull/55/merge'.
2026-09-28T06:21:13.5057913Z 
2026-09-28T06:21:13.5058226Z You are in 'detached HEAD' state. You can look around, make experimental
2026-09-28T06:21:13.5058712Z changes and commit them, and you can discard any commits you make in this
2026-09-28T06:21:13.5059129Z state without impacting any branches by switching back to a branch.
2026-09-28T06:21:13.5059362Z 
2026-09-28T06:21:13.5059563Z If you want to create a new branch to retain commits you create, you may
2026-09-28T06:21:13.5060318Z do so (now or later) by using -c with the switch command. Example:
2026-09-28T06:21:13.5060754Z 
2026-09-28T06:21:13.5061108Z   git switch -c <new-branch-name>
2026-09-28T06:21:13.5061402Z 
2026-09-28T06:21:13.5061920Z Or undo this operation with:
2026-09-28T06:21:13.5062347Z 
2026-09-28T06:21:13.5062635Z   git switch -
2026-09-28T06:21:13.5063178Z 
2026-09-28T06:21:13.5063606Z Turn off this advice by setting config variable advice.detachedHead to false
2026-09-28T06:21:13.5064114Z 
2026-09-28T06:21:13.5064608Z HEAD is now at 538bf74 Merge 4cc4fd5c24fe135186147dfb86d3f071b26f4fb7 into 2cf5caa3f966f919997c37b64d0bbf0e332438df
2026-09-28T06:21:13.5127053Z ##[endgroup]
2026-09-28T06:21:13.5362756Z [command]/usr/bin/git log -1 --format=%H
2026-09-28T06:21:13.5387155Z 538bf74da04fac1cdea69cc70e1416d54c5643cd
2026-09-28T06:21:13.5701253Z ##[group]Run actions/setup-python@5fda3b95a4ea91299a34e894583c3862153e4b97
2026-09-28T06:21:13.5701663Z with:
2026-09-28T06:21:13.5701886Z   python-version: 3.12.13
2026-09-28T06:21:13.5702134Z   check-latest: false
2026-09-28T06:21:13.5704294Z   token: ***
2026-09-28T06:21:13.5704532Z   update-environment: true
2026-09-28T06:21:13.5704786Z   allow-prereleases: false
2026-09-28T06:21:13.5705025Z   freethreaded: false
2026-09-28T06:21:13.5705269Z ##[endgroup]
2026-09-28T06:21:13.6660014Z ##[group]Installed versions
2026-09-28T06:21:13.6775799Z Version 3.12.13 was not found in the local cache
2026-09-28T06:21:14.7201067Z Version 3.12.13 is available for downloading
2026-09-28T06:21:14.7202424Z Download from "https://github.com/actions/python-versions/releases/download/3.12.13-27650778726/python-3.12.13-linux-26.04-x64.tar.gz"
2026-09-28T06:21:15.7908458Z Extract downloaded archive
2026-09-28T06:21:15.8061531Z [command]/usr/bin/tar xz --warning=no-unknown-keyword --overwrite -C <CI_HOME>/work/_temp/9dc9be7f-2df4-4e15-b075-36dbc0fcedb9 -f <CI_HOME>/work/_temp/63b689aa-8adc-405e-8c9a-3d5006a7beff
2026-09-28T06:21:16.8584912Z Execute installation script
2026-09-28T06:21:16.8699976Z Check if Python hostedtoolcache folder exist...
2026-09-28T06:21:16.8700622Z Create Python 3.12.13 folder
2026-09-28T06:21:16.8722978Z Copy Python binaries to hostedtoolcache folder
2026-09-28T06:21:17.2995320Z Create additional symlinks (Required for the UsePythonVersion Azure Pipelines task and the setup-python GitHub Action)
2026-09-28T06:21:17.3083685Z Upgrading pip...
2026-09-28T06:21:24.8407418Z Collecting pip
2026-09-28T06:21:24.8559339Z Downloading pip-26.2.1-py3-none-any.whl.metadata (4.6 kB)
2026-09-28T06:21:24.9189957Z Downloading pip-26.2.1-py3-none-any.whl (1.8 MB)
2026-09-28T06:21:24.9289024Z ━━━━━━━━━━━━━━━━━━━━━━━━━━━━━━━━━━━━━━━━ 1.8/1.8 MB 271.2 MB/s eta 0:00:00
2026-09-28T06:21:24.9289443Z 
2026-09-28T06:21:24.9722667Z Installing collected packages: pip
2026-09-28T06:21:24.9723171Z Attempting uninstall: pip
2026-09-28T06:21:24.9738359Z Found existing installation: pip 25.0.1
2026-09-28T06:21:24.9979737Z Uninstalling pip-25.0.1:
2026-09-28T06:21:25.0024260Z Successfully uninstalled pip-25.0.1
2026-09-28T06:21:25.8574615Z Successfully installed pip-26.2.1
2026-09-28T06:21:25.9025902Z Create complete file
2026-09-28T06:21:25.9070324Z Successfully set up CPython (3.12.13)
2026-09-28T06:21:25.9071019Z ##[endgroup]
2026-09-28T06:21:25.9238187Z ##[group]Run python -m pip install uv==0.11.21
2026-09-28T06:21:25.9238537Z [36;1mpython -m pip install uv==0.11.21[0m
2026-09-28T06:21:25.9410967Z shell: /usr/bin/bash -e {0}
2026-09-28T06:21:25.9411218Z env:
2026-09-28T06:21:25.9411450Z   pythonLocation: /opt/hostedtoolcache/Python/3.12.13/x64
2026-09-28T06:21:25.9411822Z   PKG_CONFIG_PATH: /opt/hostedtoolcache/Python/3.12.13/x64/lib/pkgconfig
2026-09-28T06:21:25.9412169Z   Python_ROOT_DIR: /opt/hostedtoolcache/Python/3.12.13/x64
2026-09-28T06:21:25.9412753Z   Python2_ROOT_DIR: /opt/hostedtoolcache/Python/3.12.13/x64
2026-09-28T06:21:25.9413117Z   Python3_ROOT_DIR: /opt/hostedtoolcache/Python/3.12.13/x64
2026-09-28T06:21:25.9413471Z   LD_LIBRARY_PATH: /opt/hostedtoolcache/Python/3.12.13/x64/lib
2026-09-28T06:21:25.9413732Z ##[endgroup]
2026-09-28T06:21:27.2803224Z Collecting uv==0.11.21
2026-09-28T06:21:27.2985172Z   Downloading uv-0.11.21-py3-none-manylinux_2_17_x86_64.manylinux2014_x86_64.whl.metadata (11 kB)
2026-09-28T06:21:27.3347365Z Downloading uv-0.11.21-py3-none-manylinux_2_17_x86_64.manylinux2014_x86_64.whl (25.1 MB)
2026-09-28T06:21:27.6950543Z    ━━━━━━━━━━━━━━━━━━━━━━━━━━━━━━━━━━━━━━━━ 25.1/25.1 MB 70.7 MB/s  0:00:00
2026-09-28T06:21:27.9915607Z Installing collected packages: uv
2026-09-28T06:21:28.2636929Z Successfully installed uv-0.11.21
2026-09-28T06:21:28.3217855Z ##[group]Run uv sync --frozen
2026-09-28T06:21:28.3218136Z [36;1muv sync --frozen[0m
2026-09-28T06:21:28.3273931Z shell: /usr/bin/bash -e {0}
2026-09-28T06:21:28.3274157Z env:
2026-09-28T06:21:28.3274381Z   pythonLocation: /opt/hostedtoolcache/Python/3.12.13/x64
2026-09-28T06:21:28.3274740Z   PKG_CONFIG_PATH: /opt/hostedtoolcache/Python/3.12.13/x64/lib/pkgconfig
2026-09-28T06:21:28.3275089Z   Python_ROOT_DIR: /opt/hostedtoolcache/Python/3.12.13/x64
2026-09-28T06:21:28.3275396Z   Python2_ROOT_DIR: /opt/hostedtoolcache/Python/3.12.13/x64
2026-09-28T06:21:28.3275691Z   Python3_ROOT_DIR: /opt/hostedtoolcache/Python/3.12.13/x64
2026-09-28T06:21:28.3275989Z   LD_LIBRARY_PATH: /opt/hostedtoolcache/Python/3.12.13/x64/lib
2026-09-28T06:21:28.3276272Z ##[endgroup]
2026-09-28T06:21:28.4103891Z Using CPython 3.12.13 interpreter at: /opt/hostedtoolcache/Python/3.12.13/x64/bin/python3.12
2026-09-28T06:21:28.4104480Z Creating virtual environment at: .venv
2026-09-28T06:21:28.4838258Z Downloading pygments (1.2MiB)
2026-09-28T06:21:28.4838892Z Downloading pydantic-core (2.0MiB)
2026-09-28T06:21:28.4839976Z Downloading ruff (9.9MiB)
2026-09-28T06:21:28.4841802Z Downloading mypy (14.6MiB)
2026-09-28T06:21:28.4843207Z Downloading ast-serialize (1.3MiB)
2026-09-28T06:21:28.6160622Z  Downloaded ast-serialize
2026-09-28T06:21:28.6393833Z  Downloaded pydantic-core
2026-09-28T06:21:28.7367779Z  Downloaded ruff
2026-09-28T06:21:28.8058879Z  Downloaded pygments
2026-09-28T06:21:28.9090202Z  Downloaded mypy
2026-09-28T06:21:28.9114662Z Prepared 37 packages in 497ms
2026-09-28T06:21:29.2095211Z Installed 37 packages in 297ms
2026-09-28T06:21:29.2101891Z  + annotated-doc==0.0.5
2026-09-28T06:21:29.2102638Z  + annotated-types==0.8.0
2026-09-28T06:21:29.2102926Z  + anyio==4.15.1
2026-09-28T06:21:29.2103178Z  + ast-serialize==0.11.2
2026-09-28T06:21:29.2103442Z  + attrs==26.1.0
2026-09-28T06:21:29.2103687Z  + certifi==2026.7.22
2026-09-28T06:21:29.2103944Z  + click==8.5.0
2026-09-28T06:21:29.2104201Z  + defusedxml==0.7.1
2026-09-28T06:21:29.2104452Z  + fastapi==0.141.1
2026-09-28T06:21:29.2104785Z  + h11==0.16.0
2026-09-28T06:21:29.2105019Z  + httpcore==1.0.9
2026-09-28T06:21:29.2105267Z  + httpx==0.28.1
2026-09-28T06:21:29.2105486Z  + idna==3.19
2026-09-28T06:21:29.2105659Z  + iniconfig==2.3.0
2026-09-28T06:21:29.2105838Z  + jsonschema==4.26.0
2026-09-28T06:21:29.2106046Z  + jsonschema-specifications==2025.9.1
2026-09-28T06:21:29.2106273Z  + librt==0.15.0
2026-09-28T06:21:29.2106479Z  + markdown-it-py==4.2.0
2026-09-28T06:21:29.2106697Z  + mdurl==0.1.2
2026-09-28T06:21:29.2106884Z  + mypy==2.3.1
2026-09-28T06:21:29.2107063Z  + mypy-extensions==1.1.0
2026-09-28T06:21:29.2107261Z  + packaging==26.3
2026-09-28T06:21:29.2107444Z  + pathspec==1.1.1
2026-09-28T06:21:29.2107615Z  + pluggy==1.6.0
2026-09-28T06:21:29.2107779Z  + pydantic==2.13.5
2026-09-28T06:21:29.2107957Z  + pydantic-core==2.46.5
2026-09-28T06:21:29.2108133Z  + pygments==2.21.0
2026-09-28T06:21:29.2108295Z  + pypdf==6.18.1
2026-09-28T06:21:29.2108458Z  + pytest==9.1.1
2026-09-28T06:21:29.2108648Z  + python-multipart==0.0.32
2026-09-28T06:21:29.2108845Z  + referencing==0.37.0
2026-09-28T06:21:29.2109101Z  + rpds-py==2026.6.3
2026-09-28T06:21:29.2109353Z  + ruff==0.16.7
2026-09-28T06:21:29.2109598Z  + starlette==1.6.0
2026-09-28T06:21:29.2122923Z  + typing-extensions==4.16.0
2026-09-28T06:21:29.2123257Z  + typing-inspection==0.4.4
2026-09-28T06:21:29.2123560Z  + uvicorn==0.53.0
2026-09-28T06:21:29.2613327Z ##[group]Run sudo apt-get update
2026-09-28T06:21:29.2613599Z [36;1msudo apt-get update[0m
2026-09-28T06:21:29.2614095Z [36;1msudo apt-get install -y bubblewrap=0.11.1-1ubuntu0.3 apparmor=5.0.2-0ubuntu1~26.04.1 libapparmor1=5.0.2-0ubuntu1~26.04.1 libseccomp2=2.6.0-2ubuntu5[0m
2026-09-28T06:21:29.2614675Z [36;1mdpkg-query -W bubblewrap apparmor libapparmor1 libseccomp2[0m
2026-09-28T06:21:29.2614995Z [36;1mtest -f /etc/apparmor.d/bwrap-userns-restrict[0m
2026-09-28T06:21:29.2615245Z [36;1mbwrap --version[0m
2026-09-28T06:21:29.2666646Z shell: /usr/bin/bash -e {0}
2026-09-28T06:21:29.2666851Z env:
2026-09-28T06:21:29.2667073Z   pythonLocation: /opt/hostedtoolcache/Python/3.12.13/x64
2026-09-28T06:21:29.2667419Z   PKG_CONFIG_PATH: /opt/hostedtoolcache/Python/3.12.13/x64/lib/pkgconfig
2026-09-28T06:21:29.2667752Z   Python_ROOT_DIR: /opt/hostedtoolcache/Python/3.12.13/x64
2026-09-28T06:21:29.2668046Z   Python2_ROOT_DIR: /opt/hostedtoolcache/Python/3.12.13/x64
2026-09-28T06:21:29.2668399Z   Python3_ROOT_DIR: /opt/hostedtoolcache/Python/3.12.13/x64
2026-09-28T06:21:29.2668694Z   LD_LIBRARY_PATH: /opt/hostedtoolcache/Python/3.12.13/x64/lib
2026-09-28T06:21:29.2668955Z ##[endgroup]
2026-09-28T06:21:29.4186452Z Get:1 file:/etc/apt/apt-mirrors.txt Mirrorlist [144 B]
2026-09-28T06:21:29.4587063Z Get:6 https://packages.microsoft.com/ubuntu/26.04/prod resolute InRelease [3964 B]
2026-09-28T06:21:29.5894177Z Hit:2 http://azure.archive.ubuntu.com/ubuntu resolute InRelease
2026-09-28T06:21:29.6105451Z Get:3 http://azure.archive.ubuntu.com/ubuntu resolute-updates InRelease [137 kB]
2026-09-28T06:21:29.6704307Z Get:7 https://packages.microsoft.com/ubuntu/26.04/prod resolute/main armhf Packages [795 B]
2026-09-28T06:21:29.6980377Z Get:4 http://azure.archive.ubuntu.com/ubuntu resolute-backports InRelease [137 kB]
2026-09-28T06:21:29.7112267Z Get:16 https://packages.microsoft.com/ubuntu/26.04/prod resolute/main amd64 Packages [71.7 kB]
2026-09-28T06:21:29.7569914Z Get:17 https://packages.microsoft.com/ubuntu/26.04/prod resolute/main arm64 Packages [62.5 kB]
2026-09-28T06:21:29.7571057Z Get:5 http://azure.archive.ubuntu.com/ubuntu resolute-security InRelease [137 kB]
2026-09-28T06:21:29.8320267Z Get:8 http://azure.archive.ubuntu.com/ubuntu resolute-updates/main amd64v3 Packages [680 kB]
2026-09-28T06:21:29.8828769Z Get:9 http://azure.archive.ubuntu.com/ubuntu resolute-updates/main Translation-en [162 kB]
2026-09-28T06:21:29.9335731Z Get:10 http://azure.archive.ubuntu.com/ubuntu resolute-updates/main amd64 Components [98.0 kB]
2026-09-28T06:21:29.9539438Z Get:11 http://azure.archive.ubuntu.com/ubuntu resolute-updates/universe amd64v3 Packages [309 kB]
2026-09-28T06:21:29.9750625Z Get:12 http://azure.archive.ubuntu.com/ubuntu resolute-updates/universe Translation-en [98.9 kB]
2026-09-28T06:21:29.9955048Z Get:13 http://azure.archive.ubuntu.com/ubuntu resolute-updates/universe amd64 Components [190 kB]
2026-09-28T06:21:30.0162494Z Get:14 http://azure.archive.ubuntu.com/ubuntu resolute-updates/restricted amd64v3 Packages [458 kB]
2026-09-28T06:21:30.0377373Z Get:15 http://azure.archive.ubuntu.com/ubuntu resolute-updates/restricted Translation-en [90.8 kB]
2026-09-28T06:21:30.0981398Z Get:18 http://azure.archive.ubuntu.com/ubuntu resolute-backports/universe amd64 Components [1060 B]
2026-09-28T06:21:30.1183843Z Get:19 http://azure.archive.ubuntu.com/ubuntu resolute-security/main amd64v3 Packages [532 kB]
2026-09-28T06:21:30.2010788Z Get:20 http://azure.archive.ubuntu.com/ubuntu resolute-security/main Translation-en [125 kB]
2026-09-28T06:21:30.2215627Z Get:21 http://azure.archive.ubuntu.com/ubuntu resolute-security/main amd64 Components [46.7 kB]
2026-09-28T06:21:30.2418347Z Get:22 http://azure.archive.ubuntu.com/ubuntu resolute-security/universe amd64v3 Packages [184 kB]
2026-09-28T06:21:30.2624906Z Get:23 http://azure.archive.ubuntu.com/ubuntu resolute-security/universe Translation-en [58.5 kB]
2026-09-28T06:21:30.2827567Z Get:24 http://azure.archive.ubuntu.com/ubuntu resolute-security/universe amd64 Components [43.4 kB]
2026-09-28T06:21:30.3030017Z Get:25 http://azure.archive.ubuntu.com/ubuntu resolute-security/restricted amd64v3 Packages [437 kB]
2026-09-28T06:21:30.3247207Z Get:26 http://azure.archive.ubuntu.com/ubuntu resolute-security/restricted Translation-en [86.2 kB]
2026-09-28T06:21:40.4274610Z Fetched 4151 kB in 1s (4354 kB/s)
2026-09-28T06:21:40.9617682Z Reading package lists...
2026-09-28T06:21:40.9915284Z Reading package lists...
2026-09-28T06:21:41.1700608Z Building dependency tree...
2026-09-28T06:21:41.1706988Z Reading state information...
2026-09-28T06:21:41.2073311Z bubblewrap is already the newest version (0.11.1-1ubuntu0.3).
2026-09-28T06:21:41.2073687Z bubblewrap set to manually installed.
2026-09-28T06:21:41.2073989Z apparmor is already the newest version (5.0.2-0ubuntu1~26.04.1).
2026-09-28T06:21:41.2074289Z apparmor set to manually installed.
2026-09-28T06:21:41.2074582Z libapparmor1 is already the newest version (5.0.2-0ubuntu1~26.04.1).
2026-09-28T06:21:41.2074921Z libapparmor1 set to manually installed.
2026-09-28T06:21:41.2075196Z libseccomp2 is already the newest version (2.6.0-2ubuntu5).
2026-09-28T06:21:41.2075473Z libseccomp2 set to manually installed.
2026-09-28T06:21:41.2690171Z Solving dependencies...
2026-09-28T06:21:41.4233745Z 0 upgraded, 0 newly installed, 0 to remove and 39 not upgraded.
2026-09-28T06:21:41.4600065Z apparmor	5.0.2-0ubuntu1~26.04.1
2026-09-28T06:21:41.4600458Z bubblewrap	0.11.1-1ubuntu0.3
2026-09-28T06:21:41.4600783Z libapparmor1:amd64	5.0.2-0ubuntu1~26.04.1
2026-09-28T06:21:41.4601117Z libseccomp2:amd64	2.6.0-2ubuntu5
2026-09-28T06:21:41.4761054Z bubblewrap 0.11.1
2026-09-28T06:21:41.4793501Z ##[group]Run uv run --frozen ruff check .
2026-09-28T06:21:41.4793788Z [36;1muv run --frozen ruff check .[0m
2026-09-28T06:21:41.4846106Z shell: /usr/bin/bash -e {0}
2026-09-28T06:21:41.4846314Z env:
2026-09-28T06:21:41.4846535Z   pythonLocation: /opt/hostedtoolcache/Python/3.12.13/x64
2026-09-28T06:21:41.4846884Z   PKG_CONFIG_PATH: /opt/hostedtoolcache/Python/3.12.13/x64/lib/pkgconfig
2026-09-28T06:21:41.4847216Z   Python_ROOT_DIR: /opt/hostedtoolcache/Python/3.12.13/x64
2026-09-28T06:21:41.4847507Z   Python2_ROOT_DIR: /opt/hostedtoolcache/Python/3.12.13/x64
2026-09-28T06:21:41.4847799Z   Python3_ROOT_DIR: /opt/hostedtoolcache/Python/3.12.13/x64
2026-09-28T06:21:41.4848274Z   LD_LIBRARY_PATH: /opt/hostedtoolcache/Python/3.12.13/x64/lib
2026-09-28T06:21:41.4848539Z ##[endgroup]
2026-09-28T06:21:41.5876964Z All checks passed!
2026-09-28T06:21:41.5927311Z ##[group]Run uv run --frozen mypy
2026-09-28T06:21:41.5927572Z [36;1muv run --frozen mypy[0m
2026-09-28T06:21:41.5987824Z shell: /usr/bin/bash -e {0}
2026-09-28T06:21:41.5988049Z env:
2026-09-28T06:21:41.5988276Z   pythonLocation: /opt/hostedtoolcache/Python/3.12.13/x64
2026-09-28T06:21:41.5988632Z   PKG_CONFIG_PATH: /opt/hostedtoolcache/Python/3.12.13/x64/lib/pkgconfig
2026-09-28T06:21:41.5988968Z   Python_ROOT_DIR: /opt/hostedtoolcache/Python/3.12.13/x64
2026-09-28T06:21:41.5989269Z   Python2_ROOT_DIR: /opt/hostedtoolcache/Python/3.12.13/x64
2026-09-28T06:21:41.5989576Z   Python3_ROOT_DIR: /opt/hostedtoolcache/Python/3.12.13/x64
2026-09-28T06:21:41.5989874Z   LD_LIBRARY_PATH: /opt/hostedtoolcache/Python/3.12.13/x64/lib
2026-09-28T06:21:41.5990136Z ##[endgroup]
2026-09-28T06:21:47.9985624Z Success: no issues found in 204 source files
2026-09-28T06:21:48.0195744Z ##[group]Run uv run --frozen python scripts/probe_document_sandbox.py
2026-09-28T06:21:48.0196151Z [36;1muv run --frozen python scripts/probe_document_sandbox.py[0m
2026-09-28T06:21:48.0246771Z shell: /usr/bin/bash -e {0}
2026-09-28T06:21:48.0246999Z env:
2026-09-28T06:21:48.0247220Z   pythonLocation: /opt/hostedtoolcache/Python/3.12.13/x64
2026-09-28T06:21:48.0247559Z   PKG_CONFIG_PATH: /opt/hostedtoolcache/Python/3.12.13/x64/lib/pkgconfig
2026-09-28T06:21:48.0247890Z   Python_ROOT_DIR: /opt/hostedtoolcache/Python/3.12.13/x64
2026-09-28T06:21:48.0248187Z   Python2_ROOT_DIR: /opt/hostedtoolcache/Python/3.12.13/x64
2026-09-28T06:21:48.0248482Z   Python3_ROOT_DIR: /opt/hostedtoolcache/Python/3.12.13/x64
2026-09-28T06:21:48.0248782Z   LD_LIBRARY_PATH: /opt/hostedtoolcache/Python/3.12.13/x64/lib
2026-09-28T06:21:48.0249040Z ##[endgroup]
2026-09-28T06:21:48.4946374Z {
2026-09-28T06:21:48.4946910Z   "scope": "fixed synthetic runtime probe; no uploaded document or environment dump",
2026-09-28T06:21:48.4947504Z   "python_version": "3.12.13",
2026-09-28T06:21:48.4947787Z   "exit_code": 0,
2026-09-28T06:21:48.4948063Z   "stdout": "{\"synthetic_runtime_ready\": true}\n",
2026-09-28T06:21:48.4948397Z   "stderr": "",
2026-09-28T06:21:48.4948632Z   "status": "PASS"
2026-09-28T06:21:48.4948871Z }
2026-09-28T06:21:48.5179411Z ##[group]Run uv run --frozen pytest tests/unit tests/security
2026-09-28T06:21:48.5179979Z [36;1muv run --frozen pytest tests/unit tests/security[0m
2026-09-28T06:21:48.5233115Z shell: /usr/bin/bash -e {0}
2026-09-28T06:21:48.5233341Z env:
2026-09-28T06:21:48.5233572Z   pythonLocation: /opt/hostedtoolcache/Python/3.12.13/x64
2026-09-28T06:21:48.5233935Z   PKG_CONFIG_PATH: /opt/hostedtoolcache/Python/3.12.13/x64/lib/pkgconfig
2026-09-28T06:21:48.5234275Z   Python_ROOT_DIR: /opt/hostedtoolcache/Python/3.12.13/x64
2026-09-28T06:21:48.5234574Z   Python2_ROOT_DIR: /opt/hostedtoolcache/Python/3.12.13/x64
2026-09-28T06:21:48.5234872Z   Python3_ROOT_DIR: /opt/hostedtoolcache/Python/3.12.13/x64
2026-09-28T06:21:48.5235196Z   LD_LIBRARY_PATH: /opt/hostedtoolcache/Python/3.12.13/x64/lib
2026-09-28T06:21:48.5235459Z ##[endgroup]
2026-09-28T06:21:51.3317470Z ============================= test session starts ==============================
2026-09-28T06:21:51.3318110Z platform linux -- Python 3.12.13, pytest-9.1.1, pluggy-1.6.0
2026-09-28T06:21:51.3318581Z rootdir: <CI_HOME>/work/Learning_Workbench/Learning_Workbench
2026-09-28T06:21:51.3318967Z configfile: pyproject.toml
2026-09-28T06:21:51.3319239Z plugins: anyio-4.15.1
2026-09-28T06:21:51.3319482Z collected 731 items
2026-09-28T06:21:51.3319627Z 
2026-09-28T06:21:51.3748673Z tests/unit/test_authoring_group_validation.py .......................... [  3%]
2026-09-28T06:21:51.4105783Z ..........                                                               [  4%]
2026-09-28T06:21:51.4265266Z tests/unit/test_authoring_numeric.py .................................   [  9%]
2026-09-28T06:21:51.5253996Z tests/unit/test_backend_database.py .........                            [ 10%]
2026-09-28T06:21:51.9853801Z tests/unit/test_backup_command.py ....                                   [ 11%]
2026-09-28T06:21:51.9971594Z tests/unit/test_concept_state_rules.py ..................                [ 13%]
2026-09-28T06:21:52.0466079Z tests/unit/test_content_store.py ....................................... [ 19%]
2026-09-28T06:21:52.3294456Z ...............................                                          [ 23%]
2026-09-28T06:21:55.2928012Z tests/unit/test_document_extraction.py ................................. [ 27%]
2026-09-28T06:21:56.3265468Z ................                                                         [ 29%]
2026-09-28T06:21:56.3568677Z tests/unit/test_eligibility.py ......................................... [ 35%]
2026-09-28T06:21:56.3624023Z .......                                                                  [ 36%]
2026-09-28T06:21:56.3665867Z tests/unit/test_governance.py .....                                      [ 37%]
2026-09-28T06:21:56.3947805Z tests/unit/test_grading_rules.py ....................................... [ 42%]
2026-09-28T06:21:56.4322049Z ....................................................                     [ 49%]
2026-09-28T06:21:56.4712447Z tests/unit/test_import_budgets.py ......................                 [ 52%]
2026-09-28T06:21:56.7817474Z tests/unit/test_import_parsing.py ...................................... [ 57%]
2026-09-28T06:21:56.9320478Z ......                                                                   [ 58%]
2026-09-28T06:21:57.4812881Z tests/unit/test_provider_budget.py ............                          [ 60%]
2026-09-28T06:21:57.8935475Z tests/unit/test_provider_proof_binding.py .........                      [ 61%]
2026-09-28T06:21:58.1636313Z tests/unit/test_provider_protocol.py .............................       [ 65%]
2026-09-28T06:21:58.8631360Z tests/unit/test_provider_reference_events.py ...............             [ 67%]
2026-09-28T06:22:00.6130598Z tests/unit/test_provider_repository.py ...........                       [ 69%]
2026-09-28T06:22:01.5488251Z tests/unit/test_provider_secret_store.py .......................         [ 72%]
2026-09-28T06:22:01.5620601Z tests/unit/test_question_solution_validation.py ........................ [ 75%]
2026-09-28T06:22:01.6058786Z ..................................                                       [ 80%]
2026-09-28T06:22:01.6097948Z tests/unit/test_recommendation_config.py .......                         [ 81%]
2026-09-28T06:22:01.6801348Z tests/unit/test_recommendation_rules.py ..................               [ 83%]
2026-09-28T06:22:01.7549994Z tests/unit/test_retrieval_lexical.py ................................... [ 88%]
2026-09-28T06:22:01.7839109Z ....                                                                     [ 88%]
2026-09-28T06:22:03.3918674Z tests/unit/test_spec_catalog.py ....                                     [ 89%]
2026-09-28T06:22:03.4079176Z tests/unit/test_spec_extraction.py .........                             [ 90%]
2026-09-28T06:22:05.5216013Z tests/security/test_document_sandbox.py ...............                  [ 92%]
2026-09-28T06:22:14.0305242Z tests/security/test_local_boundary.py .................................  [ 97%]
2026-09-28T06:22:14.6526976Z tests/security/test_provider_network.py ....................             [100%]
2026-09-28T06:22:14.6527274Z 
2026-09-28T06:22:14.6527411Z =============================== warnings summary ===============================
2026-09-28T06:22:14.6527754Z .venv/lib/python3.12/site-packages/fastapi/testclient.py:1
2026-09-28T06:22:14.6528548Z   <CI_HOME>/work/Learning_Workbench/Learning_Workbench/.venv/lib/python3.12/site-packages/fastapi/testclient.py:1: StarletteDeprecationWarning: Using `httpx` with `starlette.testclient` is deprecated; install `httpx2` instead.
2026-09-28T06:22:14.6529349Z     from starlette.testclient import TestClient as TestClient  # noqa
2026-09-28T06:22:14.6529583Z 
2026-09-28T06:22:14.6530127Z .venv/lib/python3.12/site-packages/starlette/testclient.py:53
2026-09-28T06:22:14.6530922Z   <CI_HOME>/work/Learning_Workbench/Learning_Workbench/.venv/lib/python3.12/site-packages/starlette/testclient.py:53: DeprecationWarning: The anyio.abc.BlockingPortal alias is deprecated, use anyio.from_thread.BlockingPortal instead.
2026-09-28T06:22:14.6531759Z     _PortalFactoryType = Callable[[], AbstractContextManager[anyio.abc.BlockingPortal]]
2026-09-28T06:22:14.6532025Z 
2026-09-28T06:22:14.6532396Z -- Docs: https://docs.pytest.org/en/stable/how-to/capture-warnings.html
2026-09-28T06:22:14.6532894Z ======================= 731 passed, 2 warnings in 25.35s =======================
2026-09-28T06:22:14.9168538Z Post job cleanup.
2026-09-28T06:22:15.0230018Z Post job cleanup.
2026-09-28T06:22:15.0919340Z [command]/usr/bin/git version
2026-09-28T06:22:15.0987058Z git version 2.55.0
2026-09-28T06:22:15.1014053Z Temporarily overriding HOME='<CI_HOME>/work/_temp/46cb9525-e960-4173-b010-384e3bf0d785' before making global git config changes
2026-09-28T06:22:15.1015361Z Adding repository directory to the temporary git global config as a safe directory
2026-09-28T06:22:15.1018354Z [command]/usr/bin/git config --global --add safe.directory <CI_HOME>/work/Learning_Workbench/Learning_Workbench
2026-09-28T06:22:15.1047092Z Removing SSH command configuration
2026-09-28T06:22:15.1052853Z [command]/usr/bin/git config --local --name-only --get-regexp core\.sshCommand
2026-09-28T06:22:15.1083774Z [command]/usr/bin/git submodule foreach --recursive sh -c "git config --local --name-only --get-regexp 'core\.sshCommand' && git config --local --unset-all 'core.sshCommand' || :"
2026-09-28T06:22:15.1366306Z Removing HTTP extra header
2026-09-28T06:22:15.1371672Z [command]/usr/bin/git config --local --name-only --get-regexp http\.https\:\/\/github\.com\/\.extraheader
2026-09-28T06:22:15.1425995Z [command]/usr/bin/git submodule foreach --recursive sh -c "git config --local --name-only --get-regexp 'http\.https\:\/\/github\.com\/\.extraheader' && git config --local --unset-all 'http.https://github.com/.extraheader' || :"
2026-09-28T06:22:15.1691727Z Removing includeIf entries pointing to credentials config files
2026-09-28T06:22:15.1697710Z [command]/usr/bin/git config --local --name-only --get-regexp ^includeIf\.gitdir:
2026-09-28T06:22:15.1723984Z includeif.gitdir:<CI_HOME>/work/Learning_Workbench/Learning_Workbench/.git.path
2026-09-28T06:22:15.1729842Z includeif.gitdir:<CI_HOME>/work/Learning_Workbench/Learning_Workbench/.git/worktrees/*.path
2026-09-28T06:22:15.1730351Z includeif.gitdir:/github/workspace/.git.path
2026-09-28T06:22:15.1730701Z includeif.gitdir:/github/workspace/.git/worktrees/*.path
2026-09-28T06:22:15.1733212Z [command]/usr/bin/git config --local --get-all includeif.gitdir:<CI_HOME>/work/Learning_Workbench/Learning_Workbench/.git.path
2026-09-28T06:22:15.1755300Z <CI_HOME>/work/_temp/git-credentials-1e528885-9765-4305-965e-584bea281e19.config
2026-09-28T06:22:15.1763730Z [command]/usr/bin/git config --local --unset includeif.gitdir:<CI_HOME>/work/Learning_Workbench/Learning_Workbench/.git.path \/home\/runner\/work\/_temp\/git\-credentials\-1e528885\-9765\-4305\-965e\-584bea281e19\.config
2026-09-28T06:22:15.1802539Z [command]/usr/bin/git config --local --get-all includeif.gitdir:<CI_HOME>/work/Learning_Workbench/Learning_Workbench/.git/worktrees/*.path
2026-09-28T06:22:15.1823273Z <CI_HOME>/work/_temp/git-credentials-1e528885-9765-4305-965e-584bea281e19.config
2026-09-28T06:22:15.1830488Z [command]/usr/bin/git config --local --unset includeif.gitdir:<CI_HOME>/work/Learning_Workbench/Learning_Workbench/.git/worktrees/*.path \/home\/runner\/work\/_temp\/git\-credentials\-1e528885\-9765\-4305\-965e\-584bea281e19\.config
2026-09-28T06:22:15.1860267Z [command]/usr/bin/git config --local --get-all includeif.gitdir:/github/workspace/.git.path
2026-09-28T06:22:15.1880048Z /github/runner_temp/git-credentials-1e528885-9765-4305-965e-584bea281e19.config
2026-09-28T06:22:15.1886157Z [command]/usr/bin/git config --local --unset includeif.gitdir:/github/workspace/.git.path \/github\/runner_temp\/git\-credentials\-1e528885\-9765\-4305\-965e\-584bea281e19\.config
2026-09-28T06:22:15.1915352Z [command]/usr/bin/git config --local --get-all includeif.gitdir:/github/workspace/.git/worktrees/*.path
2026-09-28T06:22:15.1935088Z /github/runner_temp/git-credentials-1e528885-9765-4305-965e-584bea281e19.config
2026-09-28T06:22:15.1941332Z [command]/usr/bin/git config --local --unset includeif.gitdir:/github/workspace/.git/worktrees/*.path \/github\/runner_temp\/git\-credentials\-1e528885\-9765\-4305\-965e\-584bea281e19\.config
2026-09-28T06:22:15.1973384Z [command]/usr/bin/git submodule foreach --recursive git config --local --show-origin --name-only --get-regexp remote.origin.url
2026-09-28T06:22:15.2219038Z Removing credentials config '<CI_HOME>/work/_temp/git-credentials-1e528885-9765-4305-965e-584bea281e19.config'
2026-09-28T06:22:15.2369347Z Cleaning up orphan processes
