2026-09-28T06:21:02.4353465Z Current runner version: '2.337.0'
2026-09-28T06:21:02.4380351Z ##[group]Runner Image Provisioner
2026-09-28T06:21:02.4381197Z Hosted Compute Agent
2026-09-28T06:21:02.4381776Z Version: 20260828.587
2026-09-28T06:21:02.4382369Z Commit: abac92662cab4cc7352de4f9f9d2e2419aad9c29
2026-09-28T06:21:02.4383008Z Build Date: 2026-08-28T16:44:25Z
2026-09-28T06:21:02.4383660Z Worker ID: {8fd1458d-1ae4-4c8b-bd8e-582833456a8f}
2026-09-28T06:21:02.4384318Z Azure Region: westus3
2026-09-28T06:21:02.4384837Z ##[endgroup]
2026-09-28T06:21:02.4386370Z ##[group]Operating System
2026-09-28T06:21:02.4386981Z Ubuntu
2026-09-28T06:21:02.4387640Z 26.04.1
2026-09-28T06:21:02.4388127Z LTS
2026-09-28T06:21:02.4388597Z ##[endgroup]
2026-09-28T06:21:02.4389122Z ##[group]Runner Image
2026-09-28T06:21:02.4389920Z Image: ubuntu-26.04
2026-09-28T06:21:02.4390936Z Version: 20260920.143.1
2026-09-28T06:21:02.4392177Z Included Software: https://github.com/actions/runner-images/blob/ubuntu26/20260920.143/images/ubuntu/Ubuntu2604-Readme.md
2026-09-28T06:21:02.4393573Z Image Release: https://github.com/actions/runner-images/releases/tag/ubuntu26%2F20260920.143
2026-09-28T06:21:02.4394419Z ##[endgroup]
2026-09-28T06:21:02.4395464Z ##[group]GITHUB_TOKEN Permissions
2026-09-28T06:21:02.4398046Z Contents: read
2026-09-28T06:21:02.4398646Z Metadata: read
2026-09-28T06:21:02.4399145Z ##[endgroup]
2026-09-28T06:21:02.4401558Z Secret source: Actions
2026-09-28T06:21:02.4402435Z Cache mode: write
2026-09-28T06:21:02.4403292Z Prepare workflow directory
2026-09-28T06:21:02.4744191Z Prepare all required actions
2026-09-28T06:21:02.4797682Z Getting action download info
2026-09-28T06:21:02.8041301Z Download action repository 'actions/checkout@3d3c42e5aac5ba805825da76410c181273ba90b1' (SHA:3d3c42e5aac5ba805825da76410c181273ba90b1)
2026-09-28T06:21:02.9203955Z Download action repository 'actions/setup-python@5fda3b95a4ea91299a34e894583c3862153e4b97' (SHA:5fda3b95a4ea91299a34e894583c3862153e4b97)
2026-09-28T06:21:03.1374148Z Complete job name: integration
2026-09-28T06:21:03.2147938Z ##[group]Run actions/checkout@3d3c42e5aac5ba805825da76410c181273ba90b1
2026-09-28T06:21:03.2149157Z with:
2026-09-28T06:21:03.2149668Z   repository: kl3574/Learning_Workbench
2026-09-28T06:21:03.2153636Z   token: ***
2026-09-28T06:21:03.2154080Z   ssh-strict: true
2026-09-28T06:21:03.2154549Z   ssh-user: git
2026-09-28T06:21:03.2155060Z   persist-credentials: true
2026-09-28T06:21:03.2155614Z   clean: true
2026-09-28T06:21:03.2156094Z   sparse-checkout-cone-mode: true
2026-09-28T06:21:03.2156645Z   fetch-depth: 1
2026-09-28T06:21:03.2157123Z   fetch-tags: false
2026-09-28T06:21:03.2157763Z   show-progress: true
2026-09-28T06:21:03.2158269Z   lfs: false
2026-09-28T06:21:03.2158727Z   submodules: false
2026-09-28T06:21:03.2159216Z   set-safe-directory: true
2026-09-28T06:21:03.2159773Z   allow-unsafe-pr-checkout: false
2026-09-28T06:21:03.2160680Z ##[endgroup]
2026-09-28T06:21:03.3304961Z Syncing repository: kl3574/Learning_Workbench
2026-09-28T06:21:03.3306801Z ##[group]Getting Git version info
2026-09-28T06:21:03.3307810Z Working directory is '<CI_HOME>/work/Learning_Workbench/Learning_Workbench'
2026-09-28T06:21:03.3309716Z [command]/usr/bin/git version
2026-09-28T06:21:03.3365636Z git version 2.55.0
2026-09-28T06:21:03.3385635Z ##[endgroup]
2026-09-28T06:21:03.3397587Z Temporarily overriding HOME='<CI_HOME>/work/_temp/7ca991f2-e1d9-42b7-8ad4-0ed1c1021e4f' before making global git config changes
2026-09-28T06:21:03.3399293Z Adding repository directory to the temporary git global config as a safe directory
2026-09-28T06:21:03.3409552Z [command]/usr/bin/git config --global --add safe.directory <CI_HOME>/work/Learning_Workbench/Learning_Workbench
2026-09-28T06:21:03.3471115Z Deleting the contents of '<CI_HOME>/work/Learning_Workbench/Learning_Workbench'
2026-09-28T06:21:03.3475794Z ##[group]Determining repository object format
2026-09-28T06:21:03.3477264Z ##[endgroup]
2026-09-28T06:21:03.3478818Z ##[group]Initializing the repository
2026-09-28T06:21:03.3483619Z [command]/usr/bin/git init <CI_HOME>/work/Learning_Workbench/Learning_Workbench
2026-09-28T06:21:03.3611954Z hint: Using 'master' as the name for the initial branch. This default branch name
2026-09-28T06:21:03.3614194Z hint: will change to "main" in Git 3.0. To configure the initial branch name
2026-09-28T06:21:03.3616451Z hint: to use in all of your new repositories, which will suppress this warning,
2026-09-28T06:21:03.3619754Z hint: call:
2026-09-28T06:21:03.3620665Z hint:
2026-09-28T06:21:03.3621737Z hint: 	git config --global init.defaultBranch <name>
2026-09-28T06:21:03.3622952Z hint:
2026-09-28T06:21:03.3624150Z hint: Names commonly chosen instead of 'master' are 'main', 'trunk' and
2026-09-28T06:21:03.3625970Z hint: 'development'. The just-created branch can be renamed via this command:
2026-09-28T06:21:03.3627647Z hint:
2026-09-28T06:21:03.3628260Z hint: 	git branch -m <name>
2026-09-28T06:21:03.3628789Z hint:
2026-09-28T06:21:03.3630496Z hint: Disable this message with "git config set advice.defaultBranchName false"
2026-09-28T06:21:03.3632823Z Initialized empty Git repository in <CI_HOME>/work/Learning_Workbench/Learning_Workbench/.git/
2026-09-28T06:21:03.3636619Z [command]/usr/bin/git remote add origin https://github.com/kl3574/Learning_Workbench
2026-09-28T06:21:03.3671936Z ##[endgroup]
2026-09-28T06:21:03.3673208Z ##[group]Disabling automatic garbage collection
2026-09-28T06:21:03.3676435Z [command]/usr/bin/git config --local gc.auto 0
2026-09-28T06:21:03.3710824Z ##[endgroup]
2026-09-28T06:21:03.3712087Z ##[group]Setting up auth
2026-09-28T06:21:03.3713059Z Removing SSH command configuration
2026-09-28T06:21:03.3718753Z [command]/usr/bin/git config --local --name-only --get-regexp core\.sshCommand
2026-09-28T06:21:03.3760603Z [command]/usr/bin/git submodule foreach --recursive sh -c "git config --local --name-only --get-regexp 'core\.sshCommand' && git config --local --unset-all 'core.sshCommand' || :"
2026-09-28T06:21:03.4245209Z Removing HTTP extra header
2026-09-28T06:21:03.4252576Z [command]/usr/bin/git config --local --name-only --get-regexp http\.https\:\/\/github\.com\/\.extraheader
2026-09-28T06:21:03.4280398Z [command]/usr/bin/git submodule foreach --recursive sh -c "git config --local --name-only --get-regexp 'http\.https\:\/\/github\.com\/\.extraheader' && git config --local --unset-all 'http.https://github.com/.extraheader' || :"
2026-09-28T06:21:03.4503735Z Removing includeIf entries pointing to credentials config files
2026-09-28T06:21:03.4508261Z [command]/usr/bin/git config --local --name-only --get-regexp ^includeIf\.gitdir:
2026-09-28T06:21:03.4537570Z [command]/usr/bin/git submodule foreach --recursive git config --local --show-origin --name-only --get-regexp remote.origin.url
2026-09-28T06:21:03.4774292Z [command]/usr/bin/git config --file <CI_HOME>/work/_temp/git-credentials-290ae7d2-02b2-4d03-a66b-106df2377961.config http.https://github.com/.extraheader AUTHORIZATION: basic ***
2026-09-28T06:21:03.4814289Z [command]/usr/bin/git config --local includeIf.gitdir:<CI_HOME>/work/Learning_Workbench/Learning_Workbench/.git.path <CI_HOME>/work/_temp/git-credentials-290ae7d2-02b2-4d03-a66b-106df2377961.config
2026-09-28T06:21:03.4849580Z [command]/usr/bin/git config --local includeIf.gitdir:<CI_HOME>/work/Learning_Workbench/Learning_Workbench/.git/worktrees/*.path <CI_HOME>/work/_temp/git-credentials-290ae7d2-02b2-4d03-a66b-106df2377961.config
2026-09-28T06:21:03.4888470Z [command]/usr/bin/git config --local includeIf.gitdir:/github/workspace/.git.path /github/runner_temp/git-credentials-290ae7d2-02b2-4d03-a66b-106df2377961.config
2026-09-28T06:21:03.4924134Z [command]/usr/bin/git config --local includeIf.gitdir:/github/workspace/.git/worktrees/*.path /github/runner_temp/git-credentials-290ae7d2-02b2-4d03-a66b-106df2377961.config
2026-09-28T06:21:03.4952837Z ##[endgroup]
2026-09-28T06:21:03.4953521Z ##[group]Fetching the repository
2026-09-28T06:21:03.4963331Z [command]/usr/bin/git -c protocol.version=2 fetch --no-tags --prune --no-recurse-submodules --depth=1 origin +4cc4fd5c24fe135186147dfb86d3f071b26f4fb7:refs/remotes/origin/feat/M6.2-candidate-review
2026-09-28T06:21:08.4403669Z From https://github.com/kl3574/Learning_Workbench
2026-09-28T06:21:08.4405999Z  * [new ref]         4cc4fd5c24fe135186147dfb86d3f071b26f4fb7 -> origin/feat/M6.2-candidate-review
2026-09-28T06:21:08.4414176Z [command]/usr/bin/git branch --list --remote origin/feat/M6.2-candidate-review
2026-09-28T06:21:08.4438824Z   origin/feat/M6.2-candidate-review
2026-09-28T06:21:08.4449522Z [command]/usr/bin/git rev-parse refs/remotes/origin/feat/M6.2-candidate-review
2026-09-28T06:21:08.4471891Z 4cc4fd5c24fe135186147dfb86d3f071b26f4fb7
2026-09-28T06:21:08.4474883Z ##[endgroup]
2026-09-28T06:21:08.4475956Z ##[group]Determining the checkout info
2026-09-28T06:21:08.4476737Z ##[endgroup]
2026-09-28T06:21:08.4480718Z [command]/usr/bin/git sparse-checkout disable
2026-09-28T06:21:08.4534316Z [command]/usr/bin/git config --local --unset-all extensions.worktreeConfig
2026-09-28T06:21:08.4561171Z ##[group]Checking out the ref
2026-09-28T06:21:08.4565502Z [command]/usr/bin/git checkout --progress --force -B feat/M6.2-candidate-review refs/remotes/origin/feat/M6.2-candidate-review
2026-09-28T06:21:09.4810229Z Switched to a new branch 'feat/M6.2-candidate-review'
2026-09-28T06:21:09.4812585Z branch 'feat/M6.2-candidate-review' set up to track 'origin/feat/M6.2-candidate-review'.
2026-09-28T06:21:09.4853792Z ##[endgroup]
2026-09-28T06:21:09.4905535Z [command]/usr/bin/git log -1 --format=%H
2026-09-28T06:21:09.4931274Z 4cc4fd5c24fe135186147dfb86d3f071b26f4fb7
2026-09-28T06:21:09.5197607Z ##[group]Run actions/setup-python@5fda3b95a4ea91299a34e894583c3862153e4b97
2026-09-28T06:21:09.5198162Z with:
2026-09-28T06:21:09.5198474Z   python-version: 3.12.13
2026-09-28T06:21:09.5198812Z   check-latest: false
2026-09-28T06:21:09.5201962Z   token: ***
2026-09-28T06:21:09.5202283Z   update-environment: true
2026-09-28T06:21:09.5202647Z   allow-prereleases: false
2026-09-28T06:21:09.5203030Z   freethreaded: false
2026-09-28T06:21:09.5203342Z ##[endgroup]
2026-09-28T06:21:09.6380982Z ##[group]Installed versions
2026-09-28T06:21:09.6470029Z Version 3.12.13 was not found in the local cache
2026-09-28T06:21:10.6971934Z Version 3.12.13 is available for downloading
2026-09-28T06:21:10.6973499Z Download from "https://github.com/actions/python-versions/releases/download/3.12.13-27650778726/python-3.12.13-linux-26.04-x64.tar.gz"
2026-09-28T06:21:12.0378862Z Extract downloaded archive
2026-09-28T06:21:12.0496485Z [command]/usr/bin/tar xz --warning=no-unknown-keyword --overwrite -C <CI_HOME>/work/_temp/75e90633-94c8-43cd-b41e-fc955070cb29 -f <CI_HOME>/work/_temp/6825dccb-0b13-4318-b83f-4d931dd70393
2026-09-28T06:21:13.1736328Z Execute installation script
2026-09-28T06:21:13.1848070Z Check if Python hostedtoolcache folder exist...
2026-09-28T06:21:13.1848719Z Create Python 3.12.13 folder
2026-09-28T06:21:13.1876787Z Copy Python binaries to hostedtoolcache folder
2026-09-28T06:21:13.4530568Z Create additional symlinks (Required for the UsePythonVersion Azure Pipelines task and the setup-python GitHub Action)
2026-09-28T06:21:13.4622832Z Upgrading pip...
2026-09-28T06:21:15.3717000Z Collecting pip
2026-09-28T06:21:15.3925886Z Downloading pip-26.2.1-py3-none-any.whl.metadata (4.6 kB)
2026-09-28T06:21:15.4007682Z Downloading pip-26.2.1-py3-none-any.whl (1.8 MB)
2026-09-28T06:21:15.4189208Z ━━━━━━━━━━━━━━━━━━━━━━━━━━━━━━━━━━━━━━━━ 1.8/1.8 MB 159.3 MB/s eta 0:00:00
2026-09-28T06:21:15.4189595Z 
2026-09-28T06:21:15.4406452Z Installing collected packages: pip
2026-09-28T06:21:15.4407229Z Attempting uninstall: pip
2026-09-28T06:21:15.4429013Z Found existing installation: pip 25.0.1
2026-09-28T06:21:15.4675554Z Uninstalling pip-25.0.1:
2026-09-28T06:21:15.4724103Z Successfully uninstalled pip-25.0.1
2026-09-28T06:21:16.2441240Z Successfully installed pip-26.2.1
2026-09-28T06:21:16.3162803Z Create complete file
2026-09-28T06:21:16.3208742Z Successfully set up CPython (3.12.13)
2026-09-28T06:21:16.3209999Z ##[endgroup]
2026-09-28T06:21:16.3352205Z ##[group]Run python -m pip install uv==0.11.21
2026-09-28T06:21:16.3352862Z [36;1mpython -m pip install uv==0.11.21[0m
2026-09-28T06:21:16.3492371Z shell: /usr/bin/bash -e {0}
2026-09-28T06:21:16.3492705Z env:
2026-09-28T06:21:16.3492999Z   pythonLocation: /opt/hostedtoolcache/Python/3.12.13/x64
2026-09-28T06:21:16.3493461Z   PKG_CONFIG_PATH: /opt/hostedtoolcache/Python/3.12.13/x64/lib/pkgconfig
2026-09-28T06:21:16.3493907Z   Python_ROOT_DIR: /opt/hostedtoolcache/Python/3.12.13/x64
2026-09-28T06:21:16.3494326Z   Python2_ROOT_DIR: /opt/hostedtoolcache/Python/3.12.13/x64
2026-09-28T06:21:16.3494716Z   Python3_ROOT_DIR: /opt/hostedtoolcache/Python/3.12.13/x64
2026-09-28T06:21:16.3495132Z   LD_LIBRARY_PATH: /opt/hostedtoolcache/Python/3.12.13/x64/lib
2026-09-28T06:21:16.3495458Z ##[endgroup]
2026-09-28T06:21:17.4284409Z Collecting uv==0.11.21
2026-09-28T06:21:17.4712932Z   Downloading uv-0.11.21-py3-none-manylinux_2_17_x86_64.manylinux2014_x86_64.whl.metadata (11 kB)
2026-09-28T06:21:17.4876426Z Downloading uv-0.11.21-py3-none-manylinux_2_17_x86_64.manylinux2014_x86_64.whl (25.1 MB)
2026-09-28T06:21:17.6100028Z    ━━━━━━━━━━━━━━━━━━━━━━━━━━━━━━━━━━━━━━━━ 25.1/25.1 MB 253.0 MB/s  0:00:00
2026-09-28T06:21:17.6587968Z Installing collected packages: uv
2026-09-28T06:21:17.9469420Z Successfully installed uv-0.11.21
2026-09-28T06:21:18.0219564Z ##[group]Run uv sync --frozen
2026-09-28T06:21:18.0219900Z [36;1muv sync --frozen[0m
2026-09-28T06:21:18.0258725Z shell: /usr/bin/bash -e {0}
2026-09-28T06:21:18.0259013Z env:
2026-09-28T06:21:18.0259299Z   pythonLocation: /opt/hostedtoolcache/Python/3.12.13/x64
2026-09-28T06:21:18.0259736Z   PKG_CONFIG_PATH: /opt/hostedtoolcache/Python/3.12.13/x64/lib/pkgconfig
2026-09-28T06:21:18.0260147Z   Python_ROOT_DIR: /opt/hostedtoolcache/Python/3.12.13/x64
2026-09-28T06:21:18.0260507Z   Python2_ROOT_DIR: /opt/hostedtoolcache/Python/3.12.13/x64
2026-09-28T06:21:18.0260862Z   Python3_ROOT_DIR: /opt/hostedtoolcache/Python/3.12.13/x64
2026-09-28T06:21:18.0261228Z   LD_LIBRARY_PATH: /opt/hostedtoolcache/Python/3.12.13/x64/lib
2026-09-28T06:21:18.0261575Z ##[endgroup]
2026-09-28T06:21:18.0829668Z Using CPython 3.12.13 interpreter at: /opt/hostedtoolcache/Python/3.12.13/x64/bin/python3.12
2026-09-28T06:21:18.0830174Z Creating virtual environment at: .venv
2026-09-28T06:21:18.1668779Z Downloading mypy (14.6MiB)
2026-09-28T06:21:18.1669457Z Downloading pydantic-core (2.0MiB)
2026-09-28T06:21:18.1674669Z Downloading ast-serialize (1.3MiB)
2026-09-28T06:21:18.1677104Z Downloading ruff (9.9MiB)
2026-09-28T06:21:18.1678792Z Downloading pygments (1.2MiB)
2026-09-28T06:21:18.3976749Z  Downloaded ast-serialize
2026-09-28T06:21:18.4415155Z  Downloaded pydantic-core
2026-09-28T06:21:18.4846326Z  Downloaded ruff
2026-09-28T06:21:18.5623137Z  Downloaded pygments
2026-09-28T06:21:18.7003619Z  Downloaded mypy
2026-09-28T06:21:18.7006826Z Prepared 37 packages in 615ms
2026-09-28T06:21:18.7316549Z Installed 37 packages in 30ms
2026-09-28T06:21:18.7317105Z  + annotated-doc==0.0.5
2026-09-28T06:21:18.7317798Z  + annotated-types==0.8.0
2026-09-28T06:21:18.7318229Z  + anyio==4.15.1
2026-09-28T06:21:18.7318582Z  + ast-serialize==0.11.2
2026-09-28T06:21:18.7318956Z  + attrs==26.1.0
2026-09-28T06:21:18.7319296Z  + certifi==2026.7.22
2026-09-28T06:21:18.7319667Z  + click==8.5.0
2026-09-28T06:21:18.7320030Z  + defusedxml==0.7.1
2026-09-28T06:21:18.7320381Z  + fastapi==0.141.1
2026-09-28T06:21:18.7320708Z  + h11==0.16.0
2026-09-28T06:21:18.7321030Z  + httpcore==1.0.9
2026-09-28T06:21:18.7321365Z  + httpx==0.28.1
2026-09-28T06:21:18.7321696Z  + idna==3.19
2026-09-28T06:21:18.7322020Z  + iniconfig==2.3.0
2026-09-28T06:21:18.7322675Z  + jsonschema==4.26.0
2026-09-28T06:21:18.7323387Z  + jsonschema-specifications==2025.9.1
2026-09-28T06:21:18.7323852Z  + librt==0.15.0
2026-09-28T06:21:18.7324199Z  + markdown-it-py==4.2.0
2026-09-28T06:21:18.7324568Z  + mdurl==0.1.2
2026-09-28T06:21:18.7324890Z  + mypy==2.3.1
2026-09-28T06:21:18.7325238Z  + mypy-extensions==1.1.0
2026-09-28T06:21:18.7325627Z  + packaging==26.3
2026-09-28T06:21:18.7325972Z  + pathspec==1.1.1
2026-09-28T06:21:18.7326614Z  + pluggy==1.6.0
2026-09-28T06:21:18.7326925Z  + pydantic==2.13.5
2026-09-28T06:21:18.7327224Z  + pydantic-core==2.46.5
2026-09-28T06:21:18.7327747Z  + pygments==2.21.0
2026-09-28T06:21:18.7328087Z  + pypdf==6.18.1
2026-09-28T06:21:18.7328400Z  + pytest==9.1.1
2026-09-28T06:21:18.7328708Z  + python-multipart==0.0.32
2026-09-28T06:21:18.7329068Z  + referencing==0.37.0
2026-09-28T06:21:18.7329353Z  + rpds-py==2026.6.3
2026-09-28T06:21:18.7329629Z  + ruff==0.16.7
2026-09-28T06:21:18.7329959Z  + starlette==1.6.0
2026-09-28T06:21:18.7330316Z  + typing-extensions==4.16.0
2026-09-28T06:21:18.7330753Z  + typing-inspection==0.4.4
2026-09-28T06:21:18.7331139Z  + uvicorn==0.53.0
2026-09-28T06:21:18.7414934Z ##[group]Run sudo apt-get update
2026-09-28T06:21:18.7415266Z [36;1msudo apt-get update[0m
2026-09-28T06:21:18.7415890Z [36;1msudo apt-get install -y bubblewrap=0.11.1-1ubuntu0.3 apparmor=5.0.2-0ubuntu1~26.04.1 libapparmor1=5.0.2-0ubuntu1~26.04.1 libseccomp2=2.6.0-2ubuntu5[0m
2026-09-28T06:21:18.7416590Z [36;1mdpkg-query -W bubblewrap apparmor libapparmor1 libseccomp2[0m
2026-09-28T06:21:18.7417059Z [36;1mtest -f /etc/apparmor.d/bwrap-userns-restrict[0m
2026-09-28T06:21:18.7417587Z [36;1mbwrap --version[0m
2026-09-28T06:21:18.7453625Z shell: /usr/bin/bash -e {0}
2026-09-28T06:21:18.7453882Z env:
2026-09-28T06:21:18.7454162Z   pythonLocation: /opt/hostedtoolcache/Python/3.12.13/x64
2026-09-28T06:21:18.7454573Z   PKG_CONFIG_PATH: /opt/hostedtoolcache/Python/3.12.13/x64/lib/pkgconfig
2026-09-28T06:21:18.7454979Z   Python_ROOT_DIR: /opt/hostedtoolcache/Python/3.12.13/x64
2026-09-28T06:21:18.7455337Z   Python2_ROOT_DIR: /opt/hostedtoolcache/Python/3.12.13/x64
2026-09-28T06:21:18.7455754Z   Python3_ROOT_DIR: /opt/hostedtoolcache/Python/3.12.13/x64
2026-09-28T06:21:18.7456119Z   LD_LIBRARY_PATH: /opt/hostedtoolcache/Python/3.12.13/x64/lib
2026-09-28T06:21:18.7456428Z ##[endgroup]
2026-09-28T06:21:18.8352663Z Get:1 file:/etc/apt/apt-mirrors.txt Mirrorlist [144 B]
2026-09-28T06:21:18.8593821Z Get:6 https://packages.microsoft.com/ubuntu/26.04/prod resolute InRelease [3964 B]
2026-09-28T06:21:18.8717042Z Hit:2 http://azure.archive.ubuntu.com/ubuntu resolute InRelease
2026-09-28T06:21:18.8748437Z Get:3 http://azure.archive.ubuntu.com/ubuntu resolute-updates InRelease [137 kB]
2026-09-28T06:21:18.8803689Z Get:4 http://azure.archive.ubuntu.com/ubuntu resolute-backports InRelease [137 kB]
2026-09-28T06:21:18.8840825Z Get:5 http://azure.archive.ubuntu.com/ubuntu resolute-security InRelease [137 kB]
2026-09-28T06:21:18.8891986Z Get:7 https://packages.microsoft.com/ubuntu/26.04/prod resolute/main amd64 Packages [71.7 kB]
2026-09-28T06:21:18.9107603Z Get:8 https://packages.microsoft.com/ubuntu/26.04/prod resolute/main arm64 Packages [62.5 kB]
2026-09-28T06:21:18.9143413Z Get:9 https://packages.microsoft.com/ubuntu/26.04/prod resolute/main armhf Packages [795 B]
2026-09-28T06:21:18.9242445Z Get:10 http://azure.archive.ubuntu.com/ubuntu resolute-updates/main amd64v3 Packages [680 kB]
2026-09-28T06:21:18.9395482Z Get:11 http://azure.archive.ubuntu.com/ubuntu resolute-updates/main Translation-en [162 kB]
2026-09-28T06:21:18.9439520Z Get:12 http://azure.archive.ubuntu.com/ubuntu resolute-updates/main amd64 Components [98.0 kB]
2026-09-28T06:21:18.9469037Z Get:13 http://azure.archive.ubuntu.com/ubuntu resolute-updates/universe amd64v3 Packages [309 kB]
2026-09-28T06:21:18.9479505Z Get:14 http://azure.archive.ubuntu.com/ubuntu resolute-updates/universe Translation-en [98.9 kB]
2026-09-28T06:21:18.9480797Z Get:15 http://azure.archive.ubuntu.com/ubuntu resolute-updates/universe amd64 Components [190 kB]
2026-09-28T06:21:18.9482140Z Get:16 http://azure.archive.ubuntu.com/ubuntu resolute-updates/restricted amd64v3 Packages [458 kB]
2026-09-28T06:21:18.9483606Z Get:17 http://azure.archive.ubuntu.com/ubuntu resolute-updates/restricted Translation-en [90.8 kB]
2026-09-28T06:21:18.9491523Z Get:18 http://azure.archive.ubuntu.com/ubuntu resolute-backports/universe amd64 Components [1060 B]
2026-09-28T06:21:18.9615081Z Get:19 http://azure.archive.ubuntu.com/ubuntu resolute-security/main amd64v3 Packages [532 kB]
2026-09-28T06:21:19.0125868Z Get:20 http://azure.archive.ubuntu.com/ubuntu resolute-security/main Translation-en [125 kB]
2026-09-28T06:21:19.0142391Z Get:21 http://azure.archive.ubuntu.com/ubuntu resolute-security/main amd64 Components [46.7 kB]
2026-09-28T06:21:19.0179830Z Get:22 http://azure.archive.ubuntu.com/ubuntu resolute-security/universe amd64v3 Packages [184 kB]
2026-09-28T06:21:19.0202712Z Get:23 http://azure.archive.ubuntu.com/ubuntu resolute-security/universe Translation-en [58.5 kB]
2026-09-28T06:21:19.0211600Z Get:24 http://azure.archive.ubuntu.com/ubuntu resolute-security/universe amd64 Components [43.4 kB]
2026-09-28T06:21:19.0248870Z Get:25 http://azure.archive.ubuntu.com/ubuntu resolute-security/restricted amd64v3 Packages [437 kB]
2026-09-28T06:21:19.0271843Z Get:26 http://azure.archive.ubuntu.com/ubuntu resolute-security/restricted Translation-en [86.2 kB]
2026-09-28T06:21:22.7071409Z Fetched 4151 kB in 0s (10.0 MB/s)
2026-09-28T06:21:23.4212203Z Reading package lists...
2026-09-28T06:21:23.4570392Z Reading package lists...
2026-09-28T06:21:23.6319453Z Building dependency tree...
2026-09-28T06:21:23.6326777Z Reading state information...
2026-09-28T06:21:23.6703171Z bubblewrap is already the newest version (0.11.1-1ubuntu0.3).
2026-09-28T06:21:23.6703748Z bubblewrap set to manually installed.
2026-09-28T06:21:23.6704176Z apparmor is already the newest version (5.0.2-0ubuntu1~26.04.1).
2026-09-28T06:21:23.6704588Z apparmor set to manually installed.
2026-09-28T06:21:23.6705004Z libapparmor1 is already the newest version (5.0.2-0ubuntu1~26.04.1).
2026-09-28T06:21:23.6705472Z libapparmor1 set to manually installed.
2026-09-28T06:21:23.6705864Z libseccomp2 is already the newest version (2.6.0-2ubuntu5).
2026-09-28T06:21:23.6706261Z libseccomp2 set to manually installed.
2026-09-28T06:21:23.7234285Z Solving dependencies...
2026-09-28T06:21:23.8682137Z 0 upgraded, 0 newly installed, 0 to remove and 39 not upgraded.
2026-09-28T06:21:23.8841246Z apparmor	5.0.2-0ubuntu1~26.04.1
2026-09-28T06:21:23.8841562Z bubblewrap	0.11.1-1ubuntu0.3
2026-09-28T06:21:23.8841824Z libapparmor1:amd64	5.0.2-0ubuntu1~26.04.1
2026-09-28T06:21:23.8842103Z libseccomp2:amd64	2.6.0-2ubuntu5
2026-09-28T06:21:23.9005223Z bubblewrap 0.11.1
2026-09-28T06:21:23.9035859Z ##[group]Run uv run --frozen pytest tests/integration
2026-09-28T06:21:23.9036253Z [36;1muv run --frozen pytest tests/integration[0m
2026-09-28T06:21:23.9071989Z shell: /usr/bin/bash -e {0}
2026-09-28T06:21:23.9072244Z env:
2026-09-28T06:21:23.9072513Z   pythonLocation: /opt/hostedtoolcache/Python/3.12.13/x64
2026-09-28T06:21:23.9072923Z   PKG_CONFIG_PATH: /opt/hostedtoolcache/Python/3.12.13/x64/lib/pkgconfig
2026-09-28T06:21:23.9073328Z   Python_ROOT_DIR: /opt/hostedtoolcache/Python/3.12.13/x64
2026-09-28T06:21:23.9073689Z   Python2_ROOT_DIR: /opt/hostedtoolcache/Python/3.12.13/x64
2026-09-28T06:21:23.9074045Z   Python3_ROOT_DIR: /opt/hostedtoolcache/Python/3.12.13/x64
2026-09-28T06:21:23.9074424Z   LD_LIBRARY_PATH: /opt/hostedtoolcache/Python/3.12.13/x64/lib
2026-09-28T06:21:23.9074736Z ##[endgroup]
2026-09-28T06:21:30.6414340Z ============================= test session starts ==============================
2026-09-28T06:21:30.6415197Z platform linux -- Python 3.12.13, pytest-9.1.1, pluggy-1.6.0
2026-09-28T06:21:30.6415617Z rootdir: <CI_HOME>/work/Learning_Workbench/Learning_Workbench
2026-09-28T06:21:30.6415969Z configfile: pyproject.toml
2026-09-28T06:21:30.6416214Z plugins: anyio-4.15.1
2026-09-28T06:21:30.6416435Z collected 1571 items
2026-09-28T06:21:30.6416572Z 
2026-09-28T06:22:12.5283751Z tests/integration/test_artifact_owners.py ...........................    [  1%]
2026-09-28T06:22:40.8827585Z tests/integration/test_assessment_attempts.py .......................... [  3%]
2026-09-28T06:22:52.2255829Z ...........                                                              [  4%]
2026-09-28T06:23:17.3828049Z tests/integration/test_assessment_grading.py ....................        [  5%]
2026-09-28T06:23:23.6765774Z tests/integration/test_assessment_independent_review.py .......          [  5%]
2026-09-28T06:23:33.4998306Z tests/integration/test_assessment_learning_port.py ...........           [  6%]
2026-09-28T06:23:51.5604960Z tests/integration/test_assessment_policy.py ...................          [  7%]
2026-09-28T06:24:03.8713858Z tests/integration/test_assessment_review_history.py ........             [  8%]
2026-09-28T06:24:05.3758471Z tests/integration/test_authoring_actor_control.py ..                     [  8%]
2026-09-28T06:24:08.1301569Z tests/integration/test_authoring_cancel_policy_recovery.py ..            [  8%]
2026-09-28T06:24:08.6380190Z tests/integration/test_authoring_context.py ......                       [  8%]
2026-09-28T06:24:10.1177682Z tests/integration/test_authoring_generation_integrity.py ..              [  8%]
2026-09-28T06:24:10.6424650Z tests/integration/test_authoring_group_context.py ......                 [  9%]
2026-09-28T06:24:23.7857803Z tests/integration/test_authoring_group_http.py ...                       [  9%]
2026-09-28T06:26:16.6835933Z tests/integration/test_authoring_group_numeric_service.py .............. [ 10%]
2026-09-28T06:26:24.4194318Z ....                                                                     [ 10%]
2026-09-28T06:26:41.4615412Z tests/integration/test_authoring_group_numeric_worker.py ......          [ 11%]
2026-09-28T06:26:56.0296370Z tests/integration/test_authoring_group_provider.py .........             [ 11%]
2026-09-28T06:27:06.4750559Z tests/integration/test_authoring_group_recovery.py ...                   [ 11%]
2026-09-28T06:27:11.5639970Z tests/integration/test_authoring_http.py ..                              [ 11%]
2026-09-28T06:27:33.5429997Z tests/integration/test_authoring_numeric_provider_history.py ........... [ 12%]
2026-09-28T06:27:46.9686748Z .......                                                                  [ 13%]
2026-09-28T06:27:48.7200777Z tests/integration/test_authoring_numeric_runtime.py .s.....              [ 13%]
2026-09-28T06:28:39.7920082Z tests/integration/test_authoring_numeric_service.py ...........          [ 14%]
2026-09-28T06:28:45.0669308Z tests/integration/test_authoring_numeric_worker.py ...                   [ 14%]
2026-09-28T06:28:51.9939407Z tests/integration/test_authoring_provider.py ......                      [ 14%]
2026-09-28T06:29:01.5154179Z tests/integration/test_concept_states.py .........                       [ 15%]
2026-09-28T06:29:02.4895260Z tests/integration/test_content_authoring_targets.py .................... [ 16%]
2026-09-28T06:29:03.7026994Z ........................                                                 [ 18%]
2026-09-28T06:29:11.5680294Z tests/integration/test_content_http.py ...........                       [ 18%]
2026-09-28T06:29:12.9876544Z tests/integration/test_content_repository.py ........................... [ 20%]
2026-09-28T06:29:13.6516441Z ........                                                                 [ 21%]
2026-09-28T06:29:24.5554008Z tests/integration/test_content_retrieval.py .....................        [ 22%]
2026-09-28T06:29:40.2499642Z tests/integration/test_document_http.py ......                           [ 22%]
2026-09-28T06:29:47.7120846Z tests/integration/test_document_imports.py ......                        [ 23%]
2026-09-28T06:30:11.7671995Z tests/integration/test_draft_candidate_catalog.py ...................... [ 24%]
2026-09-28T06:30:34.5947573Z .................                                                        [ 25%]
2026-09-28T06:30:35.6565713Z tests/integration/test_draft_candidate_migration.py .................... [ 26%]
2026-09-28T06:30:36.8976115Z ......................                                                   [ 28%]
2026-09-28T06:31:13.0860612Z tests/integration/test_draft_candidate_owners.py ....................... [ 29%]
2026-09-28T06:31:40.7135230Z .................                                                        [ 30%]
2026-09-28T06:31:48.5200496Z tests/integration/test_draft_publication.py .......                      [ 31%]
2026-09-28T06:32:00.2323848Z tests/integration/test_draft_publication_atomic.py ...........           [ 32%]
2026-09-28T06:32:23.7367545Z tests/integration/test_draft_publication_http.py ..............          [ 32%]
2026-09-28T06:32:44.9883114Z tests/integration/test_draft_publication_integrity.py .................. [ 34%]
2026-09-28T06:32:50.7951807Z .....                                                                    [ 34%]
2026-09-28T06:33:05.1157782Z tests/integration/test_draft_publication_scope.py ...........            [ 35%]
2026-09-28T06:33:11.8138147Z tests/integration/test_evidence_independent_review.py ......             [ 35%]
2026-09-28T06:33:16.0146900Z tests/integration/test_grading_queue_isolation.py ..                     [ 35%]
2026-09-28T06:33:34.9424473Z tests/integration/test_import_http.py ...............                    [ 36%]
2026-09-28T06:33:40.1488307Z tests/integration/test_import_parser_exit_race.py ...                    [ 36%]
2026-09-28T06:34:03.2664313Z tests/integration/test_import_repository.py ............................ [ 38%]
2026-09-28T06:34:16.3586963Z ......                                                                   [ 38%]
2026-09-28T06:34:19.3862072Z tests/integration/test_learner_profile.py ....................           [ 40%]
2026-09-28T06:34:20.3493203Z tests/integration/test_learning_action_integrity.py ...                  [ 40%]
2026-09-28T06:34:25.5630093Z tests/integration/test_learning_activity_access.py ......                [ 40%]
2026-09-28T06:34:26.4553850Z tests/integration/test_learning_content_scope.py ...............         [ 41%]
2026-09-28T06:34:28.6314729Z tests/integration/test_learning_course_history.py ..                     [ 41%]
2026-09-28T06:34:47.3438338Z tests/integration/test_learning_evidence.py ................             [ 42%]
2026-09-28T06:34:50.6153023Z tests/integration/test_learning_state_observations.py ...                [ 43%]
2026-09-28T06:34:55.0929577Z tests/integration/test_notes_learning.py ............................... [ 45%]
2026-09-28T06:34:57.5432232Z .................                                                        [ 46%]
2026-09-28T06:35:05.1458718Z tests/integration/test_practice_grading.py .........                     [ 46%]
2026-09-28T06:35:13.4374594Z tests/integration/test_practice_independent_review.py ........           [ 47%]
2026-09-28T06:35:14.1922761Z tests/integration/test_practice_learning_port.py ............            [ 47%]
2026-09-28T06:35:43.4976530Z tests/integration/test_practice_model_help.py ...........                [ 48%]
2026-09-28T06:36:04.0737166Z tests/integration/test_practice_sessions.py ........................     [ 50%]
2026-09-28T06:36:10.5697613Z tests/integration/test_provenance_recovery_integrity.py ......           [ 50%]
2026-09-28T06:36:11.0942682Z tests/integration/test_provider_config.py ........                       [ 51%]
2026-09-28T06:36:11.9959143Z tests/integration/test_provider_consents.py ......                       [ 51%]
2026-09-28T06:36:27.4842936Z tests/integration/test_provider_dispatch.py ..........................   [ 53%]
2026-09-28T06:36:36.4602930Z tests/integration/test_provider_http.py ..............                   [ 54%]
2026-09-28T06:36:37.7517042Z tests/integration/test_provider_lifecycle.py .                           [ 54%]
2026-09-28T06:36:37.9627801Z tests/integration/test_provider_migration.py ..                          [ 54%]
2026-09-28T06:36:40.8241745Z tests/integration/test_provider_proof_admission.py .......               [ 54%]
2026-09-28T06:37:42.0596810Z tests/integration/test_publication_admission.py ........................ [ 56%]
2026-09-28T06:38:12.3032797Z ........                                                                 [ 56%]
2026-09-28T06:38:12.5631220Z tests/integration/test_question_qualification.py ....                    [ 56%]
2026-09-28T06:38:12.8270911Z tests/integration/test_reader_directory.py ....                          [ 57%]
2026-09-28T06:38:24.6459489Z tests/integration/test_reader_provenance.py ...........                  [ 57%]
2026-09-28T06:38:26.1871431Z tests/integration/test_recommendation_content_access.py ................ [ 58%]
2026-09-28T06:38:26.8412236Z .......                                                                  [ 59%]
2026-09-28T06:38:29.2544031Z tests/integration/test_recommendation_http.py ..                         [ 59%]
2026-09-28T06:38:45.0390219Z tests/integration/test_recommendation_source_ports.py ..............     [ 60%]
2026-09-28T06:38:47.5872843Z tests/integration/test_recommendation_worker_readiness.py ..........     [ 61%]
2026-09-28T06:39:27.2839852Z tests/integration/test_recommendations.py .............................  [ 62%]
2026-09-28T06:40:37.1253830Z tests/integration/test_retrieval.py .........................            [ 64%]
2026-09-28T06:40:40.1739286Z tests/integration/test_retrieval_integrity.py ............               [ 65%]
2026-09-28T06:40:40.2964657Z tests/integration/test_retrieval_migration.py ..                         [ 65%]
2026-09-28T06:40:49.2179583Z tests/integration/test_review_boundary_diagnostics.py .......            [ 65%]
2026-09-28T06:40:55.1680028Z tests/integration/test_review_control_headers.py ....                    [ 66%]
2026-09-28T06:41:21.5811692Z tests/integration/test_review_history.py ............................... [ 68%]
2026-09-28T06:41:44.2980466Z ........................                                                 [ 69%]
2026-09-28T06:42:33.9506921Z tests/integration/test_review_http.py ..............................     [ 71%]
2026-09-28T06:42:54.0625472Z tests/integration/test_review_job_lifecycle.py ........................  [ 73%]
2026-09-28T06:43:39.6762952Z tests/integration/test_review_materials.py ............................. [ 74%]
2026-09-28T06:44:04.4096515Z ................                                                         [ 75%]
2026-09-28T06:44:45.9006480Z tests/integration/test_review_numeric_observations.py .................. [ 77%]
2026-09-28T06:45:34.8043164Z .......................                                                  [ 78%]
2026-09-28T06:45:45.5040580Z tests/integration/test_review_repository.py .............                [ 79%]
2026-09-28T06:45:46.4589952Z tests/integration/test_review_storage_constraints.py ................... [ 80%]
2026-09-28T06:45:50.4076904Z ........................................................................ [ 85%]
2026-09-28T06:45:50.7105255Z ......                                                                   [ 85%]
2026-09-28T06:45:51.0332321Z tests/integration/test_review_storage_migration.py ....                  [ 85%]
2026-09-28T06:46:23.0781612Z tests/integration/test_review_structure_checks.py ...................... [ 87%]
2026-09-28T06:47:21.1359003Z .......................................                                  [ 89%]
2026-09-28T06:47:52.5657544Z tests/integration/test_review_workflow.py .............................. [ 91%]
2026-09-28T06:48:40.3106532Z ...............................                                          [ 93%]
2026-09-28T06:48:40.8740671Z tests/integration/test_route_completion_sources.py ........              [ 94%]
2026-09-28T06:48:43.6384670Z tests/integration/test_routes_commands.py .............                  [ 94%]
2026-09-28T06:48:50.4280896Z tests/integration/test_tutor_context.py ............                     [ 95%]
2026-09-28T06:48:57.0560871Z tests/integration/test_tutor_http.py ......                              [ 95%]
2026-09-28T06:49:05.5054289Z tests/integration/test_tutor_jobs_http.py ..........                     [ 96%]
2026-09-28T06:49:09.0624767Z tests/integration/test_tutor_observation.py ......                       [ 97%]
2026-09-28T06:49:09.2142006Z tests/integration/test_tutor_replay_integrity.py ..                      [ 97%]
2026-09-28T06:49:27.8615128Z tests/integration/test_tutor_runs.py ....................                [ 98%]
2026-09-28T06:49:29.3883316Z tests/integration/test_tutor_worker_fairness.py ....                     [ 98%]
2026-09-28T06:49:39.9002369Z tests/integration/test_workbench_assessment_policy.py ......             [ 99%]
2026-09-28T06:49:48.5228371Z tests/integration/test_workbench_persistence.py ...............          [100%]
2026-09-28T06:49:48.5229434Z 
2026-09-28T06:49:48.5229878Z =============================== warnings summary ===============================
2026-09-28T06:49:48.5231055Z .venv/lib/python3.12/site-packages/fastapi/testclient.py:1
2026-09-28T06:49:48.5236536Z   <CI_HOME>/work/Learning_Workbench/Learning_Workbench/.venv/lib/python3.12/site-packages/fastapi/testclient.py:1: StarletteDeprecationWarning: Using `httpx` with `starlette.testclient` is deprecated; install `httpx2` instead.
2026-09-28T06:49:48.5240116Z     from starlette.testclient import TestClient as TestClient  # noqa
2026-09-28T06:49:48.5241004Z 
2026-09-28T06:49:48.5241485Z .venv/lib/python3.12/site-packages/starlette/testclient.py:53
2026-09-28T06:49:48.5244792Z   <CI_HOME>/work/Learning_Workbench/Learning_Workbench/.venv/lib/python3.12/site-packages/starlette/testclient.py:53: DeprecationWarning: The anyio.abc.BlockingPortal alias is deprecated, use anyio.from_thread.BlockingPortal instead.
2026-09-28T06:49:48.5248565Z     _PortalFactoryType = Callable[[], AbstractContextManager[anyio.abc.BlockingPortal]]
2026-09-28T06:49:48.5249656Z 
2026-09-28T06:49:48.5250248Z -- Docs: https://docs.pytest.org/en/stable/how-to/capture-warnings.html
2026-09-28T06:49:48.5251531Z =========================== short test summary info ============================
2026-09-28T06:49:48.5253814Z SKIPPED [1] tests/integration/test_authoring_numeric_runtime.py:46: BLOCKED_ENVIRONMENT: real sealed runtime did not execute the calculator; original FAIL retained
2026-09-28T06:49:48.5256210Z =========== 1570 passed, 1 skipped, 2 warnings in 1703.53s (0:28:23) ===========
2026-09-28T06:49:49.1164386Z Post job cleanup.
2026-09-28T06:49:49.2754569Z Post job cleanup.
2026-09-28T06:49:49.3683145Z [command]/usr/bin/git version
2026-09-28T06:49:49.3728523Z git version 2.55.0
2026-09-28T06:49:49.3775256Z Temporarily overriding HOME='<CI_HOME>/work/_temp/fcc9aa18-bdcd-49db-99a9-cb4013c797c2' before making global git config changes
2026-09-28T06:49:49.3776616Z Adding repository directory to the temporary git global config as a safe directory
2026-09-28T06:49:49.3782157Z [command]/usr/bin/git config --global --add safe.directory <CI_HOME>/work/Learning_Workbench/Learning_Workbench
2026-09-28T06:49:49.3818159Z Removing SSH command configuration
2026-09-28T06:49:49.3825869Z [command]/usr/bin/git config --local --name-only --get-regexp core\.sshCommand
2026-09-28T06:49:49.3863763Z [command]/usr/bin/git submodule foreach --recursive sh -c "git config --local --name-only --get-regexp 'core\.sshCommand' && git config --local --unset-all 'core.sshCommand' || :"
2026-09-28T06:49:49.4213039Z Removing HTTP extra header
2026-09-28T06:49:49.4222214Z [command]/usr/bin/git config --local --name-only --get-regexp http\.https\:\/\/github\.com\/\.extraheader
2026-09-28T06:49:49.4292195Z [command]/usr/bin/git submodule foreach --recursive sh -c "git config --local --name-only --get-regexp 'http\.https\:\/\/github\.com\/\.extraheader' && git config --local --unset-all 'http.https://github.com/.extraheader' || :"
2026-09-28T06:49:49.4699509Z Removing includeIf entries pointing to credentials config files
2026-09-28T06:49:49.4700287Z [command]/usr/bin/git config --local --name-only --get-regexp ^includeIf\.gitdir:
2026-09-28T06:49:49.4728682Z includeif.gitdir:<CI_HOME>/work/Learning_Workbench/Learning_Workbench/.git.path
2026-09-28T06:49:49.4729647Z includeif.gitdir:<CI_HOME>/work/Learning_Workbench/Learning_Workbench/.git/worktrees/*.path
2026-09-28T06:49:49.4730519Z includeif.gitdir:/github/workspace/.git.path
2026-09-28T06:49:49.4731128Z includeif.gitdir:/github/workspace/.git/worktrees/*.path
2026-09-28T06:49:49.4736173Z [command]/usr/bin/git config --local --get-all includeif.gitdir:<CI_HOME>/work/Learning_Workbench/Learning_Workbench/.git.path
2026-09-28T06:49:49.4761469Z <CI_HOME>/work/_temp/git-credentials-290ae7d2-02b2-4d03-a66b-106df2377961.config
2026-09-28T06:49:49.4774517Z [command]/usr/bin/git config --local --unset includeif.gitdir:<CI_HOME>/work/Learning_Workbench/Learning_Workbench/.git.path \/home\/runner\/work\/_temp\/git\-credentials\-290ae7d2\-02b2\-4d03\-a66b\-106df2377961\.config
2026-09-28T06:49:49.4810648Z [command]/usr/bin/git config --local --get-all includeif.gitdir:<CI_HOME>/work/Learning_Workbench/Learning_Workbench/.git/worktrees/*.path
2026-09-28T06:49:49.4834494Z <CI_HOME>/work/_temp/git-credentials-290ae7d2-02b2-4d03-a66b-106df2377961.config
2026-09-28T06:49:49.4843367Z [command]/usr/bin/git config --local --unset includeif.gitdir:<CI_HOME>/work/Learning_Workbench/Learning_Workbench/.git/worktrees/*.path \/home\/runner\/work\/_temp\/git\-credentials\-290ae7d2\-02b2\-4d03\-a66b\-106df2377961\.config
2026-09-28T06:49:49.4884471Z [command]/usr/bin/git config --local --get-all includeif.gitdir:/github/workspace/.git.path
2026-09-28T06:49:49.4907096Z /github/runner_temp/git-credentials-290ae7d2-02b2-4d03-a66b-106df2377961.config
2026-09-28T06:49:49.4914202Z [command]/usr/bin/git config --local --unset includeif.gitdir:/github/workspace/.git.path \/github\/runner_temp\/git\-credentials\-290ae7d2\-02b2\-4d03\-a66b\-106df2377961\.config
2026-09-28T06:49:49.4945332Z [command]/usr/bin/git config --local --get-all includeif.gitdir:/github/workspace/.git/worktrees/*.path
2026-09-28T06:49:49.4967501Z /github/runner_temp/git-credentials-290ae7d2-02b2-4d03-a66b-106df2377961.config
2026-09-28T06:49:49.4973978Z [command]/usr/bin/git config --local --unset includeif.gitdir:/github/workspace/.git/worktrees/*.path \/github\/runner_temp\/git\-credentials\-290ae7d2\-02b2\-4d03\-a66b\-106df2377961\.config
2026-09-28T06:49:49.5010229Z [command]/usr/bin/git submodule foreach --recursive git config --local --show-origin --name-only --get-regexp remote.origin.url
2026-09-28T06:49:49.5266738Z Removing credentials config '<CI_HOME>/work/_temp/git-credentials-290ae7d2-02b2-4d03-a66b-106df2377961.config'
2026-09-28T06:49:49.5481168Z Cleaning up orphan processes
