2026-10-02T07:59:41.6667865Z Current runner version: '2.337.0'
2026-10-02T07:59:41.6692553Z ##[group]Runner Image Provisioner
2026-10-02T07:59:41.6693464Z Hosted Compute Agent
2026-10-02T07:59:41.6694381Z Version: 20260901.588
2026-10-02T07:59:41.6695267Z Commit: f88ec8081b781fac6c440065ac7ff9e710ce3d0b
2026-10-02T07:59:41.6696134Z Build Date: 2026-09-01T19:56:44Z
2026-10-02T07:59:41.6696841Z Worker ID: {e711de8e-b35c-4ee5-8052-a268e269c124}
2026-10-02T07:59:41.6697644Z Azure Region: eastus2
2026-10-02T07:59:41.6698425Z ##[endgroup]
2026-10-02T07:59:41.6700342Z ##[group]Operating System
2026-10-02T07:59:41.6701002Z Ubuntu
2026-10-02T07:59:41.6701545Z 24.04.5
2026-10-02T07:59:41.6702171Z LTS
2026-10-02T07:59:41.6702708Z ##[endgroup]
2026-10-02T07:59:41.6703323Z ##[group]Runner Image
2026-10-02T07:59:41.6704135Z Image: ubuntu-24.04
2026-10-02T07:59:41.6704718Z Version: 20260927.320.1
2026-10-02T07:59:41.6706061Z Included Software: https://github.com/actions/runner-images/blob/ubuntu24/20260927.320/images/ubuntu/Ubuntu2404-Readme.md
2026-10-02T07:59:41.6707754Z Image Release: https://github.com/actions/runner-images/releases/tag/ubuntu24%2F20260927.320
2026-10-02T07:59:41.6708768Z ##[endgroup]
2026-10-02T07:59:41.6709936Z ##[group]GITHUB_TOKEN Permissions
2026-10-02T07:59:41.6712060Z Contents: read
2026-10-02T07:59:41.6712721Z Metadata: read
2026-10-02T07:59:41.6713462Z ##[endgroup]
2026-10-02T07:59:41.6715704Z Secret source: Actions
2026-10-02T07:59:41.6716731Z Cache mode: write
2026-10-02T07:59:41.6717804Z Prepare workflow directory
2026-10-02T07:59:41.7068127Z Prepare all required actions
2026-10-02T07:59:41.7117344Z Getting action download info
2026-10-02T07:59:41.9471440Z Download action repository 'actions/checkout@3d3c42e5aac5ba805825da76410c181273ba90b1' (SHA:3d3c42e5aac5ba805825da76410c181273ba90b1)
2026-10-02T07:59:42.0465155Z Download action repository 'actions/setup-node@820762786026740c76f36085b0efc47a31fe5020' (SHA:820762786026740c76f36085b0efc47a31fe5020)
2026-10-02T07:59:42.2433403Z Complete job name: frontend
2026-10-02T07:59:42.3209350Z ##[group]Run actions/checkout@3d3c42e5aac5ba805825da76410c181273ba90b1
2026-10-02T07:59:42.3210420Z with:
2026-10-02T07:59:42.3210869Z   repository: kl3574/Learning_Workbench
2026-10-02T07:59:42.3215182Z   token: ***
2026-10-02T07:59:42.3215624Z   ssh-strict: true
2026-10-02T07:59:42.3216061Z   ssh-user: git
2026-10-02T07:59:42.3216505Z   persist-credentials: true
2026-10-02T07:59:42.3216996Z   clean: true
2026-10-02T07:59:42.3217430Z   sparse-checkout-cone-mode: true
2026-10-02T07:59:42.3217944Z   fetch-depth: 1
2026-10-02T07:59:42.3218360Z   fetch-tags: false
2026-10-02T07:59:42.3218793Z   show-progress: true
2026-10-02T07:59:42.3219230Z   lfs: false
2026-10-02T07:59:42.3219637Z   submodules: false
2026-10-02T07:59:42.3220070Z   set-safe-directory: true
2026-10-02T07:59:42.3220563Z   allow-unsafe-pr-checkout: false
2026-10-02T07:59:42.3221329Z ##[endgroup]
2026-10-02T07:59:42.4254329Z Syncing repository: kl3574/Learning_Workbench
2026-10-02T07:59:42.4257220Z ##[group]Getting Git version info
2026-10-02T07:59:42.4258705Z Working directory is 'CI_RUNNER_HOME/work/Learning_Workbench/Learning_Workbench'
2026-10-02T07:59:42.4260568Z [command]/usr/bin/git version
2026-10-02T07:59:42.4344175Z git version 2.55.0
2026-10-02T07:59:42.4374756Z ##[endgroup]
2026-10-02T07:59:42.4383152Z Temporarily overriding HOME='CI_RUNNER_HOME/work/_temp/da78ad05-1198-4028-9f55-c8c0e4af4088' before making global git config changes
2026-10-02T07:59:42.4386194Z Adding repository directory to the temporary git global config as a safe directory
2026-10-02T07:59:42.4388815Z [command]/usr/bin/git config --global --add safe.directory CI_RUNNER_HOME/work/Learning_Workbench/Learning_Workbench
2026-10-02T07:59:42.4437353Z Deleting the contents of 'CI_RUNNER_HOME/work/Learning_Workbench/Learning_Workbench'
2026-10-02T07:59:42.4440717Z ##[group]Determining repository object format
2026-10-02T07:59:42.4442388Z ##[endgroup]
2026-10-02T07:59:42.4443593Z ##[group]Initializing the repository
2026-10-02T07:59:42.4446898Z [command]/usr/bin/git init CI_RUNNER_HOME/work/Learning_Workbench/Learning_Workbench
2026-10-02T07:59:42.4585216Z hint: Using 'master' as the name for the initial branch. This default branch name
2026-10-02T07:59:42.4587213Z hint: will change to "main" in Git 3.0. To configure the initial branch name
2026-10-02T07:59:42.4589161Z hint: to use in all of your new repositories, which will suppress this warning,
2026-10-02T07:59:42.4590706Z hint: call:
2026-10-02T07:59:42.4591575Z hint:
2026-10-02T07:59:42.4592736Z hint: 	git config --global init.defaultBranch <name>
2026-10-02T07:59:42.4594302Z hint:
2026-10-02T07:59:42.4595483Z hint: Names commonly chosen instead of 'master' are 'main', 'trunk' and
2026-10-02T07:59:42.4597209Z hint: 'development'. The just-created branch can be renamed via this command:
2026-10-02T07:59:42.4598763Z hint:
2026-10-02T07:59:42.4599695Z hint: 	git branch -m <name>
2026-10-02T07:59:42.4600661Z hint:
2026-10-02T07:59:42.4601910Z hint: Disable this message with "git config set advice.defaultBranchName false"
2026-10-02T07:59:42.4604237Z Initialized empty Git repository in CI_RUNNER_HOME/work/Learning_Workbench/Learning_Workbench/.git/
2026-10-02T07:59:42.4608152Z [command]/usr/bin/git remote add origin https://github.com/kl3574/Learning_Workbench
2026-10-02T07:59:42.4662313Z ##[endgroup]
2026-10-02T07:59:42.4663628Z ##[group]Disabling automatic garbage collection
2026-10-02T07:59:42.4666179Z [command]/usr/bin/git config --local gc.auto 0
2026-10-02T07:59:42.4703626Z ##[endgroup]
2026-10-02T07:59:42.4705348Z ##[group]Setting up auth
2026-10-02T07:59:42.4706174Z Removing SSH command configuration
2026-10-02T07:59:42.4711513Z [command]/usr/bin/git config --local --name-only --get-regexp core\.sshCommand
2026-10-02T07:59:42.4750876Z [command]/usr/bin/git submodule foreach --recursive sh -c "git config --local --name-only --get-regexp 'core\.sshCommand' && git config --local --unset-all 'core.sshCommand' || :"
2026-10-02T07:59:42.5139970Z Removing HTTP extra header
2026-10-02T07:59:42.5146767Z [command]/usr/bin/git config --local --name-only --get-regexp http\.https\:\/\/github\.com\/\.extraheader
2026-10-02T07:59:42.5184108Z [command]/usr/bin/git submodule foreach --recursive sh -c "git config --local --name-only --get-regexp 'http\.https\:\/\/github\.com\/\.extraheader' && git config --local --unset-all 'http.https://github.com/.extraheader' || :"
2026-10-02T07:59:42.5400750Z Removing includeIf entries pointing to credentials config files
2026-10-02T07:59:42.5407178Z [command]/usr/bin/git config --local --name-only --get-regexp ^includeIf\.gitdir:
2026-10-02T07:59:42.5442558Z [command]/usr/bin/git submodule foreach --recursive git config --local --show-origin --name-only --get-regexp remote.origin.url
2026-10-02T07:59:42.5668424Z [command]/usr/bin/git config --file CI_RUNNER_HOME/work/_temp/git-credentials-d4c99c0d-9fc5-4858-9aa0-851a7e5819d7.config http.https://github.com/.extraheader AUTHORIZATION: basic ***
2026-10-02T07:59:42.5708398Z [command]/usr/bin/git config --local includeIf.gitdir:CI_RUNNER_HOME/work/Learning_Workbench/Learning_Workbench/.git.path CI_RUNNER_HOME/work/_temp/git-credentials-d4c99c0d-9fc5-4858-9aa0-851a7e5819d7.config
2026-10-02T07:59:42.5743454Z [command]/usr/bin/git config --local includeIf.gitdir:CI_RUNNER_HOME/work/Learning_Workbench/Learning_Workbench/.git/worktrees/*.path CI_RUNNER_HOME/work/_temp/git-credentials-d4c99c0d-9fc5-4858-9aa0-851a7e5819d7.config
2026-10-02T07:59:42.5781509Z [command]/usr/bin/git config --local includeIf.gitdir:/github/workspace/.git.path /github/runner_temp/git-credentials-d4c99c0d-9fc5-4858-9aa0-851a7e5819d7.config
2026-10-02T07:59:42.5819058Z [command]/usr/bin/git config --local includeIf.gitdir:/github/workspace/.git/worktrees/*.path /github/runner_temp/git-credentials-d4c99c0d-9fc5-4858-9aa0-851a7e5819d7.config
2026-10-02T07:59:42.5851278Z ##[endgroup]
2026-10-02T07:59:42.5852634Z ##[group]Fetching the repository
2026-10-02T07:59:42.5859510Z [command]/usr/bin/git -c protocol.version=2 fetch --no-tags --prune --no-recurse-submodules --depth=1 origin +1ad328d0d30c67030d7b62c5d712a37e9161a6aa:refs/remotes/origin/feat/M6.2-candidate-review
2026-10-02T07:59:44.6660308Z From https://github.com/kl3574/Learning_Workbench
2026-10-02T07:59:44.6673494Z  * [new ref]         1ad328d0d30c67030d7b62c5d712a37e9161a6aa -> origin/feat/M6.2-candidate-review
2026-10-02T07:59:44.6678898Z [command]/usr/bin/git branch --list --remote origin/feat/M6.2-candidate-review
2026-10-02T07:59:44.6714260Z   origin/feat/M6.2-candidate-review
2026-10-02T07:59:44.6722098Z [command]/usr/bin/git rev-parse refs/remotes/origin/feat/M6.2-candidate-review
2026-10-02T07:59:44.6754791Z 1ad328d0d30c67030d7b62c5d712a37e9161a6aa
2026-10-02T07:59:44.6759753Z ##[endgroup]
2026-10-02T07:59:44.6762656Z ##[group]Determining the checkout info
2026-10-02T07:59:44.6764820Z ##[endgroup]
2026-10-02T07:59:44.6765777Z [command]/usr/bin/git sparse-checkout disable
2026-10-02T07:59:44.6830723Z [command]/usr/bin/git config --local --unset-all extensions.worktreeConfig
2026-10-02T07:59:44.6867880Z ##[group]Checking out the ref
2026-10-02T07:59:44.6872460Z [command]/usr/bin/git checkout --progress --force -B feat/M6.2-candidate-review refs/remotes/origin/feat/M6.2-candidate-review
2026-10-02T07:59:45.7200073Z Updating files:  72% (9959/13811)
2026-10-02T07:59:45.7348157Z Updating files:  73% (10083/13811)
2026-10-02T07:59:45.7463484Z Updating files:  74% (10221/13811)
2026-10-02T07:59:45.7551117Z Updating files:  75% (10359/13811)
2026-10-02T07:59:45.7663613Z Updating files:  76% (10497/13811)
2026-10-02T07:59:45.7732704Z Updating files:  77% (10635/13811)
2026-10-02T07:59:45.7870488Z Updating files:  78% (10773/13811)
2026-10-02T07:59:45.7998750Z Updating files:  79% (10911/13811)
2026-10-02T07:59:45.8129253Z Updating files:  80% (11049/13811)
2026-10-02T07:59:45.8328563Z Updating files:  81% (11187/13811)
2026-10-02T07:59:45.8523917Z Updating files:  82% (11326/13811)
2026-10-02T07:59:45.8677007Z Updating files:  83% (11464/13811)
2026-10-02T07:59:45.8816233Z Updating files:  84% (11602/13811)
2026-10-02T07:59:45.8910294Z Updating files:  85% (11740/13811)
2026-10-02T07:59:45.9032372Z Updating files:  86% (11878/13811)
2026-10-02T07:59:45.9183606Z Updating files:  87% (12016/13811)
2026-10-02T07:59:45.9307137Z Updating files:  88% (12154/13811)
2026-10-02T07:59:45.9420744Z Updating files:  89% (12292/13811)
2026-10-02T07:59:45.9631421Z Updating files:  90% (12430/13811)
2026-10-02T07:59:45.9821528Z Updating files:  91% (12569/13811)
2026-10-02T07:59:45.9953520Z Updating files:  92% (12707/13811)
2026-10-02T07:59:46.0056462Z Updating files:  93% (12845/13811)
2026-10-02T07:59:46.0173641Z Updating files:  94% (12983/13811)
2026-10-02T07:59:46.0304568Z Updating files:  95% (13121/13811)
2026-10-02T07:59:46.0397532Z Updating files:  96% (13259/13811)
2026-10-02T07:59:46.0482639Z Updating files:  97% (13397/13811)
2026-10-02T07:59:46.0566701Z Updating files:  98% (13535/13811)
2026-10-02T07:59:46.0656314Z Updating files:  99% (13673/13811)
2026-10-02T07:59:46.0656797Z Updating files: 100% (13811/13811)
2026-10-02T07:59:46.0657358Z Updating files: 100% (13811/13811), done.
2026-10-02T07:59:46.0919135Z Switched to a new branch 'feat/M6.2-candidate-review'
2026-10-02T07:59:46.0925751Z branch 'feat/M6.2-candidate-review' set up to track 'origin/feat/M6.2-candidate-review'.
2026-10-02T07:59:46.1006572Z ##[endgroup]
2026-10-02T07:59:46.1056356Z [command]/usr/bin/git log -1 --format=%H
2026-10-02T07:59:46.1087038Z 1ad328d0d30c67030d7b62c5d712a37e9161a6aa
2026-10-02T07:59:46.1440723Z ##[group]Run actions/setup-node@820762786026740c76f36085b0efc47a31fe5020
2026-10-02T07:59:46.1441138Z with:
2026-10-02T07:59:46.1441344Z   node-version: 24.21.0
2026-10-02T07:59:46.1441564Z   cache: npm
2026-10-02T07:59:46.1441814Z   cache-dependency-path: apps/web/package-lock.json
2026-10-02T07:59:46.1442133Z   check-latest: false
2026-10-02T07:59:46.1445202Z   token: ***
2026-10-02T07:59:46.1445428Z   package-manager-cache: true
2026-10-02T07:59:46.1445671Z ##[endgroup]
2026-10-02T07:59:46.2692335Z Found in cache @ /opt/hostedtoolcache/node/24.21.0/x64
2026-10-02T07:59:46.2696253Z ##[group]Environment details
2026-10-02T07:59:46.7181417Z node: v24.21.0
2026-10-02T07:59:46.7181826Z npm: 11.19.0
2026-10-02T07:59:46.7182193Z yarn: 1.22.22
2026-10-02T07:59:46.7183233Z ##[endgroup]
2026-10-02T07:59:46.7201346Z [command]/opt/hostedtoolcache/node/24.21.0/x64/bin/npm config get cache
2026-10-02T07:59:46.8380592Z CI_RUNNER_HOME/.npm
2026-10-02T07:59:46.9320263Z Cache hit for: node-cache-Linux-x64-npm-88346c344be99637313526bac40be213d9ff7980d5ac890cfb906fdfb94cb22b
2026-10-02T07:59:47.5559262Z Received 75879028 of 75879028 (100.0%), 129.2 MBs/sec
2026-10-02T07:59:47.5560333Z Cache Size: ~72 MB (75879028 B)
2026-10-02T07:59:47.5622816Z [command]/usr/bin/tar -xf CI_RUNNER_HOME/work/_temp/a8b0ca8a-b6a9-4fb0-90d4-495625f7b83c/cache.tzst -P -C CI_RUNNER_HOME/work/Learning_Workbench/Learning_Workbench --use-compress-program unzstd
2026-10-02T07:59:47.7129224Z Cache restored successfully
2026-10-02T07:59:47.7171191Z Cache restored from key: node-cache-Linux-x64-npm-88346c344be99637313526bac40be213d9ff7980d5ac890cfb906fdfb94cb22b
2026-10-02T07:59:47.7332287Z ##[group]Run npm ci --prefix apps/web
2026-10-02T07:59:47.7332690Z [36;1mnpm ci --prefix apps/web[0m
2026-10-02T07:59:47.7637214Z shell: /usr/bin/bash -e {0}
2026-10-02T07:59:47.7637563Z ##[endgroup]
2026-10-02T07:59:54.0679840Z 
2026-10-02T07:59:54.0687377Z added 236 packages, and audited 237 packages in 6s
2026-10-02T07:59:54.0687842Z 
2026-10-02T07:59:54.0688147Z 118 packages are looking for funding
2026-10-02T07:59:54.0688649Z   run `npm fund` for details
2026-10-02T07:59:54.0705392Z 
2026-10-02T07:59:54.0705909Z 1 high severity vulnerability
2026-10-02T07:59:54.0706367Z 
2026-10-02T07:59:54.0706696Z To address all issues, run:
2026-10-02T07:59:54.0707333Z   npm audit fix
2026-10-02T07:59:54.0707638Z 
2026-10-02T07:59:54.0707830Z Run `npm audit` for details.
2026-10-02T07:59:54.1427302Z ##[group]Run npm --prefix apps/web run lint
2026-10-02T07:59:54.1427704Z [36;1mnpm --prefix apps/web run lint[0m
2026-10-02T07:59:54.1501270Z shell: /usr/bin/bash -e {0}
2026-10-02T07:59:54.1501592Z ##[endgroup]
2026-10-02T07:59:54.2517286Z 
2026-10-02T07:59:54.2518082Z > @learning-workbench/web@0.1.0 lint
2026-10-02T07:59:54.2518979Z > tsc --noEmit --noUnusedLocals --noUnusedParameters
2026-10-02T07:59:54.2519422Z 
2026-10-02T07:59:55.6535890Z ##[group]Run npm --prefix apps/web run typecheck
2026-10-02T07:59:55.6536531Z [36;1mnpm --prefix apps/web run typecheck[0m
2026-10-02T07:59:55.6621306Z shell: /usr/bin/bash -e {0}
2026-10-02T07:59:55.6621724Z ##[endgroup]
2026-10-02T07:59:55.7714589Z 
2026-10-02T07:59:55.7715817Z > @learning-workbench/web@0.1.0 typecheck
2026-10-02T07:59:55.7716461Z > tsc --noEmit
2026-10-02T07:59:55.7716682Z 
2026-10-02T07:59:57.0598967Z ##[group]Run npm --prefix apps/web run test
2026-10-02T07:59:57.0599350Z [36;1mnpm --prefix apps/web run test[0m
2026-10-02T07:59:57.0663576Z shell: /usr/bin/bash -e {0}
2026-10-02T07:59:57.0664131Z ##[endgroup]
2026-10-02T07:59:57.1677952Z 
2026-10-02T07:59:57.1678529Z > @learning-workbench/web@0.1.0 test
2026-10-02T07:59:57.1679123Z > vitest run
2026-10-02T07:59:57.1679299Z 
2026-10-02T07:59:57.4950784Z 
2026-10-02T07:59:57.4956912Z [1m[30m[46m RUN [49m[39m[22m [36mv5.0.0 [39m[90mCI_RUNNER_HOME/work/Learning_Workbench/Learning_Workbench/apps/web[39m
2026-10-02T07:59:57.4958110Z 
2026-10-02T07:59:59.8606351Z  [32m✓[39m src/features/draftReview/useReview.test.tsx [2m([22m[2m15 tests[22m[2m)[22m[33m 1047[2mms[22m[39m
2026-10-02T08:00:00.5875016Z  [32m✓[39m src/features/draftEditor/useDraftEditor.test.tsx [2m([22m[2m16 tests[22m[2m)[22m[33m 1763[2mms[22m[39m
2026-10-02T08:00:01.4730814Z  [32m✓[39m src/features/authoring/useAuthoringGroups.test.tsx [2m([22m[2m26 tests[22m[2m)[22m[33m 2640[2mms[22m[39m
2026-10-02T08:00:01.9239122Z  [32m✓[39m src/features/notes/useNoteDrafts.test.tsx [2m([22m[2m15 tests[22m[2m)[22m[33m 1303[2mms[22m[39m
2026-10-02T08:00:02.9173570Z  [32m✓[39m src/shared/createResponseDraftJournal.test.tsx [2m([22m[2m4 tests[22m[2m)[22m[33m 731[2mms[22m[39m
2026-10-02T08:00:03.1696157Z  [32m✓[39m src/features/recommendations/useDecisions.test.tsx [2m([22m[2m11 tests[22m[2m)[22m[33m 1850[2mms[22m[39m
2026-10-02T08:00:04.1311743Z  [32m✓[39m src/features/providers/providerSecret.test.tsx [2m([22m[2m14 tests[22m[2m)[22m[32m 178[2mms[22m[39m
2026-10-02T08:00:05.0188829Z  [32m✓[39m src/features/practice/usePracticeSession.test.tsx [2m([22m[2m6 tests[22m[2m)[22m[33m 2378[2mms[22m[39m
2026-10-02T08:00:05.0189926Z    [33m[2m✓[22m[39m same hook identity change does not rebind or auto-save unsent A responses to B[33m 862[2mms[22m[39m
2026-10-02T08:00:05.0191420Z    [33m[2m✓[22m[39m explicit keep-local after remote submission retains the draft without a response PUT[33m 693[2mms[22m[39m
2026-10-02T08:00:05.0193197Z    [33m[2m✓[22m[39m keyed unmount with PUT in flight keeps both sessions separate and recovers A on return[33m 302[2mms[22m[39m
2026-10-02T08:00:05.0671223Z  [32m✓[39m src/features/learning/useProfile.test.tsx [2m([22m[2m8 tests[22m[2m)[22m[33m 1364[2mms[22m[39m
2026-10-02T08:00:05.0674292Z    [33m[2m✓[22m[39m a late acknowledged old command cannot erase a newer durable profile candidate after policy resume[33m 318[2mms[22m[39m
2026-10-02T08:00:06.1068236Z  [32m✓[39m src/features/providers/providerCommands.test.tsx [2m([22m[2m9 tests[22m[2m)[22m[33m 1252[2mms[22m[39m
2026-10-02T08:00:06.4476283Z  [32m✓[39m src/features/authoring/useAuthoring.test.tsx [2m([22m[2m9 tests[22m[2m)[22m[33m 615[2mms[22m[39m
2026-10-02T08:00:06.9416047Z  [32m✓[39m src/features/tutor/useTutor.test.tsx [2m([22m[2m11 tests[22m[2m)[22m[33m 982[2mms[22m[39m
2026-10-02T08:00:07.9826054Z  [32m✓[39m src/features/reader/selection.test.ts [2m([22m[2m33 tests[22m[2m)[22m[32m 88[2mms[22m[39m
2026-10-02T08:00:08.5561797Z  [32m✓[39m src/features/draftPublication/usePublication.test.tsx [2m([22m[2m12 tests[22m[2m)[22m[33m 940[2mms[22m[39m
2026-10-02T08:00:11.0685669Z  [32m✓[39m src/features/draftReview/ReviewPanel.test.tsx [2m([22m[2m5 tests[22m[2m)[22m[33m 1912[2mms[22m[39m
2026-10-02T08:00:11.0725648Z    [33m[2m✓[22m[39m candidate creation and human rejection each require their own explicit intent and exact basis[33m 907[2mms[22m[39m
2026-10-02T08:00:11.0744951Z    [33m[2m✓[22m[39m unsubmitted reason survives rereading the same receipt and does not carry into a new revision[33m 473[2mms[22m[39m
2026-10-02T08:00:12.0802159Z  [32m✓[39m src/features/authoring/AuthoringPanel.test.tsx [2m([22m[2m1 test[22m[2m)[22m[33m 2379[2mms[22m[39m
2026-10-02T08:00:12.0826439Z    [33m[2m✓[22m[39m typed component flow prepares once, approves same Job, reads draft and declines a separate numeric preview without execution[33m 2377[2mms[22m[39m
2026-10-02T08:00:13.7562127Z  [32m✓[39m src/features/draftReview/ReviewImportShell.test.tsx [2m([22m[2m3 tests[22m[2m)[22m[33m 5237[2mms[22m[39m
2026-10-02T08:00:13.7564803Z    [33m[2m✓[22m[39m actual Import and Shell preserve review reason until explicit close without submitting import or review[33m 2229[2mms[22m[39m
2026-10-02T08:00:13.7567099Z    [33m[2m✓[22m[39m Import close stays blocked during the current publication ledger read and requires a new explicit enabled click[33m 1389[2mms[22m[39m
2026-10-02T08:00:13.7569355Z    [33m[2m✓[22m[39m actual Import and Shell merge publication confirmations into the existing close guard without issuing a write[33m 1617[2mms[22m[39m
2026-10-02T08:00:14.6169164Z  [32m✓[39m src/features/providers/ProviderSettings.test.tsx [2m([22m[2m7 tests[22m[2m)[22m[33m 1496[2mms[22m[39m
2026-10-02T08:00:14.6171141Z    [33m[2m✓[22m[39m config remains visibly separate from proof readiness and send needs a durable original command[33m 368[2mms[22m[39m
2026-10-02T08:00:14.6173293Z    [33m[2m✓[22m[39m reusable preview accepts a consumer-owned task but cannot manufacture a task or dispatch on approval[33m 479[2mms[22m[39m
2026-10-02T08:00:14.8607418Z  [32m✓[39m src/workbench/useWorkbenchRecovery.test.tsx [2m([22m[2m6 tests[22m[2m)[22m[33m 302[2mms[22m[39m
2026-10-02T08:00:15.4475227Z  [32m✓[39m src/features/draftEditor/DraftEditor.test.tsx [2m([22m[2m4 tests[22m[2m)[22m[33m 3136[2mms[22m[39m
2026-10-02T08:00:15.4486508Z    [33m[2m✓[22m[39m three-way title/body stay visible and each resolution choice plus confirmation is required before a new local baseline[33m 704[2mms[22m[39m
2026-10-02T08:00:15.4489261Z    [33m[2m✓[22m[39m an external open-book policy poll hides an already open editor without an access broadcast[33m 2011[2mms[22m[39m
2026-10-02T08:00:16.3895794Z  [32m✓[39m src/features/retrieval/useRetrieval.test.tsx [2m([22m[2m7 tests[22m[2m)[22m[33m 508[2mms[22m[39m
2026-10-02T08:00:17.2933125Z  [32m✓[39m src/features/authoring/authoringGroupCommands.test.ts [2m([22m[2m14 tests[22m[2m)[22m[32m 56[2mms[22m[39m
2026-10-02T08:00:17.4220018Z  [32m✓[39m src/features/recommendations/recommendations.test.tsx [2m([22m[2m8 tests[22m[2m)[22m[33m 970[2mms[22m[39m
2026-10-02T08:00:17.4222261Z    [33m[2m✓[22m[39m opening either real parent chain is explicit, preserves all full refs and does not accept the recommendation[33m 330[2mms[22m[39m
2026-10-02T08:00:18.5442089Z  [32m✓[39m src/features/authoring/useAuthoringObservation.test.tsx [2m([22m[2m6 tests[22m[2m)[22m[33m 427[2mms[22m[39m
2026-10-02T08:00:18.6203009Z  [32m✓[39m src/features/authoring/useAuthoringListOrder.test.tsx [2m([22m[2m5 tests[22m[2m)[22m[33m 408[2mms[22m[39m
2026-10-02T08:00:19.2940936Z  [32m✓[39m src/features/tutor/tutorObservation.test.ts [2m([22m[2m5 tests[22m[2m)[22m[32m 124[2mms[22m[39m
2026-10-02T08:00:19.3204229Z  [32m✓[39m src/features/reader/versionCompare/BlockVersionCompare.test.tsx [2m([22m[2m11 tests[22m[2m)[22m[33m 3820[2mms[22m[39m
2026-10-02T08:00:19.3206977Z    [33m[2m✓[22m[39m two explicit historical selections read exact bodies and survive panel closure and a changed current ref[33m 541[2mms[22m[39m
2026-10-02T08:00:19.3209091Z    [33m[2m✓[22m[39m already displayed bodies are cleared when a later current Policy read detects another profile test[33m 2098[2mms[22m[39m
2026-10-02T08:00:19.4034782Z  [32m✓[39m src/workbench/DraftStore.test.ts [2m([22m[2m9 tests[22m[2m)[22m[32m 130[2mms[22m[39m
2026-10-02T08:00:20.3039223Z  [32m✓[39m src/features/assessment/useWorkspacePolicy.test.tsx [2m([22m[2m10 tests[22m[2m)[22m[32m 65[2mms[22m[39m
2026-10-02T08:00:20.7713568Z  [32m✓[39m src/workbench/PreserveReaderViewport.test.tsx [2m([22m[2m11 tests[22m[2m)[22m[33m 387[2mms[22m[39m
2026-10-02T08:00:21.0189086Z  [32m✓[39m src/features/retrieval/RetrievalPanel.test.tsx [2m([22m[2m5 tests[22m[2m)[22m[33m 781[2mms[22m[39m
2026-10-02T08:00:21.0190920Z    [33m[2m✓[22m[39m visible no_match preserves its explicit result distinction without a rebuild[33m 373[2mms[22m[39m
2026-10-02T08:00:21.9071176Z  [32m✓[39m src/features/draftReview/reviewCommands.test.ts [2m([22m[2m6 tests[22m[2m)[22m[32m 28[2mms[22m[39m
2026-10-02T08:00:22.1294303Z  [32m✓[39m src/features/routes/RouteEditorDraftSequence.test.tsx [2m([22m[2m5 tests[22m[2m)[22m[33m 791[2mms[22m[39m
2026-10-02T08:00:22.1296360Z    [33m[2m✓[22m[39m real route input and conflict candidates survive own_save_first delivery[33m 373[2mms[22m[39m
2026-10-02T08:00:22.9236043Z  [32m✓[39m src/features/draftPublication/publicationCommands.test.ts [2m([22m[2m3 tests[22m[2m)[22m[32m 47[2mms[22m[39m
2026-10-02T08:00:22.9340955Z  [32m✓[39m src/features/grading/useGradingResult.test.tsx [2m([22m[2m6 tests[22m[2m)[22m[33m 1119[2mms[22m[39m
2026-10-02T08:00:22.9342930Z    [33m[2m✓[22m[39m reads the actual job and polls its actual needs-review outcome without turning null into zero[33m 762[2mms[22m[39m
2026-10-02T08:00:23.4991232Z  [32m✓[39m src/features/routes/RouteEditor.test.tsx [2m([22m[2m2 tests[22m[2m)[22m[33m 752[2mms[22m[39m
2026-10-02T08:00:23.5017193Z    [33m[2m✓[22m[39m a route command in flight through an access change can recover its actual receipt after policy resumes[33m 507[2mms[22m[39m
2026-10-02T08:00:23.8836046Z  [32m✓[39m src/features/retrieval/retrievalModel.test.ts [2m([22m[2m4 tests[22m[2m)[22m[32m 29[2mms[22m[39m
2026-10-02T08:00:24.4576044Z  [32m✓[39m src/features/retrieval/retrievalCommands.test.ts [2m([22m[2m6 tests[22m[2m)[22m[32m 66[2mms[22m[39m
2026-10-02T08:00:24.6217466Z  [32m✓[39m src/features/grading/AssessmentResultRecovery.test.tsx [2m([22m[2m2 tests[22m[2m)[22m[33m 728[2mms[22m[39m
2026-10-02T08:00:24.6220160Z    [33m[2m✓[22m[39m a failed regrade retains the real previous score and allows a new explicit command with its grading revision[33m 529[2mms[22m[39m
2026-10-02T08:00:24.7695832Z  [32m✓[39m src/workbench/model.test.ts [2m([22m[2m9 tests[22m[2m)[22m[32m 20[2mms[22m[39m
2026-10-02T08:00:25.3023464Z  [32m✓[39m src/features/providers/providerClient.test.ts [2m([22m[2m2 tests[22m[2m)[22m[32m 18[2mms[22m[39m
2026-10-02T08:00:25.4990366Z  [32m✓[39m src/features/assessment/assessmentClient.test.ts [2m([22m[2m4 tests[22m[2m)[22m[32m 10[2mms[22m[39m
2026-10-02T08:00:25.6144697Z  [32m✓[39m src/features/authoring/authoringObservation.test.ts [2m([22m[2m5 tests[22m[2m)[22m[32m 24[2mms[22m[39m
2026-10-02T08:00:26.2156364Z  [32m✓[39m src/features/recommendations/useRecommendationNavigation.test.tsx [2m([22m[2m8 tests[22m[2m)[22m[32m 47[2mms[22m[39m
2026-10-02T08:00:26.5473967Z  [32m✓[39m src/features/draftReview/reviewClient.test.ts [2m([22m[2m2 tests[22m[2m)[22m[32m 20[2mms[22m[39m
2026-10-02T08:00:26.8196319Z  [32m✓[39m src/features/tutor/practiceAssistance.test.tsx [2m([22m[2m1 test[22m[2m)[22m[33m 351[2mms[22m[39m
2026-10-02T08:00:26.8235990Z    [33m[2m✓[22m[39m shows the actual per-question AI help fact without converting it into hint level 3 or released solution[33m 349[2mms[22m[39m
2026-10-02T08:00:27.4517491Z  [32m✓[39m src/features/reader/versionCompare/compareClient.test.ts [2m([22m[2m12 tests[22m[2m)[22m[32m 28[2mms[22m[39m
2026-10-02T08:00:27.6871797Z  [32m✓[39m src/features/tutor/useTutorObservation.test.tsx [2m([22m[2m2 tests[22m[2m)[22m[33m 421[2mms[22m[39m
2026-10-02T08:00:27.6874375Z    [33m[2m✓[22m[39m binds accepted read to actual DOM, and rejects late delivery after scope change (false)[33m 344[2mms[22m[39m
2026-10-02T08:00:28.2992107Z  [32m✓[39m src/features/learning/conceptModel.test.ts [2m([22m[2m4 tests[22m[2m)[22m[32m 9[2mms[22m[39m
2026-10-02T08:00:28.3316011Z  [32m✓[39m src/features/tutor/TutorControls.test.tsx [2m([22m[2m3 tests[22m[2m)[22m[33m 437[2mms[22m[39m
2026-10-02T08:00:28.3318070Z    [33m[2m✓[22m[39m releases an old pending control read on workspace change and never displays its private fields[32m 300[2mms[22m[39m
2026-10-02T08:00:28.9856393Z  [32m✓[39m src/features/tutor/TutorEvidence.test.tsx [2m([22m[2m3 tests[22m[2m)[22m[33m 338[2mms[22m[39m
2026-10-02T08:00:29.5998795Z  [32m✓[39m src/features/review/GradingHistory.test.tsx [2m([22m[2m3 tests[22m[2m)[22m[33m 328[2mms[22m[39m
2026-10-02T08:00:29.9016514Z  [32m✓[39m src/features/assessment/target.test.ts [2m([22m[2m5 tests[22m[2m)[22m[32m 20[2mms[22m[39m
2026-10-02T08:00:30.5253404Z  [32m✓[39m src/features/tutor/tutorState.test.ts [2m([22m[2m4 tests[22m[2m)[22m[32m 8[2mms[22m[39m
2026-10-02T08:00:30.5396035Z  [32m✓[39m src/features/authoring/AuthoringShellAdmission.test.tsx [2m([22m[2m2 tests[22m[2m)[22m[33m 998[2mms[22m[39m
2026-10-02T08:00:30.5398792Z    [33m[2m✓[22m[39m Shell unknown Policy still exposes actual safe Authoring cancellation[33m 659[2mms[22m[39m
2026-10-02T08:00:30.5427577Z    [33m[2m✓[22m[39m Shell independent Policy still exposes actual safe Authoring cancellation[33m 336[2mms[22m[39m
2026-10-02T08:00:30.7429549Z  [32m✓[39m src/features/learning/profileDrafts.test.ts [2m([22m[2m4 tests[22m[2m)[22m[32m 13[2mms[22m[39m
2026-10-02T08:00:31.4828514Z  [32m✓[39m src/features/assessment/assessmentDrafts.test.ts [2m([22m[2m14 tests[22m[2m)[22m[32m 11[2mms[22m[39m
2026-10-02T08:00:31.5280211Z  [32m✓[39m src/features/tutor/tutorCommands.test.ts [2m([22m[2m4 tests[22m[2m)[22m[32m 36[2mms[22m[39m
2026-10-02T08:00:31.7331742Z  [32m✓[39m src/features/providers/providerReads.test.tsx [2m([22m[2m3 tests[22m[2m)[22m[32m 210[2mms[22m[39m
2026-10-02T08:00:32.2176079Z  [32m✓[39m src/features/imports/recovery.test.ts [2m([22m[2m12 tests[22m[2m)[22m[32m 24[2mms[22m[39m
2026-10-02T08:00:32.3658590Z  [32m✓[39m src/features/draftPublication/publicationClient.test.ts [2m([22m[2m2 tests[22m[2m)[22m[32m 20[2mms[22m[39m
2026-10-02T08:00:33.0298351Z  [32m✓[39m src/features/authoring/NumericCheckPanel.test.tsx [2m([22m[2m2 tests[22m[2m)[22m[33m 329[2mms[22m[39m
2026-10-02T08:00:33.5250964Z  [32m✓[39m src/features/authoring/authoringOwnerBoundary.test.tsx [2m([22m[2m1 test[22m[2m)[22m[32m 188[2mms[22m[39m
2026-10-02T08:00:33.7385430Z  [32m✓[39m src/features/grading/reviewDrafts.test.ts [2m([22m[2m5 tests[22m[2m)[22m[32m 11[2mms[22m[39m
2026-10-02T08:00:33.8350353Z  [32m✓[39m src/features/draftPublication/PublicationPanel.test.tsx [2m([22m[2m1 test[22m[2m)[22m[33m 444[2mms[22m[39m
2026-10-02T08:00:33.8365910Z    [33m[2m✓[22m[39m each warning instance needs explicit confirmation before deduplicating codes in the real four-field command[33m 442[2mms[22m[39m
2026-10-02T08:00:34.3783146Z  [32m✓[39m src/features/practice/practiceDrafts.test.ts [2m([22m[2m11 tests[22m[2m)[22m[32m 18[2mms[22m[39m
2026-10-02T08:00:34.5973480Z  [32m✓[39m src/features/grading/gradingModel.test.ts [2m([22m[2m9 tests[22m[2m)[22m[32m 13[2mms[22m[39m
2026-10-02T08:00:35.0808653Z  [32m✓[39m src/features/review/reviewModel.test.ts [2m([22m[2m4 tests[22m[2m)[22m[32m 12[2mms[22m[39m
2026-10-02T08:00:35.2273377Z  [32m✓[39m src/features/review/ReviewMaterialLinks.test.tsx [2m([22m[2m2 tests[22m[2m)[22m[33m 406[2mms[22m[39m
2026-10-02T08:00:35.8936363Z  [32m✓[39m src/features/notes/noteDrafts.test.ts [2m([22m[2m8 tests[22m[2m)[22m[32m 15[2mms[22m[39m
2026-10-02T08:00:35.9983143Z  [32m✓[39m src/workbench/DraftConflictPreview.test.tsx [2m([22m[2m3 tests[22m[2m)[22m[33m 449[2mms[22m[39m
2026-10-02T08:00:35.9985549Z    [32m✓[39m draft conflict preview [2m(3)[22m
2026-10-02T08:00:35.9990741Z      [33m[2m✓[22m[39m shows the actual stored text separately from the current page and original base[33m 308[2mms[22m[39m
2026-10-02T08:00:36.1074990Z  [32m✓[39m src/features/practice/target.test.ts [2m([22m[2m3 tests[22m[2m)[22m[32m 22[2mms[22m[39m
2026-10-02T08:00:36.7846841Z  [32m✓[39m src/features/imports/encoding.test.ts [2m([22m[2m9 tests[22m[2m)[22m[32m 11[2mms[22m[39m
2026-10-02T08:00:37.1316079Z  [32m✓[39m src/features/imports/SourceProvenance.test.tsx [2m([22m[2m4 tests[22m[2m)[22m[32m 56[2mms[22m[39m
2026-10-02T08:00:37.1617510Z  [32m✓[39m src/features/imports/FailedOriginal.test.tsx [2m([22m[2m3 tests[22m[2m)[22m[33m 385[2mms[22m[39m
2026-10-02T08:00:37.9499273Z  [32m✓[39m src/features/recommendations/recommendationClient.test.ts [2m([22m[2m2 tests[22m[2m)[22m[32m 10[2mms[22m[39m
2026-10-02T08:00:38.0796162Z  [32m✓[39m src/features/imports/UploadForm.test.tsx [2m([22m[2m3 tests[22m[2m)[22m[33m 329[2mms[22m[39m
2026-10-02T08:00:38.3202032Z  [32m✓[39m src/features/authoring/AuthoringPanelLifecycle.test.tsx [2m([22m[2m1 test[22m[2m)[22m[32m 64[2mms[22m[39m
2026-10-02T08:00:38.7716123Z  [32m✓[39m src/features/reader/navigation.test.ts [2m([22m[2m4 tests[22m[2m)[22m[32m 19[2mms[22m[39m
2026-10-02T08:00:38.9001429Z  [32m✓[39m src/features/routes/routeDrafts.test.ts [2m([22m[2m2 tests[22m[2m)[22m[32m 8[2mms[22m[39m
2026-10-02T08:00:39.2075744Z  [32m✓[39m src/features/authoring/authoringClient.test.ts [2m([22m[2m1 test[22m[2m)[22m[32m 14[2mms[22m[39m
2026-10-02T08:00:39.7375844Z  [32m✓[39m src/workbench/selectionMerge.test.ts [2m([22m[2m3 tests[22m[2m)[22m[32m 6[2mms[22m[39m
2026-10-02T08:00:39.9470541Z  [32m✓[39m src/features/authoring/AuthoringControlList.test.tsx [2m([22m[2m1 test[22m[2m)[22m[32m 221[2mms[22m[39m
2026-10-02T08:00:40.5086976Z  [32m✓[39m src/features/grading/GradingSummary.test.tsx [2m([22m[2m2 tests[22m[2m)[22m[33m 400[2mms[22m[39m
2026-10-02T08:00:40.5089900Z    [33m[2m✓[22m[39m pending score is displayed as unknown rather than zero or a mastery claim[33m 341[2mms[22m[39m
2026-10-02T08:00:40.5787126Z  [32m✓[39m src/features/grading/useGradingReview.test.ts [2m([22m[2m11 tests[22m[2m)[22m[32m 10[2mms[22m[39m
2026-10-02T08:00:40.8406035Z  [32m✓[39m src/features/draftEditor/editClient.test.ts [2m([22m[2m4 tests[22m[2m)[22m[32m 18[2mms[22m[39m
2026-10-02T08:00:41.3715171Z  [32m✓[39m src/features/routes/completionDrafts.test.ts [2m([22m[2m2 tests[22m[2m)[22m[32m 5[2mms[22m[39m
2026-10-02T08:00:41.7200956Z  [32m✓[39m src/features/routes/target.test.ts [2m([22m[2m2 tests[22m[2m)[22m[32m 10[2mms[22m[39m
2026-10-02T08:00:42.0990208Z  [32m✓[39m src/shared/Markdown.test.tsx [2m([22m[2m3 tests[22m[2m)[22m[32m 135[2mms[22m[39m
2026-10-02T08:00:42.2222745Z  [32m✓[39m src/features/fixture.test.ts [2m([22m[2m2 tests[22m[2m)[22m[32m 30[2mms[22m[39m
2026-10-02T08:00:42.8655631Z  [32m✓[39m src/features/retrieval/retrievalContext.test.ts [2m([22m[2m1 test[22m[2m)[22m[32m 4[2mms[22m[39m
2026-10-02T08:00:43.0041474Z  [32m✓[39m src/features/review/SubmittedResponse.test.tsx [2m([22m[2m1 test[22m[2m)[22m[33m 337[2mms[22m[39m
2026-10-02T08:00:43.0051689Z    [33m[2m✓[22m[39m renders the frozen submitted answer and original Unicode steps as inert text, with no editable response control[33m 336[2mms[22m[39m
2026-10-02T08:00:43.3623384Z  [32m✓[39m src/features/imports/ReviewWarnings.test.tsx [2m([22m[2m2 tests[22m[2m)[22m[32m 250[2mms[22m[39m
2026-10-02T08:00:43.5407497Z  [32m✓[39m src/features/reader/versionCompare/boundedDiff.test.ts [2m([22m[2m2 tests[22m[2m)[22m[32m 4[2mms[22m[39m
2026-10-02T08:00:43.5462945Z 
2026-10-02T08:00:43.5471141Z [2m Test Files [22m [1m[32m94 passed[39m[22m[90m (94)[39m
2026-10-02T08:00:43.5478158Z [2m      Tests [22m [1m[32m562 passed[39m[22m[90m (562)[39m
2026-10-02T08:00:43.5479035Z [2m   Start at [22m 07:59:57
2026-10-02T08:00:43.5482406Z [2m   Duration [22m 46.03s[2m (environment 47%, tests 41%, import 9%, transform 3%)[22m
2026-10-02T08:00:43.5490432Z 
2026-10-02T08:00:43.5492114Z [2mEnvironment [22m [33mjsdom was created 94 times[39m[2m · 58.00s total, 47% of tracked time[22m
2026-10-02T08:00:43.5494376Z [2m            [22m [2mcreate it once per worker with [22m[33mpool: 'vmThreads'[39m[2m (keeps per-file isolation) or [22m[33misolate: false[39m[2m (shares it across files)[22m
2026-10-02T08:00:43.5496344Z [2m            [22m [2mlearn more: https://vitest.dev/guide/improving-performance#test-environments[22m
2026-10-02T08:00:43.5497008Z 
2026-10-02T08:00:43.6199353Z ##[group]Run make build
2026-10-02T08:00:43.6199643Z [36;1mmake build[0m
2026-10-02T08:00:43.6263389Z shell: /usr/bin/bash -e {0}
2026-10-02T08:00:43.6263666Z ##[endgroup]
2026-10-02T08:00:43.6381540Z bash scripts/node.sh npm --prefix apps/web run build
2026-10-02T08:00:43.7466709Z 
2026-10-02T08:00:43.7467364Z > @learning-workbench/web@0.1.0 build
2026-10-02T08:00:43.7467826Z > tsc --noEmit && vite build
2026-10-02T08:00:43.7468032Z 
2026-10-02T08:00:45.2421681Z [36mvite v8.3.0 [32mbuilding client environment for production...[36m[39m
2026-10-02T08:00:45.2531267Z transforming...
2026-10-02T08:00:45.4717421Z ✓ 766 modules transformed.
2026-10-02T08:00:45.5689318Z rendering chunks...
2026-10-02T08:00:45.7301088Z computing gzip size...
2026-10-02T08:00:45.7750810Z dist/index.html                       0.41 kB │ gzip:     0.32 kB
2026-10-02T08:00:45.7751997Z dist/assets/index-vG7Sar1S.css       43.05 kB │ gzip:     8.88 kB
2026-10-02T08:00:45.7753081Z dist/assets/index-DYn2T3FL.js     1,374.98 kB │ gzip:   302.88 kB
2026-10-02T08:00:45.7754608Z dist/assets/Markdown-Ctdv4Ycw.js  2,939.32 kB │ gzip: 1,098.70 kB
2026-10-02T08:00:45.7755326Z 
2026-10-02T08:00:45.7755698Z [32m✓ built in 532ms[39m
2026-10-02T08:00:45.7761763Z [33m[plugin builtin:vite-reporter] 
2026-10-02T08:00:45.7762389Z (!) Some chunks are larger than 500 kB after minification. Consider:
2026-10-02T08:00:45.7763253Z - Using dynamic import() to code-split the application
2026-10-02T08:00:45.7764916Z - Use build.rolldownOptions.output.codeSplitting to improve chunking: https://rolldown.rs/reference/OutputOptions.codeSplitting
2026-10-02T08:00:45.7766381Z - Adjust chunk size limit for this warning via build.chunkSizeWarningLimit.[39m
2026-10-02T08:00:45.8225114Z Post job cleanup.
2026-10-02T08:00:45.9333086Z Cache hit occurred on the primary key node-cache-Linux-x64-npm-88346c344be99637313526bac40be213d9ff7980d5ac890cfb906fdfb94cb22b, not saving cache.
2026-10-02T08:00:45.9487115Z Post job cleanup.
2026-10-02T08:00:46.0374823Z [command]/usr/bin/git version
2026-10-02T08:00:46.0433339Z git version 2.55.0
2026-10-02T08:00:46.0471639Z Temporarily overriding HOME='CI_RUNNER_HOME/work/_temp/580f42ea-be46-4333-b508-2fc97ee97c9f' before making global git config changes
2026-10-02T08:00:46.0473189Z Adding repository directory to the temporary git global config as a safe directory
2026-10-02T08:00:46.0477216Z [command]/usr/bin/git config --global --add safe.directory CI_RUNNER_HOME/work/Learning_Workbench/Learning_Workbench
2026-10-02T08:00:46.0511966Z Removing SSH command configuration
2026-10-02T08:00:46.0519223Z [command]/usr/bin/git config --local --name-only --get-regexp core\.sshCommand
2026-10-02T08:00:46.0561042Z [command]/usr/bin/git submodule foreach --recursive sh -c "git config --local --name-only --get-regexp 'core\.sshCommand' && git config --local --unset-all 'core.sshCommand' || :"
2026-10-02T08:00:46.0833491Z Removing HTTP extra header
2026-10-02T08:00:46.0841490Z [command]/usr/bin/git config --local --name-only --get-regexp http\.https\:\/\/github\.com\/\.extraheader
2026-10-02T08:00:46.0898209Z [command]/usr/bin/git submodule foreach --recursive sh -c "git config --local --name-only --get-regexp 'http\.https\:\/\/github\.com\/\.extraheader' && git config --local --unset-all 'http.https://github.com/.extraheader' || :"
2026-10-02T08:00:46.1175778Z Removing includeIf entries pointing to credentials config files
2026-10-02T08:00:46.1182316Z [command]/usr/bin/git config --local --name-only --get-regexp ^includeIf\.gitdir:
2026-10-02T08:00:46.1218261Z includeif.gitdir:CI_RUNNER_HOME/work/Learning_Workbench/Learning_Workbench/.git.path
2026-10-02T08:00:46.1219797Z includeif.gitdir:CI_RUNNER_HOME/work/Learning_Workbench/Learning_Workbench/.git/worktrees/*.path
2026-10-02T08:00:46.1221089Z includeif.gitdir:/github/workspace/.git.path
2026-10-02T08:00:46.1222118Z includeif.gitdir:/github/workspace/.git/worktrees/*.path
2026-10-02T08:00:46.1228380Z [command]/usr/bin/git config --local --get-all includeif.gitdir:CI_RUNNER_HOME/work/Learning_Workbench/Learning_Workbench/.git.path
2026-10-02T08:00:46.1261815Z CI_RUNNER_HOME/work/_temp/git-credentials-d4c99c0d-9fc5-4858-9aa0-851a7e5819d7.config
2026-10-02T08:00:46.1281934Z [command]/usr/bin/git config --local --unset includeif.gitdir:CI_RUNNER_HOME/work/Learning_Workbench/Learning_Workbench/.git.path \/home\/runner\/work\/_temp\/git\-credentials\-d4c99c0d\-9fc5\-4858\-9aa0\-851a7e5819d7\.config
2026-10-02T08:00:46.1320784Z [command]/usr/bin/git config --local --get-all includeif.gitdir:CI_RUNNER_HOME/work/Learning_Workbench/Learning_Workbench/.git/worktrees/*.path
2026-10-02T08:00:46.1365209Z CI_RUNNER_HOME/work/_temp/git-credentials-d4c99c0d-9fc5-4858-9aa0-851a7e5819d7.config
2026-10-02T08:00:46.1375246Z [command]/usr/bin/git config --local --unset includeif.gitdir:CI_RUNNER_HOME/work/Learning_Workbench/Learning_Workbench/.git/worktrees/*.path \/home\/runner\/work\/_temp\/git\-credentials\-d4c99c0d\-9fc5\-4858\-9aa0\-851a7e5819d7\.config
2026-10-02T08:00:46.1422533Z [command]/usr/bin/git config --local --get-all includeif.gitdir:/github/workspace/.git.path
2026-10-02T08:00:46.1451196Z /github/runner_temp/git-credentials-d4c99c0d-9fc5-4858-9aa0-851a7e5819d7.config
2026-10-02T08:00:46.1458695Z [command]/usr/bin/git config --local --unset includeif.gitdir:/github/workspace/.git.path \/github\/runner_temp\/git\-credentials\-d4c99c0d\-9fc5\-4858\-9aa0\-851a7e5819d7\.config
2026-10-02T08:00:46.1495930Z [command]/usr/bin/git config --local --get-all includeif.gitdir:/github/workspace/.git/worktrees/*.path
2026-10-02T08:00:46.1522706Z /github/runner_temp/git-credentials-d4c99c0d-9fc5-4858-9aa0-851a7e5819d7.config
2026-10-02T08:00:46.1534107Z [command]/usr/bin/git config --local --unset includeif.gitdir:/github/workspace/.git/worktrees/*.path \/github\/runner_temp\/git\-credentials\-d4c99c0d\-9fc5\-4858\-9aa0\-851a7e5819d7\.config
2026-10-02T08:00:46.1576788Z [command]/usr/bin/git submodule foreach --recursive git config --local --show-origin --name-only --get-regexp remote.origin.url
2026-10-02T08:00:46.1824139Z Removing credentials config 'CI_RUNNER_HOME/work/_temp/git-credentials-d4c99c0d-9fc5-4858-9aa0-851a7e5819d7.config'
2026-10-02T08:00:46.1975361Z Cleaning up orphan processes
