2026-10-02T08:00:03.1979330Z Current runner version: '2.337.0'
2026-10-02T08:00:03.2011000Z ##[group]Runner Image Provisioner
2026-10-02T08:00:03.2012412Z Hosted Compute Agent
2026-10-02T08:00:03.2013405Z Version: 20260901.588
2026-10-02T08:00:03.2014603Z Commit: f88ec8081b781fac6c440065ac7ff9e710ce3d0b
2026-10-02T08:00:03.2015971Z Build Date: 2026-09-01T19:56:44Z
2026-10-02T08:00:03.2017159Z Worker ID: {2c2c8beb-0f13-41c3-9b29-5113d47ac1d9}
2026-10-02T08:00:03.2018607Z Azure Region: eastus2
2026-10-02T08:00:03.2019608Z ##[endgroup]
2026-10-02T08:00:03.2021943Z ##[group]Operating System
2026-10-02T08:00:03.2022936Z Ubuntu
2026-10-02T08:00:03.2023910Z 26.04.1
2026-10-02T08:00:03.2024721Z LTS
2026-10-02T08:00:03.2025627Z ##[endgroup]
2026-10-02T08:00:03.2026549Z ##[group]Runner Image
2026-10-02T08:00:03.2027469Z Image: ubuntu-26.04
2026-10-02T08:00:03.2028752Z Version: 20260927.149.1
2026-10-02T08:00:03.2030832Z Included Software: https://github.com/actions/runner-images/blob/ubuntu26/20260927.149/images/ubuntu/Ubuntu2604-Readme.md
2026-10-02T08:00:03.2033439Z Image Release: https://github.com/actions/runner-images/releases/tag/ubuntu26%2F20260927.149
2026-10-02T08:00:03.2035160Z ##[endgroup]
2026-10-02T08:00:03.2036878Z ##[group]GITHUB_TOKEN Permissions
2026-10-02T08:00:03.2039609Z Contents: read
2026-10-02T08:00:03.2040503Z Metadata: read
2026-10-02T08:00:03.2041633Z ##[endgroup]
2026-10-02T08:00:03.2044386Z Secret source: Actions
2026-10-02T08:00:03.2045857Z Cache mode: write
2026-10-02T08:00:03.2046918Z Prepare workflow directory
2026-10-02T08:00:03.2505922Z Prepare all required actions
2026-10-02T08:00:03.2573601Z Getting action download info
2026-10-02T08:00:03.4587690Z Download action repository 'actions/checkout@3d3c42e5aac5ba805825da76410c181273ba90b1' (SHA:3d3c42e5aac5ba805825da76410c181273ba90b1)
2026-10-02T08:00:03.5415572Z Download action repository 'actions/setup-python@5fda3b95a4ea91299a34e894583c3862153e4b97' (SHA:5fda3b95a4ea91299a34e894583c3862153e4b97)
2026-10-02T08:00:03.6918437Z Complete job name: backend
2026-10-02T08:00:03.7637515Z ##[group]Run actions/checkout@3d3c42e5aac5ba805825da76410c181273ba90b1
2026-10-02T08:00:03.7638735Z with:
2026-10-02T08:00:03.7639171Z   repository: kl3574/Learning_Workbench
2026-10-02T08:00:03.7642695Z   token: ***
2026-10-02T08:00:03.7643109Z   ssh-strict: true
2026-10-02T08:00:03.7643533Z   ssh-user: git
2026-10-02T08:00:03.7643954Z   persist-credentials: true
2026-10-02T08:00:03.7644423Z   clean: true
2026-10-02T08:00:03.7644845Z   sparse-checkout-cone-mode: true
2026-10-02T08:00:03.7645336Z   fetch-depth: 1
2026-10-02T08:00:03.7645748Z   fetch-tags: false
2026-10-02T08:00:03.7646175Z   show-progress: true
2026-10-02T08:00:03.7646604Z   lfs: false
2026-10-02T08:00:03.7647008Z   submodules: false
2026-10-02T08:00:03.7647437Z   set-safe-directory: true
2026-10-02T08:00:03.7648074Z   allow-unsafe-pr-checkout: false
2026-10-02T08:00:03.7648807Z ##[endgroup]
2026-10-02T08:00:03.8610012Z Syncing repository: kl3574/Learning_Workbench
2026-10-02T08:00:03.8612446Z ##[group]Getting Git version info
2026-10-02T08:00:03.8613701Z Working directory is 'CI_RUNNER_HOME/work/Learning_Workbench/Learning_Workbench'
2026-10-02T08:00:03.8615402Z [command]/usr/bin/git version
2026-10-02T08:00:03.8645480Z git version 2.55.0
2026-10-02T08:00:03.8665404Z ##[endgroup]
2026-10-02T08:00:03.8675334Z Temporarily overriding HOME='CI_RUNNER_HOME/work/_temp/494282e1-27d3-4a8f-8353-1a1e7eb4e302' before making global git config changes
2026-10-02T08:00:03.8677534Z Adding repository directory to the temporary git global config as a safe directory
2026-10-02T08:00:03.8680002Z [command]/usr/bin/git config --global --add safe.directory CI_RUNNER_HOME/work/Learning_Workbench/Learning_Workbench
2026-10-02T08:00:03.8735230Z Deleting the contents of 'CI_RUNNER_HOME/work/Learning_Workbench/Learning_Workbench'
2026-10-02T08:00:03.8738725Z ##[group]Determining repository object format
2026-10-02T08:00:03.8740085Z ##[endgroup]
2026-10-02T08:00:03.8741309Z ##[group]Initializing the repository
2026-10-02T08:00:03.8743966Z [command]/usr/bin/git init CI_RUNNER_HOME/work/Learning_Workbench/Learning_Workbench
2026-10-02T08:00:03.8852541Z hint: Using 'master' as the name for the initial branch. This default branch name
2026-10-02T08:00:03.8854313Z hint: will change to "main" in Git 3.0. To configure the initial branch name
2026-10-02T08:00:03.8855721Z hint: to use in all of your new repositories, which will suppress this warning,
2026-10-02T08:00:03.8856847Z hint: call:
2026-10-02T08:00:03.8857488Z hint:
2026-10-02T08:00:03.8858510Z hint: 	git config --global init.defaultBranch <name>
2026-10-02T08:00:03.8859533Z hint:
2026-10-02T08:00:03.8860437Z hint: Names commonly chosen instead of 'master' are 'main', 'trunk' and
2026-10-02T08:00:03.8861837Z hint: 'development'. The just-created branch can be renamed via this command:
2026-10-02T08:00:03.8862970Z hint:
2026-10-02T08:00:03.8863603Z hint: 	git branch -m <name>
2026-10-02T08:00:03.8864336Z hint:
2026-10-02T08:00:03.8865378Z hint: Disable this message with "git config set advice.defaultBranchName false"
2026-10-02T08:00:03.8867173Z Initialized empty Git repository in CI_RUNNER_HOME/work/Learning_Workbench/Learning_Workbench/.git/
2026-10-02T08:00:03.8870078Z [command]/usr/bin/git remote add origin https://github.com/kl3574/Learning_Workbench
2026-10-02T08:00:03.8918201Z ##[endgroup]
2026-10-02T08:00:03.8918988Z ##[group]Disabling automatic garbage collection
2026-10-02T08:00:03.8919694Z [command]/usr/bin/git config --local gc.auto 0
2026-10-02T08:00:03.8955633Z ##[endgroup]
2026-10-02T08:00:03.8956828Z ##[group]Setting up auth
2026-10-02T08:00:03.8961888Z Removing SSH command configuration
2026-10-02T08:00:03.8969887Z [command]/usr/bin/git config --local --name-only --get-regexp core\.sshCommand
2026-10-02T08:00:03.8995271Z [command]/usr/bin/git submodule foreach --recursive sh -c "git config --local --name-only --get-regexp 'core\.sshCommand' && git config --local --unset-all 'core.sshCommand' || :"
2026-10-02T08:00:03.9409894Z Removing HTTP extra header
2026-10-02T08:00:03.9416659Z [command]/usr/bin/git config --local --name-only --get-regexp http\.https\:\/\/github\.com\/\.extraheader
2026-10-02T08:00:03.9451015Z [command]/usr/bin/git submodule foreach --recursive sh -c "git config --local --name-only --get-regexp 'http\.https\:\/\/github\.com\/\.extraheader' && git config --local --unset-all 'http.https://github.com/.extraheader' || :"
2026-10-02T08:00:03.9700343Z Removing includeIf entries pointing to credentials config files
2026-10-02T08:00:03.9704947Z [command]/usr/bin/git config --local --name-only --get-regexp ^includeIf\.gitdir:
2026-10-02T08:00:03.9742457Z [command]/usr/bin/git submodule foreach --recursive git config --local --show-origin --name-only --get-regexp remote.origin.url
2026-10-02T08:00:03.9994972Z [command]/usr/bin/git config --file CI_RUNNER_HOME/work/_temp/git-credentials-cc25a4fa-732b-40d3-a9f3-a85b123f48e4.config http.https://github.com/.extraheader AUTHORIZATION: basic ***
2026-10-02T08:00:04.0032280Z [command]/usr/bin/git config --local includeIf.gitdir:CI_RUNNER_HOME/work/Learning_Workbench/Learning_Workbench/.git.path CI_RUNNER_HOME/work/_temp/git-credentials-cc25a4fa-732b-40d3-a9f3-a85b123f48e4.config
2026-10-02T08:00:04.0064486Z [command]/usr/bin/git config --local includeIf.gitdir:CI_RUNNER_HOME/work/Learning_Workbench/Learning_Workbench/.git/worktrees/*.path CI_RUNNER_HOME/work/_temp/git-credentials-cc25a4fa-732b-40d3-a9f3-a85b123f48e4.config
2026-10-02T08:00:04.0099497Z [command]/usr/bin/git config --local includeIf.gitdir:/github/workspace/.git.path /github/runner_temp/git-credentials-cc25a4fa-732b-40d3-a9f3-a85b123f48e4.config
2026-10-02T08:00:04.0132102Z [command]/usr/bin/git config --local includeIf.gitdir:/github/workspace/.git/worktrees/*.path /github/runner_temp/git-credentials-cc25a4fa-732b-40d3-a9f3-a85b123f48e4.config
2026-10-02T08:00:04.0158763Z ##[endgroup]
2026-10-02T08:00:04.0160087Z ##[group]Fetching the repository
2026-10-02T08:00:04.0165800Z [command]/usr/bin/git -c protocol.version=2 fetch --no-tags --prune --no-recurse-submodules --depth=1 origin +a92c0b8f8695033899e8670ab5c152ff72e2ed94:refs/remotes/pull/55/merge
2026-10-02T08:00:06.0686258Z From https://github.com/kl3574/Learning_Workbench
2026-10-02T08:00:06.0688294Z  * [new ref]         a92c0b8f8695033899e8670ab5c152ff72e2ed94 -> pull/55/merge
2026-10-02T08:00:06.0692320Z ##[endgroup]
2026-10-02T08:00:06.0693472Z ##[group]Determining the checkout info
2026-10-02T08:00:06.0694689Z ##[endgroup]
2026-10-02T08:00:06.0696113Z [command]/usr/bin/git sparse-checkout disable
2026-10-02T08:00:06.0746241Z [command]/usr/bin/git config --local --unset-all extensions.worktreeConfig
2026-10-02T08:00:06.0775107Z ##[group]Checking out the ref
2026-10-02T08:00:06.0778496Z [command]/usr/bin/git checkout --progress --force refs/remotes/pull/55/merge
2026-10-02T08:00:07.0966197Z Updating files:  79% (11027/13811)
2026-10-02T08:00:07.1084848Z Updating files:  80% (11049/13811)
2026-10-02T08:00:07.1270014Z Updating files:  81% (11187/13811)
2026-10-02T08:00:07.1448803Z Updating files:  82% (11326/13811)
2026-10-02T08:00:07.1588477Z Updating files:  83% (11464/13811)
2026-10-02T08:00:07.1715598Z Updating files:  84% (11602/13811)
2026-10-02T08:00:07.1801995Z Updating files:  85% (11740/13811)
2026-10-02T08:00:07.1911930Z Updating files:  86% (11878/13811)
2026-10-02T08:00:07.2052082Z Updating files:  87% (12016/13811)
2026-10-02T08:00:07.2164591Z Updating files:  88% (12154/13811)
2026-10-02T08:00:07.2266167Z Updating files:  89% (12292/13811)
2026-10-02T08:00:07.2460446Z Updating files:  90% (12430/13811)
2026-10-02T08:00:07.2628116Z Updating files:  91% (12569/13811)
2026-10-02T08:00:07.2746332Z Updating files:  92% (12707/13811)
2026-10-02T08:00:07.2835356Z Updating files:  93% (12845/13811)
2026-10-02T08:00:07.2940502Z Updating files:  94% (12983/13811)
2026-10-02T08:00:07.3056764Z Updating files:  95% (13121/13811)
2026-10-02T08:00:07.3141834Z Updating files:  96% (13259/13811)
2026-10-02T08:00:07.3220840Z Updating files:  97% (13397/13811)
2026-10-02T08:00:07.3566431Z Updating files:  98% (13535/13811)
2026-10-02T08:00:07.3661161Z Updating files:  99% (13673/13811)
2026-10-02T08:00:07.3688664Z Updating files: 100% (13811/13811)
2026-10-02T08:00:07.3709071Z Updating files: 100% (13811/13811), done.
2026-10-02T08:00:07.3881049Z Note: switching to 'refs/remotes/pull/55/merge'.
2026-10-02T08:00:07.3882117Z 
2026-10-02T08:00:07.3882883Z You are in 'detached HEAD' state. You can look around, make experimental
2026-10-02T08:00:07.3883845Z changes and commit them, and you can discard any commits you make in this
2026-10-02T08:00:07.3884694Z state without impacting any branches by switching back to a branch.
2026-10-02T08:00:07.3885194Z 
2026-10-02T08:00:07.3885532Z If you want to create a new branch to retain commits you create, you may
2026-10-02T08:00:07.3886324Z do so (now or later) by using -c with the switch command. Example:
2026-10-02T08:00:07.3886814Z 
2026-10-02T08:00:07.3887003Z   git switch -c <new-branch-name>
2026-10-02T08:00:07.3887327Z 
2026-10-02T08:00:07.3887489Z Or undo this operation with:
2026-10-02T08:00:07.3887675Z 
2026-10-02T08:00:07.3888109Z   git switch -
2026-10-02T08:00:07.3888269Z 
2026-10-02T08:00:07.3888505Z Turn off this advice by setting config variable advice.detachedHead to false
2026-10-02T08:00:07.3888846Z 
2026-10-02T08:00:07.3889209Z HEAD is now at a92c0b8 Merge 1ad328d0d30c67030d7b62c5d712a37e9161a6aa into 2cf5caa3f966f919997c37b64d0bbf0e332438df
2026-10-02T08:00:07.4001450Z ##[endgroup]
2026-10-02T08:00:07.4042956Z [command]/usr/bin/git log -1 --format=%H
2026-10-02T08:00:07.4068119Z a92c0b8f8695033899e8670ab5c152ff72e2ed94
2026-10-02T08:00:07.4455131Z ##[group]Run actions/setup-python@5fda3b95a4ea91299a34e894583c3862153e4b97
2026-10-02T08:00:07.4455533Z with:
2026-10-02T08:00:07.4455726Z   python-version: 3.12.13
2026-10-02T08:00:07.4455946Z   check-latest: false
2026-10-02T08:00:07.4458537Z   token: ***
2026-10-02T08:00:07.4458751Z   update-environment: true
2026-10-02T08:00:07.4458991Z   allow-prereleases: false
2026-10-02T08:00:07.4459231Z   freethreaded: false
2026-10-02T08:00:07.4459433Z ##[endgroup]
2026-10-02T08:00:07.5585257Z ##[group]Installed versions
2026-10-02T08:00:07.5598291Z Version 3.12.13 was not found in the local cache
2026-10-02T08:00:08.2178066Z Version 3.12.13 is available for downloading
2026-10-02T08:00:08.2179749Z Download from "https://github.com/actions/python-versions/releases/download/3.12.13-27650778726/python-3.12.13-linux-26.04-x64.tar.gz"
2026-10-02T08:00:08.7418383Z Extract downloaded archive
2026-10-02T08:00:08.7543111Z [command]/usr/bin/tar xz --warning=no-unknown-keyword --overwrite -C CI_RUNNER_HOME/work/_temp/fab9e2cf-e804-412f-aed0-29952013c41d -f CI_RUNNER_HOME/work/_temp/761e36a5-bdd0-409f-bc18-1d07ca7b5e35
2026-10-02T08:00:09.9264629Z Execute installation script
2026-10-02T08:00:09.9411228Z Check if Python hostedtoolcache folder exist...
2026-10-02T08:00:09.9412208Z Create Python 3.12.13 folder
2026-10-02T08:00:09.9440460Z Copy Python binaries to hostedtoolcache folder
2026-10-02T08:00:10.4019101Z Create additional symlinks (Required for the UsePythonVersion Azure Pipelines task and the setup-python GitHub Action)
2026-10-02T08:00:10.4120487Z Upgrading pip...
2026-10-02T08:00:12.6497020Z Collecting pip
2026-10-02T08:00:12.6781352Z Downloading pip-26.2.1-py3-none-any.whl.metadata (4.6 kB)
2026-10-02T08:00:12.6888015Z Downloading pip-26.2.1-py3-none-any.whl (1.8 MB)
2026-10-02T08:00:12.7216353Z ━━━━━━━━━━━━━━━━━━━━━━━━━━━━━━━━━━━━━━━━ 1.8/1.8 MB 89.6 MB/s eta 0:00:00
2026-10-02T08:00:12.7237803Z 
2026-10-02T08:00:12.7394649Z Installing collected packages: pip
2026-10-02T08:00:12.7396238Z Attempting uninstall: pip
2026-10-02T08:00:12.7416119Z Found existing installation: pip 25.0.1
2026-10-02T08:00:12.7727537Z Uninstalling pip-25.0.1:
2026-10-02T08:00:12.7779905Z Successfully uninstalled pip-25.0.1
2026-10-02T08:00:13.6151111Z Successfully installed pip-26.2.1
2026-10-02T08:00:13.6574134Z Create complete file
2026-10-02T08:00:13.6626789Z Successfully set up CPython (3.12.13)
2026-10-02T08:00:13.6627613Z ##[endgroup]
2026-10-02T08:00:13.6788161Z ##[group]Run python -m pip install uv==0.11.21
2026-10-02T08:00:13.6788585Z [36;1mpython -m pip install uv==0.11.21[0m
2026-10-02T08:00:13.6955478Z shell: /usr/bin/bash -e {0}
2026-10-02T08:00:13.6955731Z env:
2026-10-02T08:00:13.6955988Z   pythonLocation: /opt/hostedtoolcache/Python/3.12.13/x64
2026-10-02T08:00:13.6956414Z   PKG_CONFIG_PATH: /opt/hostedtoolcache/Python/3.12.13/x64/lib/pkgconfig
2026-10-02T08:00:13.6956825Z   Python_ROOT_DIR: /opt/hostedtoolcache/Python/3.12.13/x64
2026-10-02T08:00:13.6957184Z   Python2_ROOT_DIR: /opt/hostedtoolcache/Python/3.12.13/x64
2026-10-02T08:00:13.6957576Z   Python3_ROOT_DIR: /opt/hostedtoolcache/Python/3.12.13/x64
2026-10-02T08:00:13.6958227Z   LD_LIBRARY_PATH: /opt/hostedtoolcache/Python/3.12.13/x64/lib
2026-10-02T08:00:13.6958545Z ##[endgroup]
2026-10-02T08:00:14.2986677Z Collecting uv==0.11.21
2026-10-02T08:00:14.3313797Z   Downloading uv-0.11.21-py3-none-manylinux_2_17_x86_64.manylinux2014_x86_64.whl.metadata (11 kB)
2026-10-02T08:00:14.3443536Z Downloading uv-0.11.21-py3-none-manylinux_2_17_x86_64.manylinux2014_x86_64.whl (25.1 MB)
2026-10-02T08:00:14.4993097Z    ━━━━━━━━━━━━━━━━━━━━━━━━━━━━━━━━━━━━━━━━ 25.1/25.1 MB 180.6 MB/s  0:00:00
2026-10-02T08:00:14.5409384Z Installing collected packages: uv
2026-10-02T08:00:14.7827921Z Successfully installed uv-0.11.21
2026-10-02T08:00:14.8319598Z ##[group]Run uv sync --frozen
2026-10-02T08:00:14.8319921Z [36;1muv sync --frozen[0m
2026-10-02T08:00:14.8376048Z shell: /usr/bin/bash -e {0}
2026-10-02T08:00:14.8376284Z env:
2026-10-02T08:00:14.8376530Z   pythonLocation: /opt/hostedtoolcache/Python/3.12.13/x64
2026-10-02T08:00:14.8376949Z   PKG_CONFIG_PATH: /opt/hostedtoolcache/Python/3.12.13/x64/lib/pkgconfig
2026-10-02T08:00:14.8377360Z   Python_ROOT_DIR: /opt/hostedtoolcache/Python/3.12.13/x64
2026-10-02T08:00:14.8377715Z   Python2_ROOT_DIR: /opt/hostedtoolcache/Python/3.12.13/x64
2026-10-02T08:00:14.8378350Z   Python3_ROOT_DIR: /opt/hostedtoolcache/Python/3.12.13/x64
2026-10-02T08:00:14.8378725Z   LD_LIBRARY_PATH: /opt/hostedtoolcache/Python/3.12.13/x64/lib
2026-10-02T08:00:14.8379264Z ##[endgroup]
2026-10-02T08:00:14.8928748Z Using CPython 3.12.13 interpreter at: /opt/hostedtoolcache/Python/3.12.13/x64/bin/python3.12
2026-10-02T08:00:14.8929374Z Creating virtual environment at: .venv
2026-10-02T08:00:14.9869910Z Downloading pydantic-core (2.0MiB)
2026-10-02T08:00:14.9877034Z Downloading ruff (9.9MiB)
2026-10-02T08:00:14.9885256Z Downloading ast-serialize (1.3MiB)
2026-10-02T08:00:14.9889335Z Downloading pygments (1.2MiB)
2026-10-02T08:00:14.9891167Z Downloading mypy (14.6MiB)
2026-10-02T08:00:15.2064671Z  Downloaded ast-serialize
2026-10-02T08:00:15.2280894Z  Downloaded pydantic-core
2026-10-02T08:00:15.3676373Z  Downloaded ruff
2026-10-02T08:00:15.3770986Z  Downloaded pygments
2026-10-02T08:00:15.5490479Z  Downloaded mypy
2026-10-02T08:00:15.5492454Z Prepared 37 packages in 653ms
2026-10-02T08:00:15.5856305Z Installed 37 packages in 36ms
2026-10-02T08:00:15.5856908Z  + annotated-doc==0.0.5
2026-10-02T08:00:15.5857459Z  + annotated-types==0.8.0
2026-10-02T08:00:15.5858345Z  + anyio==4.15.1
2026-10-02T08:00:15.5859042Z  + ast-serialize==0.11.2
2026-10-02T08:00:15.5859450Z  + attrs==26.1.0
2026-10-02T08:00:15.5859793Z  + certifi==2026.7.22
2026-10-02T08:00:15.5860137Z  + click==8.5.0
2026-10-02T08:00:15.5860487Z  + defusedxml==0.7.1
2026-10-02T08:00:15.5860836Z  + fastapi==0.141.1
2026-10-02T08:00:15.5866649Z  + h11==0.16.0
2026-10-02T08:00:15.5867232Z  + httpcore==1.0.9
2026-10-02T08:00:15.5867747Z  + httpx==0.28.1
2026-10-02T08:00:15.5868489Z  + idna==3.19
2026-10-02T08:00:15.5869074Z  + iniconfig==2.3.0
2026-10-02T08:00:15.5869547Z  + jsonschema==4.26.0
2026-10-02T08:00:15.5870701Z  + jsonschema-specifications==2025.9.1
2026-10-02T08:00:15.5871136Z  + librt==0.15.0
2026-10-02T08:00:15.5871494Z  + markdown-it-py==4.2.0
2026-10-02T08:00:15.5871861Z  + mdurl==0.1.2
2026-10-02T08:00:15.5872167Z  + mypy==2.3.1
2026-10-02T08:00:15.5872495Z  + mypy-extensions==1.1.0
2026-10-02T08:00:15.5872854Z  + packaging==26.3
2026-10-02T08:00:15.5873186Z  + pathspec==1.1.1
2026-10-02T08:00:15.5873523Z  + pluggy==1.6.0
2026-10-02T08:00:15.5873834Z  + pydantic==2.13.5
2026-10-02T08:00:15.5874149Z  + pydantic-core==2.46.5
2026-10-02T08:00:15.5874494Z  + pygments==2.21.0
2026-10-02T08:00:15.5874810Z  + pypdf==6.18.1
2026-10-02T08:00:15.5875186Z  + pytest==9.1.1
2026-10-02T08:00:15.5875500Z  + python-multipart==0.0.32
2026-10-02T08:00:15.5875852Z  + referencing==0.37.0
2026-10-02T08:00:15.5876139Z  + rpds-py==2026.6.3
2026-10-02T08:00:15.5876334Z  + ruff==0.16.7
2026-10-02T08:00:15.5876518Z  + starlette==1.6.0
2026-10-02T08:00:15.5876734Z  + typing-extensions==4.16.0
2026-10-02T08:00:15.5876988Z  + typing-inspection==0.4.4
2026-10-02T08:00:15.5877235Z  + uvicorn==0.53.0
2026-10-02T08:00:15.5934576Z ##[group]Run sudo apt-get update
2026-10-02T08:00:15.5934879Z [36;1msudo apt-get update[0m
2026-10-02T08:00:15.5935459Z [36;1msudo apt-get install -y bubblewrap=0.11.1-1ubuntu0.3 apparmor=5.0.2-0ubuntu1~26.04.1 libapparmor1=5.0.2-0ubuntu1~26.04.1 libseccomp2=2.6.0-2ubuntu5[0m
2026-10-02T08:00:15.5936152Z [36;1mdpkg-query -W bubblewrap apparmor libapparmor1 libseccomp2[0m
2026-10-02T08:00:15.5936572Z [36;1mtest -f /etc/apparmor.d/bwrap-userns-restrict[0m
2026-10-02T08:00:15.5936869Z [36;1mbwrap --version[0m
2026-10-02T08:00:15.5990550Z shell: /usr/bin/bash -e {0}
2026-10-02T08:00:15.5990794Z env:
2026-10-02T08:00:15.5991044Z   pythonLocation: /opt/hostedtoolcache/Python/3.12.13/x64
2026-10-02T08:00:15.5991471Z   PKG_CONFIG_PATH: /opt/hostedtoolcache/Python/3.12.13/x64/lib/pkgconfig
2026-10-02T08:00:15.5991878Z   Python_ROOT_DIR: /opt/hostedtoolcache/Python/3.12.13/x64
2026-10-02T08:00:15.5992238Z   Python2_ROOT_DIR: /opt/hostedtoolcache/Python/3.12.13/x64
2026-10-02T08:00:15.5992624Z   Python3_ROOT_DIR: /opt/hostedtoolcache/Python/3.12.13/x64
2026-10-02T08:00:15.5992977Z   LD_LIBRARY_PATH: /opt/hostedtoolcache/Python/3.12.13/x64/lib
2026-10-02T08:00:15.5993270Z ##[endgroup]
2026-10-02T08:00:15.6820138Z Get:1 file:/etc/apt/apt-mirrors.txt Mirrorlist [144 B]
2026-10-02T08:00:15.7091458Z Get:6 https://packages.microsoft.com/ubuntu/26.04/prod resolute InRelease [3964 B]
2026-10-02T08:00:15.7373989Z Get:7 https://packages.microsoft.com/ubuntu/26.04/prod resolute/main arm64 Packages [66.5 kB]
2026-10-02T08:00:15.7513164Z Get:8 https://packages.microsoft.com/ubuntu/26.04/prod resolute/main amd64 Packages [76.3 kB]
2026-10-02T08:00:15.7545556Z Get:9 https://packages.microsoft.com/ubuntu/26.04/prod resolute/main armhf Packages [850 B]
2026-10-02T08:00:15.7895147Z Hit:2 http://azure.archive.ubuntu.com/ubuntu resolute InRelease
2026-10-02T08:00:15.7917556Z Get:3 http://azure.archive.ubuntu.com/ubuntu resolute-updates InRelease [137 kB]
2026-10-02T08:00:15.7949081Z Get:4 http://azure.archive.ubuntu.com/ubuntu resolute-backports InRelease [137 kB]
2026-10-02T08:00:15.7966721Z Get:5 http://azure.archive.ubuntu.com/ubuntu resolute-security InRelease [137 kB]
2026-10-02T08:00:15.8268746Z Get:10 http://azure.archive.ubuntu.com/ubuntu resolute-updates/main amd64v3 Packages [718 kB]
2026-10-02T08:00:15.8281923Z Get:11 http://azure.archive.ubuntu.com/ubuntu resolute-updates/main Translation-en [167 kB]
2026-10-02T08:00:15.8388859Z Get:12 http://azure.archive.ubuntu.com/ubuntu resolute-updates/main amd64 Components [97.7 kB]
2026-10-02T08:00:15.8413803Z Get:13 http://azure.archive.ubuntu.com/ubuntu resolute-updates/universe amd64v3 Packages [316 kB]
2026-10-02T08:00:15.8436159Z Get:14 http://azure.archive.ubuntu.com/ubuntu resolute-updates/universe Translation-en [101 kB]
2026-10-02T08:00:15.8453619Z Get:15 http://azure.archive.ubuntu.com/ubuntu resolute-updates/universe amd64 Components [201 kB]
2026-10-02T08:00:15.8469027Z Get:16 http://azure.archive.ubuntu.com/ubuntu resolute-updates/restricted amd64v3 Packages [487 kB]
2026-10-02T08:00:15.8498900Z Get:17 http://azure.archive.ubuntu.com/ubuntu resolute-updates/restricted Translation-en [97.7 kB]
2026-10-02T08:00:15.8508920Z Get:18 http://azure.archive.ubuntu.com/ubuntu resolute-updates/multiverse amd64v3 Packages [11.9 kB]
2026-10-02T08:00:15.8510217Z Get:19 http://azure.archive.ubuntu.com/ubuntu resolute-updates/multiverse Translation-en [3276 B]
2026-10-02T08:00:15.8911726Z Get:20 http://azure.archive.ubuntu.com/ubuntu resolute-backports/universe amd64 Components [1056 B]
2026-10-02T08:00:15.8920996Z Get:21 http://azure.archive.ubuntu.com/ubuntu resolute-security/main amd64v3 Packages [551 kB]
2026-10-02T08:00:15.8946620Z Get:22 http://azure.archive.ubuntu.com/ubuntu resolute-security/main Translation-en [129 kB]
2026-10-02T08:00:15.8956579Z Get:23 http://azure.archive.ubuntu.com/ubuntu resolute-security/main amd64 Components [46.7 kB]
2026-10-02T08:00:15.8964487Z Get:24 http://azure.archive.ubuntu.com/ubuntu resolute-security/universe amd64v3 Packages [192 kB]
2026-10-02T08:00:15.8975598Z Get:25 http://azure.archive.ubuntu.com/ubuntu resolute-security/universe Translation-en [60.4 kB]
2026-10-02T08:00:15.8982573Z Get:26 http://azure.archive.ubuntu.com/ubuntu resolute-security/universe amd64 Components [55.6 kB]
2026-10-02T08:00:15.8991969Z Get:27 http://azure.archive.ubuntu.com/ubuntu resolute-security/restricted amd64v3 Packages [447 kB]
2026-10-02T08:00:15.9018733Z Get:28 http://azure.archive.ubuntu.com/ubuntu resolute-security/restricted Translation-en [89.7 kB]
2026-10-02T08:00:19.2784379Z Fetched 4332 kB in 0s (9695 kB/s)
2026-10-02T08:00:19.8406894Z Reading package lists...
2026-10-02T08:00:19.8721818Z Reading package lists...
2026-10-02T08:00:19.9945749Z Building dependency tree...
2026-10-02T08:00:19.9952933Z Reading state information...
2026-10-02T08:00:20.0235172Z bubblewrap is already the newest version (0.11.1-1ubuntu0.3).
2026-10-02T08:00:20.0235807Z bubblewrap set to manually installed.
2026-10-02T08:00:20.0236363Z apparmor is already the newest version (5.0.2-0ubuntu1~26.04.1).
2026-10-02T08:00:20.0236912Z apparmor set to manually installed.
2026-10-02T08:00:20.0237441Z libapparmor1 is already the newest version (5.0.2-0ubuntu1~26.04.1).
2026-10-02T08:00:20.0238461Z libapparmor1 set to manually installed.
2026-10-02T08:00:20.0238974Z libseccomp2 is already the newest version (2.6.0-2ubuntu5).
2026-10-02T08:00:20.0239926Z libseccomp2 set to manually installed.
2026-10-02T08:00:20.0721098Z Solving dependencies...
2026-10-02T08:00:20.1767468Z 0 upgraded, 0 newly installed, 0 to remove and 25 not upgraded.
2026-10-02T08:00:20.1896735Z apparmor	5.0.2-0ubuntu1~26.04.1
2026-10-02T08:00:20.1897165Z bubblewrap	0.11.1-1ubuntu0.3
2026-10-02T08:00:20.1897571Z libapparmor1:amd64	5.0.2-0ubuntu1~26.04.1
2026-10-02T08:00:20.1898243Z libseccomp2:amd64	2.6.0-2ubuntu5
2026-10-02T08:00:20.1918234Z bubblewrap 0.11.1
2026-10-02T08:00:20.1959400Z ##[group]Run uv run --frozen ruff check .
2026-10-02T08:00:20.1959727Z [36;1muv run --frozen ruff check .[0m
2026-10-02T08:00:20.2015244Z shell: /usr/bin/bash -e {0}
2026-10-02T08:00:20.2015482Z env:
2026-10-02T08:00:20.2015731Z   pythonLocation: /opt/hostedtoolcache/Python/3.12.13/x64
2026-10-02T08:00:20.2016153Z   PKG_CONFIG_PATH: /opt/hostedtoolcache/Python/3.12.13/x64/lib/pkgconfig
2026-10-02T08:00:20.2016554Z   Python_ROOT_DIR: /opt/hostedtoolcache/Python/3.12.13/x64
2026-10-02T08:00:20.2016926Z   Python2_ROOT_DIR: /opt/hostedtoolcache/Python/3.12.13/x64
2026-10-02T08:00:20.2017542Z   Python3_ROOT_DIR: /opt/hostedtoolcache/Python/3.12.13/x64
2026-10-02T08:00:20.2018279Z   LD_LIBRARY_PATH: /opt/hostedtoolcache/Python/3.12.13/x64/lib
2026-10-02T08:00:20.2036584Z ##[endgroup]
2026-10-02T08:00:20.3187080Z All checks passed!
2026-10-02T08:00:20.3237180Z ##[group]Run uv run --frozen mypy
2026-10-02T08:00:20.3237477Z [36;1muv run --frozen mypy[0m
2026-10-02T08:00:20.3292060Z shell: /usr/bin/bash -e {0}
2026-10-02T08:00:20.3292294Z env:
2026-10-02T08:00:20.3292542Z   pythonLocation: /opt/hostedtoolcache/Python/3.12.13/x64
2026-10-02T08:00:20.3292962Z   PKG_CONFIG_PATH: /opt/hostedtoolcache/Python/3.12.13/x64/lib/pkgconfig
2026-10-02T08:00:20.3293362Z   Python_ROOT_DIR: /opt/hostedtoolcache/Python/3.12.13/x64
2026-10-02T08:00:20.3293739Z   Python2_ROOT_DIR: /opt/hostedtoolcache/Python/3.12.13/x64
2026-10-02T08:00:20.3294105Z   Python3_ROOT_DIR: /opt/hostedtoolcache/Python/3.12.13/x64
2026-10-02T08:00:20.3294474Z   LD_LIBRARY_PATH: /opt/hostedtoolcache/Python/3.12.13/x64/lib
2026-10-02T08:00:20.3294774Z ##[endgroup]
2026-10-02T08:00:28.4016627Z Success: no issues found in 212 source files
2026-10-02T08:00:28.4252972Z ##[group]Run uv run --frozen python scripts/probe_document_sandbox.py
2026-10-02T08:00:28.4253459Z [36;1muv run --frozen python scripts/probe_document_sandbox.py[0m
2026-10-02T08:00:28.4306576Z shell: /usr/bin/bash -e {0}
2026-10-02T08:00:28.4306856Z env:
2026-10-02T08:00:28.4307125Z   pythonLocation: /opt/hostedtoolcache/Python/3.12.13/x64
2026-10-02T08:00:28.4307564Z   PKG_CONFIG_PATH: /opt/hostedtoolcache/Python/3.12.13/x64/lib/pkgconfig
2026-10-02T08:00:28.4308375Z   Python_ROOT_DIR: /opt/hostedtoolcache/Python/3.12.13/x64
2026-10-02T08:00:28.4308770Z   Python2_ROOT_DIR: /opt/hostedtoolcache/Python/3.12.13/x64
2026-10-02T08:00:28.4309159Z   Python3_ROOT_DIR: /opt/hostedtoolcache/Python/3.12.13/x64
2026-10-02T08:00:28.4309550Z   LD_LIBRARY_PATH: /opt/hostedtoolcache/Python/3.12.13/x64/lib
2026-10-02T08:00:28.4309884Z ##[endgroup]
2026-10-02T08:00:28.8926311Z {
2026-10-02T08:00:28.8926791Z   "scope": "fixed synthetic runtime probe; no uploaded document or environment dump",
2026-10-02T08:00:28.8927316Z   "python_version": "3.12.13",
2026-10-02T08:00:28.8927556Z   "exit_code": 0,
2026-10-02T08:00:28.8928087Z   "stdout": "{\"synthetic_runtime_ready\": true}\n",
2026-10-02T08:00:28.8928457Z   "stderr": "",
2026-10-02T08:00:28.8928660Z   "status": "PASS"
2026-10-02T08:00:28.8928865Z }
2026-10-02T08:00:28.9150978Z ##[group]Run uv run --frozen pytest tests/unit tests/security
2026-10-02T08:00:28.9151427Z [36;1muv run --frozen pytest tests/unit tests/security[0m
2026-10-02T08:00:28.9205533Z shell: /usr/bin/bash -e {0}
2026-10-02T08:00:28.9205763Z env:
2026-10-02T08:00:28.9206005Z   pythonLocation: /opt/hostedtoolcache/Python/3.12.13/x64
2026-10-02T08:00:28.9206409Z   PKG_CONFIG_PATH: /opt/hostedtoolcache/Python/3.12.13/x64/lib/pkgconfig
2026-10-02T08:00:28.9206979Z   Python_ROOT_DIR: /opt/hostedtoolcache/Python/3.12.13/x64
2026-10-02T08:00:28.9207336Z   Python2_ROOT_DIR: /opt/hostedtoolcache/Python/3.12.13/x64
2026-10-02T08:00:28.9207682Z   Python3_ROOT_DIR: /opt/hostedtoolcache/Python/3.12.13/x64
2026-10-02T08:00:28.9208324Z   LD_LIBRARY_PATH: /opt/hostedtoolcache/Python/3.12.13/x64/lib
2026-10-02T08:00:28.9208621Z ##[endgroup]
2026-10-02T08:00:32.2182823Z ============================= test session starts ==============================
2026-10-02T08:00:32.2183646Z platform linux -- Python 3.12.13, pytest-9.1.1, pluggy-1.6.0
2026-10-02T08:00:32.2184153Z rootdir: CI_RUNNER_HOME/work/Learning_Workbench/Learning_Workbench
2026-10-02T08:00:32.2184581Z configfile: pyproject.toml
2026-10-02T08:00:32.2184851Z plugins: anyio-4.15.1
2026-10-02T08:00:32.2185088Z collected 731 items
2026-10-02T08:00:32.2185234Z 
2026-10-02T08:00:32.2761834Z tests/unit/test_authoring_group_validation.py .......................... [  3%]
2026-10-02T08:00:32.3228843Z ..........                                                               [  4%]
2026-10-02T08:00:32.3468525Z tests/unit/test_authoring_numeric.py .................................   [  9%]
2026-10-02T08:00:32.4637331Z tests/unit/test_backend_database.py .........                            [ 10%]
2026-10-02T08:00:33.0859382Z tests/unit/test_backup_command.py ....                                   [ 11%]
2026-10-02T08:00:33.1022773Z tests/unit/test_concept_state_rules.py ..................                [ 13%]
2026-10-02T08:00:33.1655235Z tests/unit/test_content_store.py ....................................... [ 19%]
2026-10-02T08:00:33.4758396Z ...............................                                          [ 23%]
2026-10-02T08:00:36.6977466Z tests/unit/test_document_extraction.py ................................. [ 27%]
2026-10-02T08:00:37.8195430Z ................                                                         [ 29%]
2026-10-02T08:00:37.8602415Z tests/unit/test_eligibility.py ......................................... [ 35%]
2026-10-02T08:00:37.8676106Z .......                                                                  [ 36%]
2026-10-02T08:00:37.8728431Z tests/unit/test_governance.py .....                                      [ 37%]
2026-10-02T08:00:37.9127759Z tests/unit/test_grading_rules.py ....................................... [ 42%]
2026-10-02T08:00:37.9646678Z ....................................................                     [ 49%]
2026-10-02T08:00:38.0130419Z tests/unit/test_import_budgets.py ......................                 [ 52%]
2026-10-02T08:00:38.3658435Z tests/unit/test_import_parsing.py ...................................... [ 57%]
2026-10-02T08:00:38.5269994Z ......                                                                   [ 58%]
2026-10-02T08:00:39.3427135Z tests/unit/test_provider_budget.py ............                          [ 60%]
2026-10-02T08:00:39.9506205Z tests/unit/test_provider_proof_binding.py .........                      [ 61%]
2026-10-02T08:00:40.3545326Z tests/unit/test_provider_protocol.py .............................       [ 65%]
2026-10-02T08:00:41.8146704Z tests/unit/test_provider_reference_events.py ...............             [ 67%]
2026-10-02T08:00:44.2174141Z tests/unit/test_provider_repository.py ...........                       [ 69%]
2026-10-02T08:00:45.2819637Z tests/unit/test_provider_secret_store.py .......................         [ 72%]
2026-10-02T08:00:45.3002602Z tests/unit/test_question_solution_validation.py ........................ [ 75%]
2026-10-02T08:00:45.3571529Z ..................................                                       [ 80%]
2026-10-02T08:00:45.3625598Z tests/unit/test_recommendation_config.py .......                         [ 81%]
2026-10-02T08:00:45.4512699Z tests/unit/test_recommendation_rules.py ..................               [ 83%]
2026-10-02T08:00:45.5461754Z tests/unit/test_retrieval_lexical.py ................................... [ 88%]
2026-10-02T08:00:45.5811851Z ....                                                                     [ 88%]
2026-10-02T08:00:47.6979714Z tests/unit/test_spec_catalog.py ....                                     [ 89%]
2026-10-02T08:00:47.7185506Z tests/unit/test_spec_extraction.py .........                             [ 90%]
2026-10-02T08:00:49.9700036Z tests/security/test_document_sandbox.py ...............                  [ 92%]
2026-10-02T08:01:00.8806776Z tests/security/test_local_boundary.py .................................  [ 97%]
2026-10-02T08:01:01.6644051Z tests/security/test_provider_network.py ....................             [100%]
2026-10-02T08:01:01.6644602Z 
2026-10-02T08:01:01.6644833Z =============================== warnings summary ===============================
2026-10-02T08:01:01.6645441Z .venv/lib/python3.12/site-packages/fastapi/testclient.py:1
2026-10-02T08:01:01.6647032Z   CI_RUNNER_HOME/work/Learning_Workbench/Learning_Workbench/.venv/lib/python3.12/site-packages/fastapi/testclient.py:1: StarletteDeprecationWarning: Using `httpx` with `starlette.testclient` is deprecated; install `httpx2` instead.
2026-10-02T08:01:01.6648918Z     from starlette.testclient import TestClient as TestClient  # noqa
2026-10-02T08:01:01.6649351Z 
2026-10-02T08:01:01.6649592Z .venv/lib/python3.12/site-packages/starlette/testclient.py:53
2026-10-02T08:01:01.6651188Z   CI_RUNNER_HOME/work/Learning_Workbench/Learning_Workbench/.venv/lib/python3.12/site-packages/starlette/testclient.py:53: DeprecationWarning: The anyio.abc.BlockingPortal alias is deprecated, use anyio.from_thread.BlockingPortal instead.
2026-10-02T08:01:01.6652917Z     _PortalFactoryType = Callable[[], AbstractContextManager[anyio.abc.BlockingPortal]]
2026-10-02T08:01:01.6653449Z 
2026-10-02T08:01:01.6653777Z -- Docs: https://docs.pytest.org/en/stable/how-to/capture-warnings.html
2026-10-02T08:01:01.6654471Z ======================= 731 passed, 2 warnings in 31.85s =======================
2026-10-02T08:01:01.9119983Z Post job cleanup.
2026-10-02T08:01:02.0334049Z Post job cleanup.
2026-10-02T08:01:02.1244309Z [command]/usr/bin/git version
2026-10-02T08:01:02.1301805Z git version 2.55.0
2026-10-02T08:01:02.1349190Z Temporarily overriding HOME='CI_RUNNER_HOME/work/_temp/f087ac96-6f06-473b-b2a3-2def8259b365' before making global git config changes
2026-10-02T08:01:02.1350764Z Adding repository directory to the temporary git global config as a safe directory
2026-10-02T08:01:02.1351902Z [command]/usr/bin/git config --global --add safe.directory CI_RUNNER_HOME/work/Learning_Workbench/Learning_Workbench
2026-10-02T08:01:02.1380560Z Removing SSH command configuration
2026-10-02T08:01:02.1386691Z [command]/usr/bin/git config --local --name-only --get-regexp core\.sshCommand
2026-10-02T08:01:02.1422557Z [command]/usr/bin/git submodule foreach --recursive sh -c "git config --local --name-only --get-regexp 'core\.sshCommand' && git config --local --unset-all 'core.sshCommand' || :"
2026-10-02T08:01:02.1728341Z Removing HTTP extra header
2026-10-02T08:01:02.1734054Z [command]/usr/bin/git config --local --name-only --get-regexp http\.https\:\/\/github\.com\/\.extraheader
2026-10-02T08:01:02.1770421Z [command]/usr/bin/git submodule foreach --recursive sh -c "git config --local --name-only --get-regexp 'http\.https\:\/\/github\.com\/\.extraheader' && git config --local --unset-all 'http.https://github.com/.extraheader' || :"
2026-10-02T08:01:02.2116821Z Removing includeIf entries pointing to credentials config files
2026-10-02T08:01:02.2127438Z [command]/usr/bin/git config --local --name-only --get-regexp ^includeIf\.gitdir:
2026-10-02T08:01:02.2163291Z includeif.gitdir:CI_RUNNER_HOME/work/Learning_Workbench/Learning_Workbench/.git.path
2026-10-02T08:01:02.2184457Z includeif.gitdir:CI_RUNNER_HOME/work/Learning_Workbench/Learning_Workbench/.git/worktrees/*.path
2026-10-02T08:01:02.2185845Z includeif.gitdir:/github/workspace/.git.path
2026-10-02T08:01:02.2186635Z includeif.gitdir:/github/workspace/.git/worktrees/*.path
2026-10-02T08:01:02.2189520Z [command]/usr/bin/git config --local --get-all includeif.gitdir:CI_RUNNER_HOME/work/Learning_Workbench/Learning_Workbench/.git.path
2026-10-02T08:01:02.2204093Z CI_RUNNER_HOME/work/_temp/git-credentials-cc25a4fa-732b-40d3-a9f3-a85b123f48e4.config
2026-10-02T08:01:02.2219996Z [command]/usr/bin/git config --local --unset includeif.gitdir:CI_RUNNER_HOME/work/Learning_Workbench/Learning_Workbench/.git.path \/home\/runner\/work\/_temp\/git\-credentials\-cc25a4fa\-732b\-40d3\-a9f3\-a85b123f48e4\.config
2026-10-02T08:01:02.2261429Z [command]/usr/bin/git config --local --get-all includeif.gitdir:CI_RUNNER_HOME/work/Learning_Workbench/Learning_Workbench/.git/worktrees/*.path
2026-10-02T08:01:02.2292165Z CI_RUNNER_HOME/work/_temp/git-credentials-cc25a4fa-732b-40d3-a9f3-a85b123f48e4.config
2026-10-02T08:01:02.2302905Z [command]/usr/bin/git config --local --unset includeif.gitdir:CI_RUNNER_HOME/work/Learning_Workbench/Learning_Workbench/.git/worktrees/*.path \/home\/runner\/work\/_temp\/git\-credentials\-cc25a4fa\-732b\-40d3\-a9f3\-a85b123f48e4\.config
2026-10-02T08:01:02.2339069Z [command]/usr/bin/git config --local --get-all includeif.gitdir:/github/workspace/.git.path
2026-10-02T08:01:02.2363276Z /github/runner_temp/git-credentials-cc25a4fa-732b-40d3-a9f3-a85b123f48e4.config
2026-10-02T08:01:02.2372234Z [command]/usr/bin/git config --local --unset includeif.gitdir:/github/workspace/.git.path \/github\/runner_temp\/git\-credentials\-cc25a4fa\-732b\-40d3\-a9f3\-a85b123f48e4\.config
2026-10-02T08:01:02.2407505Z [command]/usr/bin/git config --local --get-all includeif.gitdir:/github/workspace/.git/worktrees/*.path
2026-10-02T08:01:02.2429488Z /github/runner_temp/git-credentials-cc25a4fa-732b-40d3-a9f3-a85b123f48e4.config
2026-10-02T08:01:02.2437391Z [command]/usr/bin/git config --local --unset includeif.gitdir:/github/workspace/.git/worktrees/*.path \/github\/runner_temp\/git\-credentials\-cc25a4fa\-732b\-40d3\-a9f3\-a85b123f48e4\.config
2026-10-02T08:01:02.2472612Z [command]/usr/bin/git submodule foreach --recursive git config --local --show-origin --name-only --get-regexp remote.origin.url
2026-10-02T08:01:02.2752124Z Removing credentials config 'CI_RUNNER_HOME/work/_temp/git-credentials-cc25a4fa-732b-40d3-a9f3-a85b123f48e4.config'
2026-10-02T08:01:02.2890217Z Cleaning up orphan processes
