E701 Multiple statements on one line (colon)
  --> tests/contract/test_content_impact_discovery.py:35:25
   |
33 | def test_corrupt_summary_rejected(change):
34 |     value = deepcopy(summary())
35 |     if change == 'extra': value['reason_text'] = 'not public'
   |                         ^
36 |     elif change == 'missing_null': value.pop('event_snapshot_sha256')
37 |     elif change == 'wrong_kind': value['old_ref']['entity'] = value['new_ref']['entity'] = 'note'
   |

E701 Multiple statements on one line (colon)
  --> tests/contract/test_content_impact_discovery.py:36:34
   |
34 |     value = deepcopy(summary())
35 |     if change == 'extra': value['reason_text'] = 'not public'
36 |     elif change == 'missing_null': value.pop('event_snapshot_sha256')
   |                                  ^
37 |     elif change == 'wrong_kind': value['old_ref']['entity'] = value['new_ref']['entity'] = 'note'
38 |     elif change == 'wrong_entity': value['new_ref']['entity'] = 'lesson'
   |

E701 Multiple statements on one line (colon)
  --> tests/contract/test_content_impact_discovery.py:37:32
   |
35 |     if change == 'extra': value['reason_text'] = 'not public'
36 |     elif change == 'missing_null': value.pop('event_snapshot_sha256')
37 |     elif change == 'wrong_kind': value['old_ref']['entity'] = value['new_ref']['entity'] = 'note'
   |                                ^
38 |     elif change == 'wrong_entity': value['new_ref']['entity'] = 'lesson'
39 |     elif change == 'wrong_id': value['new_ref']['id'] = 'other'
   |

E701 Multiple statements on one line (colon)
  --> tests/contract/test_content_impact_discovery.py:38:34
   |
36 |     elif change == 'missing_null': value.pop('event_snapshot_sha256')
37 |     elif change == 'wrong_kind': value['old_ref']['entity'] = value['new_ref']['entity'] = 'note'
38 |     elif change == 'wrong_entity': value['new_ref']['entity'] = 'lesson'
   |                                  ^
39 |     elif change == 'wrong_id': value['new_ref']['id'] = 'other'
40 |     elif change == 'reverse_revision': value['new_ref']['revision'] = 1
   |

E701 Multiple statements on one line (colon)
  --> tests/contract/test_content_impact_discovery.py:39:30
   |
37 |     elif change == 'wrong_kind': value['old_ref']['entity'] = value['new_ref']['entity'] = 'note'
38 |     elif change == 'wrong_entity': value['new_ref']['entity'] = 'lesson'
39 |     elif change == 'wrong_id': value['new_ref']['id'] = 'other'
   |                              ^
40 |     elif change == 'reverse_revision': value['new_ref']['revision'] = 1
41 |     elif change == 'no_sha': value['event_snapshot_sha256'] = None
   |

E701 Multiple statements on one line (colon)
  --> tests/contract/test_content_impact_discovery.py:40:38
   |
38 |     elif change == 'wrong_entity': value['new_ref']['entity'] = 'lesson'
39 |     elif change == 'wrong_id': value['new_ref']['id'] = 'other'
40 |     elif change == 'reverse_revision': value['new_ref']['revision'] = 1
   |                                      ^
41 |     elif change == 'no_sha': value['event_snapshot_sha256'] = None
42 |     elif change == 'legacy_sha': value['evidence_version'] = 'legacy_unverified'
   |

E701 Multiple statements on one line (colon)
  --> tests/contract/test_content_impact_discovery.py:41:28
   |
39 |     elif change == 'wrong_id': value['new_ref']['id'] = 'other'
40 |     elif change == 'reverse_revision': value['new_ref']['revision'] = 1
41 |     elif change == 'no_sha': value['event_snapshot_sha256'] = None
   |                            ^
42 |     elif change == 'legacy_sha': value['evidence_version'] = 'legacy_unverified'
43 |     elif change == 'pending_duplicate': value['pending_target_ids'] = ['lesson_a','lesson_a']
   |

E701 Multiple statements on one line (colon)
  --> tests/contract/test_content_impact_discovery.py:42:32
   |
40 |     elif change == 'reverse_revision': value['new_ref']['revision'] = 1
41 |     elif change == 'no_sha': value['event_snapshot_sha256'] = None
42 |     elif change == 'legacy_sha': value['evidence_version'] = 'legacy_unverified'
   |                                ^
43 |     elif change == 'pending_duplicate': value['pending_target_ids'] = ['lesson_a','lesson_a']
44 |     elif change == 'pending_unsorted': value['pending_target_ids'].reverse()
   |

E701 Multiple statements on one line (colon)
  --> tests/contract/test_content_impact_discovery.py:43:39
   |
41 |     elif change == 'no_sha': value['event_snapshot_sha256'] = None
42 |     elif change == 'legacy_sha': value['evidence_version'] = 'legacy_unverified'
43 |     elif change == 'pending_duplicate': value['pending_target_ids'] = ['lesson_a','lesson_a']
   |                                       ^
44 |     elif change == 'pending_unsorted': value['pending_target_ids'].reverse()
45 |     elif change == 'action_duplicate': value['action_required_target_ids'] = ['course_a','course_a']
   |

E701 Multiple statements on one line (colon)
  --> tests/contract/test_content_impact_discovery.py:44:38
   |
42 |     elif change == 'legacy_sha': value['evidence_version'] = 'legacy_unverified'
43 |     elif change == 'pending_duplicate': value['pending_target_ids'] = ['lesson_a','lesson_a']
44 |     elif change == 'pending_unsorted': value['pending_target_ids'].reverse()
   |                                      ^
45 |     elif change == 'action_duplicate': value['action_required_target_ids'] = ['course_a','course_a']
46 |     elif change == 'overlap': value['action_required_target_ids'] = ['lesson_a']
   |

E701 Multiple statements on one line (colon)
  --> tests/contract/test_content_impact_discovery.py:45:38
   |
43 |     elif change == 'pending_duplicate': value['pending_target_ids'] = ['lesson_a','lesson_a']
44 |     elif change == 'pending_unsorted': value['pending_target_ids'].reverse()
45 |     elif change == 'action_duplicate': value['action_required_target_ids'] = ['course_a','course_a']
   |                                      ^
46 |     elif change == 'overlap': value['action_required_target_ids'] = ['lesson_a']
47 |     elif change == 'bool_revision': value['old_ref']['revision'] = True
   |

E701 Multiple statements on one line (colon)
  --> tests/contract/test_content_impact_discovery.py:46:29
   |
44 |     elif change == 'pending_unsorted': value['pending_target_ids'].reverse()
45 |     elif change == 'action_duplicate': value['action_required_target_ids'] = ['course_a','course_a']
46 |     elif change == 'overlap': value['action_required_target_ids'] = ['lesson_a']
   |                             ^
47 |     elif change == 'bool_revision': value['old_ref']['revision'] = True
48 |     with pytest.raises(ValidationError): ContentImpactSummary.model_validate(value)
   |

E701 Multiple statements on one line (colon)
  --> tests/contract/test_content_impact_discovery.py:47:35
   |
45 |     elif change == 'action_duplicate': value['action_required_target_ids'] = ['course_a','course_a']
46 |     elif change == 'overlap': value['action_required_target_ids'] = ['lesson_a']
47 |     elif change == 'bool_revision': value['old_ref']['revision'] = True
   |                                   ^
48 |     with pytest.raises(ValidationError): ContentImpactSummary.model_validate(value)
   |

E701 Multiple statements on one line (colon)
  --> tests/contract/test_content_impact_discovery.py:48:40
   |
46 |     elif change == 'overlap': value['action_required_target_ids'] = ['lesson_a']
47 |     elif change == 'bool_revision': value['old_ref']['revision'] = True
48 |     with pytest.raises(ValidationError): ContentImpactSummary.model_validate(value)
   |                                        ^

E701 Multiple statements on one line (colon)
  --> tests/contract/test_content_impact_discovery.py:54:40
   |
52 |     dict(items=[],next_cursor=''), dict(items=[]), dict(items=[],next_cursor=None,secret='not public')])
53 | def test_page_cannot_duplicate_events_or_relax_nullable_contract(value):
54 |     with pytest.raises(ValidationError): ContentImpactPage.model_validate(value)
   |                                        ^

Found 15 errors.
