....FF                                                                   [100%]
=================================== FAILURES ===================================
_____ test_current_author_role_checked_before_original_provider_grant_ack ______

tmp_path = PosixPath('/tmp/pytest-of-lkx/pytest-50/test_current_author_role_check0')

    def test_current_author_role_checked_before_original_provider_grant_ack(tmp_path):
        async def run():
            async with local_provider() as server:
                state = configured(tmp_path, server.base_url)
                database, identity, _, _, consents, _ = state
                _, command, _ = approved(state)
                SessionService(database).switch_role(identity, RoleRequest(role='learner'), 'be-learner')
                before = all_rows(database)
                with pytest.raises(ApiError) as caught:
                    consents.grant(replace(identity, role='learner'), command, 'grant')
                assert caught.value.status == 403 and server.requests == []
                assert all_rows(database) == before
>       asyncio.run(run())

tests/integration/test_authoring_provider.py:122: 
_ _ _ _ _ _ _ _ _ _ _ _ _ _ _ _ _ _ _ _ _ _ _ _ _ _ _ _ _ _ _ _ _ _ _ _ _ _ _ _ 
../../../.local/share/uv/python/cpython-3.12.13-linux-x86_64-gnu/lib/python3.12/asyncio/runners.py:195: in run
    return runner.run(main)
           ^^^^^^^^^^^^^^^^
../../../.local/share/uv/python/cpython-3.12.13-linux-x86_64-gnu/lib/python3.12/asyncio/runners.py:118: in run
    return self._loop.run_until_complete(task)
           ^^^^^^^^^^^^^^^^^^^^^^^^^^^^^^^^^^^
../../../.local/share/uv/python/cpython-3.12.13-linux-x86_64-gnu/lib/python3.12/asyncio/base_events.py:691: in run_until_complete
    return future.result()
           ^^^^^^^^^^^^^^^
_ _ _ _ _ _ _ _ _ _ _ _ _ _ _ _ _ _ _ _ _ _ _ _ _ _ _ _ _ _ _ _ _ _ _ _ _ _ _ _ 

    async def run():
        async with local_provider() as server:
            state = configured(tmp_path, server.base_url)
            database, identity, _, _, consents, _ = state
            _, command, _ = approved(state)
            SessionService(database).switch_role(identity, RoleRequest(role='learner'), 'be-learner')
            before = all_rows(database)
>           with pytest.raises(ApiError) as caught:
                 ^^^^^^^^^^^^^^^^^^^^^^^
E           Failed: DID NOT RAISE ApiError

tests/integration/test_authoring_provider.py:118: Failed
_ test_original_checked_provider_artifact_required_even_after_self_consistent_owner_edit _

tmp_path = PosixPath('/tmp/pytest-of-lkx/pytest-50/test_original_checked_provider0')

    def test_original_checked_provider_artifact_required_even_after_self_consistent_owner_edit(tmp_path):
        async def run():
            async with local_provider(text=canonical_bytes(payload()).decode()) as server:
                state = configured(tmp_path, server.base_url)
                database, identity, service, worker, _, _ = state
                original, _, _ = approved(state)
                assert await asyncio.to_thread(worker.run_once)
                from services.api.app.infrastructure.authoring_repository import AuthoringRepository
                with database.transaction() as conn:
                    repo = AuthoringRepository(conn, identity.workspace_id)
                    record = repo.load(original.id)
                    record.view.raw_answer = 'self-consistent owner edit cannot replace the original provider artifact'
                    repo.save(record)
                before = all_rows(database)
                with pytest.raises(ApiError) as caught:
                    service.read(identity, original.id)
                assert caught.value.code == 'AUTHORING_INTEGRITY_ERROR'
                assert all_rows(database) == before
>       asyncio.run(run())

tests/integration/test_authoring_provider.py:143: 
_ _ _ _ _ _ _ _ _ _ _ _ _ _ _ _ _ _ _ _ _ _ _ _ _ _ _ _ _ _ _ _ _ _ _ _ _ _ _ _ 
../../../.local/share/uv/python/cpython-3.12.13-linux-x86_64-gnu/lib/python3.12/asyncio/runners.py:195: in run
    return runner.run(main)
           ^^^^^^^^^^^^^^^^
../../../.local/share/uv/python/cpython-3.12.13-linux-x86_64-gnu/lib/python3.12/asyncio/runners.py:118: in run
    return self._loop.run_until_complete(task)
           ^^^^^^^^^^^^^^^^^^^^^^^^^^^^^^^^^^^
../../../.local/share/uv/python/cpython-3.12.13-linux-x86_64-gnu/lib/python3.12/asyncio/base_events.py:691: in run_until_complete
    return future.result()
           ^^^^^^^^^^^^^^^
_ _ _ _ _ _ _ _ _ _ _ _ _ _ _ _ _ _ _ _ _ _ _ _ _ _ _ _ _ _ _ _ _ _ _ _ _ _ _ _ 

    async def run():
        async with local_provider(text=canonical_bytes(payload()).decode()) as server:
            state = configured(tmp_path, server.base_url)
            database, identity, service, worker, _, _ = state
            original, _, _ = approved(state)
            assert await asyncio.to_thread(worker.run_once)
            from services.api.app.infrastructure.authoring_repository import AuthoringRepository
            with database.transaction() as conn:
                repo = AuthoringRepository(conn, identity.workspace_id)
                record = repo.load(original.id)
                record.view.raw_answer = 'self-consistent owner edit cannot replace the original provider artifact'
                repo.save(record)
            before = all_rows(database)
>           with pytest.raises(ApiError) as caught:
                 ^^^^^^^^^^^^^^^^^^^^^^^
E           Failed: DID NOT RAISE ApiError

tests/integration/test_authoring_provider.py:139: Failed
=============================== warnings summary ===============================
.venv/lib/python3.12/site-packages/fastapi/testclient.py:1
  <private-home>/.cache/learning-workbench-acceptance/m61-active/.venv/lib/python3.12/site-packages/fastapi/testclient.py:1: StarletteDeprecationWarning: Using `httpx` with `starlette.testclient` is deprecated; install `httpx2` instead.
    from starlette.testclient import TestClient as TestClient  # noqa

.venv/lib/python3.12/site-packages/starlette/testclient.py:53
  <private-home>/.cache/learning-workbench-acceptance/m61-active/.venv/lib/python3.12/site-packages/starlette/testclient.py:53: DeprecationWarning: The anyio.abc.BlockingPortal alias is deprecated, use anyio.from_thread.BlockingPortal instead.
    _PortalFactoryType = Callable[[], AbstractContextManager[anyio.abc.BlockingPortal]]

-- Docs: https://docs.pytest.org/en/stable/how-to/capture-warnings.html
=========================== short test summary info ============================
FAILED tests/integration/test_authoring_provider.py::test_current_author_role_checked_before_original_provider_grant_ack
FAILED tests/integration/test_authoring_provider.py::test_original_checked_provider_artifact_required_even_after_self_consistent_owner_edit
2 failed, 4 passed, 2 warnings in 3.43s
