✖ owned startup recovers from one actual exited bind collision without disturbing its owner (87.338215ms)
ℹ tests 1
ℹ suites 0
ℹ pass 0
ℹ fail 1
ℹ cancelled 0
ℹ skipped 0
ℹ todo 0
ℹ duration_ms 176.897015

✖ failing tests:

test at tests/e2e/ownedStartup.node.ts:14:1
✖ owned startup recovers from one actual exited bind collision without disturbing its owner (87.338215ms)
  Error: Owned test server exited before readiness: Error: listen EADDRINUSE: address already in use 127.0.0.1:39165
      at Server.setupListenHandle [as _listen2] (node:net:2328:16)
      at listenInCluster (node:net:2437:12)
      at node:net:2666:7
      at process.processTicksAndRejections (node:internal/process/task_queues:90:21) {
    code: 'EADDRINUSE',
    errno: -98,
    syscall: 'listen',
    address: '127.0.0.1',
    port: 39165
  }
  
      at ready (file://$HOME/.cache/learning-workbench-acceptance/m63-authoring-owned-bind-collision-oct05/tests/e2e/ownedStartup.ts:69:13)
      at async file://$HOME/.cache/learning-workbench-acceptance/m63-authoring-owned-bind-collision-oct05/tests/e2e/ownedStartup.node.ts:28:9
      at async TestContext.<anonymous> (file://$HOME/.cache/learning-workbench-acceptance/m63-authoring-owned-bind-collision-oct05/tests/e2e/ownedStartup.node.ts:23:20)
      at async Test.run (node:internal/test_runner/test:1409:7)
      at async startSubtestAfterBootstrap (node:internal/test_runner/harness:387:3)
