
> @learning-workbench/web@0.1.0 test
> vitest run src/features/contentRestore/restoreFormRecovery.test.tsx


 RUN  v5.0.0 $HOME/.cache/learning-workbench-acceptance/m62-restore-numeric-ui-oct02/apps/web

 ❯ src/features/contentRestore/restoreFormRecovery.test.tsx (1 test | 1 failed) 1122ms
   × Policy hiding preserves unsubmitted restore reason and close protection without creating a command 1121ms

⎯⎯⎯⎯⎯⎯⎯ Failed Tests 1 ⎯⎯⎯⎯⎯⎯⎯

 FAIL  src/features/contentRestore/restoreFormRecovery.test.tsx > Policy hiding preserves unsubmitted restore reason and close protection without creating a command
AssertionError: expected false to be true // Object.is equality

Ignored nodes: comments, script, style
[36m<html>[39m
  [36m<head />[39m
  [36m<body>[39m
    [36m<div>[39m
      [36m<section[39m
        [33maria-label[39m=[32m"历史内容块恢复与审核"[39m
        [33mclass[39m=[32m"restore-panel"[39m
      [36m>[39m
        [36m<h3>[39m
          [0m将历史公开块恢复为新修订[0m
        [36m</h3>[39m
        [36m<p>[39m
          [0m仅恢复同一块的完整历史字段和正文，建立独立待审恢复稿。旧审核和数值结果不转授；不会回滚旧题、私解、作答或成绩，也不更新 Lesson/Course 的原精确引用。[0m
        [36m</p>[39m
        [36m<p>[39m
          [0m需要当前作者权限和允许的学科 Policy；历史正文和候选已收起，原记录仍保留。[0m
        [36m</p>[39m
        [36m<button>[39m
          [0m打开恢复审核与发布恢复[0m
        [36m</button>[39m
        [36m<button>[39m
          [0m重新核对恢复权限与原记录[0m
        [36m</button>[39m
      [36m</section>[39m
    [36m</div>[39m
  [36m</body>[39m
[36m</html>[39m

- Expected
+ Received

- true
+ false

 ❯ src/features/contentRestore/restoreFormRecovery.test.tsx:27:64
     25|   view.rerender(<RestorePanel {...props} paused />)
     26|   expect(screen.queryByLabelText('本次恢复理由')).toBeNull()
     27|   await waitFor(() => expect(onState.mock.lastCall?.[0].dirty).toBe(tr…
       |                                                                ^
     28|   expect(port.create).not.toHaveBeenCalled()
     29|   expect(Object.keys(await restoreCreateCommandStore.load(workspace)))…
 ❯ runWithExpensiveErrorDiagnosticsDisabled node_modules/@testing-library/dom/dist/config.js:47:12
 ❯ checkCallback node_modules/@testing-library/dom/dist/wait-for.js:124:77
 ❯ Timeout.checkRealTimersCallback node_modules/@testing-library/dom/dist/wait-for.js:118:16

⎯⎯⎯⎯⎯⎯⎯⎯⎯⎯⎯⎯⎯⎯⎯⎯⎯⎯⎯⎯⎯⎯⎯⎯[1/1]⎯


 Test Files  1 failed (1)
      Tests  1 failed (1)
   Start at  18:56:03
   Duration  2.12s (tests 56%, transform 21%, environment 16%, import 8%)

