FF                                                                       [100%]
=================================== FAILURES ===================================
_ test_published_edit_rejects_new_patch_but_replays_original_patch_and_publish[new-after-publish] _

editing = (<services.api.app.infrastructure.database.Database object at 0x754e0ae914c0>, SessionIdentity(id='session_REDACTED_SYNTHETIC_ID... 0x754e0aac4080>, DraftCreated(), <services.api.app.application.review_service.ReviewService object at 0x754e0ade8980>)
key = 'new-after-publish'

    @pytest.mark.parametrize('key', ['new-after-publish', None])
    def test_published_edit_rejects_new_patch_but_replays_original_patch_and_publish(editing, key):
        database, identity, _, edits, created, _ = editing
        original_patch = DraftPatchWrite(expected_revision=1,
            patches=[DraftPatch(field='body_markdown', value='Synthetic edited prose.\n')])
        old_ack = edits.patch(identity, created.draft_id, original_patch, 'edit-patch')
        original_record, _, body = approved(editing)
        published = publisher(editing).publish(identity, created.draft_id, body, 'publish')
        before = table_hashes(database)
>       with pytest.raises(ApiError) as caught:
             ^^^^^^^^^^^^^^^^^^^^^^^
E       Failed: DID NOT RAISE ApiError

tests/integration/test_edit_publication_terminal.py:19: Failed
_ test_published_edit_rejects_new_patch_but_replays_original_patch_and_publish[None] _

editing = (<services.api.app.infrastructure.database.Database object at 0x754e0aac61e0>, SessionIdentity(id='session_REDACTED_SYNTHETIC_ID... 0x754e0c362e40>, DraftCreated(), <services.api.app.application.review_service.ReviewService object at 0x754e0a94af30>)
key = None

    @pytest.mark.parametrize('key', ['new-after-publish', None])
    def test_published_edit_rejects_new_patch_but_replays_original_patch_and_publish(editing, key):
        database, identity, _, edits, created, _ = editing
        original_patch = DraftPatchWrite(expected_revision=1,
            patches=[DraftPatch(field='body_markdown', value='Synthetic edited prose.\n')])
        old_ack = edits.patch(identity, created.draft_id, original_patch, 'edit-patch')
        original_record, _, body = approved(editing)
        published = publisher(editing).publish(identity, created.draft_id, body, 'publish')
        before = table_hashes(database)
>       with pytest.raises(ApiError) as caught:
             ^^^^^^^^^^^^^^^^^^^^^^^
E       Failed: DID NOT RAISE ApiError

tests/integration/test_edit_publication_terminal.py:19: Failed
=============================== warnings summary ===============================
.venv/lib/python3.12/site-packages/fastapi/testclient.py:1
  <LOCAL_HOME>/.cache/learning-workbench-acceptance/m62-edit-publication-terminal-active/.venv/lib/python3.12/site-packages/fastapi/testclient.py:1: StarletteDeprecationWarning: Using `httpx` with `starlette.testclient` is deprecated; install `httpx2` instead.
    from starlette.testclient import TestClient as TestClient  # noqa

.venv/lib/python3.12/site-packages/starlette/testclient.py:53
  <LOCAL_HOME>/.cache/learning-workbench-acceptance/m62-edit-publication-terminal-active/.venv/lib/python3.12/site-packages/starlette/testclient.py:53: DeprecationWarning: The anyio.abc.BlockingPortal alias is deprecated, use anyio.from_thread.BlockingPortal instead.
    _PortalFactoryType = Callable[[], AbstractContextManager[anyio.abc.BlockingPortal]]

-- Docs: https://docs.pytest.org/en/stable/how-to/capture-warnings.html
=========================== short test summary info ============================
FAILED tests/integration/test_edit_publication_terminal.py::test_published_edit_rejects_new_patch_but_replays_original_patch_and_publish[new-after-publish]
FAILED tests/integration/test_edit_publication_terminal.py::test_published_edit_rejects_new_patch_but_replays_original_patch_and_publish[None]
2 failed, 2 warnings in 2.35s
