
> @learning-workbench/web@0.1.0 test:e2e
> playwright test --config ../../tests/e2e/playwright.config.ts reader.spec.ts

[WebServer] INFO:     Started server process [318233]
[WebServer] INFO:     Waiting for application startup.
[WebServer] INFO:     Application startup complete.
[WebServer] INFO:     Uvicorn running on http://127.0.0.1:8765 (Press CTRL+C to quit)
[WebServer] (node:318253) Warning: The 'NO_COLOR' env is ignored due to the 'FORCE_COLOR' env being set.
[WebServer] (Use `node --trace-warnings ...` to show where the warning was created)

Running 5 tests using 1 worker

(node:318306) Warning: The 'NO_COLOR' env is ignored due to the 'FORCE_COLOR' env being set.
(Use `node --trace-warnings ...` to show where the warning was created)
  ✘  1 ../../tests/e2e/reader.spec.ts:30:1 › real imported directory, title search, worked-example link, long formula and frozen original download (8.2s)
(node:318583) Warning: The 'NO_COLOR' env is ignored due to the 'FORCE_COLOR' env being set.
(Use `node --trace-warnings ...` to show where the warning was created)
  ✓  2 ../../tests/e2e/reader.spec.ts:63:1 › second repeated rendered selection preserves exact source codepoints, saves note, edits and soft deletes (3.4s)
  ✓  3 ../../tests/e2e/reader.spec.ts:94:1 › native source keyboard selection creates exact Markdown codepoints without rendered-text guessing (3.1s)
  ✓  4 ../../tests/e2e/reader.spec.ts:112:1 › offline local note recovery and a real concurrent server revision show three-way comparison before CAS save (3.8s)
  ✓  5 ../../tests/e2e/reader.spec.ts:160:1 › historical course revisions stay in separate exact tabs and hash-mismatched links preserve unresolved reference (4.7s)


  1) ../../tests/e2e/reader.spec.ts:30:1 › real imported directory, title search, worked-example link, long formula and frozen original download 

    Error: expect(locator).toBeInViewport() failed

    Locator:  locator('#block-block_nativedirectory_example-r1')
    Expected: in viewport
    Received: viewport ratio 0
    Timeout:  5000ms

    Call log:
      - Expect "toBeInViewport" locator('#block-block_nativedirectory_example-r1') with timeout 5000ms
      - waiting for locator('#block-block_nativedirectory_example-r1')
        12 × locator resolved to <section class="reader-block block-worked_example" id="block-block_nativedirectory_example-r1" data-block-ref="{"entity":"block","id":"block_nativedirectory_example","revision":1,"sha256":"550ff72cddcdce98b9d1c781b7c079d678cb3255fbe4f3090f752dece4fb470d"}">…</section>
           - unexpected value "viewport ratio 0"


      39 |   await hits.getByRole('link', { name: '例题：逐项计算与边界', exact: true }).click()
      40 |   const example = page.locator(`#block-${fixture.blocks[2].id}-r1`)
    > 41 |   await expect(example).toBeInViewport()
         |                         ^
      42 |   await expect.poll(async () => { const value = await page.request.get('/api/v1/workbench/session').then(response => response.json()); return value.tabs.find((tab: {id:string}) => tab.id === value.active_tab_id)?.context.active_ref }).toEqual(fixture.blocks[2])
      43 |   const session = await page.request.get('/api/v1/workbench/session').then(value => value.json())
      44 |   expect(session.tabs.find((tab: {id:string}) => tab.id === session.active_tab_id).context).toMatchObject({ view_kind: 'worked_example', active_ref: fixture.blocks[2] })
        at <repo>/tests/e2e/reader.spec.ts:41:25

    Error Context: ../../.local_data/e2e-results/reader-real-imported-direc-d5708-nd-frozen-original-download/error-context.md

  1 failed
    ../../tests/e2e/reader.spec.ts:30:1 › real imported directory, title search, worked-example link, long formula and frozen original download 
  4 passed (25.8s)
