2026-09-15T16:21:40.1210898Z Current runner version: '2.337.0'
2026-09-15T16:21:40.1232026Z ##[group]Runner Image Provisioner
2026-09-15T16:21:40.1232690Z Hosted Compute Agent
2026-09-15T16:21:40.1233213Z Version: 20260828.587
2026-09-15T16:21:40.1233746Z Commit: abac92662cab4cc7352de4f9f9d2e2419aad9c29
2026-09-15T16:21:40.1234359Z Build Date: 2026-08-28T16:44:25Z
2026-09-15T16:21:40.1234993Z Worker ID: {26dd747e-31ff-4e5b-8c8d-340e28f18c07}
2026-09-15T16:21:40.1235560Z Azure Region: eastus
2026-09-15T16:21:40.1236038Z ##[endgroup]
2026-09-15T16:21:40.1237845Z ##[group]Operating System
2026-09-15T16:21:40.1238355Z Ubuntu
2026-09-15T16:21:40.1238879Z 26.04.1
2026-09-15T16:21:40.1239299Z LTS
2026-09-15T16:21:40.1239707Z ##[endgroup]
2026-09-15T16:21:40.1240213Z ##[group]Runner Image
2026-09-15T16:21:40.1240746Z Image: ubuntu-26.04
2026-09-15T16:21:40.1241437Z Version: 20260907.131.1
2026-09-15T16:21:40.1242460Z Included Software: https://github.com/actions/runner-images/blob/ubuntu26/20260907.131/images/ubuntu/Ubuntu2604-Readme.md
2026-09-15T16:21:40.1243731Z Image Release: https://github.com/actions/runner-images/releases/tag/ubuntu26%2F20260907.131
2026-09-15T16:21:40.1244497Z ##[endgroup]
2026-09-15T16:21:40.1245452Z ##[group]GITHUB_TOKEN Permissions
2026-09-15T16:21:40.1247351Z Contents: read
2026-09-15T16:21:40.1247893Z Metadata: read
2026-09-15T16:21:40.1248352Z ##[endgroup]
2026-09-15T16:21:40.1250067Z Secret source: Actions
2026-09-15T16:21:40.1250934Z Cache mode: write
2026-09-15T16:21:40.1251936Z Prepare workflow directory
2026-09-15T16:21:40.1512478Z Prepare all required actions
2026-09-15T16:21:40.1551556Z Getting action download info
2026-09-15T16:21:40.3098434Z Download action repository 'actions/checkout@3d3c42e5aac5ba805825da76410c181273ba90b1' (SHA:3d3c42e5aac5ba805825da76410c181273ba90b1)
2026-09-15T16:21:40.7547265Z Download action repository 'actions/setup-python@5fda3b95a4ea91299a34e894583c3862153e4b97' (SHA:5fda3b95a4ea91299a34e894583c3862153e4b97)
2026-09-15T16:21:41.0508005Z Complete job name: integration
2026-09-15T16:21:41.1124118Z ##[group]Run actions/checkout@3d3c42e5aac5ba805825da76410c181273ba90b1
2026-09-15T16:21:41.1125006Z with:
2026-09-15T16:21:41.1125405Z   repository: kl3574/Learning_Workbench
2026-09-15T16:21:41.1129046Z   token: ***
2026-09-15T16:21:41.1129425Z   ssh-strict: true
2026-09-15T16:21:41.1129814Z   ssh-user: git
2026-09-15T16:21:41.1130204Z   persist-credentials: true
2026-09-15T16:21:41.1130619Z   clean: true
2026-09-15T16:21:41.1130994Z   sparse-checkout-cone-mode: true
2026-09-15T16:21:41.1131586Z   fetch-depth: 1
2026-09-15T16:21:41.1131972Z   fetch-tags: false
2026-09-15T16:21:41.1132370Z   show-progress: true
2026-09-15T16:21:41.1132757Z   lfs: false
2026-09-15T16:21:41.1133125Z   submodules: false
2026-09-15T16:21:41.1133513Z   set-safe-directory: true
2026-09-15T16:21:41.1133942Z   allow-unsafe-pr-checkout: false
2026-09-15T16:21:41.1134542Z ##[endgroup]
2026-09-15T16:21:41.2029987Z Syncing repository: kl3574/Learning_Workbench
2026-09-15T16:21:41.2032839Z ##[group]Getting Git version info
2026-09-15T16:21:41.2034072Z Working directory is '<github-runner-home>/work/Learning_Workbench/Learning_Workbench'
2026-09-15T16:21:41.2035834Z [command]/usr/bin/git version
2026-09-15T16:21:41.2072266Z git version 2.55.0
2026-09-15T16:21:41.2090058Z ##[endgroup]
2026-09-15T16:21:41.2101896Z Temporarily overriding HOME='<github-runner-home>/work/_temp/0cbf2733-5e0d-41e8-ac56-a2c1a77a77c9' before making global git config changes
2026-09-15T16:21:41.2104465Z Adding repository directory to the temporary git global config as a safe directory
2026-09-15T16:21:41.2107007Z [command]/usr/bin/git config --global --add safe.directory <github-runner-home>/work/Learning_Workbench/Learning_Workbench
2026-09-15T16:21:41.2565848Z Deleting the contents of '<github-runner-home>/work/Learning_Workbench/Learning_Workbench'
2026-09-15T16:21:41.2570133Z ##[group]Determining repository object format
2026-09-15T16:21:41.2571900Z ##[endgroup]
2026-09-15T16:21:41.2573039Z ##[group]Initializing the repository
2026-09-15T16:21:41.2576134Z [command]/usr/bin/git init <github-runner-home>/work/Learning_Workbench/Learning_Workbench
2026-09-15T16:21:41.3156220Z hint: Using 'master' as the name for the initial branch. This default branch name
2026-09-15T16:21:41.3158103Z hint: will change to "main" in Git 3.0. To configure the initial branch name
2026-09-15T16:21:41.3159717Z hint: to use in all of your new repositories, which will suppress this warning,
2026-09-15T16:21:41.3160421Z hint: call:
2026-09-15T16:21:41.3160792Z hint:
2026-09-15T16:21:41.3161583Z hint: 	git config --global init.defaultBranch <name>
2026-09-15T16:21:41.3162218Z hint:
2026-09-15T16:21:41.3162727Z hint: Names commonly chosen instead of 'master' are 'main', 'trunk' and
2026-09-15T16:21:41.3163553Z hint: 'development'. The just-created branch can be renamed via this command:
2026-09-15T16:21:41.3164211Z hint:
2026-09-15T16:21:41.3164569Z hint: 	git branch -m <name>
2026-09-15T16:21:41.3165154Z hint:
2026-09-15T16:21:41.3166095Z hint: Disable this message with "git config set advice.defaultBranchName false"
2026-09-15T16:21:41.3167187Z Initialized empty Git repository in <github-runner-home>/work/Learning_Workbench/Learning_Workbench/.git/
2026-09-15T16:21:41.3168997Z [command]/usr/bin/git remote add origin https://github.com/kl3574/Learning_Workbench
2026-09-15T16:21:41.3417718Z ##[endgroup]
2026-09-15T16:21:41.3418424Z ##[group]Disabling automatic garbage collection
2026-09-15T16:21:41.3420131Z [command]/usr/bin/git config --local gc.auto 0
2026-09-15T16:21:41.3448027Z ##[endgroup]
2026-09-15T16:21:41.3448913Z ##[group]Setting up auth
2026-09-15T16:21:41.3449729Z Removing SSH command configuration
2026-09-15T16:21:41.3452708Z [command]/usr/bin/git config --local --name-only --get-regexp core\.sshCommand
2026-09-15T16:21:41.3481472Z [command]/usr/bin/git submodule foreach --recursive sh -c "git config --local --name-only --get-regexp 'core\.sshCommand' && git config --local --unset-all 'core.sshCommand' || :"
2026-09-15T16:21:41.5719811Z Removing HTTP extra header
2026-09-15T16:21:41.5724904Z [command]/usr/bin/git config --local --name-only --get-regexp http\.https\:\/\/github\.com\/\.extraheader
2026-09-15T16:21:41.5754854Z [command]/usr/bin/git submodule foreach --recursive sh -c "git config --local --name-only --get-regexp 'http\.https\:\/\/github\.com\/\.extraheader' && git config --local --unset-all 'http.https://github.com/.extraheader' || :"
2026-09-15T16:21:41.5983860Z Removing includeIf entries pointing to credentials config files
2026-09-15T16:21:41.5987674Z [command]/usr/bin/git config --local --name-only --get-regexp ^includeIf\.gitdir:
2026-09-15T16:21:41.6015990Z [command]/usr/bin/git submodule foreach --recursive git config --local --show-origin --name-only --get-regexp remote.origin.url
2026-09-15T16:21:41.6240765Z [command]/usr/bin/git config --file <github-runner-home>/work/_temp/git-credentials-713d5c36-bf9d-4daa-9c59-7a7d946d8d2b.config http.https://github.com/.extraheader AUTHORIZATION: basic ***
2026-09-15T16:21:41.6272860Z [command]/usr/bin/git config --local includeIf.gitdir:<github-runner-home>/work/Learning_Workbench/Learning_Workbench/.git.path <github-runner-home>/work/_temp/git-credentials-713d5c36-bf9d-4daa-9c59-7a7d946d8d2b.config
2026-09-15T16:21:41.6298487Z [command]/usr/bin/git config --local includeIf.gitdir:<github-runner-home>/work/Learning_Workbench/Learning_Workbench/.git/worktrees/*.path <github-runner-home>/work/_temp/git-credentials-713d5c36-bf9d-4daa-9c59-7a7d946d8d2b.config
2026-09-15T16:21:41.6326316Z [command]/usr/bin/git config --local includeIf.gitdir:/github/workspace/.git.path /github/runner_temp/git-credentials-713d5c36-bf9d-4daa-9c59-7a7d946d8d2b.config
2026-09-15T16:21:41.6352626Z [command]/usr/bin/git config --local includeIf.gitdir:/github/workspace/.git/worktrees/*.path /github/runner_temp/git-credentials-713d5c36-bf9d-4daa-9c59-7a7d946d8d2b.config
2026-09-15T16:21:41.6377595Z ##[endgroup]
2026-09-15T16:21:41.6379114Z ##[group]Fetching the repository
2026-09-15T16:21:41.6382757Z [command]/usr/bin/git -c protocol.version=2 fetch --no-tags --prune --no-recurse-submodules --depth=1 origin +ce2610697a9ef4e094dbbbf6c8be664bbaec4222:refs/remotes/pull/52/merge
2026-09-15T16:21:45.6915188Z From https://github.com/kl3574/Learning_Workbench
2026-09-15T16:21:45.6916122Z  * [new ref]         ce2610697a9ef4e094dbbbf6c8be664bbaec4222 -> pull/52/merge
2026-09-15T16:21:45.6919182Z ##[endgroup]
2026-09-15T16:21:45.6919766Z ##[group]Determining the checkout info
2026-09-15T16:21:45.6920392Z ##[endgroup]
2026-09-15T16:21:45.6924415Z [command]/usr/bin/git sparse-checkout disable
2026-09-15T16:21:45.7496547Z [command]/usr/bin/git config --local --unset-all extensions.worktreeConfig
2026-09-15T16:21:45.7523150Z ##[group]Checking out the ref
2026-09-15T16:21:45.7526165Z [command]/usr/bin/git checkout --progress --force refs/remotes/pull/52/merge
2026-09-15T16:21:46.2484689Z Note: switching to 'refs/remotes/pull/52/merge'.
2026-09-15T16:21:46.2485189Z 
2026-09-15T16:21:46.2485497Z You are in 'detached HEAD' state. You can look around, make experimental
2026-09-15T16:21:46.2486268Z changes and commit them, and you can discard any commits you make in this
2026-09-15T16:21:46.2486975Z state without impacting any branches by switching back to a branch.
2026-09-15T16:21:46.2487396Z 
2026-09-15T16:21:46.2487694Z If you want to create a new branch to retain commits you create, you may
2026-09-15T16:21:46.2488324Z do so (now or later) by using -c with the switch command. Example:
2026-09-15T16:21:46.2488686Z 
2026-09-15T16:21:46.2488867Z   git switch -c <new-branch-name>
2026-09-15T16:21:46.2489113Z 
2026-09-15T16:21:46.2489286Z Or undo this operation with:
2026-09-15T16:21:46.2489574Z 
2026-09-15T16:21:46.2489720Z   git switch -
2026-09-15T16:21:46.2489933Z 
2026-09-15T16:21:46.2490268Z Turn off this advice by setting config variable advice.detachedHead to false
2026-09-15T16:21:46.2491587Z 
2026-09-15T16:21:46.2492069Z HEAD is now at ce26106 Merge 81d2b92e2f9ed24631988f860a1fba528f2c4ad7 into 00106992e33aecfa4d2cc0d79b474cb5aa463fdb
2026-09-15T16:21:46.2516930Z ##[endgroup]
2026-09-15T16:21:46.2610411Z [command]/usr/bin/git log -1 --format=%H
2026-09-15T16:21:46.2636181Z ce2610697a9ef4e094dbbbf6c8be664bbaec4222
2026-09-15T16:21:46.2935052Z ##[group]Run actions/setup-python@5fda3b95a4ea91299a34e894583c3862153e4b97
2026-09-15T16:21:46.2935406Z with:
2026-09-15T16:21:46.2935607Z   python-version: 3.12.13
2026-09-15T16:21:46.2935814Z   check-latest: false
2026-09-15T16:21:46.2937965Z   token: ***
2026-09-15T16:21:46.2938161Z   update-environment: true
2026-09-15T16:21:46.2938371Z   allow-prereleases: false
2026-09-15T16:21:46.2938584Z   freethreaded: false
2026-09-15T16:21:46.2938763Z ##[endgroup]
2026-09-15T16:21:46.3893198Z ##[group]Installed versions
2026-09-15T16:21:46.3903428Z Version 3.12.13 was not found in the local cache
2026-09-15T16:21:46.9476882Z Version 3.12.13 is available for downloading
2026-09-15T16:21:46.9477753Z Download from "https://github.com/actions/python-versions/releases/download/3.12.13-27650778726/python-3.12.13-linux-26.04-x64.tar.gz"
2026-09-15T16:21:47.4781584Z Extract downloaded archive
2026-09-15T16:21:47.4881400Z [command]/usr/bin/tar xz --warning=no-unknown-keyword --overwrite -C <github-runner-home>/work/_temp/ecf2591d-606f-4b46-9bfe-129546bcb671 -f <github-runner-home>/work/_temp/497374e5-e316-4138-a122-ceb8c9b36601
2026-09-15T16:21:48.5100119Z Execute installation script
2026-09-15T16:21:48.5215773Z Check if Python hostedtoolcache folder exist...
2026-09-15T16:21:48.5216543Z Create Python 3.12.13 folder
2026-09-15T16:21:48.5240301Z Copy Python binaries to hostedtoolcache folder
2026-09-15T16:21:48.8916844Z Create additional symlinks (Required for the UsePythonVersion Azure Pipelines task and the setup-python GitHub Action)
2026-09-15T16:21:48.9005453Z Upgrading pip...
2026-09-15T16:21:50.8409106Z Collecting pip
2026-09-15T16:21:50.8625389Z Downloading pip-26.2.1-py3-none-any.whl.metadata (4.6 kB)
2026-09-15T16:21:50.8707187Z Downloading pip-26.2.1-py3-none-any.whl (1.8 MB)
2026-09-15T16:21:50.8866893Z ━━━━━━━━━━━━━━━━━━━━━━━━━━━━━━━━━━━━━━━━ 1.8/1.8 MB 167.8 MB/s eta 0:00:00
2026-09-15T16:21:50.8867236Z 
2026-09-15T16:21:51.0538262Z Installing collected packages: pip
2026-09-15T16:21:51.0538993Z Attempting uninstall: pip
2026-09-15T16:21:51.0553348Z Found existing installation: pip 25.0.1
2026-09-15T16:21:51.0804858Z Uninstalling pip-25.0.1:
2026-09-15T16:21:51.0849975Z Successfully uninstalled pip-25.0.1
2026-09-15T16:21:51.8860326Z Successfully installed pip-26.2.1
2026-09-15T16:21:51.9335598Z Create complete file
2026-09-15T16:21:51.9383997Z Successfully set up CPython (3.12.13)
2026-09-15T16:21:51.9385154Z ##[endgroup]
2026-09-15T16:21:51.9523711Z ##[group]Run python -m pip install uv==0.11.21
2026-09-15T16:21:51.9524058Z [36;1mpython -m pip install uv==0.11.21[0m
2026-09-15T16:21:52.1214887Z shell: /usr/bin/bash -e {0}
2026-09-15T16:21:52.1215135Z env:
2026-09-15T16:21:52.1215378Z   pythonLocation: /opt/hostedtoolcache/Python/3.12.13/x64
2026-09-15T16:21:52.1215753Z   PKG_CONFIG_PATH: /opt/hostedtoolcache/Python/3.12.13/x64/lib/pkgconfig
2026-09-15T16:21:52.1216109Z   Python_ROOT_DIR: /opt/hostedtoolcache/Python/3.12.13/x64
2026-09-15T16:21:52.1216437Z   Python2_ROOT_DIR: /opt/hostedtoolcache/Python/3.12.13/x64
2026-09-15T16:21:52.1216747Z   Python3_ROOT_DIR: /opt/hostedtoolcache/Python/3.12.13/x64
2026-09-15T16:21:52.1217050Z   LD_LIBRARY_PATH: /opt/hostedtoolcache/Python/3.12.13/x64/lib
2026-09-15T16:21:52.1217313Z ##[endgroup]
2026-09-15T16:21:53.1012412Z Collecting uv==0.11.21
2026-09-15T16:21:53.1218380Z   Downloading uv-0.11.21-py3-none-manylinux_2_17_x86_64.manylinux2014_x86_64.whl.metadata (11 kB)
2026-09-15T16:21:53.1322828Z Downloading uv-0.11.21-py3-none-manylinux_2_17_x86_64.manylinux2014_x86_64.whl (25.1 MB)
2026-09-15T16:21:53.5120153Z    ━━━━━━━━━━━━━━━━━━━━━━━━━━━━━━━━━━━━━━━━ 25.1/25.1 MB 67.4 MB/s  0:00:00
2026-09-15T16:21:53.5504131Z Installing collected packages: uv
2026-09-15T16:21:53.7707547Z Successfully installed uv-0.11.21
2026-09-15T16:21:53.8214656Z ##[group]Run uv sync --frozen
2026-09-15T16:21:53.8214961Z [36;1muv sync --frozen[0m
2026-09-15T16:21:53.8265749Z shell: /usr/bin/bash -e {0}
2026-09-15T16:21:53.8265977Z env:
2026-09-15T16:21:53.8266200Z   pythonLocation: /opt/hostedtoolcache/Python/3.12.13/x64
2026-09-15T16:21:53.8266557Z   PKG_CONFIG_PATH: /opt/hostedtoolcache/Python/3.12.13/x64/lib/pkgconfig
2026-09-15T16:21:53.8266895Z   Python_ROOT_DIR: /opt/hostedtoolcache/Python/3.12.13/x64
2026-09-15T16:21:53.8267193Z   Python2_ROOT_DIR: /opt/hostedtoolcache/Python/3.12.13/x64
2026-09-15T16:21:53.8267490Z   Python3_ROOT_DIR: /opt/hostedtoolcache/Python/3.12.13/x64
2026-09-15T16:21:53.8267792Z   LD_LIBRARY_PATH: /opt/hostedtoolcache/Python/3.12.13/x64/lib
2026-09-15T16:21:53.8268062Z ##[endgroup]
2026-09-15T16:21:53.8774326Z Using CPython 3.12.13 interpreter at: /opt/hostedtoolcache/Python/3.12.13/x64/bin/python3.12
2026-09-15T16:21:53.8774947Z Creating virtual environment at: .venv
2026-09-15T16:21:53.9475135Z Downloading ruff (9.9MiB)
2026-09-15T16:21:53.9475644Z Downloading ast-serialize (1.3MiB)
2026-09-15T16:21:53.9485819Z Downloading pygments (1.2MiB)
2026-09-15T16:21:53.9486910Z Downloading pydantic-core (2.0MiB)
2026-09-15T16:21:53.9489296Z Downloading mypy (14.6MiB)
2026-09-15T16:21:54.1018988Z  Downloaded ast-serialize
2026-09-15T16:21:54.1296687Z  Downloaded pydantic-core
2026-09-15T16:21:54.1949248Z  Downloaded ruff
2026-09-15T16:21:54.2458245Z  Downloaded pygments
2026-09-15T16:21:54.3475750Z  Downloaded mypy
2026-09-15T16:21:54.3477788Z Prepared 37 packages in 467ms
2026-09-15T16:21:54.4357178Z Installed 37 packages in 87ms
2026-09-15T16:21:54.4357567Z  + annotated-doc==0.0.5
2026-09-15T16:21:54.4362083Z  + annotated-types==0.8.0
2026-09-15T16:21:54.4362448Z  + anyio==4.15.1
2026-09-15T16:21:54.4362732Z  + ast-serialize==0.11.2
2026-09-15T16:21:54.4363028Z  + attrs==26.1.0
2026-09-15T16:21:54.4363282Z  + certifi==2026.7.22
2026-09-15T16:21:54.4363553Z  + click==8.5.0
2026-09-15T16:21:54.4363847Z  + defusedxml==0.7.1
2026-09-15T16:21:54.4364115Z  + fastapi==0.141.1
2026-09-15T16:21:54.4364413Z  + h11==0.16.0
2026-09-15T16:21:54.4364663Z  + httpcore==1.0.9
2026-09-15T16:21:54.4364930Z  + httpx==0.28.1
2026-09-15T16:21:54.4365435Z  + idna==3.19
2026-09-15T16:21:54.4365679Z  + iniconfig==2.3.0
2026-09-15T16:21:54.4365930Z  + jsonschema==4.26.0
2026-09-15T16:21:54.4366272Z  + jsonschema-specifications==2025.9.1
2026-09-15T16:21:54.4366579Z  + librt==0.15.0
2026-09-15T16:21:54.4366823Z  + markdown-it-py==4.2.0
2026-09-15T16:21:54.4367098Z  + mdurl==0.1.2
2026-09-15T16:21:54.4367329Z  + mypy==2.3.1
2026-09-15T16:21:54.4367571Z  + mypy-extensions==1.1.0
2026-09-15T16:21:54.4367837Z  + packaging==26.3
2026-09-15T16:21:54.4368076Z  + pathspec==1.1.1
2026-09-15T16:21:54.4368510Z  + pluggy==1.6.0
2026-09-15T16:21:54.4369521Z  + pydantic==2.13.5
2026-09-15T16:21:54.4369795Z  + pydantic-core==2.46.5
2026-09-15T16:21:54.4370085Z  + pygments==2.21.0
2026-09-15T16:21:54.4370328Z  + pypdf==6.18.1
2026-09-15T16:21:54.4370636Z  + pytest==9.1.1
2026-09-15T16:21:54.4370906Z  + python-multipart==0.0.32
2026-09-15T16:21:54.4371350Z  + referencing==0.37.0
2026-09-15T16:21:54.4371615Z  + rpds-py==2026.6.3
2026-09-15T16:21:54.4371867Z  + ruff==0.16.7
2026-09-15T16:21:54.4372176Z  + starlette==1.6.0
2026-09-15T16:21:54.4372491Z  + typing-extensions==4.16.0
2026-09-15T16:21:54.4372805Z  + typing-inspection==0.4.4
2026-09-15T16:21:54.4373255Z  + uvicorn==0.53.0
2026-09-15T16:21:54.4442263Z ##[group]Run sudo apt-get update
2026-09-15T16:21:54.4442682Z [36;1msudo apt-get update[0m
2026-09-15T16:21:54.4443531Z [36;1msudo apt-get install -y bubblewrap=0.11.1-1ubuntu0.1 apparmor=5.0.2-0ubuntu1~26.04.1 libapparmor1=5.0.2-0ubuntu1~26.04.1 libseccomp2=2.6.0-2ubuntu5[0m
2026-09-15T16:21:54.4444476Z [36;1mdpkg-query -W bubblewrap apparmor libapparmor1 libseccomp2[0m
2026-09-15T16:21:54.4445029Z [36;1mtest -f /etc/apparmor.d/bwrap-userns-restrict[0m
2026-09-15T16:21:54.4445456Z [36;1mbwrap --version[0m
2026-09-15T16:21:54.4514144Z shell: /usr/bin/bash -e {0}
2026-09-15T16:21:54.4514374Z env:
2026-09-15T16:21:54.4514627Z   pythonLocation: /opt/hostedtoolcache/Python/3.12.13/x64
2026-09-15T16:21:54.4515014Z   PKG_CONFIG_PATH: /opt/hostedtoolcache/Python/3.12.13/x64/lib/pkgconfig
2026-09-15T16:21:54.4515377Z   Python_ROOT_DIR: /opt/hostedtoolcache/Python/3.12.13/x64
2026-09-15T16:21:54.4515686Z   Python2_ROOT_DIR: /opt/hostedtoolcache/Python/3.12.13/x64
2026-09-15T16:21:54.4516035Z   Python3_ROOT_DIR: /opt/hostedtoolcache/Python/3.12.13/x64
2026-09-15T16:21:54.4516361Z   LD_LIBRARY_PATH: /opt/hostedtoolcache/Python/3.12.13/x64/lib
2026-09-15T16:21:54.4516639Z ##[endgroup]
2026-09-15T16:21:55.0774256Z Get:1 https://dl.google.com/linux/chrome-stable/deb stable InRelease [2548 B]
2026-09-15T16:21:55.1159344Z Get:2 https://packages.microsoft.com/ubuntu/26.04/prod resolute InRelease [3964 B]
2026-09-15T16:21:55.1544389Z Get:3 file:/etc/apt/apt-mirrors.txt Mirrorlist [144 B]
2026-09-15T16:21:55.1814101Z Hit:4 http://azure.archive.ubuntu.com/ubuntu resolute InRelease
2026-09-15T16:21:55.1838653Z Get:5 http://azure.archive.ubuntu.com/ubuntu resolute-updates InRelease [137 kB]
2026-09-15T16:21:55.4291742Z Get:6 http://azure.archive.ubuntu.com/ubuntu resolute-backports InRelease [137 kB]
2026-09-15T16:21:55.4784365Z Get:7 http://azure.archive.ubuntu.com/ubuntu resolute-security InRelease [137 kB]
2026-09-15T16:21:55.5411719Z Get:8 https://dl.google.com/linux/chrome-stable/deb stable/main amd64 Packages [1415 B]
2026-09-15T16:21:55.5566210Z Get:9 https://packages.microsoft.com/ubuntu/26.04/prod resolute/main arm64 Packages [52.1 kB]
2026-09-15T16:21:55.5599710Z Get:10 https://packages.microsoft.com/ubuntu/26.04/prod resolute/main amd64 Packages [59.9 kB]
2026-09-15T16:21:55.6692390Z Get:11 http://azure.archive.ubuntu.com/ubuntu resolute-updates/main amd64v3 Packages [610 kB]
2026-09-15T16:21:55.6766339Z Get:12 http://azure.archive.ubuntu.com/ubuntu resolute-updates/main Translation-en [145 kB]
2026-09-15T16:21:55.6767224Z Get:13 http://azure.archive.ubuntu.com/ubuntu resolute-updates/main amd64 Components [97.8 kB]
2026-09-15T16:21:55.6773553Z Get:14 http://azure.archive.ubuntu.com/ubuntu resolute-updates/universe amd64v3 Packages [293 kB]
2026-09-15T16:21:55.6801236Z Get:15 http://azure.archive.ubuntu.com/ubuntu resolute-updates/universe Translation-en [93.2 kB]
2026-09-15T16:21:55.6820149Z Get:16 http://azure.archive.ubuntu.com/ubuntu resolute-updates/universe amd64 Components [188 kB]
2026-09-15T16:21:55.6842511Z Get:17 http://azure.archive.ubuntu.com/ubuntu resolute-updates/restricted amd64v3 Packages [409 kB]
2026-09-15T16:21:55.6888940Z Get:18 http://azure.archive.ubuntu.com/ubuntu resolute-updates/restricted Translation-en [79.5 kB]
2026-09-15T16:21:55.6892233Z Get:19 http://azure.archive.ubuntu.com/ubuntu resolute-updates/multiverse amd64v3 Packages [11.6 kB]
2026-09-15T16:21:55.6893315Z Get:20 http://azure.archive.ubuntu.com/ubuntu resolute-updates/multiverse Translation-en [3036 B]
2026-09-15T16:21:55.7362823Z Get:21 http://azure.archive.ubuntu.com/ubuntu resolute-backports/universe amd64 Components [1056 B]
2026-09-15T16:21:55.7377737Z Get:22 http://azure.archive.ubuntu.com/ubuntu resolute-security/main amd64v3 Packages [476 kB]
2026-09-15T16:21:55.7406186Z Get:23 http://azure.archive.ubuntu.com/ubuntu resolute-security/main Translation-en [111 kB]
2026-09-15T16:21:55.7422219Z Get:24 http://azure.archive.ubuntu.com/ubuntu resolute-security/main amd64 Components [46.6 kB]
2026-09-15T16:21:55.7439732Z Get:25 http://azure.archive.ubuntu.com/ubuntu resolute-security/universe amd64v3 Packages [173 kB]
2026-09-15T16:21:55.7457765Z Get:26 http://azure.archive.ubuntu.com/ubuntu resolute-security/universe Translation-en [54.4 kB]
2026-09-15T16:21:55.7471462Z Get:27 http://azure.archive.ubuntu.com/ubuntu resolute-security/universe amd64 Components [43.4 kB]
2026-09-15T16:21:55.7488513Z Get:28 http://azure.archive.ubuntu.com/ubuntu resolute-security/restricted amd64v3 Packages [399 kB]
2026-09-15T16:21:55.7513064Z Get:29 http://azure.archive.ubuntu.com/ubuntu resolute-security/restricted Translation-en [77.7 kB]
2026-09-15T16:21:55.7527733Z Get:30 http://azure.archive.ubuntu.com/ubuntu resolute-security/multiverse amd64v3 Packages [10.9 kB]
2026-09-15T16:21:55.7540665Z Get:31 http://azure.archive.ubuntu.com/ubuntu resolute-security/multiverse Translation-en [2844 B]
2026-09-15T16:22:10.6787560Z Fetched 3858 kB in 1s (4275 kB/s)
2026-09-15T16:22:11.1918083Z Reading package lists...
2026-09-15T16:22:11.2445084Z Reading package lists...
2026-09-15T16:22:11.3770732Z Building dependency tree...
2026-09-15T16:22:11.3777435Z Reading state information...
2026-09-15T16:22:11.4063414Z bubblewrap is already the newest version (0.11.1-1ubuntu0.1).
2026-09-15T16:22:11.4063890Z bubblewrap set to manually installed.
2026-09-15T16:22:11.4064292Z apparmor is already the newest version (5.0.2-0ubuntu1~26.04.1).
2026-09-15T16:22:11.4064699Z apparmor set to manually installed.
2026-09-15T16:22:11.4065099Z libapparmor1 is already the newest version (5.0.2-0ubuntu1~26.04.1).
2026-09-15T16:22:11.4065521Z libapparmor1 set to manually installed.
2026-09-15T16:22:11.4065914Z libseccomp2 is already the newest version (2.6.0-2ubuntu5).
2026-09-15T16:22:11.4066298Z libseccomp2 set to manually installed.
2026-09-15T16:22:11.4521341Z Solving dependencies...
2026-09-15T16:22:11.5596393Z 0 upgraded, 0 newly installed, 0 to remove and 76 not upgraded.
2026-09-15T16:22:11.5976826Z apparmor	5.0.2-0ubuntu1~26.04.1
2026-09-15T16:22:11.5977261Z bubblewrap	0.11.1-1ubuntu0.1
2026-09-15T16:22:11.5977629Z libapparmor1:amd64	5.0.2-0ubuntu1~26.04.1
2026-09-15T16:22:11.5978004Z libseccomp2:amd64	2.6.0-2ubuntu5
2026-09-15T16:22:11.6984452Z bubblewrap 0.11.1
2026-09-15T16:22:11.7021489Z ##[group]Run uv run --frozen pytest tests/integration
2026-09-15T16:22:11.7021965Z [36;1muv run --frozen pytest tests/integration[0m
2026-09-15T16:22:11.7072649Z shell: /usr/bin/bash -e {0}
2026-09-15T16:22:11.7072863Z env:
2026-09-15T16:22:11.7073097Z   pythonLocation: /opt/hostedtoolcache/Python/3.12.13/x64
2026-09-15T16:22:11.7073453Z   PKG_CONFIG_PATH: /opt/hostedtoolcache/Python/3.12.13/x64/lib/pkgconfig
2026-09-15T16:22:11.7073795Z   Python_ROOT_DIR: /opt/hostedtoolcache/Python/3.12.13/x64
2026-09-15T16:22:11.7074105Z   Python2_ROOT_DIR: /opt/hostedtoolcache/Python/3.12.13/x64
2026-09-15T16:22:11.7074586Z   Python3_ROOT_DIR: /opt/hostedtoolcache/Python/3.12.13/x64
2026-09-15T16:22:11.7074896Z   LD_LIBRARY_PATH: /opt/hostedtoolcache/Python/3.12.13/x64/lib
2026-09-15T16:22:11.7075162Z ##[endgroup]
2026-09-15T16:22:15.7344402Z ============================= test session starts ==============================
2026-09-15T16:22:15.7345114Z platform linux -- Python 3.12.13, pytest-9.1.1, pluggy-1.6.0
2026-09-15T16:22:15.7345657Z rootdir: <github-runner-home>/work/Learning_Workbench/Learning_Workbench
2026-09-15T16:22:15.7346125Z configfile: pyproject.toml
2026-09-15T16:22:15.7346453Z plugins: anyio-4.15.1
2026-09-15T16:22:15.7346732Z collected 726 items
2026-09-15T16:22:15.7346896Z 
2026-09-15T16:22:34.6852500Z tests/integration/test_assessment_attempts.py .......................... [  3%]
2026-09-15T16:22:42.2433414Z ...........                                                              [  5%]
2026-09-15T16:22:59.8508511Z tests/integration/test_assessment_grading.py ....................        [  7%]
2026-09-15T16:23:04.0966011Z tests/integration/test_assessment_independent_review.py .......          [  8%]
2026-09-15T16:23:10.9197911Z tests/integration/test_assessment_learning_port.py ...........           [ 10%]
2026-09-15T16:23:23.3053465Z tests/integration/test_assessment_policy.py ...................          [ 12%]
2026-09-15T16:23:31.8895745Z tests/integration/test_assessment_review_history.py ........             [ 14%]
2026-09-15T16:23:38.3176542Z tests/integration/test_concept_states.py .........                       [ 15%]
2026-09-15T16:23:41.8424615Z tests/integration/test_content_http.py ...........                       [ 16%]
2026-09-15T16:23:42.6584761Z tests/integration/test_content_repository.py ........................... [ 20%]
2026-09-15T16:23:42.9310755Z ........                                                                 [ 21%]
2026-09-15T16:23:51.0989660Z tests/integration/test_content_retrieval.py .....................        [ 24%]
2026-09-15T16:24:00.6774834Z tests/integration/test_document_http.py ......                           [ 25%]
2026-09-15T16:24:06.9901826Z tests/integration/test_document_imports.py ......                        [ 26%]
2026-09-15T16:24:11.6668939Z tests/integration/test_evidence_independent_review.py ......             [ 26%]
2026-09-15T16:24:14.5927859Z tests/integration/test_grading_queue_isolation.py ..                     [ 27%]
2026-09-15T16:24:24.8826559Z tests/integration/test_import_http.py ...............                    [ 29%]
2026-09-15T16:24:40.7335790Z tests/integration/test_import_repository.py ............................ [ 33%]
2026-09-15T16:24:50.3002203Z ......                                                                   [ 34%]
2026-09-15T16:24:52.1366754Z tests/integration/test_learner_profile.py ....................           [ 36%]
2026-09-15T16:24:52.7814075Z tests/integration/test_learning_action_integrity.py ...                  [ 37%]
2026-09-15T16:24:56.3800905Z tests/integration/test_learning_activity_access.py ......                [ 38%]
2026-09-15T16:24:56.9017283Z tests/integration/test_learning_content_scope.py ...............         [ 40%]
2026-09-15T16:24:57.9071561Z tests/integration/test_learning_course_history.py ..                     [ 40%]
2026-09-15T16:25:10.9563568Z tests/integration/test_learning_evidence.py ................             [ 42%]
2026-09-15T16:25:13.1964268Z tests/integration/test_learning_state_observations.py ...                [ 42%]
2026-09-15T16:25:16.0385181Z tests/integration/test_notes_learning.py ............................... [ 47%]
2026-09-15T16:25:17.4259009Z .................                                                        [ 49%]
2026-09-15T16:25:22.7099679Z tests/integration/test_practice_grading.py .........                     [ 50%]
2026-09-15T16:25:28.4077659Z tests/integration/test_practice_independent_review.py ........           [ 51%]
2026-09-15T16:25:28.8311728Z tests/integration/test_practice_learning_port.py ............            [ 53%]
2026-09-15T16:25:50.5052886Z tests/integration/test_practice_model_help.py ...........                [ 55%]
2026-09-15T16:26:04.5626104Z tests/integration/test_practice_sessions.py ........................     [ 58%]
2026-09-15T16:26:09.0686958Z tests/integration/test_provenance_recovery_integrity.py ......           [ 59%]
2026-09-15T16:26:09.3774453Z tests/integration/test_provider_config.py ........                       [ 60%]
2026-09-15T16:26:09.8596419Z tests/integration/test_provider_consents.py ......                       [ 61%]
2026-09-15T16:26:21.5745718Z tests/integration/test_provider_dispatch.py ..........................   [ 64%]
2026-09-15T16:26:27.7416430Z tests/integration/test_provider_http.py ..............                   [ 66%]
2026-09-15T16:26:28.5054847Z tests/integration/test_provider_lifecycle.py .                           [ 66%]
2026-09-15T16:26:28.6466600Z tests/integration/test_provider_migration.py ..                          [ 67%]
2026-09-15T16:26:30.5531217Z tests/integration/test_provider_proof_admission.py .......               [ 68%]
2026-09-15T16:26:30.6874775Z tests/integration/test_question_qualification.py ....                    [ 68%]
2026-09-15T16:26:30.8230815Z tests/integration/test_reader_directory.py ....                          [ 69%]
2026-09-15T16:26:38.7511852Z tests/integration/test_reader_provenance.py ...........                  [ 70%]
2026-09-15T16:26:39.6859381Z tests/integration/test_recommendation_content_access.py ................ [ 72%]
2026-09-15T16:26:40.0857686Z .......                                                                  [ 73%]
2026-09-15T16:26:41.7599509Z tests/integration/test_recommendation_http.py ..                         [ 74%]
2026-09-15T16:26:52.8590438Z tests/integration/test_recommendation_source_ports.py ..............     [ 76%]
2026-09-15T16:26:54.5115451Z tests/integration/test_recommendation_worker_readiness.py ..........     [ 77%]
2026-09-15T16:27:22.1106206Z tests/integration/test_recommendations.py .............................  [ 81%]
2026-09-15T16:28:18.8067041Z tests/integration/test_retrieval.py .........................            [ 84%]
2026-09-15T16:28:20.7732378Z tests/integration/test_retrieval_integrity.py ............               [ 86%]
2026-09-15T16:28:20.8424503Z tests/integration/test_retrieval_migration.py ..                         [ 86%]
2026-09-15T16:28:21.1519320Z tests/integration/test_route_completion_sources.py ........              [ 87%]
2026-09-15T16:28:22.9695556Z tests/integration/test_routes_commands.py .............                  [ 89%]
2026-09-15T16:28:27.5472406Z tests/integration/test_tutor_context.py ............                     [ 91%]
2026-09-15T16:28:32.2759994Z tests/integration/test_tutor_http.py ......                              [ 92%]
2026-09-15T16:28:38.1143169Z tests/integration/test_tutor_jobs_http.py ..........                     [ 93%]
2026-09-15T16:28:38.3530953Z tests/integration/test_tutor_replay_integrity.py ..                      [ 93%]
2026-09-15T16:28:51.9035637Z tests/integration/test_tutor_runs.py ....................                [ 96%]
2026-09-15T16:28:52.9107515Z tests/integration/test_tutor_worker_fairness.py ....                     [ 97%]
2026-09-15T16:28:58.5803325Z tests/integration/test_workbench_assessment_policy.py ......             [ 97%]
2026-09-15T16:29:02.7428433Z tests/integration/test_workbench_persistence.py ...............          [100%]
2026-09-15T16:29:02.7429449Z 
2026-09-15T16:29:02.7429657Z =============================== warnings summary ===============================
2026-09-15T16:29:02.7430155Z .venv/lib/python3.12/site-packages/fastapi/testclient.py:1
2026-09-15T16:29:02.7431556Z   <github-runner-home>/work/Learning_Workbench/Learning_Workbench/.venv/lib/python3.12/site-packages/fastapi/testclient.py:1: StarletteDeprecationWarning: Using `httpx` with `starlette.testclient` is deprecated; install `httpx2` instead.
2026-09-15T16:29:02.7432841Z     from starlette.testclient import TestClient as TestClient  # noqa
2026-09-15T16:29:02.7433404Z 
2026-09-15T16:29:02.7433606Z .venv/lib/python3.12/site-packages/starlette/testclient.py:53
2026-09-15T16:29:02.7434830Z   <github-runner-home>/work/Learning_Workbench/Learning_Workbench/.venv/lib/python3.12/site-packages/starlette/testclient.py:53: DeprecationWarning: The anyio.abc.BlockingPortal alias is deprecated, use anyio.from_thread.BlockingPortal instead.
2026-09-15T16:29:02.7436161Z     _PortalFactoryType = Callable[[], AbstractContextManager[anyio.abc.BlockingPortal]]
2026-09-15T16:29:02.7436579Z 
2026-09-15T16:29:02.7436824Z -- Docs: https://docs.pytest.org/en/stable/how-to/capture-warnings.html
2026-09-15T16:29:02.7437388Z ================= 726 passed, 2 warnings in 410.04s (0:06:50) ==================
2026-09-15T16:29:03.0313101Z Post job cleanup.
2026-09-15T16:29:03.1387770Z Post job cleanup.
2026-09-15T16:29:03.2122850Z [command]/usr/bin/git version
2026-09-15T16:29:03.2161397Z git version 2.55.0
2026-09-15T16:29:03.2188074Z Temporarily overriding HOME='<github-runner-home>/work/_temp/cfacfd2d-5258-421e-bd41-28f4b2c05647' before making global git config changes
2026-09-15T16:29:03.2189111Z Adding repository directory to the temporary git global config as a safe directory
2026-09-15T16:29:03.2192077Z [command]/usr/bin/git config --global --add safe.directory <github-runner-home>/work/Learning_Workbench/Learning_Workbench
2026-09-15T16:29:03.2221285Z Removing SSH command configuration
2026-09-15T16:29:03.2226290Z [command]/usr/bin/git config --local --name-only --get-regexp core\.sshCommand
2026-09-15T16:29:03.2257885Z [command]/usr/bin/git submodule foreach --recursive sh -c "git config --local --name-only --get-regexp 'core\.sshCommand' && git config --local --unset-all 'core.sshCommand' || :"
2026-09-15T16:29:03.2520048Z Removing HTTP extra header
2026-09-15T16:29:03.2524927Z [command]/usr/bin/git config --local --name-only --get-regexp http\.https\:\/\/github\.com\/\.extraheader
2026-09-15T16:29:03.2557919Z [command]/usr/bin/git submodule foreach --recursive sh -c "git config --local --name-only --get-regexp 'http\.https\:\/\/github\.com\/\.extraheader' && git config --local --unset-all 'http.https://github.com/.extraheader' || :"
2026-09-15T16:29:03.2817691Z Removing includeIf entries pointing to credentials config files
2026-09-15T16:29:03.2822979Z [command]/usr/bin/git config --local --name-only --get-regexp ^includeIf\.gitdir:
2026-09-15T16:29:03.2854355Z includeif.gitdir:<github-runner-home>/work/Learning_Workbench/Learning_Workbench/.git.path
2026-09-15T16:29:03.2855178Z includeif.gitdir:<github-runner-home>/work/Learning_Workbench/Learning_Workbench/.git/worktrees/*.path
2026-09-15T16:29:03.2855801Z includeif.gitdir:/github/workspace/.git.path
2026-09-15T16:29:03.2856253Z includeif.gitdir:/github/workspace/.git/worktrees/*.path
2026-09-15T16:29:03.2862448Z [command]/usr/bin/git config --local --get-all includeif.gitdir:<github-runner-home>/work/Learning_Workbench/Learning_Workbench/.git.path
2026-09-15T16:29:03.2883296Z <github-runner-home>/work/_temp/git-credentials-713d5c36-bf9d-4daa-9c59-7a7d946d8d2b.config
2026-09-15T16:29:03.2891666Z [command]/usr/bin/git config --local --unset includeif.gitdir:<github-runner-home>/work/Learning_Workbench/Learning_Workbench/.git.path \/home\/runner\/work\/_temp\/git\-credentials\-713d5c36\-bf9d\-4daa\-9c59\-7a7d946d8d2b\.config
2026-09-15T16:29:03.2922524Z [command]/usr/bin/git config --local --get-all includeif.gitdir:<github-runner-home>/work/Learning_Workbench/Learning_Workbench/.git/worktrees/*.path
2026-09-15T16:29:03.2949121Z <github-runner-home>/work/_temp/git-credentials-713d5c36-bf9d-4daa-9c59-7a7d946d8d2b.config
2026-09-15T16:29:03.2955954Z [command]/usr/bin/git config --local --unset includeif.gitdir:<github-runner-home>/work/Learning_Workbench/Learning_Workbench/.git/worktrees/*.path \/home\/runner\/work\/_temp\/git\-credentials\-713d5c36\-bf9d\-4daa\-9c59\-7a7d946d8d2b\.config
2026-09-15T16:29:03.2982787Z [command]/usr/bin/git config --local --get-all includeif.gitdir:/github/workspace/.git.path
2026-09-15T16:29:03.3002128Z /github/runner_temp/git-credentials-713d5c36-bf9d-4daa-9c59-7a7d946d8d2b.config
2026-09-15T16:29:03.3009037Z [command]/usr/bin/git config --local --unset includeif.gitdir:/github/workspace/.git.path \/github\/runner_temp\/git\-credentials\-713d5c36\-bf9d\-4daa\-9c59\-7a7d946d8d2b\.config
2026-09-15T16:29:03.3036880Z [command]/usr/bin/git config --local --get-all includeif.gitdir:/github/workspace/.git/worktrees/*.path
2026-09-15T16:29:03.3056336Z /github/runner_temp/git-credentials-713d5c36-bf9d-4daa-9c59-7a7d946d8d2b.config
2026-09-15T16:29:03.3062455Z [command]/usr/bin/git config --local --unset includeif.gitdir:/github/workspace/.git/worktrees/*.path \/github\/runner_temp\/git\-credentials\-713d5c36\-bf9d\-4daa\-9c59\-7a7d946d8d2b\.config
2026-09-15T16:29:03.3091314Z [command]/usr/bin/git submodule foreach --recursive git config --local --show-origin --name-only --get-regexp remote.origin.url
2026-09-15T16:29:03.3332429Z Removing credentials config '<github-runner-home>/work/_temp/git-credentials-713d5c36-bf9d-4daa-9c59-7a7d946d8d2b.config'
2026-09-15T16:29:03.3486198Z Cleaning up orphan processes
