2026-09-15T16:21:40.4506800Z Current runner version: '2.337.0'
2026-09-15T16:21:40.4533829Z ##[group]Runner Image Provisioner
2026-09-15T16:21:40.4534796Z Hosted Compute Agent
2026-09-15T16:21:40.4535434Z Version: 20260828.587
2026-09-15T16:21:40.4536127Z Commit: abac92662cab4cc7352de4f9f9d2e2419aad9c29
2026-09-15T16:21:40.4536879Z Build Date: 2026-08-28T16:44:25Z
2026-09-15T16:21:40.4537568Z Worker ID: {fa88bb30-4139-4898-b399-e40e290cc4b9}
2026-09-15T16:21:40.4538347Z Azure Region: centralus
2026-09-15T16:21:40.4539199Z ##[endgroup]
2026-09-15T16:21:40.4540696Z ##[group]Operating System
2026-09-15T16:21:40.4541448Z Ubuntu
2026-09-15T16:21:40.4541980Z 24.04.5
2026-09-15T16:21:40.4542584Z LTS
2026-09-15T16:21:40.4543140Z ##[endgroup]
2026-09-15T16:21:40.4543717Z ##[group]Runner Image
2026-09-15T16:21:40.4544398Z Image: ubuntu-24.04
2026-09-15T16:21:40.4544995Z Version: 20260907.300.1
2026-09-15T16:21:40.4546384Z Included Software: https://github.com/actions/runner-images/blob/ubuntu24/20260907.300/images/ubuntu/Ubuntu2404-Readme.md
2026-09-15T16:21:40.4547940Z Image Release: https://github.com/actions/runner-images/releases/tag/ubuntu24%2F20260907.300
2026-09-15T16:21:40.4549184Z ##[endgroup]
2026-09-15T16:21:40.4550294Z ##[group]GITHUB_TOKEN Permissions
2026-09-15T16:21:40.4552556Z Contents: read
2026-09-15T16:21:40.4553206Z Metadata: read
2026-09-15T16:21:40.4553844Z ##[endgroup]
2026-09-15T16:21:40.4556492Z Secret source: Actions
2026-09-15T16:21:40.4557555Z Cache mode: write
2026-09-15T16:21:40.4559077Z Prepare workflow directory
2026-09-15T16:21:40.4906260Z Prepare all required actions
2026-09-15T16:21:40.4955713Z Getting action download info
2026-09-15T16:21:40.7783679Z Download action repository 'actions/checkout@3d3c42e5aac5ba805825da76410c181273ba90b1' (SHA:3d3c42e5aac5ba805825da76410c181273ba90b1)
2026-09-15T16:21:40.8909394Z Download action repository 'actions/setup-python@5fda3b95a4ea91299a34e894583c3862153e4b97' (SHA:5fda3b95a4ea91299a34e894583c3862153e4b97)
2026-09-15T16:21:41.0803567Z Complete job name: security-publication
2026-09-15T16:21:41.1639110Z ##[group]Run actions/checkout@3d3c42e5aac5ba805825da76410c181273ba90b1
2026-09-15T16:21:41.1640268Z with:
2026-09-15T16:21:41.1640734Z   repository: kl3574/Learning_Workbench
2026-09-15T16:21:41.1644829Z   token: ***
2026-09-15T16:21:41.1645270Z   ssh-strict: true
2026-09-15T16:21:41.1645720Z   ssh-user: git
2026-09-15T16:21:41.1646168Z   persist-credentials: true
2026-09-15T16:21:41.1646664Z   clean: true
2026-09-15T16:21:41.1647119Z   sparse-checkout-cone-mode: true
2026-09-15T16:21:41.1647646Z   fetch-depth: 1
2026-09-15T16:21:41.1648083Z   fetch-tags: false
2026-09-15T16:21:41.1648533Z   show-progress: true
2026-09-15T16:21:41.1649192Z   lfs: false
2026-09-15T16:21:41.1649624Z   submodules: false
2026-09-15T16:21:41.1650100Z   set-safe-directory: true
2026-09-15T16:21:41.1650624Z   allow-unsafe-pr-checkout: false
2026-09-15T16:21:41.1651397Z ##[endgroup]
2026-09-15T16:21:41.2741866Z Syncing repository: kl3574/Learning_Workbench
2026-09-15T16:21:41.2744190Z ##[group]Getting Git version info
2026-09-15T16:21:41.2745107Z Working directory is '<github-runner-home>/work/Learning_Workbench/Learning_Workbench'
2026-09-15T16:21:41.2746362Z [command]/usr/bin/git version
2026-09-15T16:21:41.2809594Z git version 2.55.0
2026-09-15T16:21:41.2841390Z ##[endgroup]
2026-09-15T16:21:41.2853406Z Temporarily overriding HOME='<github-runner-home>/work/_temp/e679d391-b324-4f6e-bb6a-781d730550a8' before making global git config changes
2026-09-15T16:21:41.2856081Z Adding repository directory to the temporary git global config as a safe directory
2026-09-15T16:21:41.2867811Z [command]/usr/bin/git config --global --add safe.directory <github-runner-home>/work/Learning_Workbench/Learning_Workbench
2026-09-15T16:21:41.2916152Z Deleting the contents of '<github-runner-home>/work/Learning_Workbench/Learning_Workbench'
2026-09-15T16:21:41.2920140Z ##[group]Determining repository object format
2026-09-15T16:21:41.2922068Z ##[endgroup]
2026-09-15T16:21:41.2923066Z ##[group]Initializing the repository
2026-09-15T16:21:41.2928088Z [command]/usr/bin/git init <github-runner-home>/work/Learning_Workbench/Learning_Workbench
2026-09-15T16:21:41.3031748Z hint: Using 'master' as the name for the initial branch. This default branch name
2026-09-15T16:21:41.3034215Z hint: will change to "main" in Git 3.0. To configure the initial branch name
2026-09-15T16:21:41.3037378Z hint: to use in all of your new repositories, which will suppress this warning,
2026-09-15T16:21:41.3038419Z hint: call:
2026-09-15T16:21:41.3039588Z hint:
2026-09-15T16:21:41.3040325Z hint: 	git config --global init.defaultBranch <name>
2026-09-15T16:21:41.3041093Z hint:
2026-09-15T16:21:41.3041810Z hint: Names commonly chosen instead of 'master' are 'main', 'trunk' and
2026-09-15T16:21:41.3042887Z hint: 'development'. The just-created branch can be renamed via this command:
2026-09-15T16:21:41.3043765Z hint:
2026-09-15T16:21:41.3044325Z hint: 	git branch -m <name>
2026-09-15T16:21:41.3044952Z hint:
2026-09-15T16:21:41.3045800Z hint: Disable this message with "git config set advice.defaultBranchName false"
2026-09-15T16:21:41.3047282Z Initialized empty Git repository in <github-runner-home>/work/Learning_Workbench/Learning_Workbench/.git/
2026-09-15T16:21:41.3050436Z [command]/usr/bin/git remote add origin https://github.com/kl3574/Learning_Workbench
2026-09-15T16:21:41.3106085Z ##[endgroup]
2026-09-15T16:21:41.3106964Z ##[group]Disabling automatic garbage collection
2026-09-15T16:21:41.3111032Z [command]/usr/bin/git config --local gc.auto 0
2026-09-15T16:21:41.3164227Z ##[endgroup]
2026-09-15T16:21:41.3166161Z ##[group]Setting up auth
2026-09-15T16:21:41.3167710Z Removing SSH command configuration
2026-09-15T16:21:41.3169752Z [command]/usr/bin/git config --local --name-only --get-regexp core\.sshCommand
2026-09-15T16:21:41.3204653Z [command]/usr/bin/git submodule foreach --recursive sh -c "git config --local --name-only --get-regexp 'core\.sshCommand' && git config --local --unset-all 'core.sshCommand' || :"
2026-09-15T16:21:41.3575603Z Removing HTTP extra header
2026-09-15T16:21:41.3579983Z [command]/usr/bin/git config --local --name-only --get-regexp http\.https\:\/\/github\.com\/\.extraheader
2026-09-15T16:21:41.3621505Z [command]/usr/bin/git submodule foreach --recursive sh -c "git config --local --name-only --get-regexp 'http\.https\:\/\/github\.com\/\.extraheader' && git config --local --unset-all 'http.https://github.com/.extraheader' || :"
2026-09-15T16:21:41.3854699Z Removing includeIf entries pointing to credentials config files
2026-09-15T16:21:41.3860981Z [command]/usr/bin/git config --local --name-only --get-regexp ^includeIf\.gitdir:
2026-09-15T16:21:41.3898177Z [command]/usr/bin/git submodule foreach --recursive git config --local --show-origin --name-only --get-regexp remote.origin.url
2026-09-15T16:21:41.4127489Z [command]/usr/bin/git config --file <github-runner-home>/work/_temp/git-credentials-4a368673-47d3-40e9-a1b6-da232cc09410.config http.https://github.com/.extraheader AUTHORIZATION: basic ***
2026-09-15T16:21:41.4171295Z [command]/usr/bin/git config --local includeIf.gitdir:<github-runner-home>/work/Learning_Workbench/Learning_Workbench/.git.path <github-runner-home>/work/_temp/git-credentials-4a368673-47d3-40e9-a1b6-da232cc09410.config
2026-09-15T16:21:41.4212324Z [command]/usr/bin/git config --local includeIf.gitdir:<github-runner-home>/work/Learning_Workbench/Learning_Workbench/.git/worktrees/*.path <github-runner-home>/work/_temp/git-credentials-4a368673-47d3-40e9-a1b6-da232cc09410.config
2026-09-15T16:21:41.4252062Z [command]/usr/bin/git config --local includeIf.gitdir:/github/workspace/.git.path /github/runner_temp/git-credentials-4a368673-47d3-40e9-a1b6-da232cc09410.config
2026-09-15T16:21:41.4289452Z [command]/usr/bin/git config --local includeIf.gitdir:/github/workspace/.git/worktrees/*.path /github/runner_temp/git-credentials-4a368673-47d3-40e9-a1b6-da232cc09410.config
2026-09-15T16:21:41.4321071Z ##[endgroup]
2026-09-15T16:21:41.4321893Z ##[group]Fetching the repository
2026-09-15T16:21:41.4329573Z [command]/usr/bin/git -c protocol.version=2 fetch --no-tags --prune --no-recurse-submodules --depth=1 origin +ce2610697a9ef4e094dbbbf6c8be664bbaec4222:refs/remotes/pull/52/merge
2026-09-15T16:21:45.4114782Z From https://github.com/kl3574/Learning_Workbench
2026-09-15T16:21:45.4130803Z  * [new ref]         ce2610697a9ef4e094dbbbf6c8be664bbaec4222 -> pull/52/merge
2026-09-15T16:21:45.4133203Z ##[endgroup]
2026-09-15T16:21:45.4134000Z ##[group]Determining the checkout info
2026-09-15T16:21:45.4134864Z ##[endgroup]
2026-09-15T16:21:45.4135403Z [command]/usr/bin/git sparse-checkout disable
2026-09-15T16:21:45.4188014Z [command]/usr/bin/git config --local --unset-all extensions.worktreeConfig
2026-09-15T16:21:45.4225408Z ##[group]Checking out the ref
2026-09-15T16:21:45.4231443Z [command]/usr/bin/git checkout --progress --force refs/remotes/pull/52/merge
2026-09-15T16:21:46.0558938Z Note: switching to 'refs/remotes/pull/52/merge'.
2026-09-15T16:21:46.0580041Z 
2026-09-15T16:21:46.0580744Z You are in 'detached HEAD' state. You can look around, make experimental
2026-09-15T16:21:46.0581656Z changes and commit them, and you can discard any commits you make in this
2026-09-15T16:21:46.0582500Z state without impacting any branches by switching back to a branch.
2026-09-15T16:21:46.0583028Z 
2026-09-15T16:21:46.0583377Z If you want to create a new branch to retain commits you create, you may
2026-09-15T16:21:46.0584130Z do so (now or later) by using -c with the switch command. Example:
2026-09-15T16:21:46.0584543Z 
2026-09-15T16:21:46.0584745Z   git switch -c <new-branch-name>
2026-09-15T16:21:46.0585034Z 
2026-09-15T16:21:46.0585250Z Or undo this operation with:
2026-09-15T16:21:46.0585515Z 
2026-09-15T16:21:46.0585683Z   git switch -
2026-09-15T16:21:46.0585931Z 
2026-09-15T16:21:46.0586287Z Turn off this advice by setting config variable advice.detachedHead to false
2026-09-15T16:21:46.0586816Z 
2026-09-15T16:21:46.0587350Z HEAD is now at ce26106 Merge 81d2b92e2f9ed24631988f860a1fba528f2c4ad7 into 00106992e33aecfa4d2cc0d79b474cb5aa463fdb
2026-09-15T16:21:46.0594408Z ##[endgroup]
2026-09-15T16:21:46.0645390Z [command]/usr/bin/git log -1 --format=%H
2026-09-15T16:21:46.0674345Z ce2610697a9ef4e094dbbbf6c8be664bbaec4222
2026-09-15T16:21:46.0959986Z ##[group]Run actions/setup-python@5fda3b95a4ea91299a34e894583c3862153e4b97
2026-09-15T16:21:46.0960565Z with:
2026-09-15T16:21:46.0960877Z   python-version: 3.12.13
2026-09-15T16:21:46.0961220Z   check-latest: false
2026-09-15T16:21:46.0964452Z   token: ***
2026-09-15T16:21:46.0964764Z   update-environment: true
2026-09-15T16:21:46.0965109Z   allow-prereleases: false
2026-09-15T16:21:46.0965471Z   freethreaded: false
2026-09-15T16:21:46.0965787Z ##[endgroup]
2026-09-15T16:21:46.2226244Z ##[group]Installed versions
2026-09-15T16:21:46.2243533Z Version 3.12.13 was not found in the local cache
2026-09-15T16:21:46.9506343Z Version 3.12.13 is available for downloading
2026-09-15T16:21:46.9507965Z Download from "https://github.com/actions/python-versions/releases/download/3.12.13-27650778726/python-3.12.13-linux-24.04-x64.tar.gz"
2026-09-15T16:21:47.7061671Z Extract downloaded archive
2026-09-15T16:21:47.7199757Z [command]/usr/bin/tar xz --warning=no-unknown-keyword --overwrite -C <github-runner-home>/work/_temp/0a7fda96-66a0-44ef-ac27-e2eecb0c97b3 -f <github-runner-home>/work/_temp/3499ddce-d536-4365-9795-13ce83197d1c
2026-09-15T16:21:49.6450309Z Execute installation script
2026-09-15T16:21:49.6569638Z Check if Python hostedtoolcache folder exist...
2026-09-15T16:21:49.6570772Z Create Python 3.12.13 folder
2026-09-15T16:21:49.6588600Z Copy Python binaries to hostedtoolcache folder
2026-09-15T16:21:50.1640800Z Create additional symlinks (Required for the UsePythonVersion Azure Pipelines task and the setup-python GitHub Action)
2026-09-15T16:21:50.1686618Z Upgrading pip...
2026-09-15T16:21:52.7967178Z Collecting pip
2026-09-15T16:21:52.9092459Z Downloading pip-26.2.1-py3-none-any.whl.metadata (4.6 kB)
2026-09-15T16:21:52.9452504Z Downloading pip-26.2.1-py3-none-any.whl (1.8 MB)
2026-09-15T16:21:53.1557239Z ━━━━━━━━━━━━━━━━━━━━━━━━━━━━━━━━━━━━━━━━ 1.8/1.8 MB 13.0 MB/s eta 0:00:00
2026-09-15T16:21:53.1557677Z 
2026-09-15T16:21:53.1771330Z Installing collected packages: pip
2026-09-15T16:21:53.1780396Z Attempting uninstall: pip
2026-09-15T16:21:53.1796150Z Found existing installation: pip 25.0.1
2026-09-15T16:21:53.2163216Z Uninstalling pip-25.0.1:
2026-09-15T16:21:53.2221096Z Successfully uninstalled pip-25.0.1
2026-09-15T16:21:54.1173639Z Successfully installed pip-26.2.1
2026-09-15T16:21:54.1662673Z Create complete file
2026-09-15T16:21:54.1700750Z Successfully set up CPython (3.12.13)
2026-09-15T16:21:54.1701599Z ##[endgroup]
2026-09-15T16:21:54.1877617Z ##[group]Run python scripts/check_publication.py --all-tracked
2026-09-15T16:21:54.1878150Z [36;1mpython scripts/check_publication.py --all-tracked[0m
2026-09-15T16:21:54.1921425Z shell: /usr/bin/bash -e {0}
2026-09-15T16:21:54.1921709Z env:
2026-09-15T16:21:54.1921980Z   pythonLocation: /opt/hostedtoolcache/Python/3.12.13/x64
2026-09-15T16:21:54.1922448Z   PKG_CONFIG_PATH: /opt/hostedtoolcache/Python/3.12.13/x64/lib/pkgconfig
2026-09-15T16:21:54.1922891Z   Python_ROOT_DIR: /opt/hostedtoolcache/Python/3.12.13/x64
2026-09-15T16:21:54.1923310Z   Python2_ROOT_DIR: /opt/hostedtoolcache/Python/3.12.13/x64
2026-09-15T16:21:54.1923714Z   Python3_ROOT_DIR: /opt/hostedtoolcache/Python/3.12.13/x64
2026-09-15T16:21:54.1924107Z   LD_LIBRARY_PATH: /opt/hostedtoolcache/Python/3.12.13/x64/lib
2026-09-15T16:21:54.1924433Z ##[endgroup]
2026-09-15T16:22:16.6411652Z PASS: scanned 7225 staged/tracked files against path and credential rules. Manual provenance review remains required.
2026-09-15T16:22:16.6599295Z Post job cleanup.
2026-09-15T16:22:16.8009747Z Post job cleanup.
2026-09-15T16:22:16.8988409Z [command]/usr/bin/git version
2026-09-15T16:22:16.9041497Z git version 2.55.0
2026-09-15T16:22:16.9087439Z Temporarily overriding HOME='<github-runner-home>/work/_temp/9e1a5434-5b52-407e-a6db-1bdfcfe3761b' before making global git config changes
2026-09-15T16:22:16.9089182Z Adding repository directory to the temporary git global config as a safe directory
2026-09-15T16:22:16.9093007Z [command]/usr/bin/git config --global --add safe.directory <github-runner-home>/work/Learning_Workbench/Learning_Workbench
2026-09-15T16:22:16.9135777Z Removing SSH command configuration
2026-09-15T16:22:16.9143275Z [command]/usr/bin/git config --local --name-only --get-regexp core\.sshCommand
2026-09-15T16:22:16.9185380Z [command]/usr/bin/git submodule foreach --recursive sh -c "git config --local --name-only --get-regexp 'core\.sshCommand' && git config --local --unset-all 'core.sshCommand' || :"
2026-09-15T16:22:16.9465577Z Removing HTTP extra header
2026-09-15T16:22:16.9466364Z [command]/usr/bin/git config --local --name-only --get-regexp http\.https\:\/\/github\.com\/\.extraheader
2026-09-15T16:22:16.9507632Z [command]/usr/bin/git submodule foreach --recursive sh -c "git config --local --name-only --get-regexp 'http\.https\:\/\/github\.com\/\.extraheader' && git config --local --unset-all 'http.https://github.com/.extraheader' || :"
2026-09-15T16:22:16.9777959Z Removing includeIf entries pointing to credentials config files
2026-09-15T16:22:16.9789052Z [command]/usr/bin/git config --local --name-only --get-regexp ^includeIf\.gitdir:
2026-09-15T16:22:16.9829147Z includeif.gitdir:<github-runner-home>/work/Learning_Workbench/Learning_Workbench/.git.path
2026-09-15T16:22:16.9830590Z includeif.gitdir:<github-runner-home>/work/Learning_Workbench/Learning_Workbench/.git/worktrees/*.path
2026-09-15T16:22:16.9831786Z includeif.gitdir:/github/workspace/.git.path
2026-09-15T16:22:16.9832664Z includeif.gitdir:/github/workspace/.git/worktrees/*.path
2026-09-15T16:22:16.9841793Z [command]/usr/bin/git config --local --get-all includeif.gitdir:<github-runner-home>/work/Learning_Workbench/Learning_Workbench/.git.path
2026-09-15T16:22:16.9874931Z <github-runner-home>/work/_temp/git-credentials-4a368673-47d3-40e9-a1b6-da232cc09410.config
2026-09-15T16:22:16.9888478Z [command]/usr/bin/git config --local --unset includeif.gitdir:<github-runner-home>/work/Learning_Workbench/Learning_Workbench/.git.path \/home\/runner\/work\/_temp\/git\-credentials\-4a368673\-47d3\-40e9\-a1b6\-da232cc09410\.config
2026-09-15T16:22:16.9943510Z [command]/usr/bin/git config --local --get-all includeif.gitdir:<github-runner-home>/work/Learning_Workbench/Learning_Workbench/.git/worktrees/*.path
2026-09-15T16:22:16.9983807Z <github-runner-home>/work/_temp/git-credentials-4a368673-47d3-40e9-a1b6-da232cc09410.config
2026-09-15T16:22:16.9993620Z [command]/usr/bin/git config --local --unset includeif.gitdir:<github-runner-home>/work/Learning_Workbench/Learning_Workbench/.git/worktrees/*.path \/home\/runner\/work\/_temp\/git\-credentials\-4a368673\-47d3\-40e9\-a1b6\-da232cc09410\.config
2026-09-15T16:22:17.0033143Z [command]/usr/bin/git config --local --get-all includeif.gitdir:/github/workspace/.git.path
2026-09-15T16:22:17.0062180Z /github/runner_temp/git-credentials-4a368673-47d3-40e9-a1b6-da232cc09410.config
2026-09-15T16:22:17.0070799Z [command]/usr/bin/git config --local --unset includeif.gitdir:/github/workspace/.git.path \/github\/runner_temp\/git\-credentials\-4a368673\-47d3\-40e9\-a1b6\-da232cc09410\.config
2026-09-15T16:22:17.0108985Z [command]/usr/bin/git config --local --get-all includeif.gitdir:/github/workspace/.git/worktrees/*.path
2026-09-15T16:22:17.0136297Z /github/runner_temp/git-credentials-4a368673-47d3-40e9-a1b6-da232cc09410.config
2026-09-15T16:22:17.0146648Z [command]/usr/bin/git config --local --unset includeif.gitdir:/github/workspace/.git/worktrees/*.path \/github\/runner_temp\/git\-credentials\-4a368673\-47d3\-40e9\-a1b6\-da232cc09410\.config
2026-09-15T16:22:17.0185934Z [command]/usr/bin/git submodule foreach --recursive git config --local --show-origin --name-only --get-regexp remote.origin.url
2026-09-15T16:22:17.0429179Z Removing credentials config '<github-runner-home>/work/_temp/git-credentials-4a368673-47d3-40e9-a1b6-da232cc09410.config'
2026-09-15T16:22:17.0595689Z Cleaning up orphan processes
