2026-09-15T16:20:48.8420500Z Current runner version: '2.337.0'
2026-09-15T16:20:48.8459025Z ##[group]Runner Image Provisioner
2026-09-15T16:20:48.8460438Z Hosted Compute Agent
2026-09-15T16:20:48.8461531Z Version: 20260828.587
2026-09-15T16:20:48.8462716Z Commit: abac92662cab4cc7352de4f9f9d2e2419aad9c29
2026-09-15T16:20:48.8463993Z Build Date: 2026-08-28T16:44:25Z
2026-09-15T16:20:48.8465425Z Worker ID: {dd6b26f5-1eb8-4052-a44e-9b79d0b81f3d}
2026-09-15T16:20:48.8466729Z Azure Region: eastus
2026-09-15T16:20:48.8468131Z ##[endgroup]
2026-09-15T16:20:48.8470955Z ##[group]Operating System
2026-09-15T16:20:48.8472175Z Ubuntu
2026-09-15T16:20:48.8473082Z 26.04.1
2026-09-15T16:20:48.8474050Z LTS
2026-09-15T16:20:48.8474970Z ##[endgroup]
2026-09-15T16:20:48.8475980Z ##[group]Runner Image
2026-09-15T16:20:48.8477448Z Image: ubuntu-26.04
2026-09-15T16:20:48.8478459Z Version: 20260907.131.1
2026-09-15T16:20:48.8480761Z Included Software: https://github.com/actions/runner-images/blob/ubuntu26/20260907.131/images/ubuntu/Ubuntu2604-Readme.md
2026-09-15T16:20:48.8483700Z Image Release: https://github.com/actions/runner-images/releases/tag/ubuntu26%2F20260907.131
2026-09-15T16:20:48.8485466Z ##[endgroup]
2026-09-15T16:20:48.8487780Z ##[group]GITHUB_TOKEN Permissions
2026-09-15T16:20:48.8490978Z Contents: read
2026-09-15T16:20:48.8492135Z Metadata: read
2026-09-15T16:20:48.8493100Z ##[endgroup]
2026-09-15T16:20:48.8496349Z Secret source: Actions
2026-09-15T16:20:48.8498204Z Cache mode: write
2026-09-15T16:20:48.8499682Z Prepare workflow directory
2026-09-15T16:20:48.8966314Z Prepare all required actions
2026-09-15T16:20:48.9016394Z Getting action download info
2026-09-15T16:20:49.0797087Z Download action repository 'actions/checkout@3d3c42e5aac5ba805825da76410c181273ba90b1' (SHA:3d3c42e5aac5ba805825da76410c181273ba90b1)
2026-09-15T16:20:49.4675945Z Download action repository 'actions/setup-python@5fda3b95a4ea91299a34e894583c3862153e4b97' (SHA:5fda3b95a4ea91299a34e894583c3862153e4b97)
2026-09-15T16:20:49.5579152Z Download action repository 'actions/setup-node@820762786026740c76f36085b0efc47a31fe5020' (SHA:820762786026740c76f36085b0efc47a31fe5020)
2026-09-15T16:20:49.7052631Z Download action repository 'actions/upload-artifact@043fb46d1a93c77aae656e7c1c64a875d1fc6a0a' (SHA:043fb46d1a93c77aae656e7c1c64a875d1fc6a0a)
2026-09-15T16:20:49.9462064Z Complete job name: browser
2026-09-15T16:20:50.0480453Z ##[group]Run actions/checkout@3d3c42e5aac5ba805825da76410c181273ba90b1
2026-09-15T16:20:50.0482464Z with:
2026-09-15T16:20:50.0483319Z   repository: kl3574/Learning_Workbench
2026-09-15T16:20:50.0492311Z   token: ***
2026-09-15T16:20:50.0493145Z   ssh-strict: true
2026-09-15T16:20:50.0493983Z   ssh-user: git
2026-09-15T16:20:50.0494848Z   persist-credentials: true
2026-09-15T16:20:50.0495788Z   clean: true
2026-09-15T16:20:50.0496654Z   sparse-checkout-cone-mode: true
2026-09-15T16:20:50.0497836Z   fetch-depth: 1
2026-09-15T16:20:50.0498681Z   fetch-tags: false
2026-09-15T16:20:50.0499547Z   show-progress: true
2026-09-15T16:20:50.0500405Z   lfs: false
2026-09-15T16:20:50.0501230Z   submodules: false
2026-09-15T16:20:50.0502101Z   set-safe-directory: true
2026-09-15T16:20:50.0503098Z   allow-unsafe-pr-checkout: false
2026-09-15T16:20:50.0504417Z ##[endgroup]
2026-09-15T16:20:50.1645063Z Syncing repository: kl3574/Learning_Workbench
2026-09-15T16:20:50.1649972Z ##[group]Getting Git version info
2026-09-15T16:20:50.1652625Z Working directory is '<github-runner-home>/work/Learning_Workbench/Learning_Workbench'
2026-09-15T16:20:50.1656423Z [command]/usr/bin/git version
2026-09-15T16:20:50.1658537Z git version 2.55.0
2026-09-15T16:20:50.1663951Z ##[endgroup]
2026-09-15T16:20:50.1675014Z Temporarily overriding HOME='<github-runner-home>/work/_temp/d76de6cf-ca94-45e2-9b2a-e37b2f88b536' before making global git config changes
2026-09-15T16:20:50.1680008Z Adding repository directory to the temporary git global config as a safe directory
2026-09-15T16:20:50.1682879Z [command]/usr/bin/git config --global --add safe.directory <github-runner-home>/work/Learning_Workbench/Learning_Workbench
2026-09-15T16:20:50.2048545Z Deleting the contents of '<github-runner-home>/work/Learning_Workbench/Learning_Workbench'
2026-09-15T16:20:50.2055850Z ##[group]Determining repository object format
2026-09-15T16:20:50.2059107Z ##[endgroup]
2026-09-15T16:20:50.2061458Z ##[group]Initializing the repository
2026-09-15T16:20:50.2064284Z [command]/usr/bin/git init <github-runner-home>/work/Learning_Workbench/Learning_Workbench
2026-09-15T16:20:50.2695333Z hint: Using 'master' as the name for the initial branch. This default branch name
2026-09-15T16:20:50.2698442Z hint: will change to "main" in Git 3.0. To configure the initial branch name
2026-09-15T16:20:50.2701449Z hint: to use in all of your new repositories, which will suppress this warning,
2026-09-15T16:20:50.2703938Z hint: call:
2026-09-15T16:20:50.2704706Z hint:
2026-09-15T16:20:50.2705716Z hint: 	git config --global init.defaultBranch <name>
2026-09-15T16:20:50.2707223Z hint:
2026-09-15T16:20:50.2708930Z hint: Names commonly chosen instead of 'master' are 'main', 'trunk' and
2026-09-15T16:20:50.2710914Z hint: 'development'. The just-created branch can be renamed via this command:
2026-09-15T16:20:50.2712400Z hint:
2026-09-15T16:20:50.2713165Z hint: 	git branch -m <name>
2026-09-15T16:20:50.2714071Z hint:
2026-09-15T16:20:50.2715337Z hint: Disable this message with "git config set advice.defaultBranchName false"
2026-09-15T16:20:50.2718112Z Initialized empty Git repository in <github-runner-home>/work/Learning_Workbench/Learning_Workbench/.git/
2026-09-15T16:20:50.2721818Z [command]/usr/bin/git remote add origin https://github.com/kl3574/Learning_Workbench
2026-09-15T16:20:50.2938493Z ##[endgroup]
2026-09-15T16:20:50.2940348Z ##[group]Disabling automatic garbage collection
2026-09-15T16:20:50.2942405Z [command]/usr/bin/git config --local gc.auto 0
2026-09-15T16:20:50.2980042Z ##[endgroup]
2026-09-15T16:20:50.2982275Z ##[group]Setting up auth
2026-09-15T16:20:50.2983368Z Removing SSH command configuration
2026-09-15T16:20:50.2985673Z [command]/usr/bin/git config --local --name-only --get-regexp core\.sshCommand
2026-09-15T16:20:50.3023257Z [command]/usr/bin/git submodule foreach --recursive sh -c "git config --local --name-only --get-regexp 'core\.sshCommand' && git config --local --unset-all 'core.sshCommand' || :"
2026-09-15T16:20:50.4990185Z Removing HTTP extra header
2026-09-15T16:20:50.4996252Z [command]/usr/bin/git config --local --name-only --get-regexp http\.https\:\/\/github\.com\/\.extraheader
2026-09-15T16:20:50.5034648Z [command]/usr/bin/git submodule foreach --recursive sh -c "git config --local --name-only --get-regexp 'http\.https\:\/\/github\.com\/\.extraheader' && git config --local --unset-all 'http.https://github.com/.extraheader' || :"
2026-09-15T16:20:50.5321238Z Removing includeIf entries pointing to credentials config files
2026-09-15T16:20:50.5323258Z [command]/usr/bin/git config --local --name-only --get-regexp ^includeIf\.gitdir:
2026-09-15T16:20:50.5363922Z [command]/usr/bin/git submodule foreach --recursive git config --local --show-origin --name-only --get-regexp remote.origin.url
2026-09-15T16:20:50.5660781Z [command]/usr/bin/git config --file <github-runner-home>/work/_temp/git-credentials-2472f63b-5518-4c8d-a3c6-3b002de3aabd.config http.https://github.com/.extraheader AUTHORIZATION: basic ***
2026-09-15T16:20:50.5708107Z [command]/usr/bin/git config --local includeIf.gitdir:<github-runner-home>/work/Learning_Workbench/Learning_Workbench/.git.path <github-runner-home>/work/_temp/git-credentials-2472f63b-5518-4c8d-a3c6-3b002de3aabd.config
2026-09-15T16:20:50.5746155Z [command]/usr/bin/git config --local includeIf.gitdir:<github-runner-home>/work/Learning_Workbench/Learning_Workbench/.git/worktrees/*.path <github-runner-home>/work/_temp/git-credentials-2472f63b-5518-4c8d-a3c6-3b002de3aabd.config
2026-09-15T16:20:50.5787165Z [command]/usr/bin/git config --local includeIf.gitdir:/github/workspace/.git.path /github/runner_temp/git-credentials-2472f63b-5518-4c8d-a3c6-3b002de3aabd.config
2026-09-15T16:20:50.5825091Z [command]/usr/bin/git config --local includeIf.gitdir:/github/workspace/.git/worktrees/*.path /github/runner_temp/git-credentials-2472f63b-5518-4c8d-a3c6-3b002de3aabd.config
2026-09-15T16:20:50.5867425Z ##[endgroup]
2026-09-15T16:20:50.5869929Z ##[group]Fetching the repository
2026-09-15T16:20:50.5878685Z [command]/usr/bin/git -c protocol.version=2 fetch --no-tags --prune --no-recurse-submodules --depth=1 origin +81d2b92e2f9ed24631988f860a1fba528f2c4ad7:refs/remotes/origin/feat/M5.4-provider-validation
2026-09-15T16:20:54.2233666Z From https://github.com/kl3574/Learning_Workbench
2026-09-15T16:20:54.2234467Z  * [new ref]         81d2b92e2f9ed24631988f860a1fba528f2c4ad7 -> origin/feat/M5.4-provider-validation
2026-09-15T16:20:54.2249964Z [command]/usr/bin/git branch --list --remote origin/feat/M5.4-provider-validation
2026-09-15T16:20:54.2275846Z   origin/feat/M5.4-provider-validation
2026-09-15T16:20:54.2286038Z [command]/usr/bin/git rev-parse refs/remotes/origin/feat/M5.4-provider-validation
2026-09-15T16:20:54.2314281Z 81d2b92e2f9ed24631988f860a1fba528f2c4ad7
2026-09-15T16:20:54.2321825Z ##[endgroup]
2026-09-15T16:20:54.2323031Z ##[group]Determining the checkout info
2026-09-15T16:20:54.2325172Z ##[endgroup]
2026-09-15T16:20:54.2327193Z [command]/usr/bin/git sparse-checkout disable
2026-09-15T16:20:54.2433450Z [command]/usr/bin/git config --local --unset-all extensions.worktreeConfig
2026-09-15T16:20:54.2475444Z ##[group]Checking out the ref
2026-09-15T16:20:54.2488259Z [command]/usr/bin/git checkout --progress --force -B feat/M5.4-provider-validation refs/remotes/origin/feat/M5.4-provider-validation
2026-09-15T16:20:54.8845668Z Switched to a new branch 'feat/M5.4-provider-validation'
2026-09-15T16:20:54.8868244Z branch 'feat/M5.4-provider-validation' set up to track 'origin/feat/M5.4-provider-validation'.
2026-09-15T16:20:54.8894126Z ##[endgroup]
2026-09-15T16:20:54.8965294Z [command]/usr/bin/git log -1 --format=%H
2026-09-15T16:20:54.8995621Z 81d2b92e2f9ed24631988f860a1fba528f2c4ad7
2026-09-15T16:20:54.9275348Z ##[group]Run actions/setup-python@5fda3b95a4ea91299a34e894583c3862153e4b97
2026-09-15T16:20:54.9275800Z with:
2026-09-15T16:20:54.9276028Z   python-version: 3.12.13
2026-09-15T16:20:54.9276268Z   check-latest: false
2026-09-15T16:20:54.9278861Z   token: ***
2026-09-15T16:20:54.9279098Z   update-environment: true
2026-09-15T16:20:54.9279352Z   allow-prereleases: false
2026-09-15T16:20:54.9279599Z   freethreaded: false
2026-09-15T16:20:54.9279828Z ##[endgroup]
2026-09-15T16:20:55.0565187Z ##[group]Installed versions
2026-09-15T16:20:55.0578615Z Version 3.12.13 was not found in the local cache
2026-09-15T16:20:55.5615071Z Version 3.12.13 is available for downloading
2026-09-15T16:20:55.5616505Z Download from "https://github.com/actions/python-versions/releases/download/3.12.13-27650778726/python-3.12.13-linux-26.04-x64.tar.gz"
2026-09-15T16:20:56.1976594Z Extract downloaded archive
2026-09-15T16:20:56.2104853Z [command]/usr/bin/tar xz --warning=no-unknown-keyword --overwrite -C <github-runner-home>/work/_temp/36a5110b-11c7-4e50-8514-8930800746bc -f <github-runner-home>/work/_temp/e9fe5db6-5179-4464-82f4-05640f8b6f16
2026-09-15T16:20:57.4005231Z Execute installation script
2026-09-15T16:20:57.4140614Z Check if Python hostedtoolcache folder exist...
2026-09-15T16:20:57.4141053Z Create Python 3.12.13 folder
2026-09-15T16:20:57.4167343Z Copy Python binaries to hostedtoolcache folder
2026-09-15T16:20:57.8949933Z Create additional symlinks (Required for the UsePythonVersion Azure Pipelines task and the setup-python GitHub Action)
2026-09-15T16:20:57.9055623Z Upgrading pip...
2026-09-15T16:21:00.0260266Z Collecting pip
2026-09-15T16:21:00.0464742Z Downloading pip-26.2.1-py3-none-any.whl.metadata (4.6 kB)
2026-09-15T16:21:00.0548248Z Downloading pip-26.2.1-py3-none-any.whl (1.8 MB)
2026-09-15T16:21:00.0772980Z ━━━━━━━━━━━━━━━━━━━━━━━━━━━━━━━━━━━━━━━━ 1.8/1.8 MB 125.0 MB/s eta 0:00:00
2026-09-15T16:21:00.0773504Z 
2026-09-15T16:21:00.1157652Z Installing collected packages: pip
2026-09-15T16:21:00.1158313Z Attempting uninstall: pip
2026-09-15T16:21:00.1180024Z Found existing installation: pip 25.0.1
2026-09-15T16:21:00.1526211Z Uninstalling pip-25.0.1:
2026-09-15T16:21:00.1585547Z Successfully uninstalled pip-25.0.1
2026-09-15T16:21:01.0732863Z Successfully installed pip-26.2.1
2026-09-15T16:21:01.1388522Z Create complete file
2026-09-15T16:21:01.1445639Z Successfully set up CPython (3.12.13)
2026-09-15T16:21:01.1447351Z ##[endgroup]
2026-09-15T16:21:01.1655589Z ##[group]Run actions/setup-node@820762786026740c76f36085b0efc47a31fe5020
2026-09-15T16:21:01.1656001Z with:
2026-09-15T16:21:01.1656200Z   node-version: 24.21.0
2026-09-15T16:21:01.1656429Z   check-latest: false
2026-09-15T16:21:01.1659100Z   token: ***
2026-09-15T16:21:01.1659329Z   package-manager-cache: true
2026-09-15T16:21:01.1659573Z env:
2026-09-15T16:21:01.1659824Z   pythonLocation: /opt/hostedtoolcache/Python/3.12.13/x64
2026-09-15T16:21:01.1660280Z   PKG_CONFIG_PATH: /opt/hostedtoolcache/Python/3.12.13/x64/lib/pkgconfig
2026-09-15T16:21:01.1660713Z   Python_ROOT_DIR: /opt/hostedtoolcache/Python/3.12.13/x64
2026-09-15T16:21:01.1661088Z   Python2_ROOT_DIR: /opt/hostedtoolcache/Python/3.12.13/x64
2026-09-15T16:21:01.1661480Z   Python3_ROOT_DIR: /opt/hostedtoolcache/Python/3.12.13/x64
2026-09-15T16:21:01.1661853Z   LD_LIBRARY_PATH: /opt/hostedtoolcache/Python/3.12.13/x64/lib
2026-09-15T16:21:01.1662179Z ##[endgroup]
2026-09-15T16:21:01.3422832Z Attempting to download 24.21.0...
2026-09-15T16:21:01.8515004Z Acquiring 24.21.0 - x64 from https://github.com/actions/node-versions/releases/download/24.21.0-34304089047/node-24.21.0-linux-x64.tar.gz
2026-09-15T16:21:02.2362156Z Extracting ...
2026-09-15T16:21:02.2499932Z [command]/usr/bin/tar xz --strip 1 --warning=no-unknown-keyword --overwrite -C <github-runner-home>/work/_temp/ee0ea03a-b2a7-494f-b691-76b44dbf94c6 -f <github-runner-home>/work/_temp/8f06bc02-e432-48bc-adfd-eef8cb4af62a
2026-09-15T16:21:03.0298571Z Adding to the cache ...
2026-09-15T16:21:04.7426933Z ##[group]Environment details
2026-09-15T16:21:05.0371738Z node: v24.21.0
2026-09-15T16:21:05.0372018Z npm: 11.19.0
2026-09-15T16:21:05.0372211Z yarn: 1.22.22
2026-09-15T16:21:05.0372642Z ##[endgroup]
2026-09-15T16:21:05.0549493Z ##[group]Run python -m pip install uv==0.11.21
2026-09-15T16:21:05.0549943Z [36;1mpython -m pip install uv==0.11.21[0m
2026-09-15T16:21:05.1134769Z shell: /usr/bin/bash -e {0}
2026-09-15T16:21:05.1135141Z env:
2026-09-15T16:21:05.1135516Z   pythonLocation: /opt/hostedtoolcache/Python/3.12.13/x64
2026-09-15T16:21:05.1136127Z   PKG_CONFIG_PATH: /opt/hostedtoolcache/Python/3.12.13/x64/lib/pkgconfig
2026-09-15T16:21:05.1136949Z   Python_ROOT_DIR: /opt/hostedtoolcache/Python/3.12.13/x64
2026-09-15T16:21:05.1137485Z   Python2_ROOT_DIR: /opt/hostedtoolcache/Python/3.12.13/x64
2026-09-15T16:21:05.1138066Z   Python3_ROOT_DIR: /opt/hostedtoolcache/Python/3.12.13/x64
2026-09-15T16:21:05.1138526Z   LD_LIBRARY_PATH: /opt/hostedtoolcache/Python/3.12.13/x64/lib
2026-09-15T16:21:05.1138912Z ##[endgroup]
2026-09-15T16:21:06.2653293Z Collecting uv==0.11.21
2026-09-15T16:21:06.2895272Z   Downloading uv-0.11.21-py3-none-manylinux_2_17_x86_64.manylinux2014_x86_64.whl.metadata (11 kB)
2026-09-15T16:21:06.3298328Z Downloading uv-0.11.21-py3-none-manylinux_2_17_x86_64.manylinux2014_x86_64.whl (25.1 MB)
2026-09-15T16:21:06.5025644Z    ━━━━━━━━━━━━━━━━━━━━━━━━━━━━━━━━━━━━━━━━ 25.1/25.1 MB 155.0 MB/s  0:00:00
2026-09-15T16:21:06.5487486Z Installing collected packages: uv
2026-09-15T16:21:06.8122078Z Successfully installed uv-0.11.21
2026-09-15T16:21:06.8716474Z ##[group]Run uv sync --frozen
2026-09-15T16:21:06.8717192Z [36;1muv sync --frozen[0m
2026-09-15T16:21:06.8774974Z shell: /usr/bin/bash -e {0}
2026-09-15T16:21:06.8775226Z env:
2026-09-15T16:21:06.8775495Z   pythonLocation: /opt/hostedtoolcache/Python/3.12.13/x64
2026-09-15T16:21:06.8775950Z   PKG_CONFIG_PATH: /opt/hostedtoolcache/Python/3.12.13/x64/lib/pkgconfig
2026-09-15T16:21:06.8776384Z   Python_ROOT_DIR: /opt/hostedtoolcache/Python/3.12.13/x64
2026-09-15T16:21:06.8777016Z   Python2_ROOT_DIR: /opt/hostedtoolcache/Python/3.12.13/x64
2026-09-15T16:21:06.8777414Z   Python3_ROOT_DIR: /opt/hostedtoolcache/Python/3.12.13/x64
2026-09-15T16:21:06.8777827Z   LD_LIBRARY_PATH: /opt/hostedtoolcache/Python/3.12.13/x64/lib
2026-09-15T16:21:06.8778350Z ##[endgroup]
2026-09-15T16:21:06.9392768Z Using CPython 3.12.13 interpreter at: /opt/hostedtoolcache/Python/3.12.13/x64/bin/python3.12
2026-09-15T16:21:06.9393478Z Creating virtual environment at: .venv
2026-09-15T16:21:07.0410526Z Downloading mypy (14.6MiB)
2026-09-15T16:21:07.0419276Z Downloading ast-serialize (1.3MiB)
2026-09-15T16:21:07.0433196Z Downloading ruff (9.9MiB)
2026-09-15T16:21:07.0434978Z Downloading pydantic-core (2.0MiB)
2026-09-15T16:21:07.0437916Z Downloading pygments (1.2MiB)
2026-09-15T16:21:07.2948946Z  Downloaded ast-serialize
2026-09-15T16:21:07.3357410Z  Downloaded pydantic-core
2026-09-15T16:21:07.3723073Z  Downloaded ruff
2026-09-15T16:21:07.4572781Z  Downloaded pygments
2026-09-15T16:21:07.6016476Z  Downloaded mypy
2026-09-15T16:21:07.6019065Z Prepared 37 packages in 659ms
2026-09-15T16:21:07.6451314Z Installed 37 packages in 43ms
2026-09-15T16:21:07.6451834Z  + annotated-doc==0.0.5
2026-09-15T16:21:07.6452249Z  + annotated-types==0.8.0
2026-09-15T16:21:07.6452539Z  + anyio==4.15.1
2026-09-15T16:21:07.6452984Z  + ast-serialize==0.11.2
2026-09-15T16:21:07.6492477Z  + attrs==26.1.0
2026-09-15T16:21:07.6492911Z  + certifi==2026.7.22
2026-09-15T16:21:07.6493308Z  + click==8.5.0
2026-09-15T16:21:07.6493722Z  + defusedxml==0.7.1
2026-09-15T16:21:07.6494111Z  + fastapi==0.141.1
2026-09-15T16:21:07.6494467Z  + h11==0.16.0
2026-09-15T16:21:07.6494804Z  + httpcore==1.0.9
2026-09-15T16:21:07.6495150Z  + httpx==0.28.1
2026-09-15T16:21:07.6495562Z  + idna==3.19
2026-09-15T16:21:07.6495905Z  + iniconfig==2.3.0
2026-09-15T16:21:07.6496267Z  + jsonschema==4.26.0
2026-09-15T16:21:07.6496619Z  + jsonschema-specifications==2025.9.1
2026-09-15T16:21:07.6497184Z  + librt==0.15.0
2026-09-15T16:21:07.6497421Z  + markdown-it-py==4.2.0
2026-09-15T16:21:07.6497660Z  + mdurl==0.1.2
2026-09-15T16:21:07.6497880Z  + mypy==2.3.1
2026-09-15T16:21:07.6498098Z  + mypy-extensions==1.1.0
2026-09-15T16:21:07.6498343Z  + packaging==26.3
2026-09-15T16:21:07.6498572Z  + pathspec==1.1.1
2026-09-15T16:21:07.6498776Z  + pluggy==1.6.0
2026-09-15T16:21:07.6498982Z  + pydantic==2.13.5
2026-09-15T16:21:07.6499206Z  + pydantic-core==2.46.5
2026-09-15T16:21:07.6499439Z  + pygments==2.21.0
2026-09-15T16:21:07.6499645Z  + pypdf==6.18.1
2026-09-15T16:21:07.6499850Z  + pytest==9.1.1
2026-09-15T16:21:07.6500066Z  + python-multipart==0.0.32
2026-09-15T16:21:07.6500311Z  + referencing==0.37.0
2026-09-15T16:21:07.6500536Z  + rpds-py==2026.6.3
2026-09-15T16:21:07.6500743Z  + ruff==0.16.7
2026-09-15T16:21:07.6500950Z  + starlette==1.6.0
2026-09-15T16:21:07.6501166Z  + typing-extensions==4.16.0
2026-09-15T16:21:07.6501412Z  + typing-inspection==0.4.4
2026-09-15T16:21:07.6501660Z  + uvicorn==0.53.0
2026-09-15T16:21:07.6542742Z ##[group]Run sudo apt-get update
2026-09-15T16:21:07.6543080Z [36;1msudo apt-get update[0m
2026-09-15T16:21:07.6543711Z [36;1msudo apt-get install -y bubblewrap=0.11.1-1ubuntu0.1 apparmor=5.0.2-0ubuntu1~26.04.1 libapparmor1=5.0.2-0ubuntu1~26.04.1 libseccomp2=2.6.0-2ubuntu5[0m
2026-09-15T16:21:07.6544487Z [36;1mdpkg-query -W bubblewrap apparmor libapparmor1 libseccomp2[0m
2026-09-15T16:21:07.6544906Z [36;1mtest -f /etc/apparmor.d/bwrap-userns-restrict[0m
2026-09-15T16:21:07.6545225Z [36;1mbwrap --version[0m
2026-09-15T16:21:07.6602518Z shell: /usr/bin/bash -e {0}
2026-09-15T16:21:07.6602773Z env:
2026-09-15T16:21:07.6603046Z   pythonLocation: /opt/hostedtoolcache/Python/3.12.13/x64
2026-09-15T16:21:07.6603502Z   PKG_CONFIG_PATH: /opt/hostedtoolcache/Python/3.12.13/x64/lib/pkgconfig
2026-09-15T16:21:07.6603938Z   Python_ROOT_DIR: /opt/hostedtoolcache/Python/3.12.13/x64
2026-09-15T16:21:07.6604326Z   Python2_ROOT_DIR: /opt/hostedtoolcache/Python/3.12.13/x64
2026-09-15T16:21:07.6604761Z   Python3_ROOT_DIR: /opt/hostedtoolcache/Python/3.12.13/x64
2026-09-15T16:21:07.6605149Z   LD_LIBRARY_PATH: /opt/hostedtoolcache/Python/3.12.13/x64/lib
2026-09-15T16:21:07.6605473Z ##[endgroup]
2026-09-15T16:21:07.7972338Z Get:1 file:/etc/apt/apt-mirrors.txt Mirrorlist [144 B]
2026-09-15T16:21:07.8221492Z Get:6 https://packages.microsoft.com/ubuntu/26.04/prod resolute InRelease [3964 B]
2026-09-15T16:21:07.8449840Z Hit:2 http://azure.archive.ubuntu.com/ubuntu resolute InRelease
2026-09-15T16:21:07.8483227Z Get:3 http://azure.archive.ubuntu.com/ubuntu resolute-updates InRelease [137 kB]
2026-09-15T16:21:07.8609234Z Get:4 http://azure.archive.ubuntu.com/ubuntu resolute-backports InRelease [137 kB]
2026-09-15T16:21:07.8699808Z Get:5 http://azure.archive.ubuntu.com/ubuntu resolute-security InRelease [137 kB]
2026-09-15T16:21:07.8833608Z Get:7 https://packages.microsoft.com/ubuntu/26.04/prod resolute/main arm64 Packages [52.1 kB]
2026-09-15T16:21:07.9004212Z Get:8 https://packages.microsoft.com/ubuntu/26.04/prod resolute/main amd64 Packages [59.9 kB]
2026-09-15T16:21:07.9236296Z Get:9 http://azure.archive.ubuntu.com/ubuntu resolute-updates/main amd64v3 Packages [610 kB]
2026-09-15T16:21:07.9318399Z Get:10 http://azure.archive.ubuntu.com/ubuntu resolute-updates/main Translation-en [145 kB]
2026-09-15T16:21:07.9371816Z Get:11 http://azure.archive.ubuntu.com/ubuntu resolute-updates/main amd64 Components [97.8 kB]
2026-09-15T16:21:07.9374936Z Get:12 http://azure.archive.ubuntu.com/ubuntu resolute-updates/universe amd64v3 Packages [293 kB]
2026-09-15T16:21:07.9408197Z Get:13 http://azure.archive.ubuntu.com/ubuntu resolute-updates/universe Translation-en [93.2 kB]
2026-09-15T16:21:07.9424229Z Get:14 http://azure.archive.ubuntu.com/ubuntu resolute-updates/universe amd64 Components [188 kB]
2026-09-15T16:21:07.9457622Z Get:15 http://azure.archive.ubuntu.com/ubuntu resolute-updates/restricted amd64v3 Packages [409 kB]
2026-09-15T16:21:07.9501711Z Get:16 http://azure.archive.ubuntu.com/ubuntu resolute-updates/restricted Translation-en [79.5 kB]
2026-09-15T16:21:07.9513327Z Get:17 http://azure.archive.ubuntu.com/ubuntu resolute-updates/multiverse amd64v3 Packages [11.6 kB]
2026-09-15T16:21:07.9515059Z Get:18 http://azure.archive.ubuntu.com/ubuntu resolute-updates/multiverse Translation-en [3036 B]
2026-09-15T16:21:07.9933935Z Get:19 http://azure.archive.ubuntu.com/ubuntu resolute-backports/universe amd64 Components [1056 B]
2026-09-15T16:21:07.9950622Z Get:20 http://azure.archive.ubuntu.com/ubuntu resolute-security/main amd64v3 Packages [476 kB]
2026-09-15T16:21:07.9987446Z Get:21 http://azure.archive.ubuntu.com/ubuntu resolute-security/main Translation-en [111 kB]
2026-09-15T16:21:07.9999565Z Get:22 http://azure.archive.ubuntu.com/ubuntu resolute-security/main amd64 Components [46.6 kB]
2026-09-15T16:21:08.0018580Z Get:23 http://azure.archive.ubuntu.com/ubuntu resolute-security/universe amd64v3 Packages [173 kB]
2026-09-15T16:21:08.0031283Z Get:24 http://azure.archive.ubuntu.com/ubuntu resolute-security/universe Translation-en [54.4 kB]
2026-09-15T16:21:08.0045068Z Get:25 http://azure.archive.ubuntu.com/ubuntu resolute-security/universe amd64 Components [43.4 kB]
2026-09-15T16:21:08.0064493Z Get:26 http://azure.archive.ubuntu.com/ubuntu resolute-security/restricted amd64v3 Packages [399 kB]
2026-09-15T16:21:08.0093328Z Get:27 http://azure.archive.ubuntu.com/ubuntu resolute-security/restricted Translation-en [77.7 kB]
2026-09-15T16:21:08.0109429Z Get:28 http://azure.archive.ubuntu.com/ubuntu resolute-security/multiverse amd64v3 Packages [10.9 kB]
2026-09-15T16:21:08.0121802Z Get:29 http://azure.archive.ubuntu.com/ubuntu resolute-security/multiverse Translation-en [2844 B]
2026-09-15T16:21:08.1187828Z Get:30 https://dl.google.com/linux/chrome-stable/deb stable InRelease [2548 B]
2026-09-15T16:21:08.2356007Z Get:31 https://dl.google.com/linux/chrome-stable/deb stable/main amd64 Packages [1415 B]
2026-09-15T16:21:14.2427108Z Fetched 3858 kB in 0s (8189 kB/s)
2026-09-15T16:21:14.9597237Z Reading package lists...
2026-09-15T16:21:14.9945649Z Reading package lists...
2026-09-15T16:21:15.1777397Z Building dependency tree...
2026-09-15T16:21:15.1784875Z Reading state information...
2026-09-15T16:21:15.2212716Z bubblewrap is already the newest version (0.11.1-1ubuntu0.1).
2026-09-15T16:21:15.2213878Z bubblewrap set to manually installed.
2026-09-15T16:21:15.2214533Z apparmor is already the newest version (5.0.2-0ubuntu1~26.04.1).
2026-09-15T16:21:15.2215156Z apparmor set to manually installed.
2026-09-15T16:21:15.2215806Z libapparmor1 is already the newest version (5.0.2-0ubuntu1~26.04.1).
2026-09-15T16:21:15.2216441Z libapparmor1 set to manually installed.
2026-09-15T16:21:15.2217478Z libseccomp2 is already the newest version (2.6.0-2ubuntu5).
2026-09-15T16:21:15.2218079Z libseccomp2 set to manually installed.
2026-09-15T16:21:15.2922128Z Solving dependencies...
2026-09-15T16:21:15.4303057Z 0 upgraded, 0 newly installed, 0 to remove and 76 not upgraded.
2026-09-15T16:21:15.4571107Z apparmor	5.0.2-0ubuntu1~26.04.1
2026-09-15T16:21:15.4571898Z bubblewrap	0.11.1-1ubuntu0.1
2026-09-15T16:21:15.4572298Z libapparmor1:amd64	5.0.2-0ubuntu1~26.04.1
2026-09-15T16:21:15.4572716Z libseccomp2:amd64	2.6.0-2ubuntu5
2026-09-15T16:21:15.4936074Z bubblewrap 0.11.1
2026-09-15T16:21:15.4982175Z ##[group]Run npm ci --prefix apps/web
2026-09-15T16:21:15.4982780Z [36;1mnpm ci --prefix apps/web[0m
2026-09-15T16:21:15.5056313Z shell: /usr/bin/bash -e {0}
2026-09-15T16:21:15.5057018Z env:
2026-09-15T16:21:15.5057351Z   pythonLocation: /opt/hostedtoolcache/Python/3.12.13/x64
2026-09-15T16:21:15.5057788Z   PKG_CONFIG_PATH: /opt/hostedtoolcache/Python/3.12.13/x64/lib/pkgconfig
2026-09-15T16:21:15.5058236Z   Python_ROOT_DIR: /opt/hostedtoolcache/Python/3.12.13/x64
2026-09-15T16:21:15.5058619Z   Python2_ROOT_DIR: /opt/hostedtoolcache/Python/3.12.13/x64
2026-09-15T16:21:15.5058999Z   Python3_ROOT_DIR: /opt/hostedtoolcache/Python/3.12.13/x64
2026-09-15T16:21:15.5059399Z   LD_LIBRARY_PATH: /opt/hostedtoolcache/Python/3.12.13/x64/lib
2026-09-15T16:21:15.5059734Z ##[endgroup]
2026-09-15T16:21:21.8856222Z 
2026-09-15T16:21:21.8857170Z added 236 packages, and audited 237 packages in 6s
2026-09-15T16:21:21.8857911Z 
2026-09-15T16:21:21.8858470Z 118 packages are looking for funding
2026-09-15T16:21:21.8859144Z   run `npm fund` for details
2026-09-15T16:21:21.8870045Z 
2026-09-15T16:21:21.8870432Z found 0 vulnerabilities
2026-09-15T16:21:21.9396405Z ##[group]Run npm --prefix apps/web exec -- playwright install --with-deps chromium
2026-09-15T16:21:21.9403344Z [36;1mnpm --prefix apps/web exec -- playwright install --with-deps chromium[0m
2026-09-15T16:21:21.9461335Z shell: /usr/bin/bash -e {0}
2026-09-15T16:21:21.9461583Z env:
2026-09-15T16:21:21.9461850Z   pythonLocation: /opt/hostedtoolcache/Python/3.12.13/x64
2026-09-15T16:21:21.9462300Z   PKG_CONFIG_PATH: /opt/hostedtoolcache/Python/3.12.13/x64/lib/pkgconfig
2026-09-15T16:21:21.9462727Z   Python_ROOT_DIR: /opt/hostedtoolcache/Python/3.12.13/x64
2026-09-15T16:21:21.9463106Z   Python2_ROOT_DIR: /opt/hostedtoolcache/Python/3.12.13/x64
2026-09-15T16:21:21.9463492Z   Python3_ROOT_DIR: /opt/hostedtoolcache/Python/3.12.13/x64
2026-09-15T16:21:21.9463866Z   LD_LIBRARY_PATH: /opt/hostedtoolcache/Python/3.12.13/x64/lib
2026-09-15T16:21:21.9464196Z ##[endgroup]
2026-09-15T16:21:22.7361343Z Installing dependencies...
2026-09-15T16:21:22.7463578Z Switching to root user to install dependencies...
2026-09-15T16:21:22.8558410Z Get:1 file:/etc/apt/apt-mirrors.txt Mirrorlist [144 B]
2026-09-15T16:21:22.8988730Z Hit:2 http://azure.archive.ubuntu.com/ubuntu resolute InRelease
2026-09-15T16:21:22.9009128Z Hit:3 http://azure.archive.ubuntu.com/ubuntu resolute-updates InRelease
2026-09-15T16:21:22.9018383Z Hit:4 http://azure.archive.ubuntu.com/ubuntu resolute-backports InRelease
2026-09-15T16:21:22.9068241Z Hit:5 http://azure.archive.ubuntu.com/ubuntu resolute-security InRelease
2026-09-15T16:21:22.9388710Z Hit:6 https://packages.microsoft.com/ubuntu/26.04/prod resolute InRelease
2026-09-15T16:21:23.0363278Z Hit:7 https://dl.google.com/linux/chrome-stable/deb stable InRelease
2026-09-15T16:21:23.8781680Z Reading package lists...
2026-09-15T16:21:23.9047673Z Reading package lists...
2026-09-15T16:21:24.0681536Z Building dependency tree...
2026-09-15T16:21:24.0688936Z Reading state information...
2026-09-15T16:21:24.1024291Z libasound2t64 is already the newest version (1.2.15.3-1ubuntu1.1).
2026-09-15T16:21:24.1025120Z libasound2t64 set to manually installed.
2026-09-15T16:21:24.1025929Z libatk-bridge2.0-0t64 is already the newest version (2.60.4-0ubuntu0.1).
2026-09-15T16:21:24.1026941Z libatk-bridge2.0-0t64 set to manually installed.
2026-09-15T16:21:24.1027736Z libatk1.0-0t64 is already the newest version (2.60.4-0ubuntu0.1).
2026-09-15T16:21:24.1028437Z libatk1.0-0t64 set to manually installed.
2026-09-15T16:21:24.1029190Z libatspi2.0-0t64 is already the newest version (2.60.4-0ubuntu0.1).
2026-09-15T16:21:24.1029927Z libatspi2.0-0t64 set to manually installed.
2026-09-15T16:21:24.1030572Z libcairo2 is already the newest version (1.18.4-3).
2026-09-15T16:21:24.1031182Z libcairo2 set to manually installed.
2026-09-15T16:21:24.1031877Z libcups2t64 is already the newest version (2.4.16-1ubuntu1.3).
2026-09-15T16:21:24.1032564Z libcups2t64 set to manually installed.
2026-09-15T16:21:24.1033252Z libdbus-1-3 is already the newest version (1.16.2-2ubuntu4).
2026-09-15T16:21:24.1033930Z libdbus-1-3 set to manually installed.
2026-09-15T16:21:24.1034544Z libdrm2 is already the newest version (2.4.131-1).
2026-09-15T16:21:24.1035140Z libdrm2 set to manually installed.
2026-09-15T16:21:24.1035791Z libgbm1 is already the newest version (26.0.8-1ubuntu0.3).
2026-09-15T16:21:24.1036432Z libgbm1 set to manually installed.
2026-09-15T16:21:24.1037481Z libglib2.0-0t64 is already the newest version (2.88.0-1).
2026-09-15T16:21:24.1038270Z libglib2.0-0t64 set to manually installed.
2026-09-15T16:21:24.1038986Z libnspr4 is already the newest version (2:4.38.2-1ubuntu1).
2026-09-15T16:21:24.1039646Z libnspr4 set to manually installed.
2026-09-15T16:21:24.1040327Z libnss3 is already the newest version (2:3.120-1ubuntu2.1).
2026-09-15T16:21:24.1040971Z libnss3 set to manually installed.
2026-09-15T16:21:24.1041605Z libpango-1.0-0 is already the newest version (1.57.0-1).
2026-09-15T16:21:24.1042259Z libpango-1.0-0 set to manually installed.
2026-09-15T16:21:24.1042912Z libx11-6 is already the newest version (2:1.8.13-1).
2026-09-15T16:21:24.1043919Z libx11-6 set to manually installed.
2026-09-15T16:21:24.1044570Z libxcb1 is already the newest version (1.17.0-2ubuntu1).
2026-09-15T16:21:24.1045210Z libxcb1 set to manually installed.
2026-09-15T16:21:24.1045908Z libxcomposite1 is already the newest version (1:0.4.6-1build1).
2026-09-15T16:21:24.1046616Z libxcomposite1 set to manually installed.
2026-09-15T16:21:24.1047496Z libxdamage1 is already the newest version (1:1.1.7-1).
2026-09-15T16:21:24.1048127Z libxdamage1 set to manually installed.
2026-09-15T16:21:24.1048796Z libxext6 is already the newest version (2:1.3.4-1build3).
2026-09-15T16:21:24.1049417Z libxext6 set to manually installed.
2026-09-15T16:21:24.1050074Z libxfixes3 is already the newest version (1:6.0.0-2build2).
2026-09-15T16:21:24.1050729Z libxfixes3 set to manually installed.
2026-09-15T16:21:24.1051371Z libxkbcommon0 is already the newest version (1.13.1-1).
2026-09-15T16:21:24.1052021Z libxkbcommon0 set to manually installed.
2026-09-15T16:21:24.1052718Z libxrandr2 is already the newest version (2:1.5.4-1build1).
2026-09-15T16:21:24.1053366Z libxrandr2 set to manually installed.
2026-09-15T16:21:24.1054008Z xvfb is already the newest version (2:21.1.22-1ubuntu1).
2026-09-15T16:21:24.1054834Z fonts-noto-color-emoji is already the newest version (2.051-1build1).
2026-09-15T16:21:24.1055733Z libfontconfig1 is already the newest version (2.17.1-3ubuntu1).
2026-09-15T16:21:24.1056445Z libfontconfig1 set to manually installed.
2026-09-15T16:21:24.1057407Z libfreetype6 is already the newest version (2.14.2+dfsg-1ubuntu0.1).
2026-09-15T16:21:24.1058134Z libfreetype6 set to manually installed.
2026-09-15T16:21:24.1058877Z fonts-liberation is already the newest version (1:2.1.5-3build1).
2026-09-15T16:21:24.1059615Z fonts-liberation set to manually installed.
2026-09-15T16:21:24.1574552Z Solving dependencies...
2026-09-15T16:21:24.2436417Z The following additional packages will be installed:
2026-09-15T16:21:24.2438051Z   xfonts-encodings xfonts-utils
2026-09-15T16:21:24.2448111Z Recommended packages:
2026-09-15T16:21:24.2448716Z   fonts-ipafont-mincho fonts-tlwg-loma
2026-09-15T16:21:24.2674446Z The following NEW packages will be installed:
2026-09-15T16:21:24.2675471Z   fonts-freefont-ttf fonts-ipafont-gothic fonts-tlwg-loma-otf fonts-unifont
2026-09-15T16:21:24.2681296Z   fonts-wqy-zenhei xfonts-cyrillic xfonts-encodings xfonts-scalable
2026-09-15T16:21:24.2682076Z   xfonts-utils
2026-09-15T16:21:24.2893776Z 0 upgraded, 9 newly installed, 0 to remove and 76 not upgraded.
2026-09-15T16:21:24.2894672Z Need to get 21.9 MB of archives.
2026-09-15T16:21:24.2895630Z After this operation, 80.2 MB of additional disk space will be used.
2026-09-15T16:21:24.2896899Z Get:1 file:/etc/apt/apt-mirrors.txt Mirrorlist [144 B]
2026-09-15T16:21:24.3201113Z Get:2 http://azure.archive.ubuntu.com/ubuntu resolute/universe amd64v3 fonts-ipafont-gothic all 00303-23ubuntu1 [3703 kB]
2026-09-15T16:21:24.3793925Z Get:3 http://azure.archive.ubuntu.com/ubuntu resolute/main amd64v3 fonts-freefont-ttf all 20211204+svn4273-4build1 [5656 kB]
2026-09-15T16:21:24.4938934Z Get:4 http://azure.archive.ubuntu.com/ubuntu resolute/universe amd64v3 fonts-tlwg-loma-otf all 1:0.7.3-1build1 [106 kB]
2026-09-15T16:21:24.5022612Z Get:5 http://azure.archive.ubuntu.com/ubuntu resolute/universe amd64v3 fonts-unifont all 1:16.0.04-1build1 [3169 kB]
2026-09-15T16:21:24.5760952Z Get:6 http://azure.archive.ubuntu.com/ubuntu resolute/universe amd64v3 fonts-wqy-zenhei all 0.9.45-8build1 [7863 kB]
2026-09-15T16:21:24.7034909Z Get:7 http://azure.archive.ubuntu.com/ubuntu resolute/main amd64v3 xfonts-encodings all 1:1.0.5-0ubuntu3 [576 kB]
2026-09-15T16:21:24.7224804Z Get:8 http://azure.archive.ubuntu.com/ubuntu resolute/main amd64v3 xfonts-utils amd64 1:7.7+7build1 [97.3 kB]
2026-09-15T16:21:24.7319810Z Get:9 http://azure.archive.ubuntu.com/ubuntu resolute/universe amd64v3 xfonts-cyrillic all 1:1.0.5+nmu1build1 [384 kB]
2026-09-15T16:21:24.7469452Z Get:10 http://azure.archive.ubuntu.com/ubuntu resolute/universe amd64v3 xfonts-scalable all 1:1.0.3-1.3build1 [304 kB]
2026-09-15T16:21:25.4888561Z Fetched 21.9 MB in 0s (46.0 MB/s)
2026-09-15T16:21:25.5276359Z Selecting previously unselected package fonts-ipafont-gothic.
2026-09-15T16:21:25.5811481Z (Reading database ... 
2026-09-15T16:21:25.5811981Z (Reading database ... 5%
2026-09-15T16:21:25.5812299Z (Reading database ... 10%
2026-09-15T16:21:25.5812610Z (Reading database ... 15%
2026-09-15T16:21:25.5812913Z (Reading database ... 20%
2026-09-15T16:21:25.5813223Z (Reading database ... 25%
2026-09-15T16:21:25.5813510Z (Reading database ... 30%
2026-09-15T16:21:25.5813794Z (Reading database ... 35%
2026-09-15T16:21:25.5814088Z (Reading database ... 40%
2026-09-15T16:21:25.5814386Z (Reading database ... 45%
2026-09-15T16:21:25.5814674Z (Reading database ... 50%
2026-09-15T16:21:25.8948135Z (Reading database ... 55%
2026-09-15T16:21:26.2407240Z (Reading database ... 60%
2026-09-15T16:21:26.5403706Z (Reading database ... 65%
2026-09-15T16:21:26.7857361Z (Reading database ... 70%
2026-09-15T16:21:27.0422696Z (Reading database ... 75%
2026-09-15T16:21:27.3595281Z (Reading database ... 80%
2026-09-15T16:21:27.9189484Z (Reading database ... 85%
2026-09-15T16:21:28.4364544Z (Reading database ... 90%
2026-09-15T16:21:29.0364017Z (Reading database ... 95%
2026-09-15T16:21:29.0364559Z (Reading database ... 100%
2026-09-15T16:21:29.0365304Z (Reading database ... 209256 files and directories currently installed.)
2026-09-15T16:21:29.0406426Z Preparing to unpack .../0-fonts-ipafont-gothic_00303-23ubuntu1_all.deb ...
2026-09-15T16:21:29.0508566Z Unpacking fonts-ipafont-gothic (00303-23ubuntu1) ...
2026-09-15T16:21:29.1531226Z Selecting previously unselected package fonts-freefont-ttf.
2026-09-15T16:21:29.1670701Z Preparing to unpack .../1-fonts-freefont-ttf_20211204+svn4273-4build1_all.deb ...
2026-09-15T16:21:29.1683587Z Unpacking fonts-freefont-ttf (20211204+svn4273-4build1) ...
2026-09-15T16:21:29.2669047Z Selecting previously unselected package fonts-tlwg-loma-otf.
2026-09-15T16:21:29.2808869Z Preparing to unpack .../2-fonts-tlwg-loma-otf_1%3a0.7.3-1build1_all.deb ...
2026-09-15T16:21:29.2819620Z Unpacking fonts-tlwg-loma-otf (1:0.7.3-1build1) ...
2026-09-15T16:21:29.3142725Z Selecting previously unselected package fonts-unifont.
2026-09-15T16:21:29.3279425Z Preparing to unpack .../3-fonts-unifont_1%3a16.0.04-1build1_all.deb ...
2026-09-15T16:21:29.3293822Z Unpacking fonts-unifont (1:16.0.04-1build1) ...
2026-09-15T16:21:29.4407187Z Selecting previously unselected package fonts-wqy-zenhei.
2026-09-15T16:21:29.4545816Z Preparing to unpack .../4-fonts-wqy-zenhei_0.9.45-8build1_all.deb ...
2026-09-15T16:21:29.4740236Z Unpacking fonts-wqy-zenhei (0.9.45-8build1) ...
2026-09-15T16:21:29.5785543Z Selecting previously unselected package xfonts-encodings.
2026-09-15T16:21:29.5925643Z Preparing to unpack .../5-xfonts-encodings_1%3a1.0.5-0ubuntu3_all.deb ...
2026-09-15T16:21:29.5941866Z Unpacking xfonts-encodings (1:1.0.5-0ubuntu3) ...
2026-09-15T16:21:29.6272305Z Selecting previously unselected package xfonts-utils.
2026-09-15T16:21:29.6410569Z Preparing to unpack .../6-xfonts-utils_1%3a7.7+7build1_amd64v3.deb ...
2026-09-15T16:21:29.6424863Z Unpacking xfonts-utils (1:7.7+7build1) ...
2026-09-15T16:21:29.7187377Z Selecting previously unselected package xfonts-cyrillic.
2026-09-15T16:21:29.7325468Z Preparing to unpack .../7-xfonts-cyrillic_1%3a1.0.5+nmu1build1_all.deb ...
2026-09-15T16:21:29.7334905Z Unpacking xfonts-cyrillic (1:1.0.5+nmu1build1) ...
2026-09-15T16:21:29.7751139Z Selecting previously unselected package xfonts-scalable.
2026-09-15T16:21:29.7890196Z Preparing to unpack .../8-xfonts-scalable_1%3a1.0.3-1.3build1_all.deb ...
2026-09-15T16:21:29.7899642Z Unpacking xfonts-scalable (1:1.0.3-1.3build1) ...
2026-09-15T16:21:29.8397309Z Setting up fonts-wqy-zenhei (0.9.45-8build1) ...
2026-09-15T16:21:29.8583609Z Setting up fonts-freefont-ttf (20211204+svn4273-4build1) ...
2026-09-15T16:21:29.8631542Z Setting up fonts-tlwg-loma-otf (1:0.7.3-1build1) ...
2026-09-15T16:21:29.8662033Z Setting up xfonts-encodings (1:1.0.5-0ubuntu3) ...
2026-09-15T16:21:29.8694612Z Setting up fonts-ipafont-gothic (00303-23ubuntu1) ...
2026-09-15T16:21:29.8777074Z update-alternatives: using /usr/share/fonts/opentype/ipafont-gothic/ipag.ttf to provide /usr/share/fonts/truetype/fonts-japanese-gothic.ttf (fonts-japanese-gothic.ttf) in auto mode
2026-09-15T16:21:29.8803578Z Setting up fonts-unifont (1:16.0.04-1build1) ...
2026-09-15T16:21:29.8832493Z Setting up xfonts-utils (1:7.7+7build1) ...
2026-09-15T16:21:29.8907073Z Setting up xfonts-cyrillic (1:1.0.5+nmu1build1) ...
2026-09-15T16:21:29.9678903Z Setting up xfonts-scalable (1:1.0.3-1.3build1) ...
2026-09-15T16:21:30.0119081Z Processing triggers for man-db (2.13.1-1build1) ...
2026-09-15T16:21:30.0154286Z Not building database; man-db/auto-update is not 'true'.
2026-09-15T16:21:30.0173153Z Processing triggers for fontconfig (2.17.1-3ubuntu1) ...
2026-09-15T16:21:31.3330529Z 
2026-09-15T16:21:31.3331232Z Running kernel seems to be up-to-date.
2026-09-15T16:21:31.3331668Z 
2026-09-15T16:21:31.3331869Z Restarting services...
2026-09-15T16:21:31.3429181Z 
2026-09-15T16:21:31.3431445Z Service restarts being deferred:
2026-09-15T16:21:31.3435122Z  systemctl restart hosted-compute-agent.service
2026-09-15T16:21:31.3435393Z 
2026-09-15T16:21:31.3436144Z No containers need to be restarted.
2026-09-15T16:21:31.3436477Z 
2026-09-15T16:21:31.3436680Z No user sessions are running outdated binaries.
2026-09-15T16:21:31.3437247Z 
2026-09-15T16:21:31.3437566Z No VM guests are running outdated hypervisor (qemu) binaries on this host.
2026-09-15T16:21:32.5951707Z Downloading Chrome for Testing 153.0.8010.12 (playwright chromium v1243) from https://cdn.playwright.dev/builds/cft/153.0.8010.12/linux64/chrome-linux64.zip
2026-09-15T16:21:32.9820835Z |                                                                                |   0% of 186.8 MiB
2026-09-15T16:21:33.1342058Z |■■■■■■■■                                                                        |  10% of 186.8 MiB
2026-09-15T16:21:33.2148432Z |■■■■■■■■■■■■■■■■                                                                |  20% of 186.8 MiB
2026-09-15T16:21:33.3098943Z |■■■■■■■■■■■■■■■■■■■■■■■■                                                        |  30% of 186.8 MiB
2026-09-15T16:21:33.3680636Z |■■■■■■■■■■■■■■■■■■■■■■■■■■■■■■■■                                                |  40% of 186.8 MiB
2026-09-15T16:21:33.4437983Z |■■■■■■■■■■■■■■■■■■■■■■■■■■■■■■■■■■■■■■■■                                        |  50% of 186.8 MiB
2026-09-15T16:21:33.5311130Z |■■■■■■■■■■■■■■■■■■■■■■■■■■■■■■■■■■■■■■■■■■■■■■■■                                |  60% of 186.8 MiB
2026-09-15T16:21:33.6048266Z |■■■■■■■■■■■■■■■■■■■■■■■■■■■■■■■■■■■■■■■■■■■■■■■■■■■■■■■■                        |  70% of 186.8 MiB
2026-09-15T16:21:33.6943505Z |■■■■■■■■■■■■■■■■■■■■■■■■■■■■■■■■■■■■■■■■■■■■■■■■■■■■■■■■■■■■■■■■                |  80% of 186.8 MiB
2026-09-15T16:21:33.7576054Z |■■■■■■■■■■■■■■■■■■■■■■■■■■■■■■■■■■■■■■■■■■■■■■■■■■■■■■■■■■■■■■■■■■■■■■■■        |  90% of 186.8 MiB
2026-09-15T16:21:33.8462605Z |■■■■■■■■■■■■■■■■■■■■■■■■■■■■■■■■■■■■■■■■■■■■■■■■■■■■■■■■■■■■■■■■■■■■■■■■■■■■■■■■| 100% of 186.8 MiB
2026-09-15T16:21:36.7196279Z Chrome for Testing 153.0.8010.12 (playwright chromium v1243) downloaded to <github-runner-home>/.cache/ms-playwright/chromium-1243
2026-09-15T16:21:36.7201983Z Downloading FFmpeg (playwright ffmpeg v1011) from https://cdn.playwright.dev/dbazure/download/playwright/builds/ffmpeg/1011/ffmpeg-linux.zip
2026-09-15T16:21:37.0953803Z |                                                                                |   0% of 2.3 MiB
2026-09-15T16:21:37.1016688Z |■■■■■■■■                                                                        |  10% of 2.3 MiB
2026-09-15T16:21:37.1036248Z |■■■■■■■■■■■■■■■■                                                                |  20% of 2.3 MiB
2026-09-15T16:21:37.1047234Z |■■■■■■■■■■■■■■■■■■■■■■■■                                                        |  30% of 2.3 MiB
2026-09-15T16:21:37.1064445Z |■■■■■■■■■■■■■■■■■■■■■■■■■■■■■■■■                                                |  40% of 2.3 MiB
2026-09-15T16:21:37.1074383Z |■■■■■■■■■■■■■■■■■■■■■■■■■■■■■■■■■■■■■■■■                                        |  50% of 2.3 MiB
2026-09-15T16:21:37.1086068Z |■■■■■■■■■■■■■■■■■■■■■■■■■■■■■■■■■■■■■■■■■■■■■■■■                                |  60% of 2.3 MiB
2026-09-15T16:21:37.1096018Z |■■■■■■■■■■■■■■■■■■■■■■■■■■■■■■■■■■■■■■■■■■■■■■■■■■■■■■■■                        |  70% of 2.3 MiB
2026-09-15T16:21:37.1115819Z |■■■■■■■■■■■■■■■■■■■■■■■■■■■■■■■■■■■■■■■■■■■■■■■■■■■■■■■■■■■■■■■■                |  80% of 2.3 MiB
2026-09-15T16:21:37.1124338Z |■■■■■■■■■■■■■■■■■■■■■■■■■■■■■■■■■■■■■■■■■■■■■■■■■■■■■■■■■■■■■■■■■■■■■■■■        |  90% of 2.3 MiB
2026-09-15T16:21:37.1133724Z |■■■■■■■■■■■■■■■■■■■■■■■■■■■■■■■■■■■■■■■■■■■■■■■■■■■■■■■■■■■■■■■■■■■■■■■■■■■■■■■■| 100% of 2.3 MiB
2026-09-15T16:21:37.1702647Z FFmpeg (playwright ffmpeg v1011) downloaded to <github-runner-home>/.cache/ms-playwright/ffmpeg-1011
2026-09-15T16:21:37.1704679Z Downloading Chrome Headless Shell 153.0.8010.12 (playwright chromium-headless-shell v1243) from https://cdn.playwright.dev/builds/cft/153.0.8010.12/linux64/chrome-headless-shell-linux64.zip
2026-09-15T16:21:37.5629832Z |                                                                                |   0% of 114.3 MiB
2026-09-15T16:21:37.6629658Z |■■■■■■■■                                                                        |  10% of 114.3 MiB
2026-09-15T16:21:37.7398077Z |■■■■■■■■■■■■■■■■                                                                |  20% of 114.3 MiB
2026-09-15T16:21:37.7922536Z |■■■■■■■■■■■■■■■■■■■■■■■■                                                        |  30% of 114.3 MiB
2026-09-15T16:21:37.8462760Z |■■■■■■■■■■■■■■■■■■■■■■■■■■■■■■■■                                                |  40% of 114.3 MiB
2026-09-15T16:21:37.9070112Z |■■■■■■■■■■■■■■■■■■■■■■■■■■■■■■■■■■■■■■■■                                        |  50% of 114.3 MiB
2026-09-15T16:21:37.9479768Z |■■■■■■■■■■■■■■■■■■■■■■■■■■■■■■■■■■■■■■■■■■■■■■■■                                |  60% of 114.3 MiB
2026-09-15T16:21:38.0072533Z |■■■■■■■■■■■■■■■■■■■■■■■■■■■■■■■■■■■■■■■■■■■■■■■■■■■■■■■■                        |  70% of 114.3 MiB
2026-09-15T16:21:38.0479049Z |■■■■■■■■■■■■■■■■■■■■■■■■■■■■■■■■■■■■■■■■■■■■■■■■■■■■■■■■■■■■■■■■                |  80% of 114.3 MiB
2026-09-15T16:21:38.0860453Z |■■■■■■■■■■■■■■■■■■■■■■■■■■■■■■■■■■■■■■■■■■■■■■■■■■■■■■■■■■■■■■■■■■■■■■■■        |  90% of 114.3 MiB
2026-09-15T16:21:38.1374782Z |■■■■■■■■■■■■■■■■■■■■■■■■■■■■■■■■■■■■■■■■■■■■■■■■■■■■■■■■■■■■■■■■■■■■■■■■■■■■■■■■| 100% of 114.3 MiB
2026-09-15T16:21:40.1552009Z Chrome Headless Shell 153.0.8010.12 (playwright chromium-headless-shell v1243) downloaded to <github-runner-home>/.cache/ms-playwright/chromium_headless_shell-1243
2026-09-15T16:21:40.1904785Z ##[group]Run make build
2026-09-15T16:21:40.1905253Z [36;1mmake build[0m
2026-09-15T16:21:40.1963717Z shell: /usr/bin/bash -e {0}
2026-09-15T16:21:40.1976370Z env:
2026-09-15T16:21:40.1976691Z   pythonLocation: /opt/hostedtoolcache/Python/3.12.13/x64
2026-09-15T16:21:40.1977675Z   PKG_CONFIG_PATH: /opt/hostedtoolcache/Python/3.12.13/x64/lib/pkgconfig
2026-09-15T16:21:40.1978477Z   Python_ROOT_DIR: /opt/hostedtoolcache/Python/3.12.13/x64
2026-09-15T16:21:40.1979141Z   Python2_ROOT_DIR: /opt/hostedtoolcache/Python/3.12.13/x64
2026-09-15T16:21:40.1979834Z   Python3_ROOT_DIR: /opt/hostedtoolcache/Python/3.12.13/x64
2026-09-15T16:21:40.1980547Z   LD_LIBRARY_PATH: /opt/hostedtoolcache/Python/3.12.13/x64/lib
2026-09-15T16:21:40.1981140Z ##[endgroup]
2026-09-15T16:21:40.2315916Z bash scripts/node.sh npm --prefix apps/web run build
2026-09-15T16:21:40.3414663Z 
2026-09-15T16:21:40.3415284Z > @learning-workbench/web@0.1.0 build
2026-09-15T16:21:40.3415801Z > tsc --noEmit && vite build
2026-09-15T16:21:40.3416136Z 
2026-09-15T16:21:41.7795162Z [36mvite v8.3.0 [32mbuilding client environment for production...[36m[39m
2026-09-15T16:21:41.7893758Z transforming...
2026-09-15T16:21:41.9931498Z ✓ 728 modules transformed.
2026-09-15T16:21:42.0894602Z rendering chunks...
2026-09-15T16:21:42.2359225Z computing gzip size...
2026-09-15T16:21:42.2804613Z dist/index.html                       0.41 kB │ gzip:     0.32 kB
2026-09-15T16:21:42.2806636Z dist/assets/index-C5tfVjEf.css       39.22 kB │ gzip:     8.29 kB
2026-09-15T16:21:42.2808782Z dist/assets/index-BcyWiVF2.js     1,141.33 kB │ gzip:   256.68 kB
2026-09-15T16:21:42.2810581Z dist/assets/Markdown-CEjF4xhR.js  2,939.32 kB │ gzip: 1,098.70 kB
2026-09-15T16:21:42.2811617Z 
2026-09-15T16:21:42.2812643Z [32m✓ built in 500ms[39m
2026-09-15T16:21:42.2819261Z [33m[plugin builtin:vite-reporter] 
2026-09-15T16:21:42.2820265Z (!) Some chunks are larger than 500 kB after minification. Consider:
2026-09-15T16:21:42.2821355Z - Using dynamic import() to code-split the application
2026-09-15T16:21:42.2822942Z - Use build.rolldownOptions.output.codeSplitting to improve chunking: https://rolldown.rs/reference/OutputOptions.codeSplitting
2026-09-15T16:21:42.2824549Z - Adjust chunk size limit for this warning via build.chunkSizeWarningLimit.[39m
2026-09-15T16:21:42.3101722Z ##[group]Run make test-e2e
2026-09-15T16:21:42.3102022Z [36;1mmake test-e2e[0m
2026-09-15T16:21:42.3160065Z shell: /usr/bin/bash -e {0}
2026-09-15T16:21:42.3160314Z env:
2026-09-15T16:21:42.3160580Z   pythonLocation: /opt/hostedtoolcache/Python/3.12.13/x64
2026-09-15T16:21:42.3161023Z   PKG_CONFIG_PATH: /opt/hostedtoolcache/Python/3.12.13/x64/lib/pkgconfig
2026-09-15T16:21:42.3161446Z   Python_ROOT_DIR: /opt/hostedtoolcache/Python/3.12.13/x64
2026-09-15T16:21:42.3161832Z   Python2_ROOT_DIR: /opt/hostedtoolcache/Python/3.12.13/x64
2026-09-15T16:21:42.3162226Z   Python3_ROOT_DIR: /opt/hostedtoolcache/Python/3.12.13/x64
2026-09-15T16:21:42.3162611Z   LD_LIBRARY_PATH: /opt/hostedtoolcache/Python/3.12.13/x64/lib
2026-09-15T16:21:42.3163069Z   LEARNING_E2E_OUTPUT_DIR: <github-runner-home>/work/_temp/learning-workbench-e2e-results
2026-09-15T16:21:42.3163473Z ##[endgroup]
2026-09-15T16:21:42.3256989Z bash scripts/node.sh npm --prefix apps/web run test:e2e
2026-09-15T16:21:42.4310228Z 
2026-09-15T16:21:42.4310912Z > @learning-workbench/web@0.1.0 test:e2e
2026-09-15T16:21:42.4311509Z > playwright test --config ../../tests/e2e/playwright.config.ts
2026-09-15T16:21:42.4311836Z 
2026-09-15T16:21:44.9588772Z [WebServer] INFO:     Started server process [3173]
2026-09-15T16:21:44.9589995Z [WebServer] INFO:     Waiting for application startup.
2026-09-15T16:21:45.0840569Z [WebServer] INFO:     Application startup complete.
2026-09-15T16:21:45.0842738Z [WebServer] INFO:     Uvicorn running on http://127.0.0.1:8765 (Press CTRL+C to quit)
2026-09-15T16:21:48.0669293Z 
2026-09-15T16:21:48.0669909Z Running 94 tests using 1 worker
2026-09-15T16:21:48.0670233Z 
2026-09-15T16:22:11.5787308Z   ✓   1 ../../tests/e2e/assessment-restart.spec.ts:43:1 › same assessment instance rejects forged course and assessment hashes while its independent policy remains active (23.1s)
2026-09-15T16:22:32.3687701Z   ✓   2 ../../tests/e2e/assessment-restart.spec.ts:112:1 › actual browser and API restarts retain independent drafts and keep old solution receipts protected after submission (20.8s)
2026-09-15T16:22:43.4056318Z   ✓   3 ../../tests/e2e/assessments.spec.ts:41:1 › real unreviewed independent assessment saves five types and submits without fabricated grades or answer calls (11.0s)
2026-09-15T16:22:56.8298327Z   ✓   4 ../../tests/e2e/assessments.spec.ts:90:1 › open-book and assisted freeze actual policies; explicit abandon retains saved answers and yields no score (13.4s)
2026-09-15T16:23:10.5403130Z   ✓   5 ../../tests/e2e/assessments.spec.ts:109:1 › two profiles retain a real server CAS conflict with three-way comparison and reject forged same-identity parent (13.4s)
2026-09-15T16:23:17.5986446Z   ✓   6 ../../tests/e2e/assessments.spec.ts:138:1 › missing private binding visibly blocks start instead of fabricating a usable test (7.0s)
2026-09-15T16:23:34.7958765Z   ✓   7 ../../tests/e2e/assessments.spec.ts:145:1 › two pages preserve independent local CAS candidates; a later submitted snapshot never accepts restored edits (17.2s)
2026-09-15T16:23:47.0080502Z   ✓   8 ../../tests/e2e/assessments.spec.ts:251:1 › late redacted Workbench save uses its original ETag and retains hidden selection after explicit three-way choice (12.2s)
2026-09-15T16:23:58.1945947Z   ✓   9 ../../tests/e2e/assessments.spec.ts:295:1 › a genuine solution response held in flight cannot appear after another page starts an open-book assessment (11.2s)
2026-09-15T16:24:05.1247976Z 
2026-09-15T16:24:05.1250292Z   ✓  10 ../../tests/e2e/document-imports.spec.ts:87:1 › real two-page PDF keeps exact page citations, guarded original bytes and explicit fidelity approval (6.9s)
2026-09-15T16:24:10.6144347Z 
2026-09-15T16:24:10.6148457Z   ✓  11 ../../tests/e2e/document-imports.spec.ts:127:1 › real DOCX safe text stays readable for learner while original bytes require an explicit author role (5.5s)
2026-09-15T16:24:16.6864647Z 
2026-09-15T16:24:16.6867891Z   ✓  12 ../../tests/e2e/document-imports.spec.ts:202:1 › a real scanned PDF fails without invented text or OCR and its local original is checked explicitly after reload (6.1s)
2026-09-15T16:24:22.2138757Z 
2026-09-15T16:24:22.2161146Z   ✓  13 ../../tests/e2e/document-imports.spec.ts:236:3 › real encrypted.pdf extraction failure remains blocked and preserves its original hash (5.5s)
2026-09-15T16:24:25.8153561Z 
2026-09-15T16:24:25.8185173Z   ✓  14 ../../tests/e2e/document-imports.spec.ts:236:3 › real malformed.docx extraction failure remains blocked and preserves its original hash (3.6s)
2026-09-15T16:24:37.7712130Z   ✓  15 ../../tests/e2e/grading-recovery.spec.ts:57:1 › a real failed regrade survives reload and can recover from the last actual grade without losing the old submission (11.9s)
2026-09-15T16:24:54.1898493Z   ✓  16 ../../tests/e2e/grading-restart.spec.ts:50:1 › real browser and API restarts preserve the submitted answers, signed review and both grading revisions (16.4s)
2026-09-15T16:25:08.7482370Z   ✓  17 ../../tests/e2e/grading.spec.ts:34:1 › unreviewed original content stays null until an explicit author form creates a signed new grade without altering its reference approval (14.5s)
2026-09-15T16:25:24.2352738Z   ✓  18 ../../tests/e2e/grading.spec.ts:66:1 › two browser profiles keep a stale manual-review baseline through an actual 412 before explicit three-way rebase (15.5s)
2026-09-15T16:25:36.5863149Z   ✓  19 ../../tests/e2e/grading.spec.ts:81:1 › a failed manual request preserves its durable exact command and editable author draft after browser reload (12.3s)
2026-09-15T16:25:39.3659569Z   ✓  20 ../../tests/e2e/import-admission.spec.ts:8:1 › import admission waits for real Policy after UI saved and never replays a rejected click (2.8s)
2026-09-15T16:25:51.4201390Z   ✓  21 ../../tests/e2e/import-admission.spec.ts:65:1 › real independent Policy preserves an open import selection and restores only explicit admission (12.0s)
2026-09-15T16:26:02.3314390Z   ✓  22 ../../tests/e2e/imports-policy.spec.ts:11:1 › an open author import retains its task across independent start and submit but rechecks pending-answer protection before restoring content (10.9s)
2026-09-15T16:26:08.8681518Z   ✓  23 ../../tests/e2e/imports-policy.spec.ts:61:1 › a reselected failed original survives a role-policy pause in memory while decoded text must be checked again (6.5s)
2026-09-15T16:26:14.4746089Z   ✓  24 ../../tests/e2e/imports.spec.ts:111:1 › real Markdown upload stays staged, previews and downloads exact bytes, restores and commits exact course refs (5.6s)
2026-09-15T16:26:18.6891310Z   ✓  25 ../../tests/e2e/imports.spec.ts:190:1 › safe HTML warning requires explicit acceptance and native cancel leaves courses untouched (4.2s)
2026-09-15T16:26:24.4032361Z   ✓  26 ../../tests/e2e/imports.spec.ts:218:1 › UTF-8 text can target a real existing course and creates a newer exact revision (5.7s)
2026-09-15T16:26:28.3144856Z   ✓  27 ../../tests/e2e/imports.spec.ts:234:1 › upload request failure keeps the selected file; preview failure keeps the recovery ID and explicit retry works (3.9s)
2026-09-15T16:26:33.5069859Z 
2026-09-15T16:26:33.5089989Z   ✓  28 ../../tests/e2e/imports.spec.ts:254:1 › author package requires explicit role change and clears the private preview after returning to learner (5.2s)
2026-09-15T16:26:37.3028224Z   ✓  29 ../../tests/e2e/imports.spec.ts:290:1 › a real invalid UTF-8 parse shows a blocking error and cannot be confirmed (3.8s)
2026-09-15T16:26:43.9967996Z 
2026-09-15T16:26:44.0000975Z   ✓  30 ../../tests/e2e/imports.spec.ts:311:1 › local encoding choice preserves the failed original and creates a separately confirmed UTF-8 import (6.7s)
2026-09-15T16:26:49.7771245Z 
2026-09-15T16:26:49.7773410Z   ✓  31 ../../tests/e2e/imports.spec.ts:379:1 › deferred author preview and original responses cannot restore content after the role is lowered (5.8s)
2026-09-15T16:27:07.1820956Z   ✓  32 ../../tests/e2e/learning-state-restart.spec.ts:47:1 › actual browser and API restarts preserve profile candidates, exact route overrides and original reading sources (17.4s)
2026-09-15T16:27:15.1513933Z   ✓  33 ../../tests/e2e/learning-state.spec.ts:12:1 › real self-report persists a lost-ACK command once and never creates independent evidence (8.0s)
2026-09-15T16:27:25.9070277Z   ✓  34 ../../tests/e2e/learning-state.spec.ts:30:1 › actual unreviewed submission stays excluded and its precise sources disappear when another page starts independent work (10.7s)
2026-09-15T16:27:31.0329709Z   ✓  35 ../../tests/e2e/learning-state.spec.ts:45:1 › a quota-failed profile remains mounted when a global command tries to leave it (5.1s)
2026-09-15T16:27:39.1242740Z   ✓  36 ../../tests/e2e/notes-lifecycle.spec.ts:32:1 › a concurrent note move to another block remains recoverable by stable note ID after a real 412 (8.1s)
2026-09-15T16:27:47.3620151Z   ✓  37 ../../tests/e2e/notes-lifecycle.spec.ts:64:1 › soft deleting a server note preserves its unsynced local continuation for explicit recovery (8.2s)
2026-09-15T16:27:56.6574020Z   ✓  38 ../../tests/e2e/practice-restart.spec.ts:20:1 › same practice tab identity rejects changed frozen parent or child hashes and preserves the original session (9.3s)
2026-09-15T16:28:11.2224747Z   ✓  39 ../../tests/e2e/practice-restart.spec.ts:66:1 › actual browser close and API restart retain practice identity, exposure and an unsynced local response (14.6s)
2026-09-15T16:28:22.2100822Z   ✓  40 ../../tests/e2e/practice.spec.ts:26:1 › five real question kinds save and refresh; hints and solutions require explicit exposure; submit is ungraded (11.0s)
2026-09-15T16:28:33.3989915Z   ✓  41 ../../tests/e2e/practice.spec.ts:87:1 › offline recovery keeps the local candidate when session GET was also unavailable and reconnect compares its base (11.2s)
2026-09-15T16:28:46.0184496Z   ✓  42 ../../tests/e2e/practice.spec.ts:113:1 › two real browser profiles produce a server CAS conflict with base local and remote before explicit choice (12.6s)
2026-09-15T16:28:53.9313687Z   ✓  43 ../../tests/e2e/practice.spec.ts:138:1 › missing private solution fails closed and a forged same-identity parent never replaces the existing practice tab (7.9s)
2026-09-15T16:29:08.0184988Z   ✓  44 ../../tests/e2e/practice.spec.ts:159:1 › two pages keep their durable local candidates and closing an unsynced practice requires explicit retention (14.1s)
2026-09-15T16:29:14.0392335Z   ✓  45 ../../tests/e2e/provider-settings.spec.ts:53:1 › real settings persist control configuration and temporary secrets without claiming production generation (6.0s)
2026-09-15T16:29:22.9189371Z   ✓  46 ../../tests/e2e/provider-settings.spec.ts:84:1 › real config lost ACK restores the original command after browser/API restart and reads later current state separately (8.9s)
2026-09-15T16:29:31.5117768Z   ✓  47 ../../tests/e2e/provider-settings.spec.ts:112:1 › actual independent assessment policy keeps settings controls available and denies subject consent reads (8.6s)
2026-09-15T16:29:36.4014721Z   ✓  48 ../../tests/e2e/provider-settings.spec.ts:142:41 › secret controls use an actual newer readback while the parent refresh is held; peer change false (4.9s)
2026-09-15T16:29:41.4711459Z   ✓  49 ../../tests/e2e/provider-settings.spec.ts:142:41 › secret controls use an actual newer readback while the parent refresh is held; peer change true (5.1s)
2026-09-15T16:29:53.9499314Z   ✓  50 ../../tests/e2e/reader-conflict-layout.spec.ts:97:1 › real session conflict preserves the scrolled submitted explanation and requires an explicit comparison choice (12.5s)
2026-09-15T16:30:03.8103449Z   ✓  51 ../../tests/e2e/reader-conflict-layout.spec.ts:178:1 › real session conflict keeps the same enabled assessment input focused and visible in the shortened reader (9.9s)
2026-09-15T16:30:17.7134322Z   ✓  52 ../../tests/e2e/reader-restart.spec.ts:13:1 › actual browser close and API process restart retain imported references, notes, progress and Reader position (13.9s)
2026-09-15T16:30:25.6760221Z   ✓  53 ../../tests/e2e/reader.spec.ts:33:1 › real imported directory, title search, worked-example link, long formula and frozen original download (7.9s)
2026-09-15T16:30:33.1647336Z   ✓  54 ../../tests/e2e/reader.spec.ts:67:1 › second repeated rendered selection preserves exact source codepoints, saves note, edits and soft deletes (7.5s)
2026-09-15T16:30:40.2006252Z   ✓  55 ../../tests/e2e/reader.spec.ts:98:1 › native source keyboard selection creates exact Markdown codepoints without rendered-text guessing (7.0s)
2026-09-15T16:30:50.1742698Z   ✓  56 ../../tests/e2e/reader.spec.ts:123:1 › offline local note recovery and a real concurrent server revision show three-way comparison before CAS save (9.9s)
2026-09-15T16:31:01.0041271Z   ✓  57 ../../tests/e2e/reader.spec.ts:171:1 › historical course revisions stay in separate exact tabs and hash-mismatched links preserve unresolved reference (10.8s)
2026-09-15T16:31:12.4282088Z 
2026-09-15T16:31:12.4303897Z   ✓  58 ../../tests/e2e/reader.spec.ts:209:1 › a private original authorized before a cross-profile role decrease cannot trigger a late browser download (11.4s)
2026-09-15T16:31:25.5015507Z   ✓  59 ../../tests/e2e/recommendations.spec.ts:56:1 › real recommendation decisions recover a lost ACK across browser and API restart without rewriting later decisions or learning facts (13.0s)
2026-09-15T16:31:36.8034275Z   ✓  60 ../../tests/e2e/recommendations.spec.ts:90:1 › real local suggestions cover another imported textbook and open its complete original refs independently of acceptance (11.3s)
2026-09-15T16:31:47.6314653Z   ✓  61 ../../tests/e2e/recommendations.spec.ts:110:1 › real offline and stale decision candidates require explicit 412 correction and current independent policy hides delayed subject sources (10.8s)
2026-09-15T16:31:56.7053012Z   ✓  62 ../../tests/e2e/recommendations.spec.ts:151:1 › a controlled archived fixture makes the real historical recommendation stale and its formerly current UI cannot open the old target (9.1s)
2026-09-15T16:32:06.4110988Z   ✓  63 ../../tests/e2e/responsive-layout.spec.ts:43:1 › narrow layout and submitted explanation remain visible before React resize listeners run (9.7s)
2026-09-15T16:32:31.1119450Z   ✓  64 ../../tests/e2e/retrieval.spec.ts:47:1 › real explicit cold scope, original rebuild Job, complete hits/no match/resource omission and unchanged historical scope (24.7s)
2026-09-15T16:32:49.6631372Z   ✓  65 ../../tests/e2e/review.spec.ts:35:1 › real history and exact material review preserve original submitted text, null scores and a selected old revision after reload (18.5s)
2026-09-15T16:33:03.8427227Z   ✓  66 ../../tests/e2e/review.spec.ts:76:1 › a delayed old review response cannot restore history or academic context after another page starts a real independent attempt (14.2s)
2026-09-15T16:33:08.4030985Z   ✓  67 ../../tests/e2e/route-draft-input.spec.ts:9:60 › native route goal input survives its own initial draft save_first delivery after focus (4.5s)
2026-09-15T16:33:12.6891536Z   ✓  68 ../../tests/e2e/route-draft-input.spec.ts:9:60 › native route goal input survives its own initial draft load_first delivery after focus (4.3s)
2026-09-15T16:33:21.2615081Z   ✓  69 ../../tests/e2e/routes.spec.ts:10:1 › real route creation, reminder, manual false, reordered revision and exact target navigation preserve history (8.6s)
2026-09-15T16:33:27.0233995Z   ✓  70 ../../tests/e2e/tutor-diagnostic.spec.ts:5:1 › diagnostic retains the original five-second failure and a completed peer read without collecting private text (5.7s)
2026-09-15T16:33:38.9837681Z   ✓  71 ../../tests/e2e/tutor.spec.ts:19:1 › real Tutor thread and prepared Run recover, diagnose missing proof and cancel without a model call (11.9s)
2026-09-15T16:33:58.5772378Z   ✓  72 ../../tests/e2e/tutor.spec.ts:78:1 › lost Run ACK replays original bytes and cross-page open-book hides academic content while retaining cancellation (19.6s)
2026-09-15T16:34:15.0017599Z   ✘  73 ../../tests/e2e/tutor.spec.ts:148:1 › explicit same-Run consent uses the real loopback protocol and restores raw answer without upgrading evidence (16.4s)
2026-09-15T16:34:20.8264941Z   ✓  74 ../../tests/e2e/workbench-initial-recovery.spec.ts:6:3 › initial workbench recovery keeps the saved lesson and waits for the real session at 1440px (5.1s)
2026-09-15T16:34:25.7789641Z   ✓  75 ../../tests/e2e/workbench-initial-recovery.spec.ts:6:3 › initial workbench recovery keeps the saved lesson and waits for the real session at 390px (4.9s)
2026-09-15T16:34:28.2969423Z   ✓  76 ../../tests/e2e/workbench.spec.ts:5:1 › empty workspace, native bootstrap, four fixed navigation and truthful auxiliary states (2.5s)
2026-09-15T16:34:32.0861408Z   ✓  77 ../../tests/e2e/workbench.spec.ts:22:1 › real keyboard and mouse resize, native drawers, focus return and restored layout (3.8s)
2026-09-15T16:34:36.8762931Z   ✓  78 ../../tests/e2e/workbench.spec.ts:43:1 › object drafts survive preview switches, close choice and browser reload without fake sending (4.8s)
2026-09-15T16:34:45.5943519Z   ✓  79 ../../tests/e2e/workbench.spec.ts:60:1 › server CAS conflict is visible, local object drafts survive and explicit readback recovers (8.7s)
2026-09-15T16:34:51.0890543Z   ✓  80 ../../tests/e2e/workbench.spec.ts:73:1 › offline pending UI is restored after actual connection recovery (5.5s)
2026-09-15T16:34:54.8351204Z   ✓  81 ../../tests/e2e/workbench.spec.ts:85:1 › actual MathJax, no runtime errors, long formula local scrolling, all screenshot sizes (3.7s)
2026-09-15T16:35:02.5611859Z   ✓  82 ../../tests/e2e/workbench.spec.ts:112:1 › two browser pages keep drafts for different objects in native IndexedDB (7.7s)
2026-09-15T16:35:06.1938971Z   ✓  83 ../../tests/e2e/workbench.spec.ts:130:1 › exact reference mismatch stays unresolved and preserves the original snapshot (3.6s)
2026-09-15T16:35:11.7689874Z   ✓  84 ../../tests/e2e/workbench.spec.ts:147:1 › cold lazy renderer restores saved reading offset after the content is ready (5.6s)
2026-09-15T16:35:20.7885639Z   ✓  85 ../../tests/e2e/workbench.spec.ts:167:1 › native concurrent same-object transactions preserve both candidates and expose explicit recovery (9.0s)
2026-09-15T16:35:26.3384474Z   ✓  86 ../../tests/e2e/workbench.spec.ts:200:1 › directory history restores the current course and navigation entry (5.5s)
2026-09-15T16:35:30.3358480Z   ✓  87 ../../tests/e2e/workbench.spec.ts:212:1 › UI cache quota failure stays visibly unsaved until the real server acknowledges (4.0s)
2026-09-15T16:35:34.8198984Z   ✓  88 ../../tests/e2e/workbench.spec.ts:229:1 › offline UI candidates from two pages remain separate on reload (4.5s)
2026-09-15T16:35:42.8584171Z   ✓  89 ../../tests/e2e/workbench.spec.ts:250:1 › quota-only memory candidate with a changed server baseline shows three-way comparison before explicit CAS (8.0s)
2026-09-15T16:35:48.5024161Z   ✓  90 ../../tests/e2e/workbench.spec.ts:283:1 › per-object details and focus survive A to B to A and browser reload after lazy content readiness (5.6s)
2026-09-15T16:35:52.8320960Z   ✓  91 ../../tests/e2e/workbench.spec.ts:302:1 › first unsent-draft conflict shows original, local and stored text before any reload or choice (4.3s)
2026-09-15T16:35:57.6676649Z   ✓  92 ../../tests/e2e/workbench.spec.ts:332:1 › route directory stays honestly empty and continue reading restores the exact last lesson (4.8s)
2026-09-15T16:36:01.8017683Z   ✓  93 ../../tests/e2e/workbench.spec.ts:354:1 › native keyboard selection updates frozen-reference preview and ambiguous source matches are refused (4.1s)
2026-09-15T16:36:08.1457411Z   ✓  94 ../../tests/e2e/zoom.spec.ts:5:1 › real browser 200 percent zoom reflows CSS width through Chrome appearance setting (6.3s)
2026-09-15T16:36:08.2957508Z 
2026-09-15T16:36:08.2965501Z 
2026-09-15T16:36:08.2975788Z   1) ../../tests/e2e/tutor.spec.ts:148:1 › explicit same-Run consent uses the real loopback protocol and restores raw answer without upgrading evidence 
2026-09-15T16:36:08.2976474Z 
2026-09-15T16:36:08.2976668Z     Error: expect(locator).toBeVisible() failed
2026-09-15T16:36:08.2977225Z 
2026-09-15T16:36:08.2978085Z     Locator: getByRole('region', { name: '真实问答线程与任务', exact: true }).getByRole('heading', { name: '真实任务状态：completed', exact: true })
2026-09-15T16:36:08.2978718Z     Expected: visible
2026-09-15T16:36:08.2978972Z     Timeout: 5000ms
2026-09-15T16:36:08.2979686Z     Error: element(s) not found
2026-09-15T16:36:08.2979952Z 
2026-09-15T16:36:08.2980101Z     Call log:
2026-09-15T16:36:08.2981114Z       - Expect "toBeVisible" getByRole('region', { name: '真实问答线程与任务', exact: true }).getByRole('heading', { name: '真实任务状态：completed', exact: true }) with timeout 5000ms
2026-09-15T16:36:08.2982414Z       - waiting for getByRole('region', { name: '真实问答线程与任务', exact: true }).getByRole('heading', { name: '真实任务状态：completed', exact: true })
2026-09-15T16:36:08.2983133Z 
2026-09-15T16:36:08.2983147Z 
2026-09-15T16:36:08.2983581Z       193 |     await tutor.getByRole('button', { name: '确认发送批准授权', exact: true }).click()
2026-09-15T16:36:08.2984134Z       194 |     await diagnostic.around(info, async () => {
2026-09-15T16:36:08.2984929Z     > 195 |       await expect(tutor.getByRole('heading', { name: '真实任务状态：completed', exact: true })).toBeVisible()
2026-09-15T16:36:08.2985620Z           |                                                                                           ^
2026-09-15T16:36:08.2986027Z       196 |     })
2026-09-15T16:36:08.2986694Z       197 |     const complete: TutorRunView = await page.request.get(`/api/v1/runs/${ack.run.id}`).then(value => value.json())
2026-09-15T16:36:08.2987934Z       198 |     expect(complete.run.id).toBe(ack.run.id); expect(complete.run.thread_id).toBe(thread.id)
2026-09-15T16:36:08.2988685Z         at assertion (<github-runner-home>/work/Learning_Workbench/Learning_Workbench/tests/e2e/tutor.spec.ts:195:91)
2026-09-15T16:36:08.2989486Z         at Object.around (<github-runner-home>/work/Learning_Workbench/Learning_Workbench/tests/e2e/tutorDiagnostic.ts:113:19)
2026-09-15T16:36:08.2990220Z         at <github-runner-home>/work/Learning_Workbench/Learning_Workbench/tests/e2e/tutor.spec.ts:194:22
2026-09-15T16:36:08.2990582Z 
2026-09-15T16:36:08.2991031Z     attachment #1: tutor-completion-diagnostic (application/json) ──────────────────────────────────
2026-09-15T16:36:08.2992222Z     ../../../../_temp/learning-workbench-e2e-results/tutor-explicit-same-Run-co-e37c7--without-upgrading-evidence/attachments/tutor-completion-diagnostic-8802754c8102e8746b82007836a5b96c1ecaac4c.json
2026-09-15T16:36:08.2994027Z     ────────────────────────────────────────────────────────────────────────────────────────────────
2026-09-15T16:36:08.2994541Z 
2026-09-15T16:36:08.2995266Z     attachment #2: screenshot (image/png) ──────────────────────────────────────────────────────────
2026-09-15T16:36:08.2996707Z     ../../../../_temp/learning-workbench-e2e-results/tutor-explicit-same-Run-co-e37c7--without-upgrading-evidence/test-failed-1.png
2026-09-15T16:36:08.2999966Z     ────────────────────────────────────────────────────────────────────────────────────────────────
2026-09-15T16:36:08.3000481Z 
2026-09-15T16:36:08.3001517Z     Error Context: ../../../../_temp/learning-workbench-e2e-results/tutor-explicit-same-Run-co-e37c7--without-upgrading-evidence/error-context.md
2026-09-15T16:36:08.3002433Z 
2026-09-15T16:36:08.3002535Z   1 failed
2026-09-15T16:36:08.3003764Z     ../../tests/e2e/tutor.spec.ts:148:1 › explicit same-Run consent uses the real loopback protocol and restores raw answer without upgrading evidence 
2026-09-15T16:36:08.3004427Z   93 passed (14.4m)
2026-09-15T16:36:08.3231541Z make: *** [Makefile:32: test-e2e] Error 1
2026-09-15T16:36:08.3249167Z ##[error]Process completed with exit code 2.
2026-09-15T16:36:08.3341514Z ##[group]Run actions/upload-artifact@043fb46d1a93c77aae656e7c1c64a875d1fc6a0a
2026-09-15T16:36:08.3341938Z with:
2026-09-15T16:36:08.3342186Z   name: browser-failure-push-34994400324-1
2026-09-15T16:36:08.3343530Z   path: <github-runner-home>/work/_temp/learning-workbench-e2e-results/**/error-context.md
<github-runner-home>/work/_temp/learning-workbench-e2e-results/**/test-failed*.png
<github-runner-home>/work/_temp/learning-workbench-e2e-results/**/reader-load-diagnostic.json
<github-runner-home>/work/_temp/learning-workbench-e2e-results/**/tutor-completion-diagnostic.json

2026-09-15T16:36:08.3344850Z   retention-days: 3
2026-09-15T16:36:08.3345087Z   if-no-files-found: warn
2026-09-15T16:36:08.3345328Z   include-hidden-files: false
2026-09-15T16:36:08.3345570Z   compression-level: 6
2026-09-15T16:36:08.3345785Z   overwrite: false
2026-09-15T16:36:08.3345982Z   archive: true
2026-09-15T16:36:08.3346172Z env:
2026-09-15T16:36:08.3346419Z   pythonLocation: /opt/hostedtoolcache/Python/3.12.13/x64
2026-09-15T16:36:08.3347057Z   PKG_CONFIG_PATH: /opt/hostedtoolcache/Python/3.12.13/x64/lib/pkgconfig
2026-09-15T16:36:08.3347485Z   Python_ROOT_DIR: /opt/hostedtoolcache/Python/3.12.13/x64
2026-09-15T16:36:08.3347870Z   Python2_ROOT_DIR: /opt/hostedtoolcache/Python/3.12.13/x64
2026-09-15T16:36:08.3348250Z   Python3_ROOT_DIR: /opt/hostedtoolcache/Python/3.12.13/x64
2026-09-15T16:36:08.3348633Z   LD_LIBRARY_PATH: /opt/hostedtoolcache/Python/3.12.13/x64/lib
2026-09-15T16:36:08.3348955Z ##[endgroup]
2026-09-15T16:36:08.5097176Z With the provided path, there will be 4 files uploaded
2026-09-15T16:36:08.5103902Z Artifact name is valid!
2026-09-15T16:36:08.5104467Z Root directory input is valid!
2026-09-15T16:36:08.7392300Z Uploading artifact: browser-failure-push-34994400324-1.zip
2026-09-15T16:36:08.7441056Z Beginning upload of artifact content to blob storage
2026-09-15T16:36:08.8634034Z Uploaded bytes 276643
2026-09-15T16:36:08.8784465Z Finished uploading artifact content to blob storage!
2026-09-15T16:36:08.8785610Z SHA256 digest of uploaded artifact is ff1ae280921f35c9cd69cca3f6272d67d8423490dfb1cad5a7d4da9b7e152611
2026-09-15T16:36:08.8787096Z Finalizing artifact upload
2026-09-15T16:36:09.0749839Z Artifact browser-failure-push-34994400324-1 successfully finalized. Artifact ID 10408250362
2026-09-15T16:36:09.0752144Z Artifact browser-failure-push-34994400324-1 has been successfully uploaded! Final size is 276643 bytes. Artifact ID is 10408250362
2026-09-15T16:36:09.0754459Z Artifact download URL: https://github.com/kl3574/Learning_Workbench/actions/runs/34994400324/artifacts/10408250362
2026-09-15T16:36:09.0954310Z Post job cleanup.
2026-09-15T16:36:09.1830986Z [command]/usr/bin/git version
2026-09-15T16:36:09.1881233Z git version 2.55.0
2026-09-15T16:36:09.1929633Z Temporarily overriding HOME='<github-runner-home>/work/_temp/f7e9b4bc-1a3a-4322-8a2d-55dfc3449dd7' before making global git config changes
2026-09-15T16:36:09.1931298Z Adding repository directory to the temporary git global config as a safe directory
2026-09-15T16:36:09.1934672Z [command]/usr/bin/git config --global --add safe.directory <github-runner-home>/work/Learning_Workbench/Learning_Workbench
2026-09-15T16:36:09.1971999Z Removing SSH command configuration
2026-09-15T16:36:09.1979370Z [command]/usr/bin/git config --local --name-only --get-regexp core\.sshCommand
2026-09-15T16:36:09.2022039Z [command]/usr/bin/git submodule foreach --recursive sh -c "git config --local --name-only --get-regexp 'core\.sshCommand' && git config --local --unset-all 'core.sshCommand' || :"
2026-09-15T16:36:09.2363496Z Removing HTTP extra header
2026-09-15T16:36:09.2365433Z [command]/usr/bin/git config --local --name-only --get-regexp http\.https\:\/\/github\.com\/\.extraheader
2026-09-15T16:36:09.2429575Z [command]/usr/bin/git submodule foreach --recursive sh -c "git config --local --name-only --get-regexp 'http\.https\:\/\/github\.com\/\.extraheader' && git config --local --unset-all 'http.https://github.com/.extraheader' || :"
2026-09-15T16:36:09.2730779Z Removing includeIf entries pointing to credentials config files
2026-09-15T16:36:09.2739626Z [command]/usr/bin/git config --local --name-only --get-regexp ^includeIf\.gitdir:
2026-09-15T16:36:09.2771625Z includeif.gitdir:<github-runner-home>/work/Learning_Workbench/Learning_Workbench/.git.path
2026-09-15T16:36:09.2773045Z includeif.gitdir:<github-runner-home>/work/Learning_Workbench/Learning_Workbench/.git/worktrees/*.path
2026-09-15T16:36:09.2774099Z includeif.gitdir:/github/workspace/.git.path
2026-09-15T16:36:09.2774972Z includeif.gitdir:/github/workspace/.git/worktrees/*.path
2026-09-15T16:36:09.2781766Z [command]/usr/bin/git config --local --get-all includeif.gitdir:<github-runner-home>/work/Learning_Workbench/Learning_Workbench/.git.path
2026-09-15T16:36:09.2806532Z <github-runner-home>/work/_temp/git-credentials-2472f63b-5518-4c8d-a3c6-3b002de3aabd.config
2026-09-15T16:36:09.2817392Z [command]/usr/bin/git config --local --unset includeif.gitdir:<github-runner-home>/work/Learning_Workbench/Learning_Workbench/.git.path \/home\/runner\/work\/_temp\/git\-credentials\-2472f63b\-5518\-4c8d\-a3c6\-3b002de3aabd\.config
2026-09-15T16:36:09.2855626Z [command]/usr/bin/git config --local --get-all includeif.gitdir:<github-runner-home>/work/Learning_Workbench/Learning_Workbench/.git/worktrees/*.path
2026-09-15T16:36:09.2880969Z <github-runner-home>/work/_temp/git-credentials-2472f63b-5518-4c8d-a3c6-3b002de3aabd.config
2026-09-15T16:36:09.2901218Z [command]/usr/bin/git config --local --unset includeif.gitdir:<github-runner-home>/work/Learning_Workbench/Learning_Workbench/.git/worktrees/*.path \/home\/runner\/work\/_temp\/git\-credentials\-2472f63b\-5518\-4c8d\-a3c6\-3b002de3aabd\.config
2026-09-15T16:36:09.2938690Z [command]/usr/bin/git config --local --get-all includeif.gitdir:/github/workspace/.git.path
2026-09-15T16:36:09.2967419Z /github/runner_temp/git-credentials-2472f63b-5518-4c8d-a3c6-3b002de3aabd.config
2026-09-15T16:36:09.2979251Z [command]/usr/bin/git config --local --unset includeif.gitdir:/github/workspace/.git.path \/github\/runner_temp\/git\-credentials\-2472f63b\-5518\-4c8d\-a3c6\-3b002de3aabd\.config
2026-09-15T16:36:09.3015617Z [command]/usr/bin/git config --local --get-all includeif.gitdir:/github/workspace/.git/worktrees/*.path
2026-09-15T16:36:09.3044305Z /github/runner_temp/git-credentials-2472f63b-5518-4c8d-a3c6-3b002de3aabd.config
2026-09-15T16:36:09.3051259Z [command]/usr/bin/git config --local --unset includeif.gitdir:/github/workspace/.git/worktrees/*.path \/github\/runner_temp\/git\-credentials\-2472f63b\-5518\-4c8d\-a3c6\-3b002de3aabd\.config
2026-09-15T16:36:09.3090976Z [command]/usr/bin/git submodule foreach --recursive git config --local --show-origin --name-only --get-regexp remote.origin.url
2026-09-15T16:36:09.3384147Z Removing credentials config '<github-runner-home>/work/_temp/git-credentials-2472f63b-5518-4c8d-a3c6-3b002de3aabd.config'
2026-09-15T16:36:09.3531821Z Cleaning up orphan processes
