2026-09-15T16:20:49.8545210Z Current runner version: '2.337.0'
2026-09-15T16:20:49.8572905Z ##[group]Runner Image Provisioner
2026-09-15T16:20:49.8573783Z Hosted Compute Agent
2026-09-15T16:20:49.8574492Z Version: 20260828.587
2026-09-15T16:20:49.8575184Z Commit: abac92662cab4cc7352de4f9f9d2e2419aad9c29
2026-09-15T16:20:49.8575946Z Build Date: 2026-08-28T16:44:25Z
2026-09-15T16:20:49.8576743Z Worker ID: {d2014f69-1dd0-4891-839c-36318ec25478}
2026-09-15T16:20:49.8577436Z Azure Region: westus2
2026-09-15T16:20:49.8578072Z ##[endgroup]
2026-09-15T16:20:49.8580313Z ##[group]Operating System
2026-09-15T16:20:49.8581378Z Ubuntu
2026-09-15T16:20:49.8582045Z 26.04.1
2026-09-15T16:20:49.8582547Z LTS
2026-09-15T16:20:49.8583126Z ##[endgroup]
2026-09-15T16:20:49.8583716Z ##[group]Runner Image
2026-09-15T16:20:49.8584304Z Image: ubuntu-26.04
2026-09-15T16:20:49.8585012Z Version: 20260907.131.1
2026-09-15T16:20:49.8586247Z Included Software: https://github.com/actions/runner-images/blob/ubuntu26/20260907.131/images/ubuntu/Ubuntu2604-Readme.md
2026-09-15T16:20:49.8587934Z Image Release: https://github.com/actions/runner-images/releases/tag/ubuntu26%2F20260907.131
2026-09-15T16:20:49.8589253Z ##[endgroup]
2026-09-15T16:20:49.8590544Z ##[group]GITHUB_TOKEN Permissions
2026-09-15T16:20:49.8592738Z Contents: read
2026-09-15T16:20:49.8593450Z Metadata: read
2026-09-15T16:20:49.8594041Z ##[endgroup]
2026-09-15T16:20:49.8596251Z Secret source: Actions
2026-09-15T16:20:49.8597247Z Cache mode: write
2026-09-15T16:20:49.8598238Z Prepare workflow directory
2026-09-15T16:20:49.8955930Z Prepare all required actions
2026-09-15T16:20:49.9006340Z Getting action download info
2026-09-15T16:20:50.2695777Z Download action repository 'actions/checkout@3d3c42e5aac5ba805825da76410c181273ba90b1' (SHA:3d3c42e5aac5ba805825da76410c181273ba90b1)
2026-09-15T16:20:50.3773961Z Download action repository 'actions/setup-python@5fda3b95a4ea91299a34e894583c3862153e4b97' (SHA:5fda3b95a4ea91299a34e894583c3862153e4b97)
2026-09-15T16:20:50.7641477Z Complete job name: integration
2026-09-15T16:20:50.8449143Z ##[group]Run actions/checkout@3d3c42e5aac5ba805825da76410c181273ba90b1
2026-09-15T16:20:50.8450278Z with:
2026-09-15T16:20:50.8450747Z   repository: kl3574/Learning_Workbench
2026-09-15T16:20:50.8454897Z   token: ***
2026-09-15T16:20:50.8455354Z   ssh-strict: true
2026-09-15T16:20:50.8455787Z   ssh-user: git
2026-09-15T16:20:50.8456235Z   persist-credentials: true
2026-09-15T16:20:50.8456725Z   clean: true
2026-09-15T16:20:50.8457184Z   sparse-checkout-cone-mode: true
2026-09-15T16:20:50.8457707Z   fetch-depth: 1
2026-09-15T16:20:50.8458135Z   fetch-tags: false
2026-09-15T16:20:50.8458579Z   show-progress: true
2026-09-15T16:20:50.8459202Z   lfs: false
2026-09-15T16:20:50.8459616Z   submodules: false
2026-09-15T16:20:50.8460059Z   set-safe-directory: true
2026-09-15T16:20:50.8460569Z   allow-unsafe-pr-checkout: false
2026-09-15T16:20:50.8461351Z ##[endgroup]
2026-09-15T16:20:50.9586540Z Syncing repository: kl3574/Learning_Workbench
2026-09-15T16:20:50.9589743Z ##[group]Getting Git version info
2026-09-15T16:20:50.9591121Z Working directory is '<github-runner-home>/work/Learning_Workbench/Learning_Workbench'
2026-09-15T16:20:50.9609869Z [command]/usr/bin/git version
2026-09-15T16:20:50.9675344Z git version 2.55.0
2026-09-15T16:20:50.9706467Z ##[endgroup]
2026-09-15T16:20:50.9720006Z Temporarily overriding HOME='<github-runner-home>/work/_temp/0ecad1eb-573a-4438-b89b-3eb9aa1d66e4' before making global git config changes
2026-09-15T16:20:50.9722649Z Adding repository directory to the temporary git global config as a safe directory
2026-09-15T16:20:50.9729250Z [command]/usr/bin/git config --global --add safe.directory <github-runner-home>/work/Learning_Workbench/Learning_Workbench
2026-09-15T16:20:50.9823901Z Deleting the contents of '<github-runner-home>/work/Learning_Workbench/Learning_Workbench'
2026-09-15T16:20:50.9833485Z ##[group]Determining repository object format
2026-09-15T16:20:50.9835580Z ##[endgroup]
2026-09-15T16:20:50.9836822Z ##[group]Initializing the repository
2026-09-15T16:20:50.9850253Z [command]/usr/bin/git init <github-runner-home>/work/Learning_Workbench/Learning_Workbench
2026-09-15T16:20:51.0018184Z hint: Using 'master' as the name for the initial branch. This default branch name
2026-09-15T16:20:51.0040401Z hint: will change to "main" in Git 3.0. To configure the initial branch name
2026-09-15T16:20:51.0042304Z hint: to use in all of your new repositories, which will suppress this warning,
2026-09-15T16:20:51.0043982Z hint: call:
2026-09-15T16:20:51.0044805Z hint:
2026-09-15T16:20:51.0045766Z hint: 	git config --global init.defaultBranch <name>
2026-09-15T16:20:51.0046844Z hint:
2026-09-15T16:20:51.0047802Z hint: Names commonly chosen instead of 'master' are 'main', 'trunk' and
2026-09-15T16:20:51.0049550Z hint: 'development'. The just-created branch can be renamed via this command:
2026-09-15T16:20:51.0050842Z hint:
2026-09-15T16:20:51.0051547Z hint: 	git branch -m <name>
2026-09-15T16:20:51.0052317Z hint:
2026-09-15T16:20:51.0053374Z hint: Disable this message with "git config set advice.defaultBranchName false"
2026-09-15T16:20:51.0055595Z Initialized empty Git repository in <github-runner-home>/work/Learning_Workbench/Learning_Workbench/.git/
2026-09-15T16:20:51.0058293Z [command]/usr/bin/git remote add origin https://github.com/kl3574/Learning_Workbench
2026-09-15T16:20:51.0161807Z ##[endgroup]
2026-09-15T16:20:51.0163150Z ##[group]Disabling automatic garbage collection
2026-09-15T16:20:51.0164440Z [command]/usr/bin/git config --local gc.auto 0
2026-09-15T16:20:51.0189836Z ##[endgroup]
2026-09-15T16:20:51.0191471Z ##[group]Setting up auth
2026-09-15T16:20:51.0192465Z Removing SSH command configuration
2026-09-15T16:20:51.0196925Z [command]/usr/bin/git config --local --name-only --get-regexp core\.sshCommand
2026-09-15T16:20:51.0242614Z [command]/usr/bin/git submodule foreach --recursive sh -c "git config --local --name-only --get-regexp 'core\.sshCommand' && git config --local --unset-all 'core.sshCommand' || :"
2026-09-15T16:20:51.0685796Z Removing HTTP extra header
2026-09-15T16:20:51.0692287Z [command]/usr/bin/git config --local --name-only --get-regexp http\.https\:\/\/github\.com\/\.extraheader
2026-09-15T16:20:51.0733553Z [command]/usr/bin/git submodule foreach --recursive sh -c "git config --local --name-only --get-regexp 'http\.https\:\/\/github\.com\/\.extraheader' && git config --local --unset-all 'http.https://github.com/.extraheader' || :"
2026-09-15T16:20:51.1016551Z Removing includeIf entries pointing to credentials config files
2026-09-15T16:20:51.1021736Z [command]/usr/bin/git config --local --name-only --get-regexp ^includeIf\.gitdir:
2026-09-15T16:20:51.1070630Z [command]/usr/bin/git submodule foreach --recursive git config --local --show-origin --name-only --get-regexp remote.origin.url
2026-09-15T16:20:51.1361844Z [command]/usr/bin/git config --file <github-runner-home>/work/_temp/git-credentials-15d95143-bf86-40db-a077-edf8e54322d1.config http.https://github.com/.extraheader AUTHORIZATION: basic ***
2026-09-15T16:20:51.1408301Z [command]/usr/bin/git config --local includeIf.gitdir:<github-runner-home>/work/Learning_Workbench/Learning_Workbench/.git.path <github-runner-home>/work/_temp/git-credentials-15d95143-bf86-40db-a077-edf8e54322d1.config
2026-09-15T16:20:51.1443342Z [command]/usr/bin/git config --local includeIf.gitdir:<github-runner-home>/work/Learning_Workbench/Learning_Workbench/.git/worktrees/*.path <github-runner-home>/work/_temp/git-credentials-15d95143-bf86-40db-a077-edf8e54322d1.config
2026-09-15T16:20:51.1480954Z [command]/usr/bin/git config --local includeIf.gitdir:/github/workspace/.git.path /github/runner_temp/git-credentials-15d95143-bf86-40db-a077-edf8e54322d1.config
2026-09-15T16:20:51.1518690Z [command]/usr/bin/git config --local includeIf.gitdir:/github/workspace/.git/worktrees/*.path /github/runner_temp/git-credentials-15d95143-bf86-40db-a077-edf8e54322d1.config
2026-09-15T16:20:51.1554255Z ##[endgroup]
2026-09-15T16:20:51.1561662Z ##[group]Fetching the repository
2026-09-15T16:20:51.1563442Z [command]/usr/bin/git -c protocol.version=2 fetch --no-tags --prune --no-recurse-submodules --depth=1 origin +81d2b92e2f9ed24631988f860a1fba528f2c4ad7:refs/remotes/origin/feat/M5.4-provider-validation
2026-09-15T16:20:54.7705473Z From https://github.com/kl3574/Learning_Workbench
2026-09-15T16:20:54.7707868Z  * [new ref]         81d2b92e2f9ed24631988f860a1fba528f2c4ad7 -> origin/feat/M5.4-provider-validation
2026-09-15T16:20:54.7730913Z [command]/usr/bin/git branch --list --remote origin/feat/M5.4-provider-validation
2026-09-15T16:20:54.7750927Z   origin/feat/M5.4-provider-validation
2026-09-15T16:20:54.7762627Z [command]/usr/bin/git rev-parse refs/remotes/origin/feat/M5.4-provider-validation
2026-09-15T16:20:54.7795472Z 81d2b92e2f9ed24631988f860a1fba528f2c4ad7
2026-09-15T16:20:54.7810074Z ##[endgroup]
2026-09-15T16:20:54.7811490Z ##[group]Determining the checkout info
2026-09-15T16:20:54.7813040Z ##[endgroup]
2026-09-15T16:20:54.7815747Z [command]/usr/bin/git sparse-checkout disable
2026-09-15T16:20:54.7877305Z [command]/usr/bin/git config --local --unset-all extensions.worktreeConfig
2026-09-15T16:20:54.7918670Z ##[group]Checking out the ref
2026-09-15T16:20:54.7922542Z [command]/usr/bin/git checkout --progress --force -B feat/M5.4-provider-validation refs/remotes/origin/feat/M5.4-provider-validation
2026-09-15T16:20:55.4371257Z Switched to a new branch 'feat/M5.4-provider-validation'
2026-09-15T16:20:55.4401505Z branch 'feat/M5.4-provider-validation' set up to track 'origin/feat/M5.4-provider-validation'.
2026-09-15T16:20:55.4412815Z ##[endgroup]
2026-09-15T16:20:55.4475055Z [command]/usr/bin/git log -1 --format=%H
2026-09-15T16:20:55.4507088Z 81d2b92e2f9ed24631988f860a1fba528f2c4ad7
2026-09-15T16:20:55.4812077Z ##[group]Run actions/setup-python@5fda3b95a4ea91299a34e894583c3862153e4b97
2026-09-15T16:20:55.4812614Z with:
2026-09-15T16:20:55.4812881Z   python-version: 3.12.13
2026-09-15T16:20:55.4813174Z   check-latest: false
2026-09-15T16:20:55.4816285Z   token: ***
2026-09-15T16:20:55.4816569Z   update-environment: true
2026-09-15T16:20:55.4816879Z   allow-prereleases: false
2026-09-15T16:20:55.4817185Z   freethreaded: false
2026-09-15T16:20:55.4817482Z ##[endgroup]
2026-09-15T16:20:55.6055971Z ##[group]Installed versions
2026-09-15T16:20:55.6069369Z Version 3.12.13 was not found in the local cache
2026-09-15T16:20:56.2968228Z Version 3.12.13 is available for downloading
2026-09-15T16:20:56.2970077Z Download from "https://github.com/actions/python-versions/releases/download/3.12.13-27650778726/python-3.12.13-linux-26.04-x64.tar.gz"
2026-09-15T16:20:56.8923370Z Extract downloaded archive
2026-09-15T16:20:56.9066475Z [command]/usr/bin/tar xz --warning=no-unknown-keyword --overwrite -C <github-runner-home>/work/_temp/84ed1030-9ed7-436e-922c-591fcc6b2e8e -f <github-runner-home>/work/_temp/563b4e33-8dcc-49fc-ba34-cecb34a052f1
2026-09-15T16:20:58.1023866Z Execute installation script
2026-09-15T16:20:58.1175121Z Check if Python hostedtoolcache folder exist...
2026-09-15T16:20:58.1178414Z Create Python 3.12.13 folder
2026-09-15T16:20:58.1207336Z Copy Python binaries to hostedtoolcache folder
2026-09-15T16:20:58.5909289Z Create additional symlinks (Required for the UsePythonVersion Azure Pipelines task and the setup-python GitHub Action)
2026-09-15T16:20:58.6027218Z Upgrading pip...
2026-09-15T16:21:00.7773938Z Collecting pip
2026-09-15T16:21:00.8081828Z Downloading pip-26.2.1-py3-none-any.whl.metadata (4.6 kB)
2026-09-15T16:21:00.8203454Z Downloading pip-26.2.1-py3-none-any.whl (1.8 MB)
2026-09-15T16:21:00.8532852Z ━━━━━━━━━━━━━━━━━━━━━━━━━━━━━━━━━━━━━━━━ 1.8/1.8 MB 92.5 MB/s eta 0:00:00
2026-09-15T16:21:00.8533421Z 
2026-09-15T16:21:00.8738459Z Installing collected packages: pip
2026-09-15T16:21:00.8739647Z Attempting uninstall: pip
2026-09-15T16:21:00.8763183Z Found existing installation: pip 25.0.1
2026-09-15T16:21:00.9122371Z Uninstalling pip-25.0.1:
2026-09-15T16:21:00.9183959Z Successfully uninstalled pip-25.0.1
2026-09-15T16:21:01.8569258Z Successfully installed pip-26.2.1
2026-09-15T16:21:01.9397394Z Create complete file
2026-09-15T16:21:01.9455637Z Successfully set up CPython (3.12.13)
2026-09-15T16:21:01.9457164Z ##[endgroup]
2026-09-15T16:21:01.9634037Z ##[group]Run python -m pip install uv==0.11.21
2026-09-15T16:21:01.9634758Z [36;1mpython -m pip install uv==0.11.21[0m
2026-09-15T16:21:01.9820084Z shell: /usr/bin/bash -e {0}
2026-09-15T16:21:01.9820516Z env:
2026-09-15T16:21:01.9820874Z   pythonLocation: /opt/hostedtoolcache/Python/3.12.13/x64
2026-09-15T16:21:01.9821430Z   PKG_CONFIG_PATH: /opt/hostedtoolcache/Python/3.12.13/x64/lib/pkgconfig
2026-09-15T16:21:01.9821972Z   Python_ROOT_DIR: /opt/hostedtoolcache/Python/3.12.13/x64
2026-09-15T16:21:01.9822477Z   Python2_ROOT_DIR: /opt/hostedtoolcache/Python/3.12.13/x64
2026-09-15T16:21:01.9822966Z   Python3_ROOT_DIR: /opt/hostedtoolcache/Python/3.12.13/x64
2026-09-15T16:21:01.9823485Z   LD_LIBRARY_PATH: /opt/hostedtoolcache/Python/3.12.13/x64/lib
2026-09-15T16:21:01.9823899Z ##[endgroup]
2026-09-15T16:21:03.1772733Z Collecting uv==0.11.21
2026-09-15T16:21:03.2097849Z   Downloading uv-0.11.21-py3-none-manylinux_2_17_x86_64.manylinux2014_x86_64.whl.metadata (11 kB)
2026-09-15T16:21:03.2255521Z Downloading uv-0.11.21-py3-none-manylinux_2_17_x86_64.manylinux2014_x86_64.whl (25.1 MB)
2026-09-15T16:21:03.4257963Z    ━━━━━━━━━━━━━━━━━━━━━━━━━━━━━━━━━━━━━━━━ 25.1/25.1 MB 134.3 MB/s  0:00:00
2026-09-15T16:21:03.4721968Z Installing collected packages: uv
2026-09-15T16:21:03.7390298Z Successfully installed uv-0.11.21
2026-09-15T16:21:03.8123160Z ##[group]Run uv sync --frozen
2026-09-15T16:21:03.8123507Z [36;1muv sync --frozen[0m
2026-09-15T16:21:03.8183868Z shell: /usr/bin/bash -e {0}
2026-09-15T16:21:03.8184132Z env:
2026-09-15T16:21:03.8184411Z   pythonLocation: /opt/hostedtoolcache/Python/3.12.13/x64
2026-09-15T16:21:03.8184880Z   PKG_CONFIG_PATH: /opt/hostedtoolcache/Python/3.12.13/x64/lib/pkgconfig
2026-09-15T16:21:03.8185330Z   Python_ROOT_DIR: /opt/hostedtoolcache/Python/3.12.13/x64
2026-09-15T16:21:03.8185728Z   Python2_ROOT_DIR: /opt/hostedtoolcache/Python/3.12.13/x64
2026-09-15T16:21:03.8186132Z   Python3_ROOT_DIR: /opt/hostedtoolcache/Python/3.12.13/x64
2026-09-15T16:21:03.8186551Z   LD_LIBRARY_PATH: /opt/hostedtoolcache/Python/3.12.13/x64/lib
2026-09-15T16:21:03.8186919Z ##[endgroup]
2026-09-15T16:21:03.8823895Z Using CPython 3.12.13 interpreter at: /opt/hostedtoolcache/Python/3.12.13/x64/bin/python3.12
2026-09-15T16:21:03.8824802Z Creating virtual environment at: .venv
2026-09-15T16:21:03.9750104Z Downloading ruff (9.9MiB)
2026-09-15T16:21:03.9754729Z Downloading pydantic-core (2.0MiB)
2026-09-15T16:21:03.9756888Z Downloading mypy (14.6MiB)
2026-09-15T16:21:03.9767556Z Downloading ast-serialize (1.3MiB)
2026-09-15T16:21:03.9772600Z Downloading pygments (1.2MiB)
2026-09-15T16:21:04.2083378Z  Downloaded ast-serialize
2026-09-15T16:21:04.2552896Z  Downloaded pydantic-core
2026-09-15T16:21:04.3828342Z  Downloaded ruff
2026-09-15T16:21:04.4092999Z  Downloaded pygments
2026-09-15T16:21:04.6001047Z  Downloaded mypy
2026-09-15T16:21:04.6003861Z Prepared 37 packages in 714ms
2026-09-15T16:21:04.6585111Z Installed 37 packages in 57ms
2026-09-15T16:21:04.6585704Z  + annotated-doc==0.0.5
2026-09-15T16:21:04.6586163Z  + annotated-types==0.8.0
2026-09-15T16:21:04.6586623Z  + anyio==4.15.1
2026-09-15T16:21:04.6587039Z  + ast-serialize==0.11.2
2026-09-15T16:21:04.6587619Z  + attrs==26.1.0
2026-09-15T16:21:04.6588000Z  + certifi==2026.7.22
2026-09-15T16:21:04.6588397Z  + click==8.5.0
2026-09-15T16:21:04.6589067Z  + defusedxml==0.7.1
2026-09-15T16:21:04.6589510Z  + fastapi==0.141.1
2026-09-15T16:21:04.6589890Z  + h11==0.16.0
2026-09-15T16:21:04.6590251Z  + httpcore==1.0.9
2026-09-15T16:21:04.6590633Z  + httpx==0.28.1
2026-09-15T16:21:04.6590991Z  + idna==3.19
2026-09-15T16:21:04.6591362Z  + iniconfig==2.3.0
2026-09-15T16:21:04.6591751Z  + jsonschema==4.26.0
2026-09-15T16:21:04.6592223Z  + jsonschema-specifications==2025.9.1
2026-09-15T16:21:04.6592731Z  + librt==0.15.0
2026-09-15T16:21:04.6593134Z  + markdown-it-py==4.2.0
2026-09-15T16:21:04.6593547Z  + mdurl==0.1.2
2026-09-15T16:21:04.6593907Z  + mypy==2.3.1
2026-09-15T16:21:04.6594292Z  + mypy-extensions==1.1.0
2026-09-15T16:21:04.6594742Z  + packaging==26.3
2026-09-15T16:21:04.6595135Z  + pathspec==1.1.1
2026-09-15T16:21:04.6595923Z  + pluggy==1.6.0
2026-09-15T16:21:04.6596328Z  + pydantic==2.13.5
2026-09-15T16:21:04.6596736Z  + pydantic-core==2.46.5
2026-09-15T16:21:04.6597206Z  + pygments==2.21.0
2026-09-15T16:21:04.6597582Z  + pypdf==6.18.1
2026-09-15T16:21:04.6597800Z  + pytest==9.1.1
2026-09-15T16:21:04.6598025Z  + python-multipart==0.0.32
2026-09-15T16:21:04.6598284Z  + referencing==0.37.0
2026-09-15T16:21:04.6598506Z  + rpds-py==2026.6.3
2026-09-15T16:21:04.6598710Z  + ruff==0.16.7
2026-09-15T16:21:04.6599251Z  + starlette==1.6.0
2026-09-15T16:21:04.6599659Z  + typing-extensions==4.16.0
2026-09-15T16:21:04.6600048Z  + typing-inspection==0.4.4
2026-09-15T16:21:04.6600434Z  + uvicorn==0.53.0
2026-09-15T16:21:04.6694769Z ##[group]Run sudo apt-get update
2026-09-15T16:21:04.6695119Z [36;1msudo apt-get update[0m
2026-09-15T16:21:04.6695790Z [36;1msudo apt-get install -y bubblewrap=0.11.1-1ubuntu0.1 apparmor=5.0.2-0ubuntu1~26.04.1 libapparmor1=5.0.2-0ubuntu1~26.04.1 libseccomp2=2.6.0-2ubuntu5[0m
2026-09-15T16:21:04.6696598Z [36;1mdpkg-query -W bubblewrap apparmor libapparmor1 libseccomp2[0m
2026-09-15T16:21:04.6697044Z [36;1mtest -f /etc/apparmor.d/bwrap-userns-restrict[0m
2026-09-15T16:21:04.6697375Z [36;1mbwrap --version[0m
2026-09-15T16:21:04.6758414Z shell: /usr/bin/bash -e {0}
2026-09-15T16:21:04.6758714Z env:
2026-09-15T16:21:04.6759331Z   pythonLocation: /opt/hostedtoolcache/Python/3.12.13/x64
2026-09-15T16:21:04.6759814Z   PKG_CONFIG_PATH: /opt/hostedtoolcache/Python/3.12.13/x64/lib/pkgconfig
2026-09-15T16:21:04.6760291Z   Python_ROOT_DIR: /opt/hostedtoolcache/Python/3.12.13/x64
2026-09-15T16:21:04.6760704Z   Python2_ROOT_DIR: /opt/hostedtoolcache/Python/3.12.13/x64
2026-09-15T16:21:04.6761177Z   Python3_ROOT_DIR: /opt/hostedtoolcache/Python/3.12.13/x64
2026-09-15T16:21:04.6761605Z   LD_LIBRARY_PATH: /opt/hostedtoolcache/Python/3.12.13/x64/lib
2026-09-15T16:21:04.6761946Z ##[endgroup]
2026-09-15T16:21:04.7790494Z Get:1 file:/etc/apt/apt-mirrors.txt Mirrorlist [144 B]
2026-09-15T16:21:04.7975212Z Get:6 https://packages.microsoft.com/ubuntu/26.04/prod resolute InRelease [3964 B]
2026-09-15T16:21:04.8140805Z Hit:2 http://azure.archive.ubuntu.com/ubuntu resolute InRelease
2026-09-15T16:21:04.8160492Z Get:3 http://azure.archive.ubuntu.com/ubuntu resolute-updates InRelease [137 kB]
2026-09-15T16:21:04.8203416Z Get:4 http://azure.archive.ubuntu.com/ubuntu resolute-backports InRelease [137 kB]
2026-09-15T16:21:04.8230376Z Get:5 http://azure.archive.ubuntu.com/ubuntu resolute-security InRelease [137 kB]
2026-09-15T16:21:04.8305745Z Get:7 https://packages.microsoft.com/ubuntu/26.04/prod resolute/main arm64 Packages [52.1 kB]
2026-09-15T16:21:04.8550638Z Get:8 https://packages.microsoft.com/ubuntu/26.04/prod resolute/main amd64 Packages [59.9 kB]
2026-09-15T16:21:04.8751297Z Get:9 http://azure.archive.ubuntu.com/ubuntu resolute-updates/main amd64v3 Packages [610 kB]
2026-09-15T16:21:04.8963985Z Get:10 http://azure.archive.ubuntu.com/ubuntu resolute-updates/main Translation-en [145 kB]
2026-09-15T16:21:04.9012589Z Get:11 http://azure.archive.ubuntu.com/ubuntu resolute-updates/main amd64 Components [97.8 kB]
2026-09-15T16:21:04.9023933Z Get:12 http://azure.archive.ubuntu.com/ubuntu resolute-updates/universe amd64v3 Packages [293 kB]
2026-09-15T16:21:04.9031457Z Get:13 http://azure.archive.ubuntu.com/ubuntu resolute-updates/universe Translation-en [93.2 kB]
2026-09-15T16:21:04.9033070Z Get:14 http://azure.archive.ubuntu.com/ubuntu resolute-updates/universe amd64 Components [188 kB]
2026-09-15T16:21:04.9039618Z Get:15 http://azure.archive.ubuntu.com/ubuntu resolute-updates/restricted amd64v3 Packages [409 kB]
2026-09-15T16:21:04.9041220Z Get:16 http://azure.archive.ubuntu.com/ubuntu resolute-updates/restricted Translation-en [79.5 kB]
2026-09-15T16:21:04.9042656Z Get:17 http://azure.archive.ubuntu.com/ubuntu resolute-updates/multiverse amd64v3 Packages [11.6 kB]
2026-09-15T16:21:04.9043894Z Get:18 http://azure.archive.ubuntu.com/ubuntu resolute-updates/multiverse Translation-en [3036 B]
2026-09-15T16:21:04.9297420Z Get:30 https://dl.google.com/linux/chrome-stable/deb stable InRelease [2548 B]
2026-09-15T16:21:04.9518499Z Get:19 http://azure.archive.ubuntu.com/ubuntu resolute-backports/universe amd64 Components [1056 B]
2026-09-15T16:21:04.9529934Z Get:20 http://azure.archive.ubuntu.com/ubuntu resolute-security/main amd64v3 Packages [476 kB]
2026-09-15T16:21:04.9561443Z Get:31 https://dl.google.com/linux/chrome-stable/deb stable/main amd64 Packages [1415 B]
2026-09-15T16:21:04.9573783Z Get:21 http://azure.archive.ubuntu.com/ubuntu resolute-security/main Translation-en [111 kB]
2026-09-15T16:21:04.9577358Z Get:22 http://azure.archive.ubuntu.com/ubuntu resolute-security/main amd64 Components [46.6 kB]
2026-09-15T16:21:04.9595436Z Get:23 http://azure.archive.ubuntu.com/ubuntu resolute-security/universe amd64v3 Packages [173 kB]
2026-09-15T16:21:04.9610293Z Get:24 http://azure.archive.ubuntu.com/ubuntu resolute-security/universe Translation-en [54.4 kB]
2026-09-15T16:21:04.9621914Z Get:25 http://azure.archive.ubuntu.com/ubuntu resolute-security/universe amd64 Components [43.4 kB]
2026-09-15T16:21:04.9634207Z Get:26 http://azure.archive.ubuntu.com/ubuntu resolute-security/restricted amd64v3 Packages [399 kB]
2026-09-15T16:21:04.9659401Z Get:27 http://azure.archive.ubuntu.com/ubuntu resolute-security/restricted Translation-en [77.7 kB]
2026-09-15T16:21:04.9674215Z Get:28 http://azure.archive.ubuntu.com/ubuntu resolute-security/multiverse amd64v3 Packages [10.9 kB]
2026-09-15T16:21:04.9681626Z Get:29 http://azure.archive.ubuntu.com/ubuntu resolute-security/multiverse Translation-en [2844 B]
2026-09-15T16:21:09.0425984Z Fetched 3858 kB in 0s (9005 kB/s)
2026-09-15T16:21:09.7751701Z Reading package lists...
2026-09-15T16:21:09.8115662Z Reading package lists...
2026-09-15T16:21:10.0097172Z Building dependency tree...
2026-09-15T16:21:10.0106145Z Reading state information...
2026-09-15T16:21:10.0559988Z bubblewrap is already the newest version (0.11.1-1ubuntu0.1).
2026-09-15T16:21:10.0560624Z bubblewrap set to manually installed.
2026-09-15T16:21:10.0561178Z apparmor is already the newest version (5.0.2-0ubuntu1~26.04.1).
2026-09-15T16:21:10.0561719Z apparmor set to manually installed.
2026-09-15T16:21:10.0562279Z libapparmor1 is already the newest version (5.0.2-0ubuntu1~26.04.1).
2026-09-15T16:21:10.0562842Z libapparmor1 set to manually installed.
2026-09-15T16:21:10.0563346Z libseccomp2 is already the newest version (2.6.0-2ubuntu5).
2026-09-15T16:21:10.0563920Z libseccomp2 set to manually installed.
2026-09-15T16:21:10.1233215Z Solving dependencies...
2026-09-15T16:21:10.3054590Z 0 upgraded, 0 newly installed, 0 to remove and 76 not upgraded.
2026-09-15T16:21:10.3195756Z apparmor	5.0.2-0ubuntu1~26.04.1
2026-09-15T16:21:10.3196340Z bubblewrap	0.11.1-1ubuntu0.1
2026-09-15T16:21:10.3196892Z libapparmor1:amd64	5.0.2-0ubuntu1~26.04.1
2026-09-15T16:21:10.3197426Z libseccomp2:amd64	2.6.0-2ubuntu5
2026-09-15T16:21:10.3517333Z bubblewrap 0.11.1
2026-09-15T16:21:10.3553951Z ##[group]Run uv run --frozen pytest tests/integration
2026-09-15T16:21:10.3554412Z [36;1muv run --frozen pytest tests/integration[0m
2026-09-15T16:21:10.3613436Z shell: /usr/bin/bash -e {0}
2026-09-15T16:21:10.3613716Z env:
2026-09-15T16:21:10.3614005Z   pythonLocation: /opt/hostedtoolcache/Python/3.12.13/x64
2026-09-15T16:21:10.3614469Z   PKG_CONFIG_PATH: /opt/hostedtoolcache/Python/3.12.13/x64/lib/pkgconfig
2026-09-15T16:21:10.3614940Z   Python_ROOT_DIR: /opt/hostedtoolcache/Python/3.12.13/x64
2026-09-15T16:21:10.3615351Z   Python2_ROOT_DIR: /opt/hostedtoolcache/Python/3.12.13/x64
2026-09-15T16:21:10.3615752Z   Python3_ROOT_DIR: /opt/hostedtoolcache/Python/3.12.13/x64
2026-09-15T16:21:10.3616162Z   LD_LIBRARY_PATH: /opt/hostedtoolcache/Python/3.12.13/x64/lib
2026-09-15T16:21:10.3616500Z ##[endgroup]
2026-09-15T16:21:15.8697026Z ============================= test session starts ==============================
2026-09-15T16:21:15.8698006Z platform linux -- Python 3.12.13, pytest-9.1.1, pluggy-1.6.0
2026-09-15T16:21:15.8699141Z rootdir: <github-runner-home>/work/Learning_Workbench/Learning_Workbench
2026-09-15T16:21:15.8700414Z configfile: pyproject.toml
2026-09-15T16:21:15.8700882Z plugins: anyio-4.15.1
2026-09-15T16:21:15.8701289Z collected 726 items
2026-09-15T16:21:15.8701560Z 
2026-09-15T16:21:42.9828709Z tests/integration/test_assessment_attempts.py .......................... [  3%]
2026-09-15T16:21:53.7665729Z ...........                                                              [  5%]
2026-09-15T16:22:18.4328231Z tests/integration/test_assessment_grading.py ....................        [  7%]
2026-09-15T16:22:24.1647037Z tests/integration/test_assessment_independent_review.py .......          [  8%]
2026-09-15T16:22:33.4733358Z tests/integration/test_assessment_learning_port.py ...........           [ 10%]
2026-09-15T16:22:50.8748657Z tests/integration/test_assessment_policy.py ...................          [ 12%]
2026-09-15T16:23:03.0303990Z tests/integration/test_assessment_review_history.py ........             [ 14%]
2026-09-15T16:23:11.9796810Z tests/integration/test_concept_states.py .........                       [ 15%]
2026-09-15T16:23:16.6101872Z tests/integration/test_content_http.py ...........                       [ 16%]
2026-09-15T16:23:17.7224242Z tests/integration/test_content_repository.py ........................... [ 20%]
2026-09-15T16:23:18.0974815Z ........                                                                 [ 21%]
2026-09-15T16:23:29.1233341Z tests/integration/test_content_retrieval.py .....................        [ 24%]
2026-09-15T16:23:41.6593780Z tests/integration/test_document_http.py ......                           [ 25%]
2026-09-15T16:23:48.9824487Z tests/integration/test_document_imports.py ......                        [ 26%]
2026-09-15T16:23:55.3559787Z tests/integration/test_evidence_independent_review.py ......             [ 26%]
2026-09-15T16:23:59.4722385Z tests/integration/test_grading_queue_isolation.py ..                     [ 27%]
2026-09-15T16:24:13.4068705Z tests/integration/test_import_http.py ...............                    [ 29%]
2026-09-15T16:24:35.3284233Z tests/integration/test_import_repository.py ............................ [ 33%]
2026-09-15T16:24:48.7347023Z ......                                                                   [ 34%]
2026-09-15T16:24:51.3578039Z tests/integration/test_learner_profile.py ....................           [ 36%]
2026-09-15T16:24:52.2742592Z tests/integration/test_learning_action_integrity.py ...                  [ 37%]
2026-09-15T16:24:57.3151682Z tests/integration/test_learning_activity_access.py ......                [ 38%]
2026-09-15T16:24:58.0627522Z tests/integration/test_learning_content_scope.py ...............         [ 40%]
2026-09-15T16:24:59.4210449Z tests/integration/test_learning_course_history.py ..                     [ 40%]
2026-09-15T16:25:17.7702918Z tests/integration/test_learning_evidence.py ................             [ 42%]
2026-09-15T16:25:20.8645117Z tests/integration/test_learning_state_observations.py ...                [ 42%]
2026-09-15T16:25:24.6845867Z tests/integration/test_notes_learning.py ............................... [ 47%]
2026-09-15T16:25:26.5700389Z .................                                                        [ 49%]
2026-09-15T16:25:33.8260425Z tests/integration/test_practice_grading.py .........                     [ 50%]
2026-09-15T16:25:41.6067985Z tests/integration/test_practice_independent_review.py ........           [ 51%]
2026-09-15T16:25:42.1902805Z tests/integration/test_practice_learning_port.py ............            [ 53%]
2026-09-15T16:26:12.9335969Z tests/integration/test_practice_model_help.py ...........                [ 55%]
2026-09-15T16:26:32.3009731Z tests/integration/test_practice_sessions.py ........................     [ 58%]
2026-09-15T16:26:38.5954763Z tests/integration/test_provenance_recovery_integrity.py ......           [ 59%]
2026-09-15T16:26:39.0228039Z tests/integration/test_provider_config.py ........                       [ 60%]
2026-09-15T16:26:39.6477699Z tests/integration/test_provider_consents.py ......                       [ 61%]
2026-09-15T16:26:54.6920166Z tests/integration/test_provider_dispatch.py ..........................   [ 64%]
2026-09-15T16:27:03.4489120Z tests/integration/test_provider_http.py ..............                   [ 66%]
2026-09-15T16:27:04.3587633Z tests/integration/test_provider_lifecycle.py .                           [ 66%]
2026-09-15T16:27:04.5473822Z tests/integration/test_provider_migration.py ..                          [ 67%]
2026-09-15T16:27:07.1143765Z tests/integration/test_provider_proof_admission.py .......               [ 68%]
2026-09-15T16:27:07.3002227Z tests/integration/test_question_qualification.py ....                    [ 68%]
2026-09-15T16:27:07.4856109Z tests/integration/test_reader_directory.py ....                          [ 69%]
2026-09-15T16:27:18.2899510Z tests/integration/test_reader_provenance.py ...........                  [ 70%]
2026-09-15T16:27:19.6382522Z tests/integration/test_recommendation_content_access.py ................ [ 72%]
2026-09-15T16:27:20.2005261Z .......                                                                  [ 73%]
2026-09-15T16:27:22.4789611Z tests/integration/test_recommendation_http.py ..                         [ 74%]
2026-09-15T16:27:37.5254609Z tests/integration/test_recommendation_source_ports.py ..............     [ 76%]
2026-09-15T16:27:39.7490893Z tests/integration/test_recommendation_worker_readiness.py ..........     [ 77%]
2026-09-15T16:28:18.2924089Z tests/integration/test_recommendations.py .............................  [ 81%]
2026-09-15T16:29:29.6805654Z tests/integration/test_retrieval.py .........................            [ 84%]
2026-09-15T16:29:32.3620715Z tests/integration/test_retrieval_integrity.py ............               [ 86%]
2026-09-15T16:29:32.4555950Z tests/integration/test_retrieval_migration.py ..                         [ 86%]
2026-09-15T16:29:32.8802269Z tests/integration/test_route_completion_sources.py ........              [ 87%]
2026-09-15T16:29:35.2253799Z tests/integration/test_routes_commands.py .............                  [ 89%]
2026-09-15T16:29:41.7076774Z tests/integration/test_tutor_context.py ............                     [ 91%]
2026-09-15T16:29:48.1496783Z tests/integration/test_tutor_http.py ......                              [ 92%]
2026-09-15T16:29:56.1499957Z tests/integration/test_tutor_jobs_http.py ..........                     [ 93%]
2026-09-15T16:29:56.2680371Z tests/integration/test_tutor_replay_integrity.py ..                      [ 93%]
2026-09-15T16:30:15.5259986Z tests/integration/test_tutor_runs.py ....................                [ 96%]
2026-09-15T16:30:16.9130739Z tests/integration/test_tutor_worker_fairness.py ....                     [ 97%]
2026-09-15T16:30:24.9074010Z tests/integration/test_workbench_assessment_policy.py ......             [ 97%]
2026-09-15T16:30:30.4905843Z tests/integration/test_workbench_persistence.py ...............          [100%]
2026-09-15T16:30:30.4907095Z 
2026-09-15T16:30:30.4907373Z =============================== warnings summary ===============================
2026-09-15T16:30:30.4908120Z .venv/lib/python3.12/site-packages/fastapi/testclient.py:1
2026-09-15T16:30:30.4911865Z   <github-runner-home>/work/Learning_Workbench/Learning_Workbench/.venv/lib/python3.12/site-packages/fastapi/testclient.py:1: StarletteDeprecationWarning: Using `httpx` with `starlette.testclient` is deprecated; install `httpx2` instead.
2026-09-15T16:30:30.4913396Z     from starlette.testclient import TestClient as TestClient  # noqa
2026-09-15T16:30:30.4913708Z 
2026-09-15T16:30:30.4913895Z .venv/lib/python3.12/site-packages/starlette/testclient.py:53
2026-09-15T16:30:30.4915736Z   <github-runner-home>/work/Learning_Workbench/Learning_Workbench/.venv/lib/python3.12/site-packages/starlette/testclient.py:53: DeprecationWarning: The anyio.abc.BlockingPortal alias is deprecated, use anyio.from_thread.BlockingPortal instead.
2026-09-15T16:30:30.4917796Z     _PortalFactoryType = Callable[[], AbstractContextManager[anyio.abc.BlockingPortal]]
2026-09-15T16:30:30.4918719Z 
2026-09-15T16:30:30.4919338Z -- Docs: https://docs.pytest.org/en/stable/how-to/capture-warnings.html
2026-09-15T16:30:30.4920170Z ================= 726 passed, 2 warnings in 558.91s (0:09:18) ==================
2026-09-15T16:30:30.9239423Z Post job cleanup.
2026-09-15T16:30:31.0585760Z Post job cleanup.
2026-09-15T16:30:31.1495641Z [command]/usr/bin/git version
2026-09-15T16:30:31.1550006Z git version 2.55.0
2026-09-15T16:30:31.1601563Z Temporarily overriding HOME='<github-runner-home>/work/_temp/210ab85e-d143-414b-b499-3fa7b1a153a1' before making global git config changes
2026-09-15T16:30:31.1602909Z Adding repository directory to the temporary git global config as a safe directory
2026-09-15T16:30:31.1608393Z [command]/usr/bin/git config --global --add safe.directory <github-runner-home>/work/Learning_Workbench/Learning_Workbench
2026-09-15T16:30:31.1653809Z Removing SSH command configuration
2026-09-15T16:30:31.1661582Z [command]/usr/bin/git config --local --name-only --get-regexp core\.sshCommand
2026-09-15T16:30:31.1706498Z [command]/usr/bin/git submodule foreach --recursive sh -c "git config --local --name-only --get-regexp 'core\.sshCommand' && git config --local --unset-all 'core.sshCommand' || :"
2026-09-15T16:30:31.2037124Z Removing HTTP extra header
2026-09-15T16:30:31.2043792Z [command]/usr/bin/git config --local --name-only --get-regexp http\.https\:\/\/github\.com\/\.extraheader
2026-09-15T16:30:31.2097063Z [command]/usr/bin/git submodule foreach --recursive sh -c "git config --local --name-only --get-regexp 'http\.https\:\/\/github\.com\/\.extraheader' && git config --local --unset-all 'http.https://github.com/.extraheader' || :"
2026-09-15T16:30:31.2528330Z Removing includeIf entries pointing to credentials config files
2026-09-15T16:30:31.2535943Z [command]/usr/bin/git config --local --name-only --get-regexp ^includeIf\.gitdir:
2026-09-15T16:30:31.2579105Z includeif.gitdir:<github-runner-home>/work/Learning_Workbench/Learning_Workbench/.git.path
2026-09-15T16:30:31.2580191Z includeif.gitdir:<github-runner-home>/work/Learning_Workbench/Learning_Workbench/.git/worktrees/*.path
2026-09-15T16:30:31.2581543Z includeif.gitdir:/github/workspace/.git.path
2026-09-15T16:30:31.2582575Z includeif.gitdir:/github/workspace/.git/worktrees/*.path
2026-09-15T16:30:31.2590418Z [command]/usr/bin/git config --local --get-all includeif.gitdir:<github-runner-home>/work/Learning_Workbench/Learning_Workbench/.git.path
2026-09-15T16:30:31.2619238Z <github-runner-home>/work/_temp/git-credentials-15d95143-bf86-40db-a077-edf8e54322d1.config
2026-09-15T16:30:31.2630953Z [command]/usr/bin/git config --local --unset includeif.gitdir:<github-runner-home>/work/Learning_Workbench/Learning_Workbench/.git.path \/home\/runner\/work\/_temp\/git\-credentials\-15d95143\-bf86\-40db\-a077\-edf8e54322d1\.config
2026-09-15T16:30:31.2677221Z [command]/usr/bin/git config --local --get-all includeif.gitdir:<github-runner-home>/work/Learning_Workbench/Learning_Workbench/.git/worktrees/*.path
2026-09-15T16:30:31.2709186Z <github-runner-home>/work/_temp/git-credentials-15d95143-bf86-40db-a077-edf8e54322d1.config
2026-09-15T16:30:31.2729162Z [command]/usr/bin/git config --local --unset includeif.gitdir:<github-runner-home>/work/Learning_Workbench/Learning_Workbench/.git/worktrees/*.path \/home\/runner\/work\/_temp\/git\-credentials\-15d95143\-bf86\-40db\-a077\-edf8e54322d1\.config
2026-09-15T16:30:31.2771594Z [command]/usr/bin/git config --local --get-all includeif.gitdir:/github/workspace/.git.path
2026-09-15T16:30:31.2802544Z /github/runner_temp/git-credentials-15d95143-bf86-40db-a077-edf8e54322d1.config
2026-09-15T16:30:31.2811069Z [command]/usr/bin/git config --local --unset includeif.gitdir:/github/workspace/.git.path \/github\/runner_temp\/git\-credentials\-15d95143\-bf86\-40db\-a077\-edf8e54322d1\.config
2026-09-15T16:30:31.2909269Z [command]/usr/bin/git config --local --get-all includeif.gitdir:/github/workspace/.git/worktrees/*.path
2026-09-15T16:30:31.2910623Z /github/runner_temp/git-credentials-15d95143-bf86-40db-a077-edf8e54322d1.config
2026-09-15T16:30:31.2960603Z [command]/usr/bin/git config --local --unset includeif.gitdir:/github/workspace/.git/worktrees/*.path \/github\/runner_temp\/git\-credentials\-15d95143\-bf86\-40db\-a077\-edf8e54322d1\.config
2026-09-15T16:30:31.2964437Z [command]/usr/bin/git submodule foreach --recursive git config --local --show-origin --name-only --get-regexp remote.origin.url
2026-09-15T16:30:31.3302916Z Removing credentials config '<github-runner-home>/work/_temp/git-credentials-15d95143-bf86-40db-a077-edf8e54322d1.config'
2026-09-15T16:30:31.3468537Z Cleaning up orphan processes
