2026-09-15T10:21:53.5110936Z Current runner version: '2.337.0'
2026-09-15T10:21:53.5141144Z ##[group]Runner Image Provisioner
2026-09-15T10:21:53.5142015Z Hosted Compute Agent
2026-09-15T10:21:53.5142720Z Version: 20260828.587
2026-09-15T10:21:53.5143393Z Commit: abac92662cab4cc7352de4f9f9d2e2419aad9c29
2026-09-15T10:21:53.5144167Z Build Date: 2026-08-28T16:44:25Z
2026-09-15T10:21:53.5144952Z Worker ID: {608045d6-60ce-4fe9-a2b7-081e38ca9794}
2026-09-15T10:21:53.5145759Z Azure Region: northcentralus
2026-09-15T10:21:53.5146455Z ##[endgroup]
2026-09-15T10:21:53.5147858Z ##[group]Operating System
2026-09-15T10:21:53.5148525Z Ubuntu
2026-09-15T10:21:53.5149184Z 24.04.5
2026-09-15T10:21:53.5149978Z LTS
2026-09-15T10:21:53.5150631Z ##[endgroup]
2026-09-15T10:21:53.5151231Z ##[group]Runner Image
2026-09-15T10:21:53.5151892Z Image: ubuntu-24.04
2026-09-15T10:21:53.5152537Z Version: 20260907.300.1
2026-09-15T10:21:53.5153868Z Included Software: https://github.com/actions/runner-images/blob/ubuntu24/20260907.300/images/ubuntu/Ubuntu2404-Readme.md
2026-09-15T10:21:53.5155585Z Image Release: https://github.com/actions/runner-images/releases/tag/ubuntu24%2F20260907.300
2026-09-15T10:21:53.5156616Z ##[endgroup]
2026-09-15T10:21:53.5158219Z ##[group]GITHUB_TOKEN Permissions
2026-09-15T10:21:53.5160711Z Contents: read
2026-09-15T10:21:53.5161476Z Metadata: read
2026-09-15T10:21:53.5162099Z ##[endgroup]
2026-09-15T10:21:53.5164280Z Secret source: Actions
2026-09-15T10:21:53.5165257Z Cache mode: write
2026-09-15T10:21:53.5166393Z Prepare workflow directory
2026-09-15T10:21:53.5566271Z Prepare all required actions
2026-09-15T10:21:53.5634271Z Getting action download info
2026-09-15T10:21:53.8045096Z Download action repository 'actions/checkout@3d3c42e5aac5ba805825da76410c181273ba90b1' (SHA:3d3c42e5aac5ba805825da76410c181273ba90b1)
2026-09-15T10:21:53.9298695Z Download action repository 'actions/setup-python@5fda3b95a4ea91299a34e894583c3862153e4b97' (SHA:5fda3b95a4ea91299a34e894583c3862153e4b97)
2026-09-15T10:21:54.0132483Z Download action repository 'actions/setup-node@820762786026740c76f36085b0efc47a31fe5020' (SHA:820762786026740c76f36085b0efc47a31fe5020)
2026-09-15T10:21:54.2085247Z Complete job name: spec-contracts
2026-09-15T10:21:54.2848362Z ##[group]Run actions/checkout@3d3c42e5aac5ba805825da76410c181273ba90b1
2026-09-15T10:21:54.2849387Z with:
2026-09-15T10:21:54.2850055Z   repository: kl3574/Learning_Workbench
2026-09-15T10:21:54.2854010Z   token: ***
2026-09-15T10:21:54.2854461Z   ssh-strict: true
2026-09-15T10:21:54.2854902Z   ssh-user: git
2026-09-15T10:21:54.2855349Z   persist-credentials: true
2026-09-15T10:21:54.2855835Z   clean: true
2026-09-15T10:21:54.2856285Z   sparse-checkout-cone-mode: true
2026-09-15T10:21:54.2856805Z   fetch-depth: 1
2026-09-15T10:21:54.2857234Z   fetch-tags: false
2026-09-15T10:21:54.2857678Z   show-progress: true
2026-09-15T10:21:54.2858132Z   lfs: false
2026-09-15T10:21:54.2858548Z   submodules: false
2026-09-15T10:21:54.2859002Z   set-safe-directory: true
2026-09-15T10:21:54.2859518Z   allow-unsafe-pr-checkout: false
2026-09-15T10:21:54.2860367Z ##[endgroup]
2026-09-15T10:21:54.3864645Z Syncing repository: kl3574/Learning_Workbench
2026-09-15T10:21:54.3867395Z ##[group]Getting Git version info
2026-09-15T10:21:54.3868645Z Working directory is '<github-runner-home>/work/Learning_Workbench/Learning_Workbench'
2026-09-15T10:21:54.3870724Z [command]/usr/bin/git version
2026-09-15T10:21:54.3924556Z git version 2.55.0
2026-09-15T10:21:54.3947662Z ##[endgroup]
2026-09-15T10:21:54.3959037Z Temporarily overriding HOME='<github-runner-home>/work/_temp/1eb4ca3a-f137-4dd0-9b0a-2aee57097481' before making global git config changes
2026-09-15T10:21:54.3971287Z Adding repository directory to the temporary git global config as a safe directory
2026-09-15T10:21:54.3973324Z [command]/usr/bin/git config --global --add safe.directory <github-runner-home>/work/Learning_Workbench/Learning_Workbench
2026-09-15T10:21:54.4099343Z Deleting the contents of '<github-runner-home>/work/Learning_Workbench/Learning_Workbench'
2026-09-15T10:21:54.4103030Z ##[group]Determining repository object format
2026-09-15T10:21:54.4104618Z ##[endgroup]
2026-09-15T10:21:54.4105338Z ##[group]Initializing the repository
2026-09-15T10:21:54.4115181Z [command]/usr/bin/git init <github-runner-home>/work/Learning_Workbench/Learning_Workbench
2026-09-15T10:21:54.4312921Z hint: Using 'master' as the name for the initial branch. This default branch name
2026-09-15T10:21:54.4315475Z hint: will change to "main" in Git 3.0. To configure the initial branch name
2026-09-15T10:21:54.4318324Z hint: to use in all of your new repositories, which will suppress this warning,
2026-09-15T10:21:54.4319692Z hint: call:
2026-09-15T10:21:54.4321429Z hint:
2026-09-15T10:21:54.4322358Z hint: 	git config --global init.defaultBranch <name>
2026-09-15T10:21:54.4323327Z hint:
2026-09-15T10:21:54.4325183Z hint: Names commonly chosen instead of 'master' are 'main', 'trunk' and
2026-09-15T10:21:54.4327634Z hint: 'development'. The just-created branch can be renamed via this command:
2026-09-15T10:21:54.4329574Z hint:
2026-09-15T10:21:54.4330942Z hint: 	git branch -m <name>
2026-09-15T10:21:54.4331576Z hint:
2026-09-15T10:21:54.4332250Z hint: Disable this message with "git config set advice.defaultBranchName false"
2026-09-15T10:21:54.4334716Z Initialized empty Git repository in <github-runner-home>/work/Learning_Workbench/Learning_Workbench/.git/
2026-09-15T10:21:54.4339637Z [command]/usr/bin/git remote add origin https://github.com/kl3574/Learning_Workbench
2026-09-15T10:21:54.4432262Z ##[endgroup]
2026-09-15T10:21:54.4434316Z ##[group]Disabling automatic garbage collection
2026-09-15T10:21:54.4442101Z [command]/usr/bin/git config --local gc.auto 0
2026-09-15T10:21:54.4507148Z ##[endgroup]
2026-09-15T10:21:54.4508250Z ##[group]Setting up auth
2026-09-15T10:21:54.4509095Z Removing SSH command configuration
2026-09-15T10:21:54.4515048Z [command]/usr/bin/git config --local --name-only --get-regexp core\.sshCommand
2026-09-15T10:21:54.4552354Z [command]/usr/bin/git submodule foreach --recursive sh -c "git config --local --name-only --get-regexp 'core\.sshCommand' && git config --local --unset-all 'core.sshCommand' || :"
2026-09-15T10:21:54.4952185Z Removing HTTP extra header
2026-09-15T10:21:54.4960665Z [command]/usr/bin/git config --local --name-only --get-regexp http\.https\:\/\/github\.com\/\.extraheader
2026-09-15T10:21:54.5002961Z [command]/usr/bin/git submodule foreach --recursive sh -c "git config --local --name-only --get-regexp 'http\.https\:\/\/github\.com\/\.extraheader' && git config --local --unset-all 'http.https://github.com/.extraheader' || :"
2026-09-15T10:21:54.5249514Z Removing includeIf entries pointing to credentials config files
2026-09-15T10:21:54.5257691Z [command]/usr/bin/git config --local --name-only --get-regexp ^includeIf\.gitdir:
2026-09-15T10:21:54.5303030Z [command]/usr/bin/git submodule foreach --recursive git config --local --show-origin --name-only --get-regexp remote.origin.url
2026-09-15T10:21:54.5585606Z [command]/usr/bin/git config --file <github-runner-home>/work/_temp/git-credentials-89c6c7bc-6f4d-4e37-ab05-42df2c2160a2.config http.https://github.com/.extraheader AUTHORIZATION: basic ***
2026-09-15T10:21:54.5634942Z [command]/usr/bin/git config --local includeIf.gitdir:<github-runner-home>/work/Learning_Workbench/Learning_Workbench/.git.path <github-runner-home>/work/_temp/git-credentials-89c6c7bc-6f4d-4e37-ab05-42df2c2160a2.config
2026-09-15T10:21:54.5678844Z [command]/usr/bin/git config --local includeIf.gitdir:<github-runner-home>/work/Learning_Workbench/Learning_Workbench/.git/worktrees/*.path <github-runner-home>/work/_temp/git-credentials-89c6c7bc-6f4d-4e37-ab05-42df2c2160a2.config
2026-09-15T10:21:54.5728025Z [command]/usr/bin/git config --local includeIf.gitdir:/github/workspace/.git.path /github/runner_temp/git-credentials-89c6c7bc-6f4d-4e37-ab05-42df2c2160a2.config
2026-09-15T10:21:54.5770886Z [command]/usr/bin/git config --local includeIf.gitdir:/github/workspace/.git/worktrees/*.path /github/runner_temp/git-credentials-89c6c7bc-6f4d-4e37-ab05-42df2c2160a2.config
2026-09-15T10:21:54.5805608Z ##[endgroup]
2026-09-15T10:21:54.5812345Z ##[group]Fetching the repository
2026-09-15T10:21:54.5814180Z [command]/usr/bin/git -c protocol.version=2 fetch --no-tags --prune --no-recurse-submodules --depth=1 origin +3dd75f01966bb5dcf0b9ea0855e6b82ce335d814:refs/remotes/origin/feat/M5.2-local-retrieval
2026-09-15T10:21:57.5135205Z From https://github.com/kl3574/Learning_Workbench
2026-09-15T10:21:57.5137469Z  * [new ref]         3dd75f01966bb5dcf0b9ea0855e6b82ce335d814 -> origin/feat/M5.2-local-retrieval
2026-09-15T10:21:57.5146387Z [command]/usr/bin/git branch --list --remote origin/feat/M5.2-local-retrieval
2026-09-15T10:21:57.5184113Z   origin/feat/M5.2-local-retrieval
2026-09-15T10:21:57.5197520Z [command]/usr/bin/git rev-parse refs/remotes/origin/feat/M5.2-local-retrieval
2026-09-15T10:21:57.5228801Z 3dd75f01966bb5dcf0b9ea0855e6b82ce335d814
2026-09-15T10:21:57.5234316Z ##[endgroup]
2026-09-15T10:21:57.5235588Z ##[group]Determining the checkout info
2026-09-15T10:21:57.5237246Z ##[endgroup]
2026-09-15T10:21:57.5240512Z [command]/usr/bin/git sparse-checkout disable
2026-09-15T10:21:57.5301684Z [command]/usr/bin/git config --local --unset-all extensions.worktreeConfig
2026-09-15T10:21:57.5344561Z ##[group]Checking out the ref
2026-09-15T10:21:57.5351541Z [command]/usr/bin/git checkout --progress --force -B feat/M5.2-local-retrieval refs/remotes/origin/feat/M5.2-local-retrieval
2026-09-15T10:21:58.0120305Z Switched to a new branch 'feat/M5.2-local-retrieval'
2026-09-15T10:21:58.0123687Z branch 'feat/M5.2-local-retrieval' set up to track 'origin/feat/M5.2-local-retrieval'.
2026-09-15T10:21:58.0149565Z ##[endgroup]
2026-09-15T10:21:58.0204770Z [command]/usr/bin/git log -1 --format=%H
2026-09-15T10:21:58.0237464Z 3dd75f01966bb5dcf0b9ea0855e6b82ce335d814
2026-09-15T10:21:58.0596678Z ##[group]Run actions/setup-python@5fda3b95a4ea91299a34e894583c3862153e4b97
2026-09-15T10:21:58.0597434Z with:
2026-09-15T10:21:58.0597861Z   python-version: 3.12.13
2026-09-15T10:21:58.0598322Z   check-latest: false
2026-09-15T10:21:58.0601415Z   token: ***
2026-09-15T10:21:58.0601863Z   update-environment: true
2026-09-15T10:21:58.0602368Z   allow-prereleases: false
2026-09-15T10:21:58.0602854Z   freethreaded: false
2026-09-15T10:21:58.0603287Z ##[endgroup]
2026-09-15T10:21:58.1818445Z ##[group]Installed versions
2026-09-15T10:21:58.1835891Z Version 3.12.13 was not found in the local cache
2026-09-15T10:21:58.9307866Z Version 3.12.13 is available for downloading
2026-09-15T10:21:58.9309369Z Download from "https://github.com/actions/python-versions/releases/download/3.12.13-27650778726/python-3.12.13-linux-24.04-x64.tar.gz"
2026-09-15T10:21:59.7746006Z Extract downloaded archive
2026-09-15T10:21:59.7863889Z [command]/usr/bin/tar xz --warning=no-unknown-keyword --overwrite -C <github-runner-home>/work/_temp/6b86674f-1726-4918-8ce3-36714d44666b -f <github-runner-home>/work/_temp/9d56add2-f06c-4cb4-92b8-b84fa5cd8bfd
2026-09-15T10:22:01.8966952Z Execute installation script
2026-09-15T10:22:01.9067753Z Check if Python hostedtoolcache folder exist...
2026-09-15T10:22:01.9068427Z Create Python 3.12.13 folder
2026-09-15T10:22:01.9080996Z Copy Python binaries to hostedtoolcache folder
2026-09-15T10:22:02.4199571Z Create additional symlinks (Required for the UsePythonVersion Azure Pipelines task and the setup-python GitHub Action)
2026-09-15T10:22:02.4243575Z Upgrading pip...
2026-09-15T10:22:04.3420994Z Collecting pip
2026-09-15T10:22:04.3763521Z Downloading pip-26.2.1-py3-none-any.whl.metadata (4.6 kB)
2026-09-15T10:22:04.6690958Z Downloading pip-26.2.1-py3-none-any.whl (1.8 MB)
2026-09-15T10:22:04.7141596Z ━━━━━━━━━━━━━━━━━━━━━━━━━━━━━━━━━━━━━━━━ 1.8/1.8 MB 59.6 MB/s eta 0:00:00
2026-09-15T10:22:04.7142168Z 
2026-09-15T10:22:04.7834452Z Installing collected packages: pip
2026-09-15T10:22:04.7835384Z Attempting uninstall: pip
2026-09-15T10:22:04.7857515Z Found existing installation: pip 25.0.1
2026-09-15T10:22:04.8195102Z Uninstalling pip-25.0.1:
2026-09-15T10:22:04.8253050Z Successfully uninstalled pip-25.0.1
2026-09-15T10:22:05.7588552Z Successfully installed pip-26.2.1
2026-09-15T10:22:05.8171055Z Create complete file
2026-09-15T10:22:05.8207347Z Successfully set up CPython (3.12.13)
2026-09-15T10:22:05.8208516Z ##[endgroup]
2026-09-15T10:22:05.8405899Z ##[group]Run actions/setup-node@820762786026740c76f36085b0efc47a31fe5020
2026-09-15T10:22:05.8406309Z with:
2026-09-15T10:22:05.8406537Z   node-version: 24.21.0
2026-09-15T10:22:05.8406780Z   check-latest: false
2026-09-15T10:22:05.8409216Z   token: ***
2026-09-15T10:22:05.8409455Z   package-manager-cache: true
2026-09-15T10:22:05.8409705Z env:
2026-09-15T10:22:05.8410202Z   pythonLocation: /opt/hostedtoolcache/Python/3.12.13/x64
2026-09-15T10:22:05.8410676Z   PKG_CONFIG_PATH: /opt/hostedtoolcache/Python/3.12.13/x64/lib/pkgconfig
2026-09-15T10:22:05.8411145Z   Python_ROOT_DIR: /opt/hostedtoolcache/Python/3.12.13/x64
2026-09-15T10:22:05.8411536Z   Python2_ROOT_DIR: /opt/hostedtoolcache/Python/3.12.13/x64
2026-09-15T10:22:05.8411911Z   Python3_ROOT_DIR: /opt/hostedtoolcache/Python/3.12.13/x64
2026-09-15T10:22:05.8412304Z   LD_LIBRARY_PATH: /opt/hostedtoolcache/Python/3.12.13/x64/lib
2026-09-15T10:22:05.8412667Z ##[endgroup]
2026-09-15T10:22:05.9631183Z Attempting to download 24.21.0...
2026-09-15T10:22:06.5874728Z Acquiring 24.21.0 - x64 from https://github.com/actions/node-versions/releases/download/24.21.0-34304089047/node-24.21.0-linux-x64.tar.gz
2026-09-15T10:22:06.9909026Z Extracting ...
2026-09-15T10:22:07.0037527Z [command]/usr/bin/tar xz --strip 1 --warning=no-unknown-keyword --overwrite -C <github-runner-home>/work/_temp/007fc5ce-6008-4aab-b739-573573f78445 -f <github-runner-home>/work/_temp/a8e097e0-9cd5-47b5-a00d-033bf42206a9
2026-09-15T10:22:08.3546787Z Adding to the cache ...
2026-09-15T10:22:10.1183652Z ##[group]Environment details
2026-09-15T10:22:10.3438233Z node: v24.21.0
2026-09-15T10:22:10.3438626Z npm: 11.19.0
2026-09-15T10:22:10.3438952Z yarn: 1.22.22
2026-09-15T10:22:10.3439500Z ##[endgroup]
2026-09-15T10:22:10.3617038Z ##[group]Run npm ci --prefix apps/web
2026-09-15T10:22:10.3617435Z [36;1mnpm ci --prefix apps/web[0m
2026-09-15T10:22:10.3663140Z shell: /usr/bin/bash -e {0}
2026-09-15T10:22:10.3663431Z env:
2026-09-15T10:22:10.3663710Z   pythonLocation: /opt/hostedtoolcache/Python/3.12.13/x64
2026-09-15T10:22:10.3664168Z   PKG_CONFIG_PATH: /opt/hostedtoolcache/Python/3.12.13/x64/lib/pkgconfig
2026-09-15T10:22:10.3664603Z   Python_ROOT_DIR: /opt/hostedtoolcache/Python/3.12.13/x64
2026-09-15T10:22:10.3664995Z   Python2_ROOT_DIR: /opt/hostedtoolcache/Python/3.12.13/x64
2026-09-15T10:22:10.3665370Z   Python3_ROOT_DIR: /opt/hostedtoolcache/Python/3.12.13/x64
2026-09-15T10:22:10.3665757Z   LD_LIBRARY_PATH: /opt/hostedtoolcache/Python/3.12.13/x64/lib
2026-09-15T10:22:10.3666103Z ##[endgroup]
2026-09-15T10:22:17.0440784Z 
2026-09-15T10:22:17.0447677Z added 236 packages, and audited 237 packages in 7s
2026-09-15T10:22:17.0448014Z 
2026-09-15T10:22:17.0448234Z 118 packages are looking for funding
2026-09-15T10:22:17.0448886Z   run `npm fund` for details
2026-09-15T10:22:17.0454329Z 
2026-09-15T10:22:17.0454583Z found 0 vulnerabilities
2026-09-15T10:22:17.1082401Z ##[group]Run python -m pip install uv==0.11.21
2026-09-15T10:22:17.1083010Z [36;1mpython -m pip install uv==0.11.21[0m
2026-09-15T10:22:17.1125453Z shell: /usr/bin/bash -e {0}
2026-09-15T10:22:17.1125716Z env:
2026-09-15T10:22:17.1125993Z   pythonLocation: /opt/hostedtoolcache/Python/3.12.13/x64
2026-09-15T10:22:17.1126439Z   PKG_CONFIG_PATH: /opt/hostedtoolcache/Python/3.12.13/x64/lib/pkgconfig
2026-09-15T10:22:17.1126867Z   Python_ROOT_DIR: /opt/hostedtoolcache/Python/3.12.13/x64
2026-09-15T10:22:17.1127248Z   Python2_ROOT_DIR: /opt/hostedtoolcache/Python/3.12.13/x64
2026-09-15T10:22:17.1127623Z   Python3_ROOT_DIR: /opt/hostedtoolcache/Python/3.12.13/x64
2026-09-15T10:22:17.1128009Z   LD_LIBRARY_PATH: /opt/hostedtoolcache/Python/3.12.13/x64/lib
2026-09-15T10:22:17.1128331Z ##[endgroup]
2026-09-15T10:22:17.7932853Z Collecting uv==0.11.21
2026-09-15T10:22:17.8398167Z   Downloading uv-0.11.21-py3-none-manylinux_2_17_x86_64.manylinux2014_x86_64.whl.metadata (11 kB)
2026-09-15T10:22:17.8483428Z Downloading uv-0.11.21-py3-none-manylinux_2_17_x86_64.manylinux2014_x86_64.whl (25.1 MB)
2026-09-15T10:22:17.9724106Z    ━━━━━━━━━━━━━━━━━━━━━━━━━━━━━━━━━━━━━━━━ 25.1/25.1 MB 236.4 MB/s  0:00:00
2026-09-15T10:22:18.0196958Z Installing collected packages: uv
2026-09-15T10:22:18.3015474Z Successfully installed uv-0.11.21
2026-09-15T10:22:18.3629664Z ##[group]Run uv sync --frozen
2026-09-15T10:22:18.3630297Z [36;1muv sync --frozen[0m
2026-09-15T10:22:18.3670531Z shell: /usr/bin/bash -e {0}
2026-09-15T10:22:18.3670800Z env:
2026-09-15T10:22:18.3671082Z   pythonLocation: /opt/hostedtoolcache/Python/3.12.13/x64
2026-09-15T10:22:18.3671522Z   PKG_CONFIG_PATH: /opt/hostedtoolcache/Python/3.12.13/x64/lib/pkgconfig
2026-09-15T10:22:18.3671946Z   Python_ROOT_DIR: /opt/hostedtoolcache/Python/3.12.13/x64
2026-09-15T10:22:18.3672328Z   Python2_ROOT_DIR: /opt/hostedtoolcache/Python/3.12.13/x64
2026-09-15T10:22:18.3672700Z   Python3_ROOT_DIR: /opt/hostedtoolcache/Python/3.12.13/x64
2026-09-15T10:22:18.3673079Z   LD_LIBRARY_PATH: /opt/hostedtoolcache/Python/3.12.13/x64/lib
2026-09-15T10:22:18.3673422Z ##[endgroup]
2026-09-15T10:22:18.4283602Z Using CPython 3.12.13 interpreter at: /opt/hostedtoolcache/Python/3.12.13/x64/bin/python3.12
2026-09-15T10:22:18.4284227Z Creating virtual environment at: .venv
2026-09-15T10:22:18.5093405Z Downloading pydantic-core (2.0MiB)
2026-09-15T10:22:18.5094167Z Downloading ruff (9.9MiB)
2026-09-15T10:22:18.5100211Z Downloading pygments (1.2MiB)
2026-09-15T10:22:18.5107636Z Downloading mypy (14.6MiB)
2026-09-15T10:22:18.5111444Z Downloading ast-serialize (1.3MiB)
2026-09-15T10:22:18.7261035Z  Downloaded ast-serialize
2026-09-15T10:22:18.7617256Z  Downloaded pydantic-core
2026-09-15T10:22:18.8336707Z  Downloaded ruff
2026-09-15T10:22:18.9183522Z  Downloaded pygments
2026-09-15T10:22:19.0764163Z  Downloaded mypy
2026-09-15T10:22:19.0766535Z Prepared 37 packages in 645ms
2026-09-15T10:22:19.1246708Z Installed 37 packages in 47ms
2026-09-15T10:22:19.1247218Z  + annotated-doc==0.0.5
2026-09-15T10:22:19.1247626Z  + annotated-types==0.8.0
2026-09-15T10:22:19.1248069Z  + anyio==4.15.1
2026-09-15T10:22:19.1248413Z  + ast-serialize==0.11.2
2026-09-15T10:22:19.1248788Z  + attrs==26.1.0
2026-09-15T10:22:19.1249143Z  + certifi==2026.7.22
2026-09-15T10:22:19.1249487Z  + click==8.5.0
2026-09-15T10:22:19.1249999Z  + defusedxml==0.7.1
2026-09-15T10:22:19.1250358Z  + fastapi==0.141.1
2026-09-15T10:22:19.1250776Z  + h11==0.16.0
2026-09-15T10:22:19.1251098Z  + httpcore==1.0.9
2026-09-15T10:22:19.1251433Z  + httpx==0.28.1
2026-09-15T10:22:19.1251755Z  + idna==3.19
2026-09-15T10:22:19.1252069Z  + iniconfig==2.3.0
2026-09-15T10:22:19.1252414Z  + jsonschema==4.26.0
2026-09-15T10:22:19.1252849Z  + jsonschema-specifications==2025.9.1
2026-09-15T10:22:19.1253288Z  + librt==0.15.0
2026-09-15T10:22:19.1253621Z  + markdown-it-py==4.2.0
2026-09-15T10:22:19.1253984Z  + mdurl==0.1.2
2026-09-15T10:22:19.1254289Z  + mypy==2.3.1
2026-09-15T10:22:19.1254649Z  + mypy-extensions==1.1.0
2026-09-15T10:22:19.1255018Z  + packaging==26.3
2026-09-15T10:22:19.1255350Z  + pathspec==1.1.1
2026-09-15T10:22:19.1283710Z  + pluggy==1.6.0
2026-09-15T10:22:19.1291192Z  + pydantic==2.13.5
2026-09-15T10:22:19.1291615Z  + pydantic-core==2.46.5
2026-09-15T10:22:19.1292032Z  + pygments==2.21.0
2026-09-15T10:22:19.1292362Z  + pypdf==6.18.1
2026-09-15T10:22:19.1292701Z  + pytest==9.1.1
2026-09-15T10:22:19.1293024Z  + python-multipart==0.0.32
2026-09-15T10:22:19.1293385Z  + referencing==0.37.0
2026-09-15T10:22:19.1293733Z  + rpds-py==2026.6.3
2026-09-15T10:22:19.1294062Z  + ruff==0.16.7
2026-09-15T10:22:19.1294391Z  + starlette==1.6.0
2026-09-15T10:22:19.1294743Z  + typing-extensions==4.16.0
2026-09-15T10:22:19.1295037Z  + typing-inspection==0.4.4
2026-09-15T10:22:19.1295278Z  + uvicorn==0.53.0
2026-09-15T10:22:19.1335647Z ##[group]Run make verify-spec
2026-09-15T10:22:19.1335954Z [36;1mmake verify-spec[0m
2026-09-15T10:22:19.1377061Z shell: /usr/bin/bash -e {0}
2026-09-15T10:22:19.1377331Z env:
2026-09-15T10:22:19.1377614Z   pythonLocation: /opt/hostedtoolcache/Python/3.12.13/x64
2026-09-15T10:22:19.1378067Z   PKG_CONFIG_PATH: /opt/hostedtoolcache/Python/3.12.13/x64/lib/pkgconfig
2026-09-15T10:22:19.1378718Z   Python_ROOT_DIR: /opt/hostedtoolcache/Python/3.12.13/x64
2026-09-15T10:22:19.1379106Z   Python2_ROOT_DIR: /opt/hostedtoolcache/Python/3.12.13/x64
2026-09-15T10:22:19.1379480Z   Python3_ROOT_DIR: /opt/hostedtoolcache/Python/3.12.13/x64
2026-09-15T10:22:19.1380119Z   LD_LIBRARY_PATH: /opt/hostedtoolcache/Python/3.12.13/x64/lib
2026-09-15T10:22:19.1380456Z ##[endgroup]
2026-09-15T10:22:19.1467794Z uv run --frozen python scripts/verify_spec.py
2026-09-15T10:22:22.9393425Z {
2026-09-15T10:22:22.9393834Z   "embedded_files": 6,
2026-09-15T10:22:22.9394237Z   "generated_artifacts": 70,
2026-09-15T10:22:22.9394771Z   "learning_effectiveness": "NOT_RUN",
2026-09-15T10:22:22.9395170Z   "models": 54,
2026-09-15T10:22:22.9395473Z   "package_receipts": [
2026-09-15T10:22:22.9395783Z     {
2026-09-15T10:22:22.9396402Z       "archive_sha256": "9933ad962be34e42a29a3299e81c0f03249b584ba1574299672b76eb0242e7b6",
2026-09-15T10:22:22.9397099Z       "object_count": 9,
2026-09-15T10:22:22.9397431Z       "payload_count": 12,
2026-09-15T10:22:22.9397772Z       "profile": "author",
2026-09-15T10:22:22.9398172Z       "scope": "structure_and_integrity_only",
2026-09-15T10:22:22.9398582Z       "total_bytes": 6730
2026-09-15T10:22:22.9398891Z     },
2026-09-15T10:22:22.9399149Z     {
2026-09-15T10:22:22.9400094Z       "archive_sha256": "6d4ddb4c423521625d4686765e1f80f2b65e46ee874eca1bec118dc20a136479",
2026-09-15T10:22:22.9400826Z       "object_count": 9,
2026-09-15T10:22:22.9401149Z       "payload_count": 11,
2026-09-15T10:22:22.9401479Z       "profile": "learner",
2026-09-15T10:22:22.9401909Z       "scope": "structure_and_integrity_only",
2026-09-15T10:22:22.9402324Z       "total_bytes": 5179
2026-09-15T10:22:22.9402626Z     }
2026-09-15T10:22:22.9402873Z   ],
2026-09-15T10:22:22.9403180Z   "product_acceptance": "NOT_RUN",
2026-09-15T10:22:22.9403583Z   "publication": "NOT_CHECKED",
2026-09-15T10:22:22.9403958Z   "real_codex": "NOT_RUN",
2026-09-15T10:22:22.9404314Z   "real_provider": "NOT_RUN",
2026-09-15T10:22:22.9404660Z   "requirements": 38,
2026-09-15T10:22:22.9405137Z   "routes": 106,
2026-09-15T10:22:22.9405491Z   "scope": "M0_structural_baseline_only",
2026-09-15T10:22:22.9405921Z   "source": "PRODUCT_DESIGN.md",
2026-09-15T10:22:22.9406567Z   "spec_sha256": "a9ad5cd57913630ef5cdf4781ae5f9155d44c7a7d8169bfec8ae4811be6481c8",
2026-09-15T10:22:22.9407178Z   "spec_version": "3.0.3",
2026-09-15T10:22:22.9407547Z   "sql_tables_including_fts": 53,
2026-09-15T10:22:22.9407911Z   "status": "PASS",
2026-09-15T10:22:22.9408213Z   "target_scenarios": 33,
2026-09-15T10:22:22.9408540Z   "tasks": 27
2026-09-15T10:22:22.9408817Z }
2026-09-15T10:22:23.0721801Z ##[group]Run uv run --frozen pytest tests/contract tests/unit/test_spec_*.py
2026-09-15T10:22:23.0722348Z [36;1muv run --frozen pytest tests/contract tests/unit/test_spec_*.py[0m
2026-09-15T10:22:23.0762011Z shell: /usr/bin/bash -e {0}
2026-09-15T10:22:23.0762278Z env:
2026-09-15T10:22:23.0762555Z   pythonLocation: /opt/hostedtoolcache/Python/3.12.13/x64
2026-09-15T10:22:23.0763018Z   PKG_CONFIG_PATH: /opt/hostedtoolcache/Python/3.12.13/x64/lib/pkgconfig
2026-09-15T10:22:23.0763436Z   Python_ROOT_DIR: /opt/hostedtoolcache/Python/3.12.13/x64
2026-09-15T10:22:23.0763821Z   Python2_ROOT_DIR: /opt/hostedtoolcache/Python/3.12.13/x64
2026-09-15T10:22:23.0764195Z   Python3_ROOT_DIR: /opt/hostedtoolcache/Python/3.12.13/x64
2026-09-15T10:22:23.0764561Z   LD_LIBRARY_PATH: /opt/hostedtoolcache/Python/3.12.13/x64/lib
2026-09-15T10:22:23.0764883Z ##[endgroup]
2026-09-15T10:22:26.4155039Z ============================= test session starts ==============================
2026-09-15T10:22:26.4155715Z platform linux -- Python 3.12.13, pytest-9.1.1, pluggy-1.6.0
2026-09-15T10:22:26.4156247Z rootdir: <github-runner-home>/work/Learning_Workbench/Learning_Workbench
2026-09-15T10:22:26.4156640Z configfile: pyproject.toml
2026-09-15T10:22:26.4156910Z plugins: anyio-4.15.1
2026-09-15T10:22:26.4157154Z collected 456 items
2026-09-15T10:22:26.4157636Z 
2026-09-15T10:23:18.8426047Z tests/contract/test_api_projection.py .................................. [  7%]
2026-09-15T10:24:25.1916858Z ..........................................                               [ 16%]
2026-09-15T10:24:25.3389010Z tests/contract/test_generated_transport.py ...............               [ 19%]
2026-09-15T10:24:25.6715216Z tests/contract/test_generated_upload.py ..                               [ 20%]
2026-09-15T10:24:25.9918047Z tests/contract/test_models.py ............................               [ 26%]
2026-09-15T10:24:26.0028794Z tests/contract/test_optional_patch.py .                                  [ 26%]
2026-09-15T10:24:26.1787899Z tests/contract/test_package_integrity.py ........................        [ 32%]
2026-09-15T10:24:26.2806332Z tests/contract/test_practice_public_projection.py ...................... [ 36%]
2026-09-15T10:24:36.6972519Z .............                                                            [ 39%]
2026-09-15T10:24:37.3910794Z tests/contract/test_provider_binding.py .........................        [ 45%]
2026-09-15T10:24:37.9554587Z tests/contract/test_provider_dto.py .................................... [ 53%]
2026-09-15T10:24:38.1922963Z ........................................................................ [ 68%]
2026-09-15T10:24:38.1929333Z                                                                          [ 68%]
2026-09-15T10:24:38.3936273Z tests/contract/test_recommendation_binding.py ........                   [ 70%]
2026-09-15T10:24:38.4175639Z tests/contract/test_recommendation_dto.py .............................. [ 77%]
2026-09-15T10:24:38.5734712Z ........................                                                 [ 82%]
2026-09-15T10:24:38.5934715Z tests/contract/test_retrieval_dto.py ............................        [ 88%]
2026-09-15T10:25:03.7899353Z tests/contract/test_retrieval_generation.py ...................          [ 92%]
2026-09-15T10:25:13.6197123Z tests/contract/test_retrieval_http.py ....................               [ 97%]
2026-09-15T10:25:14.9251334Z tests/unit/test_spec_catalog.py ....                                     [ 98%]
2026-09-15T10:25:15.1027680Z tests/unit/test_spec_extraction.py .........                             [100%]
2026-09-15T10:25:15.1028192Z 
2026-09-15T10:25:15.1028525Z =============================== warnings summary ===============================
2026-09-15T10:25:15.1029109Z .venv/lib/python3.12/site-packages/fastapi/testclient.py:1
2026-09-15T10:25:15.1031437Z   <github-runner-home>/work/Learning_Workbench/Learning_Workbench/.venv/lib/python3.12/site-packages/fastapi/testclient.py:1: StarletteDeprecationWarning: Using `httpx` with `starlette.testclient` is deprecated; install `httpx2` instead.
2026-09-15T10:25:15.1033203Z     from starlette.testclient import TestClient as TestClient  # noqa
2026-09-15T10:25:15.1033644Z 
2026-09-15T10:25:15.1033890Z .venv/lib/python3.12/site-packages/starlette/testclient.py:53
2026-09-15T10:25:15.1035027Z   <github-runner-home>/work/Learning_Workbench/Learning_Workbench/.venv/lib/python3.12/site-packages/starlette/testclient.py:53: DeprecationWarning: The anyio.abc.BlockingPortal alias is deprecated, use anyio.from_thread.BlockingPortal instead.
2026-09-15T10:25:15.1036159Z     _PortalFactoryType = Callable[[], AbstractContextManager[anyio.abc.BlockingPortal]]
2026-09-15T10:25:15.1036511Z 
2026-09-15T10:25:15.1036807Z -- Docs: https://docs.pytest.org/en/stable/how-to/capture-warnings.html
2026-09-15T10:25:15.1037422Z ================= 456 passed, 2 warnings in 171.03s (0:02:51) ==================
2026-09-15T10:25:15.3716510Z Post job cleanup.
2026-09-15T10:25:15.5018569Z Post job cleanup.
2026-09-15T10:25:15.6513359Z Post job cleanup.
2026-09-15T10:25:15.7415549Z [command]/usr/bin/git version
2026-09-15T10:25:15.7468354Z git version 2.55.0
2026-09-15T10:25:15.7504339Z Temporarily overriding HOME='<github-runner-home>/work/_temp/6dedf096-8a43-43f5-be1f-9da3d6b252c3' before making global git config changes
2026-09-15T10:25:15.7505836Z Adding repository directory to the temporary git global config as a safe directory
2026-09-15T10:25:15.7508265Z [command]/usr/bin/git config --global --add safe.directory <github-runner-home>/work/Learning_Workbench/Learning_Workbench
2026-09-15T10:25:15.7542072Z Removing SSH command configuration
2026-09-15T10:25:15.7547635Z [command]/usr/bin/git config --local --name-only --get-regexp core\.sshCommand
2026-09-15T10:25:15.7587280Z [command]/usr/bin/git submodule foreach --recursive sh -c "git config --local --name-only --get-regexp 'core\.sshCommand' && git config --local --unset-all 'core.sshCommand' || :"
2026-09-15T10:25:15.7870685Z Removing HTTP extra header
2026-09-15T10:25:15.7872202Z [command]/usr/bin/git config --local --name-only --get-regexp http\.https\:\/\/github\.com\/\.extraheader
2026-09-15T10:25:15.7912557Z [command]/usr/bin/git submodule foreach --recursive sh -c "git config --local --name-only --get-regexp 'http\.https\:\/\/github\.com\/\.extraheader' && git config --local --unset-all 'http.https://github.com/.extraheader' || :"
2026-09-15T10:25:15.8202938Z Removing includeIf entries pointing to credentials config files
2026-09-15T10:25:15.8211766Z [command]/usr/bin/git config --local --name-only --get-regexp ^includeIf\.gitdir:
2026-09-15T10:25:15.8248765Z includeif.gitdir:<github-runner-home>/work/Learning_Workbench/Learning_Workbench/.git.path
2026-09-15T10:25:15.8249991Z includeif.gitdir:<github-runner-home>/work/Learning_Workbench/Learning_Workbench/.git/worktrees/*.path
2026-09-15T10:25:15.8250785Z includeif.gitdir:/github/workspace/.git.path
2026-09-15T10:25:15.8251514Z includeif.gitdir:/github/workspace/.git/worktrees/*.path
2026-09-15T10:25:15.8258713Z [command]/usr/bin/git config --local --get-all includeif.gitdir:<github-runner-home>/work/Learning_Workbench/Learning_Workbench/.git.path
2026-09-15T10:25:15.8287674Z <github-runner-home>/work/_temp/git-credentials-89c6c7bc-6f4d-4e37-ab05-42df2c2160a2.config
2026-09-15T10:25:15.8300048Z [command]/usr/bin/git config --local --unset includeif.gitdir:<github-runner-home>/work/Learning_Workbench/Learning_Workbench/.git.path \/home\/runner\/work\/_temp\/git\-credentials\-89c6c7bc\-6f4d\-4e37\-ab05\-42df2c2160a2\.config
2026-09-15T10:25:15.8341621Z [command]/usr/bin/git config --local --get-all includeif.gitdir:<github-runner-home>/work/Learning_Workbench/Learning_Workbench/.git/worktrees/*.path
2026-09-15T10:25:15.8371362Z <github-runner-home>/work/_temp/git-credentials-89c6c7bc-6f4d-4e37-ab05-42df2c2160a2.config
2026-09-15T10:25:15.8390565Z [command]/usr/bin/git config --local --unset includeif.gitdir:<github-runner-home>/work/Learning_Workbench/Learning_Workbench/.git/worktrees/*.path \/home\/runner\/work\/_temp\/git\-credentials\-89c6c7bc\-6f4d\-4e37\-ab05\-42df2c2160a2\.config
2026-09-15T10:25:15.8441765Z [command]/usr/bin/git config --local --get-all includeif.gitdir:/github/workspace/.git.path
2026-09-15T10:25:15.8471188Z /github/runner_temp/git-credentials-89c6c7bc-6f4d-4e37-ab05-42df2c2160a2.config
2026-09-15T10:25:15.8479610Z [command]/usr/bin/git config --local --unset includeif.gitdir:/github/workspace/.git.path \/github\/runner_temp\/git\-credentials\-89c6c7bc\-6f4d\-4e37\-ab05\-42df2c2160a2\.config
2026-09-15T10:25:15.8519394Z [command]/usr/bin/git config --local --get-all includeif.gitdir:/github/workspace/.git/worktrees/*.path
2026-09-15T10:25:15.8550595Z /github/runner_temp/git-credentials-89c6c7bc-6f4d-4e37-ab05-42df2c2160a2.config
2026-09-15T10:25:15.8558489Z [command]/usr/bin/git config --local --unset includeif.gitdir:/github/workspace/.git/worktrees/*.path \/github\/runner_temp\/git\-credentials\-89c6c7bc\-6f4d\-4e37\-ab05\-42df2c2160a2\.config
2026-09-15T10:25:15.8601599Z [command]/usr/bin/git submodule foreach --recursive git config --local --show-origin --name-only --get-regexp remote.origin.url
2026-09-15T10:25:15.8873949Z Removing credentials config '<github-runner-home>/work/_temp/git-credentials-89c6c7bc-6f4d-4e37-ab05-42df2c2160a2.config'
2026-09-15T10:25:15.9044907Z Cleaning up orphan processes
