2026-09-15T10:24:06.7752056Z Current runner version: '2.337.0'
2026-09-15T10:24:06.7778293Z ##[group]Runner Image Provisioner
2026-09-15T10:24:06.7779352Z Hosted Compute Agent
2026-09-15T10:24:06.7779999Z Version: 20260828.587
2026-09-15T10:24:06.7780678Z Commit: abac92662cab4cc7352de4f9f9d2e2419aad9c29
2026-09-15T10:24:06.7781594Z Build Date: 2026-08-28T16:44:25Z
2026-09-15T10:24:06.7782364Z Worker ID: {4f4f7798-1d67-4102-8e53-a8ba29b899c5}
2026-09-15T10:24:06.7783179Z Azure Region: westus
2026-09-15T10:24:06.7783790Z ##[endgroup]
2026-09-15T10:24:06.7785597Z ##[group]Operating System
2026-09-15T10:24:06.7786474Z Ubuntu
2026-09-15T10:24:06.7787340Z 26.04.1
2026-09-15T10:24:06.7787948Z LTS
2026-09-15T10:24:06.7788521Z ##[endgroup]
2026-09-15T10:24:06.7789097Z ##[group]Runner Image
2026-09-15T10:24:06.7789821Z Image: ubuntu-26.04
2026-09-15T10:24:06.7790443Z Version: 20260907.131.1
2026-09-15T10:24:06.7791784Z Included Software: https://github.com/actions/runner-images/blob/ubuntu26/20260907.131/images/ubuntu/Ubuntu2604-Readme.md
2026-09-15T10:24:06.7793507Z Image Release: https://github.com/actions/runner-images/releases/tag/ubuntu26%2F20260907.131
2026-09-15T10:24:06.7794628Z ##[endgroup]
2026-09-15T10:24:06.7795744Z ##[group]GITHUB_TOKEN Permissions
2026-09-15T10:24:06.7798645Z Contents: read
2026-09-15T10:24:06.7799346Z Metadata: read
2026-09-15T10:24:06.7800063Z ##[endgroup]
2026-09-15T10:24:06.7802467Z Secret source: Actions
2026-09-15T10:24:06.7803578Z Cache mode: write
2026-09-15T10:24:06.7804316Z Prepare workflow directory
2026-09-15T10:24:06.8160152Z Prepare all required actions
2026-09-15T10:24:06.8212747Z Getting action download info
2026-09-15T10:24:07.2164871Z Download action repository 'actions/checkout@3d3c42e5aac5ba805825da76410c181273ba90b1' (SHA:3d3c42e5aac5ba805825da76410c181273ba90b1)
2026-09-15T10:24:07.3062223Z Download action repository 'actions/setup-python@5fda3b95a4ea91299a34e894583c3862153e4b97' (SHA:5fda3b95a4ea91299a34e894583c3862153e4b97)
2026-09-15T10:24:07.3683797Z Download action repository 'actions/setup-node@820762786026740c76f36085b0efc47a31fe5020' (SHA:820762786026740c76f36085b0efc47a31fe5020)
2026-09-15T10:24:07.5459943Z Complete job name: browser
2026-09-15T10:24:07.6259947Z ##[group]Run actions/checkout@3d3c42e5aac5ba805825da76410c181273ba90b1
2026-09-15T10:24:07.6261262Z with:
2026-09-15T10:24:07.6261740Z   repository: kl3574/Learning_Workbench
2026-09-15T10:24:07.6266115Z   token: ***
2026-09-15T10:24:07.6266553Z   ssh-strict: true
2026-09-15T10:24:07.6267220Z   ssh-user: git
2026-09-15T10:24:07.6267677Z   persist-credentials: true
2026-09-15T10:24:07.6268177Z   clean: true
2026-09-15T10:24:07.6268625Z   sparse-checkout-cone-mode: true
2026-09-15T10:24:07.6269159Z   fetch-depth: 1
2026-09-15T10:24:07.6269596Z   fetch-tags: false
2026-09-15T10:24:07.6270042Z   show-progress: true
2026-09-15T10:24:07.6270495Z   lfs: false
2026-09-15T10:24:07.6270905Z   submodules: false
2026-09-15T10:24:07.6271359Z   set-safe-directory: true
2026-09-15T10:24:07.6271869Z   allow-unsafe-pr-checkout: false
2026-09-15T10:24:07.6272763Z ##[endgroup]
2026-09-15T10:24:07.7304332Z Syncing repository: kl3574/Learning_Workbench
2026-09-15T10:24:07.7307959Z ##[group]Getting Git version info
2026-09-15T10:24:07.7309470Z Working directory is '<github-runner-home>/work/Learning_Workbench/Learning_Workbench'
2026-09-15T10:24:07.7311611Z [command]/usr/bin/git version
2026-09-15T10:24:07.7313000Z git version 2.55.0
2026-09-15T10:24:07.7336939Z ##[endgroup]
2026-09-15T10:24:07.7349628Z Temporarily overriding HOME='<github-runner-home>/work/_temp/b9bc5530-747f-4036-b2c1-515a47edfd4d' before making global git config changes
2026-09-15T10:24:07.7352161Z Adding repository directory to the temporary git global config as a safe directory
2026-09-15T10:24:07.7354961Z [command]/usr/bin/git config --global --add safe.directory <github-runner-home>/work/Learning_Workbench/Learning_Workbench
2026-09-15T10:24:07.7428294Z Deleting the contents of '<github-runner-home>/work/Learning_Workbench/Learning_Workbench'
2026-09-15T10:24:07.7458348Z ##[group]Determining repository object format
2026-09-15T10:24:07.7460209Z ##[endgroup]
2026-09-15T10:24:07.7461403Z ##[group]Initializing the repository
2026-09-15T10:24:07.7462759Z [command]/usr/bin/git init <github-runner-home>/work/Learning_Workbench/Learning_Workbench
2026-09-15T10:24:07.7554928Z hint: Using 'master' as the name for the initial branch. This default branch name
2026-09-15T10:24:07.7557621Z hint: will change to "main" in Git 3.0. To configure the initial branch name
2026-09-15T10:24:07.7560485Z hint: to use in all of your new repositories, which will suppress this warning,
2026-09-15T10:24:07.7562652Z hint: call:
2026-09-15T10:24:07.7563915Z hint:
2026-09-15T10:24:07.7565038Z hint: 	git config --global init.defaultBranch <name>
2026-09-15T10:24:07.7566322Z hint:
2026-09-15T10:24:07.7567950Z hint: Names commonly chosen instead of 'master' are 'main', 'trunk' and
2026-09-15T10:24:07.7569899Z hint: 'development'. The just-created branch can be renamed via this command:
2026-09-15T10:24:07.7571222Z hint:
2026-09-15T10:24:07.7572157Z hint: 	git branch -m <name>
2026-09-15T10:24:07.7573096Z hint:
2026-09-15T10:24:07.7573837Z hint: Disable this message with "git config set advice.defaultBranchName false"
2026-09-15T10:24:07.7575119Z Initialized empty Git repository in <github-runner-home>/work/Learning_Workbench/Learning_Workbench/.git/
2026-09-15T10:24:07.7579926Z [command]/usr/bin/git remote add origin https://github.com/kl3574/Learning_Workbench
2026-09-15T10:24:07.7633243Z ##[endgroup]
2026-09-15T10:24:07.7634667Z ##[group]Disabling automatic garbage collection
2026-09-15T10:24:07.7637739Z [command]/usr/bin/git config --local gc.auto 0
2026-09-15T10:24:07.7680195Z ##[endgroup]
2026-09-15T10:24:07.7681536Z ##[group]Setting up auth
2026-09-15T10:24:07.7682710Z Removing SSH command configuration
2026-09-15T10:24:07.7688495Z [command]/usr/bin/git config --local --name-only --get-regexp core\.sshCommand
2026-09-15T10:24:07.7727970Z [command]/usr/bin/git submodule foreach --recursive sh -c "git config --local --name-only --get-regexp 'core\.sshCommand' && git config --local --unset-all 'core.sshCommand' || :"
2026-09-15T10:24:07.8179799Z Removing HTTP extra header
2026-09-15T10:24:07.8187326Z [command]/usr/bin/git config --local --name-only --get-regexp http\.https\:\/\/github\.com\/\.extraheader
2026-09-15T10:24:07.8228119Z [command]/usr/bin/git submodule foreach --recursive sh -c "git config --local --name-only --get-regexp 'http\.https\:\/\/github\.com\/\.extraheader' && git config --local --unset-all 'http.https://github.com/.extraheader' || :"
2026-09-15T10:24:07.8539221Z Removing includeIf entries pointing to credentials config files
2026-09-15T10:24:07.8546024Z [command]/usr/bin/git config --local --name-only --get-regexp ^includeIf\.gitdir:
2026-09-15T10:24:07.8585178Z [command]/usr/bin/git submodule foreach --recursive git config --local --show-origin --name-only --get-regexp remote.origin.url
2026-09-15T10:24:07.8880566Z [command]/usr/bin/git config --file <github-runner-home>/work/_temp/git-credentials-7e291c8a-bf50-4416-9feb-1a8761186c15.config http.https://github.com/.extraheader AUTHORIZATION: basic ***
2026-09-15T10:24:07.8928702Z [command]/usr/bin/git config --local includeIf.gitdir:<github-runner-home>/work/Learning_Workbench/Learning_Workbench/.git.path <github-runner-home>/work/_temp/git-credentials-7e291c8a-bf50-4416-9feb-1a8761186c15.config
2026-09-15T10:24:07.8966062Z [command]/usr/bin/git config --local includeIf.gitdir:<github-runner-home>/work/Learning_Workbench/Learning_Workbench/.git/worktrees/*.path <github-runner-home>/work/_temp/git-credentials-7e291c8a-bf50-4416-9feb-1a8761186c15.config
2026-09-15T10:24:07.9038032Z [command]/usr/bin/git config --local includeIf.gitdir:/github/workspace/.git.path /github/runner_temp/git-credentials-7e291c8a-bf50-4416-9feb-1a8761186c15.config
2026-09-15T10:24:07.9073402Z [command]/usr/bin/git config --local includeIf.gitdir:/github/workspace/.git/worktrees/*.path /github/runner_temp/git-credentials-7e291c8a-bf50-4416-9feb-1a8761186c15.config
2026-09-15T10:24:07.9103543Z ##[endgroup]
2026-09-15T10:24:07.9104938Z ##[group]Fetching the repository
2026-09-15T10:24:07.9112046Z [command]/usr/bin/git -c protocol.version=2 fetch --no-tags --prune --no-recurse-submodules --depth=1 origin +b945694a2f871552cb82ca2e3df4f3dfdfe4b8bb:refs/remotes/pull/50/merge
2026-09-15T10:24:09.7785809Z From https://github.com/kl3574/Learning_Workbench
2026-09-15T10:24:09.7788811Z  * [new ref]         b945694a2f871552cb82ca2e3df4f3dfdfe4b8bb -> pull/50/merge
2026-09-15T10:24:09.7794197Z ##[endgroup]
2026-09-15T10:24:09.7796219Z ##[group]Determining the checkout info
2026-09-15T10:24:09.7798999Z ##[endgroup]
2026-09-15T10:24:09.7800622Z [command]/usr/bin/git sparse-checkout disable
2026-09-15T10:24:09.7892405Z [command]/usr/bin/git config --local --unset-all extensions.worktreeConfig
2026-09-15T10:24:09.7897707Z ##[group]Checking out the ref
2026-09-15T10:24:09.7908536Z [command]/usr/bin/git checkout --progress --force refs/remotes/pull/50/merge
2026-09-15T10:24:10.2603380Z Note: switching to 'refs/remotes/pull/50/merge'.
2026-09-15T10:24:10.2604534Z 
2026-09-15T10:24:10.2605352Z You are in 'detached HEAD' state. You can look around, make experimental
2026-09-15T10:24:10.2608157Z changes and commit them, and you can discard any commits you make in this
2026-09-15T10:24:10.2610613Z state without impacting any branches by switching back to a branch.
2026-09-15T10:24:10.2611750Z 
2026-09-15T10:24:10.2612813Z If you want to create a new branch to retain commits you create, you may
2026-09-15T10:24:10.2614736Z do so (now or later) by using -c with the switch command. Example:
2026-09-15T10:24:10.2615606Z 
2026-09-15T10:24:10.2615994Z   git switch -c <new-branch-name>
2026-09-15T10:24:10.2616615Z 
2026-09-15T10:24:10.2617365Z Or undo this operation with:
2026-09-15T10:24:10.2617974Z 
2026-09-15T10:24:10.2618316Z   git switch -
2026-09-15T10:24:10.2618794Z 
2026-09-15T10:24:10.2628090Z Turn off this advice by setting config variable advice.detachedHead to false
2026-09-15T10:24:10.2630144Z 
2026-09-15T10:24:10.2632271Z HEAD is now at b945694 Merge 3dd75f01966bb5dcf0b9ea0855e6b82ce335d814 into f0b4ce2e39a3bc374751379051553108ad6a57ed
2026-09-15T10:24:10.2639390Z ##[endgroup]
2026-09-15T10:24:10.2690578Z [command]/usr/bin/git log -1 --format=%H
2026-09-15T10:24:10.2718714Z b945694a2f871552cb82ca2e3df4f3dfdfe4b8bb
2026-09-15T10:24:10.3135797Z ##[group]Run actions/setup-python@5fda3b95a4ea91299a34e894583c3862153e4b97
2026-09-15T10:24:10.3137858Z with:
2026-09-15T10:24:10.3138792Z   python-version: 3.12.13
2026-09-15T10:24:10.3139876Z   check-latest: false
2026-09-15T10:24:10.3150819Z   token: ***
2026-09-15T10:24:10.3151795Z   update-environment: true
2026-09-15T10:24:10.3152916Z   allow-prereleases: false
2026-09-15T10:24:10.3154037Z   freethreaded: false
2026-09-15T10:24:10.3155054Z ##[endgroup]
2026-09-15T10:24:10.4462246Z ##[group]Installed versions
2026-09-15T10:24:10.4477999Z Version 3.12.13 was not found in the local cache
2026-09-15T10:24:11.2057473Z Version 3.12.13 is available for downloading
2026-09-15T10:24:11.2060693Z Download from "https://github.com/actions/python-versions/releases/download/3.12.13-27650778726/python-3.12.13-linux-26.04-x64.tar.gz"
2026-09-15T10:24:12.5687927Z Extract downloaded archive
2026-09-15T10:24:12.5837021Z [command]/usr/bin/tar xz --warning=no-unknown-keyword --overwrite -C <github-runner-home>/work/_temp/174b4aeb-c977-49b1-8449-2b592fcec06c -f <github-runner-home>/work/_temp/7fc805f6-cac1-4c7d-aefa-3d770cb0ccc0
2026-09-15T10:24:13.7858167Z Execute installation script
2026-09-15T10:24:13.8001369Z Check if Python hostedtoolcache folder exist...
2026-09-15T10:24:13.8009104Z Create Python 3.12.13 folder
2026-09-15T10:24:13.8034670Z Copy Python binaries to hostedtoolcache folder
2026-09-15T10:24:14.2752002Z Create additional symlinks (Required for the UsePythonVersion Azure Pipelines task and the setup-python GitHub Action)
2026-09-15T10:24:14.2858838Z Upgrading pip...
2026-09-15T10:24:15.9441344Z Collecting pip
2026-09-15T10:24:15.9782172Z Downloading pip-26.2.1-py3-none-any.whl.metadata (4.6 kB)
2026-09-15T10:24:15.9849227Z Downloading pip-26.2.1-py3-none-any.whl (1.8 MB)
2026-09-15T10:24:16.0055470Z ━━━━━━━━━━━━━━━━━━━━━━━━━━━━━━━━━━━━━━━━ 1.8/1.8 MB 123.2 MB/s eta 0:00:00
2026-09-15T10:24:16.0078283Z 
2026-09-15T10:24:16.0246468Z Installing collected packages: pip
2026-09-15T10:24:16.0249088Z Attempting uninstall: pip
2026-09-15T10:24:16.0270549Z Found existing installation: pip 25.0.1
2026-09-15T10:24:16.0620623Z Uninstalling pip-25.0.1:
2026-09-15T10:24:16.0679853Z Successfully uninstalled pip-25.0.1
2026-09-15T10:24:16.9433888Z Successfully installed pip-26.2.1
2026-09-15T10:24:16.9963805Z Create complete file
2026-09-15T10:24:17.0021062Z Successfully set up CPython (3.12.13)
2026-09-15T10:24:17.0022052Z ##[endgroup]
2026-09-15T10:24:17.0236391Z ##[group]Run actions/setup-node@820762786026740c76f36085b0efc47a31fe5020
2026-09-15T10:24:17.0237143Z with:
2026-09-15T10:24:17.0237371Z   node-version: 24.21.0
2026-09-15T10:24:17.0237603Z   check-latest: false
2026-09-15T10:24:17.0240254Z   token: ***
2026-09-15T10:24:17.0240496Z   package-manager-cache: true
2026-09-15T10:24:17.0240746Z env:
2026-09-15T10:24:17.0241063Z   pythonLocation: /opt/hostedtoolcache/Python/3.12.13/x64
2026-09-15T10:24:17.0241525Z   PKG_CONFIG_PATH: /opt/hostedtoolcache/Python/3.12.13/x64/lib/pkgconfig
2026-09-15T10:24:17.0241971Z   Python_ROOT_DIR: /opt/hostedtoolcache/Python/3.12.13/x64
2026-09-15T10:24:17.0242351Z   Python2_ROOT_DIR: /opt/hostedtoolcache/Python/3.12.13/x64
2026-09-15T10:24:17.0242726Z   Python3_ROOT_DIR: /opt/hostedtoolcache/Python/3.12.13/x64
2026-09-15T10:24:17.0243110Z   LD_LIBRARY_PATH: /opt/hostedtoolcache/Python/3.12.13/x64/lib
2026-09-15T10:24:17.0243432Z ##[endgroup]
2026-09-15T10:24:17.1583236Z Attempting to download 24.21.0...
2026-09-15T10:24:17.7530246Z Acquiring 24.21.0 - x64 from https://github.com/actions/node-versions/releases/download/24.21.0-34304089047/node-24.21.0-linux-x64.tar.gz
2026-09-15T10:24:18.2884710Z Extracting ...
2026-09-15T10:24:18.3013840Z [command]/usr/bin/tar xz --strip 1 --warning=no-unknown-keyword --overwrite -C <github-runner-home>/work/_temp/82260220-a408-4236-a03b-ddbec0b0517c -f <github-runner-home>/work/_temp/581b7edb-f825-48cd-a784-6dba82a9abbf
2026-09-15T10:24:19.0721920Z Adding to the cache ...
2026-09-15T10:24:20.8384636Z ##[group]Environment details
2026-09-15T10:24:21.0762169Z node: v24.21.0
2026-09-15T10:24:21.0762627Z npm: 11.19.0
2026-09-15T10:24:21.0762883Z yarn: 1.22.22
2026-09-15T10:24:21.0763460Z ##[endgroup]
2026-09-15T10:24:21.0942427Z ##[group]Run python -m pip install uv==0.11.21
2026-09-15T10:24:21.0942903Z [36;1mpython -m pip install uv==0.11.21[0m
2026-09-15T10:24:21.1113589Z shell: /usr/bin/bash -e {0}
2026-09-15T10:24:21.1114033Z env:
2026-09-15T10:24:21.1114498Z   pythonLocation: /opt/hostedtoolcache/Python/3.12.13/x64
2026-09-15T10:24:21.1115302Z   PKG_CONFIG_PATH: /opt/hostedtoolcache/Python/3.12.13/x64/lib/pkgconfig
2026-09-15T10:24:21.1116090Z   Python_ROOT_DIR: /opt/hostedtoolcache/Python/3.12.13/x64
2026-09-15T10:24:21.1117021Z   Python2_ROOT_DIR: /opt/hostedtoolcache/Python/3.12.13/x64
2026-09-15T10:24:21.1117743Z   Python3_ROOT_DIR: /opt/hostedtoolcache/Python/3.12.13/x64
2026-09-15T10:24:21.1118483Z   LD_LIBRARY_PATH: /opt/hostedtoolcache/Python/3.12.13/x64/lib
2026-09-15T10:24:21.1119072Z ##[endgroup]
2026-09-15T10:24:21.7470295Z Collecting uv==0.11.21
2026-09-15T10:24:21.7686614Z   Downloading uv-0.11.21-py3-none-manylinux_2_17_x86_64.manylinux2014_x86_64.whl.metadata (11 kB)
2026-09-15T10:24:21.7769800Z Downloading uv-0.11.21-py3-none-manylinux_2_17_x86_64.manylinux2014_x86_64.whl (25.1 MB)
2026-09-15T10:24:21.9666244Z    ━━━━━━━━━━━━━━━━━━━━━━━━━━━━━━━━━━━━━━━━ 25.1/25.1 MB 142.4 MB/s  0:00:00
2026-09-15T10:24:22.0117467Z Installing collected packages: uv
2026-09-15T10:24:22.2760113Z Successfully installed uv-0.11.21
2026-09-15T10:24:22.3301515Z ##[group]Run uv sync --frozen
2026-09-15T10:24:22.3301889Z [36;1muv sync --frozen[0m
2026-09-15T10:24:22.3361039Z shell: /usr/bin/bash -e {0}
2026-09-15T10:24:22.3361338Z env:
2026-09-15T10:24:22.3361692Z   pythonLocation: /opt/hostedtoolcache/Python/3.12.13/x64
2026-09-15T10:24:22.3362269Z   PKG_CONFIG_PATH: /opt/hostedtoolcache/Python/3.12.13/x64/lib/pkgconfig
2026-09-15T10:24:22.3363006Z   Python_ROOT_DIR: /opt/hostedtoolcache/Python/3.12.13/x64
2026-09-15T10:24:22.3363508Z   Python2_ROOT_DIR: /opt/hostedtoolcache/Python/3.12.13/x64
2026-09-15T10:24:22.3364012Z   Python3_ROOT_DIR: /opt/hostedtoolcache/Python/3.12.13/x64
2026-09-15T10:24:22.3364524Z   LD_LIBRARY_PATH: /opt/hostedtoolcache/Python/3.12.13/x64/lib
2026-09-15T10:24:22.3364949Z ##[endgroup]
2026-09-15T10:24:22.3954551Z Using CPython 3.12.13 interpreter at: /opt/hostedtoolcache/Python/3.12.13/x64/bin/python3.12
2026-09-15T10:24:22.3955342Z Creating virtual environment at: .venv
2026-09-15T10:24:22.4744407Z Downloading ast-serialize (1.3MiB)
2026-09-15T10:24:22.4745449Z Downloading ruff (9.9MiB)
2026-09-15T10:24:22.4749537Z Downloading mypy (14.6MiB)
2026-09-15T10:24:22.4751172Z Downloading pygments (1.2MiB)
2026-09-15T10:24:22.4752919Z Downloading pydantic-core (2.0MiB)
2026-09-15T10:24:22.7368705Z  Downloaded ast-serialize
2026-09-15T10:24:22.7705527Z  Downloaded pydantic-core
2026-09-15T10:24:22.7933077Z  Downloaded ruff
2026-09-15T10:24:22.8681310Z  Downloaded pygments
2026-09-15T10:24:23.0222312Z  Downloaded mypy
2026-09-15T10:24:23.0226343Z Prepared 37 packages in 624ms
2026-09-15T10:24:23.0746469Z Installed 37 packages in 51ms
2026-09-15T10:24:23.0747818Z  + annotated-doc==0.0.5
2026-09-15T10:24:23.0748595Z  + annotated-types==0.8.0
2026-09-15T10:24:23.0749368Z  + anyio==4.15.1
2026-09-15T10:24:23.0750107Z  + ast-serialize==0.11.2
2026-09-15T10:24:23.0750835Z  + attrs==26.1.0
2026-09-15T10:24:23.0751510Z  + certifi==2026.7.22
2026-09-15T10:24:23.0752204Z  + click==8.5.0
2026-09-15T10:24:23.0752918Z  + defusedxml==0.7.1
2026-09-15T10:24:23.0781198Z  + fastapi==0.141.1
2026-09-15T10:24:23.0781636Z  + h11==0.16.0
2026-09-15T10:24:23.0782019Z  + httpcore==1.0.9
2026-09-15T10:24:23.0782393Z  + httpx==0.28.1
2026-09-15T10:24:23.0782748Z  + idna==3.19
2026-09-15T10:24:23.0783104Z  + iniconfig==2.3.0
2026-09-15T10:24:23.0783567Z  + jsonschema==4.26.0
2026-09-15T10:24:23.0784069Z  + jsonschema-specifications==2025.9.1
2026-09-15T10:24:23.0784555Z  + librt==0.15.0
2026-09-15T10:24:23.0784898Z  + markdown-it-py==4.2.0
2026-09-15T10:24:23.0785288Z  + mdurl==0.1.2
2026-09-15T10:24:23.0785652Z  + mypy==2.3.1
2026-09-15T10:24:23.0786031Z  + mypy-extensions==1.1.0
2026-09-15T10:24:23.0786464Z  + packaging==26.3
2026-09-15T10:24:23.0787112Z  + pathspec==1.1.1
2026-09-15T10:24:23.0787516Z  + pluggy==1.6.0
2026-09-15T10:24:23.0787906Z  + pydantic==2.13.5
2026-09-15T10:24:23.0788315Z  + pydantic-core==2.46.5
2026-09-15T10:24:23.0788747Z  + pygments==2.21.0
2026-09-15T10:24:23.0789158Z  + pypdf==6.18.1
2026-09-15T10:24:23.0789523Z  + pytest==9.1.1
2026-09-15T10:24:23.0789932Z  + python-multipart==0.0.32
2026-09-15T10:24:23.0790402Z  + referencing==0.37.0
2026-09-15T10:24:23.0790829Z  + rpds-py==2026.6.3
2026-09-15T10:24:23.0791238Z  + ruff==0.16.7
2026-09-15T10:24:23.0791635Z  + starlette==1.6.0
2026-09-15T10:24:23.0792058Z  + typing-extensions==4.16.0
2026-09-15T10:24:23.0792560Z  + typing-inspection==0.4.4
2026-09-15T10:24:23.0793008Z  + uvicorn==0.53.0
2026-09-15T10:24:23.0874111Z ##[group]Run sudo apt-get update
2026-09-15T10:24:23.0874509Z [36;1msudo apt-get update[0m
2026-09-15T10:24:23.0875280Z [36;1msudo apt-get install -y bubblewrap=0.11.1-1ubuntu0.1 apparmor=5.0.2-0ubuntu1~26.04.1 libapparmor1=5.0.2-0ubuntu1~26.04.1 libseccomp2=2.6.0-2ubuntu5[0m
2026-09-15T10:24:23.0876202Z [36;1mdpkg-query -W bubblewrap apparmor libapparmor1 libseccomp2[0m
2026-09-15T10:24:23.0876662Z [36;1mtest -f /etc/apparmor.d/bwrap-userns-restrict[0m
2026-09-15T10:24:23.0877393Z [36;1mbwrap --version[0m
2026-09-15T10:24:23.0935715Z shell: /usr/bin/bash -e {0}
2026-09-15T10:24:23.0936029Z env:
2026-09-15T10:24:23.0936369Z   pythonLocation: /opt/hostedtoolcache/Python/3.12.13/x64
2026-09-15T10:24:23.0937263Z   PKG_CONFIG_PATH: /opt/hostedtoolcache/Python/3.12.13/x64/lib/pkgconfig
2026-09-15T10:24:23.0937837Z   Python_ROOT_DIR: /opt/hostedtoolcache/Python/3.12.13/x64
2026-09-15T10:24:23.0938521Z   Python2_ROOT_DIR: /opt/hostedtoolcache/Python/3.12.13/x64
2026-09-15T10:24:23.0939068Z   Python3_ROOT_DIR: /opt/hostedtoolcache/Python/3.12.13/x64
2026-09-15T10:24:23.0939578Z   LD_LIBRARY_PATH: /opt/hostedtoolcache/Python/3.12.13/x64/lib
2026-09-15T10:24:23.0940002Z ##[endgroup]
2026-09-15T10:24:23.1938363Z Get:1 file:/etc/apt/apt-mirrors.txt Mirrorlist [144 B]
2026-09-15T10:24:23.2308247Z Hit:2 http://azure.archive.ubuntu.com/ubuntu resolute InRelease
2026-09-15T10:24:23.2359087Z Get:6 https://packages.microsoft.com/ubuntu/26.04/prod resolute InRelease [3964 B]
2026-09-15T10:24:23.2364639Z Get:3 http://azure.archive.ubuntu.com/ubuntu resolute-updates InRelease [137 kB]
2026-09-15T10:24:23.2383022Z Get:4 http://azure.archive.ubuntu.com/ubuntu resolute-backports InRelease [137 kB]
2026-09-15T10:24:23.2408924Z Get:5 http://azure.archive.ubuntu.com/ubuntu resolute-security InRelease [137 kB]
2026-09-15T10:24:23.2488488Z Get:7 https://dl.google.com/linux/chrome-stable/deb stable InRelease [2548 B]
2026-09-15T10:24:23.2683490Z Get:8 https://packages.microsoft.com/ubuntu/26.04/prod resolute/main amd64 Packages [59.9 kB]
2026-09-15T10:24:23.2875127Z Get:9 http://azure.archive.ubuntu.com/ubuntu resolute-updates/main amd64v3 Packages [610 kB]
2026-09-15T10:24:23.2905313Z Get:19 https://packages.microsoft.com/ubuntu/26.04/prod resolute/main arm64 Packages [52.1 kB]
2026-09-15T10:24:23.2925334Z Get:10 http://azure.archive.ubuntu.com/ubuntu resolute-updates/main Translation-en [145 kB]
2026-09-15T10:24:23.2941777Z Get:11 http://azure.archive.ubuntu.com/ubuntu resolute-updates/main amd64 Components [97.8 kB]
2026-09-15T10:24:23.3041434Z Get:12 http://azure.archive.ubuntu.com/ubuntu resolute-updates/universe amd64v3 Packages [293 kB]
2026-09-15T10:24:23.3072236Z Get:13 http://azure.archive.ubuntu.com/ubuntu resolute-updates/universe Translation-en [93.2 kB]
2026-09-15T10:24:23.3073666Z Get:14 http://azure.archive.ubuntu.com/ubuntu resolute-updates/universe amd64 Components [188 kB]
2026-09-15T10:24:23.3075032Z Get:15 http://azure.archive.ubuntu.com/ubuntu resolute-updates/restricted amd64v3 Packages [409 kB]
2026-09-15T10:24:23.3083782Z Get:16 http://azure.archive.ubuntu.com/ubuntu resolute-updates/restricted Translation-en [79.5 kB]
2026-09-15T10:24:23.3089171Z Get:17 http://azure.archive.ubuntu.com/ubuntu resolute-updates/multiverse amd64v3 Packages [11.6 kB]
2026-09-15T10:24:23.3168121Z Get:18 http://azure.archive.ubuntu.com/ubuntu resolute-updates/multiverse Translation-en [3036 B]
2026-09-15T10:24:23.3455998Z Get:31 https://dl.google.com/linux/chrome-stable/deb stable/main amd64 Packages [1413 B]
2026-09-15T10:24:23.3544681Z Get:20 http://azure.archive.ubuntu.com/ubuntu resolute-backports/universe amd64 Components [1056 B]
2026-09-15T10:24:23.3557996Z Get:21 http://azure.archive.ubuntu.com/ubuntu resolute-security/main amd64v3 Packages [474 kB]
2026-09-15T10:24:23.3584723Z Get:22 http://azure.archive.ubuntu.com/ubuntu resolute-security/main Translation-en [111 kB]
2026-09-15T10:24:23.3597662Z Get:23 http://azure.archive.ubuntu.com/ubuntu resolute-security/main amd64 Components [46.6 kB]
2026-09-15T10:24:23.3608889Z Get:24 http://azure.archive.ubuntu.com/ubuntu resolute-security/universe amd64v3 Packages [173 kB]
2026-09-15T10:24:23.3625208Z Get:25 http://azure.archive.ubuntu.com/ubuntu resolute-security/universe Translation-en [54.4 kB]
2026-09-15T10:24:23.3633992Z Get:26 http://azure.archive.ubuntu.com/ubuntu resolute-security/universe amd64 Components [43.4 kB]
2026-09-15T10:24:23.3643401Z Get:27 http://azure.archive.ubuntu.com/ubuntu resolute-security/restricted amd64v3 Packages [399 kB]
2026-09-15T10:24:23.3664403Z Get:28 http://azure.archive.ubuntu.com/ubuntu resolute-security/restricted Translation-en [77.7 kB]
2026-09-15T10:24:23.3672590Z Get:29 http://azure.archive.ubuntu.com/ubuntu resolute-security/multiverse amd64v3 Packages [10.9 kB]
2026-09-15T10:24:23.3678154Z Get:30 http://azure.archive.ubuntu.com/ubuntu resolute-security/multiverse Translation-en [2844 B]
2026-09-15T10:24:26.7410235Z Fetched 3855 kB in 0s (9256 kB/s)
2026-09-15T10:24:27.3480741Z Reading package lists...
2026-09-15T10:24:27.3831540Z Reading package lists...
2026-09-15T10:24:27.5089237Z Building dependency tree...
2026-09-15T10:24:27.5096651Z Reading state information...
2026-09-15T10:24:27.5401155Z bubblewrap is already the newest version (0.11.1-1ubuntu0.1).
2026-09-15T10:24:27.5401945Z bubblewrap set to manually installed.
2026-09-15T10:24:27.5402703Z apparmor is already the newest version (5.0.2-0ubuntu1~26.04.1).
2026-09-15T10:24:27.5403449Z apparmor set to manually installed.
2026-09-15T10:24:27.5404221Z libapparmor1 is already the newest version (5.0.2-0ubuntu1~26.04.1).
2026-09-15T10:24:27.5404985Z libapparmor1 set to manually installed.
2026-09-15T10:24:27.5405720Z libseccomp2 is already the newest version (2.6.0-2ubuntu5).
2026-09-15T10:24:27.5406408Z libseccomp2 set to manually installed.
2026-09-15T10:24:27.5940667Z Solving dependencies...
2026-09-15T10:24:27.7178301Z 0 upgraded, 0 newly installed, 0 to remove and 73 not upgraded.
2026-09-15T10:24:27.7315417Z apparmor	5.0.2-0ubuntu1~26.04.1
2026-09-15T10:24:27.7316225Z bubblewrap	0.11.1-1ubuntu0.1
2026-09-15T10:24:27.7317061Z libapparmor1:amd64	5.0.2-0ubuntu1~26.04.1
2026-09-15T10:24:27.7317609Z libseccomp2:amd64	2.6.0-2ubuntu5
2026-09-15T10:24:27.7555874Z bubblewrap 0.11.1
2026-09-15T10:24:27.7600495Z ##[group]Run npm ci --prefix apps/web
2026-09-15T10:24:27.7600852Z [36;1mnpm ci --prefix apps/web[0m
2026-09-15T10:24:27.7659526Z shell: /usr/bin/bash -e {0}
2026-09-15T10:24:27.7659787Z env:
2026-09-15T10:24:27.7660066Z   pythonLocation: /opt/hostedtoolcache/Python/3.12.13/x64
2026-09-15T10:24:27.7660535Z   PKG_CONFIG_PATH: /opt/hostedtoolcache/Python/3.12.13/x64/lib/pkgconfig
2026-09-15T10:24:27.7660992Z   Python_ROOT_DIR: /opt/hostedtoolcache/Python/3.12.13/x64
2026-09-15T10:24:27.7661393Z   Python2_ROOT_DIR: /opt/hostedtoolcache/Python/3.12.13/x64
2026-09-15T10:24:27.7661817Z   Python3_ROOT_DIR: /opt/hostedtoolcache/Python/3.12.13/x64
2026-09-15T10:24:27.7662228Z   LD_LIBRARY_PATH: /opt/hostedtoolcache/Python/3.12.13/x64/lib
2026-09-15T10:24:27.7662600Z ##[endgroup]
2026-09-15T10:24:34.2003590Z 
2026-09-15T10:24:34.2004407Z added 236 packages, and audited 237 packages in 6s
2026-09-15T10:24:34.2005015Z 
2026-09-15T10:24:34.2005519Z 118 packages are looking for funding
2026-09-15T10:24:34.2006347Z   run `npm fund` for details
2026-09-15T10:24:34.2015899Z 
2026-09-15T10:24:34.2016300Z found 0 vulnerabilities
2026-09-15T10:24:34.2462144Z ##[group]Run npm --prefix apps/web exec -- playwright install --with-deps chromium
2026-09-15T10:24:34.2462806Z [36;1mnpm --prefix apps/web exec -- playwright install --with-deps chromium[0m
2026-09-15T10:24:34.2522711Z shell: /usr/bin/bash -e {0}
2026-09-15T10:24:34.2523002Z env:
2026-09-15T10:24:34.2523314Z   pythonLocation: /opt/hostedtoolcache/Python/3.12.13/x64
2026-09-15T10:24:34.2523842Z   PKG_CONFIG_PATH: /opt/hostedtoolcache/Python/3.12.13/x64/lib/pkgconfig
2026-09-15T10:24:34.2524365Z   Python_ROOT_DIR: /opt/hostedtoolcache/Python/3.12.13/x64
2026-09-15T10:24:34.2524839Z   Python2_ROOT_DIR: /opt/hostedtoolcache/Python/3.12.13/x64
2026-09-15T10:24:34.2525307Z   Python3_ROOT_DIR: /opt/hostedtoolcache/Python/3.12.13/x64
2026-09-15T10:24:34.2525779Z   LD_LIBRARY_PATH: /opt/hostedtoolcache/Python/3.12.13/x64/lib
2026-09-15T10:24:34.2526196Z ##[endgroup]
2026-09-15T10:24:34.9828404Z Installing dependencies...
2026-09-15T10:24:34.9915699Z Switching to root user to install dependencies...
2026-09-15T10:24:35.0738443Z Get:1 file:/etc/apt/apt-mirrors.txt Mirrorlist [144 B]
2026-09-15T10:24:35.1090671Z Hit:2 http://azure.archive.ubuntu.com/ubuntu resolute InRelease
2026-09-15T10:24:35.1095456Z Hit:3 http://azure.archive.ubuntu.com/ubuntu resolute-updates InRelease
2026-09-15T10:24:35.1100120Z Hit:4 http://azure.archive.ubuntu.com/ubuntu resolute-backports InRelease
2026-09-15T10:24:35.1102937Z Hit:5 http://azure.archive.ubuntu.com/ubuntu resolute-security InRelease
2026-09-15T10:24:35.1189960Z Hit:6 https://packages.microsoft.com/ubuntu/26.04/prod resolute InRelease
2026-09-15T10:24:35.1270071Z Hit:7 https://dl.google.com/linux/chrome-stable/deb stable InRelease
2026-09-15T10:24:35.9463528Z Reading package lists...
2026-09-15T10:24:35.9725806Z Reading package lists...
2026-09-15T10:24:36.0994740Z Building dependency tree...
2026-09-15T10:24:36.1002539Z Reading state information...
2026-09-15T10:24:36.1291470Z libasound2t64 is already the newest version (1.2.15.3-1ubuntu1.1).
2026-09-15T10:24:36.1292402Z libasound2t64 set to manually installed.
2026-09-15T10:24:36.1293271Z libatk-bridge2.0-0t64 is already the newest version (2.60.4-0ubuntu0.1).
2026-09-15T10:24:36.1294105Z libatk-bridge2.0-0t64 set to manually installed.
2026-09-15T10:24:36.1294890Z libatk1.0-0t64 is already the newest version (2.60.4-0ubuntu0.1).
2026-09-15T10:24:36.1295610Z libatk1.0-0t64 set to manually installed.
2026-09-15T10:24:36.1296478Z libatspi2.0-0t64 is already the newest version (2.60.4-0ubuntu0.1).
2026-09-15T10:24:36.1297468Z libatspi2.0-0t64 set to manually installed.
2026-09-15T10:24:36.1298156Z libcairo2 is already the newest version (1.18.4-3).
2026-09-15T10:24:36.1298792Z libcairo2 set to manually installed.
2026-09-15T10:24:36.1299520Z libcups2t64 is already the newest version (2.4.16-1ubuntu1.3).
2026-09-15T10:24:36.1300223Z libcups2t64 set to manually installed.
2026-09-15T10:24:36.1300924Z libdbus-1-3 is already the newest version (1.16.2-2ubuntu4).
2026-09-15T10:24:36.1301630Z libdbus-1-3 set to manually installed.
2026-09-15T10:24:36.1302263Z libdrm2 is already the newest version (2.4.131-1).
2026-09-15T10:24:36.1302845Z libdrm2 set to manually installed.
2026-09-15T10:24:36.1303444Z libgbm1 is already the newest version (26.0.8-1ubuntu0.3).
2026-09-15T10:24:36.1304014Z libgbm1 set to manually installed.
2026-09-15T10:24:36.1304590Z libglib2.0-0t64 is already the newest version (2.88.0-1).
2026-09-15T10:24:36.1305186Z libglib2.0-0t64 set to manually installed.
2026-09-15T10:24:36.1305825Z libnspr4 is already the newest version (2:4.38.2-1ubuntu1).
2026-09-15T10:24:36.1306412Z libnspr4 set to manually installed.
2026-09-15T10:24:36.1307202Z libnss3 is already the newest version (2:3.120-1ubuntu2.1).
2026-09-15T10:24:36.1307782Z libnss3 set to manually installed.
2026-09-15T10:24:36.1308351Z libpango-1.0-0 is already the newest version (1.57.0-1).
2026-09-15T10:24:36.1308935Z libpango-1.0-0 set to manually installed.
2026-09-15T10:24:36.1309514Z libx11-6 is already the newest version (2:1.8.13-1).
2026-09-15T10:24:36.1310576Z libx11-6 set to manually installed.
2026-09-15T10:24:36.1311176Z libxcb1 is already the newest version (1.17.0-2ubuntu1).
2026-09-15T10:24:36.1311742Z libxcb1 set to manually installed.
2026-09-15T10:24:36.1312367Z libxcomposite1 is already the newest version (1:0.4.6-1build1).
2026-09-15T10:24:36.1312998Z libxcomposite1 set to manually installed.
2026-09-15T10:24:36.1313603Z libxdamage1 is already the newest version (1:1.1.7-1).
2026-09-15T10:24:36.1314221Z libxdamage1 set to manually installed.
2026-09-15T10:24:36.1314826Z libxext6 is already the newest version (2:1.3.4-1build3).
2026-09-15T10:24:36.1315403Z libxext6 set to manually installed.
2026-09-15T10:24:36.1315997Z libxfixes3 is already the newest version (1:6.0.0-2build2).
2026-09-15T10:24:36.1316577Z libxfixes3 set to manually installed.
2026-09-15T10:24:36.1317389Z libxkbcommon0 is already the newest version (1.13.1-1).
2026-09-15T10:24:36.1317974Z libxkbcommon0 set to manually installed.
2026-09-15T10:24:36.1318602Z libxrandr2 is already the newest version (2:1.5.4-1build1).
2026-09-15T10:24:36.1319194Z libxrandr2 set to manually installed.
2026-09-15T10:24:36.1319786Z xvfb is already the newest version (2:21.1.22-1ubuntu1).
2026-09-15T10:24:36.1320546Z fonts-noto-color-emoji is already the newest version (2.051-1build1).
2026-09-15T10:24:36.1321348Z libfontconfig1 is already the newest version (2.17.1-3ubuntu1).
2026-09-15T10:24:36.1321981Z libfontconfig1 set to manually installed.
2026-09-15T10:24:36.1322663Z libfreetype6 is already the newest version (2.14.2+dfsg-1ubuntu0.1).
2026-09-15T10:24:36.1323537Z libfreetype6 set to manually installed.
2026-09-15T10:24:36.1324220Z fonts-liberation is already the newest version (1:2.1.5-3build1).
2026-09-15T10:24:36.1324888Z fonts-liberation set to manually installed.
2026-09-15T10:24:36.1755539Z Solving dependencies...
2026-09-15T10:24:36.2547785Z The following additional packages will be installed:
2026-09-15T10:24:36.2548524Z   xfonts-encodings xfonts-utils
2026-09-15T10:24:36.2553317Z Recommended packages:
2026-09-15T10:24:36.2553820Z   fonts-ipafont-mincho fonts-tlwg-loma
2026-09-15T10:24:36.2719915Z The following NEW packages will be installed:
2026-09-15T10:24:36.2721413Z   fonts-freefont-ttf fonts-ipafont-gothic fonts-tlwg-loma-otf fonts-unifont
2026-09-15T10:24:36.2726356Z   fonts-wqy-zenhei xfonts-cyrillic xfonts-encodings xfonts-scalable
2026-09-15T10:24:36.2727328Z   xfonts-utils
2026-09-15T10:24:36.2925972Z 0 upgraded, 9 newly installed, 0 to remove and 73 not upgraded.
2026-09-15T10:24:36.2926702Z Need to get 21.9 MB of archives.
2026-09-15T10:24:36.2927738Z After this operation, 80.2 MB of additional disk space will be used.
2026-09-15T10:24:36.2928601Z Get:1 file:/etc/apt/apt-mirrors.txt Mirrorlist [144 B]
2026-09-15T10:24:36.3722864Z Get:2 http://azure.archive.ubuntu.com/ubuntu resolute/universe amd64v3 fonts-ipafont-gothic all 00303-23ubuntu1 [3703 kB]
2026-09-15T10:24:36.5089608Z Get:3 http://azure.archive.ubuntu.com/ubuntu resolute/main amd64v3 fonts-freefont-ttf all 20211204+svn4273-4build1 [5656 kB]
2026-09-15T10:24:36.6867179Z Get:4 http://azure.archive.ubuntu.com/ubuntu resolute/universe amd64v3 fonts-tlwg-loma-otf all 1:0.7.3-1build1 [106 kB]
2026-09-15T10:24:36.7514027Z Get:5 http://azure.archive.ubuntu.com/ubuntu resolute/universe amd64v3 fonts-unifont all 1:16.0.04-1build1 [3169 kB]
2026-09-15T10:24:36.8787660Z Get:6 http://azure.archive.ubuntu.com/ubuntu resolute/universe amd64v3 fonts-wqy-zenhei all 0.9.45-8build1 [7863 kB]
2026-09-15T10:24:37.1021137Z Get:7 http://azure.archive.ubuntu.com/ubuntu resolute/main amd64v3 xfonts-encodings all 1:1.0.5-0ubuntu3 [576 kB]
2026-09-15T10:24:37.1758347Z Get:8 http://azure.archive.ubuntu.com/ubuntu resolute/main amd64v3 xfonts-utils amd64 1:7.7+7build1 [97.3 kB]
2026-09-15T10:24:37.2402274Z Get:9 http://azure.archive.ubuntu.com/ubuntu resolute/universe amd64v3 xfonts-cyrillic all 1:1.0.5+nmu1build1 [384 kB]
2026-09-15T10:24:37.3106683Z Get:10 http://azure.archive.ubuntu.com/ubuntu resolute/universe amd64v3 xfonts-scalable all 1:1.0.3-1.3build1 [304 kB]
2026-09-15T10:24:37.6120389Z Fetched 21.9 MB in 1s (21.1 MB/s)
2026-09-15T10:24:37.6450102Z Selecting previously unselected package fonts-ipafont-gothic.
2026-09-15T10:24:37.6739961Z (Reading database ... 
2026-09-15T10:24:37.6740692Z (Reading database ... 5%
2026-09-15T10:24:37.6741293Z (Reading database ... 10%
2026-09-15T10:24:37.6741965Z (Reading database ... 15%
2026-09-15T10:24:37.6742650Z (Reading database ... 20%
2026-09-15T10:24:37.6743256Z (Reading database ... 25%
2026-09-15T10:24:37.6743893Z (Reading database ... 30%
2026-09-15T10:24:37.6744462Z (Reading database ... 35%
2026-09-15T10:24:37.6744852Z (Reading database ... 40%
2026-09-15T10:24:37.6745240Z (Reading database ... 45%
2026-09-15T10:24:37.6745640Z (Reading database ... 50%
2026-09-15T10:24:37.7759671Z (Reading database ... 55%
2026-09-15T10:24:37.9389616Z (Reading database ... 60%
2026-09-15T10:24:38.0837909Z (Reading database ... 65%
2026-09-15T10:24:38.2910280Z (Reading database ... 70%
2026-09-15T10:24:38.4741542Z (Reading database ... 75%
2026-09-15T10:24:38.5754975Z (Reading database ... 80%
2026-09-15T10:24:38.6864778Z (Reading database ... 85%
2026-09-15T10:24:38.8826963Z (Reading database ... 90%
2026-09-15T10:24:38.9898425Z (Reading database ... 95%
2026-09-15T10:24:38.9898872Z (Reading database ... 100%
2026-09-15T10:24:38.9899523Z (Reading database ... 209256 files and directories currently installed.)
2026-09-15T10:24:38.9937011Z Preparing to unpack .../0-fonts-ipafont-gothic_00303-23ubuntu1_all.deb ...
2026-09-15T10:24:39.0038769Z Unpacking fonts-ipafont-gothic (00303-23ubuntu1) ...
2026-09-15T10:24:39.0732257Z Selecting previously unselected package fonts-freefont-ttf.
2026-09-15T10:24:39.0867452Z Preparing to unpack .../1-fonts-freefont-ttf_20211204+svn4273-4build1_all.deb ...
2026-09-15T10:24:39.0874761Z Unpacking fonts-freefont-ttf (20211204+svn4273-4build1) ...
2026-09-15T10:24:39.1714112Z Selecting previously unselected package fonts-tlwg-loma-otf.
2026-09-15T10:24:39.1852357Z Preparing to unpack .../2-fonts-tlwg-loma-otf_1%3a0.7.3-1build1_all.deb ...
2026-09-15T10:24:39.1859972Z Unpacking fonts-tlwg-loma-otf (1:0.7.3-1build1) ...
2026-09-15T10:24:39.2092238Z Selecting previously unselected package fonts-unifont.
2026-09-15T10:24:39.2228904Z Preparing to unpack .../3-fonts-unifont_1%3a16.0.04-1build1_all.deb ...
2026-09-15T10:24:39.2237565Z Unpacking fonts-unifont (1:16.0.04-1build1) ...
2026-09-15T10:24:39.3332053Z Selecting previously unselected package fonts-wqy-zenhei.
2026-09-15T10:24:39.3471331Z Preparing to unpack .../4-fonts-wqy-zenhei_0.9.45-8build1_all.deb ...
2026-09-15T10:24:39.3613245Z Unpacking fonts-wqy-zenhei (0.9.45-8build1) ...
2026-09-15T10:24:39.4530008Z Selecting previously unselected package xfonts-encodings.
2026-09-15T10:24:39.4669686Z Preparing to unpack .../5-xfonts-encodings_1%3a1.0.5-0ubuntu3_all.deb ...
2026-09-15T10:24:39.4678083Z Unpacking xfonts-encodings (1:1.0.5-0ubuntu3) ...
2026-09-15T10:24:39.4979365Z Selecting previously unselected package xfonts-utils.
2026-09-15T10:24:39.5116395Z Preparing to unpack .../6-xfonts-utils_1%3a7.7+7build1_amd64v3.deb ...
2026-09-15T10:24:39.5124338Z Unpacking xfonts-utils (1:7.7+7build1) ...
2026-09-15T10:24:39.5485908Z Selecting previously unselected package xfonts-cyrillic.
2026-09-15T10:24:39.5621517Z Preparing to unpack .../7-xfonts-cyrillic_1%3a1.0.5+nmu1build1_all.deb ...
2026-09-15T10:24:39.5629183Z Unpacking xfonts-cyrillic (1:1.0.5+nmu1build1) ...
2026-09-15T10:24:39.5969640Z Selecting previously unselected package xfonts-scalable.
2026-09-15T10:24:39.6101876Z Preparing to unpack .../8-xfonts-scalable_1%3a1.0.3-1.3build1_all.deb ...
2026-09-15T10:24:39.6109858Z Unpacking xfonts-scalable (1:1.0.3-1.3build1) ...
2026-09-15T10:24:39.6527670Z Setting up fonts-wqy-zenhei (0.9.45-8build1) ...
2026-09-15T10:24:39.6682088Z Setting up fonts-freefont-ttf (20211204+svn4273-4build1) ...
2026-09-15T10:24:39.6705246Z Setting up fonts-tlwg-loma-otf (1:0.7.3-1build1) ...
2026-09-15T10:24:39.6725329Z Setting up xfonts-encodings (1:1.0.5-0ubuntu3) ...
2026-09-15T10:24:39.6747466Z Setting up fonts-ipafont-gothic (00303-23ubuntu1) ...
2026-09-15T10:24:39.6811496Z update-alternatives: using /usr/share/fonts/opentype/ipafont-gothic/ipag.ttf to provide /usr/share/fonts/truetype/fonts-japanese-gothic.ttf (fonts-japanese-gothic.ttf) in auto mode
2026-09-15T10:24:39.6828145Z Setting up fonts-unifont (1:16.0.04-1build1) ...
2026-09-15T10:24:39.6849358Z Setting up xfonts-utils (1:7.7+7build1) ...
2026-09-15T10:24:39.6906745Z Setting up xfonts-cyrillic (1:1.0.5+nmu1build1) ...
2026-09-15T10:24:39.7341642Z Setting up xfonts-scalable (1:1.0.3-1.3build1) ...
2026-09-15T10:24:39.7738490Z Processing triggers for man-db (2.13.1-1build1) ...
2026-09-15T10:24:39.7759848Z Not building database; man-db/auto-update is not 'true'.
2026-09-15T10:24:39.7773199Z Processing triggers for fontconfig (2.17.1-3ubuntu1) ...
2026-09-15T10:24:40.4758267Z 
2026-09-15T10:24:40.4758975Z Running kernel seems to be up-to-date.
2026-09-15T10:24:40.4759498Z 
2026-09-15T10:24:40.4759718Z Restarting services...
2026-09-15T10:24:40.4853259Z 
2026-09-15T10:24:40.4853996Z Service restarts being deferred:
2026-09-15T10:24:40.4857254Z  systemctl restart hosted-compute-agent.service
2026-09-15T10:24:40.4857676Z 
2026-09-15T10:24:40.4858032Z No containers need to be restarted.
2026-09-15T10:24:40.4858356Z 
2026-09-15T10:24:40.4858690Z No user sessions are running outdated binaries.
2026-09-15T10:24:40.4859016Z 
2026-09-15T10:24:40.4859322Z No VM guests are running outdated hypervisor (qemu) binaries on this host.
2026-09-15T10:24:41.3027676Z Downloading Chrome for Testing 153.0.8010.12 (playwright chromium v1243) from https://cdn.playwright.dev/builds/cft/153.0.8010.12/linux64/chrome-linux64.zip
2026-09-15T10:24:41.7318126Z |                                                                                |   0% of 186.8 MiB
2026-09-15T10:24:41.8916417Z |■■■■■■■■                                                                        |  10% of 186.8 MiB
2026-09-15T10:24:41.9724439Z |■■■■■■■■■■■■■■■■                                                                |  20% of 186.8 MiB
2026-09-15T10:24:42.0648323Z |■■■■■■■■■■■■■■■■■■■■■■■■                                                        |  30% of 186.8 MiB
2026-09-15T10:24:42.1555967Z |■■■■■■■■■■■■■■■■■■■■■■■■■■■■■■■■                                                |  40% of 186.8 MiB
2026-09-15T10:24:42.2530360Z |■■■■■■■■■■■■■■■■■■■■■■■■■■■■■■■■■■■■■■■■                                        |  50% of 186.8 MiB
2026-09-15T10:24:42.3591981Z |■■■■■■■■■■■■■■■■■■■■■■■■■■■■■■■■■■■■■■■■■■■■■■■■                                |  60% of 186.8 MiB
2026-09-15T10:24:42.4421516Z |■■■■■■■■■■■■■■■■■■■■■■■■■■■■■■■■■■■■■■■■■■■■■■■■■■■■■■■■                        |  70% of 186.8 MiB
2026-09-15T10:24:42.5463097Z |■■■■■■■■■■■■■■■■■■■■■■■■■■■■■■■■■■■■■■■■■■■■■■■■■■■■■■■■■■■■■■■■                |  80% of 186.8 MiB
2026-09-15T10:24:42.6503219Z |■■■■■■■■■■■■■■■■■■■■■■■■■■■■■■■■■■■■■■■■■■■■■■■■■■■■■■■■■■■■■■■■■■■■■■■■        |  90% of 186.8 MiB
2026-09-15T10:24:42.7468017Z |■■■■■■■■■■■■■■■■■■■■■■■■■■■■■■■■■■■■■■■■■■■■■■■■■■■■■■■■■■■■■■■■■■■■■■■■■■■■■■■■| 100% of 186.8 MiB
2026-09-15T10:24:45.7248319Z Chrome for Testing 153.0.8010.12 (playwright chromium v1243) downloaded to <github-runner-home>/.cache/ms-playwright/chromium-1243
2026-09-15T10:24:45.7252150Z Downloading FFmpeg (playwright ffmpeg v1011) from https://cdn.playwright.dev/dbazure/download/playwright/builds/ffmpeg/1011/ffmpeg-linux.zip
2026-09-15T10:24:46.0635992Z |                                                                                |   0% of 2.3 MiB
2026-09-15T10:24:46.0668754Z |■■■■■■■■                                                                        |  10% of 2.3 MiB
2026-09-15T10:24:46.0682374Z |■■■■■■■■■■■■■■■■                                                                |  20% of 2.3 MiB
2026-09-15T10:24:46.0701257Z |■■■■■■■■■■■■■■■■■■■■■■■■                                                        |  30% of 2.3 MiB
2026-09-15T10:24:46.0715208Z |■■■■■■■■■■■■■■■■■■■■■■■■■■■■■■■■                                                |  40% of 2.3 MiB
2026-09-15T10:24:46.0725387Z |■■■■■■■■■■■■■■■■■■■■■■■■■■■■■■■■■■■■■■■■                                        |  50% of 2.3 MiB
2026-09-15T10:24:46.0738189Z |■■■■■■■■■■■■■■■■■■■■■■■■■■■■■■■■■■■■■■■■■■■■■■■■                                |  60% of 2.3 MiB
2026-09-15T10:24:46.0747454Z |■■■■■■■■■■■■■■■■■■■■■■■■■■■■■■■■■■■■■■■■■■■■■■■■■■■■■■■■                        |  70% of 2.3 MiB
2026-09-15T10:24:46.0763543Z |■■■■■■■■■■■■■■■■■■■■■■■■■■■■■■■■■■■■■■■■■■■■■■■■■■■■■■■■■■■■■■■■                |  80% of 2.3 MiB
2026-09-15T10:24:46.0781166Z |■■■■■■■■■■■■■■■■■■■■■■■■■■■■■■■■■■■■■■■■■■■■■■■■■■■■■■■■■■■■■■■■■■■■■■■■        |  90% of 2.3 MiB
2026-09-15T10:24:46.0794943Z |■■■■■■■■■■■■■■■■■■■■■■■■■■■■■■■■■■■■■■■■■■■■■■■■■■■■■■■■■■■■■■■■■■■■■■■■■■■■■■■■| 100% of 2.3 MiB
2026-09-15T10:24:46.1371519Z FFmpeg (playwright ffmpeg v1011) downloaded to <github-runner-home>/.cache/ms-playwright/ffmpeg-1011
2026-09-15T10:24:46.1374708Z Downloading Chrome Headless Shell 153.0.8010.12 (playwright chromium-headless-shell v1243) from https://cdn.playwright.dev/builds/cft/153.0.8010.12/linux64/chrome-headless-shell-linux64.zip
2026-09-15T10:24:46.5481408Z |                                                                                |   0% of 114.3 MiB
2026-09-15T10:24:46.6467356Z |■■■■■■■■                                                                        |  10% of 114.3 MiB
2026-09-15T10:24:46.7112735Z |■■■■■■■■■■■■■■■■                                                                |  20% of 114.3 MiB
2026-09-15T10:24:46.7670021Z |■■■■■■■■■■■■■■■■■■■■■■■■                                                        |  30% of 114.3 MiB
2026-09-15T10:24:46.8248199Z |■■■■■■■■■■■■■■■■■■■■■■■■■■■■■■■■                                                |  40% of 114.3 MiB
2026-09-15T10:24:46.8888175Z |■■■■■■■■■■■■■■■■■■■■■■■■■■■■■■■■■■■■■■■■                                        |  50% of 114.3 MiB
2026-09-15T10:24:46.9348272Z |■■■■■■■■■■■■■■■■■■■■■■■■■■■■■■■■■■■■■■■■■■■■■■■■                                |  60% of 114.3 MiB
2026-09-15T10:24:47.0211269Z |■■■■■■■■■■■■■■■■■■■■■■■■■■■■■■■■■■■■■■■■■■■■■■■■■■■■■■■■                        |  70% of 114.3 MiB
2026-09-15T10:24:47.0768233Z |■■■■■■■■■■■■■■■■■■■■■■■■■■■■■■■■■■■■■■■■■■■■■■■■■■■■■■■■■■■■■■■■                |  80% of 114.3 MiB
2026-09-15T10:24:47.1421418Z |■■■■■■■■■■■■■■■■■■■■■■■■■■■■■■■■■■■■■■■■■■■■■■■■■■■■■■■■■■■■■■■■■■■■■■■■        |  90% of 114.3 MiB
2026-09-15T10:24:47.2225590Z |■■■■■■■■■■■■■■■■■■■■■■■■■■■■■■■■■■■■■■■■■■■■■■■■■■■■■■■■■■■■■■■■■■■■■■■■■■■■■■■■| 100% of 114.3 MiB
2026-09-15T10:24:49.5121455Z Chrome Headless Shell 153.0.8010.12 (playwright chromium-headless-shell v1243) downloaded to <github-runner-home>/.cache/ms-playwright/chromium_headless_shell-1243
2026-09-15T10:24:49.5533723Z ##[group]Run make build
2026-09-15T10:24:49.5534171Z [36;1mmake build[0m
2026-09-15T10:24:49.5609020Z shell: /usr/bin/bash -e {0}
2026-09-15T10:24:49.5609429Z env:
2026-09-15T10:24:49.5609865Z   pythonLocation: /opt/hostedtoolcache/Python/3.12.13/x64
2026-09-15T10:24:49.5610634Z   PKG_CONFIG_PATH: /opt/hostedtoolcache/Python/3.12.13/x64/lib/pkgconfig
2026-09-15T10:24:49.5611390Z   Python_ROOT_DIR: /opt/hostedtoolcache/Python/3.12.13/x64
2026-09-15T10:24:49.5612057Z   Python2_ROOT_DIR: /opt/hostedtoolcache/Python/3.12.13/x64
2026-09-15T10:24:49.5612741Z   Python3_ROOT_DIR: /opt/hostedtoolcache/Python/3.12.13/x64
2026-09-15T10:24:49.5613421Z   LD_LIBRARY_PATH: /opt/hostedtoolcache/Python/3.12.13/x64/lib
2026-09-15T10:24:49.5613986Z ##[endgroup]
2026-09-15T10:24:49.5748659Z bash scripts/node.sh npm --prefix apps/web run build
2026-09-15T10:24:49.6855646Z 
2026-09-15T10:24:49.6856170Z > @learning-workbench/web@0.1.0 build
2026-09-15T10:24:49.6857337Z > tsc --noEmit && vite build
2026-09-15T10:24:49.6857757Z 
2026-09-15T10:24:51.3659289Z [36mvite v8.3.0 [32mbuilding client environment for production...[36m[39m
2026-09-15T10:24:51.3761948Z transforming...
2026-09-15T10:24:51.6208681Z ✓ 717 modules transformed.
2026-09-15T10:24:51.7188341Z rendering chunks...
2026-09-15T10:24:51.8655205Z computing gzip size...
2026-09-15T10:24:51.9141797Z dist/index.html                       0.41 kB │ gzip:     0.32 kB
2026-09-15T10:24:51.9142853Z dist/assets/index-iEAos8Rd.css       38.42 kB │ gzip:     8.15 kB
2026-09-15T10:24:51.9143863Z dist/assets/index-DCAsqs96.js     1,060.17 kB │ gzip:   240.42 kB
2026-09-15T10:24:51.9144842Z dist/assets/Markdown-DEP4zvoC.js  2,939.32 kB │ gzip: 1,098.70 kB
2026-09-15T10:24:51.9145312Z 
2026-09-15T10:24:51.9146053Z [32m✓ built in 547ms[39m
2026-09-15T10:24:51.9154365Z [33m[plugin builtin:vite-reporter] 
2026-09-15T10:24:51.9155536Z (!) Some chunks are larger than 500 kB after minification. Consider:
2026-09-15T10:24:51.9157083Z - Using dynamic import() to code-split the application
2026-09-15T10:24:51.9158665Z - Use build.rolldownOptions.output.codeSplitting to improve chunking: https://rolldown.rs/reference/OutputOptions.codeSplitting
2026-09-15T10:24:51.9178274Z - Adjust chunk size limit for this warning via build.chunkSizeWarningLimit.[39m
2026-09-15T10:24:51.9456394Z ##[group]Run make test-e2e
2026-09-15T10:24:51.9456693Z [36;1mmake test-e2e[0m
2026-09-15T10:24:51.9514252Z shell: /usr/bin/bash -e {0}
2026-09-15T10:24:51.9514499Z env:
2026-09-15T10:24:51.9514771Z   pythonLocation: /opt/hostedtoolcache/Python/3.12.13/x64
2026-09-15T10:24:51.9515225Z   PKG_CONFIG_PATH: /opt/hostedtoolcache/Python/3.12.13/x64/lib/pkgconfig
2026-09-15T10:24:51.9515686Z   Python_ROOT_DIR: /opt/hostedtoolcache/Python/3.12.13/x64
2026-09-15T10:24:51.9516078Z   Python2_ROOT_DIR: /opt/hostedtoolcache/Python/3.12.13/x64
2026-09-15T10:24:51.9516465Z   Python3_ROOT_DIR: /opt/hostedtoolcache/Python/3.12.13/x64
2026-09-15T10:24:51.9517138Z   LD_LIBRARY_PATH: /opt/hostedtoolcache/Python/3.12.13/x64/lib
2026-09-15T10:24:51.9517470Z ##[endgroup]
2026-09-15T10:24:51.9624164Z bash scripts/node.sh npm --prefix apps/web run test:e2e
2026-09-15T10:24:52.0708168Z 
2026-09-15T10:24:52.0708813Z > @learning-workbench/web@0.1.0 test:e2e
2026-09-15T10:24:52.0709865Z > playwright test --config ../../tests/e2e/playwright.config.ts
2026-09-15T10:24:52.0710379Z 
2026-09-15T10:24:54.9009622Z [WebServer] INFO:     Started server process [3151]
2026-09-15T10:24:54.9010653Z [WebServer] INFO:     Waiting for application startup.
2026-09-15T10:24:55.0200229Z [WebServer] INFO:     Application startup complete.
2026-09-15T10:24:55.0208342Z [WebServer] INFO:     Uvicorn running on http://127.0.0.1:8765 (Press CTRL+C to quit)
2026-09-15T10:24:56.7033946Z 
2026-09-15T10:24:56.7034623Z Running 88 tests using 1 worker
2026-09-15T10:24:56.7035023Z 
2026-09-15T10:25:17.3078859Z   ✓   1 ../../tests/e2e/assessment-restart.spec.ts:43:1 › same assessment instance rejects forged course and assessment hashes while its independent policy remains active (20.1s)
2026-09-15T10:25:36.4208371Z   ✓   2 ../../tests/e2e/assessment-restart.spec.ts:112:1 › actual browser and API restarts retain independent drafts and keep old solution receipts protected after submission (19.1s)
2026-09-15T10:25:46.6844626Z   ✓   3 ../../tests/e2e/assessments.spec.ts:41:1 › real unreviewed independent assessment saves five types and submits without fabricated grades or answer calls (10.2s)
2026-09-15T10:25:59.6339689Z   ✓   4 ../../tests/e2e/assessments.spec.ts:90:1 › open-book and assisted freeze actual policies; explicit abandon retains saved answers and yields no score (12.9s)
2026-09-15T10:26:12.0292672Z   ✓   5 ../../tests/e2e/assessments.spec.ts:109:1 › two profiles retain a real server CAS conflict with three-way comparison and reject forged same-identity parent (12.2s)
2026-09-15T10:26:18.6344196Z   ✓   6 ../../tests/e2e/assessments.spec.ts:138:1 › missing private binding visibly blocks start instead of fabricating a usable test (6.6s)
2026-09-15T10:26:34.5896663Z   ✓   7 ../../tests/e2e/assessments.spec.ts:145:1 › two pages preserve independent local CAS candidates; a later submitted snapshot never accepts restored edits (15.9s)
2026-09-15T10:26:45.9589907Z   ✓   8 ../../tests/e2e/assessments.spec.ts:251:1 › late redacted Workbench save uses its original ETag and retains hidden selection after explicit three-way choice (11.4s)
2026-09-15T10:26:57.6268458Z   ✓   9 ../../tests/e2e/assessments.spec.ts:295:1 › a genuine solution response held in flight cannot appear after another page starts an open-book assessment (11.7s)
2026-09-15T10:27:04.3347687Z 
2026-09-15T10:27:04.3349877Z   ✓  10 ../../tests/e2e/document-imports.spec.ts:87:1 › real two-page PDF keeps exact page citations, guarded original bytes and explicit fidelity approval (6.7s)
2026-09-15T10:27:09.4847629Z 
2026-09-15T10:27:09.4850843Z   ✓  11 ../../tests/e2e/document-imports.spec.ts:127:1 › real DOCX safe text stays readable for learner while original bytes require an explicit author role (5.1s)
2026-09-15T10:27:15.2487633Z 
2026-09-15T10:27:15.2488992Z   ✓  12 ../../tests/e2e/document-imports.spec.ts:202:1 › a real scanned PDF fails without invented text or OCR and its local original is checked explicitly after reload (5.8s)
2026-09-15T10:27:20.5377849Z 
2026-09-15T10:27:20.5430649Z   ✓  13 ../../tests/e2e/document-imports.spec.ts:236:3 › real encrypted.pdf extraction failure remains blocked and preserves its original hash (5.3s)
2026-09-15T10:27:23.9977905Z 
2026-09-15T10:27:24.0018945Z   ✓  14 ../../tests/e2e/document-imports.spec.ts:236:3 › real malformed.docx extraction failure remains blocked and preserves its original hash (3.4s)
2026-09-15T10:27:36.0969961Z   ✓  15 ../../tests/e2e/grading-recovery.spec.ts:57:1 › a real failed regrade survives reload and can recover from the last actual grade without losing the old submission (12.1s)
2026-09-15T10:27:52.3191658Z   ✓  16 ../../tests/e2e/grading-restart.spec.ts:50:1 › real browser and API restarts preserve the submitted answers, signed review and both grading revisions (16.2s)
2026-09-15T10:28:07.3648914Z   ✓  17 ../../tests/e2e/grading.spec.ts:34:1 › unreviewed original content stays null until an explicit author form creates a signed new grade without altering its reference approval (15.0s)
2026-09-15T10:28:21.3706341Z   ✓  18 ../../tests/e2e/grading.spec.ts:66:1 › two browser profiles keep a stale manual-review baseline through an actual 412 before explicit three-way rebase (14.0s)
2026-09-15T10:28:33.1293689Z   ✓  19 ../../tests/e2e/grading.spec.ts:81:1 › a failed manual request preserves its durable exact command and editable author draft after browser reload (11.8s)
2026-09-15T10:28:42.8233746Z   ✓  20 ../../tests/e2e/imports-policy.spec.ts:11:1 › an open author import retains its task across independent start and submit but rechecks pending-answer protection before restoring content (9.7s)
2026-09-15T10:28:48.7729613Z   ✓  21 ../../tests/e2e/imports-policy.spec.ts:61:1 › a reselected failed original survives a role-policy pause in memory while decoded text must be checked again (5.9s)
2026-09-15T10:28:54.1989391Z   ✓  22 ../../tests/e2e/imports.spec.ts:111:1 › real Markdown upload stays staged, previews and downloads exact bytes, restores and commits exact course refs (5.4s)
2026-09-15T10:28:58.3855479Z   ✓  23 ../../tests/e2e/imports.spec.ts:190:1 › safe HTML warning requires explicit acceptance and native cancel leaves courses untouched (4.2s)
2026-09-15T10:29:03.8020372Z   ✓  24 ../../tests/e2e/imports.spec.ts:218:1 › UTF-8 text can target a real existing course and creates a newer exact revision (5.4s)
2026-09-15T10:29:07.4316161Z   ✓  25 ../../tests/e2e/imports.spec.ts:234:1 › upload request failure keeps the selected file; preview failure keeps the recovery ID and explicit retry works (3.6s)
2026-09-15T10:29:12.7762493Z 
2026-09-15T10:29:12.7799365Z   ✓  26 ../../tests/e2e/imports.spec.ts:254:1 › author package requires explicit role change and clears the private preview after returning to learner (5.3s)
2026-09-15T10:29:16.4060511Z   ✓  27 ../../tests/e2e/imports.spec.ts:290:1 › a real invalid UTF-8 parse shows a blocking error and cannot be confirmed (3.6s)
2026-09-15T10:29:22.7969832Z 
2026-09-15T10:29:22.8039390Z   ✓  28 ../../tests/e2e/imports.spec.ts:311:1 › local encoding choice preserves the failed original and creates a separately confirmed UTF-8 import (6.4s)
2026-09-15T10:29:28.2145233Z 
2026-09-15T10:29:28.2147812Z   ✓  29 ../../tests/e2e/imports.spec.ts:379:1 › deferred author preview and original responses cannot restore content after the role is lowered (5.4s)
2026-09-15T10:29:43.9065992Z   ✓  30 ../../tests/e2e/learning-state-restart.spec.ts:47:1 › actual browser and API restarts preserve profile candidates, exact route overrides and original reading sources (15.7s)
2026-09-15T10:29:51.2907646Z   ✓  31 ../../tests/e2e/learning-state.spec.ts:12:1 › real self-report persists a lost-ACK command once and never creates independent evidence (7.4s)
2026-09-15T10:30:03.0856735Z   ✓  32 ../../tests/e2e/learning-state.spec.ts:30:1 › actual unreviewed submission stays excluded and its precise sources disappear when another page starts independent work (11.8s)
2026-09-15T10:30:07.8108313Z   ✓  33 ../../tests/e2e/learning-state.spec.ts:45:1 › a quota-failed profile remains mounted when a global command tries to leave it (4.7s)
2026-09-15T10:30:15.4604526Z   ✓  34 ../../tests/e2e/notes-lifecycle.spec.ts:32:1 › a concurrent note move to another block remains recoverable by stable note ID after a real 412 (7.6s)
2026-09-15T10:30:23.2345621Z   ✓  35 ../../tests/e2e/notes-lifecycle.spec.ts:64:1 › soft deleting a server note preserves its unsynced local continuation for explicit recovery (7.8s)
2026-09-15T10:30:32.1082603Z   ✓  36 ../../tests/e2e/practice-restart.spec.ts:20:1 › same practice tab identity rejects changed frozen parent or child hashes and preserves the original session (8.9s)
2026-09-15T10:30:46.2467598Z   ✓  37 ../../tests/e2e/practice-restart.spec.ts:66:1 › actual browser close and API restart retain practice identity, exposure and an unsynced local response (14.1s)
2026-09-15T10:30:55.5519194Z   ✓  38 ../../tests/e2e/practice.spec.ts:26:1 › five real question kinds save and refresh; hints and solutions require explicit exposure; submit is ungraded (9.3s)
2026-09-15T10:31:07.2446491Z   ✓  39 ../../tests/e2e/practice.spec.ts:87:1 › offline recovery keeps the local candidate when session GET was also unavailable and reconnect compares its base (11.7s)
2026-09-15T10:31:21.6450503Z   ✓  40 ../../tests/e2e/practice.spec.ts:113:1 › two real browser profiles produce a server CAS conflict with base local and remote before explicit choice (14.4s)
2026-09-15T10:31:30.8577927Z   ✓  41 ../../tests/e2e/practice.spec.ts:138:1 › missing private solution fails closed and a forged same-identity parent never replaces the existing practice tab (9.2s)
2026-09-15T10:31:48.3524457Z   ✓  42 ../../tests/e2e/practice.spec.ts:159:1 › two pages keep their durable local candidates and closing an unsynced practice requires explicit retention (17.5s)
2026-09-15T10:31:54.6838418Z   ✓  43 ../../tests/e2e/provider-settings.spec.ts:53:1 › real settings persist control configuration and temporary secrets without claiming production generation (6.3s)
2026-09-15T10:32:03.3103179Z   ✓  44 ../../tests/e2e/provider-settings.spec.ts:84:1 › real config lost ACK restores the original command after browser/API restart and reads later current state separately (8.6s)
2026-09-15T10:32:11.9529063Z   ✓  45 ../../tests/e2e/provider-settings.spec.ts:112:1 › actual independent assessment policy keeps settings controls available and denies subject consent reads (8.6s)
2026-09-15T10:32:16.7710174Z   ✓  46 ../../tests/e2e/provider-settings.spec.ts:142:41 › secret controls use an actual newer readback while the parent refresh is held; peer change false (4.8s)
2026-09-15T10:32:21.8988127Z   ✓  47 ../../tests/e2e/provider-settings.spec.ts:142:41 › secret controls use an actual newer readback while the parent refresh is held; peer change true (5.1s)
2026-09-15T10:32:33.9044667Z   ✓  48 ../../tests/e2e/reader-conflict-layout.spec.ts:97:1 › real session conflict preserves the scrolled submitted explanation and requires an explicit comparison choice (12.0s)
2026-09-15T10:32:43.2791895Z   ✓  49 ../../tests/e2e/reader-conflict-layout.spec.ts:178:1 › real session conflict keeps the same enabled assessment input focused and visible in the shortened reader (9.4s)
2026-09-15T10:32:56.3821990Z   ✓  50 ../../tests/e2e/reader-restart.spec.ts:13:1 › actual browser close and API process restart retain imported references, notes, progress and Reader position (13.1s)
2026-09-15T10:33:05.5479635Z   ✓  51 ../../tests/e2e/reader.spec.ts:32:1 › real imported directory, title search, worked-example link, long formula and frozen original download (9.1s)
2026-09-15T10:33:14.0829379Z   ✓  52 ../../tests/e2e/reader.spec.ts:66:1 › second repeated rendered selection preserves exact source codepoints, saves note, edits and soft deletes (8.5s)
2026-09-15T10:33:20.2261000Z   ✓  53 ../../tests/e2e/reader.spec.ts:97:1 › native source keyboard selection creates exact Markdown codepoints without rendered-text guessing (6.1s)
2026-09-15T10:33:31.9360634Z   ✓  54 ../../tests/e2e/reader.spec.ts:122:1 › offline local note recovery and a real concurrent server revision show three-way comparison before CAS save (11.7s)
2026-09-15T10:33:41.7631300Z   ✘  55 ../../tests/e2e/reader.spec.ts:170:1 › historical course revisions stay in separate exact tabs and hash-mismatched links preserve unresolved reference (9.7s)
2026-09-15T10:33:57.5997547Z 
2026-09-15T10:33:57.6069109Z   ✓  56 ../../tests/e2e/reader.spec.ts:202:1 › a private original authorized before a cross-profile role decrease cannot trigger a late browser download (15.1s)
2026-09-15T10:34:09.8099498Z   ✓  57 ../../tests/e2e/recommendations.spec.ts:56:1 › real recommendation decisions recover a lost ACK across browser and API restart without rewriting later decisions or learning facts (12.2s)
2026-09-15T10:34:20.5493304Z   ✓  58 ../../tests/e2e/recommendations.spec.ts:90:1 › real local suggestions cover another imported textbook and open its complete original refs independently of acceptance (10.7s)
2026-09-15T10:34:31.7459706Z   ✓  59 ../../tests/e2e/recommendations.spec.ts:110:1 › real offline and stale decision candidates require explicit 412 correction and current independent policy hides delayed subject sources (11.2s)
2026-09-15T10:34:40.2874587Z   ✓  60 ../../tests/e2e/recommendations.spec.ts:151:1 › a controlled archived fixture makes the real historical recommendation stale and its formerly current UI cannot open the old target (8.5s)
2026-09-15T10:34:49.3624712Z   ✓  61 ../../tests/e2e/responsive-layout.spec.ts:43:1 › narrow layout and submitted explanation remain visible before React resize listeners run (9.1s)
2026-09-15T10:35:13.7109330Z   ✓  62 ../../tests/e2e/retrieval.spec.ts:47:1 › real explicit cold scope, original rebuild Job, complete hits/no match/resource omission and unchanged historical scope (24.3s)
2026-09-15T10:35:30.8859159Z   ✓  63 ../../tests/e2e/review.spec.ts:35:1 › real history and exact material review preserve original submitted text, null scores and a selected old revision after reload (17.2s)
2026-09-15T10:35:45.4120287Z   ✓  64 ../../tests/e2e/review.spec.ts:76:1 › a delayed old review response cannot restore history or academic context after another page starts a real independent attempt (14.5s)
2026-09-15T10:35:49.5191841Z   ✓  65 ../../tests/e2e/route-draft-input.spec.ts:9:60 › native route goal input survives its own initial draft save_first delivery after focus (4.1s)
2026-09-15T10:35:53.5199250Z   ✓  66 ../../tests/e2e/route-draft-input.spec.ts:9:60 › native route goal input survives its own initial draft load_first delivery after focus (4.0s)
2026-09-15T10:36:01.4427214Z   ✓  67 ../../tests/e2e/routes.spec.ts:10:1 › real route creation, reminder, manual false, reordered revision and exact target navigation preserve history (7.9s)
2026-09-15T10:36:05.8658386Z   ✓  68 ../../tests/e2e/workbench-initial-recovery.spec.ts:6:3 › initial workbench recovery keeps the saved lesson and waits for the real session at 1440px (4.4s)
2026-09-15T10:36:10.5267404Z   ✓  69 ../../tests/e2e/workbench-initial-recovery.spec.ts:6:3 › initial workbench recovery keeps the saved lesson and waits for the real session at 390px (4.6s)
2026-09-15T10:36:13.0129684Z   ✓  70 ../../tests/e2e/workbench.spec.ts:5:1 › empty workspace, native bootstrap, four fixed navigation and truthful auxiliary states (2.4s)
2026-09-15T10:36:16.8525593Z   ✓  71 ../../tests/e2e/workbench.spec.ts:22:1 › real keyboard and mouse resize, native drawers, focus return and restored layout (3.8s)
2026-09-15T10:36:21.4919746Z   ✓  72 ../../tests/e2e/workbench.spec.ts:43:1 › object drafts survive preview switches, close choice and browser reload without fake sending (4.6s)
2026-09-15T10:36:30.0576141Z   ✓  73 ../../tests/e2e/workbench.spec.ts:60:1 › server CAS conflict is visible, local object drafts survive and explicit readback recovers (8.5s)
2026-09-15T10:36:35.2888039Z   ✓  74 ../../tests/e2e/workbench.spec.ts:73:1 › offline pending UI is restored after actual connection recovery (5.2s)
2026-09-15T10:36:38.6836295Z   ✓  75 ../../tests/e2e/workbench.spec.ts:85:1 › actual MathJax, no runtime errors, long formula local scrolling, all screenshot sizes (3.4s)
2026-09-15T10:36:46.0260846Z   ✓  76 ../../tests/e2e/workbench.spec.ts:112:1 › two browser pages keep drafts for different objects in native IndexedDB (7.3s)
2026-09-15T10:36:49.5124310Z   ✓  77 ../../tests/e2e/workbench.spec.ts:130:1 › exact reference mismatch stays unresolved and preserves the original snapshot (3.5s)
2026-09-15T10:36:55.3510093Z   ✓  78 ../../tests/e2e/workbench.spec.ts:147:1 › cold lazy renderer restores saved reading offset after the content is ready (5.8s)
2026-09-15T10:37:03.6752503Z   ✓  79 ../../tests/e2e/workbench.spec.ts:167:1 › native concurrent same-object transactions preserve both candidates and expose explicit recovery (8.3s)
2026-09-15T10:37:09.3681105Z   ✓  80 ../../tests/e2e/workbench.spec.ts:200:1 › directory history restores the current course and navigation entry (5.7s)
2026-09-15T10:37:13.6418436Z   ✓  81 ../../tests/e2e/workbench.spec.ts:212:1 › UI cache quota failure stays visibly unsaved until the real server acknowledges (4.3s)
2026-09-15T10:37:17.7729857Z   ✓  82 ../../tests/e2e/workbench.spec.ts:229:1 › offline UI candidates from two pages remain separate on reload (4.1s)
2026-09-15T10:37:24.4659935Z   ✓  83 ../../tests/e2e/workbench.spec.ts:250:1 › quota-only memory candidate with a changed server baseline shows three-way comparison before explicit CAS (6.7s)
2026-09-15T10:37:30.0532745Z   ✓  84 ../../tests/e2e/workbench.spec.ts:283:1 › per-object details and focus survive A to B to A and browser reload after lazy content readiness (5.6s)
2026-09-15T10:37:34.1798013Z   ✓  85 ../../tests/e2e/workbench.spec.ts:302:1 › first unsent-draft conflict shows original, local and stored text before any reload or choice (4.1s)
2026-09-15T10:37:39.5699757Z   ✓  86 ../../tests/e2e/workbench.spec.ts:332:1 › route directory stays honestly empty and continue reading restores the exact last lesson (5.4s)
2026-09-15T10:37:43.5112087Z   ✓  87 ../../tests/e2e/workbench.spec.ts:354:1 › native keyboard selection updates frozen-reference preview and ambiguous source matches are refused (3.9s)
2026-09-15T10:37:47.8262331Z   ✓  88 ../../tests/e2e/zoom.spec.ts:5:1 › real browser 200 percent zoom reflows CSS width through Chrome appearance setting (4.3s)
2026-09-15T10:37:47.9623019Z 
2026-09-15T10:37:47.9631594Z 
2026-09-15T10:37:47.9642677Z   1) ../../tests/e2e/reader.spec.ts:170:1 › historical course revisions stay in separate exact tabs and hash-mismatched links preserve unresolved reference 
2026-09-15T10:37:47.9643899Z 
2026-09-15T10:37:47.9644298Z     Error: expect(locator).toContainText(expected) failed
2026-09-15T10:37:47.9644783Z 
2026-09-15T10:37:47.9645052Z     Locator: locator('.real-reader')
2026-09-15T10:37:47.9645866Z     Expected substring: "第二修订选文"
2026-09-15T10:37:47.9646381Z     Timeout: 5000ms
2026-09-15T10:37:47.9647135Z     Error: element(s) not found
2026-09-15T10:37:47.9647462Z 
2026-09-15T10:37:47.9647618Z     Call log:
2026-09-15T10:37:47.9648291Z       - Expect "toContainText" locator('.real-reader') with timeout 5000ms
2026-09-15T10:37:47.9649130Z       - waiting for locator('.real-reader')
2026-09-15T10:37:47.9649361Z 
2026-09-15T10:37:47.9649388Z 
2026-09-15T10:37:47.9650240Z       176 |   const target = { course: current.course, lesson: current.lessons[0], block: current.blocks[0], view: 'lesson' }
2026-09-15T10:37:47.9651636Z       177 |   await page.goto(`/?reader=${encodeURIComponent(JSON.stringify(target))}`)
2026-09-15T10:37:47.9652982Z     > 178 |   await expect(page.locator('.real-reader')).toContainText('第二修订选文')
2026-09-15T10:37:47.9653869Z           |                                              ^
2026-09-15T10:37:47.9654973Z       179 |   const oldTarget = { course: old.course, lesson: old.lessons[0], block: old.blocks[0], view: 'lesson' }
2026-09-15T10:37:47.9656399Z       180 |   await expect(page.getByText('✓ UI 会话已保存')).toBeVisible()
2026-09-15T10:37:47.9658403Z       181 |   await page.goto(`/?reader=${encodeURIComponent(JSON.stringify(oldTarget))}`)
2026-09-15T10:37:47.9659748Z         at <github-runner-home>/work/Learning_Workbench/Learning_Workbench/tests/e2e/reader.spec.ts:178:46
2026-09-15T10:37:47.9660543Z 
2026-09-15T10:37:47.9661894Z     Error Context: ../../.local_data/e2e-results/reader-historical-course-r-ef021-eserve-unresolved-reference/error-context.md
2026-09-15T10:37:47.9662754Z 
2026-09-15T10:37:47.9662955Z   1 failed
2026-09-15T10:37:47.9664384Z     ../../tests/e2e/reader.spec.ts:170:1 › historical course revisions stay in separate exact tabs and hash-mismatched links preserve unresolved reference 
2026-09-15T10:37:47.9665583Z   87 passed (12.9m)
2026-09-15T10:37:47.9906398Z make: *** [Makefile:32: test-e2e] Error 1
2026-09-15T10:37:47.9924924Z ##[error]Process completed with exit code 2.
2026-09-15T10:37:48.0063578Z Post job cleanup.
2026-09-15T10:37:48.0946900Z [command]/usr/bin/git version
2026-09-15T10:37:48.0994332Z git version 2.55.0
2026-09-15T10:37:48.1035922Z Temporarily overriding HOME='<github-runner-home>/work/_temp/16c6a9d3-1d6f-4315-bd00-991d06682bf4' before making global git config changes
2026-09-15T10:37:48.1038429Z Adding repository directory to the temporary git global config as a safe directory
2026-09-15T10:37:48.1042732Z [command]/usr/bin/git config --global --add safe.directory <github-runner-home>/work/Learning_Workbench/Learning_Workbench
2026-09-15T10:37:48.1076751Z Removing SSH command configuration
2026-09-15T10:37:48.1083644Z [command]/usr/bin/git config --local --name-only --get-regexp core\.sshCommand
2026-09-15T10:37:48.1122852Z [command]/usr/bin/git submodule foreach --recursive sh -c "git config --local --name-only --get-regexp 'core\.sshCommand' && git config --local --unset-all 'core.sshCommand' || :"
2026-09-15T10:37:48.1446711Z Removing HTTP extra header
2026-09-15T10:37:48.1453775Z [command]/usr/bin/git config --local --name-only --get-regexp http\.https\:\/\/github\.com\/\.extraheader
2026-09-15T10:37:48.1508940Z [command]/usr/bin/git submodule foreach --recursive sh -c "git config --local --name-only --get-regexp 'http\.https\:\/\/github\.com\/\.extraheader' && git config --local --unset-all 'http.https://github.com/.extraheader' || :"
2026-09-15T10:37:48.1821319Z Removing includeIf entries pointing to credentials config files
2026-09-15T10:37:48.1828269Z [command]/usr/bin/git config --local --name-only --get-regexp ^includeIf\.gitdir:
2026-09-15T10:37:48.1856440Z includeif.gitdir:<github-runner-home>/work/Learning_Workbench/Learning_Workbench/.git.path
2026-09-15T10:37:48.1858517Z includeif.gitdir:<github-runner-home>/work/Learning_Workbench/Learning_Workbench/.git/worktrees/*.path
2026-09-15T10:37:48.1859619Z includeif.gitdir:/github/workspace/.git.path
2026-09-15T10:37:48.1860526Z includeif.gitdir:/github/workspace/.git/worktrees/*.path
2026-09-15T10:37:48.1866754Z [command]/usr/bin/git config --local --get-all includeif.gitdir:<github-runner-home>/work/Learning_Workbench/Learning_Workbench/.git.path
2026-09-15T10:37:48.1894067Z <github-runner-home>/work/_temp/git-credentials-7e291c8a-bf50-4416-9feb-1a8761186c15.config
2026-09-15T10:37:48.1907119Z [command]/usr/bin/git config --local --unset includeif.gitdir:<github-runner-home>/work/Learning_Workbench/Learning_Workbench/.git.path \/home\/runner\/work\/_temp\/git\-credentials\-7e291c8a\-bf50\-4416\-9feb\-1a8761186c15\.config
2026-09-15T10:37:48.1948637Z [command]/usr/bin/git config --local --get-all includeif.gitdir:<github-runner-home>/work/Learning_Workbench/Learning_Workbench/.git/worktrees/*.path
2026-09-15T10:37:48.2006207Z <github-runner-home>/work/_temp/git-credentials-7e291c8a-bf50-4416-9feb-1a8761186c15.config
2026-09-15T10:37:48.2009565Z [command]/usr/bin/git config --local --unset includeif.gitdir:<github-runner-home>/work/Learning_Workbench/Learning_Workbench/.git/worktrees/*.path \/home\/runner\/work\/_temp\/git\-credentials\-7e291c8a\-bf50\-4416\-9feb\-1a8761186c15\.config
2026-09-15T10:37:48.2040562Z [command]/usr/bin/git config --local --get-all includeif.gitdir:/github/workspace/.git.path
2026-09-15T10:37:48.2065257Z /github/runner_temp/git-credentials-7e291c8a-bf50-4416-9feb-1a8761186c15.config
2026-09-15T10:37:48.2074846Z [command]/usr/bin/git config --local --unset includeif.gitdir:/github/workspace/.git.path \/github\/runner_temp\/git\-credentials\-7e291c8a\-bf50\-4416\-9feb\-1a8761186c15\.config
2026-09-15T10:37:48.2110292Z [command]/usr/bin/git config --local --get-all includeif.gitdir:/github/workspace/.git/worktrees/*.path
2026-09-15T10:37:48.2134958Z /github/runner_temp/git-credentials-7e291c8a-bf50-4416-9feb-1a8761186c15.config
2026-09-15T10:37:48.2142775Z [command]/usr/bin/git config --local --unset includeif.gitdir:/github/workspace/.git/worktrees/*.path \/github\/runner_temp\/git\-credentials\-7e291c8a\-bf50\-4416\-9feb\-1a8761186c15\.config
2026-09-15T10:37:48.2177459Z [command]/usr/bin/git submodule foreach --recursive git config --local --show-origin --name-only --get-regexp remote.origin.url
2026-09-15T10:37:48.2459242Z Removing credentials config '<github-runner-home>/work/_temp/git-credentials-7e291c8a-bf50-4416-9feb-1a8761186c15.config'
2026-09-15T10:37:48.2623862Z Cleaning up orphan processes
