2026-09-15T10:21:53.7822739Z Current runner version: '2.337.0'
2026-09-15T10:21:53.7844234Z ##[group]Runner Image Provisioner
2026-09-15T10:21:53.7845030Z Hosted Compute Agent
2026-09-15T10:21:53.7845514Z Version: 20260828.587
2026-09-15T10:21:53.7846051Z Commit: abac92662cab4cc7352de4f9f9d2e2419aad9c29
2026-09-15T10:21:53.7846685Z Build Date: 2026-08-28T16:44:25Z
2026-09-15T10:21:53.7847242Z Worker ID: {b1f7ea62-e0bb-44a7-8914-acfb5adbd832}
2026-09-15T10:21:53.7847859Z Azure Region: westus
2026-09-15T10:21:53.7848359Z ##[endgroup]
2026-09-15T10:21:53.7849596Z ##[group]Operating System
2026-09-15T10:21:53.7850133Z Ubuntu
2026-09-15T10:21:53.7850559Z 26.04.1
2026-09-15T10:21:53.7851023Z LTS
2026-09-15T10:21:53.7851455Z ##[endgroup]
2026-09-15T10:21:53.7851892Z ##[group]Runner Image
2026-09-15T10:21:53.7852460Z Image: ubuntu-26.04
2026-09-15T10:21:53.7852934Z Version: 20260907.131.1
2026-09-15T10:21:53.7854287Z Included Software: https://github.com/actions/runner-images/blob/ubuntu26/20260907.131/images/ubuntu/Ubuntu2604-Readme.md
2026-09-15T10:21:53.7855773Z Image Release: https://github.com/actions/runner-images/releases/tag/ubuntu26%2F20260907.131
2026-09-15T10:21:53.7856641Z ##[endgroup]
2026-09-15T10:21:53.7857531Z ##[group]GITHUB_TOKEN Permissions
2026-09-15T10:21:53.7859281Z Contents: read
2026-09-15T10:21:53.7859809Z Metadata: read
2026-09-15T10:21:53.7860368Z ##[endgroup]
2026-09-15T10:21:53.7862034Z Secret source: Actions
2026-09-15T10:21:53.7862824Z Cache mode: write
2026-09-15T10:21:53.7863545Z Prepare workflow directory
2026-09-15T10:21:53.8116189Z Prepare all required actions
2026-09-15T10:21:53.8153417Z Getting action download info
2026-09-15T10:21:54.1457742Z Download action repository 'actions/checkout@3d3c42e5aac5ba805825da76410c181273ba90b1' (SHA:3d3c42e5aac5ba805825da76410c181273ba90b1)
2026-09-15T10:21:54.2717062Z Download action repository 'actions/setup-python@5fda3b95a4ea91299a34e894583c3862153e4b97' (SHA:5fda3b95a4ea91299a34e894583c3862153e4b97)
2026-09-15T10:21:54.3606380Z Download action repository 'actions/setup-node@820762786026740c76f36085b0efc47a31fe5020' (SHA:820762786026740c76f36085b0efc47a31fe5020)
2026-09-15T10:21:54.5353653Z Complete job name: browser
2026-09-15T10:21:54.5967612Z ##[group]Run actions/checkout@3d3c42e5aac5ba805825da76410c181273ba90b1
2026-09-15T10:21:54.5968397Z with:
2026-09-15T10:21:54.5968799Z   repository: kl3574/Learning_Workbench
2026-09-15T10:21:54.5971698Z   token: ***
2026-09-15T10:21:54.5972042Z   ssh-strict: true
2026-09-15T10:21:54.5972389Z   ssh-user: git
2026-09-15T10:21:54.5972743Z   persist-credentials: true
2026-09-15T10:21:54.5973127Z   clean: true
2026-09-15T10:21:54.5973474Z   sparse-checkout-cone-mode: true
2026-09-15T10:21:54.5974002Z   fetch-depth: 1
2026-09-15T10:21:54.5974340Z   fetch-tags: false
2026-09-15T10:21:54.5974686Z   show-progress: true
2026-09-15T10:21:54.5975035Z   lfs: false
2026-09-15T10:21:54.5975351Z   submodules: false
2026-09-15T10:21:54.5975698Z   set-safe-directory: true
2026-09-15T10:21:54.5976091Z   allow-unsafe-pr-checkout: false
2026-09-15T10:21:54.5976673Z ##[endgroup]
2026-09-15T10:21:54.6795767Z Syncing repository: kl3574/Learning_Workbench
2026-09-15T10:21:54.6797757Z ##[group]Getting Git version info
2026-09-15T10:21:54.6798730Z Working directory is '<github-runner-home>/work/Learning_Workbench/Learning_Workbench'
2026-09-15T10:21:54.6800094Z [command]/usr/bin/git version
2026-09-15T10:21:54.6804471Z git version 2.55.0
2026-09-15T10:21:54.6820787Z ##[endgroup]
2026-09-15T10:21:54.6829177Z Temporarily overriding HOME='<github-runner-home>/work/_temp/4ea0c92a-4d30-4ef6-960d-0a6e4b1f1701' before making global git config changes
2026-09-15T10:21:54.6830941Z Adding repository directory to the temporary git global config as a safe directory
2026-09-15T10:21:54.6834792Z [command]/usr/bin/git config --global --add safe.directory <github-runner-home>/work/Learning_Workbench/Learning_Workbench
2026-09-15T10:21:54.6884919Z Deleting the contents of '<github-runner-home>/work/Learning_Workbench/Learning_Workbench'
2026-09-15T10:21:54.6886474Z ##[group]Determining repository object format
2026-09-15T10:21:54.6887915Z ##[endgroup]
2026-09-15T10:21:54.6888827Z ##[group]Initializing the repository
2026-09-15T10:21:54.6889890Z [command]/usr/bin/git init <github-runner-home>/work/Learning_Workbench/Learning_Workbench
2026-09-15T10:21:54.7607332Z hint: Using 'master' as the name for the initial branch. This default branch name
2026-09-15T10:21:54.7608782Z hint: will change to "main" in Git 3.0. To configure the initial branch name
2026-09-15T10:21:54.7609976Z hint: to use in all of your new repositories, which will suppress this warning,
2026-09-15T10:21:54.7610924Z hint: call:
2026-09-15T10:21:54.7611270Z hint:
2026-09-15T10:21:54.7611870Z hint: 	git config --global init.defaultBranch <name>
2026-09-15T10:21:54.7612626Z hint:
2026-09-15T10:21:54.7613267Z hint: Names commonly chosen instead of 'master' are 'main', 'trunk' and
2026-09-15T10:21:54.7614413Z hint: 'development'. The just-created branch can be renamed via this command:
2026-09-15T10:21:54.7615210Z hint:
2026-09-15T10:21:54.7615544Z hint: 	git branch -m <name>
2026-09-15T10:21:54.7615953Z hint:
2026-09-15T10:21:54.7616455Z hint: Disable this message with "git config set advice.defaultBranchName false"
2026-09-15T10:21:54.7617772Z Initialized empty Git repository in <github-runner-home>/work/Learning_Workbench/Learning_Workbench/.git/
2026-09-15T10:21:54.7619436Z [command]/usr/bin/git remote add origin https://github.com/kl3574/Learning_Workbench
2026-09-15T10:21:54.7656206Z ##[endgroup]
2026-09-15T10:21:54.7656827Z ##[group]Disabling automatic garbage collection
2026-09-15T10:21:54.7658263Z [command]/usr/bin/git config --local gc.auto 0
2026-09-15T10:21:54.7684525Z ##[endgroup]
2026-09-15T10:21:54.7685326Z ##[group]Setting up auth
2026-09-15T10:21:54.7685761Z Removing SSH command configuration
2026-09-15T10:21:54.7688466Z [command]/usr/bin/git config --local --name-only --get-regexp core\.sshCommand
2026-09-15T10:21:54.7715868Z [command]/usr/bin/git submodule foreach --recursive sh -c "git config --local --name-only --get-regexp 'core\.sshCommand' && git config --local --unset-all 'core.sshCommand' || :"
2026-09-15T10:21:54.8033921Z Removing HTTP extra header
2026-09-15T10:21:54.8037761Z [command]/usr/bin/git config --local --name-only --get-regexp http\.https\:\/\/github\.com\/\.extraheader
2026-09-15T10:21:54.8064474Z [command]/usr/bin/git submodule foreach --recursive sh -c "git config --local --name-only --get-regexp 'http\.https\:\/\/github\.com\/\.extraheader' && git config --local --unset-all 'http.https://github.com/.extraheader' || :"
2026-09-15T10:21:54.8280091Z Removing includeIf entries pointing to credentials config files
2026-09-15T10:21:54.8283825Z [command]/usr/bin/git config --local --name-only --get-regexp ^includeIf\.gitdir:
2026-09-15T10:21:54.8310174Z [command]/usr/bin/git submodule foreach --recursive git config --local --show-origin --name-only --get-regexp remote.origin.url
2026-09-15T10:21:54.8547523Z [command]/usr/bin/git config --file <github-runner-home>/work/_temp/git-credentials-cfdce0c5-db95-4794-afe1-c48bbc1a76e4.config http.https://github.com/.extraheader AUTHORIZATION: basic ***
2026-09-15T10:21:54.8582552Z [command]/usr/bin/git config --local includeIf.gitdir:<github-runner-home>/work/Learning_Workbench/Learning_Workbench/.git.path <github-runner-home>/work/_temp/git-credentials-cfdce0c5-db95-4794-afe1-c48bbc1a76e4.config
2026-09-15T10:21:54.8611094Z [command]/usr/bin/git config --local includeIf.gitdir:<github-runner-home>/work/Learning_Workbench/Learning_Workbench/.git/worktrees/*.path <github-runner-home>/work/_temp/git-credentials-cfdce0c5-db95-4794-afe1-c48bbc1a76e4.config
2026-09-15T10:21:54.8641948Z [command]/usr/bin/git config --local includeIf.gitdir:/github/workspace/.git.path /github/runner_temp/git-credentials-cfdce0c5-db95-4794-afe1-c48bbc1a76e4.config
2026-09-15T10:21:54.8671656Z [command]/usr/bin/git config --local includeIf.gitdir:/github/workspace/.git/worktrees/*.path /github/runner_temp/git-credentials-cfdce0c5-db95-4794-afe1-c48bbc1a76e4.config
2026-09-15T10:21:54.8697438Z ##[endgroup]
2026-09-15T10:21:54.8704598Z ##[group]Fetching the repository
2026-09-15T10:21:54.8706007Z [command]/usr/bin/git -c protocol.version=2 fetch --no-tags --prune --no-recurse-submodules --depth=1 origin +3dd75f01966bb5dcf0b9ea0855e6b82ce335d814:refs/remotes/origin/feat/M5.2-local-retrieval
2026-09-15T10:21:57.5300951Z From https://github.com/kl3574/Learning_Workbench
2026-09-15T10:21:57.5302473Z  * [new ref]         3dd75f01966bb5dcf0b9ea0855e6b82ce335d814 -> origin/feat/M5.2-local-retrieval
2026-09-15T10:21:57.5307843Z [command]/usr/bin/git branch --list --remote origin/feat/M5.2-local-retrieval
2026-09-15T10:21:57.5330671Z   origin/feat/M5.2-local-retrieval
2026-09-15T10:21:57.5337322Z [command]/usr/bin/git rev-parse refs/remotes/origin/feat/M5.2-local-retrieval
2026-09-15T10:21:57.5357174Z 3dd75f01966bb5dcf0b9ea0855e6b82ce335d814
2026-09-15T10:21:57.5360778Z ##[endgroup]
2026-09-15T10:21:57.5361830Z ##[group]Determining the checkout info
2026-09-15T10:21:57.5363092Z ##[endgroup]
2026-09-15T10:21:57.5364559Z [command]/usr/bin/git sparse-checkout disable
2026-09-15T10:21:57.5590542Z [command]/usr/bin/git config --local --unset-all extensions.worktreeConfig
2026-09-15T10:21:57.5618237Z ##[group]Checking out the ref
2026-09-15T10:21:57.5621720Z [command]/usr/bin/git checkout --progress --force -B feat/M5.2-local-retrieval refs/remotes/origin/feat/M5.2-local-retrieval
2026-09-15T10:21:57.9276958Z Switched to a new branch 'feat/M5.2-local-retrieval'
2026-09-15T10:21:57.9277768Z branch 'feat/M5.2-local-retrieval' set up to track 'origin/feat/M5.2-local-retrieval'.
2026-09-15T10:21:57.9297875Z ##[endgroup]
2026-09-15T10:21:57.9817207Z [command]/usr/bin/git log -1 --format=%H
2026-09-15T10:21:57.9843572Z 3dd75f01966bb5dcf0b9ea0855e6b82ce335d814
2026-09-15T10:21:58.0137197Z ##[group]Run actions/setup-python@5fda3b95a4ea91299a34e894583c3862153e4b97
2026-09-15T10:21:58.0137584Z with:
2026-09-15T10:21:58.0137804Z   python-version: 3.12.13
2026-09-15T10:21:58.0138038Z   check-latest: false
2026-09-15T10:21:58.0139972Z   token: ***
2026-09-15T10:21:58.0140187Z   update-environment: true
2026-09-15T10:21:58.0140450Z   allow-prereleases: false
2026-09-15T10:21:58.0140688Z   freethreaded: false
2026-09-15T10:21:58.0140903Z ##[endgroup]
2026-09-15T10:21:58.1050556Z ##[group]Installed versions
2026-09-15T10:21:58.1060054Z Version 3.12.13 was not found in the local cache
2026-09-15T10:21:58.7517417Z Version 3.12.13 is available for downloading
2026-09-15T10:21:58.7518062Z Download from "https://github.com/actions/python-versions/releases/download/3.12.13-27650778726/python-3.12.13-linux-26.04-x64.tar.gz"
2026-09-15T10:22:00.1375454Z Extract downloaded archive
2026-09-15T10:22:00.1523601Z [command]/usr/bin/tar xz --warning=no-unknown-keyword --overwrite -C <github-runner-home>/work/_temp/d6609137-bcf4-470c-b665-ff1f59b9eae5 -f <github-runner-home>/work/_temp/56db1ca2-fd29-4dd3-91de-854ce06597ef
2026-09-15T10:22:01.1402493Z Execute installation script
2026-09-15T10:22:01.1511298Z Check if Python hostedtoolcache folder exist...
2026-09-15T10:22:01.1511707Z Create Python 3.12.13 folder
2026-09-15T10:22:01.1534172Z Copy Python binaries to hostedtoolcache folder
2026-09-15T10:22:01.5179969Z Create additional symlinks (Required for the UsePythonVersion Azure Pipelines task and the setup-python GitHub Action)
2026-09-15T10:22:01.5268192Z Upgrading pip...
2026-09-15T10:22:03.1084052Z Collecting pip
2026-09-15T10:22:03.1434971Z Downloading pip-26.2.1-py3-none-any.whl.metadata (4.6 kB)
2026-09-15T10:22:03.1579436Z Downloading pip-26.2.1-py3-none-any.whl (1.8 MB)
2026-09-15T10:22:03.3274850Z ━━━━━━━━━━━━━━━━━━━━━━━━━━━━━━━━━━━━━━━━ 1.8/1.8 MB 10.6 MB/s eta 0:00:00
2026-09-15T10:22:03.3275294Z 
2026-09-15T10:22:03.3425391Z Installing collected packages: pip
2026-09-15T10:22:03.3426290Z Attempting uninstall: pip
2026-09-15T10:22:03.3443261Z Found existing installation: pip 25.0.1
2026-09-15T10:22:03.3722193Z Uninstalling pip-25.0.1:
2026-09-15T10:22:03.3770512Z Successfully uninstalled pip-25.0.1
2026-09-15T10:22:04.0745313Z Successfully installed pip-26.2.1
2026-09-15T10:22:04.1177904Z Create complete file
2026-09-15T10:22:04.1221941Z Successfully set up CPython (3.12.13)
2026-09-15T10:22:04.1223480Z ##[endgroup]
2026-09-15T10:22:04.1384061Z ##[group]Run actions/setup-node@820762786026740c76f36085b0efc47a31fe5020
2026-09-15T10:22:04.1384399Z with:
2026-09-15T10:22:04.1384579Z   node-version: 24.21.0
2026-09-15T10:22:04.1384775Z   check-latest: false
2026-09-15T10:22:04.1386651Z   token: ***
2026-09-15T10:22:04.1386836Z   package-manager-cache: true
2026-09-15T10:22:04.1387038Z env:
2026-09-15T10:22:04.1387274Z   pythonLocation: /opt/hostedtoolcache/Python/3.12.13/x64
2026-09-15T10:22:04.1387632Z   PKG_CONFIG_PATH: /opt/hostedtoolcache/Python/3.12.13/x64/lib/pkgconfig
2026-09-15T10:22:04.1388028Z   Python_ROOT_DIR: /opt/hostedtoolcache/Python/3.12.13/x64
2026-09-15T10:22:04.1388329Z   Python2_ROOT_DIR: /opt/hostedtoolcache/Python/3.12.13/x64
2026-09-15T10:22:04.1388625Z   Python3_ROOT_DIR: /opt/hostedtoolcache/Python/3.12.13/x64
2026-09-15T10:22:04.1388918Z   LD_LIBRARY_PATH: /opt/hostedtoolcache/Python/3.12.13/x64/lib
2026-09-15T10:22:04.1389192Z ##[endgroup]
2026-09-15T10:22:04.2377336Z Attempting to download 24.21.0...
2026-09-15T10:22:04.9312737Z Acquiring 24.21.0 - x64 from https://github.com/actions/node-versions/releases/download/24.21.0-34304089047/node-24.21.0-linux-x64.tar.gz
2026-09-15T10:22:05.3241801Z Extracting ...
2026-09-15T10:22:05.3339708Z [command]/usr/bin/tar xz --strip 1 --warning=no-unknown-keyword --overwrite -C <github-runner-home>/work/_temp/edb8397d-e1e5-431d-a247-a565a93b5f8a -f <github-runner-home>/work/_temp/225583a5-8d63-4eb4-8a63-6dcd4f3baa2f
2026-09-15T10:22:05.9995478Z Adding to the cache ...
2026-09-15T10:22:08.1009998Z ##[group]Environment details
2026-09-15T10:22:08.2980048Z node: v24.21.0
2026-09-15T10:22:08.2980347Z npm: 11.19.0
2026-09-15T10:22:08.2980579Z yarn: 1.22.22
2026-09-15T10:22:08.2981093Z ##[endgroup]
2026-09-15T10:22:08.3131559Z ##[group]Run python -m pip install uv==0.11.21
2026-09-15T10:22:08.3131900Z [36;1mpython -m pip install uv==0.11.21[0m
2026-09-15T10:22:08.3887764Z shell: /usr/bin/bash -e {0}
2026-09-15T10:22:08.3888046Z env:
2026-09-15T10:22:08.3888287Z   pythonLocation: /opt/hostedtoolcache/Python/3.12.13/x64
2026-09-15T10:22:08.3888643Z   PKG_CONFIG_PATH: /opt/hostedtoolcache/Python/3.12.13/x64/lib/pkgconfig
2026-09-15T10:22:08.3888969Z   Python_ROOT_DIR: /opt/hostedtoolcache/Python/3.12.13/x64
2026-09-15T10:22:08.3889259Z   Python2_ROOT_DIR: /opt/hostedtoolcache/Python/3.12.13/x64
2026-09-15T10:22:08.3889551Z   Python3_ROOT_DIR: /opt/hostedtoolcache/Python/3.12.13/x64
2026-09-15T10:22:08.3889844Z   LD_LIBRARY_PATH: /opt/hostedtoolcache/Python/3.12.13/x64/lib
2026-09-15T10:22:08.3890104Z ##[endgroup]
2026-09-15T10:22:08.9704441Z Collecting uv==0.11.21
2026-09-15T10:22:09.1105462Z   Downloading uv-0.11.21-py3-none-manylinux_2_17_x86_64.manylinux2014_x86_64.whl.metadata (11 kB)
2026-09-15T10:22:09.1831757Z Downloading uv-0.11.21-py3-none-manylinux_2_17_x86_64.manylinux2014_x86_64.whl (25.1 MB)
2026-09-15T10:22:09.7179613Z    ━━━━━━━━━━━━━━━━━━━━━━━━━━━━━━━━━━━━━━━━ 25.1/25.1 MB 58.5 MB/s  0:00:00
2026-09-15T10:22:09.7560298Z Installing collected packages: uv
2026-09-15T10:22:09.9756154Z Successfully installed uv-0.11.21
2026-09-15T10:22:10.0221268Z ##[group]Run uv sync --frozen
2026-09-15T10:22:10.0221560Z [36;1muv sync --frozen[0m
2026-09-15T10:22:10.0274332Z shell: /usr/bin/bash -e {0}
2026-09-15T10:22:10.0274557Z env:
2026-09-15T10:22:10.0274781Z   pythonLocation: /opt/hostedtoolcache/Python/3.12.13/x64
2026-09-15T10:22:10.0275128Z   PKG_CONFIG_PATH: /opt/hostedtoolcache/Python/3.12.13/x64/lib/pkgconfig
2026-09-15T10:22:10.0275461Z   Python_ROOT_DIR: /opt/hostedtoolcache/Python/3.12.13/x64
2026-09-15T10:22:10.0275760Z   Python2_ROOT_DIR: /opt/hostedtoolcache/Python/3.12.13/x64
2026-09-15T10:22:10.0276060Z   Python3_ROOT_DIR: /opt/hostedtoolcache/Python/3.12.13/x64
2026-09-15T10:22:10.0276363Z   LD_LIBRARY_PATH: /opt/hostedtoolcache/Python/3.12.13/x64/lib
2026-09-15T10:22:10.0276615Z ##[endgroup]
2026-09-15T10:22:10.0777620Z Using CPython 3.12.13 interpreter at: /opt/hostedtoolcache/Python/3.12.13/x64/bin/python3.12
2026-09-15T10:22:10.0778355Z Creating virtual environment at: .venv
2026-09-15T10:22:10.1466590Z Downloading mypy (14.6MiB)
2026-09-15T10:22:10.1470792Z Downloading ruff (9.9MiB)
2026-09-15T10:22:10.1472737Z Downloading ast-serialize (1.3MiB)
2026-09-15T10:22:10.1474698Z Downloading pygments (1.2MiB)
2026-09-15T10:22:10.1478022Z Downloading pydantic-core (2.0MiB)
2026-09-15T10:22:10.3351358Z  Downloaded ast-serialize
2026-09-15T10:22:10.3681478Z  Downloaded pydantic-core
2026-09-15T10:22:10.4159998Z  Downloaded ruff
2026-09-15T10:22:10.5476292Z  Downloaded pygments
2026-09-15T10:22:10.6459997Z  Downloaded mypy
2026-09-15T10:22:10.6461944Z Prepared 37 packages in 565ms
2026-09-15T10:22:10.6813897Z Installed 37 packages in 35ms
2026-09-15T10:22:10.6814304Z  + annotated-doc==0.0.5
2026-09-15T10:22:10.6814627Z  + annotated-types==0.8.0
2026-09-15T10:22:10.6814929Z  + anyio==4.15.1
2026-09-15T10:22:10.6815255Z  + ast-serialize==0.11.2
2026-09-15T10:22:10.6815558Z  + attrs==26.1.0
2026-09-15T10:22:10.6815862Z  + certifi==2026.7.22
2026-09-15T10:22:10.6816134Z  + click==8.5.0
2026-09-15T10:22:10.6816431Z  + defusedxml==0.7.1
2026-09-15T10:22:10.6816701Z  + fastapi==0.141.1
2026-09-15T10:22:10.6816995Z  + h11==0.16.0
2026-09-15T10:22:10.6817247Z  + httpcore==1.0.9
2026-09-15T10:22:10.6817574Z  + httpx==0.28.1
2026-09-15T10:22:10.6817838Z  + idna==3.19
2026-09-15T10:22:10.6818102Z  + iniconfig==2.3.0
2026-09-15T10:22:10.6818383Z  + jsonschema==4.26.0
2026-09-15T10:22:10.6818733Z  + jsonschema-specifications==2025.9.1
2026-09-15T10:22:10.6819083Z  + librt==0.15.0
2026-09-15T10:22:10.6819365Z  + markdown-it-py==4.2.0
2026-09-15T10:22:10.6819655Z  + mdurl==0.1.2
2026-09-15T10:22:10.6819922Z  + mypy==2.3.1
2026-09-15T10:22:10.6820200Z  + mypy-extensions==1.1.0
2026-09-15T10:22:10.6820500Z  + packaging==26.3
2026-09-15T10:22:10.6820769Z  + pathspec==1.1.1
2026-09-15T10:22:10.6821033Z  + pluggy==1.6.0
2026-09-15T10:22:10.6821353Z  + pydantic==2.13.5
2026-09-15T10:22:10.6821649Z  + pydantic-core==2.46.5
2026-09-15T10:22:10.6822196Z  + pygments==2.21.0
2026-09-15T10:22:10.6822508Z  + pypdf==6.18.1
2026-09-15T10:22:10.6822811Z  + pytest==9.1.1
2026-09-15T10:22:10.6823100Z  + python-multipart==0.0.32
2026-09-15T10:22:10.6823424Z  + referencing==0.37.0
2026-09-15T10:22:10.6823823Z  + rpds-py==2026.6.3
2026-09-15T10:22:10.6824100Z  + ruff==0.16.7
2026-09-15T10:22:10.6824473Z  + starlette==1.6.0
2026-09-15T10:22:10.6824756Z  + typing-extensions==4.16.0
2026-09-15T10:22:10.6825097Z  + typing-inspection==0.4.4
2026-09-15T10:22:10.6825412Z  + uvicorn==0.53.0
2026-09-15T10:22:10.6885219Z ##[group]Run sudo apt-get update
2026-09-15T10:22:10.6885477Z [36;1msudo apt-get update[0m
2026-09-15T10:22:10.6885958Z [36;1msudo apt-get install -y bubblewrap=0.11.1-1ubuntu0.1 apparmor=5.0.2-0ubuntu1~26.04.1 libapparmor1=5.0.2-0ubuntu1~26.04.1 libseccomp2=2.6.0-2ubuntu5[0m
2026-09-15T10:22:10.6886526Z [36;1mdpkg-query -W bubblewrap apparmor libapparmor1 libseccomp2[0m
2026-09-15T10:22:10.6886845Z [36;1mtest -f /etc/apparmor.d/bwrap-userns-restrict[0m
2026-09-15T10:22:10.6887102Z [36;1mbwrap --version[0m
2026-09-15T10:22:10.6938065Z shell: /usr/bin/bash -e {0}
2026-09-15T10:22:10.6938273Z env:
2026-09-15T10:22:10.6938492Z   pythonLocation: /opt/hostedtoolcache/Python/3.12.13/x64
2026-09-15T10:22:10.6938833Z   PKG_CONFIG_PATH: /opt/hostedtoolcache/Python/3.12.13/x64/lib/pkgconfig
2026-09-15T10:22:10.6939162Z   Python_ROOT_DIR: /opt/hostedtoolcache/Python/3.12.13/x64
2026-09-15T10:22:10.6939452Z   Python2_ROOT_DIR: /opt/hostedtoolcache/Python/3.12.13/x64
2026-09-15T10:22:10.6939778Z   Python3_ROOT_DIR: /opt/hostedtoolcache/Python/3.12.13/x64
2026-09-15T10:22:10.6940070Z   LD_LIBRARY_PATH: /opt/hostedtoolcache/Python/3.12.13/x64/lib
2026-09-15T10:22:10.6940333Z ##[endgroup]
2026-09-15T10:22:10.8155815Z Get:1 file:/etc/apt/apt-mirrors.txt Mirrorlist [144 B]
2026-09-15T10:22:10.8340243Z Get:6 https://packages.microsoft.com/ubuntu/26.04/prod resolute InRelease [3964 B]
2026-09-15T10:22:10.9993395Z Hit:2 http://azure.archive.ubuntu.com/ubuntu resolute InRelease
2026-09-15T10:22:10.9995738Z Get:7 https://dl.google.com/linux/chrome-stable/deb stable InRelease [2548 B]
2026-09-15T10:22:11.0024120Z Get:3 http://azure.archive.ubuntu.com/ubuntu resolute-updates InRelease [137 kB]
2026-09-15T10:22:11.0044498Z Get:4 http://azure.archive.ubuntu.com/ubuntu resolute-backports InRelease [137 kB]
2026-09-15T10:22:11.0065040Z Get:5 http://azure.archive.ubuntu.com/ubuntu resolute-security InRelease [137 kB]
2026-09-15T10:22:11.0132509Z Get:8 https://packages.microsoft.com/ubuntu/26.04/prod resolute/main arm64 Packages [52.1 kB]
2026-09-15T10:22:11.0251952Z Get:9 https://packages.microsoft.com/ubuntu/26.04/prod resolute/main amd64 Packages [59.9 kB]
2026-09-15T10:22:11.0365478Z Get:10 http://azure.archive.ubuntu.com/ubuntu resolute-updates/main amd64v3 Packages [610 kB]
2026-09-15T10:22:11.0412181Z Get:11 http://azure.archive.ubuntu.com/ubuntu resolute-updates/main Translation-en [145 kB]
2026-09-15T10:22:11.0416307Z Get:12 http://azure.archive.ubuntu.com/ubuntu resolute-updates/main amd64 Components [97.8 kB]
2026-09-15T10:22:11.0454640Z Get:13 http://azure.archive.ubuntu.com/ubuntu resolute-updates/universe amd64v3 Packages [293 kB]
2026-09-15T10:22:11.0484554Z Get:14 http://azure.archive.ubuntu.com/ubuntu resolute-updates/universe Translation-en [93.2 kB]
2026-09-15T10:22:11.0504742Z Get:15 http://azure.archive.ubuntu.com/ubuntu resolute-updates/universe amd64 Components [188 kB]
2026-09-15T10:22:11.0506017Z Get:16 http://azure.archive.ubuntu.com/ubuntu resolute-updates/restricted amd64v3 Packages [409 kB]
2026-09-15T10:22:11.0507285Z Get:17 http://azure.archive.ubuntu.com/ubuntu resolute-updates/restricted Translation-en [79.5 kB]
2026-09-15T10:22:11.0513192Z Get:18 http://azure.archive.ubuntu.com/ubuntu resolute-updates/multiverse amd64v3 Packages [11.6 kB]
2026-09-15T10:22:11.0518872Z Get:19 http://azure.archive.ubuntu.com/ubuntu resolute-updates/multiverse Translation-en [3036 B]
2026-09-15T10:22:11.0534595Z Get:21 https://dl.google.com/linux/chrome-stable/deb stable/main amd64 Packages [1413 B]
2026-09-15T10:22:11.0957526Z Get:20 http://azure.archive.ubuntu.com/ubuntu resolute-backports/universe amd64 Components [1056 B]
2026-09-15T10:22:11.0967629Z Get:22 http://azure.archive.ubuntu.com/ubuntu resolute-security/main amd64v3 Packages [474 kB]
2026-09-15T10:22:11.0991325Z Get:23 http://azure.archive.ubuntu.com/ubuntu resolute-security/main Translation-en [111 kB]
2026-09-15T10:22:11.1001652Z Get:24 http://azure.archive.ubuntu.com/ubuntu resolute-security/main amd64 Components [46.6 kB]
2026-09-15T10:22:11.1014102Z Get:25 http://azure.archive.ubuntu.com/ubuntu resolute-security/universe amd64v3 Packages [173 kB]
2026-09-15T10:22:11.1025301Z Get:26 http://azure.archive.ubuntu.com/ubuntu resolute-security/universe Translation-en [54.4 kB]
2026-09-15T10:22:11.1033523Z Get:27 http://azure.archive.ubuntu.com/ubuntu resolute-security/universe amd64 Components [43.4 kB]
2026-09-15T10:22:11.1041686Z Get:28 http://azure.archive.ubuntu.com/ubuntu resolute-security/restricted amd64v3 Packages [399 kB]
2026-09-15T10:22:11.1061757Z Get:29 http://azure.archive.ubuntu.com/ubuntu resolute-security/restricted Translation-en [77.7 kB]
2026-09-15T10:22:11.1070951Z Get:30 http://azure.archive.ubuntu.com/ubuntu resolute-security/multiverse amd64v3 Packages [10.9 kB]
2026-09-15T10:22:11.1076716Z Get:31 http://azure.archive.ubuntu.com/ubuntu resolute-security/multiverse Translation-en [2844 B]
2026-09-15T10:22:15.1110703Z Fetched 3855 kB in 0s (8240 kB/s)
2026-09-15T10:22:15.6231606Z Reading package lists...
2026-09-15T10:22:15.6545406Z Reading package lists...
2026-09-15T10:22:15.7806744Z Building dependency tree...
2026-09-15T10:22:15.7812752Z Reading state information...
2026-09-15T10:22:15.8085556Z bubblewrap is already the newest version (0.11.1-1ubuntu0.1).
2026-09-15T10:22:15.8086090Z bubblewrap set to manually installed.
2026-09-15T10:22:15.8086452Z apparmor is already the newest version (5.0.2-0ubuntu1~26.04.1).
2026-09-15T10:22:15.8086810Z apparmor set to manually installed.
2026-09-15T10:22:15.8087392Z libapparmor1 is already the newest version (5.0.2-0ubuntu1~26.04.1).
2026-09-15T10:22:15.8087719Z libapparmor1 set to manually installed.
2026-09-15T10:22:15.8088037Z libseccomp2 is already the newest version (2.6.0-2ubuntu5).
2026-09-15T10:22:15.8088340Z libseccomp2 set to manually installed.
2026-09-15T10:22:15.8531741Z Solving dependencies...
2026-09-15T10:22:15.9579474Z 0 upgraded, 0 newly installed, 0 to remove and 73 not upgraded.
2026-09-15T10:22:15.9689217Z apparmor	5.0.2-0ubuntu1~26.04.1
2026-09-15T10:22:15.9689700Z bubblewrap	0.11.1-1ubuntu0.1
2026-09-15T10:22:15.9691734Z libapparmor1:amd64	5.0.2-0ubuntu1~26.04.1
2026-09-15T10:22:15.9692044Z libseccomp2:amd64	2.6.0-2ubuntu5
2026-09-15T10:22:15.9707110Z bubblewrap 0.11.1
2026-09-15T10:22:15.9735070Z ##[group]Run npm ci --prefix apps/web
2026-09-15T10:22:15.9735340Z [36;1mnpm ci --prefix apps/web[0m
2026-09-15T10:22:15.9786881Z shell: /usr/bin/bash -e {0}
2026-09-15T10:22:15.9787086Z env:
2026-09-15T10:22:15.9787297Z   pythonLocation: /opt/hostedtoolcache/Python/3.12.13/x64
2026-09-15T10:22:15.9787650Z   PKG_CONFIG_PATH: /opt/hostedtoolcache/Python/3.12.13/x64/lib/pkgconfig
2026-09-15T10:22:15.9787981Z   Python_ROOT_DIR: /opt/hostedtoolcache/Python/3.12.13/x64
2026-09-15T10:22:15.9788279Z   Python2_ROOT_DIR: /opt/hostedtoolcache/Python/3.12.13/x64
2026-09-15T10:22:15.9788563Z   Python3_ROOT_DIR: /opt/hostedtoolcache/Python/3.12.13/x64
2026-09-15T10:22:15.9788852Z   LD_LIBRARY_PATH: /opt/hostedtoolcache/Python/3.12.13/x64/lib
2026-09-15T10:22:15.9789103Z ##[endgroup]
2026-09-15T10:22:20.7124972Z 
2026-09-15T10:22:20.7125529Z added 236 packages, and audited 237 packages in 5s
2026-09-15T10:22:20.7125874Z 
2026-09-15T10:22:20.7126011Z 118 packages are looking for funding
2026-09-15T10:22:20.7126698Z   run `npm fund` for details
2026-09-15T10:22:20.7135748Z 
2026-09-15T10:22:20.7135953Z found 0 vulnerabilities
2026-09-15T10:22:20.7532066Z ##[group]Run npm --prefix apps/web exec -- playwright install --with-deps chromium
2026-09-15T10:22:20.7532545Z [36;1mnpm --prefix apps/web exec -- playwright install --with-deps chromium[0m
2026-09-15T10:22:20.7585561Z shell: /usr/bin/bash -e {0}
2026-09-15T10:22:20.7585771Z env:
2026-09-15T10:22:20.7585990Z   pythonLocation: /opt/hostedtoolcache/Python/3.12.13/x64
2026-09-15T10:22:20.7586334Z   PKG_CONFIG_PATH: /opt/hostedtoolcache/Python/3.12.13/x64/lib/pkgconfig
2026-09-15T10:22:20.7586657Z   Python_ROOT_DIR: /opt/hostedtoolcache/Python/3.12.13/x64
2026-09-15T10:22:20.7586946Z   Python2_ROOT_DIR: /opt/hostedtoolcache/Python/3.12.13/x64
2026-09-15T10:22:20.7587240Z   Python3_ROOT_DIR: /opt/hostedtoolcache/Python/3.12.13/x64
2026-09-15T10:22:20.7587522Z   LD_LIBRARY_PATH: /opt/hostedtoolcache/Python/3.12.13/x64/lib
2026-09-15T10:22:20.7587772Z ##[endgroup]
2026-09-15T10:22:21.3174870Z Installing dependencies...
2026-09-15T10:22:21.3244924Z Switching to root user to install dependencies...
2026-09-15T10:22:21.3955423Z Get:1 file:/etc/apt/apt-mirrors.txt Mirrorlist [144 B]
2026-09-15T10:22:21.4255389Z Hit:6 https://packages.microsoft.com/ubuntu/26.04/prod resolute InRelease
2026-09-15T10:22:21.4263189Z Hit:2 http://azure.archive.ubuntu.com/ubuntu resolute InRelease
2026-09-15T10:22:21.4271443Z Hit:3 http://azure.archive.ubuntu.com/ubuntu resolute-updates InRelease
2026-09-15T10:22:21.4274415Z Hit:4 http://azure.archive.ubuntu.com/ubuntu resolute-backports InRelease
2026-09-15T10:22:21.4278288Z Hit:5 http://azure.archive.ubuntu.com/ubuntu resolute-security InRelease
2026-09-15T10:22:21.4726574Z Hit:7 https://dl.google.com/linux/chrome-stable/deb stable InRelease
2026-09-15T10:22:22.1136972Z Reading package lists...
2026-09-15T10:22:22.1343973Z Reading package lists...
2026-09-15T10:22:22.2719362Z Building dependency tree...
2026-09-15T10:22:22.2725688Z Reading state information...
2026-09-15T10:22:22.2996333Z libasound2t64 is already the newest version (1.2.15.3-1ubuntu1.1).
2026-09-15T10:22:22.2996906Z libasound2t64 set to manually installed.
2026-09-15T10:22:22.2997408Z libatk-bridge2.0-0t64 is already the newest version (2.60.4-0ubuntu0.1).
2026-09-15T10:22:22.2998323Z libatk-bridge2.0-0t64 set to manually installed.
2026-09-15T10:22:22.2998787Z libatk1.0-0t64 is already the newest version (2.60.4-0ubuntu0.1).
2026-09-15T10:22:22.2999207Z libatk1.0-0t64 set to manually installed.
2026-09-15T10:22:22.2999657Z libatspi2.0-0t64 is already the newest version (2.60.4-0ubuntu0.1).
2026-09-15T10:22:22.3000100Z libatspi2.0-0t64 set to manually installed.
2026-09-15T10:22:22.3000520Z libcairo2 is already the newest version (1.18.4-3).
2026-09-15T10:22:22.3000908Z libcairo2 set to manually installed.
2026-09-15T10:22:22.3001335Z libcups2t64 is already the newest version (2.4.16-1ubuntu1.3).
2026-09-15T10:22:22.3001749Z libcups2t64 set to manually installed.
2026-09-15T10:22:22.3002175Z libdbus-1-3 is already the newest version (1.16.2-2ubuntu4).
2026-09-15T10:22:22.3002598Z libdbus-1-3 set to manually installed.
2026-09-15T10:22:22.3002970Z libdrm2 is already the newest version (2.4.131-1).
2026-09-15T10:22:22.3003339Z libdrm2 set to manually installed.
2026-09-15T10:22:22.3003940Z libgbm1 is already the newest version (26.0.8-1ubuntu0.3).
2026-09-15T10:22:22.3004330Z libgbm1 set to manually installed.
2026-09-15T10:22:22.3004727Z libglib2.0-0t64 is already the newest version (2.88.0-1).
2026-09-15T10:22:22.3005139Z libglib2.0-0t64 set to manually installed.
2026-09-15T10:22:22.3005584Z libnspr4 is already the newest version (2:4.38.2-1ubuntu1).
2026-09-15T10:22:22.3005988Z libnspr4 set to manually installed.
2026-09-15T10:22:22.3006392Z libnss3 is already the newest version (2:3.120-1ubuntu2.1).
2026-09-15T10:22:22.3006818Z libnss3 set to manually installed.
2026-09-15T10:22:22.3007207Z libpango-1.0-0 is already the newest version (1.57.0-1).
2026-09-15T10:22:22.3007619Z libpango-1.0-0 set to manually installed.
2026-09-15T10:22:22.3008008Z libx11-6 is already the newest version (2:1.8.13-1).
2026-09-15T10:22:22.3008658Z libx11-6 set to manually installed.
2026-09-15T10:22:22.3009143Z libxcb1 is already the newest version (1.17.0-2ubuntu1).
2026-09-15T10:22:22.3009530Z libxcb1 set to manually installed.
2026-09-15T10:22:22.3009963Z libxcomposite1 is already the newest version (1:0.4.6-1build1).
2026-09-15T10:22:22.3010394Z libxcomposite1 set to manually installed.
2026-09-15T10:22:22.3010803Z libxdamage1 is already the newest version (1:1.1.7-1).
2026-09-15T10:22:22.3011203Z libxdamage1 set to manually installed.
2026-09-15T10:22:22.3011623Z libxext6 is already the newest version (2:1.3.4-1build3).
2026-09-15T10:22:22.3012028Z libxext6 set to manually installed.
2026-09-15T10:22:22.3012436Z libxfixes3 is already the newest version (1:6.0.0-2build2).
2026-09-15T10:22:22.3012843Z libxfixes3 set to manually installed.
2026-09-15T10:22:22.3013241Z libxkbcommon0 is already the newest version (1.13.1-1).
2026-09-15T10:22:22.3013650Z libxkbcommon0 set to manually installed.
2026-09-15T10:22:22.3014216Z libxrandr2 is already the newest version (2:1.5.4-1build1).
2026-09-15T10:22:22.3014617Z libxrandr2 set to manually installed.
2026-09-15T10:22:22.3015019Z xvfb is already the newest version (2:21.1.22-1ubuntu1).
2026-09-15T10:22:22.3015529Z fonts-noto-color-emoji is already the newest version (2.051-1build1).
2026-09-15T10:22:22.3016065Z libfontconfig1 is already the newest version (2.17.1-3ubuntu1).
2026-09-15T10:22:22.3016506Z libfontconfig1 set to manually installed.
2026-09-15T10:22:22.3017020Z libfreetype6 is already the newest version (2.14.2+dfsg-1ubuntu0.1).
2026-09-15T10:22:22.3017465Z libfreetype6 set to manually installed.
2026-09-15T10:22:22.3017921Z fonts-liberation is already the newest version (1:2.1.5-3build1).
2026-09-15T10:22:22.3018364Z fonts-liberation set to manually installed.
2026-09-15T10:22:22.3439905Z Solving dependencies...
2026-09-15T10:22:22.4178853Z The following additional packages will be installed:
2026-09-15T10:22:22.4179385Z   xfonts-encodings xfonts-utils
2026-09-15T10:22:22.4183401Z Recommended packages:
2026-09-15T10:22:22.4183832Z   fonts-ipafont-mincho fonts-tlwg-loma
2026-09-15T10:22:22.4343904Z The following NEW packages will be installed:
2026-09-15T10:22:22.4344681Z   fonts-freefont-ttf fonts-ipafont-gothic fonts-tlwg-loma-otf fonts-unifont
2026-09-15T10:22:22.4348048Z   fonts-wqy-zenhei xfonts-cyrillic xfonts-encodings xfonts-scalable
2026-09-15T10:22:22.4348390Z   xfonts-utils
2026-09-15T10:22:22.4528927Z 0 upgraded, 9 newly installed, 0 to remove and 73 not upgraded.
2026-09-15T10:22:22.4529408Z Need to get 21.9 MB of archives.
2026-09-15T10:22:22.4529757Z After this operation, 80.2 MB of additional disk space will be used.
2026-09-15T10:22:22.4530159Z Get:1 file:/etc/apt/apt-mirrors.txt Mirrorlist [144 B]
2026-09-15T10:22:22.5322778Z Get:2 http://azure.archive.ubuntu.com/ubuntu resolute/universe amd64v3 fonts-ipafont-gothic all 00303-23ubuntu1 [3703 kB]
2026-09-15T10:22:22.6629335Z Get:3 http://azure.archive.ubuntu.com/ubuntu resolute/main amd64v3 fonts-freefont-ttf all 20211204+svn4273-4build1 [5656 kB]
2026-09-15T10:22:22.8452682Z Get:4 http://azure.archive.ubuntu.com/ubuntu resolute/universe amd64v3 fonts-tlwg-loma-otf all 1:0.7.3-1build1 [106 kB]
2026-09-15T10:22:22.9499790Z Get:5 http://azure.archive.ubuntu.com/ubuntu resolute/universe amd64v3 fonts-unifont all 1:16.0.04-1build1 [3169 kB]
2026-09-15T10:22:23.1405336Z Get:6 http://azure.archive.ubuntu.com/ubuntu resolute/universe amd64v3 fonts-wqy-zenhei all 0.9.45-8build1 [7863 kB]
2026-09-15T10:22:23.3808305Z Get:7 http://azure.archive.ubuntu.com/ubuntu resolute/main amd64v3 xfonts-encodings all 1:1.0.5-0ubuntu3 [576 kB]
2026-09-15T10:22:23.4487736Z Get:8 http://azure.archive.ubuntu.com/ubuntu resolute/main amd64v3 xfonts-utils amd64 1:7.7+7build1 [97.3 kB]
2026-09-15T10:22:23.5284458Z Get:9 http://azure.archive.ubuntu.com/ubuntu resolute/universe amd64v3 xfonts-cyrillic all 1:1.0.5+nmu1build1 [384 kB]
2026-09-15T10:22:23.5906595Z Get:10 http://azure.archive.ubuntu.com/ubuntu resolute/universe amd64v3 xfonts-scalable all 1:1.0.3-1.3build1 [304 kB]
2026-09-15T10:22:23.8945559Z Fetched 21.9 MB in 1s (19.0 MB/s)
2026-09-15T10:22:24.2222903Z Selecting previously unselected package fonts-ipafont-gothic.
2026-09-15T10:22:24.2441904Z (Reading database ... 
2026-09-15T10:22:24.2442280Z (Reading database ... 5%
2026-09-15T10:22:24.2442602Z (Reading database ... 10%
2026-09-15T10:22:24.2442908Z (Reading database ... 15%
2026-09-15T10:22:24.2443233Z (Reading database ... 20%
2026-09-15T10:22:24.2443545Z (Reading database ... 25%
2026-09-15T10:22:24.2443932Z (Reading database ... 30%
2026-09-15T10:22:24.2444137Z (Reading database ... 35%
2026-09-15T10:22:24.2444337Z (Reading database ... 40%
2026-09-15T10:22:24.2444525Z (Reading database ... 45%
2026-09-15T10:22:24.2444712Z (Reading database ... 50%
2026-09-15T10:22:24.3114730Z (Reading database ... 55%
2026-09-15T10:22:24.5159343Z (Reading database ... 60%
2026-09-15T10:22:24.6669860Z (Reading database ... 65%
2026-09-15T10:22:24.8870724Z (Reading database ... 70%
2026-09-15T10:22:25.1311966Z (Reading database ... 75%
2026-09-15T10:22:25.2878662Z (Reading database ... 80%
2026-09-15T10:22:25.5092794Z (Reading database ... 85%
2026-09-15T10:22:25.7618078Z (Reading database ... 90%
2026-09-15T10:22:26.1463471Z (Reading database ... 95%
2026-09-15T10:22:26.1464026Z (Reading database ... 100%
2026-09-15T10:22:26.1464530Z (Reading database ... 209256 files and directories currently installed.)
2026-09-15T10:22:26.1507288Z Preparing to unpack .../0-fonts-ipafont-gothic_00303-23ubuntu1_all.deb ...
2026-09-15T10:22:26.4304472Z Unpacking fonts-ipafont-gothic (00303-23ubuntu1) ...
2026-09-15T10:22:26.9886207Z Selecting previously unselected package fonts-freefont-ttf.
2026-09-15T10:22:27.0007141Z Preparing to unpack .../1-fonts-freefont-ttf_20211204+svn4273-4build1_all.deb ...
2026-09-15T10:22:27.0102797Z Unpacking fonts-freefont-ttf (20211204+svn4273-4build1) ...
2026-09-15T10:22:27.7154597Z Selecting previously unselected package fonts-tlwg-loma-otf.
2026-09-15T10:22:27.7332900Z Preparing to unpack .../2-fonts-tlwg-loma-otf_1%3a0.7.3-1build1_all.deb ...
2026-09-15T10:22:27.8695227Z Unpacking fonts-tlwg-loma-otf (1:0.7.3-1build1) ...
2026-09-15T10:22:27.9551028Z Selecting previously unselected package fonts-unifont.
2026-09-15T10:22:27.9670118Z Preparing to unpack .../3-fonts-unifont_1%3a16.0.04-1build1_all.deb ...
2026-09-15T10:22:27.9679033Z Unpacking fonts-unifont (1:16.0.04-1build1) ...
2026-09-15T10:22:28.1989644Z Selecting previously unselected package fonts-wqy-zenhei.
2026-09-15T10:22:28.2108210Z Preparing to unpack .../4-fonts-wqy-zenhei_0.9.45-8build1_all.deb ...
2026-09-15T10:22:28.2228171Z Unpacking fonts-wqy-zenhei (0.9.45-8build1) ...
2026-09-15T10:22:28.3712322Z Selecting previously unselected package xfonts-encodings.
2026-09-15T10:22:28.3831274Z Preparing to unpack .../5-xfonts-encodings_1%3a1.0.5-0ubuntu3_all.deb ...
2026-09-15T10:22:28.3871019Z Unpacking xfonts-encodings (1:1.0.5-0ubuntu3) ...
2026-09-15T10:22:28.4271931Z Selecting previously unselected package xfonts-utils.
2026-09-15T10:22:28.4388252Z Preparing to unpack .../6-xfonts-utils_1%3a7.7+7build1_amd64v3.deb ...
2026-09-15T10:22:28.4395462Z Unpacking xfonts-utils (1:7.7+7build1) ...
2026-09-15T10:22:28.4710155Z Selecting previously unselected package xfonts-cyrillic.
2026-09-15T10:22:28.4826008Z Preparing to unpack .../7-xfonts-cyrillic_1%3a1.0.5+nmu1build1_all.deb ...
2026-09-15T10:22:28.4860675Z Unpacking xfonts-cyrillic (1:1.0.5+nmu1build1) ...
2026-09-15T10:22:28.5914522Z Selecting previously unselected package xfonts-scalable.
2026-09-15T10:22:28.6034172Z Preparing to unpack .../8-xfonts-scalable_1%3a1.0.3-1.3build1_all.deb ...
2026-09-15T10:22:28.6054993Z Unpacking xfonts-scalable (1:1.0.3-1.3build1) ...
2026-09-15T10:22:28.7544463Z Setting up fonts-wqy-zenhei (0.9.45-8build1) ...
2026-09-15T10:22:28.7680222Z Setting up fonts-freefont-ttf (20211204+svn4273-4build1) ...
2026-09-15T10:22:28.8658576Z Setting up fonts-tlwg-loma-otf (1:0.7.3-1build1) ...
2026-09-15T10:22:28.8679400Z Setting up xfonts-encodings (1:1.0.5-0ubuntu3) ...
2026-09-15T10:22:28.8700312Z Setting up fonts-ipafont-gothic (00303-23ubuntu1) ...
2026-09-15T10:22:28.8761941Z update-alternatives: using /usr/share/fonts/opentype/ipafont-gothic/ipag.ttf to provide /usr/share/fonts/truetype/fonts-japanese-gothic.ttf (fonts-japanese-gothic.ttf) in auto mode
2026-09-15T10:22:28.8777285Z Setting up fonts-unifont (1:16.0.04-1build1) ...
2026-09-15T10:22:28.8796906Z Setting up xfonts-utils (1:7.7+7build1) ...
2026-09-15T10:22:28.8848867Z Setting up xfonts-cyrillic (1:1.0.5+nmu1build1) ...
2026-09-15T10:22:28.9214731Z Setting up xfonts-scalable (1:1.0.3-1.3build1) ...
2026-09-15T10:22:29.1216683Z Processing triggers for man-db (2.13.1-1build1) ...
2026-09-15T10:22:29.1236353Z Not building database; man-db/auto-update is not 'true'.
2026-09-15T10:22:29.1250009Z Processing triggers for fontconfig (2.17.1-3ubuntu1) ...
2026-09-15T10:22:29.6818953Z 
2026-09-15T10:22:29.6819547Z Running kernel seems to be up-to-date.
2026-09-15T10:22:29.6819839Z 
2026-09-15T10:22:29.6820047Z Restarting services...
2026-09-15T10:22:29.6902186Z 
2026-09-15T10:22:29.6902671Z Service restarts being deferred:
2026-09-15T10:22:29.6905144Z  systemctl restart hosted-compute-agent.service
2026-09-15T10:22:29.6905390Z 
2026-09-15T10:22:29.6906203Z No containers need to be restarted.
2026-09-15T10:22:29.6906433Z 
2026-09-15T10:22:29.6906582Z No user sessions are running outdated binaries.
2026-09-15T10:22:29.6906743Z 
2026-09-15T10:22:29.6906974Z No VM guests are running outdated hypervisor (qemu) binaries on this host.
2026-09-15T10:22:30.4790815Z Downloading Chrome for Testing 153.0.8010.12 (playwright chromium v1243) from https://cdn.playwright.dev/builds/cft/153.0.8010.12/linux64/chrome-linux64.zip
2026-09-15T10:22:30.8178952Z |                                                                                |   0% of 186.8 MiB
2026-09-15T10:22:30.9523654Z |■■■■■■■■                                                                        |  10% of 186.8 MiB
2026-09-15T10:22:31.0320749Z |■■■■■■■■■■■■■■■■                                                                |  20% of 186.8 MiB
2026-09-15T10:22:31.1224676Z |■■■■■■■■■■■■■■■■■■■■■■■■                                                        |  30% of 186.8 MiB
2026-09-15T10:22:31.2096168Z |■■■■■■■■■■■■■■■■■■■■■■■■■■■■■■■■                                                |  40% of 186.8 MiB
2026-09-15T10:22:31.2941291Z |■■■■■■■■■■■■■■■■■■■■■■■■■■■■■■■■■■■■■■■■                                        |  50% of 186.8 MiB
2026-09-15T10:22:31.3781221Z |■■■■■■■■■■■■■■■■■■■■■■■■■■■■■■■■■■■■■■■■■■■■■■■■                                |  60% of 186.8 MiB
2026-09-15T10:22:31.4657502Z |■■■■■■■■■■■■■■■■■■■■■■■■■■■■■■■■■■■■■■■■■■■■■■■■■■■■■■■■                        |  70% of 186.8 MiB
2026-09-15T10:22:31.5582190Z |■■■■■■■■■■■■■■■■■■■■■■■■■■■■■■■■■■■■■■■■■■■■■■■■■■■■■■■■■■■■■■■■                |  80% of 186.8 MiB
2026-09-15T10:22:31.6530445Z |■■■■■■■■■■■■■■■■■■■■■■■■■■■■■■■■■■■■■■■■■■■■■■■■■■■■■■■■■■■■■■■■■■■■■■■■        |  90% of 186.8 MiB
2026-09-15T10:22:31.7384806Z |■■■■■■■■■■■■■■■■■■■■■■■■■■■■■■■■■■■■■■■■■■■■■■■■■■■■■■■■■■■■■■■■■■■■■■■■■■■■■■■■| 100% of 186.8 MiB
2026-09-15T10:22:34.1128155Z Chrome for Testing 153.0.8010.12 (playwright chromium v1243) downloaded to <github-runner-home>/.cache/ms-playwright/chromium-1243
2026-09-15T10:22:34.1130718Z Downloading FFmpeg (playwright ffmpeg v1011) from https://cdn.playwright.dev/dbazure/download/playwright/builds/ffmpeg/1011/ffmpeg-linux.zip
2026-09-15T10:22:34.3870841Z |                                                                                |   0% of 2.3 MiB
2026-09-15T10:22:34.3909072Z |■■■■■■■■                                                                        |  10% of 2.3 MiB
2026-09-15T10:22:34.3920337Z |■■■■■■■■■■■■■■■■                                                                |  20% of 2.3 MiB
2026-09-15T10:22:34.3936001Z |■■■■■■■■■■■■■■■■■■■■■■■■                                                        |  30% of 2.3 MiB
2026-09-15T10:22:34.3945499Z |■■■■■■■■■■■■■■■■■■■■■■■■■■■■■■■■                                                |  40% of 2.3 MiB
2026-09-15T10:22:34.3959600Z |■■■■■■■■■■■■■■■■■■■■■■■■■■■■■■■■■■■■■■■■                                        |  50% of 2.3 MiB
2026-09-15T10:22:34.3967378Z |■■■■■■■■■■■■■■■■■■■■■■■■■■■■■■■■■■■■■■■■■■■■■■■■                                |  60% of 2.3 MiB
2026-09-15T10:22:34.3975095Z |■■■■■■■■■■■■■■■■■■■■■■■■■■■■■■■■■■■■■■■■■■■■■■■■■■■■■■■■                        |  70% of 2.3 MiB
2026-09-15T10:22:34.3984016Z |■■■■■■■■■■■■■■■■■■■■■■■■■■■■■■■■■■■■■■■■■■■■■■■■■■■■■■■■■■■■■■■■                |  80% of 2.3 MiB
2026-09-15T10:22:34.3994965Z |■■■■■■■■■■■■■■■■■■■■■■■■■■■■■■■■■■■■■■■■■■■■■■■■■■■■■■■■■■■■■■■■■■■■■■■■        |  90% of 2.3 MiB
2026-09-15T10:22:34.4002177Z |■■■■■■■■■■■■■■■■■■■■■■■■■■■■■■■■■■■■■■■■■■■■■■■■■■■■■■■■■■■■■■■■■■■■■■■■■■■■■■■■| 100% of 2.3 MiB
2026-09-15T10:22:34.4456465Z FFmpeg (playwright ffmpeg v1011) downloaded to <github-runner-home>/.cache/ms-playwright/ffmpeg-1011
2026-09-15T10:22:34.4459301Z Downloading Chrome Headless Shell 153.0.8010.12 (playwright chromium-headless-shell v1243) from https://cdn.playwright.dev/builds/cft/153.0.8010.12/linux64/chrome-headless-shell-linux64.zip
2026-09-15T10:22:34.8027055Z |                                                                                |   0% of 114.3 MiB
2026-09-15T10:22:34.9214811Z |■■■■■■■■                                                                        |  10% of 114.3 MiB
2026-09-15T10:22:34.9805760Z |■■■■■■■■■■■■■■■■                                                                |  20% of 114.3 MiB
2026-09-15T10:22:35.0370500Z |■■■■■■■■■■■■■■■■■■■■■■■■                                                        |  30% of 114.3 MiB
2026-09-15T10:22:35.0935770Z |■■■■■■■■■■■■■■■■■■■■■■■■■■■■■■■■                                                |  40% of 114.3 MiB
2026-09-15T10:22:35.1585382Z |■■■■■■■■■■■■■■■■■■■■■■■■■■■■■■■■■■■■■■■■                                        |  50% of 114.3 MiB
2026-09-15T10:22:35.2174202Z |■■■■■■■■■■■■■■■■■■■■■■■■■■■■■■■■■■■■■■■■■■■■■■■■                                |  60% of 114.3 MiB
2026-09-15T10:22:35.2877847Z |■■■■■■■■■■■■■■■■■■■■■■■■■■■■■■■■■■■■■■■■■■■■■■■■■■■■■■■■                        |  70% of 114.3 MiB
2026-09-15T10:22:35.3355751Z |■■■■■■■■■■■■■■■■■■■■■■■■■■■■■■■■■■■■■■■■■■■■■■■■■■■■■■■■■■■■■■■■                |  80% of 114.3 MiB
2026-09-15T10:22:35.4049499Z |■■■■■■■■■■■■■■■■■■■■■■■■■■■■■■■■■■■■■■■■■■■■■■■■■■■■■■■■■■■■■■■■■■■■■■■■        |  90% of 114.3 MiB
2026-09-15T10:22:35.4665026Z |■■■■■■■■■■■■■■■■■■■■■■■■■■■■■■■■■■■■■■■■■■■■■■■■■■■■■■■■■■■■■■■■■■■■■■■■■■■■■■■■| 100% of 114.3 MiB
2026-09-15T10:22:37.1586106Z Chrome Headless Shell 153.0.8010.12 (playwright chromium-headless-shell v1243) downloaded to <github-runner-home>/.cache/ms-playwright/chromium_headless_shell-1243
2026-09-15T10:22:37.1869168Z ##[group]Run make build
2026-09-15T10:22:37.1869528Z [36;1mmake build[0m
2026-09-15T10:22:37.1932347Z shell: /usr/bin/bash -e {0}
2026-09-15T10:22:37.1932567Z env:
2026-09-15T10:22:37.1932794Z   pythonLocation: /opt/hostedtoolcache/Python/3.12.13/x64
2026-09-15T10:22:37.1933143Z   PKG_CONFIG_PATH: /opt/hostedtoolcache/Python/3.12.13/x64/lib/pkgconfig
2026-09-15T10:22:37.1933473Z   Python_ROOT_DIR: /opt/hostedtoolcache/Python/3.12.13/x64
2026-09-15T10:22:37.1934043Z   Python2_ROOT_DIR: /opt/hostedtoolcache/Python/3.12.13/x64
2026-09-15T10:22:37.1934436Z   Python3_ROOT_DIR: /opt/hostedtoolcache/Python/3.12.13/x64
2026-09-15T10:22:37.1934738Z   LD_LIBRARY_PATH: /opt/hostedtoolcache/Python/3.12.13/x64/lib
2026-09-15T10:22:37.1935010Z ##[endgroup]
2026-09-15T10:22:37.2023200Z bash scripts/node.sh npm --prefix apps/web run build
2026-09-15T10:22:37.2843484Z 
2026-09-15T10:22:37.2844153Z > @learning-workbench/web@0.1.0 build
2026-09-15T10:22:37.2844602Z > tsc --noEmit && vite build
2026-09-15T10:22:37.2844837Z 
2026-09-15T10:22:38.2839212Z [36mvite v8.3.0 [32mbuilding client environment for production...[36m[39m
2026-09-15T10:22:38.2930430Z transforming...
2026-09-15T10:22:38.4566143Z ✓ 717 modules transformed.
2026-09-15T10:22:38.5377563Z rendering chunks...
2026-09-15T10:22:38.6495273Z computing gzip size...
2026-09-15T10:22:38.6891996Z dist/index.html                       0.41 kB │ gzip:     0.32 kB
2026-09-15T10:22:38.6893035Z dist/assets/index-iEAos8Rd.css       38.42 kB │ gzip:     8.15 kB
2026-09-15T10:22:38.6893507Z dist/assets/index-DCAsqs96.js     1,060.17 kB │ gzip:   240.42 kB
2026-09-15T10:22:38.6894225Z dist/assets/Markdown-DEP4zvoC.js  2,939.32 kB │ gzip: 1,098.70 kB
2026-09-15T10:22:38.6894438Z 
2026-09-15T10:22:38.6895243Z [32m✓ built in 404ms[39m
2026-09-15T10:22:38.6901286Z [33m[plugin builtin:vite-reporter] 
2026-09-15T10:22:38.6901847Z (!) Some chunks are larger than 500 kB after minification. Consider:
2026-09-15T10:22:38.6902447Z - Using dynamic import() to code-split the application
2026-09-15T10:22:38.6903443Z - Use build.rolldownOptions.output.codeSplitting to improve chunking: https://rolldown.rs/reference/OutputOptions.codeSplitting
2026-09-15T10:22:38.6904684Z - Adjust chunk size limit for this warning via build.chunkSizeWarningLimit.[39m
2026-09-15T10:22:38.7131646Z ##[group]Run make test-e2e
2026-09-15T10:22:38.7131888Z [36;1mmake test-e2e[0m
2026-09-15T10:22:38.7182820Z shell: /usr/bin/bash -e {0}
2026-09-15T10:22:38.7183042Z env:
2026-09-15T10:22:38.7183259Z   pythonLocation: /opt/hostedtoolcache/Python/3.12.13/x64
2026-09-15T10:22:38.7183608Z   PKG_CONFIG_PATH: /opt/hostedtoolcache/Python/3.12.13/x64/lib/pkgconfig
2026-09-15T10:22:38.7184122Z   Python_ROOT_DIR: /opt/hostedtoolcache/Python/3.12.13/x64
2026-09-15T10:22:38.7184420Z   Python2_ROOT_DIR: /opt/hostedtoolcache/Python/3.12.13/x64
2026-09-15T10:22:38.7184711Z   Python3_ROOT_DIR: /opt/hostedtoolcache/Python/3.12.13/x64
2026-09-15T10:22:38.7185010Z   LD_LIBRARY_PATH: /opt/hostedtoolcache/Python/3.12.13/x64/lib
2026-09-15T10:22:38.7185261Z ##[endgroup]
2026-09-15T10:22:38.7262356Z bash scripts/node.sh npm --prefix apps/web run test:e2e
2026-09-15T10:22:38.8101102Z 
2026-09-15T10:22:38.8101603Z > @learning-workbench/web@0.1.0 test:e2e
2026-09-15T10:22:38.8102166Z > playwright test --config ../../tests/e2e/playwright.config.ts
2026-09-15T10:22:38.8102393Z 
2026-09-15T10:22:40.5799854Z [WebServer] INFO:     Started server process [3003]
2026-09-15T10:22:40.5800428Z [WebServer] INFO:     Waiting for application startup.
2026-09-15T10:22:40.6723386Z [WebServer] INFO:     Application startup complete.
2026-09-15T10:22:40.6724369Z [WebServer] INFO:     Uvicorn running on http://127.0.0.1:8765 (Press CTRL+C to quit)
2026-09-15T10:22:42.4275924Z 
2026-09-15T10:22:42.4276419Z Running 88 tests using 1 worker
2026-09-15T10:22:42.4276650Z 
2026-09-15T10:23:02.4448666Z   ✓   1 ../../tests/e2e/assessment-restart.spec.ts:43:1 › same assessment instance rejects forged course and assessment hashes while its independent policy remains active (19.7s)
2026-09-15T10:23:19.0455879Z   ✓   2 ../../tests/e2e/assessment-restart.spec.ts:112:1 › actual browser and API restarts retain independent drafts and keep old solution receipts protected after submission (16.6s)
2026-09-15T10:23:27.7843182Z   ✓   3 ../../tests/e2e/assessments.spec.ts:41:1 › real unreviewed independent assessment saves five types and submits without fabricated grades or answer calls (8.7s)
2026-09-15T10:23:38.4526963Z   ✓   4 ../../tests/e2e/assessments.spec.ts:90:1 › open-book and assisted freeze actual policies; explicit abandon retains saved answers and yields no score (10.7s)
2026-09-15T10:23:49.4447269Z   ✓   5 ../../tests/e2e/assessments.spec.ts:109:1 › two profiles retain a real server CAS conflict with three-way comparison and reject forged same-identity parent (10.8s)
2026-09-15T10:23:54.9944857Z   ✓   6 ../../tests/e2e/assessments.spec.ts:138:1 › missing private binding visibly blocks start instead of fabricating a usable test (5.5s)
2026-09-15T10:24:08.2074355Z   ✓   7 ../../tests/e2e/assessments.spec.ts:145:1 › two pages preserve independent local CAS candidates; a later submitted snapshot never accepts restored edits (13.2s)
2026-09-15T10:24:18.0688724Z   ✓   8 ../../tests/e2e/assessments.spec.ts:251:1 › late redacted Workbench save uses its original ETag and retains hidden selection after explicit three-way choice (9.9s)
2026-09-15T10:24:27.5761967Z   ✓   9 ../../tests/e2e/assessments.spec.ts:295:1 › a genuine solution response held in flight cannot appear after another page starts an open-book assessment (9.5s)
2026-09-15T10:24:32.2374329Z 
2026-09-15T10:24:32.2398862Z   ✓  10 ../../tests/e2e/document-imports.spec.ts:87:1 › real two-page PDF keeps exact page citations, guarded original bytes and explicit fidelity approval (4.6s)
2026-09-15T10:24:36.5903246Z 
2026-09-15T10:24:36.5905168Z   ✓  11 ../../tests/e2e/document-imports.spec.ts:127:1 › real DOCX safe text stays readable for learner while original bytes require an explicit author role (4.3s)
2026-09-15T10:24:40.3075011Z 
2026-09-15T10:24:40.3105913Z   ✓  12 ../../tests/e2e/document-imports.spec.ts:202:1 › a real scanned PDF fails without invented text or OCR and its local original is checked explicitly after reload (3.7s)
2026-09-15T10:24:43.6454614Z 
2026-09-15T10:24:43.6487265Z   ✓  13 ../../tests/e2e/document-imports.spec.ts:236:3 › real encrypted.pdf extraction failure remains blocked and preserves its original hash (3.3s)
2026-09-15T10:24:46.6521646Z 
2026-09-15T10:24:46.6523925Z   ✓  14 ../../tests/e2e/document-imports.spec.ts:236:3 › real malformed.docx extraction failure remains blocked and preserves its original hash (3.0s)
2026-09-15T10:24:56.2818294Z   ✓  15 ../../tests/e2e/grading-recovery.spec.ts:57:1 › a real failed regrade survives reload and can recover from the last actual grade without losing the old submission (9.6s)
2026-09-15T10:25:09.6510341Z   ✓  16 ../../tests/e2e/grading-restart.spec.ts:50:1 › real browser and API restarts preserve the submitted answers, signed review and both grading revisions (13.4s)
2026-09-15T10:25:22.0205971Z   ✓  17 ../../tests/e2e/grading.spec.ts:34:1 › unreviewed original content stays null until an explicit author form creates a signed new grade without altering its reference approval (12.4s)
2026-09-15T10:25:34.3585565Z   ✓  18 ../../tests/e2e/grading.spec.ts:66:1 › two browser profiles keep a stale manual-review baseline through an actual 412 before explicit three-way rebase (12.3s)
2026-09-15T10:25:43.2542944Z   ✓  19 ../../tests/e2e/grading.spec.ts:81:1 › a failed manual request preserves its durable exact command and editable author draft after browser reload (8.9s)
2026-09-15T10:25:51.8499388Z   ✓  20 ../../tests/e2e/imports-policy.spec.ts:11:1 › an open author import retains its task across independent start and submit but rechecks pending-answer protection before restoring content (8.6s)
2026-09-15T10:25:56.8824554Z   ✓  21 ../../tests/e2e/imports-policy.spec.ts:61:1 › a reselected failed original survives a role-policy pause in memory while decoded text must be checked again (5.0s)
2026-09-15T10:26:01.4325356Z   ✓  22 ../../tests/e2e/imports.spec.ts:111:1 › real Markdown upload stays staged, previews and downloads exact bytes, restores and commits exact course refs (4.5s)
2026-09-15T10:26:04.8055658Z   ✓  23 ../../tests/e2e/imports.spec.ts:190:1 › safe HTML warning requires explicit acceptance and native cancel leaves courses untouched (3.4s)
2026-09-15T10:26:09.6737109Z   ✓  24 ../../tests/e2e/imports.spec.ts:218:1 › UTF-8 text can target a real existing course and creates a newer exact revision (4.9s)
2026-09-15T10:26:12.7864013Z   ✓  25 ../../tests/e2e/imports.spec.ts:234:1 › upload request failure keeps the selected file; preview failure keeps the recovery ID and explicit retry works (3.1s)
2026-09-15T10:26:16.8952914Z 
2026-09-15T10:26:16.8955672Z   ✓  26 ../../tests/e2e/imports.spec.ts:254:1 › author package requires explicit role change and clears the private preview after returning to learner (4.1s)
2026-09-15T10:26:19.9705887Z   ✓  27 ../../tests/e2e/imports.spec.ts:290:1 › a real invalid UTF-8 parse shows a blocking error and cannot be confirmed (3.1s)
2026-09-15T10:26:25.5093244Z 
2026-09-15T10:26:25.5125065Z   ✓  28 ../../tests/e2e/imports.spec.ts:311:1 › local encoding choice preserves the failed original and creates a separately confirmed UTF-8 import (5.5s)
2026-09-15T10:26:30.1408031Z 
2026-09-15T10:26:30.1495771Z   ✓  29 ../../tests/e2e/imports.spec.ts:379:1 › deferred author preview and original responses cannot restore content after the role is lowered (4.6s)
2026-09-15T10:26:42.5673625Z   ✓  30 ../../tests/e2e/learning-state-restart.spec.ts:47:1 › actual browser and API restarts preserve profile candidates, exact route overrides and original reading sources (12.4s)
2026-09-15T10:26:48.6350772Z   ✓  31 ../../tests/e2e/learning-state.spec.ts:12:1 › real self-report persists a lost-ACK command once and never creates independent evidence (6.1s)
2026-09-15T10:26:58.1392327Z   ✓  32 ../../tests/e2e/learning-state.spec.ts:30:1 › actual unreviewed submission stays excluded and its precise sources disappear when another page starts independent work (9.5s)
2026-09-15T10:27:01.8237512Z   ✓  33 ../../tests/e2e/learning-state.spec.ts:45:1 › a quota-failed profile remains mounted when a global command tries to leave it (3.7s)
2026-09-15T10:27:08.3392824Z   ✓  34 ../../tests/e2e/notes-lifecycle.spec.ts:32:1 › a concurrent note move to another block remains recoverable by stable note ID after a real 412 (6.5s)
2026-09-15T10:27:14.8119567Z   ✓  35 ../../tests/e2e/notes-lifecycle.spec.ts:64:1 › soft deleting a server note preserves its unsynced local continuation for explicit recovery (6.5s)
2026-09-15T10:27:22.1794038Z   ✓  36 ../../tests/e2e/practice-restart.spec.ts:20:1 › same practice tab identity rejects changed frozen parent or child hashes and preserves the original session (7.4s)
2026-09-15T10:27:33.7699248Z   ✓  37 ../../tests/e2e/practice-restart.spec.ts:66:1 › actual browser close and API restart retain practice identity, exposure and an unsynced local response (11.6s)
2026-09-15T10:27:41.4026565Z   ✓  38 ../../tests/e2e/practice.spec.ts:26:1 › five real question kinds save and refresh; hints and solutions require explicit exposure; submit is ungraded (7.6s)
2026-09-15T10:27:50.4700348Z   ✓  39 ../../tests/e2e/practice.spec.ts:87:1 › offline recovery keeps the local candidate when session GET was also unavailable and reconnect compares its base (9.1s)
2026-09-15T10:28:00.7486201Z   ✓  40 ../../tests/e2e/practice.spec.ts:113:1 › two real browser profiles produce a server CAS conflict with base local and remote before explicit choice (10.3s)
2026-09-15T10:28:07.5696408Z   ✓  41 ../../tests/e2e/practice.spec.ts:138:1 › missing private solution fails closed and a forged same-identity parent never replaces the existing practice tab (6.8s)
2026-09-15T10:28:19.7165975Z   ✓  42 ../../tests/e2e/practice.spec.ts:159:1 › two pages keep their durable local candidates and closing an unsynced practice requires explicit retention (12.1s)
2026-09-15T10:28:24.3028597Z   ✓  43 ../../tests/e2e/provider-settings.spec.ts:53:1 › real settings persist control configuration and temporary secrets without claiming production generation (4.6s)
2026-09-15T10:28:30.7600378Z   ✓  44 ../../tests/e2e/provider-settings.spec.ts:84:1 › real config lost ACK restores the original command after browser/API restart and reads later current state separately (6.5s)
2026-09-15T10:28:37.4867914Z   ✓  45 ../../tests/e2e/provider-settings.spec.ts:112:1 › actual independent assessment policy keeps settings controls available and denies subject consent reads (6.7s)
2026-09-15T10:28:41.1558130Z   ✓  46 ../../tests/e2e/provider-settings.spec.ts:142:41 › secret controls use an actual newer readback while the parent refresh is held; peer change false (3.7s)
2026-09-15T10:28:44.8431143Z   ✓  47 ../../tests/e2e/provider-settings.spec.ts:142:41 › secret controls use an actual newer readback while the parent refresh is held; peer change true (3.7s)
2026-09-15T10:28:55.3302611Z   ✓  48 ../../tests/e2e/reader-conflict-layout.spec.ts:97:1 › real session conflict preserves the scrolled submitted explanation and requires an explicit comparison choice (10.5s)
2026-09-15T10:29:03.3511177Z   ✓  49 ../../tests/e2e/reader-conflict-layout.spec.ts:178:1 › real session conflict keeps the same enabled assessment input focused and visible in the shortened reader (8.0s)
2026-09-15T10:29:13.8160518Z   ✓  50 ../../tests/e2e/reader-restart.spec.ts:13:1 › actual browser close and API process restart retain imported references, notes, progress and Reader position (10.5s)
2026-09-15T10:29:20.8688806Z   ✓  51 ../../tests/e2e/reader.spec.ts:32:1 › real imported directory, title search, worked-example link, long formula and frozen original download (7.0s)
2026-09-15T10:29:28.1489589Z   ✓  52 ../../tests/e2e/reader.spec.ts:66:1 › second repeated rendered selection preserves exact source codepoints, saves note, edits and soft deletes (7.3s)
2026-09-15T10:29:35.2418003Z   ✓  53 ../../tests/e2e/reader.spec.ts:97:1 › native source keyboard selection creates exact Markdown codepoints without rendered-text guessing (7.1s)
2026-09-15T10:29:44.0565280Z   ✓  54 ../../tests/e2e/reader.spec.ts:122:1 › offline local note recovery and a real concurrent server revision show three-way comparison before CAS save (8.8s)
2026-09-15T10:29:53.5544619Z   ✘  55 ../../tests/e2e/reader.spec.ts:170:1 › historical course revisions stay in separate exact tabs and hash-mismatched links preserve unresolved reference (9.4s)
2026-09-15T10:30:04.9069435Z 
2026-09-15T10:30:04.9142669Z   ✓  56 ../../tests/e2e/reader.spec.ts:202:1 › a private original authorized before a cross-profile role decrease cannot trigger a late browser download (10.8s)
2026-09-15T10:30:14.8305511Z   ✓  57 ../../tests/e2e/recommendations.spec.ts:56:1 › real recommendation decisions recover a lost ACK across browser and API restart without rewriting later decisions or learning facts (9.9s)
2026-09-15T10:30:24.1780419Z   ✓  58 ../../tests/e2e/recommendations.spec.ts:90:1 › real local suggestions cover another imported textbook and open its complete original refs independently of acceptance (9.3s)
2026-09-15T10:30:32.8493349Z   ✓  59 ../../tests/e2e/recommendations.spec.ts:110:1 › real offline and stale decision candidates require explicit 412 correction and current independent policy hides delayed subject sources (8.7s)
2026-09-15T10:30:39.9664288Z   ✓  60 ../../tests/e2e/recommendations.spec.ts:151:1 › a controlled archived fixture makes the real historical recommendation stale and its formerly current UI cannot open the old target (7.1s)
2026-09-15T10:30:47.6912274Z   ✓  61 ../../tests/e2e/responsive-layout.spec.ts:43:1 › narrow layout and submitted explanation remain visible before React resize listeners run (7.7s)
2026-09-15T10:31:08.7966956Z   ✓  62 ../../tests/e2e/retrieval.spec.ts:47:1 › real explicit cold scope, original rebuild Job, complete hits/no match/resource omission and unchanged historical scope (21.1s)
2026-09-15T10:31:23.5163132Z   ✓  63 ../../tests/e2e/review.spec.ts:35:1 › real history and exact material review preserve original submitted text, null scores and a selected old revision after reload (14.7s)
2026-09-15T10:31:35.6005762Z   ✓  64 ../../tests/e2e/review.spec.ts:76:1 › a delayed old review response cannot restore history or academic context after another page starts a real independent attempt (12.1s)
2026-09-15T10:31:38.7547902Z   ✓  65 ../../tests/e2e/route-draft-input.spec.ts:9:60 › native route goal input survives its own initial draft save_first delivery after focus (3.1s)
2026-09-15T10:31:41.9465227Z   ✓  66 ../../tests/e2e/route-draft-input.spec.ts:9:60 › native route goal input survives its own initial draft load_first delivery after focus (3.2s)
2026-09-15T10:31:48.3650553Z   ✓  67 ../../tests/e2e/routes.spec.ts:10:1 › real route creation, reminder, manual false, reordered revision and exact target navigation preserve history (6.4s)
2026-09-15T10:31:52.3723418Z   ✓  68 ../../tests/e2e/workbench-initial-recovery.spec.ts:6:3 › initial workbench recovery keeps the saved lesson and waits for the real session at 1440px (4.0s)
2026-09-15T10:31:56.3657069Z   ✓  69 ../../tests/e2e/workbench-initial-recovery.spec.ts:6:3 › initial workbench recovery keeps the saved lesson and waits for the real session at 390px (4.0s)
2026-09-15T10:31:58.4240945Z   ✓  70 ../../tests/e2e/workbench.spec.ts:5:1 › empty workspace, native bootstrap, four fixed navigation and truthful auxiliary states (2.0s)
2026-09-15T10:32:01.6850438Z   ✓  71 ../../tests/e2e/workbench.spec.ts:22:1 › real keyboard and mouse resize, native drawers, focus return and restored layout (3.2s)
2026-09-15T10:32:05.9308911Z   ✓  72 ../../tests/e2e/workbench.spec.ts:43:1 › object drafts survive preview switches, close choice and browser reload without fake sending (4.2s)
2026-09-15T10:32:13.1685772Z   ✓  73 ../../tests/e2e/workbench.spec.ts:60:1 › server CAS conflict is visible, local object drafts survive and explicit readback recovers (7.2s)
2026-09-15T10:32:17.4707947Z   ✓  74 ../../tests/e2e/workbench.spec.ts:73:1 › offline pending UI is restored after actual connection recovery (4.3s)
2026-09-15T10:32:20.4346445Z   ✓  75 ../../tests/e2e/workbench.spec.ts:85:1 › actual MathJax, no runtime errors, long formula local scrolling, all screenshot sizes (3.0s)
2026-09-15T10:32:27.0829692Z   ✓  76 ../../tests/e2e/workbench.spec.ts:112:1 › two browser pages keep drafts for different objects in native IndexedDB (6.6s)
2026-09-15T10:32:30.0427725Z   ✓  77 ../../tests/e2e/workbench.spec.ts:130:1 › exact reference mismatch stays unresolved and preserves the original snapshot (2.9s)
2026-09-15T10:32:34.6420788Z   ✓  78 ../../tests/e2e/workbench.spec.ts:147:1 › cold lazy renderer restores saved reading offset after the content is ready (4.6s)
2026-09-15T10:32:42.3046690Z   ✓  79 ../../tests/e2e/workbench.spec.ts:167:1 › native concurrent same-object transactions preserve both candidates and expose explicit recovery (7.6s)
2026-09-15T10:32:46.7127381Z   ✓  80 ../../tests/e2e/workbench.spec.ts:200:1 › directory history restores the current course and navigation entry (4.4s)
2026-09-15T10:32:50.3888938Z   ✓  81 ../../tests/e2e/workbench.spec.ts:212:1 › UI cache quota failure stays visibly unsaved until the real server acknowledges (3.7s)
2026-09-15T10:32:53.9066317Z   ✓  82 ../../tests/e2e/workbench.spec.ts:229:1 › offline UI candidates from two pages remain separate on reload (3.5s)
2026-09-15T10:33:01.0711906Z   ✓  83 ../../tests/e2e/workbench.spec.ts:250:1 › quota-only memory candidate with a changed server baseline shows three-way comparison before explicit CAS (7.1s)
2026-09-15T10:33:05.4584258Z   ✓  84 ../../tests/e2e/workbench.spec.ts:283:1 › per-object details and focus survive A to B to A and browser reload after lazy content readiness (4.4s)
2026-09-15T10:33:08.7605987Z   ✓  85 ../../tests/e2e/workbench.spec.ts:302:1 › first unsent-draft conflict shows original, local and stored text before any reload or choice (3.3s)
2026-09-15T10:33:12.9459414Z   ✓  86 ../../tests/e2e/workbench.spec.ts:332:1 › route directory stays honestly empty and continue reading restores the exact last lesson (4.2s)
2026-09-15T10:33:16.1467005Z   ✓  87 ../../tests/e2e/workbench.spec.ts:354:1 › native keyboard selection updates frozen-reference preview and ambiguous source matches are refused (3.2s)
2026-09-15T10:33:19.2276434Z   ✓  88 ../../tests/e2e/zoom.spec.ts:5:1 › real browser 200 percent zoom reflows CSS width through Chrome appearance setting (3.1s)
2026-09-15T10:33:19.3439226Z 
2026-09-15T10:33:19.3445770Z 
2026-09-15T10:33:19.3453543Z   1) ../../tests/e2e/reader.spec.ts:170:1 › historical course revisions stay in separate exact tabs and hash-mismatched links preserve unresolved reference 
2026-09-15T10:33:19.3454508Z 
2026-09-15T10:33:19.3454777Z     Error: expect(locator).toContainText(expected) failed
2026-09-15T10:33:19.3455083Z 
2026-09-15T10:33:19.3455258Z     Locator: locator('.real-reader')
2026-09-15T10:33:19.3455784Z     Expected substring: "第二修订选文"
2026-09-15T10:33:19.3456097Z     Timeout: 5000ms
2026-09-15T10:33:19.3456381Z     Error: element(s) not found
2026-09-15T10:33:19.3456577Z 
2026-09-15T10:33:19.3456667Z     Call log:
2026-09-15T10:33:19.3457067Z       - Expect "toContainText" locator('.real-reader') with timeout 5000ms
2026-09-15T10:33:19.3457567Z       - waiting for locator('.real-reader')
2026-09-15T10:33:19.3457810Z 
2026-09-15T10:33:19.3457847Z 
2026-09-15T10:33:19.3458331Z       176 |   const target = { course: current.course, lesson: current.lessons[0], block: current.blocks[0], view: 'lesson' }
2026-09-15T10:33:19.3459195Z       177 |   await page.goto(`/?reader=${encodeURIComponent(JSON.stringify(target))}`)
2026-09-15T10:33:19.3459985Z     > 178 |   await expect(page.locator('.real-reader')).toContainText('第二修订选文')
2026-09-15T10:33:19.3460500Z           |                                              ^
2026-09-15T10:33:19.3461124Z       179 |   const oldTarget = { course: old.course, lesson: old.lessons[0], block: old.blocks[0], view: 'lesson' }
2026-09-15T10:33:19.3461871Z       180 |   await expect(page.getByText('✓ UI 会话已保存')).toBeVisible()
2026-09-15T10:33:19.3462503Z       181 |   await page.goto(`/?reader=${encodeURIComponent(JSON.stringify(oldTarget))}`)
2026-09-15T10:33:19.3463301Z         at <github-runner-home>/work/Learning_Workbench/Learning_Workbench/tests/e2e/reader.spec.ts:178:46
2026-09-15T10:33:19.3463886Z 
2026-09-15T10:33:19.3464788Z     Error Context: ../../.local_data/e2e-results/reader-historical-course-r-ef021-eserve-unresolved-reference/error-context.md
2026-09-15T10:33:19.3465371Z 
2026-09-15T10:33:19.3465490Z   1 failed
2026-09-15T10:33:19.3466462Z     ../../tests/e2e/reader.spec.ts:170:1 › historical course revisions stay in separate exact tabs and hash-mismatched links preserve unresolved reference 
2026-09-15T10:33:19.3467322Z   87 passed (10.7m)
2026-09-15T10:33:19.3709539Z make: *** [Makefile:32: test-e2e] Error 1
2026-09-15T10:33:19.3726508Z ##[error]Process completed with exit code 2.
2026-09-15T10:33:19.3826415Z Post job cleanup.
2026-09-15T10:33:19.4529830Z [command]/usr/bin/git version
2026-09-15T10:33:19.4578532Z git version 2.55.0
2026-09-15T10:33:19.4608102Z Temporarily overriding HOME='<github-runner-home>/work/_temp/d1cb15cb-fbe4-4d04-9a5a-5fe1d7c8e007' before making global git config changes
2026-09-15T10:33:19.4609327Z Adding repository directory to the temporary git global config as a safe directory
2026-09-15T10:33:19.4612744Z [command]/usr/bin/git config --global --add safe.directory <github-runner-home>/work/Learning_Workbench/Learning_Workbench
2026-09-15T10:33:19.4645108Z Removing SSH command configuration
2026-09-15T10:33:19.4650250Z [command]/usr/bin/git config --local --name-only --get-regexp core\.sshCommand
2026-09-15T10:33:19.4685735Z [command]/usr/bin/git submodule foreach --recursive sh -c "git config --local --name-only --get-regexp 'core\.sshCommand' && git config --local --unset-all 'core.sshCommand' || :"
2026-09-15T10:33:19.4974532Z Removing HTTP extra header
2026-09-15T10:33:19.4979526Z [command]/usr/bin/git config --local --name-only --get-regexp http\.https\:\/\/github\.com\/\.extraheader
2026-09-15T10:33:19.5013841Z [command]/usr/bin/git submodule foreach --recursive sh -c "git config --local --name-only --get-regexp 'http\.https\:\/\/github\.com\/\.extraheader' && git config --local --unset-all 'http.https://github.com/.extraheader' || :"
2026-09-15T10:33:19.5295850Z Removing includeIf entries pointing to credentials config files
2026-09-15T10:33:19.5302147Z [command]/usr/bin/git config --local --name-only --get-regexp ^includeIf\.gitdir:
2026-09-15T10:33:19.5338935Z includeif.gitdir:<github-runner-home>/work/Learning_Workbench/Learning_Workbench/.git.path
2026-09-15T10:33:19.5347884Z includeif.gitdir:<github-runner-home>/work/Learning_Workbench/Learning_Workbench/.git/worktrees/*.path
2026-09-15T10:33:19.5348643Z includeif.gitdir:/github/workspace/.git.path
2026-09-15T10:33:19.5349203Z includeif.gitdir:/github/workspace/.git/worktrees/*.path
2026-09-15T10:33:19.5350663Z [command]/usr/bin/git config --local --get-all includeif.gitdir:<github-runner-home>/work/Learning_Workbench/Learning_Workbench/.git.path
2026-09-15T10:33:19.5384633Z <github-runner-home>/work/_temp/git-credentials-cfdce0c5-db95-4794-afe1-c48bbc1a76e4.config
2026-09-15T10:33:19.5391946Z [command]/usr/bin/git config --local --unset includeif.gitdir:<github-runner-home>/work/Learning_Workbench/Learning_Workbench/.git.path \/home\/runner\/work\/_temp\/git\-credentials\-cfdce0c5\-db95\-4794\-afe1\-c48bbc1a76e4\.config
2026-09-15T10:33:19.5433465Z [command]/usr/bin/git config --local --get-all includeif.gitdir:<github-runner-home>/work/Learning_Workbench/Learning_Workbench/.git/worktrees/*.path
2026-09-15T10:33:19.5460721Z <github-runner-home>/work/_temp/git-credentials-cfdce0c5-db95-4794-afe1-c48bbc1a76e4.config
2026-09-15T10:33:19.5486461Z [command]/usr/bin/git config --local --unset includeif.gitdir:<github-runner-home>/work/Learning_Workbench/Learning_Workbench/.git/worktrees/*.path \/home\/runner\/work\/_temp\/git\-credentials\-cfdce0c5\-db95\-4794\-afe1\-c48bbc1a76e4\.config
2026-09-15T10:33:19.5524341Z [command]/usr/bin/git config --local --get-all includeif.gitdir:/github/workspace/.git.path
2026-09-15T10:33:19.5535877Z /github/runner_temp/git-credentials-cfdce0c5-db95-4794-afe1-c48bbc1a76e4.config
2026-09-15T10:33:19.5542378Z [command]/usr/bin/git config --local --unset includeif.gitdir:/github/workspace/.git.path \/github\/runner_temp\/git\-credentials\-cfdce0c5\-db95\-4794\-afe1\-c48bbc1a76e4\.config
2026-09-15T10:33:19.5572873Z [command]/usr/bin/git config --local --get-all includeif.gitdir:/github/workspace/.git/worktrees/*.path
2026-09-15T10:33:19.5596347Z /github/runner_temp/git-credentials-cfdce0c5-db95-4794-afe1-c48bbc1a76e4.config
2026-09-15T10:33:19.5602228Z [command]/usr/bin/git config --local --unset includeif.gitdir:/github/workspace/.git/worktrees/*.path \/github\/runner_temp\/git\-credentials\-cfdce0c5\-db95\-4794\-afe1\-c48bbc1a76e4\.config
2026-09-15T10:33:19.5633010Z [command]/usr/bin/git submodule foreach --recursive git config --local --show-origin --name-only --get-regexp remote.origin.url
2026-09-15T10:33:19.5886094Z Removing credentials config '<github-runner-home>/work/_temp/git-credentials-cfdce0c5-db95-4794-afe1-c48bbc1a76e4.config'
2026-09-15T10:33:19.6042900Z Cleaning up orphan processes
