F                                                                        [100%]
=================================== FAILURES ===================================
___ test_same_locator_equal_length_byte_replacement_is_not_a_secret_rotation ___

tmp_path = PosixPath('${PRIVATE_HOME}/.cache/lw-m51-b/secret-integrity-red/test_same_locator_equal_length0')

    def test_same_locator_equal_length_byte_replacement_is_not_a_secret_rotation(tmp_path):
        from services.api.app.infrastructure.provider_secret_store import FileSecretStore
    
        root = tmp_path / 'private-secrets'
        store = FileSecretStore(root)
        store.initialize()
        locator = store.put('synthetic-secret-A')
        path = root / locator
        original = path.read_bytes()
        path.write_bytes(original[:-1] + b'B')
        assert len(path.read_bytes()) == len(original)
>       assert not store.available(locator)
E       AssertionError: assert not True
E        +  where True = available('secret_<REDACTED_RUNTIME_LOCATOR>')
E        +    where available = <services.api.app.infrastructure.provider_secret_store.FileSecretStore object at 0x7b2db12a7e00>.available

tests/unit/test_provider_secret_store.py:35: AssertionError
=========================== short test summary info ============================
FAILED tests/unit/test_provider_secret_store.py::test_same_locator_equal_length_byte_replacement_is_not_a_secret_rotation
1 failed, 1 deselected in 0.02s
