2026-09-15T11:10:02.5260318Z Current runner version: '2.337.0'
2026-09-15T11:10:02.5277699Z ##[group]Runner Image Provisioner
2026-09-15T11:10:02.5278198Z Hosted Compute Agent
2026-09-15T11:10:02.5278535Z Version: 20260828.587
2026-09-15T11:10:02.5278970Z Commit: abac92662cab4cc7352de4f9f9d2e2419aad9c29
2026-09-15T11:10:02.5279382Z Build Date: 2026-08-28T16:44:25Z
2026-09-15T11:10:02.5279816Z Worker ID: {a30732d0-f717-491d-a566-380159046f1f}
2026-09-15T11:10:02.5280227Z Azure Region: westus3
2026-09-15T11:10:02.5280558Z ##[endgroup]
2026-09-15T11:10:02.5281341Z ##[group]Operating System
2026-09-15T11:10:02.5281688Z Ubuntu
2026-09-15T11:10:02.5281983Z 24.04.5
2026-09-15T11:10:02.5282324Z LTS
2026-09-15T11:10:02.5282624Z ##[endgroup]
2026-09-15T11:10:02.5283058Z ##[group]Runner Image
2026-09-15T11:10:02.5283437Z Image: ubuntu-24.04
2026-09-15T11:10:02.5283751Z Version: 20260907.300.1
2026-09-15T11:10:02.5284505Z Included Software: https://github.com/actions/runner-images/blob/ubuntu24/20260907.300/images/ubuntu/Ubuntu2404-Readme.md
2026-09-15T11:10:02.5285572Z Image Release: https://github.com/actions/runner-images/releases/tag/ubuntu24%2F20260907.300
2026-09-15T11:10:02.5286173Z ##[endgroup]
2026-09-15T11:10:02.5287037Z ##[group]GITHUB_TOKEN Permissions
2026-09-15T11:10:02.5288346Z Contents: read
2026-09-15T11:10:02.5288692Z Metadata: read
2026-09-15T11:10:02.5289068Z ##[endgroup]
2026-09-15T11:10:02.5290270Z Secret source: Actions
2026-09-15T11:10:02.5290853Z Cache mode: write
2026-09-15T11:10:02.5291414Z Prepare workflow directory
2026-09-15T11:10:02.5481347Z Prepare all required actions
2026-09-15T11:10:02.5510643Z Getting action download info
2026-09-15T11:10:02.8540543Z Download action repository 'actions/checkout@3d3c42e5aac5ba805825da76410c181273ba90b1' (SHA:3d3c42e5aac5ba805825da76410c181273ba90b1)
2026-09-15T11:10:02.9400710Z Download action repository 'actions/setup-python@5fda3b95a4ea91299a34e894583c3862153e4b97' (SHA:5fda3b95a4ea91299a34e894583c3862153e4b97)
2026-09-15T11:10:03.0914876Z Complete job name: security-publication
2026-09-15T11:10:03.1319960Z ##[group]Run actions/checkout@3d3c42e5aac5ba805825da76410c181273ba90b1
2026-09-15T11:10:03.1320668Z with:
2026-09-15T11:10:03.1320908Z   repository: kl3574/Learning_Workbench
2026-09-15T11:10:03.1322771Z   token: ***
2026-09-15T11:10:03.1322994Z   ssh-strict: true
2026-09-15T11:10:03.1323225Z   ssh-user: git
2026-09-15T11:10:03.1323460Z   persist-credentials: true
2026-09-15T11:10:03.1323717Z   clean: true
2026-09-15T11:10:03.1323952Z   sparse-checkout-cone-mode: true
2026-09-15T11:10:03.1324223Z   fetch-depth: 1
2026-09-15T11:10:03.1324450Z   fetch-tags: false
2026-09-15T11:10:03.1324686Z   show-progress: true
2026-09-15T11:10:03.1324924Z   lfs: false
2026-09-15T11:10:03.1325260Z   submodules: false
2026-09-15T11:10:03.1325499Z   set-safe-directory: true
2026-09-15T11:10:03.1325762Z   allow-unsafe-pr-checkout: false
2026-09-15T11:10:03.1326116Z ##[endgroup]
2026-09-15T11:10:03.1961571Z Syncing repository: kl3574/Learning_Workbench
2026-09-15T11:10:03.1963166Z ##[group]Getting Git version info
2026-09-15T11:10:03.1963828Z Working directory is '<github-runner-home>/work/Learning_Workbench/Learning_Workbench'
2026-09-15T11:10:03.1964764Z [command]/usr/bin/git version
2026-09-15T11:10:03.2047463Z git version 2.55.0
2026-09-15T11:10:03.2061089Z ##[endgroup]
2026-09-15T11:10:03.2069077Z Temporarily overriding HOME='<github-runner-home>/work/_temp/25b3546c-0830-45fd-8f41-7f9e6693da02' before making global git config changes
2026-09-15T11:10:03.2070204Z Adding repository directory to the temporary git global config as a safe directory
2026-09-15T11:10:03.2073897Z [command]/usr/bin/git config --global --add safe.directory <github-runner-home>/work/Learning_Workbench/Learning_Workbench
2026-09-15T11:10:03.2113739Z Deleting the contents of '<github-runner-home>/work/Learning_Workbench/Learning_Workbench'
2026-09-15T11:10:03.2116527Z ##[group]Determining repository object format
2026-09-15T11:10:03.2117691Z ##[endgroup]
2026-09-15T11:10:03.2118287Z ##[group]Initializing the repository
2026-09-15T11:10:03.2120911Z [command]/usr/bin/git init <github-runner-home>/work/Learning_Workbench/Learning_Workbench
2026-09-15T11:10:03.2222908Z hint: Using 'master' as the name for the initial branch. This default branch name
2026-09-15T11:10:03.2223994Z hint: will change to "main" in Git 3.0. To configure the initial branch name
2026-09-15T11:10:03.2224484Z hint: to use in all of your new repositories, which will suppress this warning,
2026-09-15T11:10:03.2224905Z hint: call:
2026-09-15T11:10:03.2225275Z hint:
2026-09-15T11:10:03.2225560Z hint: 	git config --global init.defaultBranch <name>
2026-09-15T11:10:03.2225918Z hint:
2026-09-15T11:10:03.2226223Z hint: Names commonly chosen instead of 'master' are 'main', 'trunk' and
2026-09-15T11:10:03.2226734Z hint: 'development'. The just-created branch can be renamed via this command:
2026-09-15T11:10:03.2227138Z hint:
2026-09-15T11:10:03.2227362Z hint: 	git branch -m <name>
2026-09-15T11:10:03.2227603Z hint:
2026-09-15T11:10:03.2228016Z hint: Disable this message with "git config set advice.defaultBranchName false"
2026-09-15T11:10:03.2232379Z Initialized empty Git repository in <github-runner-home>/work/Learning_Workbench/Learning_Workbench/.git/
2026-09-15T11:10:03.2239624Z [command]/usr/bin/git remote add origin https://github.com/kl3574/Learning_Workbench
2026-09-15T11:10:03.2280998Z ##[endgroup]
2026-09-15T11:10:03.2281669Z ##[group]Disabling automatic garbage collection
2026-09-15T11:10:03.2283566Z [command]/usr/bin/git config --local gc.auto 0
2026-09-15T11:10:03.2314685Z ##[endgroup]
2026-09-15T11:10:03.2315503Z ##[group]Setting up auth
2026-09-15T11:10:03.2315987Z Removing SSH command configuration
2026-09-15T11:10:03.2319303Z [command]/usr/bin/git config --local --name-only --get-regexp core\.sshCommand
2026-09-15T11:10:03.2350150Z [command]/usr/bin/git submodule foreach --recursive sh -c "git config --local --name-only --get-regexp 'core\.sshCommand' && git config --local --unset-all 'core.sshCommand' || :"
2026-09-15T11:10:03.2624573Z Removing HTTP extra header
2026-09-15T11:10:03.2627960Z [command]/usr/bin/git config --local --name-only --get-regexp http\.https\:\/\/github\.com\/\.extraheader
2026-09-15T11:10:03.2652195Z [command]/usr/bin/git submodule foreach --recursive sh -c "git config --local --name-only --get-regexp 'http\.https\:\/\/github\.com\/\.extraheader' && git config --local --unset-all 'http.https://github.com/.extraheader' || :"
2026-09-15T11:10:03.2811076Z Removing includeIf entries pointing to credentials config files
2026-09-15T11:10:03.2814083Z [command]/usr/bin/git config --local --name-only --get-regexp ^includeIf\.gitdir:
2026-09-15T11:10:03.2846050Z [command]/usr/bin/git submodule foreach --recursive git config --local --show-origin --name-only --get-regexp remote.origin.url
2026-09-15T11:10:03.3007404Z [command]/usr/bin/git config --file <github-runner-home>/work/_temp/git-credentials-762c80c0-5f14-41d7-8a6c-ec5b667afd3c.config http.https://github.com/.extraheader AUTHORIZATION: basic ***
2026-09-15T11:10:03.3036169Z [command]/usr/bin/git config --local includeIf.gitdir:<github-runner-home>/work/Learning_Workbench/Learning_Workbench/.git.path <github-runner-home>/work/_temp/git-credentials-762c80c0-5f14-41d7-8a6c-ec5b667afd3c.config
2026-09-15T11:10:03.3060341Z [command]/usr/bin/git config --local includeIf.gitdir:<github-runner-home>/work/Learning_Workbench/Learning_Workbench/.git/worktrees/*.path <github-runner-home>/work/_temp/git-credentials-762c80c0-5f14-41d7-8a6c-ec5b667afd3c.config
2026-09-15T11:10:03.3088280Z [command]/usr/bin/git config --local includeIf.gitdir:/github/workspace/.git.path /github/runner_temp/git-credentials-762c80c0-5f14-41d7-8a6c-ec5b667afd3c.config
2026-09-15T11:10:03.3113456Z [command]/usr/bin/git config --local includeIf.gitdir:/github/workspace/.git/worktrees/*.path /github/runner_temp/git-credentials-762c80c0-5f14-41d7-8a6c-ec5b667afd3c.config
2026-09-15T11:10:03.3136602Z ##[endgroup]
2026-09-15T11:10:03.3137032Z ##[group]Fetching the repository
2026-09-15T11:10:03.3140516Z [command]/usr/bin/git -c protocol.version=2 fetch --no-tags --prune --no-recurse-submodules --depth=1 origin +73d65af4bae237e72fb9a0a6294028cfbad62823:refs/remotes/origin/feat/M5.2-local-retrieval
2026-09-15T11:10:06.8078970Z From https://github.com/kl3574/Learning_Workbench
2026-09-15T11:10:06.8079562Z  * [new ref]         73d65af4bae237e72fb9a0a6294028cfbad62823 -> origin/feat/M5.2-local-retrieval
2026-09-15T11:10:06.8086285Z [command]/usr/bin/git branch --list --remote origin/feat/M5.2-local-retrieval
2026-09-15T11:10:06.8109256Z   origin/feat/M5.2-local-retrieval
2026-09-15T11:10:06.8114263Z [command]/usr/bin/git rev-parse refs/remotes/origin/feat/M5.2-local-retrieval
2026-09-15T11:10:06.8134126Z 73d65af4bae237e72fb9a0a6294028cfbad62823
2026-09-15T11:10:06.8137455Z ##[endgroup]
2026-09-15T11:10:06.8137946Z ##[group]Determining the checkout info
2026-09-15T11:10:06.8138459Z ##[endgroup]
2026-09-15T11:10:06.8140106Z [command]/usr/bin/git sparse-checkout disable
2026-09-15T11:10:06.8180733Z [command]/usr/bin/git config --local --unset-all extensions.worktreeConfig
2026-09-15T11:10:06.8205002Z ##[group]Checking out the ref
2026-09-15T11:10:06.8207575Z [command]/usr/bin/git checkout --progress --force -B feat/M5.2-local-retrieval refs/remotes/origin/feat/M5.2-local-retrieval
2026-09-15T11:10:07.1653731Z Switched to a new branch 'feat/M5.2-local-retrieval'
2026-09-15T11:10:07.1656349Z branch 'feat/M5.2-local-retrieval' set up to track 'origin/feat/M5.2-local-retrieval'.
2026-09-15T11:10:07.1678379Z ##[endgroup]
2026-09-15T11:10:07.1720430Z [command]/usr/bin/git log -1 --format=%H
2026-09-15T11:10:07.1743259Z 73d65af4bae237e72fb9a0a6294028cfbad62823
2026-09-15T11:10:07.1922581Z ##[group]Run actions/setup-python@5fda3b95a4ea91299a34e894583c3862153e4b97
2026-09-15T11:10:07.1922823Z with:
2026-09-15T11:10:07.1922963Z   python-version: 3.12.13
2026-09-15T11:10:07.1923121Z   check-latest: false
2026-09-15T11:10:07.1924293Z   token: ***
2026-09-15T11:10:07.1924434Z   update-environment: true
2026-09-15T11:10:07.1924590Z   allow-prereleases: false
2026-09-15T11:10:07.1924743Z   freethreaded: false
2026-09-15T11:10:07.1924917Z ##[endgroup]
2026-09-15T11:10:07.2602496Z ##[group]Installed versions
2026-09-15T11:10:07.2613753Z Version 3.12.13 was not found in the local cache
2026-09-15T11:10:08.3276274Z Version 3.12.13 is available for downloading
2026-09-15T11:10:08.3276920Z Download from "https://github.com/actions/python-versions/releases/download/3.12.13-27650778726/python-3.12.13-linux-24.04-x64.tar.gz"
2026-09-15T11:10:08.9173407Z Extract downloaded archive
2026-09-15T11:10:08.9251604Z [command]/usr/bin/tar xz --warning=no-unknown-keyword --overwrite -C <github-runner-home>/work/_temp/ca0e5c2e-7fd3-4f38-9aff-d72e6841a8a5 -f <github-runner-home>/work/_temp/40356a90-a604-4d16-a904-18adfb5ae8a7
2026-09-15T11:10:10.2706744Z Execute installation script
2026-09-15T11:10:10.2777970Z Check if Python hostedtoolcache folder exist...
2026-09-15T11:10:10.2778657Z Create Python 3.12.13 folder
2026-09-15T11:10:10.2790365Z Copy Python binaries to hostedtoolcache folder
2026-09-15T11:10:10.6146035Z Create additional symlinks (Required for the UsePythonVersion Azure Pipelines task and the setup-python GitHub Action)
2026-09-15T11:10:10.6198993Z Upgrading pip...
2026-09-15T11:10:12.2022789Z Collecting pip
2026-09-15T11:10:12.2259255Z Downloading pip-26.2.1-py3-none-any.whl.metadata (4.6 kB)
2026-09-15T11:10:12.2319800Z Downloading pip-26.2.1-py3-none-any.whl (1.8 MB)
2026-09-15T11:10:12.2732618Z ━━━━━━━━━━━━━━━━━━━━━━━━━━━━━━━━━━━━━━━━ 1.8/1.8 MB 59.9 MB/s eta 0:00:00
2026-09-15T11:10:12.2732977Z 
2026-09-15T11:10:12.3260669Z Installing collected packages: pip
2026-09-15T11:10:12.3262636Z Attempting uninstall: pip
2026-09-15T11:10:12.3273904Z Found existing installation: pip 25.0.1
2026-09-15T11:10:12.3471811Z Uninstalling pip-25.0.1:
2026-09-15T11:10:12.3522085Z Successfully uninstalled pip-25.0.1
2026-09-15T11:10:12.8714785Z Successfully installed pip-26.2.1
2026-09-15T11:10:12.9082658Z Create complete file
2026-09-15T11:10:12.9109156Z Successfully set up CPython (3.12.13)
2026-09-15T11:10:12.9110052Z ##[endgroup]
2026-09-15T11:10:12.9233740Z ##[group]Run python scripts/check_publication.py --all-tracked
2026-09-15T11:10:12.9234192Z [36;1mpython scripts/check_publication.py --all-tracked[0m
2026-09-15T11:10:12.9267058Z shell: /usr/bin/bash -e {0}
2026-09-15T11:10:12.9267217Z env:
2026-09-15T11:10:12.9267366Z   pythonLocation: /opt/hostedtoolcache/Python/3.12.13/x64
2026-09-15T11:10:12.9267597Z   PKG_CONFIG_PATH: /opt/hostedtoolcache/Python/3.12.13/x64/lib/pkgconfig
2026-09-15T11:10:12.9267819Z   Python_ROOT_DIR: /opt/hostedtoolcache/Python/3.12.13/x64
2026-09-15T11:10:12.9268035Z   Python2_ROOT_DIR: /opt/hostedtoolcache/Python/3.12.13/x64
2026-09-15T11:10:12.9268242Z   Python3_ROOT_DIR: /opt/hostedtoolcache/Python/3.12.13/x64
2026-09-15T11:10:12.9268461Z   LD_LIBRARY_PATH: /opt/hostedtoolcache/Python/3.12.13/x64/lib
2026-09-15T11:10:12.9268634Z ##[endgroup]
2026-09-15T11:10:24.3365626Z PASS: scanned 5852 staged/tracked files against path and credential rules. Manual provenance review remains required.
2026-09-15T11:10:24.3484173Z Post job cleanup.
2026-09-15T11:10:24.4302860Z Post job cleanup.
2026-09-15T11:10:24.4880132Z [command]/usr/bin/git version
2026-09-15T11:10:24.4911042Z git version 2.55.0
2026-09-15T11:10:24.4939224Z Temporarily overriding HOME='<github-runner-home>/work/_temp/b36ceba5-57ef-44a0-bfa6-97ffa87b28ae' before making global git config changes
2026-09-15T11:10:24.4939943Z Adding repository directory to the temporary git global config as a safe directory
2026-09-15T11:10:24.4942512Z [command]/usr/bin/git config --global --add safe.directory <github-runner-home>/work/Learning_Workbench/Learning_Workbench
2026-09-15T11:10:24.4969656Z Removing SSH command configuration
2026-09-15T11:10:24.4974025Z [command]/usr/bin/git config --local --name-only --get-regexp core\.sshCommand
2026-09-15T11:10:24.5004689Z [command]/usr/bin/git submodule foreach --recursive sh -c "git config --local --name-only --get-regexp 'core\.sshCommand' && git config --local --unset-all 'core.sshCommand' || :"
2026-09-15T11:10:24.5196416Z Removing HTTP extra header
2026-09-15T11:10:24.5201499Z [command]/usr/bin/git config --local --name-only --get-regexp http\.https\:\/\/github\.com\/\.extraheader
2026-09-15T11:10:24.5230935Z [command]/usr/bin/git submodule foreach --recursive sh -c "git config --local --name-only --get-regexp 'http\.https\:\/\/github\.com\/\.extraheader' && git config --local --unset-all 'http.https://github.com/.extraheader' || :"
2026-09-15T11:10:24.5423487Z Removing includeIf entries pointing to credentials config files
2026-09-15T11:10:24.5429272Z [command]/usr/bin/git config --local --name-only --get-regexp ^includeIf\.gitdir:
2026-09-15T11:10:24.5456264Z includeif.gitdir:<github-runner-home>/work/Learning_Workbench/Learning_Workbench/.git.path
2026-09-15T11:10:24.5456758Z includeif.gitdir:<github-runner-home>/work/Learning_Workbench/Learning_Workbench/.git/worktrees/*.path
2026-09-15T11:10:24.5457048Z includeif.gitdir:/github/workspace/.git.path
2026-09-15T11:10:24.5457242Z includeif.gitdir:/github/workspace/.git/worktrees/*.path
2026-09-15T11:10:24.5462313Z [command]/usr/bin/git config --local --get-all includeif.gitdir:<github-runner-home>/work/Learning_Workbench/Learning_Workbench/.git.path
2026-09-15T11:10:24.5483267Z <github-runner-home>/work/_temp/git-credentials-762c80c0-5f14-41d7-8a6c-ec5b667afd3c.config
2026-09-15T11:10:24.5489987Z [command]/usr/bin/git config --local --unset includeif.gitdir:<github-runner-home>/work/Learning_Workbench/Learning_Workbench/.git.path \/home\/runner\/work\/_temp\/git\-credentials\-762c80c0\-5f14\-41d7\-8a6c\-ec5b667afd3c\.config
2026-09-15T11:10:24.5518391Z [command]/usr/bin/git config --local --get-all includeif.gitdir:<github-runner-home>/work/Learning_Workbench/Learning_Workbench/.git/worktrees/*.path
2026-09-15T11:10:24.5538728Z <github-runner-home>/work/_temp/git-credentials-762c80c0-5f14-41d7-8a6c-ec5b667afd3c.config
2026-09-15T11:10:24.5580080Z [command]/usr/bin/git config --local --unset includeif.gitdir:<github-runner-home>/work/Learning_Workbench/Learning_Workbench/.git/worktrees/*.path \/home\/runner\/work\/_temp\/git\-credentials\-762c80c0\-5f14\-41d7\-8a6c\-ec5b667afd3c\.config
2026-09-15T11:10:24.5606500Z [command]/usr/bin/git config --local --get-all includeif.gitdir:/github/workspace/.git.path
2026-09-15T11:10:24.5626188Z /github/runner_temp/git-credentials-762c80c0-5f14-41d7-8a6c-ec5b667afd3c.config
2026-09-15T11:10:24.5630606Z [command]/usr/bin/git config --local --unset includeif.gitdir:/github/workspace/.git.path \/github\/runner_temp\/git\-credentials\-762c80c0\-5f14\-41d7\-8a6c\-ec5b667afd3c\.config
2026-09-15T11:10:24.5655728Z [command]/usr/bin/git config --local --get-all includeif.gitdir:/github/workspace/.git/worktrees/*.path
2026-09-15T11:10:24.5676347Z /github/runner_temp/git-credentials-762c80c0-5f14-41d7-8a6c-ec5b667afd3c.config
2026-09-15T11:10:24.5680667Z [command]/usr/bin/git config --local --unset includeif.gitdir:/github/workspace/.git/worktrees/*.path \/github\/runner_temp\/git\-credentials\-762c80c0\-5f14\-41d7\-8a6c\-ec5b667afd3c\.config
2026-09-15T11:10:24.5707881Z [command]/usr/bin/git submodule foreach --recursive git config --local --show-origin --name-only --get-regexp remote.origin.url
2026-09-15T11:10:24.5876607Z Removing credentials config '<github-runner-home>/work/_temp/git-credentials-762c80c0-5f14-41d7-8a6c-ec5b667afd3c.config'
2026-09-15T11:10:24.5990549Z Cleaning up orphan processes
