2026-09-15T11:10:02.8229613Z Current runner version: '2.337.0'
2026-09-15T11:10:02.8249399Z ##[group]Runner Image Provisioner
2026-09-15T11:10:02.8250036Z Hosted Compute Agent
2026-09-15T11:10:02.8250391Z Version: 20260828.587
2026-09-15T11:10:02.8250837Z Commit: abac92662cab4cc7352de4f9f9d2e2419aad9c29
2026-09-15T11:10:02.8251281Z Build Date: 2026-08-28T16:44:25Z
2026-09-15T11:10:02.8252232Z Worker ID: {9f9f16f4-f56d-4e8f-bf50-9675bd1b5174}
2026-09-15T11:10:02.8252714Z Azure Region: westus3
2026-09-15T11:10:02.8253087Z ##[endgroup]
2026-09-15T11:10:02.8254073Z ##[group]Operating System
2026-09-15T11:10:02.8254453Z Ubuntu
2026-09-15T11:10:02.8254868Z 26.04.1
2026-09-15T11:10:02.8255203Z LTS
2026-09-15T11:10:02.8255520Z ##[endgroup]
2026-09-15T11:10:02.8255895Z ##[group]Runner Image
2026-09-15T11:10:02.8256277Z Image: ubuntu-26.04
2026-09-15T11:10:02.8256616Z Version: 20260907.131.1
2026-09-15T11:10:02.8257515Z Included Software: https://github.com/actions/runner-images/blob/ubuntu26/20260907.131/images/ubuntu/Ubuntu2604-Readme.md
2026-09-15T11:10:02.8258439Z Image Release: https://github.com/actions/runner-images/releases/tag/ubuntu26%2F20260907.131
2026-09-15T11:10:02.8259015Z ##[endgroup]
2026-09-15T11:10:02.8259763Z ##[group]GITHUB_TOKEN Permissions
2026-09-15T11:10:02.8261208Z Contents: read
2026-09-15T11:10:02.8261550Z Metadata: read
2026-09-15T11:10:02.8262071Z ##[endgroup]
2026-09-15T11:10:02.8263542Z Secret source: Actions
2026-09-15T11:10:02.8264200Z Cache mode: write
2026-09-15T11:10:02.8264651Z Prepare workflow directory
2026-09-15T11:10:02.8489813Z Prepare all required actions
2026-09-15T11:10:02.8523515Z Getting action download info
2026-09-15T11:10:03.1505186Z Download action repository 'actions/checkout@3d3c42e5aac5ba805825da76410c181273ba90b1' (SHA:3d3c42e5aac5ba805825da76410c181273ba90b1)
2026-09-15T11:10:03.2368132Z Download action repository 'actions/setup-python@5fda3b95a4ea91299a34e894583c3862153e4b97' (SHA:5fda3b95a4ea91299a34e894583c3862153e4b97)
2026-09-15T11:10:03.3117664Z Download action repository 'actions/setup-node@820762786026740c76f36085b0efc47a31fe5020' (SHA:820762786026740c76f36085b0efc47a31fe5020)
2026-09-15T11:10:03.4422872Z Download action repository 'actions/upload-artifact@043fb46d1a93c77aae656e7c1c64a875d1fc6a0a' (SHA:043fb46d1a93c77aae656e7c1c64a875d1fc6a0a)
2026-09-15T11:10:03.7203176Z Complete job name: browser
2026-09-15T11:10:03.7685817Z ##[group]Run actions/checkout@3d3c42e5aac5ba805825da76410c181273ba90b1
2026-09-15T11:10:03.7686354Z with:
2026-09-15T11:10:03.7686610Z   repository: kl3574/Learning_Workbench
2026-09-15T11:10:03.7688677Z   token: ***
2026-09-15T11:10:03.7688922Z   ssh-strict: true
2026-09-15T11:10:03.7689175Z   ssh-user: git
2026-09-15T11:10:03.7689430Z   persist-credentials: true
2026-09-15T11:10:03.7689703Z   clean: true
2026-09-15T11:10:03.7689962Z   sparse-checkout-cone-mode: true
2026-09-15T11:10:03.7690268Z   fetch-depth: 1
2026-09-15T11:10:03.7690523Z   fetch-tags: false
2026-09-15T11:10:03.7690778Z   show-progress: true
2026-09-15T11:10:03.7691034Z   lfs: false
2026-09-15T11:10:03.7691292Z   submodules: false
2026-09-15T11:10:03.7691551Z   set-safe-directory: true
2026-09-15T11:10:03.7691959Z   allow-unsafe-pr-checkout: false
2026-09-15T11:10:03.7692331Z ##[endgroup]
2026-09-15T11:10:03.8386555Z Syncing repository: kl3574/Learning_Workbench
2026-09-15T11:10:03.8388282Z ##[group]Getting Git version info
2026-09-15T11:10:03.8388977Z Working directory is '<github-runner-home>/work/Learning_Workbench/Learning_Workbench'
2026-09-15T11:10:03.8389945Z [command]/usr/bin/git version
2026-09-15T11:10:03.8396371Z git version 2.55.0
2026-09-15T11:10:03.8413239Z ##[endgroup]
2026-09-15T11:10:03.8419738Z Temporarily overriding HOME='<github-runner-home>/work/_temp/eb836ca5-1e03-41a1-9ea0-e0a5be61ab6d' before making global git config changes
2026-09-15T11:10:03.8421138Z Adding repository directory to the temporary git global config as a safe directory
2026-09-15T11:10:03.8423176Z [command]/usr/bin/git config --global --add safe.directory <github-runner-home>/work/Learning_Workbench/Learning_Workbench
2026-09-15T11:10:03.8476607Z Deleting the contents of '<github-runner-home>/work/Learning_Workbench/Learning_Workbench'
2026-09-15T11:10:03.8479445Z ##[group]Determining repository object format
2026-09-15T11:10:03.8480855Z ##[endgroup]
2026-09-15T11:10:03.8481478Z ##[group]Initializing the repository
2026-09-15T11:10:03.8484975Z [command]/usr/bin/git init <github-runner-home>/work/Learning_Workbench/Learning_Workbench
2026-09-15T11:10:03.8588413Z hint: Using 'master' as the name for the initial branch. This default branch name
2026-09-15T11:10:03.8589313Z hint: will change to "main" in Git 3.0. To configure the initial branch name
2026-09-15T11:10:03.8589983Z hint: to use in all of your new repositories, which will suppress this warning,
2026-09-15T11:10:03.8590429Z hint: call:
2026-09-15T11:10:03.8590656Z hint:
2026-09-15T11:10:03.8590966Z hint: 	git config --global init.defaultBranch <name>
2026-09-15T11:10:03.8591319Z hint:
2026-09-15T11:10:03.8591640Z hint: Names commonly chosen instead of 'master' are 'main', 'trunk' and
2026-09-15T11:10:03.8592346Z hint: 'development'. The just-created branch can be renamed via this command:
2026-09-15T11:10:03.8592752Z hint:
2026-09-15T11:10:03.8592993Z hint: 	git branch -m <name>
2026-09-15T11:10:03.8593261Z hint:
2026-09-15T11:10:03.8593620Z hint: Disable this message with "git config set advice.defaultBranchName false"
2026-09-15T11:10:03.8599175Z Initialized empty Git repository in <github-runner-home>/work/Learning_Workbench/Learning_Workbench/.git/
2026-09-15T11:10:03.8607105Z [command]/usr/bin/git remote add origin https://github.com/kl3574/Learning_Workbench
2026-09-15T11:10:03.8658103Z ##[endgroup]
2026-09-15T11:10:03.8658816Z ##[group]Disabling automatic garbage collection
2026-09-15T11:10:03.8660936Z [command]/usr/bin/git config --local gc.auto 0
2026-09-15T11:10:03.8692952Z ##[endgroup]
2026-09-15T11:10:03.8693866Z ##[group]Setting up auth
2026-09-15T11:10:03.8694355Z Removing SSH command configuration
2026-09-15T11:10:03.8698422Z [command]/usr/bin/git config --local --name-only --get-regexp core\.sshCommand
2026-09-15T11:10:03.8731684Z [command]/usr/bin/git submodule foreach --recursive sh -c "git config --local --name-only --get-regexp 'core\.sshCommand' && git config --local --unset-all 'core.sshCommand' || :"
2026-09-15T11:10:03.9113660Z Removing HTTP extra header
2026-09-15T11:10:03.9119371Z [command]/usr/bin/git config --local --name-only --get-regexp http\.https\:\/\/github\.com\/\.extraheader
2026-09-15T11:10:03.9150252Z [command]/usr/bin/git submodule foreach --recursive sh -c "git config --local --name-only --get-regexp 'http\.https\:\/\/github\.com\/\.extraheader' && git config --local --unset-all 'http.https://github.com/.extraheader' || :"
2026-09-15T11:10:03.9378703Z Removing includeIf entries pointing to credentials config files
2026-09-15T11:10:03.9383799Z [command]/usr/bin/git config --local --name-only --get-regexp ^includeIf\.gitdir:
2026-09-15T11:10:03.9411610Z [command]/usr/bin/git submodule foreach --recursive git config --local --show-origin --name-only --get-regexp remote.origin.url
2026-09-15T11:10:03.9617930Z [command]/usr/bin/git config --file <github-runner-home>/work/_temp/git-credentials-3aed5c85-49bb-43a2-b963-1f72e15fa0f9.config http.https://github.com/.extraheader AUTHORIZATION: basic ***
2026-09-15T11:10:03.9649975Z [command]/usr/bin/git config --local includeIf.gitdir:<github-runner-home>/work/Learning_Workbench/Learning_Workbench/.git.path <github-runner-home>/work/_temp/git-credentials-3aed5c85-49bb-43a2-b963-1f72e15fa0f9.config
2026-09-15T11:10:03.9674976Z [command]/usr/bin/git config --local includeIf.gitdir:<github-runner-home>/work/Learning_Workbench/Learning_Workbench/.git/worktrees/*.path <github-runner-home>/work/_temp/git-credentials-3aed5c85-49bb-43a2-b963-1f72e15fa0f9.config
2026-09-15T11:10:03.9703160Z [command]/usr/bin/git config --local includeIf.gitdir:/github/workspace/.git.path /github/runner_temp/git-credentials-3aed5c85-49bb-43a2-b963-1f72e15fa0f9.config
2026-09-15T11:10:03.9728754Z [command]/usr/bin/git config --local includeIf.gitdir:/github/workspace/.git/worktrees/*.path /github/runner_temp/git-credentials-3aed5c85-49bb-43a2-b963-1f72e15fa0f9.config
2026-09-15T11:10:03.9750805Z ##[endgroup]
2026-09-15T11:10:03.9751416Z ##[group]Fetching the repository
2026-09-15T11:10:03.9756121Z [command]/usr/bin/git -c protocol.version=2 fetch --no-tags --prune --no-recurse-submodules --depth=1 origin +73d65af4bae237e72fb9a0a6294028cfbad62823:refs/remotes/origin/feat/M5.2-local-retrieval
2026-09-15T11:10:06.4799946Z From https://github.com/kl3574/Learning_Workbench
2026-09-15T11:10:06.4801279Z  * [new ref]         73d65af4bae237e72fb9a0a6294028cfbad62823 -> origin/feat/M5.2-local-retrieval
2026-09-15T11:10:06.4876936Z [command]/usr/bin/git branch --list --remote origin/feat/M5.2-local-retrieval
2026-09-15T11:10:06.4883160Z   origin/feat/M5.2-local-retrieval
2026-09-15T11:10:06.4885307Z [command]/usr/bin/git rev-parse refs/remotes/origin/feat/M5.2-local-retrieval
2026-09-15T11:10:06.4886202Z 73d65af4bae237e72fb9a0a6294028cfbad62823
2026-09-15T11:10:06.4887831Z ##[endgroup]
2026-09-15T11:10:06.4888593Z ##[group]Determining the checkout info
2026-09-15T11:10:06.4889566Z ##[endgroup]
2026-09-15T11:10:06.4890112Z [command]/usr/bin/git sparse-checkout disable
2026-09-15T11:10:06.4922190Z [command]/usr/bin/git config --local --unset-all extensions.worktreeConfig
2026-09-15T11:10:06.4949533Z ##[group]Checking out the ref
2026-09-15T11:10:06.4952934Z [command]/usr/bin/git checkout --progress --force -B feat/M5.2-local-retrieval refs/remotes/origin/feat/M5.2-local-retrieval
2026-09-15T11:10:06.8554304Z Switched to a new branch 'feat/M5.2-local-retrieval'
2026-09-15T11:10:06.8556625Z branch 'feat/M5.2-local-retrieval' set up to track 'origin/feat/M5.2-local-retrieval'.
2026-09-15T11:10:06.8606423Z ##[endgroup]
2026-09-15T11:10:06.8680841Z [command]/usr/bin/git log -1 --format=%H
2026-09-15T11:10:06.8742412Z 73d65af4bae237e72fb9a0a6294028cfbad62823
2026-09-15T11:10:06.9028932Z ##[group]Run actions/setup-python@5fda3b95a4ea91299a34e894583c3862153e4b97
2026-09-15T11:10:06.9030028Z with:
2026-09-15T11:10:06.9030633Z   python-version: 3.12.13
2026-09-15T11:10:06.9031351Z   check-latest: false
2026-09-15T11:10:06.9037191Z   token: ***
2026-09-15T11:10:06.9037817Z   update-environment: true
2026-09-15T11:10:06.9038538Z   allow-prereleases: false
2026-09-15T11:10:06.9039262Z   freethreaded: false
2026-09-15T11:10:06.9039903Z ##[endgroup]
2026-09-15T11:10:06.9860370Z ##[group]Installed versions
2026-09-15T11:10:06.9868410Z Version 3.12.13 was not found in the local cache
2026-09-15T11:10:08.0553904Z Version 3.12.13 is available for downloading
2026-09-15T11:10:08.0554673Z Download from "https://github.com/actions/python-versions/releases/download/3.12.13-27650778726/python-3.12.13-linux-26.04-x64.tar.gz"
2026-09-15T11:10:09.2853371Z Extract downloaded archive
2026-09-15T11:10:09.2940958Z [command]/usr/bin/tar xz --warning=no-unknown-keyword --overwrite -C <github-runner-home>/work/_temp/e76d69c8-d4cb-4cdf-a93c-d37045b7ea87 -f <github-runner-home>/work/_temp/21b1bfb8-a2f8-4f6d-a933-df9830b5b3c2
2026-09-15T11:10:10.1952523Z Execute installation script
2026-09-15T11:10:10.2065606Z Check if Python hostedtoolcache folder exist...
2026-09-15T11:10:10.2066438Z Create Python 3.12.13 folder
2026-09-15T11:10:10.2088557Z Copy Python binaries to hostedtoolcache folder
2026-09-15T11:10:10.5622916Z Create additional symlinks (Required for the UsePythonVersion Azure Pipelines task and the setup-python GitHub Action)
2026-09-15T11:10:10.5708571Z Upgrading pip...
2026-09-15T11:10:12.1518855Z Collecting pip
2026-09-15T11:10:12.1964782Z Downloading pip-26.2.1-py3-none-any.whl.metadata (4.6 kB)
2026-09-15T11:10:12.2102000Z Downloading pip-26.2.1-py3-none-any.whl (1.8 MB)
2026-09-15T11:10:12.2611268Z ━━━━━━━━━━━━━━━━━━━━━━━━━━━━━━━━━━━━━━━━ 1.8/1.8 MB 59.0 MB/s eta 0:00:00
2026-09-15T11:10:12.2611651Z 
2026-09-15T11:10:12.3787769Z Installing collected packages: pip
2026-09-15T11:10:12.3788255Z Attempting uninstall: pip
2026-09-15T11:10:12.3812334Z Found existing installation: pip 25.0.1
2026-09-15T11:10:12.4011532Z Uninstalling pip-25.0.1:
2026-09-15T11:10:12.4065141Z Successfully uninstalled pip-25.0.1
2026-09-15T11:10:12.9232990Z Successfully installed pip-26.2.1
2026-09-15T11:10:12.9647819Z Create complete file
2026-09-15T11:10:12.9702126Z Successfully set up CPython (3.12.13)
2026-09-15T11:10:12.9703729Z ##[endgroup]
2026-09-15T11:10:12.9858872Z ##[group]Run actions/setup-node@820762786026740c76f36085b0efc47a31fe5020
2026-09-15T11:10:12.9859089Z with:
2026-09-15T11:10:12.9859214Z   node-version: 24.21.0
2026-09-15T11:10:12.9859351Z   check-latest: false
2026-09-15T11:10:12.9860646Z   token: ***
2026-09-15T11:10:12.9860773Z   package-manager-cache: true
2026-09-15T11:10:12.9860911Z env:
2026-09-15T11:10:12.9861084Z   pythonLocation: /opt/hostedtoolcache/Python/3.12.13/x64
2026-09-15T11:10:12.9861350Z   PKG_CONFIG_PATH: /opt/hostedtoolcache/Python/3.12.13/x64/lib/pkgconfig
2026-09-15T11:10:12.9861616Z   Python_ROOT_DIR: /opt/hostedtoolcache/Python/3.12.13/x64
2026-09-15T11:10:12.9862086Z   Python2_ROOT_DIR: /opt/hostedtoolcache/Python/3.12.13/x64
2026-09-15T11:10:12.9862302Z   Python3_ROOT_DIR: /opt/hostedtoolcache/Python/3.12.13/x64
2026-09-15T11:10:12.9862530Z   LD_LIBRARY_PATH: /opt/hostedtoolcache/Python/3.12.13/x64/lib
2026-09-15T11:10:12.9862716Z ##[endgroup]
2026-09-15T11:10:13.0845610Z Attempting to download 24.21.0...
2026-09-15T11:10:14.0227919Z Acquiring 24.21.0 - x64 from https://github.com/actions/node-versions/releases/download/24.21.0-34304089047/node-24.21.0-linux-x64.tar.gz
2026-09-15T11:10:14.5288231Z Extracting ...
2026-09-15T11:10:14.5379701Z [command]/usr/bin/tar xz --strip 1 --warning=no-unknown-keyword --overwrite -C <github-runner-home>/work/_temp/0a048d3f-2174-4771-8ea5-4fcd6f5db8c9 -f <github-runner-home>/work/_temp/eb9149dc-0346-40e4-abc9-08a731cd1972
2026-09-15T11:10:15.1005588Z Adding to the cache ...
2026-09-15T11:10:16.7374471Z ##[group]Environment details
2026-09-15T11:10:17.0250792Z node: v24.21.0
2026-09-15T11:10:17.0251054Z npm: 11.19.0
2026-09-15T11:10:17.0251175Z yarn: 1.22.22
2026-09-15T11:10:17.0251509Z ##[endgroup]
2026-09-15T11:10:17.0402692Z ##[group]Run python -m pip install uv==0.11.21
2026-09-15T11:10:17.0402964Z [36;1mpython -m pip install uv==0.11.21[0m
2026-09-15T11:10:17.0537333Z shell: /usr/bin/bash -e {0}
2026-09-15T11:10:17.0537501Z env:
2026-09-15T11:10:17.0537662Z   pythonLocation: /opt/hostedtoolcache/Python/3.12.13/x64
2026-09-15T11:10:17.0537912Z   PKG_CONFIG_PATH: /opt/hostedtoolcache/Python/3.12.13/x64/lib/pkgconfig
2026-09-15T11:10:17.0538154Z   Python_ROOT_DIR: /opt/hostedtoolcache/Python/3.12.13/x64
2026-09-15T11:10:17.0538380Z   Python2_ROOT_DIR: /opt/hostedtoolcache/Python/3.12.13/x64
2026-09-15T11:10:17.0538597Z   Python3_ROOT_DIR: /opt/hostedtoolcache/Python/3.12.13/x64
2026-09-15T11:10:17.0538814Z   LD_LIBRARY_PATH: /opt/hostedtoolcache/Python/3.12.13/x64/lib
2026-09-15T11:10:17.0539007Z ##[endgroup]
2026-09-15T11:10:17.9732000Z Collecting uv==0.11.21
2026-09-15T11:10:17.9900189Z   Downloading uv-0.11.21-py3-none-manylinux_2_17_x86_64.manylinux2014_x86_64.whl.metadata (11 kB)
2026-09-15T11:10:17.9961173Z Downloading uv-0.11.21-py3-none-manylinux_2_17_x86_64.manylinux2014_x86_64.whl (25.1 MB)
2026-09-15T11:10:18.2339897Z    ━━━━━━━━━━━━━━━━━━━━━━━━━━━━━━━━━━━━━━━━ 25.1/25.1 MB 109.2 MB/s  0:00:00
2026-09-15T11:10:18.2655186Z Installing collected packages: uv
2026-09-15T11:10:18.4692685Z Successfully installed uv-0.11.21
2026-09-15T11:10:18.5217732Z ##[group]Run uv sync --frozen
2026-09-15T11:10:18.5217978Z [36;1muv sync --frozen[0m
2026-09-15T11:10:18.5268263Z shell: /usr/bin/bash -e {0}
2026-09-15T11:10:18.5268405Z env:
2026-09-15T11:10:18.5268566Z   pythonLocation: /opt/hostedtoolcache/Python/3.12.13/x64
2026-09-15T11:10:18.5268820Z   PKG_CONFIG_PATH: /opt/hostedtoolcache/Python/3.12.13/x64/lib/pkgconfig
2026-09-15T11:10:18.5269062Z   Python_ROOT_DIR: /opt/hostedtoolcache/Python/3.12.13/x64
2026-09-15T11:10:18.5269278Z   Python2_ROOT_DIR: /opt/hostedtoolcache/Python/3.12.13/x64
2026-09-15T11:10:18.5269494Z   Python3_ROOT_DIR: /opt/hostedtoolcache/Python/3.12.13/x64
2026-09-15T11:10:18.5269719Z   LD_LIBRARY_PATH: /opt/hostedtoolcache/Python/3.12.13/x64/lib
2026-09-15T11:10:18.5270047Z ##[endgroup]
2026-09-15T11:10:18.5695167Z Using CPython 3.12.13 interpreter at: /opt/hostedtoolcache/Python/3.12.13/x64/bin/python3.12
2026-09-15T11:10:18.5695579Z Creating virtual environment at: .venv
2026-09-15T11:10:18.6231427Z Downloading ruff (9.9MiB)
2026-09-15T11:10:18.6235618Z Downloading mypy (14.6MiB)
2026-09-15T11:10:18.6236506Z Downloading ast-serialize (1.3MiB)
2026-09-15T11:10:18.6237568Z Downloading pygments (1.2MiB)
2026-09-15T11:10:18.6239640Z Downloading pydantic-core (2.0MiB)
2026-09-15T11:10:18.7564100Z  Downloaded ast-serialize
2026-09-15T11:10:18.7685117Z  Downloaded pydantic-core
2026-09-15T11:10:18.8680171Z  Downloaded ruff
2026-09-15T11:10:18.8994203Z  Downloaded pygments
2026-09-15T11:10:18.9908206Z  Downloaded mypy
2026-09-15T11:10:18.9909941Z Prepared 37 packages in 419ms
2026-09-15T11:10:19.0283040Z Installed 37 packages in 37ms
2026-09-15T11:10:19.0283349Z  + annotated-doc==0.0.5
2026-09-15T11:10:19.0283590Z  + annotated-types==0.8.0
2026-09-15T11:10:19.0283859Z  + anyio==4.15.1
2026-09-15T11:10:19.0284105Z  + ast-serialize==0.11.2
2026-09-15T11:10:19.0284321Z  + attrs==26.1.0
2026-09-15T11:10:19.0284524Z  + certifi==2026.7.22
2026-09-15T11:10:19.0284723Z  + click==8.5.0
2026-09-15T11:10:19.0284937Z  + defusedxml==0.7.1
2026-09-15T11:10:19.0285139Z  + fastapi==0.141.1
2026-09-15T11:10:19.0285348Z  + h11==0.16.0
2026-09-15T11:10:19.0285529Z  + httpcore==1.0.9
2026-09-15T11:10:19.0285725Z  + httpx==0.28.1
2026-09-15T11:10:19.0285973Z  + idna==3.19
2026-09-15T11:10:19.0286166Z  + iniconfig==2.3.0
2026-09-15T11:10:19.0286362Z  + jsonschema==4.26.0
2026-09-15T11:10:19.0286618Z  + jsonschema-specifications==2025.9.1
2026-09-15T11:10:19.0286884Z  + librt==0.15.0
2026-09-15T11:10:19.0287088Z  + markdown-it-py==4.2.0
2026-09-15T11:10:19.0287305Z  + mdurl==0.1.2
2026-09-15T11:10:19.0287492Z  + mypy==2.3.1
2026-09-15T11:10:19.0287689Z  + mypy-extensions==1.1.0
2026-09-15T11:10:19.0287907Z  + packaging==26.3
2026-09-15T11:10:19.0288105Z  + pathspec==1.1.1
2026-09-15T11:10:19.0310251Z  + pluggy==1.6.0
2026-09-15T11:10:19.0310556Z  + pydantic==2.13.5
2026-09-15T11:10:19.0311428Z  + pydantic-core==2.46.5
2026-09-15T11:10:19.0311865Z  + pygments==2.21.0
2026-09-15T11:10:19.0312148Z  + pypdf==6.18.1
2026-09-15T11:10:19.0312603Z  + pytest==9.1.1
2026-09-15T11:10:19.0312873Z  + python-multipart==0.0.32
2026-09-15T11:10:19.0313090Z  + referencing==0.37.0
2026-09-15T11:10:19.0313288Z  + rpds-py==2026.6.3
2026-09-15T11:10:19.0313478Z  + ruff==0.16.7
2026-09-15T11:10:19.0313656Z  + starlette==1.6.0
2026-09-15T11:10:19.0313852Z  + typing-extensions==4.16.0
2026-09-15T11:10:19.0314087Z  + typing-inspection==0.4.4
2026-09-15T11:10:19.0314305Z  + uvicorn==0.53.0
2026-09-15T11:10:19.0347486Z ##[group]Run sudo apt-get update
2026-09-15T11:10:19.0347688Z [36;1msudo apt-get update[0m
2026-09-15T11:10:19.0348037Z [36;1msudo apt-get install -y bubblewrap=0.11.1-1ubuntu0.1 apparmor=5.0.2-0ubuntu1~26.04.1 libapparmor1=5.0.2-0ubuntu1~26.04.1 libseccomp2=2.6.0-2ubuntu5[0m
2026-09-15T11:10:19.0348448Z [36;1mdpkg-query -W bubblewrap apparmor libapparmor1 libseccomp2[0m
2026-09-15T11:10:19.0348682Z [36;1mtest -f /etc/apparmor.d/bwrap-userns-restrict[0m
2026-09-15T11:10:19.0348865Z [36;1mbwrap --version[0m
2026-09-15T11:10:19.0397544Z shell: /usr/bin/bash -e {0}
2026-09-15T11:10:19.0397694Z env:
2026-09-15T11:10:19.0397849Z   pythonLocation: /opt/hostedtoolcache/Python/3.12.13/x64
2026-09-15T11:10:19.0398094Z   PKG_CONFIG_PATH: /opt/hostedtoolcache/Python/3.12.13/x64/lib/pkgconfig
2026-09-15T11:10:19.0398329Z   Python_ROOT_DIR: /opt/hostedtoolcache/Python/3.12.13/x64
2026-09-15T11:10:19.0398543Z   Python2_ROOT_DIR: /opt/hostedtoolcache/Python/3.12.13/x64
2026-09-15T11:10:19.0398782Z   Python3_ROOT_DIR: /opt/hostedtoolcache/Python/3.12.13/x64
2026-09-15T11:10:19.0399003Z   LD_LIBRARY_PATH: /opt/hostedtoolcache/Python/3.12.13/x64/lib
2026-09-15T11:10:19.0399188Z ##[endgroup]
2026-09-15T11:10:19.2341260Z Get:1 file:/etc/apt/apt-mirrors.txt Mirrorlist [144 B]
2026-09-15T11:10:19.2719879Z Get:6 https://packages.microsoft.com/ubuntu/26.04/prod resolute InRelease [3964 B]
2026-09-15T11:10:19.3245430Z Hit:2 http://azure.archive.ubuntu.com/ubuntu resolute InRelease
2026-09-15T11:10:19.3271237Z Get:3 http://azure.archive.ubuntu.com/ubuntu resolute-updates InRelease [137 kB]
2026-09-15T11:10:19.3275385Z Get:7 https://dl.google.com/linux/chrome-stable/deb stable InRelease [2548 B]
2026-09-15T11:10:19.3593211Z Get:4 http://azure.archive.ubuntu.com/ubuntu resolute-backports InRelease [137 kB]
2026-09-15T11:10:19.3678163Z Get:5 http://azure.archive.ubuntu.com/ubuntu resolute-security InRelease [137 kB]
2026-09-15T11:10:19.3929232Z Get:8 https://packages.microsoft.com/ubuntu/26.04/prod resolute/main arm64 Packages [52.1 kB]
2026-09-15T11:10:19.4103710Z Get:9 https://packages.microsoft.com/ubuntu/26.04/prod resolute/main amd64 Packages [59.9 kB]
2026-09-15T11:10:19.4774595Z Get:10 http://azure.archive.ubuntu.com/ubuntu resolute-updates/main amd64v3 Packages [610 kB]
2026-09-15T11:10:19.4852846Z Get:11 http://azure.archive.ubuntu.com/ubuntu resolute-updates/main Translation-en [145 kB]
2026-09-15T11:10:19.4862850Z Get:12 http://azure.archive.ubuntu.com/ubuntu resolute-updates/main amd64 Components [97.8 kB]
2026-09-15T11:10:19.4863558Z Get:13 http://azure.archive.ubuntu.com/ubuntu resolute-updates/universe amd64v3 Packages [293 kB]
2026-09-15T11:10:19.4878299Z Get:14 http://azure.archive.ubuntu.com/ubuntu resolute-updates/universe Translation-en [93.2 kB]
2026-09-15T11:10:19.4890894Z Get:15 http://azure.archive.ubuntu.com/ubuntu resolute-updates/universe amd64 Components [188 kB]
2026-09-15T11:10:19.4903403Z Get:16 http://azure.archive.ubuntu.com/ubuntu resolute-updates/restricted amd64v3 Packages [409 kB]
2026-09-15T11:10:19.4952642Z Get:17 http://azure.archive.ubuntu.com/ubuntu resolute-updates/restricted Translation-en [79.5 kB]
2026-09-15T11:10:19.4960896Z Get:18 http://azure.archive.ubuntu.com/ubuntu resolute-updates/multiverse amd64v3 Packages [11.6 kB]
2026-09-15T11:10:19.4969428Z Get:19 http://azure.archive.ubuntu.com/ubuntu resolute-updates/multiverse Translation-en [3036 B]
2026-09-15T11:10:19.5071333Z Get:31 https://dl.google.com/linux/chrome-stable/deb stable/main amd64 Packages [1415 B]
2026-09-15T11:10:19.5392682Z Get:20 http://azure.archive.ubuntu.com/ubuntu resolute-backports/universe amd64 Components [1056 B]
2026-09-15T11:10:19.5397671Z Get:21 http://azure.archive.ubuntu.com/ubuntu resolute-security/main amd64v3 Packages [474 kB]
2026-09-15T11:10:19.5422403Z Get:22 http://azure.archive.ubuntu.com/ubuntu resolute-security/main Translation-en [111 kB]
2026-09-15T11:10:19.5435312Z Get:23 http://azure.archive.ubuntu.com/ubuntu resolute-security/main amd64 Components [46.6 kB]
2026-09-15T11:10:19.5447091Z Get:24 http://azure.archive.ubuntu.com/ubuntu resolute-security/universe amd64v3 Packages [173 kB]
2026-09-15T11:10:19.5461088Z Get:25 http://azure.archive.ubuntu.com/ubuntu resolute-security/universe Translation-en [54.4 kB]
2026-09-15T11:10:19.5471265Z Get:26 http://azure.archive.ubuntu.com/ubuntu resolute-security/universe amd64 Components [43.4 kB]
2026-09-15T11:10:19.5480686Z Get:27 http://azure.archive.ubuntu.com/ubuntu resolute-security/restricted amd64v3 Packages [399 kB]
2026-09-15T11:10:19.5500972Z Get:28 http://azure.archive.ubuntu.com/ubuntu resolute-security/restricted Translation-en [77.7 kB]
2026-09-15T11:10:19.5511416Z Get:29 http://azure.archive.ubuntu.com/ubuntu resolute-security/multiverse amd64v3 Packages [10.9 kB]
2026-09-15T11:10:19.5519907Z Get:30 http://azure.archive.ubuntu.com/ubuntu resolute-security/multiverse Translation-en [2844 B]
2026-09-15T11:10:26.6220956Z Fetched 3855 kB in 0s (8084 kB/s)
2026-09-15T11:10:27.0220354Z Reading package lists...
2026-09-15T11:10:27.0488096Z Reading package lists...
2026-09-15T11:10:27.1561235Z Building dependency tree...
2026-09-15T11:10:27.1566766Z Reading state information...
2026-09-15T11:10:27.1808574Z bubblewrap is already the newest version (0.11.1-1ubuntu0.1).
2026-09-15T11:10:27.1809028Z bubblewrap set to manually installed.
2026-09-15T11:10:27.1809922Z apparmor is already the newest version (5.0.2-0ubuntu1~26.04.1).
2026-09-15T11:10:27.1810284Z apparmor set to manually installed.
2026-09-15T11:10:27.1810665Z libapparmor1 is already the newest version (5.0.2-0ubuntu1~26.04.1).
2026-09-15T11:10:27.1811033Z libapparmor1 set to manually installed.
2026-09-15T11:10:27.1811399Z libseccomp2 is already the newest version (2.6.0-2ubuntu5).
2026-09-15T11:10:27.1811933Z libseccomp2 set to manually installed.
2026-09-15T11:10:27.2189736Z Solving dependencies...
2026-09-15T11:10:27.3115147Z 0 upgraded, 0 newly installed, 0 to remove and 73 not upgraded.
2026-09-15T11:10:27.3960438Z apparmor	5.0.2-0ubuntu1~26.04.1
2026-09-15T11:10:27.3960696Z bubblewrap	0.11.1-1ubuntu0.1
2026-09-15T11:10:27.3960892Z libapparmor1:amd64	5.0.2-0ubuntu1~26.04.1
2026-09-15T11:10:27.3961080Z libseccomp2:amd64	2.6.0-2ubuntu5
2026-09-15T11:10:27.4212567Z bubblewrap 0.11.1
2026-09-15T11:10:27.4237005Z ##[group]Run npm ci --prefix apps/web
2026-09-15T11:10:27.4237227Z [36;1mnpm ci --prefix apps/web[0m
2026-09-15T11:10:27.4286175Z shell: /usr/bin/bash -e {0}
2026-09-15T11:10:27.4286319Z env:
2026-09-15T11:10:27.4286471Z   pythonLocation: /opt/hostedtoolcache/Python/3.12.13/x64
2026-09-15T11:10:27.4286715Z   PKG_CONFIG_PATH: /opt/hostedtoolcache/Python/3.12.13/x64/lib/pkgconfig
2026-09-15T11:10:27.4286956Z   Python_ROOT_DIR: /opt/hostedtoolcache/Python/3.12.13/x64
2026-09-15T11:10:27.4287176Z   Python2_ROOT_DIR: /opt/hostedtoolcache/Python/3.12.13/x64
2026-09-15T11:10:27.4287393Z   Python3_ROOT_DIR: /opt/hostedtoolcache/Python/3.12.13/x64
2026-09-15T11:10:27.4287610Z   LD_LIBRARY_PATH: /opt/hostedtoolcache/Python/3.12.13/x64/lib
2026-09-15T11:10:27.4287795Z ##[endgroup]
2026-09-15T11:10:31.1009105Z 
2026-09-15T11:10:31.1009766Z added 236 packages, and audited 237 packages in 4s
2026-09-15T11:10:31.1010039Z 
2026-09-15T11:10:31.1013157Z 118 packages are looking for funding
2026-09-15T11:10:31.1013539Z   run `npm fund` for details
2026-09-15T11:10:31.1016592Z 
2026-09-15T11:10:31.1016696Z found 0 vulnerabilities
2026-09-15T11:10:31.1425859Z ##[group]Run npm --prefix apps/web exec -- playwright install --with-deps chromium
2026-09-15T11:10:31.1426207Z [36;1mnpm --prefix apps/web exec -- playwright install --with-deps chromium[0m
2026-09-15T11:10:31.1475902Z shell: /usr/bin/bash -e {0}
2026-09-15T11:10:31.1476096Z env:
2026-09-15T11:10:31.1476257Z   pythonLocation: /opt/hostedtoolcache/Python/3.12.13/x64
2026-09-15T11:10:31.1476506Z   PKG_CONFIG_PATH: /opt/hostedtoolcache/Python/3.12.13/x64/lib/pkgconfig
2026-09-15T11:10:31.1476744Z   Python_ROOT_DIR: /opt/hostedtoolcache/Python/3.12.13/x64
2026-09-15T11:10:31.1476966Z   Python2_ROOT_DIR: /opt/hostedtoolcache/Python/3.12.13/x64
2026-09-15T11:10:31.1477182Z   Python3_ROOT_DIR: /opt/hostedtoolcache/Python/3.12.13/x64
2026-09-15T11:10:31.1477399Z   LD_LIBRARY_PATH: /opt/hostedtoolcache/Python/3.12.13/x64/lib
2026-09-15T11:10:31.1477586Z ##[endgroup]
2026-09-15T11:10:31.6082325Z Installing dependencies...
2026-09-15T11:10:31.6154753Z Switching to root user to install dependencies...
2026-09-15T11:10:31.6875023Z Get:1 file:/etc/apt/apt-mirrors.txt Mirrorlist [144 B]
2026-09-15T11:10:31.7280399Z Hit:2 http://azure.archive.ubuntu.com/ubuntu resolute InRelease
2026-09-15T11:10:31.7331404Z Hit:3 http://azure.archive.ubuntu.com/ubuntu resolute-updates InRelease
2026-09-15T11:10:31.7338039Z Hit:4 http://azure.archive.ubuntu.com/ubuntu resolute-backports InRelease
2026-09-15T11:10:31.7353680Z Hit:5 http://azure.archive.ubuntu.com/ubuntu resolute-security InRelease
2026-09-15T11:10:31.7773248Z Hit:6 https://dl.google.com/linux/chrome-stable/deb stable InRelease
2026-09-15T11:10:31.8646217Z Hit:7 https://packages.microsoft.com/ubuntu/26.04/prod resolute InRelease
2026-09-15T11:10:32.3754817Z Reading package lists...
2026-09-15T11:10:32.3962149Z Reading package lists...
2026-09-15T11:10:32.5033369Z Building dependency tree...
2026-09-15T11:10:32.5038532Z Reading state information...
2026-09-15T11:10:32.5276395Z libasound2t64 is already the newest version (1.2.15.3-1ubuntu1.1).
2026-09-15T11:10:32.5277081Z libasound2t64 set to manually installed.
2026-09-15T11:10:32.5277335Z libatk-bridge2.0-0t64 is already the newest version (2.60.4-0ubuntu0.1).
2026-09-15T11:10:32.5277595Z libatk-bridge2.0-0t64 set to manually installed.
2026-09-15T11:10:32.5277839Z libatk1.0-0t64 is already the newest version (2.60.4-0ubuntu0.1).
2026-09-15T11:10:32.5278064Z libatk1.0-0t64 set to manually installed.
2026-09-15T11:10:32.5278303Z libatspi2.0-0t64 is already the newest version (2.60.4-0ubuntu0.1).
2026-09-15T11:10:32.5278532Z libatspi2.0-0t64 set to manually installed.
2026-09-15T11:10:32.5278737Z libcairo2 is already the newest version (1.18.4-3).
2026-09-15T11:10:32.5278938Z libcairo2 set to manually installed.
2026-09-15T11:10:32.5279167Z libcups2t64 is already the newest version (2.4.16-1ubuntu1.3).
2026-09-15T11:10:32.5279387Z libcups2t64 set to manually installed.
2026-09-15T11:10:32.5279612Z libdbus-1-3 is already the newest version (1.16.2-2ubuntu4).
2026-09-15T11:10:32.5279837Z libdbus-1-3 set to manually installed.
2026-09-15T11:10:32.5280034Z libdrm2 is already the newest version (2.4.131-1).
2026-09-15T11:10:32.5280232Z libdrm2 set to manually installed.
2026-09-15T11:10:32.5280441Z libgbm1 is already the newest version (26.0.8-1ubuntu0.3).
2026-09-15T11:10:32.5280645Z libgbm1 set to manually installed.
2026-09-15T11:10:32.5280856Z libglib2.0-0t64 is already the newest version (2.88.0-1).
2026-09-15T11:10:32.5281070Z libglib2.0-0t64 set to manually installed.
2026-09-15T11:10:32.5281299Z libnspr4 is already the newest version (2:4.38.2-1ubuntu1).
2026-09-15T11:10:32.5281506Z libnspr4 set to manually installed.
2026-09-15T11:10:32.5281872Z libnss3 is already the newest version (2:3.120-1ubuntu2.1).
2026-09-15T11:10:32.5282102Z libnss3 set to manually installed.
2026-09-15T11:10:32.5282306Z libpango-1.0-0 is already the newest version (1.57.0-1).
2026-09-15T11:10:32.5282664Z libpango-1.0-0 set to manually installed.
2026-09-15T11:10:32.5282913Z libx11-6 is already the newest version (2:1.8.13-1).
2026-09-15T11:10:32.5283318Z libx11-6 set to manually installed.
2026-09-15T11:10:32.5283519Z libxcb1 is already the newest version (1.17.0-2ubuntu1).
2026-09-15T11:10:32.5283721Z libxcb1 set to manually installed.
2026-09-15T11:10:32.5283942Z libxcomposite1 is already the newest version (1:0.4.6-1build1).
2026-09-15T11:10:32.5284165Z libxcomposite1 set to manually installed.
2026-09-15T11:10:32.5284371Z libxdamage1 is already the newest version (1:1.1.7-1).
2026-09-15T11:10:32.5284570Z libxdamage1 set to manually installed.
2026-09-15T11:10:32.5284779Z libxext6 is already the newest version (2:1.3.4-1build3).
2026-09-15T11:10:32.5284983Z libxext6 set to manually installed.
2026-09-15T11:10:32.5285195Z libxfixes3 is already the newest version (1:6.0.0-2build2).
2026-09-15T11:10:32.5285404Z libxfixes3 set to manually installed.
2026-09-15T11:10:32.5285613Z libxkbcommon0 is already the newest version (1.13.1-1).
2026-09-15T11:10:32.5285817Z libxkbcommon0 set to manually installed.
2026-09-15T11:10:32.5286044Z libxrandr2 is already the newest version (2:1.5.4-1build1).
2026-09-15T11:10:32.5286251Z libxrandr2 set to manually installed.
2026-09-15T11:10:32.5286457Z xvfb is already the newest version (2:21.1.22-1ubuntu1).
2026-09-15T11:10:32.5286723Z fonts-noto-color-emoji is already the newest version (2.051-1build1).
2026-09-15T11:10:32.5287000Z libfontconfig1 is already the newest version (2.17.1-3ubuntu1).
2026-09-15T11:10:32.5287221Z libfontconfig1 set to manually installed.
2026-09-15T11:10:32.5287462Z libfreetype6 is already the newest version (2.14.2+dfsg-1ubuntu0.1).
2026-09-15T11:10:32.5287687Z libfreetype6 set to manually installed.
2026-09-15T11:10:32.5287921Z fonts-liberation is already the newest version (1:2.1.5-3build1).
2026-09-15T11:10:32.5288150Z fonts-liberation set to manually installed.
2026-09-15T11:10:32.5629698Z Solving dependencies...
2026-09-15T11:10:32.6260929Z The following additional packages will be installed:
2026-09-15T11:10:32.6261192Z   xfonts-encodings xfonts-utils
2026-09-15T11:10:32.6265504Z Recommended packages:
2026-09-15T11:10:32.6265696Z   fonts-ipafont-mincho fonts-tlwg-loma
2026-09-15T11:10:32.6645043Z The following NEW packages will be installed:
2026-09-15T11:10:32.6645374Z   fonts-freefont-ttf fonts-ipafont-gothic fonts-tlwg-loma-otf fonts-unifont
2026-09-15T11:10:32.6648215Z   fonts-wqy-zenhei xfonts-cyrillic xfonts-encodings xfonts-scalable
2026-09-15T11:10:32.6648423Z   xfonts-utils
2026-09-15T11:10:32.6814081Z 0 upgraded, 9 newly installed, 0 to remove and 73 not upgraded.
2026-09-15T11:10:32.6814388Z Need to get 21.9 MB of archives.
2026-09-15T11:10:32.6814631Z After this operation, 80.2 MB of additional disk space will be used.
2026-09-15T11:10:32.6814911Z Get:1 file:/etc/apt/apt-mirrors.txt Mirrorlist [144 B]
2026-09-15T11:10:32.7510391Z Get:2 http://azure.archive.ubuntu.com/ubuntu resolute/universe amd64v3 fonts-ipafont-gothic all 00303-23ubuntu1 [3703 kB]
2026-09-15T11:10:32.9127681Z Get:3 http://azure.archive.ubuntu.com/ubuntu resolute/main amd64v3 fonts-freefont-ttf all 20211204+svn4273-4build1 [5656 kB]
2026-09-15T11:10:33.0447905Z Get:4 http://azure.archive.ubuntu.com/ubuntu resolute/universe amd64v3 fonts-tlwg-loma-otf all 1:0.7.3-1build1 [106 kB]
2026-09-15T11:10:33.0924855Z Get:5 http://azure.archive.ubuntu.com/ubuntu resolute/universe amd64v3 fonts-unifont all 1:16.0.04-1build1 [3169 kB]
2026-09-15T11:10:33.2237242Z Get:6 http://azure.archive.ubuntu.com/ubuntu resolute/universe amd64v3 fonts-wqy-zenhei all 0.9.45-8build1 [7863 kB]
2026-09-15T11:10:33.3864736Z Get:7 http://azure.archive.ubuntu.com/ubuntu resolute/main amd64v3 xfonts-encodings all 1:1.0.5-0ubuntu3 [576 kB]
2026-09-15T11:10:33.4397469Z Get:8 http://azure.archive.ubuntu.com/ubuntu resolute/main amd64v3 xfonts-utils amd64 1:7.7+7build1 [97.3 kB]
2026-09-15T11:10:33.4858212Z Get:9 http://azure.archive.ubuntu.com/ubuntu resolute/universe amd64v3 xfonts-cyrillic all 1:1.0.5+nmu1build1 [384 kB]
2026-09-15T11:10:33.5365503Z Get:10 http://azure.archive.ubuntu.com/ubuntu resolute/universe amd64v3 xfonts-scalable all 1:1.0.3-1.3build1 [304 kB]
2026-09-15T11:10:34.5060913Z Fetched 21.9 MB in 1s (25.2 MB/s)
2026-09-15T11:10:34.5711846Z Selecting previously unselected package fonts-ipafont-gothic.
2026-09-15T11:10:34.6474597Z (Reading database ... 
2026-09-15T11:10:34.6474816Z (Reading database ... 5%
2026-09-15T11:10:34.6474967Z (Reading database ... 10%
2026-09-15T11:10:34.6475113Z (Reading database ... 15%
2026-09-15T11:10:34.6475339Z (Reading database ... 20%
2026-09-15T11:10:34.6475543Z (Reading database ... 25%
2026-09-15T11:10:34.6475718Z (Reading database ... 30%
2026-09-15T11:10:34.6475867Z (Reading database ... 35%
2026-09-15T11:10:34.6476010Z (Reading database ... 40%
2026-09-15T11:10:34.6476188Z (Reading database ... 45%
2026-09-15T11:10:34.6476331Z (Reading database ... 50%
2026-09-15T11:10:35.2252900Z (Reading database ... 55%
2026-09-15T11:10:35.9077545Z (Reading database ... 60%
2026-09-15T11:10:36.2699324Z (Reading database ... 65%
2026-09-15T11:10:36.4740524Z (Reading database ... 70%
2026-09-15T11:10:36.7049739Z (Reading database ... 75%
2026-09-15T11:10:37.4062685Z (Reading database ... 80%
2026-09-15T11:10:38.3967163Z (Reading database ... 85%
2026-09-15T11:10:39.5298254Z (Reading database ... 90%
2026-09-15T11:10:40.8797839Z (Reading database ... 95%
2026-09-15T11:10:40.8798184Z (Reading database ... 100%
2026-09-15T11:10:40.8798581Z (Reading database ... 209256 files and directories currently installed.)
2026-09-15T11:10:40.8839772Z Preparing to unpack .../0-fonts-ipafont-gothic_00303-23ubuntu1_all.deb ...
2026-09-15T11:10:40.8958267Z Unpacking fonts-ipafont-gothic (00303-23ubuntu1) ...
2026-09-15T11:10:41.0232564Z Selecting previously unselected package fonts-freefont-ttf.
2026-09-15T11:10:41.0343352Z Preparing to unpack .../1-fonts-freefont-ttf_20211204+svn4273-4build1_all.deb ...
2026-09-15T11:10:41.0352945Z Unpacking fonts-freefont-ttf (20211204+svn4273-4build1) ...
2026-09-15T11:10:41.1445258Z Selecting previously unselected package fonts-tlwg-loma-otf.
2026-09-15T11:10:41.1550495Z Preparing to unpack .../2-fonts-tlwg-loma-otf_1%3a0.7.3-1build1_all.deb ...
2026-09-15T11:10:41.1559846Z Unpacking fonts-tlwg-loma-otf (1:0.7.3-1build1) ...
2026-09-15T11:10:41.2109748Z Selecting previously unselected package fonts-unifont.
2026-09-15T11:10:41.2215613Z Preparing to unpack .../3-fonts-unifont_1%3a16.0.04-1build1_all.deb ...
2026-09-15T11:10:41.2224759Z Unpacking fonts-unifont (1:16.0.04-1build1) ...
2026-09-15T11:10:41.4164159Z Selecting previously unselected package fonts-wqy-zenhei.
2026-09-15T11:10:41.4270218Z Preparing to unpack .../4-fonts-wqy-zenhei_0.9.45-8build1_all.deb ...
2026-09-15T11:10:41.4660727Z Unpacking fonts-wqy-zenhei (0.9.45-8build1) ...
2026-09-15T11:10:41.6147267Z Selecting previously unselected package xfonts-encodings.
2026-09-15T11:10:41.6254710Z Preparing to unpack .../5-xfonts-encodings_1%3a1.0.5-0ubuntu3_all.deb ...
2026-09-15T11:10:41.6263600Z Unpacking xfonts-encodings (1:1.0.5-0ubuntu3) ...
2026-09-15T11:10:41.6573744Z Selecting previously unselected package xfonts-utils.
2026-09-15T11:10:41.6678215Z Preparing to unpack .../6-xfonts-utils_1%3a7.7+7build1_amd64v3.deb ...
2026-09-15T11:10:41.6686923Z Unpacking xfonts-utils (1:7.7+7build1) ...
2026-09-15T11:10:41.8087876Z Selecting previously unselected package xfonts-cyrillic.
2026-09-15T11:10:41.8195087Z Preparing to unpack .../7-xfonts-cyrillic_1%3a1.0.5+nmu1build1_all.deb ...
2026-09-15T11:10:41.8203725Z Unpacking xfonts-cyrillic (1:1.0.5+nmu1build1) ...
2026-09-15T11:10:41.8528018Z Selecting previously unselected package xfonts-scalable.
2026-09-15T11:10:41.8635372Z Preparing to unpack .../8-xfonts-scalable_1%3a1.0.3-1.3build1_all.deb ...
2026-09-15T11:10:41.8644094Z Unpacking xfonts-scalable (1:1.0.3-1.3build1) ...
2026-09-15T11:10:41.8995914Z Setting up fonts-wqy-zenhei (0.9.45-8build1) ...
2026-09-15T11:10:41.9132913Z Setting up fonts-freefont-ttf (20211204+svn4273-4build1) ...
2026-09-15T11:10:41.9156864Z Setting up fonts-tlwg-loma-otf (1:0.7.3-1build1) ...
2026-09-15T11:10:41.9180335Z Setting up xfonts-encodings (1:1.0.5-0ubuntu3) ...
2026-09-15T11:10:41.9202760Z Setting up fonts-ipafont-gothic (00303-23ubuntu1) ...
2026-09-15T11:10:41.9257166Z update-alternatives: using /usr/share/fonts/opentype/ipafont-gothic/ipag.ttf to provide /usr/share/fonts/truetype/fonts-japanese-gothic.ttf (fonts-japanese-gothic.ttf) in auto mode
2026-09-15T11:10:41.9274785Z Setting up fonts-unifont (1:16.0.04-1build1) ...
2026-09-15T11:10:41.9297494Z Setting up xfonts-utils (1:7.7+7build1) ...
2026-09-15T11:10:41.9347423Z Setting up xfonts-cyrillic (1:1.0.5+nmu1build1) ...
2026-09-15T11:10:41.9787462Z Setting up xfonts-scalable (1:1.0.3-1.3build1) ...
2026-09-15T11:10:42.0112963Z Processing triggers for man-db (2.13.1-1build1) ...
2026-09-15T11:10:42.0133413Z Not building database; man-db/auto-update is not 'true'.
2026-09-15T11:10:42.0148175Z Processing triggers for fontconfig (2.17.1-3ubuntu1) ...
2026-09-15T11:10:43.2462833Z 
2026-09-15T11:10:43.2463446Z Running kernel seems to be up-to-date.
2026-09-15T11:10:43.2463747Z 
2026-09-15T11:10:43.2463869Z Restarting services...
2026-09-15T11:10:43.2535229Z 
2026-09-15T11:10:43.2535524Z Service restarts being deferred:
2026-09-15T11:10:43.2537586Z  systemctl restart hosted-compute-agent.service
2026-09-15T11:10:43.2537797Z 
2026-09-15T11:10:43.2538177Z No containers need to be restarted.
2026-09-15T11:10:43.2538346Z 
2026-09-15T11:10:43.2538511Z No user sessions are running outdated binaries.
2026-09-15T11:10:43.2538690Z 
2026-09-15T11:10:43.9175293Z No VM guests are running outdated hypervisor (qemu) binaries on this host.
2026-09-15T11:10:43.9176307Z Downloading Chrome for Testing 153.0.8010.12 (playwright chromium v1243) from https://cdn.playwright.dev/builds/cft/153.0.8010.12/linux64/chrome-linux64.zip
2026-09-15T11:10:44.2239150Z |                                                                                |   0% of 186.8 MiB
2026-09-15T11:10:44.3608247Z |■■■■■■■■                                                                        |  10% of 186.8 MiB
2026-09-15T11:10:44.4171648Z |■■■■■■■■■■■■■■■■                                                                |  20% of 186.8 MiB
2026-09-15T11:10:44.4841187Z |■■■■■■■■■■■■■■■■■■■■■■■■                                                        |  30% of 186.8 MiB
2026-09-15T11:10:44.5466464Z |■■■■■■■■■■■■■■■■■■■■■■■■■■■■■■■■                                                |  40% of 186.8 MiB
2026-09-15T11:10:44.6188959Z |■■■■■■■■■■■■■■■■■■■■■■■■■■■■■■■■■■■■■■■■                                        |  50% of 186.8 MiB
2026-09-15T11:10:44.6858570Z |■■■■■■■■■■■■■■■■■■■■■■■■■■■■■■■■■■■■■■■■■■■■■■■■                                |  60% of 186.8 MiB
2026-09-15T11:10:44.7595722Z |■■■■■■■■■■■■■■■■■■■■■■■■■■■■■■■■■■■■■■■■■■■■■■■■■■■■■■■■                        |  70% of 186.8 MiB
2026-09-15T11:10:44.8423411Z |■■■■■■■■■■■■■■■■■■■■■■■■■■■■■■■■■■■■■■■■■■■■■■■■■■■■■■■■■■■■■■■■                |  80% of 186.8 MiB
2026-09-15T11:10:44.8993341Z |■■■■■■■■■■■■■■■■■■■■■■■■■■■■■■■■■■■■■■■■■■■■■■■■■■■■■■■■■■■■■■■■■■■■■■■■        |  90% of 186.8 MiB
2026-09-15T11:10:44.9706772Z |■■■■■■■■■■■■■■■■■■■■■■■■■■■■■■■■■■■■■■■■■■■■■■■■■■■■■■■■■■■■■■■■■■■■■■■■■■■■■■■■| 100% of 186.8 MiB
2026-09-15T11:10:46.9320183Z Chrome for Testing 153.0.8010.12 (playwright chromium v1243) downloaded to <github-runner-home>/.cache/ms-playwright/chromium-1243
2026-09-15T11:10:46.9322464Z Downloading FFmpeg (playwright ffmpeg v1011) from https://cdn.playwright.dev/dbazure/download/playwright/builds/ffmpeg/1011/ffmpeg-linux.zip
2026-09-15T11:10:47.1939745Z |                                                                                |   0% of 2.3 MiB
2026-09-15T11:10:47.1962969Z |■■■■■■■■                                                                        |  10% of 2.3 MiB
2026-09-15T11:10:47.1976378Z |■■■■■■■■■■■■■■■■                                                                |  20% of 2.3 MiB
2026-09-15T11:10:47.1989484Z |■■■■■■■■■■■■■■■■■■■■■■■■                                                        |  30% of 2.3 MiB
2026-09-15T11:10:47.1998904Z |■■■■■■■■■■■■■■■■■■■■■■■■■■■■■■■■                                                |  40% of 2.3 MiB
2026-09-15T11:10:47.2004539Z |■■■■■■■■■■■■■■■■■■■■■■■■■■■■■■■■■■■■■■■■                                        |  50% of 2.3 MiB
2026-09-15T11:10:47.2011628Z |■■■■■■■■■■■■■■■■■■■■■■■■■■■■■■■■■■■■■■■■■■■■■■■■                                |  60% of 2.3 MiB
2026-09-15T11:10:47.2017013Z |■■■■■■■■■■■■■■■■■■■■■■■■■■■■■■■■■■■■■■■■■■■■■■■■■■■■■■■■                        |  70% of 2.3 MiB
2026-09-15T11:10:47.2025674Z |■■■■■■■■■■■■■■■■■■■■■■■■■■■■■■■■■■■■■■■■■■■■■■■■■■■■■■■■■■■■■■■■                |  80% of 2.3 MiB
2026-09-15T11:10:47.2032611Z |■■■■■■■■■■■■■■■■■■■■■■■■■■■■■■■■■■■■■■■■■■■■■■■■■■■■■■■■■■■■■■■■■■■■■■■■        |  90% of 2.3 MiB
2026-09-15T11:10:47.2041433Z |■■■■■■■■■■■■■■■■■■■■■■■■■■■■■■■■■■■■■■■■■■■■■■■■■■■■■■■■■■■■■■■■■■■■■■■■■■■■■■■■| 100% of 2.3 MiB
2026-09-15T11:10:47.2402429Z FFmpeg (playwright ffmpeg v1011) downloaded to <github-runner-home>/.cache/ms-playwright/ffmpeg-1011
2026-09-15T11:10:47.2404335Z Downloading Chrome Headless Shell 153.0.8010.12 (playwright chromium-headless-shell v1243) from https://cdn.playwright.dev/builds/cft/153.0.8010.12/linux64/chrome-headless-shell-linux64.zip
2026-09-15T11:10:47.5465808Z |                                                                                |   0% of 114.3 MiB
2026-09-15T11:10:47.6571287Z |■■■■■■■■                                                                        |  10% of 114.3 MiB
2026-09-15T11:10:47.7083216Z |■■■■■■■■■■■■■■■■                                                                |  20% of 114.3 MiB
2026-09-15T11:10:47.7450310Z |■■■■■■■■■■■■■■■■■■■■■■■■                                                        |  30% of 114.3 MiB
2026-09-15T11:10:47.8019806Z |■■■■■■■■■■■■■■■■■■■■■■■■■■■■■■■■                                                |  40% of 114.3 MiB
2026-09-15T11:10:47.8440876Z |■■■■■■■■■■■■■■■■■■■■■■■■■■■■■■■■■■■■■■■■                                        |  50% of 114.3 MiB
2026-09-15T11:10:47.8710821Z |■■■■■■■■■■■■■■■■■■■■■■■■■■■■■■■■■■■■■■■■■■■■■■■■                                |  60% of 114.3 MiB
2026-09-15T11:10:47.9133723Z |■■■■■■■■■■■■■■■■■■■■■■■■■■■■■■■■■■■■■■■■■■■■■■■■■■■■■■■■                        |  70% of 114.3 MiB
2026-09-15T11:10:47.9562069Z |■■■■■■■■■■■■■■■■■■■■■■■■■■■■■■■■■■■■■■■■■■■■■■■■■■■■■■■■■■■■■■■■                |  80% of 114.3 MiB
2026-09-15T11:10:47.9998958Z |■■■■■■■■■■■■■■■■■■■■■■■■■■■■■■■■■■■■■■■■■■■■■■■■■■■■■■■■■■■■■■■■■■■■■■■■        |  90% of 114.3 MiB
2026-09-15T11:10:48.0337815Z |■■■■■■■■■■■■■■■■■■■■■■■■■■■■■■■■■■■■■■■■■■■■■■■■■■■■■■■■■■■■■■■■■■■■■■■■■■■■■■■■| 100% of 114.3 MiB
2026-09-15T11:10:49.3996420Z Chrome Headless Shell 153.0.8010.12 (playwright chromium-headless-shell v1243) downloaded to <github-runner-home>/.cache/ms-playwright/chromium_headless_shell-1243
2026-09-15T11:10:49.4277326Z ##[group]Run make build
2026-09-15T11:10:49.4277505Z [36;1mmake build[0m
2026-09-15T11:10:49.4326327Z shell: /usr/bin/bash -e {0}
2026-09-15T11:10:49.4326483Z env:
2026-09-15T11:10:49.4326640Z   pythonLocation: /opt/hostedtoolcache/Python/3.12.13/x64
2026-09-15T11:10:49.4326911Z   PKG_CONFIG_PATH: /opt/hostedtoolcache/Python/3.12.13/x64/lib/pkgconfig
2026-09-15T11:10:49.4327149Z   Python_ROOT_DIR: /opt/hostedtoolcache/Python/3.12.13/x64
2026-09-15T11:10:49.4327384Z   Python2_ROOT_DIR: /opt/hostedtoolcache/Python/3.12.13/x64
2026-09-15T11:10:49.4327596Z   Python3_ROOT_DIR: /opt/hostedtoolcache/Python/3.12.13/x64
2026-09-15T11:10:49.4327817Z   LD_LIBRARY_PATH: /opt/hostedtoolcache/Python/3.12.13/x64/lib
2026-09-15T11:10:49.4328082Z ##[endgroup]
2026-09-15T11:10:49.4428367Z bash scripts/node.sh npm --prefix apps/web run build
2026-09-15T11:10:49.5143927Z 
2026-09-15T11:10:49.5144409Z > @learning-workbench/web@0.1.0 build
2026-09-15T11:10:49.5144669Z > tsc --noEmit && vite build
2026-09-15T11:10:49.5144858Z 
2026-09-15T11:10:50.3144804Z [36mvite v8.3.0 [32mbuilding client environment for production...[36m[39m
2026-09-15T11:10:50.3221093Z transforming...
2026-09-15T11:10:50.4377173Z ✓ 717 modules transformed.
2026-09-15T11:10:50.5051131Z rendering chunks...
2026-09-15T11:10:50.6053246Z computing gzip size...
2026-09-15T11:10:50.6372464Z dist/index.html                       0.41 kB │ gzip:     0.32 kB
2026-09-15T11:10:50.6372850Z dist/assets/index-iEAos8Rd.css       38.42 kB │ gzip:     8.15 kB
2026-09-15T11:10:50.6373160Z dist/assets/index-DCAsqs96.js     1,060.17 kB │ gzip:   240.42 kB
2026-09-15T11:10:50.6373460Z dist/assets/Markdown-DEP4zvoC.js  2,939.32 kB │ gzip: 1,098.70 kB
2026-09-15T11:10:50.6373604Z 
2026-09-15T11:10:50.6375903Z [32m✓ built in 322ms[39m
2026-09-15T11:10:50.6380928Z [33m[plugin builtin:vite-reporter] 
2026-09-15T11:10:50.6381329Z (!) Some chunks are larger than 500 kB after minification. Consider:
2026-09-15T11:10:50.6381675Z - Using dynamic import() to code-split the application
2026-09-15T11:10:50.6382276Z - Use build.rolldownOptions.output.codeSplitting to improve chunking: https://rolldown.rs/reference/OutputOptions.codeSplitting
2026-09-15T11:10:50.6382757Z - Adjust chunk size limit for this warning via build.chunkSizeWarningLimit.[39m
2026-09-15T11:10:50.6623377Z ##[group]Run make test-e2e
2026-09-15T11:10:50.6623557Z [36;1mmake test-e2e[0m
2026-09-15T11:10:50.6671331Z shell: /usr/bin/bash -e {0}
2026-09-15T11:10:50.6671476Z env:
2026-09-15T11:10:50.6671634Z   pythonLocation: /opt/hostedtoolcache/Python/3.12.13/x64
2026-09-15T11:10:50.6672020Z   PKG_CONFIG_PATH: /opt/hostedtoolcache/Python/3.12.13/x64/lib/pkgconfig
2026-09-15T11:10:50.6672260Z   Python_ROOT_DIR: /opt/hostedtoolcache/Python/3.12.13/x64
2026-09-15T11:10:50.6672477Z   Python2_ROOT_DIR: /opt/hostedtoolcache/Python/3.12.13/x64
2026-09-15T11:10:50.6672697Z   Python3_ROOT_DIR: /opt/hostedtoolcache/Python/3.12.13/x64
2026-09-15T11:10:50.6672915Z   LD_LIBRARY_PATH: /opt/hostedtoolcache/Python/3.12.13/x64/lib
2026-09-15T11:10:50.6673178Z   LEARNING_E2E_OUTPUT_DIR: <github-runner-home>/work/_temp/learning-workbench-e2e-results
2026-09-15T11:10:50.6673413Z ##[endgroup]
2026-09-15T11:10:50.6748045Z bash scripts/node.sh npm --prefix apps/web run test:e2e
2026-09-15T11:10:50.7419200Z 
2026-09-15T11:10:50.7419848Z > @learning-workbench/web@0.1.0 test:e2e
2026-09-15T11:10:50.7420207Z > playwright test --config ../../tests/e2e/playwright.config.ts
2026-09-15T11:10:50.7420373Z 
2026-09-15T11:10:52.1424546Z [WebServer] INFO:     Started server process [2997]
2026-09-15T11:10:52.1425632Z [WebServer] INFO:     Waiting for application startup.
2026-09-15T11:10:52.2161238Z [WebServer] INFO:     Application startup complete.
2026-09-15T11:10:52.2162989Z [WebServer] INFO:     Uvicorn running on http://127.0.0.1:8765 (Press CTRL+C to quit)
2026-09-15T11:10:54.0659344Z 
2026-09-15T11:10:54.0660035Z Running 88 tests using 1 worker
2026-09-15T11:10:54.0661399Z 
2026-09-15T11:11:12.3702175Z   ✓   1 ../../tests/e2e/assessment-restart.spec.ts:43:1 › same assessment instance rejects forged course and assessment hashes while its independent policy remains active (18.0s)
2026-09-15T11:11:26.5725305Z   ✓   2 ../../tests/e2e/assessment-restart.spec.ts:112:1 › actual browser and API restarts retain independent drafts and keep old solution receipts protected after submission (14.2s)
2026-09-15T11:11:34.2970879Z   ✓   3 ../../tests/e2e/assessments.spec.ts:41:1 › real unreviewed independent assessment saves five types and submits without fabricated grades or answer calls (7.7s)
2026-09-15T11:11:44.0467276Z   ✓   4 ../../tests/e2e/assessments.spec.ts:90:1 › open-book and assisted freeze actual policies; explicit abandon retains saved answers and yields no score (9.7s)
2026-09-15T11:11:53.8918899Z   ✓   5 ../../tests/e2e/assessments.spec.ts:109:1 › two profiles retain a real server CAS conflict with three-way comparison and reject forged same-identity parent (9.7s)
2026-09-15T11:11:58.6680609Z   ✓   6 ../../tests/e2e/assessments.spec.ts:138:1 › missing private binding visibly blocks start instead of fabricating a usable test (4.8s)
2026-09-15T11:12:11.2219472Z   ✓   7 ../../tests/e2e/assessments.spec.ts:145:1 › two pages preserve independent local CAS candidates; a later submitted snapshot never accepts restored edits (12.5s)
2026-09-15T11:12:20.6442574Z   ✓   8 ../../tests/e2e/assessments.spec.ts:251:1 › late redacted Workbench save uses its original ETag and retains hidden selection after explicit three-way choice (9.4s)
2026-09-15T11:12:29.0906596Z   ✓   9 ../../tests/e2e/assessments.spec.ts:295:1 › a genuine solution response held in flight cannot appear after another page starts an open-book assessment (8.4s)
2026-09-15T11:12:33.2807113Z 
2026-09-15T11:12:33.2836388Z   ✓  10 ../../tests/e2e/document-imports.spec.ts:87:1 › real two-page PDF keeps exact page citations, guarded original bytes and explicit fidelity approval (4.2s)
2026-09-15T11:12:37.3113089Z 
2026-09-15T11:12:37.3125358Z   ✓  11 ../../tests/e2e/document-imports.spec.ts:127:1 › real DOCX safe text stays readable for learner while original bytes require an explicit author role (4.0s)
2026-09-15T11:12:40.6609434Z 
2026-09-15T11:12:40.6611622Z   ✓  12 ../../tests/e2e/document-imports.spec.ts:202:1 › a real scanned PDF fails without invented text or OCR and its local original is checked explicitly after reload (3.3s)
2026-09-15T11:12:43.6779251Z 
2026-09-15T11:12:43.6780999Z   ✓  13 ../../tests/e2e/document-imports.spec.ts:236:3 › real encrypted.pdf extraction failure remains blocked and preserves its original hash (3.0s)
2026-09-15T11:12:46.4655071Z 
2026-09-15T11:12:46.4684291Z   ✓  14 ../../tests/e2e/document-imports.spec.ts:236:3 › real malformed.docx extraction failure remains blocked and preserves its original hash (2.8s)
2026-09-15T11:12:54.0814863Z   ✓  15 ../../tests/e2e/grading-recovery.spec.ts:57:1 › a real failed regrade survives reload and can recover from the last actual grade without losing the old submission (7.6s)
2026-09-15T11:13:05.4386630Z   ✓  16 ../../tests/e2e/grading-restart.spec.ts:50:1 › real browser and API restarts preserve the submitted answers, signed review and both grading revisions (11.3s)
2026-09-15T11:13:16.4801609Z   ✓  17 ../../tests/e2e/grading.spec.ts:34:1 › unreviewed original content stays null until an explicit author form creates a signed new grade without altering its reference approval (11.0s)
2026-09-15T11:13:26.9627599Z   ✓  18 ../../tests/e2e/grading.spec.ts:66:1 › two browser profiles keep a stale manual-review baseline through an actual 412 before explicit three-way rebase (10.5s)
2026-09-15T11:13:34.5260983Z   ✓  19 ../../tests/e2e/grading.spec.ts:81:1 › a failed manual request preserves its durable exact command and editable author draft after browser reload (7.6s)
2026-09-15T11:13:42.0584202Z   ✓  20 ../../tests/e2e/imports-policy.spec.ts:11:1 › an open author import retains its task across independent start and submit but rechecks pending-answer protection before restoring content (7.5s)
2026-09-15T11:13:46.4446479Z   ✓  21 ../../tests/e2e/imports-policy.spec.ts:61:1 › a reselected failed original survives a role-policy pause in memory while decoded text must be checked again (4.4s)
2026-09-15T11:13:50.7872941Z   ✓  22 ../../tests/e2e/imports.spec.ts:111:1 › real Markdown upload stays staged, previews and downloads exact bytes, restores and commits exact course refs (4.3s)
2026-09-15T11:13:53.8169811Z   ✓  23 ../../tests/e2e/imports.spec.ts:190:1 › safe HTML warning requires explicit acceptance and native cancel leaves courses untouched (3.0s)
2026-09-15T11:13:58.4987510Z   ✓  24 ../../tests/e2e/imports.spec.ts:218:1 › UTF-8 text can target a real existing course and creates a newer exact revision (4.7s)
2026-09-15T11:14:01.5067879Z   ✓  25 ../../tests/e2e/imports.spec.ts:234:1 › upload request failure keeps the selected file; preview failure keeps the recovery ID and explicit retry works (3.0s)
2026-09-15T11:14:05.4114148Z 
2026-09-15T11:14:05.4116699Z   ✓  26 ../../tests/e2e/imports.spec.ts:254:1 › author package requires explicit role change and clears the private preview after returning to learner (3.9s)
2026-09-15T11:14:08.4195900Z   ✓  27 ../../tests/e2e/imports.spec.ts:290:1 › a real invalid UTF-8 parse shows a blocking error and cannot be confirmed (3.0s)
2026-09-15T11:14:13.8130121Z 
2026-09-15T11:14:13.8132494Z   ✓  28 ../../tests/e2e/imports.spec.ts:311:1 › local encoding choice preserves the failed original and creates a separately confirmed UTF-8 import (5.4s)
2026-09-15T11:14:18.5137684Z 
2026-09-15T11:14:18.5139801Z   ✓  29 ../../tests/e2e/imports.spec.ts:379:1 › deferred author preview and original responses cannot restore content after the role is lowered (4.7s)
2026-09-15T11:14:29.8272453Z   ✓  30 ../../tests/e2e/learning-state-restart.spec.ts:47:1 › actual browser and API restarts preserve profile candidates, exact route overrides and original reading sources (11.3s)
2026-09-15T11:14:35.4605707Z   ✓  31 ../../tests/e2e/learning-state.spec.ts:12:1 › real self-report persists a lost-ACK command once and never creates independent evidence (5.6s)
2026-09-15T11:14:43.6273030Z   ✓  32 ../../tests/e2e/learning-state.spec.ts:30:1 › actual unreviewed submission stays excluded and its precise sources disappear when another page starts independent work (8.2s)
2026-09-15T11:14:46.9854372Z   ✓  33 ../../tests/e2e/learning-state.spec.ts:45:1 › a quota-failed profile remains mounted when a global command tries to leave it (3.4s)
2026-09-15T11:14:52.7779562Z   ✓  34 ../../tests/e2e/notes-lifecycle.spec.ts:32:1 › a concurrent note move to another block remains recoverable by stable note ID after a real 412 (5.8s)
2026-09-15T11:14:58.7395092Z   ✓  35 ../../tests/e2e/notes-lifecycle.spec.ts:64:1 › soft deleting a server note preserves its unsynced local continuation for explicit recovery (6.0s)
2026-09-15T11:15:05.4256126Z   ✓  36 ../../tests/e2e/practice-restart.spec.ts:20:1 › same practice tab identity rejects changed frozen parent or child hashes and preserves the original session (6.7s)
2026-09-15T11:15:16.4127131Z   ✓  37 ../../tests/e2e/practice-restart.spec.ts:66:1 › actual browser close and API restart retain practice identity, exposure and an unsynced local response (11.0s)
2026-09-15T11:15:24.5162425Z   ✓  38 ../../tests/e2e/practice.spec.ts:26:1 › five real question kinds save and refresh; hints and solutions require explicit exposure; submit is ungraded (8.1s)
2026-09-15T11:15:33.4764028Z   ✓  39 ../../tests/e2e/practice.spec.ts:87:1 › offline recovery keeps the local candidate when session GET was also unavailable and reconnect compares its base (9.0s)
2026-09-15T11:15:42.7894247Z   ✓  40 ../../tests/e2e/practice.spec.ts:113:1 › two real browser profiles produce a server CAS conflict with base local and remote before explicit choice (9.3s)
2026-09-15T11:15:49.4069231Z   ✓  41 ../../tests/e2e/practice.spec.ts:138:1 › missing private solution fails closed and a forged same-identity parent never replaces the existing practice tab (6.6s)
2026-09-15T11:16:01.0464751Z   ✓  42 ../../tests/e2e/practice.spec.ts:159:1 › two pages keep their durable local candidates and closing an unsynced practice requires explicit retention (11.6s)
2026-09-15T11:16:05.0759945Z   ✓  43 ../../tests/e2e/provider-settings.spec.ts:53:1 › real settings persist control configuration and temporary secrets without claiming production generation (4.0s)
2026-09-15T11:16:10.6522990Z   ✓  44 ../../tests/e2e/provider-settings.spec.ts:84:1 › real config lost ACK restores the original command after browser/API restart and reads later current state separately (5.6s)
2026-09-15T11:16:16.9007254Z   ✓  45 ../../tests/e2e/provider-settings.spec.ts:112:1 › actual independent assessment policy keeps settings controls available and denies subject consent reads (6.2s)
2026-09-15T11:16:20.0214102Z   ✓  46 ../../tests/e2e/provider-settings.spec.ts:142:41 › secret controls use an actual newer readback while the parent refresh is held; peer change false (3.1s)
2026-09-15T11:16:23.2567581Z   ✓  47 ../../tests/e2e/provider-settings.spec.ts:142:41 › secret controls use an actual newer readback while the parent refresh is held; peer change true (3.2s)
2026-09-15T11:16:32.9613826Z   ✓  48 ../../tests/e2e/reader-conflict-layout.spec.ts:97:1 › real session conflict preserves the scrolled submitted explanation and requires an explicit comparison choice (9.7s)
2026-09-15T11:16:40.0068712Z   ✓  49 ../../tests/e2e/reader-conflict-layout.spec.ts:178:1 › real session conflict keeps the same enabled assessment input focused and visible in the shortened reader (7.0s)
2026-09-15T11:16:49.6071447Z   ✓  50 ../../tests/e2e/reader-restart.spec.ts:13:1 › actual browser close and API process restart retain imported references, notes, progress and Reader position (9.6s)
2026-09-15T11:16:55.9731980Z   ✓  51 ../../tests/e2e/reader.spec.ts:33:1 › real imported directory, title search, worked-example link, long formula and frozen original download (6.4s)
2026-09-15T11:17:02.2230747Z   ✓  52 ../../tests/e2e/reader.spec.ts:67:1 › second repeated rendered selection preserves exact source codepoints, saves note, edits and soft deletes (6.2s)
2026-09-15T11:17:06.3661157Z   ✓  53 ../../tests/e2e/reader.spec.ts:98:1 › native source keyboard selection creates exact Markdown codepoints without rendered-text guessing (4.1s)
2026-09-15T11:17:14.1219228Z   ✓  54 ../../tests/e2e/reader.spec.ts:123:1 › offline local note recovery and a real concurrent server revision show three-way comparison before CAS save (7.7s)
2026-09-15T11:17:24.7953997Z   ✓  55 ../../tests/e2e/reader.spec.ts:171:1 › historical course revisions stay in separate exact tabs and hash-mismatched links preserve unresolved reference (10.7s)
2026-09-15T11:17:33.8496729Z 
2026-09-15T11:17:33.8498497Z   ✓  56 ../../tests/e2e/reader.spec.ts:209:1 › a private original authorized before a cross-profile role decrease cannot trigger a late browser download (9.0s)
2026-09-15T11:17:42.3431567Z   ✓  57 ../../tests/e2e/recommendations.spec.ts:56:1 › real recommendation decisions recover a lost ACK across browser and API restart without rewriting later decisions or learning facts (8.5s)
2026-09-15T11:17:50.4050070Z   ✓  58 ../../tests/e2e/recommendations.spec.ts:90:1 › real local suggestions cover another imported textbook and open its complete original refs independently of acceptance (8.1s)
2026-09-15T11:17:57.7044658Z   ✓  59 ../../tests/e2e/recommendations.spec.ts:110:1 › real offline and stale decision candidates require explicit 412 correction and current independent policy hides delayed subject sources (7.3s)
2026-09-15T11:18:03.6501955Z   ✓  60 ../../tests/e2e/recommendations.spec.ts:151:1 › a controlled archived fixture makes the real historical recommendation stale and its formerly current UI cannot open the old target (5.9s)
2026-09-15T11:18:10.1231452Z   ✓  61 ../../tests/e2e/responsive-layout.spec.ts:43:1 › narrow layout and submitted explanation remain visible before React resize listeners run (6.5s)
2026-09-15T11:18:29.5094490Z   ✓  62 ../../tests/e2e/retrieval.spec.ts:47:1 › real explicit cold scope, original rebuild Job, complete hits/no match/resource omission and unchanged historical scope (19.4s)
2026-09-15T11:18:42.2254810Z   ✓  63 ../../tests/e2e/review.spec.ts:35:1 › real history and exact material review preserve original submitted text, null scores and a selected old revision after reload (12.7s)
2026-09-15T11:18:52.0752339Z   ✓  64 ../../tests/e2e/review.spec.ts:76:1 › a delayed old review response cannot restore history or academic context after another page starts a real independent attempt (9.8s)
2026-09-15T11:18:54.6339659Z   ✓  65 ../../tests/e2e/route-draft-input.spec.ts:9:60 › native route goal input survives its own initial draft save_first delivery after focus (2.6s)
2026-09-15T11:18:57.2738918Z   ✓  66 ../../tests/e2e/route-draft-input.spec.ts:9:60 › native route goal input survives its own initial draft load_first delivery after focus (2.6s)
2026-09-15T11:19:02.7018260Z   ✓  67 ../../tests/e2e/routes.spec.ts:10:1 › real route creation, reminder, manual false, reordered revision and exact target navigation preserve history (5.4s)
2026-09-15T11:19:06.1054205Z   ✓  68 ../../tests/e2e/workbench-initial-recovery.spec.ts:6:3 › initial workbench recovery keeps the saved lesson and waits for the real session at 1440px (3.4s)
2026-09-15T11:19:10.2084143Z   ✓  69 ../../tests/e2e/workbench-initial-recovery.spec.ts:6:3 › initial workbench recovery keeps the saved lesson and waits for the real session at 390px (4.1s)
2026-09-15T11:19:11.9822172Z   ✓  70 ../../tests/e2e/workbench.spec.ts:5:1 › empty workspace, native bootstrap, four fixed navigation and truthful auxiliary states (1.8s)
2026-09-15T11:19:14.5539314Z   ✓  71 ../../tests/e2e/workbench.spec.ts:22:1 › real keyboard and mouse resize, native drawers, focus return and restored layout (2.6s)
2026-09-15T11:19:18.2999010Z   ✓  72 ../../tests/e2e/workbench.spec.ts:43:1 › object drafts survive preview switches, close choice and browser reload without fake sending (3.7s)
2026-09-15T11:19:23.7497107Z   ✓  73 ../../tests/e2e/workbench.spec.ts:60:1 › server CAS conflict is visible, local object drafts survive and explicit readback recovers (5.4s)
2026-09-15T11:19:27.9119124Z   ✓  74 ../../tests/e2e/workbench.spec.ts:73:1 › offline pending UI is restored after actual connection recovery (4.2s)
2026-09-15T11:19:30.4894496Z   ✓  75 ../../tests/e2e/workbench.spec.ts:85:1 › actual MathJax, no runtime errors, long formula local scrolling, all screenshot sizes (2.6s)
2026-09-15T11:19:36.7738182Z   ✓  76 ../../tests/e2e/workbench.spec.ts:112:1 › two browser pages keep drafts for different objects in native IndexedDB (6.3s)
2026-09-15T11:19:39.4239864Z   ✓  77 ../../tests/e2e/workbench.spec.ts:130:1 › exact reference mismatch stays unresolved and preserves the original snapshot (2.6s)
2026-09-15T11:19:43.7847654Z   ✓  78 ../../tests/e2e/workbench.spec.ts:147:1 › cold lazy renderer restores saved reading offset after the content is ready (4.3s)
2026-09-15T11:19:50.9256953Z   ✓  79 ../../tests/e2e/workbench.spec.ts:167:1 › native concurrent same-object transactions preserve both candidates and expose explicit recovery (7.1s)
2026-09-15T11:19:55.2103652Z   ✓  80 ../../tests/e2e/workbench.spec.ts:200:1 › directory history restores the current course and navigation entry (4.3s)
2026-09-15T11:19:58.3233591Z   ✓  81 ../../tests/e2e/workbench.spec.ts:212:1 › UI cache quota failure stays visibly unsaved until the real server acknowledges (3.1s)
2026-09-15T11:20:01.6388085Z   ✓  82 ../../tests/e2e/workbench.spec.ts:229:1 › offline UI candidates from two pages remain separate on reload (3.3s)
2026-09-15T11:20:07.2713893Z   ✓  83 ../../tests/e2e/workbench.spec.ts:250:1 › quota-only memory candidate with a changed server baseline shows three-way comparison before explicit CAS (5.6s)
2026-09-15T11:20:11.8720772Z   ✓  84 ../../tests/e2e/workbench.spec.ts:283:1 › per-object details and focus survive A to B to A and browser reload after lazy content readiness (4.6s)
2026-09-15T11:20:14.9010133Z   ✓  85 ../../tests/e2e/workbench.spec.ts:302:1 › first unsent-draft conflict shows original, local and stored text before any reload or choice (3.0s)
2026-09-15T11:20:18.3980860Z   ✓  86 ../../tests/e2e/workbench.spec.ts:332:1 › route directory stays honestly empty and continue reading restores the exact last lesson (3.5s)
2026-09-15T11:20:21.3606111Z   ✓  87 ../../tests/e2e/workbench.spec.ts:354:1 › native keyboard selection updates frozen-reference preview and ambiguous source matches are refused (2.9s)
2026-09-15T11:20:24.4393543Z   ✓  88 ../../tests/e2e/zoom.spec.ts:5:1 › real browser 200 percent zoom reflows CSS width through Chrome appearance setting (3.1s)
2026-09-15T11:20:24.5601848Z 
2026-09-15T11:20:24.5607370Z   88 passed (9.6m)
2026-09-15T11:20:24.5882952Z Post job cleanup.
2026-09-15T11:20:24.6778675Z Post job cleanup.
2026-09-15T11:20:24.7718999Z Post job cleanup.
2026-09-15T11:20:24.8272157Z [command]/usr/bin/git version
2026-09-15T11:20:24.8308497Z git version 2.55.0
2026-09-15T11:20:24.8335929Z Temporarily overriding HOME='<github-runner-home>/work/_temp/4573616a-e11e-46b0-bfd6-2597029d9b6f' before making global git config changes
2026-09-15T11:20:24.8336745Z Adding repository directory to the temporary git global config as a safe directory
2026-09-15T11:20:24.8338750Z [command]/usr/bin/git config --global --add safe.directory <github-runner-home>/work/Learning_Workbench/Learning_Workbench
2026-09-15T11:20:24.8369322Z Removing SSH command configuration
2026-09-15T11:20:24.8373452Z [command]/usr/bin/git config --local --name-only --get-regexp core\.sshCommand
2026-09-15T11:20:24.8411911Z [command]/usr/bin/git submodule foreach --recursive sh -c "git config --local --name-only --get-regexp 'core\.sshCommand' && git config --local --unset-all 'core.sshCommand' || :"
2026-09-15T11:20:24.8669466Z Removing HTTP extra header
2026-09-15T11:20:24.8669930Z [command]/usr/bin/git config --local --name-only --get-regexp http\.https\:\/\/github\.com\/\.extraheader
2026-09-15T11:20:24.8710208Z [command]/usr/bin/git submodule foreach --recursive sh -c "git config --local --name-only --get-regexp 'http\.https\:\/\/github\.com\/\.extraheader' && git config --local --unset-all 'http.https://github.com/.extraheader' || :"
2026-09-15T11:20:24.8966574Z Removing includeIf entries pointing to credentials config files
2026-09-15T11:20:24.8971474Z [command]/usr/bin/git config --local --name-only --get-regexp ^includeIf\.gitdir:
2026-09-15T11:20:24.8995604Z includeif.gitdir:<github-runner-home>/work/Learning_Workbench/Learning_Workbench/.git.path
2026-09-15T11:20:24.8996201Z includeif.gitdir:<github-runner-home>/work/Learning_Workbench/Learning_Workbench/.git/worktrees/*.path
2026-09-15T11:20:24.8996705Z includeif.gitdir:/github/workspace/.git.path
2026-09-15T11:20:24.8997101Z includeif.gitdir:/github/workspace/.git/worktrees/*.path
2026-09-15T11:20:24.9002781Z [command]/usr/bin/git config --local --get-all includeif.gitdir:<github-runner-home>/work/Learning_Workbench/Learning_Workbench/.git.path
2026-09-15T11:20:24.9022426Z <github-runner-home>/work/_temp/git-credentials-3aed5c85-49bb-43a2-b963-1f72e15fa0f9.config
2026-09-15T11:20:24.9030142Z [command]/usr/bin/git config --local --unset includeif.gitdir:<github-runner-home>/work/Learning_Workbench/Learning_Workbench/.git.path \/home\/runner\/work\/_temp\/git\-credentials\-3aed5c85\-49bb\-43a2\-b963\-1f72e15fa0f9\.config
2026-09-15T11:20:24.9061383Z [command]/usr/bin/git config --local --get-all includeif.gitdir:<github-runner-home>/work/Learning_Workbench/Learning_Workbench/.git/worktrees/*.path
2026-09-15T11:20:24.9081487Z <github-runner-home>/work/_temp/git-credentials-3aed5c85-49bb-43a2-b963-1f72e15fa0f9.config
2026-09-15T11:20:24.9088300Z [command]/usr/bin/git config --local --unset includeif.gitdir:<github-runner-home>/work/Learning_Workbench/Learning_Workbench/.git/worktrees/*.path \/home\/runner\/work\/_temp\/git\-credentials\-3aed5c85\-49bb\-43a2\-b963\-1f72e15fa0f9\.config
2026-09-15T11:20:24.9115667Z [command]/usr/bin/git config --local --get-all includeif.gitdir:/github/workspace/.git.path
2026-09-15T11:20:24.9134188Z /github/runner_temp/git-credentials-3aed5c85-49bb-43a2-b963-1f72e15fa0f9.config
2026-09-15T11:20:24.9139580Z [command]/usr/bin/git config --local --unset includeif.gitdir:/github/workspace/.git.path \/github\/runner_temp\/git\-credentials\-3aed5c85\-49bb\-43a2\-b963\-1f72e15fa0f9\.config
2026-09-15T11:20:24.9164160Z [command]/usr/bin/git config --local --get-all includeif.gitdir:/github/workspace/.git/worktrees/*.path
2026-09-15T11:20:24.9182932Z /github/runner_temp/git-credentials-3aed5c85-49bb-43a2-b963-1f72e15fa0f9.config
2026-09-15T11:20:24.9188203Z [command]/usr/bin/git config --local --unset includeif.gitdir:/github/workspace/.git/worktrees/*.path \/github\/runner_temp\/git\-credentials\-3aed5c85\-49bb\-43a2\-b963\-1f72e15fa0f9\.config
2026-09-15T11:20:24.9215662Z [command]/usr/bin/git submodule foreach --recursive git config --local --show-origin --name-only --get-regexp remote.origin.url
2026-09-15T11:20:24.9430813Z Removing credentials config '<github-runner-home>/work/_temp/git-credentials-3aed5c85-49bb-43a2-b963-1f72e15fa0f9.config'
2026-09-15T11:20:24.9560931Z Cleaning up orphan processes
