2026-09-15T11:10:24.4035476Z Current runner version: '2.337.0'
2026-09-15T11:10:24.4060593Z ##[group]Runner Image Provisioner
2026-09-15T11:10:24.4061554Z Hosted Compute Agent
2026-09-15T11:10:24.4062221Z Version: 20260828.587
2026-09-15T11:10:24.4062870Z Commit: abac92662cab4cc7352de4f9f9d2e2419aad9c29
2026-09-15T11:10:24.4063662Z Build Date: 2026-08-28T16:44:25Z
2026-09-15T11:10:24.4064684Z Worker ID: {1ca01520-478a-458f-944c-7bdc1d9bc3f4}
2026-09-15T11:10:24.4065482Z Azure Region: northcentralus
2026-09-15T11:10:24.4066220Z ##[endgroup]
2026-09-15T11:10:24.4067725Z ##[group]Operating System
2026-09-15T11:10:24.4068447Z Ubuntu
2026-09-15T11:10:24.4068992Z 26.04.1
2026-09-15T11:10:24.4069504Z LTS
2026-09-15T11:10:24.4070138Z ##[endgroup]
2026-09-15T11:10:24.4070685Z ##[group]Runner Image
2026-09-15T11:10:24.4071365Z Image: ubuntu-26.04
2026-09-15T11:10:24.4071948Z Version: 20260907.131.1
2026-09-15T11:10:24.4073250Z Included Software: https://github.com/actions/runner-images/blob/ubuntu26/20260907.131/images/ubuntu/Ubuntu2604-Readme.md
2026-09-15T11:10:24.4075164Z Image Release: https://github.com/actions/runner-images/releases/tag/ubuntu26%2F20260907.131
2026-09-15T11:10:24.4076203Z ##[endgroup]
2026-09-15T11:10:24.4077331Z ##[group]GITHUB_TOKEN Permissions
2026-09-15T11:10:24.4079285Z Contents: read
2026-09-15T11:10:24.4079926Z Metadata: read
2026-09-15T11:10:24.4080488Z ##[endgroup]
2026-09-15T11:10:24.4082586Z Secret source: Actions
2026-09-15T11:10:24.4083594Z Cache mode: write
2026-09-15T11:10:24.4084830Z Prepare workflow directory
2026-09-15T11:10:24.4435592Z Prepare all required actions
2026-09-15T11:10:24.4483871Z Getting action download info
2026-09-15T11:10:24.6598299Z Download action repository 'actions/checkout@3d3c42e5aac5ba805825da76410c181273ba90b1' (SHA:3d3c42e5aac5ba805825da76410c181273ba90b1)
2026-09-15T11:10:24.7834781Z Download action repository 'actions/setup-python@5fda3b95a4ea91299a34e894583c3862153e4b97' (SHA:5fda3b95a4ea91299a34e894583c3862153e4b97)
2026-09-15T11:10:24.8769577Z Download action repository 'actions/setup-node@820762786026740c76f36085b0efc47a31fe5020' (SHA:820762786026740c76f36085b0efc47a31fe5020)
2026-09-15T11:10:25.0292244Z Download action repository 'actions/upload-artifact@043fb46d1a93c77aae656e7c1c64a875d1fc6a0a' (SHA:043fb46d1a93c77aae656e7c1c64a875d1fc6a0a)
2026-09-15T11:10:25.1819701Z Complete job name: browser
2026-09-15T11:10:25.2612995Z ##[group]Run actions/checkout@3d3c42e5aac5ba805825da76410c181273ba90b1
2026-09-15T11:10:25.2614055Z with:
2026-09-15T11:10:25.2614715Z   repository: kl3574/Learning_Workbench
2026-09-15T11:10:25.2618512Z   token: ***
2026-09-15T11:10:25.2618941Z   ssh-strict: true
2026-09-15T11:10:25.2619371Z   ssh-user: git
2026-09-15T11:10:25.2619812Z   persist-credentials: true
2026-09-15T11:10:25.2620286Z   clean: true
2026-09-15T11:10:25.2620717Z   sparse-checkout-cone-mode: true
2026-09-15T11:10:25.2621229Z   fetch-depth: 1
2026-09-15T11:10:25.2621652Z   fetch-tags: false
2026-09-15T11:10:25.2622098Z   show-progress: true
2026-09-15T11:10:25.2622544Z   lfs: false
2026-09-15T11:10:25.2622976Z   submodules: false
2026-09-15T11:10:25.2623416Z   set-safe-directory: true
2026-09-15T11:10:25.2623913Z   allow-unsafe-pr-checkout: false
2026-09-15T11:10:25.2624835Z ##[endgroup]
2026-09-15T11:10:25.3620963Z Syncing repository: kl3574/Learning_Workbench
2026-09-15T11:10:25.3623225Z ##[group]Getting Git version info
2026-09-15T11:10:25.3624594Z Working directory is '<github-runner-home>/work/Learning_Workbench/Learning_Workbench'
2026-09-15T11:10:25.3626130Z [command]/usr/bin/git version
2026-09-15T11:10:25.3659320Z git version 2.55.0
2026-09-15T11:10:25.3683530Z ##[endgroup]
2026-09-15T11:10:25.3694908Z Temporarily overriding HOME='<github-runner-home>/work/_temp/461f1de3-2ead-4453-8bac-4807dd52ed18' before making global git config changes
2026-09-15T11:10:25.3697207Z Adding repository directory to the temporary git global config as a safe directory
2026-09-15T11:10:25.3700451Z [command]/usr/bin/git config --global --add safe.directory <github-runner-home>/work/Learning_Workbench/Learning_Workbench
2026-09-15T11:10:25.4219929Z Deleting the contents of '<github-runner-home>/work/Learning_Workbench/Learning_Workbench'
2026-09-15T11:10:25.4224444Z ##[group]Determining repository object format
2026-09-15T11:10:25.4246601Z ##[endgroup]
2026-09-15T11:10:25.4248044Z ##[group]Initializing the repository
2026-09-15T11:10:25.4249562Z [command]/usr/bin/git init <github-runner-home>/work/Learning_Workbench/Learning_Workbench
2026-09-15T11:10:25.4963699Z hint: Using 'master' as the name for the initial branch. This default branch name
2026-09-15T11:10:25.4965793Z hint: will change to "main" in Git 3.0. To configure the initial branch name
2026-09-15T11:10:25.4966950Z hint: to use in all of your new repositories, which will suppress this warning,
2026-09-15T11:10:25.4968035Z hint: call:
2026-09-15T11:10:25.4968818Z hint:
2026-09-15T11:10:25.4969823Z hint: 	git config --global init.defaultBranch <name>
2026-09-15T11:10:25.4971082Z hint:
2026-09-15T11:10:25.4972232Z hint: Names commonly chosen instead of 'master' are 'main', 'trunk' and
2026-09-15T11:10:25.4974033Z hint: 'development'. The just-created branch can be renamed via this command:
2026-09-15T11:10:25.5057708Z hint:
2026-09-15T11:10:25.5058630Z hint: 	git branch -m <name>
2026-09-15T11:10:25.5059622Z hint:
2026-09-15T11:10:25.5060879Z hint: Disable this message with "git config set advice.defaultBranchName false"
2026-09-15T11:10:25.5062960Z Initialized empty Git repository in <github-runner-home>/work/Learning_Workbench/Learning_Workbench/.git/
2026-09-15T11:10:25.5066369Z [command]/usr/bin/git remote add origin https://github.com/kl3574/Learning_Workbench
2026-09-15T11:10:25.5241188Z ##[endgroup]
2026-09-15T11:10:25.5242110Z ##[group]Disabling automatic garbage collection
2026-09-15T11:10:25.5245295Z [command]/usr/bin/git config --local gc.auto 0
2026-09-15T11:10:25.5283804Z ##[endgroup]
2026-09-15T11:10:25.5285141Z ##[group]Setting up auth
2026-09-15T11:10:25.5286028Z Removing SSH command configuration
2026-09-15T11:10:25.5291240Z [command]/usr/bin/git config --local --name-only --get-regexp core\.sshCommand
2026-09-15T11:10:25.5325893Z [command]/usr/bin/git submodule foreach --recursive sh -c "git config --local --name-only --get-regexp 'core\.sshCommand' && git config --local --unset-all 'core.sshCommand' || :"
2026-09-15T11:10:25.7935409Z Removing HTTP extra header
2026-09-15T11:10:25.7941266Z [command]/usr/bin/git config --local --name-only --get-regexp http\.https\:\/\/github\.com\/\.extraheader
2026-09-15T11:10:25.7975099Z [command]/usr/bin/git submodule foreach --recursive sh -c "git config --local --name-only --get-regexp 'http\.https\:\/\/github\.com\/\.extraheader' && git config --local --unset-all 'http.https://github.com/.extraheader' || :"
2026-09-15T11:10:25.8251017Z Removing includeIf entries pointing to credentials config files
2026-09-15T11:10:25.8256074Z [command]/usr/bin/git config --local --name-only --get-regexp ^includeIf\.gitdir:
2026-09-15T11:10:25.8289706Z [command]/usr/bin/git submodule foreach --recursive git config --local --show-origin --name-only --get-regexp remote.origin.url
2026-09-15T11:10:25.8573835Z [command]/usr/bin/git config --file <github-runner-home>/work/_temp/git-credentials-8675f87c-9864-4b3c-8268-abab1104da03.config http.https://github.com/.extraheader AUTHORIZATION: basic ***
2026-09-15T11:10:25.8617271Z [command]/usr/bin/git config --local includeIf.gitdir:<github-runner-home>/work/Learning_Workbench/Learning_Workbench/.git.path <github-runner-home>/work/_temp/git-credentials-8675f87c-9864-4b3c-8268-abab1104da03.config
2026-09-15T11:10:25.8649689Z [command]/usr/bin/git config --local includeIf.gitdir:<github-runner-home>/work/Learning_Workbench/Learning_Workbench/.git/worktrees/*.path <github-runner-home>/work/_temp/git-credentials-8675f87c-9864-4b3c-8268-abab1104da03.config
2026-09-15T11:10:25.8692728Z [command]/usr/bin/git config --local includeIf.gitdir:/github/workspace/.git.path /github/runner_temp/git-credentials-8675f87c-9864-4b3c-8268-abab1104da03.config
2026-09-15T11:10:25.8729320Z [command]/usr/bin/git config --local includeIf.gitdir:/github/workspace/.git/worktrees/*.path /github/runner_temp/git-credentials-8675f87c-9864-4b3c-8268-abab1104da03.config
2026-09-15T11:10:25.8761735Z ##[endgroup]
2026-09-15T11:10:25.8763292Z ##[group]Fetching the repository
2026-09-15T11:10:25.8770613Z [command]/usr/bin/git -c protocol.version=2 fetch --no-tags --prune --no-recurse-submodules --depth=1 origin +757ccd2c67ee5fad9fd44bb29697e05fd9b70d04:refs/remotes/pull/50/merge
2026-09-15T11:10:29.1492185Z From https://github.com/kl3574/Learning_Workbench
2026-09-15T11:10:29.1494888Z  * [new ref]         757ccd2c67ee5fad9fd44bb29697e05fd9b70d04 -> pull/50/merge
2026-09-15T11:10:29.1498459Z ##[endgroup]
2026-09-15T11:10:29.1499973Z ##[group]Determining the checkout info
2026-09-15T11:10:29.1501514Z ##[endgroup]
2026-09-15T11:10:29.1503168Z [command]/usr/bin/git sparse-checkout disable
2026-09-15T11:10:29.1614112Z [command]/usr/bin/git config --local --unset-all extensions.worktreeConfig
2026-09-15T11:10:29.1647732Z ##[group]Checking out the ref
2026-09-15T11:10:29.1652057Z [command]/usr/bin/git checkout --progress --force refs/remotes/pull/50/merge
2026-09-15T11:10:29.6724828Z Note: switching to 'refs/remotes/pull/50/merge'.
2026-09-15T11:10:29.6725698Z 
2026-09-15T11:10:29.6726060Z You are in 'detached HEAD' state. You can look around, make experimental
2026-09-15T11:10:29.6726911Z changes and commit them, and you can discard any commits you make in this
2026-09-15T11:10:29.6727674Z state without impacting any branches by switching back to a branch.
2026-09-15T11:10:29.6728163Z 
2026-09-15T11:10:29.6728447Z If you want to create a new branch to retain commits you create, you may
2026-09-15T11:10:29.6729178Z do so (now or later) by using -c with the switch command. Example:
2026-09-15T11:10:29.6729665Z 
2026-09-15T11:10:29.6729855Z   git switch -c <new-branch-name>
2026-09-15T11:10:29.6730233Z 
2026-09-15T11:10:29.6730404Z Or undo this operation with:
2026-09-15T11:10:29.6730792Z 
2026-09-15T11:10:29.6731001Z   git switch -
2026-09-15T11:10:29.6731325Z 
2026-09-15T11:10:29.6731638Z Turn off this advice by setting config variable advice.detachedHead to false
2026-09-15T11:10:29.6732112Z 
2026-09-15T11:10:29.6732526Z HEAD is now at 757ccd2 Merge 73d65af4bae237e72fb9a0a6294028cfbad62823 into f0b4ce2e39a3bc374751379051553108ad6a57ed
2026-09-15T11:10:29.6756242Z ##[endgroup]
2026-09-15T11:10:29.6812709Z [command]/usr/bin/git log -1 --format=%H
2026-09-15T11:10:29.6839792Z 757ccd2c67ee5fad9fd44bb29697e05fd9b70d04
2026-09-15T11:10:29.7120325Z ##[group]Run actions/setup-python@5fda3b95a4ea91299a34e894583c3862153e4b97
2026-09-15T11:10:29.7120810Z with:
2026-09-15T11:10:29.7121070Z   python-version: 3.12.13
2026-09-15T11:10:29.7121354Z   check-latest: false
2026-09-15T11:10:29.7123750Z   token: ***
2026-09-15T11:10:29.7124015Z   update-environment: true
2026-09-15T11:10:29.7124598Z   allow-prereleases: false
2026-09-15T11:10:29.7124884Z   freethreaded: false
2026-09-15T11:10:29.7125140Z ##[endgroup]
2026-09-15T11:10:29.8336996Z ##[group]Installed versions
2026-09-15T11:10:29.8351192Z Version 3.12.13 was not found in the local cache
2026-09-15T11:10:30.4753277Z Version 3.12.13 is available for downloading
2026-09-15T11:10:30.4754896Z Download from "https://github.com/actions/python-versions/releases/download/3.12.13-27650778726/python-3.12.13-linux-26.04-x64.tar.gz"
2026-09-15T11:10:31.0089622Z Extract downloaded archive
2026-09-15T11:10:31.0219882Z [command]/usr/bin/tar xz --warning=no-unknown-keyword --overwrite -C <github-runner-home>/work/_temp/a3d50cc0-8efd-4641-936d-018460bc256f -f <github-runner-home>/work/_temp/4a9be8d5-5e38-48f0-af13-83d0cf5329be
2026-09-15T11:10:32.1822226Z Execute installation script
2026-09-15T11:10:32.1963329Z Check if Python hostedtoolcache folder exist...
2026-09-15T11:10:32.1964386Z Create Python 3.12.13 folder
2026-09-15T11:10:32.1993060Z Copy Python binaries to hostedtoolcache folder
2026-09-15T11:10:32.6648880Z Create additional symlinks (Required for the UsePythonVersion Azure Pipelines task and the setup-python GitHub Action)
2026-09-15T11:10:32.6754970Z Upgrading pip...
2026-09-15T11:10:34.6971180Z Collecting pip
2026-09-15T11:10:34.7139346Z Downloading pip-26.2.1-py3-none-any.whl.metadata (4.6 kB)
2026-09-15T11:10:34.7239875Z Downloading pip-26.2.1-py3-none-any.whl (1.8 MB)
2026-09-15T11:10:34.7473224Z ━━━━━━━━━━━━━━━━━━━━━━━━━━━━━━━━━━━━━━━━ 1.8/1.8 MB 104.0 MB/s eta 0:00:00
2026-09-15T11:10:34.7473774Z 
2026-09-15T11:10:34.7860824Z Installing collected packages: pip
2026-09-15T11:10:34.7862241Z Attempting uninstall: pip
2026-09-15T11:10:34.7883978Z Found existing installation: pip 25.0.1
2026-09-15T11:10:34.8228526Z Uninstalling pip-25.0.1:
2026-09-15T11:10:34.8286078Z Successfully uninstalled pip-25.0.1
2026-09-15T11:10:35.7009238Z Successfully installed pip-26.2.1
2026-09-15T11:10:35.7526181Z Create complete file
2026-09-15T11:10:35.7581819Z Successfully set up CPython (3.12.13)
2026-09-15T11:10:35.7583210Z ##[endgroup]
2026-09-15T11:10:35.7788447Z ##[group]Run actions/setup-node@820762786026740c76f36085b0efc47a31fe5020
2026-09-15T11:10:35.7788848Z with:
2026-09-15T11:10:35.7789056Z   node-version: 24.21.0
2026-09-15T11:10:35.7789299Z   check-latest: false
2026-09-15T11:10:35.7791586Z   token: ***
2026-09-15T11:10:35.7791822Z   package-manager-cache: true
2026-09-15T11:10:35.7792071Z env:
2026-09-15T11:10:35.7792345Z   pythonLocation: /opt/hostedtoolcache/Python/3.12.13/x64
2026-09-15T11:10:35.7792804Z   PKG_CONFIG_PATH: /opt/hostedtoolcache/Python/3.12.13/x64/lib/pkgconfig
2026-09-15T11:10:35.7793234Z   Python_ROOT_DIR: /opt/hostedtoolcache/Python/3.12.13/x64
2026-09-15T11:10:35.7793610Z   Python2_ROOT_DIR: /opt/hostedtoolcache/Python/3.12.13/x64
2026-09-15T11:10:35.7793984Z   Python3_ROOT_DIR: /opt/hostedtoolcache/Python/3.12.13/x64
2026-09-15T11:10:35.7794668Z   LD_LIBRARY_PATH: /opt/hostedtoolcache/Python/3.12.13/x64/lib
2026-09-15T11:10:35.7794992Z ##[endgroup]
2026-09-15T11:10:35.9173635Z Attempting to download 24.21.0...
2026-09-15T11:10:36.5351885Z Acquiring 24.21.0 - x64 from https://github.com/actions/node-versions/releases/download/24.21.0-34304089047/node-24.21.0-linux-x64.tar.gz
2026-09-15T11:10:36.9468214Z Extracting ...
2026-09-15T11:10:36.9620431Z [command]/usr/bin/tar xz --strip 1 --warning=no-unknown-keyword --overwrite -C <github-runner-home>/work/_temp/1f1a9aed-cf0c-42ac-b825-773be98c86da -f <github-runner-home>/work/_temp/3285fed4-0cff-4fba-b46a-c386a02bd021
2026-09-15T11:10:37.7549577Z Adding to the cache ...
2026-09-15T11:10:39.6078136Z ##[group]Environment details
2026-09-15T11:10:39.9088795Z node: v24.21.0
2026-09-15T11:10:39.9089074Z npm: 11.19.0
2026-09-15T11:10:39.9089269Z yarn: 1.22.22
2026-09-15T11:10:39.9089698Z ##[endgroup]
2026-09-15T11:10:39.9265089Z ##[group]Run python -m pip install uv==0.11.21
2026-09-15T11:10:39.9265535Z [36;1mpython -m pip install uv==0.11.21[0m
2026-09-15T11:10:39.9916303Z shell: /usr/bin/bash -e {0}
2026-09-15T11:10:39.9916607Z env:
2026-09-15T11:10:39.9916913Z   pythonLocation: /opt/hostedtoolcache/Python/3.12.13/x64
2026-09-15T11:10:39.9917430Z   PKG_CONFIG_PATH: /opt/hostedtoolcache/Python/3.12.13/x64/lib/pkgconfig
2026-09-15T11:10:39.9917949Z   Python_ROOT_DIR: /opt/hostedtoolcache/Python/3.12.13/x64
2026-09-15T11:10:39.9918432Z   Python2_ROOT_DIR: /opt/hostedtoolcache/Python/3.12.13/x64
2026-09-15T11:10:39.9918887Z   Python3_ROOT_DIR: /opt/hostedtoolcache/Python/3.12.13/x64
2026-09-15T11:10:39.9919346Z   LD_LIBRARY_PATH: /opt/hostedtoolcache/Python/3.12.13/x64/lib
2026-09-15T11:10:39.9919729Z ##[endgroup]
2026-09-15T11:10:41.1263800Z Collecting uv==0.11.21
2026-09-15T11:10:41.1501252Z   Downloading uv-0.11.21-py3-none-manylinux_2_17_x86_64.manylinux2014_x86_64.whl.metadata (11 kB)
2026-09-15T11:10:41.1592877Z Downloading uv-0.11.21-py3-none-manylinux_2_17_x86_64.manylinux2014_x86_64.whl (25.1 MB)
2026-09-15T11:10:41.2818039Z    ━━━━━━━━━━━━━━━━━━━━━━━━━━━━━━━━━━━━━━━━ 25.1/25.1 MB 225.6 MB/s  0:00:00
2026-09-15T11:10:41.3268241Z Installing collected packages: uv
2026-09-15T11:10:41.5900072Z Successfully installed uv-0.11.21
2026-09-15T11:10:41.6474487Z ##[group]Run uv sync --frozen
2026-09-15T11:10:41.6475056Z [36;1muv sync --frozen[0m
2026-09-15T11:10:41.6535774Z shell: /usr/bin/bash -e {0}
2026-09-15T11:10:41.6536220Z env:
2026-09-15T11:10:41.6536488Z   pythonLocation: /opt/hostedtoolcache/Python/3.12.13/x64
2026-09-15T11:10:41.6537097Z   PKG_CONFIG_PATH: /opt/hostedtoolcache/Python/3.12.13/x64/lib/pkgconfig
2026-09-15T11:10:41.6537775Z   Python_ROOT_DIR: /opt/hostedtoolcache/Python/3.12.13/x64
2026-09-15T11:10:41.6538336Z   Python2_ROOT_DIR: /opt/hostedtoolcache/Python/3.12.13/x64
2026-09-15T11:10:41.6538897Z   Python3_ROOT_DIR: /opt/hostedtoolcache/Python/3.12.13/x64
2026-09-15T11:10:41.6539545Z   LD_LIBRARY_PATH: /opt/hostedtoolcache/Python/3.12.13/x64/lib
2026-09-15T11:10:41.6540105Z ##[endgroup]
2026-09-15T11:10:41.7136872Z Using CPython 3.12.13 interpreter at: /opt/hostedtoolcache/Python/3.12.13/x64/bin/python3.12
2026-09-15T11:10:41.7137475Z Creating virtual environment at: .venv
2026-09-15T11:10:41.8004661Z Downloading pydantic-core (2.0MiB)
2026-09-15T11:10:41.8103709Z Downloading ruff (9.9MiB)
2026-09-15T11:10:41.8106601Z Downloading pygments (1.2MiB)
2026-09-15T11:10:41.8107804Z Downloading mypy (14.6MiB)
2026-09-15T11:10:41.8110142Z Downloading ast-serialize (1.3MiB)
2026-09-15T11:10:41.9833142Z  Downloaded ast-serialize
2026-09-15T11:10:41.9981667Z  Downloaded pydantic-core
2026-09-15T11:10:42.1512937Z  Downloaded ruff
2026-09-15T11:10:42.1810954Z  Downloaded pygments
2026-09-15T11:10:42.3776931Z  Downloaded mypy
2026-09-15T11:10:42.3780137Z Prepared 37 packages in 661ms
2026-09-15T11:10:42.4252675Z Installed 37 packages in 47ms
2026-09-15T11:10:42.4253386Z  + annotated-doc==0.0.5
2026-09-15T11:10:42.4253809Z  + annotated-types==0.8.0
2026-09-15T11:10:42.4254417Z  + anyio==4.15.1
2026-09-15T11:10:42.4254896Z  + ast-serialize==0.11.2
2026-09-15T11:10:42.4255304Z  + attrs==26.1.0
2026-09-15T11:10:42.4255677Z  + certifi==2026.7.22
2026-09-15T11:10:42.4256291Z  + click==8.5.0
2026-09-15T11:10:42.4256823Z  + defusedxml==0.7.1
2026-09-15T11:10:42.4257378Z  + fastapi==0.141.1
2026-09-15T11:10:42.4257935Z  + h11==0.16.0
2026-09-15T11:10:42.4258424Z  + httpcore==1.0.9
2026-09-15T11:10:42.4258935Z  + httpx==0.28.1
2026-09-15T11:10:42.4259419Z  + idna==3.19
2026-09-15T11:10:42.4259989Z  + iniconfig==2.3.0
2026-09-15T11:10:42.4260517Z  + jsonschema==4.26.0
2026-09-15T11:10:42.4261143Z  + jsonschema-specifications==2025.9.1
2026-09-15T11:10:42.4261750Z  + librt==0.15.0
2026-09-15T11:10:42.4262226Z  + markdown-it-py==4.2.0
2026-09-15T11:10:42.4262715Z  + mdurl==0.1.2
2026-09-15T11:10:42.4263170Z  + mypy==2.3.1
2026-09-15T11:10:42.4263645Z  + mypy-extensions==1.1.0
2026-09-15T11:10:42.4264394Z  + packaging==26.3
2026-09-15T11:10:42.4264877Z  + pathspec==1.1.1
2026-09-15T11:10:42.4265322Z  + pluggy==1.6.0
2026-09-15T11:10:42.4265922Z  + pydantic==2.13.5
2026-09-15T11:10:42.4266418Z  + pydantic-core==2.46.5
2026-09-15T11:10:42.4266847Z  + pygments==2.21.0
2026-09-15T11:10:42.4267300Z  + pypdf==6.18.1
2026-09-15T11:10:42.4267770Z  + pytest==9.1.1
2026-09-15T11:10:42.4268259Z  + python-multipart==0.0.32
2026-09-15T11:10:42.4268822Z  + referencing==0.37.0
2026-09-15T11:10:42.4269340Z  + rpds-py==2026.6.3
2026-09-15T11:10:42.4269893Z  + ruff==0.16.7
2026-09-15T11:10:42.4270334Z  + starlette==1.6.0
2026-09-15T11:10:42.4270745Z  + typing-extensions==4.16.0
2026-09-15T11:10:42.4271223Z  + typing-inspection==0.4.4
2026-09-15T11:10:42.4271631Z  + uvicorn==0.53.0
2026-09-15T11:10:42.4345637Z ##[group]Run sudo apt-get update
2026-09-15T11:10:42.4345979Z [36;1msudo apt-get update[0m
2026-09-15T11:10:42.4346608Z [36;1msudo apt-get install -y bubblewrap=0.11.1-1ubuntu0.1 apparmor=5.0.2-0ubuntu1~26.04.1 libapparmor1=5.0.2-0ubuntu1~26.04.1 libseccomp2=2.6.0-2ubuntu5[0m
2026-09-15T11:10:42.4347353Z [36;1mdpkg-query -W bubblewrap apparmor libapparmor1 libseccomp2[0m
2026-09-15T11:10:42.4347773Z [36;1mtest -f /etc/apparmor.d/bwrap-userns-restrict[0m
2026-09-15T11:10:42.4348085Z [36;1mbwrap --version[0m
2026-09-15T11:10:42.4406762Z shell: /usr/bin/bash -e {0}
2026-09-15T11:10:42.4407026Z env:
2026-09-15T11:10:42.4407294Z   pythonLocation: /opt/hostedtoolcache/Python/3.12.13/x64
2026-09-15T11:10:42.4407921Z   PKG_CONFIG_PATH: /opt/hostedtoolcache/Python/3.12.13/x64/lib/pkgconfig
2026-09-15T11:10:42.4408365Z   Python_ROOT_DIR: /opt/hostedtoolcache/Python/3.12.13/x64
2026-09-15T11:10:42.4408747Z   Python2_ROOT_DIR: /opt/hostedtoolcache/Python/3.12.13/x64
2026-09-15T11:10:42.4409163Z   Python3_ROOT_DIR: /opt/hostedtoolcache/Python/3.12.13/x64
2026-09-15T11:10:42.4409537Z   LD_LIBRARY_PATH: /opt/hostedtoolcache/Python/3.12.13/x64/lib
2026-09-15T11:10:42.4409850Z ##[endgroup]
2026-09-15T11:10:42.5895715Z Get:1 file:/etc/apt/apt-mirrors.txt Mirrorlist [144 B]
2026-09-15T11:10:42.6349989Z Hit:2 http://azure.archive.ubuntu.com/ubuntu resolute InRelease
2026-09-15T11:10:42.6351473Z Get:6 https://packages.microsoft.com/ubuntu/26.04/prod resolute InRelease [3964 B]
2026-09-15T11:10:42.6444661Z Get:3 http://azure.archive.ubuntu.com/ubuntu resolute-updates InRelease [137 kB]
2026-09-15T11:10:42.6554561Z Get:4 http://azure.archive.ubuntu.com/ubuntu resolute-backports InRelease [137 kB]
2026-09-15T11:10:42.6575384Z Get:7 https://dl.google.com/linux/chrome-stable/deb stable InRelease [2548 B]
2026-09-15T11:10:42.6719552Z Get:5 http://azure.archive.ubuntu.com/ubuntu resolute-security InRelease [137 kB]
2026-09-15T11:10:42.7121371Z Get:8 https://packages.microsoft.com/ubuntu/26.04/prod resolute/main amd64 Packages [59.9 kB]
2026-09-15T11:10:42.7283324Z Get:9 http://azure.archive.ubuntu.com/ubuntu resolute-updates/main amd64v3 Packages [610 kB]
2026-09-15T11:10:42.7293161Z Get:19 https://packages.microsoft.com/ubuntu/26.04/prod resolute/main arm64 Packages [52.1 kB]
2026-09-15T11:10:42.7348022Z Get:10 http://azure.archive.ubuntu.com/ubuntu resolute-updates/main Translation-en [145 kB]
2026-09-15T11:10:42.7363027Z Get:11 http://azure.archive.ubuntu.com/ubuntu resolute-updates/main amd64 Components [97.8 kB]
2026-09-15T11:10:42.7380622Z Get:12 http://azure.archive.ubuntu.com/ubuntu resolute-updates/universe amd64v3 Packages [293 kB]
2026-09-15T11:10:42.7415886Z Get:13 http://azure.archive.ubuntu.com/ubuntu resolute-updates/universe Translation-en [93.2 kB]
2026-09-15T11:10:42.7432233Z Get:14 http://azure.archive.ubuntu.com/ubuntu resolute-updates/universe amd64 Components [188 kB]
2026-09-15T11:10:42.7449323Z Get:15 http://azure.archive.ubuntu.com/ubuntu resolute-updates/restricted amd64v3 Packages [409 kB]
2026-09-15T11:10:42.7499675Z Get:16 http://azure.archive.ubuntu.com/ubuntu resolute-updates/restricted Translation-en [79.5 kB]
2026-09-15T11:10:42.7502617Z Get:17 http://azure.archive.ubuntu.com/ubuntu resolute-updates/multiverse amd64v3 Packages [11.6 kB]
2026-09-15T11:10:42.7515421Z Get:18 http://azure.archive.ubuntu.com/ubuntu resolute-updates/multiverse Translation-en [3036 B]
2026-09-15T11:10:42.7613172Z Get:21 https://dl.google.com/linux/chrome-stable/deb stable/main amd64 Packages [1415 B]
2026-09-15T11:10:42.8002447Z Get:20 http://azure.archive.ubuntu.com/ubuntu resolute-backports/universe amd64 Components [1056 B]
2026-09-15T11:10:42.8019109Z Get:22 http://azure.archive.ubuntu.com/ubuntu resolute-security/main amd64v3 Packages [474 kB]
2026-09-15T11:10:42.8061095Z Get:23 http://azure.archive.ubuntu.com/ubuntu resolute-security/main Translation-en [111 kB]
2026-09-15T11:10:42.8082590Z Get:24 http://azure.archive.ubuntu.com/ubuntu resolute-security/main amd64 Components [46.6 kB]
2026-09-15T11:10:42.8105546Z Get:25 http://azure.archive.ubuntu.com/ubuntu resolute-security/universe amd64v3 Packages [173 kB]
2026-09-15T11:10:42.8128863Z Get:26 http://azure.archive.ubuntu.com/ubuntu resolute-security/universe Translation-en [54.4 kB]
2026-09-15T11:10:42.8144928Z Get:27 http://azure.archive.ubuntu.com/ubuntu resolute-security/universe amd64 Components [43.4 kB]
2026-09-15T11:10:42.8161847Z Get:28 http://azure.archive.ubuntu.com/ubuntu resolute-security/restricted amd64v3 Packages [399 kB]
2026-09-15T11:10:42.8193740Z Get:29 http://azure.archive.ubuntu.com/ubuntu resolute-security/restricted Translation-en [77.7 kB]
2026-09-15T11:10:42.8215584Z Get:30 http://azure.archive.ubuntu.com/ubuntu resolute-security/multiverse amd64v3 Packages [10.9 kB]
2026-09-15T11:10:42.8223829Z Get:31 http://azure.archive.ubuntu.com/ubuntu resolute-security/multiverse Translation-en [2844 B]
2026-09-15T11:10:49.1251213Z Fetched 3855 kB in 0s (8613 kB/s)
2026-09-15T11:10:49.7641186Z Reading package lists...
2026-09-15T11:10:49.7988918Z Reading package lists...
2026-09-15T11:10:49.9512121Z Building dependency tree...
2026-09-15T11:10:49.9522258Z Reading state information...
2026-09-15T11:10:49.9909281Z bubblewrap is already the newest version (0.11.1-1ubuntu0.1).
2026-09-15T11:10:49.9909985Z bubblewrap set to manually installed.
2026-09-15T11:10:49.9910610Z apparmor is already the newest version (5.0.2-0ubuntu1~26.04.1).
2026-09-15T11:10:49.9911199Z apparmor set to manually installed.
2026-09-15T11:10:49.9911844Z libapparmor1 is already the newest version (5.0.2-0ubuntu1~26.04.1).
2026-09-15T11:10:49.9912455Z libapparmor1 set to manually installed.
2026-09-15T11:10:49.9913032Z libseccomp2 is already the newest version (2.6.0-2ubuntu5).
2026-09-15T11:10:49.9913638Z libseccomp2 set to manually installed.
2026-09-15T11:10:50.0517414Z Solving dependencies...
2026-09-15T11:10:50.1673462Z 0 upgraded, 0 newly installed, 0 to remove and 73 not upgraded.
2026-09-15T11:10:50.1987508Z apparmor	5.0.2-0ubuntu1~26.04.1
2026-09-15T11:10:50.1988079Z bubblewrap	0.11.1-1ubuntu0.1
2026-09-15T11:10:50.1988514Z libapparmor1:amd64	5.0.2-0ubuntu1~26.04.1
2026-09-15T11:10:50.1988940Z libseccomp2:amd64	2.6.0-2ubuntu5
2026-09-15T11:10:50.2412491Z bubblewrap 0.11.1
2026-09-15T11:10:50.2446468Z ##[group]Run npm ci --prefix apps/web
2026-09-15T11:10:50.2446820Z [36;1mnpm ci --prefix apps/web[0m
2026-09-15T11:10:50.2506020Z shell: /usr/bin/bash -e {0}
2026-09-15T11:10:50.2506270Z env:
2026-09-15T11:10:50.2506535Z   pythonLocation: /opt/hostedtoolcache/Python/3.12.13/x64
2026-09-15T11:10:50.2506987Z   PKG_CONFIG_PATH: /opt/hostedtoolcache/Python/3.12.13/x64/lib/pkgconfig
2026-09-15T11:10:50.2507423Z   Python_ROOT_DIR: /opt/hostedtoolcache/Python/3.12.13/x64
2026-09-15T11:10:50.2507810Z   Python2_ROOT_DIR: /opt/hostedtoolcache/Python/3.12.13/x64
2026-09-15T11:10:50.2508228Z   Python3_ROOT_DIR: /opt/hostedtoolcache/Python/3.12.13/x64
2026-09-15T11:10:50.2508626Z   LD_LIBRARY_PATH: /opt/hostedtoolcache/Python/3.12.13/x64/lib
2026-09-15T11:10:50.2508946Z ##[endgroup]
2026-09-15T11:10:56.9040457Z 
2026-09-15T11:10:56.9041206Z added 236 packages, and audited 237 packages in 7s
2026-09-15T11:10:56.9041701Z 
2026-09-15T11:10:56.9042003Z 118 packages are looking for funding
2026-09-15T11:10:56.9042645Z   run `npm fund` for details
2026-09-15T11:10:56.9055347Z 
2026-09-15T11:10:56.9055650Z found 0 vulnerabilities
2026-09-15T11:10:56.9573358Z ##[group]Run npm --prefix apps/web exec -- playwright install --with-deps chromium
2026-09-15T11:10:56.9574010Z [36;1mnpm --prefix apps/web exec -- playwright install --with-deps chromium[0m
2026-09-15T11:10:56.9656643Z shell: /usr/bin/bash -e {0}
2026-09-15T11:10:56.9657045Z env:
2026-09-15T11:10:56.9657473Z   pythonLocation: /opt/hostedtoolcache/Python/3.12.13/x64
2026-09-15T11:10:56.9658226Z   PKG_CONFIG_PATH: /opt/hostedtoolcache/Python/3.12.13/x64/lib/pkgconfig
2026-09-15T11:10:56.9658944Z   Python_ROOT_DIR: /opt/hostedtoolcache/Python/3.12.13/x64
2026-09-15T11:10:56.9659580Z   Python2_ROOT_DIR: /opt/hostedtoolcache/Python/3.12.13/x64
2026-09-15T11:10:56.9660227Z   Python3_ROOT_DIR: /opt/hostedtoolcache/Python/3.12.13/x64
2026-09-15T11:10:56.9660875Z   LD_LIBRARY_PATH: /opt/hostedtoolcache/Python/3.12.13/x64/lib
2026-09-15T11:10:56.9661411Z ##[endgroup]
2026-09-15T11:10:57.7550405Z Installing dependencies...
2026-09-15T11:10:57.7645486Z Switching to root user to install dependencies...
2026-09-15T11:10:57.8746062Z Get:1 file:/etc/apt/apt-mirrors.txt Mirrorlist [144 B]
2026-09-15T11:10:57.9200990Z Hit:2 http://azure.archive.ubuntu.com/ubuntu resolute InRelease
2026-09-15T11:10:57.9235478Z Hit:3 http://azure.archive.ubuntu.com/ubuntu resolute-updates InRelease
2026-09-15T11:10:57.9251329Z Hit:4 http://azure.archive.ubuntu.com/ubuntu resolute-backports InRelease
2026-09-15T11:10:57.9295373Z Hit:5 http://azure.archive.ubuntu.com/ubuntu resolute-security InRelease
2026-09-15T11:10:57.9315251Z Hit:6 https://dl.google.com/linux/chrome-stable/deb stable InRelease
2026-09-15T11:10:57.9496634Z Hit:7 https://packages.microsoft.com/ubuntu/26.04/prod resolute InRelease
2026-09-15T11:10:58.7969989Z Reading package lists...
2026-09-15T11:10:58.8227303Z Reading package lists...
2026-09-15T11:10:58.9807868Z Building dependency tree...
2026-09-15T11:10:58.9815238Z Reading state information...
2026-09-15T11:10:59.0167665Z libasound2t64 is already the newest version (1.2.15.3-1ubuntu1.1).
2026-09-15T11:10:59.0168648Z libasound2t64 set to manually installed.
2026-09-15T11:10:59.0169585Z libatk-bridge2.0-0t64 is already the newest version (2.60.4-0ubuntu0.1).
2026-09-15T11:10:59.0170521Z libatk-bridge2.0-0t64 set to manually installed.
2026-09-15T11:10:59.0171324Z libatk1.0-0t64 is already the newest version (2.60.4-0ubuntu0.1).
2026-09-15T11:10:59.0171852Z libatk1.0-0t64 set to manually installed.
2026-09-15T11:10:59.0172548Z libatspi2.0-0t64 is already the newest version (2.60.4-0ubuntu0.1).
2026-09-15T11:10:59.0173099Z libatspi2.0-0t64 set to manually installed.
2026-09-15T11:10:59.0173599Z libcairo2 is already the newest version (1.18.4-3).
2026-09-15T11:10:59.0174062Z libcairo2 set to manually installed.
2026-09-15T11:10:59.0175061Z libcups2t64 is already the newest version (2.4.16-1ubuntu1.3).
2026-09-15T11:10:59.0175592Z libcups2t64 set to manually installed.
2026-09-15T11:10:59.0176110Z libdbus-1-3 is already the newest version (1.16.2-2ubuntu4).
2026-09-15T11:10:59.0176613Z libdbus-1-3 set to manually installed.
2026-09-15T11:10:59.0177080Z libdrm2 is already the newest version (2.4.131-1).
2026-09-15T11:10:59.0177528Z libdrm2 set to manually installed.
2026-09-15T11:10:59.0178018Z libgbm1 is already the newest version (26.0.8-1ubuntu0.3).
2026-09-15T11:10:59.0178496Z libgbm1 set to manually installed.
2026-09-15T11:10:59.0178977Z libglib2.0-0t64 is already the newest version (2.88.0-1).
2026-09-15T11:10:59.0179479Z libglib2.0-0t64 set to manually installed.
2026-09-15T11:10:59.0180022Z libnspr4 is already the newest version (2:4.38.2-1ubuntu1).
2026-09-15T11:10:59.0180515Z libnspr4 set to manually installed.
2026-09-15T11:10:59.0181015Z libnss3 is already the newest version (2:3.120-1ubuntu2.1).
2026-09-15T11:10:59.0181493Z libnss3 set to manually installed.
2026-09-15T11:10:59.0181972Z libpango-1.0-0 is already the newest version (1.57.0-1).
2026-09-15T11:10:59.0182465Z libpango-1.0-0 set to manually installed.
2026-09-15T11:10:59.0182949Z libx11-6 is already the newest version (2:1.8.13-1).
2026-09-15T11:10:59.0183755Z libx11-6 set to manually installed.
2026-09-15T11:10:59.0184408Z libxcb1 is already the newest version (1.17.0-2ubuntu1).
2026-09-15T11:10:59.0184839Z libxcb1 set to manually installed.
2026-09-15T11:10:59.0185250Z libxcomposite1 is already the newest version (1:0.4.6-1build1).
2026-09-15T11:10:59.0185665Z libxcomposite1 set to manually installed.
2026-09-15T11:10:59.0186053Z libxdamage1 is already the newest version (1:1.1.7-1).
2026-09-15T11:10:59.0186405Z libxdamage1 set to manually installed.
2026-09-15T11:10:59.0186796Z libxext6 is already the newest version (2:1.3.4-1build3).
2026-09-15T11:10:59.0187150Z libxext6 set to manually installed.
2026-09-15T11:10:59.0187525Z libxfixes3 is already the newest version (1:6.0.0-2build2).
2026-09-15T11:10:59.0187902Z libxfixes3 set to manually installed.
2026-09-15T11:10:59.0188266Z libxkbcommon0 is already the newest version (1.13.1-1).
2026-09-15T11:10:59.0188636Z libxkbcommon0 set to manually installed.
2026-09-15T11:10:59.0189028Z libxrandr2 is already the newest version (2:1.5.4-1build1).
2026-09-15T11:10:59.0189396Z libxrandr2 set to manually installed.
2026-09-15T11:10:59.0189767Z xvfb is already the newest version (2:21.1.22-1ubuntu1).
2026-09-15T11:10:59.0190241Z fonts-noto-color-emoji is already the newest version (2.051-1build1).
2026-09-15T11:10:59.0190749Z libfontconfig1 is already the newest version (2.17.1-3ubuntu1).
2026-09-15T11:10:59.0191341Z libfontconfig1 set to manually installed.
2026-09-15T11:10:59.0191775Z libfreetype6 is already the newest version (2.14.2+dfsg-1ubuntu0.1).
2026-09-15T11:10:59.0192187Z libfreetype6 set to manually installed.
2026-09-15T11:10:59.0192621Z fonts-liberation is already the newest version (1:2.1.5-3build1).
2026-09-15T11:10:59.0193045Z fonts-liberation set to manually installed.
2026-09-15T11:10:59.0705533Z Solving dependencies...
2026-09-15T11:10:59.1563005Z The following additional packages will be installed:
2026-09-15T11:10:59.1563605Z   xfonts-encodings xfonts-utils
2026-09-15T11:10:59.1568268Z Recommended packages:
2026-09-15T11:10:59.1568637Z   fonts-ipafont-mincho fonts-tlwg-loma
2026-09-15T11:10:59.1789647Z The following NEW packages will be installed:
2026-09-15T11:10:59.1790260Z   fonts-freefont-ttf fonts-ipafont-gothic fonts-tlwg-loma-otf fonts-unifont
2026-09-15T11:10:59.1795665Z   fonts-wqy-zenhei xfonts-cyrillic xfonts-encodings xfonts-scalable
2026-09-15T11:10:59.1796145Z   xfonts-utils
2026-09-15T11:10:59.1998461Z 0 upgraded, 9 newly installed, 0 to remove and 73 not upgraded.
2026-09-15T11:10:59.1999203Z Need to get 21.9 MB of archives.
2026-09-15T11:10:59.1999942Z After this operation, 80.2 MB of additional disk space will be used.
2026-09-15T11:10:59.2000775Z Get:1 file:/etc/apt/apt-mirrors.txt Mirrorlist [144 B]
2026-09-15T11:10:59.2421810Z Get:2 http://azure.archive.ubuntu.com/ubuntu resolute/universe amd64v3 fonts-ipafont-gothic all 00303-23ubuntu1 [3703 kB]
2026-09-15T11:10:59.3094936Z Get:3 http://azure.archive.ubuntu.com/ubuntu resolute/main amd64v3 fonts-freefont-ttf all 20211204+svn4273-4build1 [5656 kB]
2026-09-15T11:10:59.3960501Z Get:4 http://azure.archive.ubuntu.com/ubuntu resolute/universe amd64v3 fonts-tlwg-loma-otf all 1:0.7.3-1build1 [106 kB]
2026-09-15T11:10:59.4185293Z Get:5 http://azure.archive.ubuntu.com/ubuntu resolute/universe amd64v3 fonts-unifont all 1:16.0.04-1build1 [3169 kB]
2026-09-15T11:10:59.4713066Z Get:6 http://azure.archive.ubuntu.com/ubuntu resolute/universe amd64v3 fonts-wqy-zenhei all 0.9.45-8build1 [7863 kB]
2026-09-15T11:10:59.5768514Z Get:7 http://azure.archive.ubuntu.com/ubuntu resolute/main amd64v3 xfonts-encodings all 1:1.0.5-0ubuntu3 [576 kB]
2026-09-15T11:10:59.6111580Z Get:8 http://azure.archive.ubuntu.com/ubuntu resolute/main amd64v3 xfonts-utils amd64 1:7.7+7build1 [97.3 kB]
2026-09-15T11:10:59.6372403Z Get:9 http://azure.archive.ubuntu.com/ubuntu resolute/universe amd64v3 xfonts-cyrillic all 1:1.0.5+nmu1build1 [384 kB]
2026-09-15T11:10:59.6655091Z Get:10 http://azure.archive.ubuntu.com/ubuntu resolute/universe amd64v3 xfonts-scalable all 1:1.0.3-1.3build1 [304 kB]
2026-09-15T11:11:00.5241573Z Fetched 21.9 MB in 0s (45.4 MB/s)
2026-09-15T11:11:00.5638028Z Selecting previously unselected package fonts-ipafont-gothic.
2026-09-15T11:11:00.6233890Z (Reading database ... 
2026-09-15T11:11:00.6234861Z (Reading database ... 5%
2026-09-15T11:11:00.6235307Z (Reading database ... 10%
2026-09-15T11:11:00.6235737Z (Reading database ... 15%
2026-09-15T11:11:00.6236079Z (Reading database ... 20%
2026-09-15T11:11:00.6236324Z (Reading database ... 25%
2026-09-15T11:11:00.6236560Z (Reading database ... 30%
2026-09-15T11:11:00.6236802Z (Reading database ... 35%
2026-09-15T11:11:00.6237036Z (Reading database ... 40%
2026-09-15T11:11:00.6237271Z (Reading database ... 45%
2026-09-15T11:11:00.6237512Z (Reading database ... 50%
2026-09-15T11:11:01.0039576Z (Reading database ... 55%
2026-09-15T11:11:01.4401810Z (Reading database ... 60%
2026-09-15T11:11:01.8241723Z (Reading database ... 65%
2026-09-15T11:11:02.1042232Z (Reading database ... 70%
2026-09-15T11:11:02.3993156Z (Reading database ... 75%
2026-09-15T11:11:02.7682541Z (Reading database ... 80%
2026-09-15T11:11:03.4343963Z (Reading database ... 85%
2026-09-15T11:11:04.1073920Z (Reading database ... 90%
2026-09-15T11:11:04.8267080Z (Reading database ... 95%
2026-09-15T11:11:04.8267752Z (Reading database ... 100%
2026-09-15T11:11:04.8268714Z (Reading database ... 209256 files and directories currently installed.)
2026-09-15T11:11:04.8309297Z Preparing to unpack .../0-fonts-ipafont-gothic_00303-23ubuntu1_all.deb ...
2026-09-15T11:11:04.8409133Z Unpacking fonts-ipafont-gothic (00303-23ubuntu1) ...
2026-09-15T11:11:04.9302871Z Selecting previously unselected package fonts-freefont-ttf.
2026-09-15T11:11:04.9439306Z Preparing to unpack .../1-fonts-freefont-ttf_20211204+svn4273-4build1_all.deb ...
2026-09-15T11:11:04.9447455Z Unpacking fonts-freefont-ttf (20211204+svn4273-4build1) ...
2026-09-15T11:11:05.0366529Z Selecting previously unselected package fonts-tlwg-loma-otf.
2026-09-15T11:11:05.0500133Z Preparing to unpack .../2-fonts-tlwg-loma-otf_1%3a0.7.3-1build1_all.deb ...
2026-09-15T11:11:05.0507392Z Unpacking fonts-tlwg-loma-otf (1:0.7.3-1build1) ...
2026-09-15T11:11:05.0793929Z Selecting previously unselected package fonts-unifont.
2026-09-15T11:11:05.0928928Z Preparing to unpack .../3-fonts-unifont_1%3a16.0.04-1build1_all.deb ...
2026-09-15T11:11:05.0936937Z Unpacking fonts-unifont (1:16.0.04-1build1) ...
2026-09-15T11:11:05.2012007Z Selecting previously unselected package fonts-wqy-zenhei.
2026-09-15T11:11:05.2147353Z Preparing to unpack .../4-fonts-wqy-zenhei_0.9.45-8build1_all.deb ...
2026-09-15T11:11:05.2335112Z Unpacking fonts-wqy-zenhei (0.9.45-8build1) ...
2026-09-15T11:11:05.3382527Z Selecting previously unselected package xfonts-encodings.
2026-09-15T11:11:05.3516723Z Preparing to unpack .../5-xfonts-encodings_1%3a1.0.5-0ubuntu3_all.deb ...
2026-09-15T11:11:05.3529444Z Unpacking xfonts-encodings (1:1.0.5-0ubuntu3) ...
2026-09-15T11:11:05.3830889Z Selecting previously unselected package xfonts-utils.
2026-09-15T11:11:05.3966850Z Preparing to unpack .../6-xfonts-utils_1%3a7.7+7build1_amd64v3.deb ...
2026-09-15T11:11:05.3975204Z Unpacking xfonts-utils (1:7.7+7build1) ...
2026-09-15T11:11:05.4767496Z Selecting previously unselected package xfonts-cyrillic.
2026-09-15T11:11:05.4901357Z Preparing to unpack .../7-xfonts-cyrillic_1%3a1.0.5+nmu1build1_all.deb ...
2026-09-15T11:11:05.4909888Z Unpacking xfonts-cyrillic (1:1.0.5+nmu1build1) ...
2026-09-15T11:11:05.5258840Z Selecting previously unselected package xfonts-scalable.
2026-09-15T11:11:05.5394760Z Preparing to unpack .../8-xfonts-scalable_1%3a1.0.3-1.3build1_all.deb ...
2026-09-15T11:11:05.5402485Z Unpacking xfonts-scalable (1:1.0.3-1.3build1) ...
2026-09-15T11:11:05.5827443Z Setting up fonts-wqy-zenhei (0.9.45-8build1) ...
2026-09-15T11:11:05.5984691Z Setting up fonts-freefont-ttf (20211204+svn4273-4build1) ...
2026-09-15T11:11:05.6002678Z Setting up fonts-tlwg-loma-otf (1:0.7.3-1build1) ...
2026-09-15T11:11:05.6022137Z Setting up xfonts-encodings (1:1.0.5-0ubuntu3) ...
2026-09-15T11:11:05.6041190Z Setting up fonts-ipafont-gothic (00303-23ubuntu1) ...
2026-09-15T11:11:05.6119294Z update-alternatives: using /usr/share/fonts/opentype/ipafont-gothic/ipag.ttf to provide /usr/share/fonts/truetype/fonts-japanese-gothic.ttf (fonts-japanese-gothic.ttf) in auto mode
2026-09-15T11:11:05.6136020Z Setting up fonts-unifont (1:16.0.04-1build1) ...
2026-09-15T11:11:05.6155690Z Setting up xfonts-utils (1:7.7+7build1) ...
2026-09-15T11:11:05.6209747Z Setting up xfonts-cyrillic (1:1.0.5+nmu1build1) ...
2026-09-15T11:11:05.6989429Z Setting up xfonts-scalable (1:1.0.3-1.3build1) ...
2026-09-15T11:11:05.7399538Z Processing triggers for man-db (2.13.1-1build1) ...
2026-09-15T11:11:05.7422562Z Not building database; man-db/auto-update is not 'true'.
2026-09-15T11:11:05.7435369Z Processing triggers for fontconfig (2.17.1-3ubuntu1) ...
2026-09-15T11:11:07.1002421Z 
2026-09-15T11:11:07.1003841Z Running kernel seems to be up-to-date.
2026-09-15T11:11:07.1004868Z 
2026-09-15T11:11:07.1005133Z Restarting services...
2026-09-15T11:11:07.1097161Z 
2026-09-15T11:11:07.1097764Z Service restarts being deferred:
2026-09-15T11:11:07.1102029Z  systemctl restart hosted-compute-agent.service
2026-09-15T11:11:07.1113292Z 
2026-09-15T11:11:07.1113723Z No containers need to be restarted.
2026-09-15T11:11:07.1114066Z 
2026-09-15T11:11:07.1114589Z No user sessions are running outdated binaries.
2026-09-15T11:11:07.1115416Z 
2026-09-15T11:11:07.1115919Z No VM guests are running outdated hypervisor (qemu) binaries on this host.
2026-09-15T11:11:08.0002307Z Downloading Chrome for Testing 153.0.8010.12 (playwright chromium v1243) from https://cdn.playwright.dev/builds/cft/153.0.8010.12/linux64/chrome-linux64.zip
2026-09-15T11:11:08.4025378Z |                                                                                |   0% of 186.8 MiB
2026-09-15T11:11:08.5690309Z |■■■■■■■■                                                                        |  10% of 186.8 MiB
2026-09-15T11:11:08.6983124Z |■■■■■■■■■■■■■■■■                                                                |  20% of 186.8 MiB
2026-09-15T11:11:08.9508662Z |■■■■■■■■■■■■■■■■■■■■■■■■                                                        |  30% of 186.8 MiB
2026-09-15T11:11:09.1039424Z |■■■■■■■■■■■■■■■■■■■■■■■■■■■■■■■■                                                |  40% of 186.8 MiB
2026-09-15T11:11:09.2270474Z |■■■■■■■■■■■■■■■■■■■■■■■■■■■■■■■■■■■■■■■■                                        |  50% of 186.8 MiB
2026-09-15T11:11:09.3990907Z |■■■■■■■■■■■■■■■■■■■■■■■■■■■■■■■■■■■■■■■■■■■■■■■■                                |  60% of 186.8 MiB
2026-09-15T11:11:09.5475919Z |■■■■■■■■■■■■■■■■■■■■■■■■■■■■■■■■■■■■■■■■■■■■■■■■■■■■■■■■                        |  70% of 186.8 MiB
2026-09-15T11:11:09.6915928Z |■■■■■■■■■■■■■■■■■■■■■■■■■■■■■■■■■■■■■■■■■■■■■■■■■■■■■■■■■■■■■■■■                |  80% of 186.8 MiB
2026-09-15T11:11:09.8213878Z |■■■■■■■■■■■■■■■■■■■■■■■■■■■■■■■■■■■■■■■■■■■■■■■■■■■■■■■■■■■■■■■■■■■■■■■■        |  90% of 186.8 MiB
2026-09-15T11:11:09.9598735Z |■■■■■■■■■■■■■■■■■■■■■■■■■■■■■■■■■■■■■■■■■■■■■■■■■■■■■■■■■■■■■■■■■■■■■■■■■■■■■■■■| 100% of 186.8 MiB
2026-09-15T11:11:12.8261724Z Chrome for Testing 153.0.8010.12 (playwright chromium v1243) downloaded to <github-runner-home>/.cache/ms-playwright/chromium-1243
2026-09-15T11:11:12.8265160Z Downloading FFmpeg (playwright ffmpeg v1011) from https://cdn.playwright.dev/dbazure/download/playwright/builds/ffmpeg/1011/ffmpeg-linux.zip
2026-09-15T11:11:13.1941082Z |                                                                                |   0% of 2.3 MiB
2026-09-15T11:11:13.1999946Z |■■■■■■■■                                                                        |  10% of 2.3 MiB
2026-09-15T11:11:13.2025946Z |■■■■■■■■■■■■■■■■                                                                |  20% of 2.3 MiB
2026-09-15T11:11:13.2046853Z |■■■■■■■■■■■■■■■■■■■■■■■■                                                        |  30% of 2.3 MiB
2026-09-15T11:11:13.2059045Z |■■■■■■■■■■■■■■■■■■■■■■■■■■■■■■■■                                                |  40% of 2.3 MiB
2026-09-15T11:11:13.2070786Z |■■■■■■■■■■■■■■■■■■■■■■■■■■■■■■■■■■■■■■■■                                        |  50% of 2.3 MiB
2026-09-15T11:11:13.2085027Z |■■■■■■■■■■■■■■■■■■■■■■■■■■■■■■■■■■■■■■■■■■■■■■■■                                |  60% of 2.3 MiB
2026-09-15T11:11:13.2097617Z |■■■■■■■■■■■■■■■■■■■■■■■■■■■■■■■■■■■■■■■■■■■■■■■■■■■■■■■■                        |  70% of 2.3 MiB
2026-09-15T11:11:13.2112482Z |■■■■■■■■■■■■■■■■■■■■■■■■■■■■■■■■■■■■■■■■■■■■■■■■■■■■■■■■■■■■■■■■                |  80% of 2.3 MiB
2026-09-15T11:11:13.2123396Z |■■■■■■■■■■■■■■■■■■■■■■■■■■■■■■■■■■■■■■■■■■■■■■■■■■■■■■■■■■■■■■■■■■■■■■■■        |  90% of 2.3 MiB
2026-09-15T11:11:13.2136756Z |■■■■■■■■■■■■■■■■■■■■■■■■■■■■■■■■■■■■■■■■■■■■■■■■■■■■■■■■■■■■■■■■■■■■■■■■■■■■■■■■| 100% of 2.3 MiB
2026-09-15T11:11:13.2710911Z FFmpeg (playwright ffmpeg v1011) downloaded to <github-runner-home>/.cache/ms-playwright/ffmpeg-1011
2026-09-15T11:11:13.2713629Z Downloading Chrome Headless Shell 153.0.8010.12 (playwright chromium-headless-shell v1243) from https://cdn.playwright.dev/builds/cft/153.0.8010.12/linux64/chrome-headless-shell-linux64.zip
2026-09-15T11:11:13.6820746Z |                                                                                |   0% of 114.3 MiB
2026-09-15T11:11:13.8300125Z |■■■■■■■■                                                                        |  10% of 114.3 MiB
2026-09-15T11:11:13.8996042Z |■■■■■■■■■■■■■■■■                                                                |  20% of 114.3 MiB
2026-09-15T11:11:13.9666983Z |■■■■■■■■■■■■■■■■■■■■■■■■                                                        |  30% of 114.3 MiB
2026-09-15T11:11:14.0273890Z |■■■■■■■■■■■■■■■■■■■■■■■■■■■■■■■■                                                |  40% of 114.3 MiB
2026-09-15T11:11:14.0866174Z |■■■■■■■■■■■■■■■■■■■■■■■■■■■■■■■■■■■■■■■■                                        |  50% of 114.3 MiB
2026-09-15T11:11:14.1483487Z |■■■■■■■■■■■■■■■■■■■■■■■■■■■■■■■■■■■■■■■■■■■■■■■■                                |  60% of 114.3 MiB
2026-09-15T11:11:14.2203476Z |■■■■■■■■■■■■■■■■■■■■■■■■■■■■■■■■■■■■■■■■■■■■■■■■■■■■■■■■                        |  70% of 114.3 MiB
2026-09-15T11:11:14.2580291Z |■■■■■■■■■■■■■■■■■■■■■■■■■■■■■■■■■■■■■■■■■■■■■■■■■■■■■■■■■■■■■■■■                |  80% of 114.3 MiB
2026-09-15T11:11:14.3209687Z |■■■■■■■■■■■■■■■■■■■■■■■■■■■■■■■■■■■■■■■■■■■■■■■■■■■■■■■■■■■■■■■■■■■■■■■■        |  90% of 114.3 MiB
2026-09-15T11:11:14.3889966Z |■■■■■■■■■■■■■■■■■■■■■■■■■■■■■■■■■■■■■■■■■■■■■■■■■■■■■■■■■■■■■■■■■■■■■■■■■■■■■■■■| 100% of 114.3 MiB
2026-09-15T11:11:16.4904552Z Chrome Headless Shell 153.0.8010.12 (playwright chromium-headless-shell v1243) downloaded to <github-runner-home>/.cache/ms-playwright/chromium_headless_shell-1243
2026-09-15T11:11:16.5228719Z ##[group]Run make build
2026-09-15T11:11:16.5229012Z [36;1mmake build[0m
2026-09-15T11:11:16.5287334Z shell: /usr/bin/bash -e {0}
2026-09-15T11:11:16.5287597Z env:
2026-09-15T11:11:16.5287870Z   pythonLocation: /opt/hostedtoolcache/Python/3.12.13/x64
2026-09-15T11:11:16.5288327Z   PKG_CONFIG_PATH: /opt/hostedtoolcache/Python/3.12.13/x64/lib/pkgconfig
2026-09-15T11:11:16.5288784Z   Python_ROOT_DIR: /opt/hostedtoolcache/Python/3.12.13/x64
2026-09-15T11:11:16.5289172Z   Python2_ROOT_DIR: /opt/hostedtoolcache/Python/3.12.13/x64
2026-09-15T11:11:16.5289554Z   Python3_ROOT_DIR: /opt/hostedtoolcache/Python/3.12.13/x64
2026-09-15T11:11:16.5289949Z   LD_LIBRARY_PATH: /opt/hostedtoolcache/Python/3.12.13/x64/lib
2026-09-15T11:11:16.5290453Z ##[endgroup]
2026-09-15T11:11:16.5596054Z bash scripts/node.sh npm --prefix apps/web run build
2026-09-15T11:11:16.6649531Z 
2026-09-15T11:11:16.6650216Z > @learning-workbench/web@0.1.0 build
2026-09-15T11:11:16.6650880Z > tsc --noEmit && vite build
2026-09-15T11:11:16.6651273Z 
2026-09-15T11:11:18.0013476Z [36mvite v8.3.0 [32mbuilding client environment for production...[36m[39m
2026-09-15T11:11:18.0119576Z transforming...
2026-09-15T11:11:18.2070227Z ✓ 717 modules transformed.
2026-09-15T11:11:18.2998493Z rendering chunks...
2026-09-15T11:11:18.4319367Z computing gzip size...
2026-09-15T11:11:18.4767562Z dist/index.html                       0.41 kB │ gzip:     0.32 kB
2026-09-15T11:11:18.4768213Z dist/assets/index-iEAos8Rd.css       38.42 kB │ gzip:     8.15 kB
2026-09-15T11:11:18.4768795Z dist/assets/index-DCAsqs96.js     1,060.17 kB │ gzip:   240.42 kB
2026-09-15T11:11:18.4769347Z dist/assets/Markdown-DEP4zvoC.js  2,939.32 kB │ gzip: 1,098.70 kB
2026-09-15T11:11:18.4769642Z 
2026-09-15T11:11:18.4772930Z [32m✓ built in 475ms[39m
2026-09-15T11:11:18.4781021Z [33m[plugin builtin:vite-reporter] 
2026-09-15T11:11:18.4781508Z (!) Some chunks are larger than 500 kB after minification. Consider:
2026-09-15T11:11:18.4782015Z - Using dynamic import() to code-split the application
2026-09-15T11:11:18.4782829Z - Use build.rolldownOptions.output.codeSplitting to improve chunking: https://rolldown.rs/reference/OutputOptions.codeSplitting
2026-09-15T11:11:18.4783719Z - Adjust chunk size limit for this warning via build.chunkSizeWarningLimit.[39m
2026-09-15T11:11:18.5064967Z ##[group]Run make test-e2e
2026-09-15T11:11:18.5065295Z [36;1mmake test-e2e[0m
2026-09-15T11:11:18.5121750Z shell: /usr/bin/bash -e {0}
2026-09-15T11:11:18.5121997Z env:
2026-09-15T11:11:18.5122260Z   pythonLocation: /opt/hostedtoolcache/Python/3.12.13/x64
2026-09-15T11:11:18.5122713Z   PKG_CONFIG_PATH: /opt/hostedtoolcache/Python/3.12.13/x64/lib/pkgconfig
2026-09-15T11:11:18.5123147Z   Python_ROOT_DIR: /opt/hostedtoolcache/Python/3.12.13/x64
2026-09-15T11:11:18.5123543Z   Python2_ROOT_DIR: /opt/hostedtoolcache/Python/3.12.13/x64
2026-09-15T11:11:18.5123917Z   Python3_ROOT_DIR: /opt/hostedtoolcache/Python/3.12.13/x64
2026-09-15T11:11:18.5124560Z   LD_LIBRARY_PATH: /opt/hostedtoolcache/Python/3.12.13/x64/lib
2026-09-15T11:11:18.5125034Z   LEARNING_E2E_OUTPUT_DIR: <github-runner-home>/work/_temp/learning-workbench-e2e-results
2026-09-15T11:11:18.5125430Z ##[endgroup]
2026-09-15T11:11:18.5215563Z bash scripts/node.sh npm --prefix apps/web run test:e2e
2026-09-15T11:11:18.6272932Z 
2026-09-15T11:11:18.6273811Z > @learning-workbench/web@0.1.0 test:e2e
2026-09-15T11:11:18.6274767Z > playwright test --config ../../tests/e2e/playwright.config.ts
2026-09-15T11:11:18.6275111Z 
2026-09-15T11:11:21.4469644Z [WebServer] INFO:     Started server process [3226]
2026-09-15T11:11:21.4470584Z [WebServer] INFO:     Waiting for application startup.
2026-09-15T11:11:21.5667334Z [WebServer] INFO:     Application startup complete.
2026-09-15T11:11:21.5668781Z [WebServer] INFO:     Uvicorn running on http://127.0.0.1:8765 (Press CTRL+C to quit)
2026-09-15T11:11:23.2455487Z 
2026-09-15T11:11:23.2456496Z Running 88 tests using 1 worker
2026-09-15T11:11:23.2456863Z 
2026-09-15T11:11:49.1163422Z   ✓   1 ../../tests/e2e/assessment-restart.spec.ts:43:1 › same assessment instance rejects forged course and assessment hashes while its independent policy remains active (25.4s)
2026-09-15T11:12:08.8647480Z   ✓   2 ../../tests/e2e/assessment-restart.spec.ts:112:1 › actual browser and API restarts retain independent drafts and keep old solution receipts protected after submission (19.7s)
2026-09-15T11:12:19.4439649Z   ✓   3 ../../tests/e2e/assessments.spec.ts:41:1 › real unreviewed independent assessment saves five types and submits without fabricated grades or answer calls (10.6s)
2026-09-15T11:12:31.8735431Z   ✓   4 ../../tests/e2e/assessments.spec.ts:90:1 › open-book and assisted freeze actual policies; explicit abandon retains saved answers and yields no score (12.4s)
2026-09-15T11:12:44.8676858Z   ✓   5 ../../tests/e2e/assessments.spec.ts:109:1 › two profiles retain a real server CAS conflict with three-way comparison and reject forged same-identity parent (12.8s)
2026-09-15T11:12:51.5740100Z   ✓   6 ../../tests/e2e/assessments.spec.ts:138:1 › missing private binding visibly blocks start instead of fabricating a usable test (6.7s)
2026-09-15T11:13:07.4291023Z   ✓   7 ../../tests/e2e/assessments.spec.ts:145:1 › two pages preserve independent local CAS candidates; a later submitted snapshot never accepts restored edits (15.8s)
2026-09-15T11:13:19.9993258Z   ✓   8 ../../tests/e2e/assessments.spec.ts:251:1 › late redacted Workbench save uses its original ETag and retains hidden selection after explicit three-way choice (12.6s)
2026-09-15T11:13:31.1334892Z   ✓   9 ../../tests/e2e/assessments.spec.ts:295:1 › a genuine solution response held in flight cannot appear after another page starts an open-book assessment (11.1s)
2026-09-15T11:13:38.0337323Z 
2026-09-15T11:13:38.0364010Z   ✓  10 ../../tests/e2e/document-imports.spec.ts:87:1 › real two-page PDF keeps exact page citations, guarded original bytes and explicit fidelity approval (6.9s)
2026-09-15T11:13:43.5625838Z 
2026-09-15T11:13:43.5686776Z   ✓  11 ../../tests/e2e/document-imports.spec.ts:127:1 › real DOCX safe text stays readable for learner while original bytes require an explicit author role (5.5s)
2026-09-15T11:13:49.4236385Z 
2026-09-15T11:13:49.4267952Z   ✓  12 ../../tests/e2e/document-imports.spec.ts:202:1 › a real scanned PDF fails without invented text or OCR and its local original is checked explicitly after reload (5.8s)
2026-09-15T11:13:54.8625316Z 
2026-09-15T11:13:54.8650312Z   ✓  13 ../../tests/e2e/document-imports.spec.ts:236:3 › real encrypted.pdf extraction failure remains blocked and preserves its original hash (5.4s)
2026-09-15T11:13:58.4125410Z 
2026-09-15T11:13:58.4131841Z   ✓  14 ../../tests/e2e/document-imports.spec.ts:236:3 › real malformed.docx extraction failure remains blocked and preserves its original hash (3.5s)
2026-09-15T11:14:10.4267536Z   ✓  15 ../../tests/e2e/grading-recovery.spec.ts:57:1 › a real failed regrade survives reload and can recover from the last actual grade without losing the old submission (12.0s)
2026-09-15T11:14:27.4073923Z   ✓  16 ../../tests/e2e/grading-restart.spec.ts:50:1 › real browser and API restarts preserve the submitted answers, signed review and both grading revisions (17.0s)
2026-09-15T11:14:43.5559422Z   ✓  17 ../../tests/e2e/grading.spec.ts:34:1 › unreviewed original content stays null until an explicit author form creates a signed new grade without altering its reference approval (16.1s)
2026-09-15T11:14:59.2560330Z   ✓  18 ../../tests/e2e/grading.spec.ts:66:1 › two browser profiles keep a stale manual-review baseline through an actual 412 before explicit three-way rebase (15.7s)
2026-09-15T11:15:11.6126977Z   ✓  19 ../../tests/e2e/grading.spec.ts:81:1 › a failed manual request preserves its durable exact command and editable author draft after browser reload (12.3s)
2026-09-15T11:15:22.3013283Z   ✓  20 ../../tests/e2e/imports-policy.spec.ts:11:1 › an open author import retains its task across independent start and submit but rechecks pending-answer protection before restoring content (10.7s)
2026-09-15T11:15:28.5953465Z   ✓  21 ../../tests/e2e/imports-policy.spec.ts:61:1 › a reselected failed original survives a role-policy pause in memory while decoded text must be checked again (6.3s)
2026-09-15T11:15:34.1696856Z   ✓  22 ../../tests/e2e/imports.spec.ts:111:1 › real Markdown upload stays staged, previews and downloads exact bytes, restores and commits exact course refs (5.5s)
2026-09-15T11:15:38.1627016Z   ✓  23 ../../tests/e2e/imports.spec.ts:190:1 › safe HTML warning requires explicit acceptance and native cancel leaves courses untouched (4.0s)
2026-09-15T11:15:44.1586980Z   ✓  24 ../../tests/e2e/imports.spec.ts:218:1 › UTF-8 text can target a real existing course and creates a newer exact revision (6.0s)
2026-09-15T11:15:47.9707073Z   ✓  25 ../../tests/e2e/imports.spec.ts:234:1 › upload request failure keeps the selected file; preview failure keeps the recovery ID and explicit retry works (3.8s)
2026-09-15T11:15:53.0790715Z 
2026-09-15T11:15:53.0826716Z   ✓  26 ../../tests/e2e/imports.spec.ts:254:1 › author package requires explicit role change and clears the private preview after returning to learner (5.1s)
2026-09-15T11:15:56.7256672Z   ✓  27 ../../tests/e2e/imports.spec.ts:290:1 › a real invalid UTF-8 parse shows a blocking error and cannot be confirmed (3.6s)
2026-09-15T11:16:03.3048121Z 
2026-09-15T11:16:03.3050468Z   ✓  28 ../../tests/e2e/imports.spec.ts:311:1 › local encoding choice preserves the failed original and creates a separately confirmed UTF-8 import (6.6s)
2026-09-15T11:16:08.6480611Z 
2026-09-15T11:16:08.6491907Z   ✓  29 ../../tests/e2e/imports.spec.ts:379:1 › deferred author preview and original responses cannot restore content after the role is lowered (5.3s)
2026-09-15T11:16:24.7749380Z   ✓  30 ../../tests/e2e/learning-state-restart.spec.ts:47:1 › actual browser and API restarts preserve profile candidates, exact route overrides and original reading sources (16.1s)
2026-09-15T11:16:32.1811278Z   ✓  31 ../../tests/e2e/learning-state.spec.ts:12:1 › real self-report persists a lost-ACK command once and never creates independent evidence (7.4s)
2026-09-15T11:16:43.0729225Z   ✓  32 ../../tests/e2e/learning-state.spec.ts:30:1 › actual unreviewed submission stays excluded and its precise sources disappear when another page starts independent work (10.9s)
2026-09-15T11:16:47.8489188Z   ✓  33 ../../tests/e2e/learning-state.spec.ts:45:1 › a quota-failed profile remains mounted when a global command tries to leave it (4.8s)
2026-09-15T11:16:55.6312885Z   ✓  34 ../../tests/e2e/notes-lifecycle.spec.ts:32:1 › a concurrent note move to another block remains recoverable by stable note ID after a real 412 (7.8s)
2026-09-15T11:17:03.5141176Z   ✓  35 ../../tests/e2e/notes-lifecycle.spec.ts:64:1 › soft deleting a server note preserves its unsynced local continuation for explicit recovery (7.9s)
2026-09-15T11:17:12.6000098Z   ✓  36 ../../tests/e2e/practice-restart.spec.ts:20:1 › same practice tab identity rejects changed frozen parent or child hashes and preserves the original session (9.1s)
2026-09-15T11:17:26.9988197Z   ✓  37 ../../tests/e2e/practice-restart.spec.ts:66:1 › actual browser close and API restart retain practice identity, exposure and an unsynced local response (14.4s)
2026-09-15T11:17:37.1127006Z   ✓  38 ../../tests/e2e/practice.spec.ts:26:1 › five real question kinds save and refresh; hints and solutions require explicit exposure; submit is ungraded (10.1s)
2026-09-15T11:17:49.3767354Z   ✓  39 ../../tests/e2e/practice.spec.ts:87:1 › offline recovery keeps the local candidate when session GET was also unavailable and reconnect compares its base (12.3s)
2026-09-15T11:18:01.4788010Z   ✓  40 ../../tests/e2e/practice.spec.ts:113:1 › two real browser profiles produce a server CAS conflict with base local and remote before explicit choice (12.1s)
2026-09-15T11:18:10.5170438Z   ✓  41 ../../tests/e2e/practice.spec.ts:138:1 › missing private solution fails closed and a forged same-identity parent never replaces the existing practice tab (9.0s)
2026-09-15T11:18:26.5168137Z   ✓  42 ../../tests/e2e/practice.spec.ts:159:1 › two pages keep their durable local candidates and closing an unsynced practice requires explicit retention (16.0s)
2026-09-15T11:18:32.5485832Z   ✓  43 ../../tests/e2e/provider-settings.spec.ts:53:1 › real settings persist control configuration and temporary secrets without claiming production generation (6.0s)
2026-09-15T11:18:41.1683041Z   ✓  44 ../../tests/e2e/provider-settings.spec.ts:84:1 › real config lost ACK restores the original command after browser/API restart and reads later current state separately (8.6s)
2026-09-15T11:18:49.5307357Z   ✓  45 ../../tests/e2e/provider-settings.spec.ts:112:1 › actual independent assessment policy keeps settings controls available and denies subject consent reads (8.4s)
2026-09-15T11:18:54.3479547Z   ✓  46 ../../tests/e2e/provider-settings.spec.ts:142:41 › secret controls use an actual newer readback while the parent refresh is held; peer change false (4.8s)
2026-09-15T11:18:59.2412302Z   ✓  47 ../../tests/e2e/provider-settings.spec.ts:142:41 › secret controls use an actual newer readback while the parent refresh is held; peer change true (4.9s)
2026-09-15T11:19:11.6844041Z   ✓  48 ../../tests/e2e/reader-conflict-layout.spec.ts:97:1 › real session conflict preserves the scrolled submitted explanation and requires an explicit comparison choice (12.4s)
2026-09-15T11:19:20.9388259Z   ✓  49 ../../tests/e2e/reader-conflict-layout.spec.ts:178:1 › real session conflict keeps the same enabled assessment input focused and visible in the shortened reader (9.2s)
2026-09-15T11:19:34.0100913Z   ✓  50 ../../tests/e2e/reader-restart.spec.ts:13:1 › actual browser close and API process restart retain imported references, notes, progress and Reader position (13.1s)
2026-09-15T11:19:43.3529656Z   ✓  51 ../../tests/e2e/reader.spec.ts:33:1 › real imported directory, title search, worked-example link, long formula and frozen original download (9.3s)
2026-09-15T11:19:51.5908726Z   ✓  52 ../../tests/e2e/reader.spec.ts:67:1 › second repeated rendered selection preserves exact source codepoints, saves note, edits and soft deletes (8.2s)
2026-09-15T11:19:58.7823694Z   ✓  53 ../../tests/e2e/reader.spec.ts:98:1 › native source keyboard selection creates exact Markdown codepoints without rendered-text guessing (7.2s)
2026-09-15T11:20:10.4969280Z   ✓  54 ../../tests/e2e/reader.spec.ts:123:1 › offline local note recovery and a real concurrent server revision show three-way comparison before CAS save (11.7s)
2026-09-15T11:20:20.8403916Z   ✘  55 ../../tests/e2e/reader.spec.ts:171:1 › historical course revisions stay in separate exact tabs and hash-mismatched links preserve unresolved reference (10.2s)
2026-09-15T11:20:36.8276865Z 
2026-09-15T11:20:36.8387199Z   ✓  56 ../../tests/e2e/reader.spec.ts:209:1 › a private original authorized before a cross-profile role decrease cannot trigger a late browser download (15.3s)
2026-09-15T11:20:49.3995428Z   ✓  57 ../../tests/e2e/recommendations.spec.ts:56:1 › real recommendation decisions recover a lost ACK across browser and API restart without rewriting later decisions or learning facts (12.5s)
2026-09-15T11:21:00.8725939Z   ✓  58 ../../tests/e2e/recommendations.spec.ts:90:1 › real local suggestions cover another imported textbook and open its complete original refs independently of acceptance (11.5s)
2026-09-15T11:21:11.3605597Z   ✓  59 ../../tests/e2e/recommendations.spec.ts:110:1 › real offline and stale decision candidates require explicit 412 correction and current independent policy hides delayed subject sources (10.5s)
2026-09-15T11:21:19.8827776Z   ✓  60 ../../tests/e2e/recommendations.spec.ts:151:1 › a controlled archived fixture makes the real historical recommendation stale and its formerly current UI cannot open the old target (8.5s)
2026-09-15T11:21:29.1807155Z   ✓  61 ../../tests/e2e/responsive-layout.spec.ts:43:1 › narrow layout and submitted explanation remain visible before React resize listeners run (9.3s)
2026-09-15T11:21:55.5029454Z   ✓  62 ../../tests/e2e/retrieval.spec.ts:47:1 › real explicit cold scope, original rebuild Job, complete hits/no match/resource omission and unchanged historical scope (26.3s)
2026-09-15T11:22:12.3277215Z   ✓  63 ../../tests/e2e/review.spec.ts:35:1 › real history and exact material review preserve original submitted text, null scores and a selected old revision after reload (16.8s)
2026-09-15T11:22:26.2993791Z   ✓  64 ../../tests/e2e/review.spec.ts:76:1 › a delayed old review response cannot restore history or academic context after another page starts a real independent attempt (14.0s)
2026-09-15T11:22:30.2398185Z   ✓  65 ../../tests/e2e/route-draft-input.spec.ts:9:60 › native route goal input survives its own initial draft save_first delivery after focus (3.9s)
2026-09-15T11:22:34.2629125Z   ✓  66 ../../tests/e2e/route-draft-input.spec.ts:9:60 › native route goal input survives its own initial draft load_first delivery after focus (4.0s)
2026-09-15T11:22:42.0521257Z   ✓  67 ../../tests/e2e/routes.spec.ts:10:1 › real route creation, reminder, manual false, reordered revision and exact target navigation preserve history (7.8s)
2026-09-15T11:22:46.8552375Z   ✓  68 ../../tests/e2e/workbench-initial-recovery.spec.ts:6:3 › initial workbench recovery keeps the saved lesson and waits for the real session at 1440px (4.8s)
2026-09-15T11:22:51.5532252Z   ✓  69 ../../tests/e2e/workbench-initial-recovery.spec.ts:6:3 › initial workbench recovery keeps the saved lesson and waits for the real session at 390px (4.7s)
2026-09-15T11:22:54.0447308Z   ✓  70 ../../tests/e2e/workbench.spec.ts:5:1 › empty workspace, native bootstrap, four fixed navigation and truthful auxiliary states (2.5s)
2026-09-15T11:22:57.8959943Z   ✓  71 ../../tests/e2e/workbench.spec.ts:22:1 › real keyboard and mouse resize, native drawers, focus return and restored layout (3.8s)
2026-09-15T11:23:03.6457532Z   ✓  72 ../../tests/e2e/workbench.spec.ts:43:1 › object drafts survive preview switches, close choice and browser reload without fake sending (5.7s)
2026-09-15T11:23:12.4466486Z   ✓  73 ../../tests/e2e/workbench.spec.ts:60:1 › server CAS conflict is visible, local object drafts survive and explicit readback recovers (8.8s)
2026-09-15T11:23:17.7207005Z   ✓  74 ../../tests/e2e/workbench.spec.ts:73:1 › offline pending UI is restored after actual connection recovery (5.3s)
2026-09-15T11:23:21.2618645Z   ✓  75 ../../tests/e2e/workbench.spec.ts:85:1 › actual MathJax, no runtime errors, long formula local scrolling, all screenshot sizes (3.5s)
2026-09-15T11:23:28.7933447Z   ✓  76 ../../tests/e2e/workbench.spec.ts:112:1 › two browser pages keep drafts for different objects in native IndexedDB (7.5s)
2026-09-15T11:23:32.5067248Z   ✓  77 ../../tests/e2e/workbench.spec.ts:130:1 › exact reference mismatch stays unresolved and preserves the original snapshot (3.7s)
2026-09-15T11:23:38.4477866Z   ✓  78 ../../tests/e2e/workbench.spec.ts:147:1 › cold lazy renderer restores saved reading offset after the content is ready (5.9s)
2026-09-15T11:23:47.1816600Z   ✓  79 ../../tests/e2e/workbench.spec.ts:167:1 › native concurrent same-object transactions preserve both candidates and expose explicit recovery (8.7s)
2026-09-15T11:23:51.4935795Z   ✓  80 ../../tests/e2e/workbench.spec.ts:200:1 › directory history restores the current course and navigation entry (4.3s)
2026-09-15T11:23:55.9656955Z   ✓  81 ../../tests/e2e/workbench.spec.ts:212:1 › UI cache quota failure stays visibly unsaved until the real server acknowledges (4.5s)
2026-09-15T11:24:00.2768389Z   ✓  82 ../../tests/e2e/workbench.spec.ts:229:1 › offline UI candidates from two pages remain separate on reload (4.3s)
2026-09-15T11:24:08.1711800Z   ✓  83 ../../tests/e2e/workbench.spec.ts:250:1 › quota-only memory candidate with a changed server baseline shows three-way comparison before explicit CAS (7.9s)
2026-09-15T11:24:14.2652558Z   ✓  84 ../../tests/e2e/workbench.spec.ts:283:1 › per-object details and focus survive A to B to A and browser reload after lazy content readiness (6.1s)
2026-09-15T11:24:18.3316612Z   ✓  85 ../../tests/e2e/workbench.spec.ts:302:1 › first unsent-draft conflict shows original, local and stored text before any reload or choice (4.0s)
2026-09-15T11:24:22.8878312Z   ✓  86 ../../tests/e2e/workbench.spec.ts:332:1 › route directory stays honestly empty and continue reading restores the exact last lesson (4.5s)
2026-09-15T11:24:27.0137080Z   ✓  87 ../../tests/e2e/workbench.spec.ts:354:1 › native keyboard selection updates frozen-reference preview and ambiguous source matches are refused (4.1s)
2026-09-15T11:24:31.4893584Z   ✓  88 ../../tests/e2e/zoom.spec.ts:5:1 › real browser 200 percent zoom reflows CSS width through Chrome appearance setting (4.5s)
2026-09-15T11:24:31.6204339Z 
2026-09-15T11:24:31.6212722Z 
2026-09-15T11:24:31.6222735Z   1) ../../tests/e2e/reader.spec.ts:171:1 › historical course revisions stay in separate exact tabs and hash-mismatched links preserve unresolved reference 
2026-09-15T11:24:31.6223888Z 
2026-09-15T11:24:31.6224543Z     Error: expect(locator).toContainText(expected) failed
2026-09-15T11:24:31.6225061Z 
2026-09-15T11:24:31.6225240Z     Locator: locator('.real-reader')
2026-09-15T11:24:31.6226199Z     Expected substring: "第二修订选文"
2026-09-15T11:24:31.6226767Z     Timeout: 5000ms
2026-09-15T11:24:31.6240577Z     Error: element(s) not found
2026-09-15T11:24:31.6240897Z 
2026-09-15T11:24:31.6241069Z     Call log:
2026-09-15T11:24:31.6241729Z       - Expect "toContainText" locator('.real-reader') with timeout 5000ms
2026-09-15T11:24:31.6242582Z       - waiting for locator('.real-reader')
2026-09-15T11:24:31.6242911Z 
2026-09-15T11:24:31.6242921Z 
2026-09-15T11:24:31.6243060Z       179 |   try {
2026-09-15T11:24:31.6243726Z       180 |     await page.goto(`/?reader=${encodeURIComponent(JSON.stringify(target))}`)
2026-09-15T11:24:31.6245234Z     > 181 |     await expect(page.locator('.real-reader')).toContainText('第二修订选文')
2026-09-15T11:24:31.6246119Z           |                                                ^
2026-09-15T11:24:31.6246771Z       182 |   } catch (error) {
2026-09-15T11:24:31.6247885Z       183 |     await diagnostic.capture(info).catch(() => console.error('Historical Reader failure diagnostic could not be saved.'))
2026-09-15T11:24:31.6248880Z       184 |     throw error
2026-09-15T11:24:31.6249777Z         at <github-runner-home>/work/Learning_Workbench/Learning_Workbench/tests/e2e/reader.spec.ts:181:48
2026-09-15T11:24:31.6250159Z 
2026-09-15T11:24:31.6250998Z     attachment #1: screenshot (image/png) ──────────────────────────────────────────────────────────
2026-09-15T11:24:31.6251948Z     ../../../../_temp/learning-workbench-e2e-results/reader-historical-course-r-ef021-eserve-unresolved-reference/test-failed-1.png
2026-09-15T11:24:31.6252841Z     ────────────────────────────────────────────────────────────────────────────────────────────────
2026-09-15T11:24:31.6253134Z 
2026-09-15T11:24:31.6253685Z     Error Context: ../../../../_temp/learning-workbench-e2e-results/reader-historical-course-r-ef021-eserve-unresolved-reference/error-context.md
2026-09-15T11:24:31.6254596Z 
2026-09-15T11:24:31.6254735Z   1 failed
2026-09-15T11:24:31.6255531Z     ../../tests/e2e/reader.spec.ts:171:1 › historical course revisions stay in separate exact tabs and hash-mismatched links preserve unresolved reference 
2026-09-15T11:24:31.6256173Z   87 passed (13.2m)
2026-09-15T11:24:31.6523181Z make: *** [Makefile:32: test-e2e] Error 1
2026-09-15T11:24:31.6540864Z ##[error]Process completed with exit code 2.
2026-09-15T11:24:31.6618354Z ##[group]Run actions/upload-artifact@043fb46d1a93c77aae656e7c1c64a875d1fc6a0a
2026-09-15T11:24:31.6618771Z with:
2026-09-15T11:24:31.6619016Z   name: browser-failure-pull_request-34961806202-1
2026-09-15T11:24:31.6620047Z   path: <github-runner-home>/work/_temp/learning-workbench-e2e-results/**/error-context.md
<github-runner-home>/work/_temp/learning-workbench-e2e-results/**/test-failed*.png
<github-runner-home>/work/_temp/learning-workbench-e2e-results/**/reader-load-diagnostic.json

2026-09-15T11:24:31.6621202Z   retention-days: 3
2026-09-15T11:24:31.6621424Z   if-no-files-found: warn
2026-09-15T11:24:31.6621660Z   include-hidden-files: false
2026-09-15T11:24:31.6621898Z   compression-level: 6
2026-09-15T11:24:31.6622107Z   overwrite: false
2026-09-15T11:24:31.6622303Z   archive: true
2026-09-15T11:24:31.6622492Z env:
2026-09-15T11:24:31.6622737Z   pythonLocation: /opt/hostedtoolcache/Python/3.12.13/x64
2026-09-15T11:24:31.6623192Z   PKG_CONFIG_PATH: /opt/hostedtoolcache/Python/3.12.13/x64/lib/pkgconfig
2026-09-15T11:24:31.6623614Z   Python_ROOT_DIR: /opt/hostedtoolcache/Python/3.12.13/x64
2026-09-15T11:24:31.6623993Z   Python2_ROOT_DIR: /opt/hostedtoolcache/Python/3.12.13/x64
2026-09-15T11:24:31.6624693Z   Python3_ROOT_DIR: /opt/hostedtoolcache/Python/3.12.13/x64
2026-09-15T11:24:31.6625072Z   LD_LIBRARY_PATH: /opt/hostedtoolcache/Python/3.12.13/x64/lib
2026-09-15T11:24:31.6625387Z ##[endgroup]
2026-09-15T11:24:31.8415037Z With the provided path, there will be 3 files uploaded
2026-09-15T11:24:31.8415992Z Artifact name is valid!
2026-09-15T11:24:31.8416630Z Root directory input is valid!
2026-09-15T11:24:32.0613831Z Uploading artifact: browser-failure-pull_request-34961806202-1.zip
2026-09-15T11:24:32.0653264Z Beginning upload of artifact content to blob storage
2026-09-15T11:24:32.2512537Z Uploaded bytes 97596
2026-09-15T11:24:32.2818247Z Finished uploading artifact content to blob storage!
2026-09-15T11:24:32.2819508Z SHA256 digest of uploaded artifact is 9b3c88bd5830309b76da4f882e343fa71f143ad68ff0878b92b51c143cc39f56
2026-09-15T11:24:32.2820625Z Finalizing artifact upload
2026-09-15T11:24:32.5571131Z Artifact browser-failure-pull_request-34961806202-1 successfully finalized. Artifact ID 10393872237
2026-09-15T11:24:32.5572358Z Artifact browser-failure-pull_request-34961806202-1 has been successfully uploaded! Final size is 97596 bytes. Artifact ID is 10393872237
2026-09-15T11:24:32.5575538Z Artifact download URL: https://github.com/kl3574/Learning_Workbench/actions/runs/34961806202/artifacts/10393872237
2026-09-15T11:24:32.5775896Z Post job cleanup.
2026-09-15T11:24:32.6622190Z [command]/usr/bin/git version
2026-09-15T11:24:32.6670636Z git version 2.55.0
2026-09-15T11:24:32.6711928Z Temporarily overriding HOME='<github-runner-home>/work/_temp/5cc6a062-0a9a-4baa-84ba-3f835448b732' before making global git config changes
2026-09-15T11:24:32.6713262Z Adding repository directory to the temporary git global config as a safe directory
2026-09-15T11:24:32.6717836Z [command]/usr/bin/git config --global --add safe.directory <github-runner-home>/work/Learning_Workbench/Learning_Workbench
2026-09-15T11:24:32.6752115Z Removing SSH command configuration
2026-09-15T11:24:32.6758962Z [command]/usr/bin/git config --local --name-only --get-regexp core\.sshCommand
2026-09-15T11:24:32.6823660Z [command]/usr/bin/git submodule foreach --recursive sh -c "git config --local --name-only --get-regexp 'core\.sshCommand' && git config --local --unset-all 'core.sshCommand' || :"
2026-09-15T11:24:32.7155957Z Removing HTTP extra header
2026-09-15T11:24:32.7157152Z [command]/usr/bin/git config --local --name-only --get-regexp http\.https\:\/\/github\.com\/\.extraheader
2026-09-15T11:24:32.7200422Z [command]/usr/bin/git submodule foreach --recursive sh -c "git config --local --name-only --get-regexp 'http\.https\:\/\/github\.com\/\.extraheader' && git config --local --unset-all 'http.https://github.com/.extraheader' || :"
2026-09-15T11:24:32.7510689Z Removing includeIf entries pointing to credentials config files
2026-09-15T11:24:32.7517455Z [command]/usr/bin/git config --local --name-only --get-regexp ^includeIf\.gitdir:
2026-09-15T11:24:32.7549480Z includeif.gitdir:<github-runner-home>/work/Learning_Workbench/Learning_Workbench/.git.path
2026-09-15T11:24:32.7551067Z includeif.gitdir:<github-runner-home>/work/Learning_Workbench/Learning_Workbench/.git/worktrees/*.path
2026-09-15T11:24:32.7552411Z includeif.gitdir:/github/workspace/.git.path
2026-09-15T11:24:32.7553246Z includeif.gitdir:/github/workspace/.git/worktrees/*.path
2026-09-15T11:24:32.7559882Z [command]/usr/bin/git config --local --get-all includeif.gitdir:<github-runner-home>/work/Learning_Workbench/Learning_Workbench/.git.path
2026-09-15T11:24:32.7585321Z <github-runner-home>/work/_temp/git-credentials-8675f87c-9864-4b3c-8268-abab1104da03.config
2026-09-15T11:24:32.7596403Z [command]/usr/bin/git config --local --unset includeif.gitdir:<github-runner-home>/work/Learning_Workbench/Learning_Workbench/.git.path \/home\/runner\/work\/_temp\/git\-credentials\-8675f87c\-9864\-4b3c\-8268\-abab1104da03\.config
2026-09-15T11:24:32.7632623Z [command]/usr/bin/git config --local --get-all includeif.gitdir:<github-runner-home>/work/Learning_Workbench/Learning_Workbench/.git/worktrees/*.path
2026-09-15T11:24:32.7662538Z <github-runner-home>/work/_temp/git-credentials-8675f87c-9864-4b3c-8268-abab1104da03.config
2026-09-15T11:24:32.7671815Z [command]/usr/bin/git config --local --unset includeif.gitdir:<github-runner-home>/work/Learning_Workbench/Learning_Workbench/.git/worktrees/*.path \/home\/runner\/work\/_temp\/git\-credentials\-8675f87c\-9864\-4b3c\-8268\-abab1104da03\.config
2026-09-15T11:24:32.7708482Z [command]/usr/bin/git config --local --get-all includeif.gitdir:/github/workspace/.git.path
2026-09-15T11:24:32.7741124Z /github/runner_temp/git-credentials-8675f87c-9864-4b3c-8268-abab1104da03.config
2026-09-15T11:24:32.7751468Z [command]/usr/bin/git config --local --unset includeif.gitdir:/github/workspace/.git.path \/github\/runner_temp\/git\-credentials\-8675f87c\-9864\-4b3c\-8268\-abab1104da03\.config
2026-09-15T11:24:32.7789017Z [command]/usr/bin/git config --local --get-all includeif.gitdir:/github/workspace/.git/worktrees/*.path
2026-09-15T11:24:32.7820435Z /github/runner_temp/git-credentials-8675f87c-9864-4b3c-8268-abab1104da03.config
2026-09-15T11:24:32.7830260Z [command]/usr/bin/git config --local --unset includeif.gitdir:/github/workspace/.git/worktrees/*.path \/github\/runner_temp\/git\-credentials\-8675f87c\-9864\-4b3c\-8268\-abab1104da03\.config
2026-09-15T11:24:32.7871714Z [command]/usr/bin/git submodule foreach --recursive git config --local --show-origin --name-only --get-regexp remote.origin.url
2026-09-15T11:24:32.8168628Z Removing credentials config '<github-runner-home>/work/_temp/git-credentials-8675f87c-9864-4b3c-8268-abab1104da03.config'
2026-09-15T11:24:32.8316741Z Cleaning up orphan processes
