
> @learning-workbench/web@0.1.0 test
> vitest run src/features/authoring/authoringObservation.test.ts


 RUN  v5.0.0 <LOCAL_HOME>/.cache/learning-workbench-acceptance/m62-authoring-observation-active/apps/web

 ❯ src/features/authoring/authoringObservation.test.ts (5 tests | 1 failed) 10ms
   × default off requires both explicit synthetic switch and sink; disabling keeps an earlier snapshot safe 4ms

⎯⎯⎯⎯⎯⎯⎯ Failed Tests 1 ⎯⎯⎯⎯⎯⎯⎯

 FAIL  src/features/authoring/authoringObservation.test.ts > default off requires both explicit synthetic switch and sink; disabling keeps an earlier snapshot safe
TypeError: Cannot read properties of undefined (reading 'snapshot')
 ❯ host.__authoringObservationSnapshot src/features/authoring/authoringObservation.ts:78:61
     76|       observer?.dispose(); installedSink = host.__authoringDiagnosticM…
     77|       observer = createAuthoringObservation(crypto.randomUUID(), insta…
     78|       host.__authoringObservationSnapshot = () => observer!.snapshot()
       |                                                             ^
     79|     }
     80|     return observer
 ❯ src/features/authoring/authoringObservation.test.ts:22:10

⎯⎯⎯⎯⎯⎯⎯⎯⎯⎯⎯⎯⎯⎯⎯⎯⎯⎯⎯⎯⎯⎯⎯⎯[1/1]⎯


 Test Files  1 failed (1)
      Tests  1 failed | 4 passed (5)
   Start at  10:57:28
   Duration  309ms (environment 84%, transform 9%, tests 4%, import 2%, worker 1%)

