
> @learning-workbench/web@0.1.0 test:e2e
> playwright test --config ../../tests/e2e/playwright.config.ts

[WebServer] INFO:     Started server process [2694821]
[WebServer] INFO:     Waiting for application startup.
[WebServer] INFO:     Application startup complete.
[WebServer] INFO:     Uvicorn running on http://127.0.0.1:8765 (Press CTRL+C to quit)
[WebServer] (node:2694974) Warning: The 'NO_COLOR' env is ignored due to the 'FORCE_COLOR' env being set.
[WebServer] (Use `node --trace-warnings ...` to show where the warning was created)

Running 122 tests using 1 worker

(node:2695254) Warning: The 'NO_COLOR' env is ignored due to the 'FORCE_COLOR' env being set.
(Use `node --trace-warnings ...` to show where the warning was created)
  ✓    1 ../../tests/e2e/assessment-restart.spec.ts:43:1 › same assessment instance rejects forged course and assessment hashes while its independent policy remains active (9.7s)
  ✓    2 ../../tests/e2e/assessment-restart.spec.ts:112:1 › actual browser and API restarts retain independent drafts and keep old solution receipts protected after submission (14.4s)
  ✓    3 ../../tests/e2e/assessment-submit.spec.ts:7:1 › a pending real submission remains unsubmitted until its exact acknowledgement, then exposes only the actual grading result (6.8s)
  ✓    4 ../../tests/e2e/assessments.spec.ts:41:1 › real unreviewed independent assessment saves five types and submits without fabricated grades or answer calls (9.0s)
  ✓    5 ../../tests/e2e/assessments.spec.ts:90:1 › open-book and assisted freeze actual policies; explicit abandon retains saved answers and yields no score (12.0s)
  ✓    6 ../../tests/e2e/assessments.spec.ts:109:1 › two profiles retain a real server CAS conflict with three-way comparison and reject forged same-identity parent (10.0s)
  ✓    7 ../../tests/e2e/assessments.spec.ts:138:1 › missing private binding visibly blocks start instead of fabricating a usable test (5.1s)
  ✓    8 ../../tests/e2e/assessments.spec.ts:145:1 › two pages preserve independent local CAS candidates; a later submitted snapshot never accepts restored edits (13.3s)
  ✓    9 ../../tests/e2e/assessments.spec.ts:251:1 › late redacted Workbench save uses its original ETag and retains hidden selection after explicit three-way choice (9.3s)
  ✓   10 ../../tests/e2e/assessments.spec.ts:295:1 › a genuine solution response held in flight cannot appear after another page starts an open-book assessment (10.0s)
  ✓   11 ../../tests/e2e/authoring-diagnostic.spec.ts:6:1 › Authoring diagnostic preserves the original ten-second click error and excludes late deliveries and private text (10.1s)
  ✓   12 ../../tests/e2e/authoring-diagnostic.spec.ts:38:1 › actual requests retain separate identities and distinguish response headers from body completion at the freeze (190ms)
Authoring prepare diagnostic incomplete; original assertion verdict is unchanged.
Authoring prepare diagnostic incomplete; original assertion verdict is unchanged.
  ✓   13 ../../tests/e2e/authoring-diagnostic.spec.ts:78:1 › diagnostic storage failure preserves both a successful assertion and the exact original failure (179ms)
  ✓   14 ../../tests/e2e/authoring-groups.spec.ts:238:1 › native lesson group preserves its plan and formulas, then separately declines and executes one exact numeric member (14.4s)
  ✓   15 ../../tests/e2e/authoring-groups.spec.ts:297:1 › native practice group replays its lost prepare ACK with one key and clears explicitly read private answers after permission changes (10.8s)
  ✓   16 ../../tests/e2e/authoring-groups.spec.ts:355:1 › native assessment group keeps explicit modes and time, checks its exact private numeric plan, and cancels a separate unconsented job under a permission lock (15.4s)
  ✓   17 ../../tests/e2e/authoring.spec.ts:7:1 › actual Authoring preparation diagnoses missing proof without dispatch and learner can recover safe cancellation (3.6s)
  ✓   18 ../../tests/e2e/authoring.spec.ts:37:1 › explicit same-Job loopback grant creates a draft and numeric preview needs its own decision (10.3s)
  ✓   19 ../../tests/e2e/block-version-compare.spec.ts:5:1 › actual historical block r1/r2 comparison is read-only and remains contained at desktop and narrow widths (4.8s)
  ✘   20 ../../tests/e2e/content-impacts.spec.ts:28:1 › native edit publication discovers actual impacts and preserves human decisions through CAS, lost reply, IDB failure, access changes, stable pages and restart (29.9s)
(node:2704747) Warning: The 'NO_COLOR' env is ignored due to the 'FORCE_COLOR' env being set.
(Use `node --trace-warnings ...` to show where the warning was created)
  ✓   21 ../../tests/e2e/content-impacts.spec.ts:98:1 › native unsubmitted Content judgment survives role cycles with original basis and explicit close discard (45.2s)
  ✓   22 ../../tests/e2e/content-restore.spec.ts:86:1 › native historical proof restores through its own candidate, fresh human Review, lost ACK/IDB/role recovery and restart without changing parent pins (15.9s)
  ✓   23 ../../tests/e2e/content-restore.spec.ts:157:1 › unsubmitted Restore reason survives a role cycle and explicit fresh read without creating a draft (8.1s)
  ✓   24 ../../tests/e2e/content-restore.spec.ts:207:1 › actual current publication race returns 412 without rebasing the already prepared Restore UI candidate (11.5s)

  ✓   25 ../../tests/e2e/document-imports.spec.ts:87:1 › real two-page PDF keeps exact page citations, guarded original bytes and explicit fidelity approval (3.8s)

  ✓   26 ../../tests/e2e/document-imports.spec.ts:127:1 › real DOCX safe text stays readable for learner while original bytes require an explicit author role (4.1s)

  ✓   27 ../../tests/e2e/document-imports.spec.ts:202:1 › a real scanned PDF fails without invented text or OCR and its local original is checked explicitly after reload (3.8s)

  ✓   28 ../../tests/e2e/document-imports.spec.ts:236:3 › real encrypted.pdf extraction failure remains blocked and preserves its original hash (2.7s)

  ✓   29 ../../tests/e2e/document-imports.spec.ts:236:3 › real malformed.docx extraction failure remains blocked and preserves its original hash (2.5s)
  ✓   30 ../../tests/e2e/draft-editor.spec.ts:54:1 › real editor retains IndexedDB originals through competing tabs, 412 resolution, lost ACK, browser and API restart (19.0s)
  ✓   31 ../../tests/e2e/draft-publication.spec.ts:7:1 › real synthetic Import text block receives explicit human decisions, survives lost publish ACK and reads actual current independently (8.3s)
  ✓   32 ../../tests/e2e/draft-review.spec.ts:17:1 › real imported candidate review keeps original ACK, authenticated report bytes and explicit rejected decision across reload (6.7s)
  ✓   33 ../../tests/e2e/edit-publication.spec.ts:42:1 › native saved edit enters Review, explicit synthetic decisions publish base+1, preserve parent pins, original ACK and restart recovery (14.7s)
$HOME/.cache/learning-workbench-acceptance/m62-v313-combined-0b885ec3/.venv/lib/python3.12/site-packages/fastapi/testclient.py:1: StarletteDeprecationWarning: Using `httpx` with `starlette.testclient` is deprecated; install `httpx2` instead.
  from starlette.testclient import TestClient as TestClient  # noqa
$HOME/.cache/learning-workbench-acceptance/m62-v313-combined-0b885ec3/.venv/lib/python3.12/site-packages/fastapi/testclient.py:1: StarletteDeprecationWarning: Using `httpx` with `starlette.testclient` is deprecated; install `httpx2` instead.
  from starlette.testclient import TestClient as TestClient  # noqa
$HOME/.cache/learning-workbench-acceptance/m62-v313-combined-0b885ec3/.venv/lib/python3.12/site-packages/fastapi/testclient.py:1: StarletteDeprecationWarning: Using `httpx` with `starlette.testclient` is deprecated; install `httpx2` instead.
  from starlette.testclient import TestClient as TestClient  # noqa
$HOME/.cache/learning-workbench-acceptance/m62-v313-combined-0b885ec3/.venv/lib/python3.12/site-packages/fastapi/testclient.py:1: StarletteDeprecationWarning: Using `httpx` with `starlette.testclient` is deprecated; install `httpx2` instead.
  from starlette.testclient import TestClient as TestClient  # noqa
  ✓   34 ../../tests/e2e/evidence-applicability.spec.ts:41:1 › native original evidence: two real events, two-page CAS, lost ACK, actual IDB abort, role isolation, correction and restart preserve grade/private pins (21.7s)
  ✓   35 ../../tests/e2e/grading-recovery.spec.ts:57:1 › a real failed regrade survives reload and can recover from the last actual grade without losing the old submission (9.1s)
  ✓   36 ../../tests/e2e/grading-restart.spec.ts:50:1 › real browser and API restarts preserve the submitted answers, signed review and both grading revisions (12.2s)
  ✓   37 ../../tests/e2e/grading.spec.ts:34:1 › unreviewed original content stays null until an explicit author form creates a signed new grade without altering its reference approval (10.9s)
  ✓   38 ../../tests/e2e/grading.spec.ts:66:1 › two browser profiles keep a stale manual-review baseline through an actual 412 before explicit three-way rebase (10.3s)
  ✓   39 ../../tests/e2e/grading.spec.ts:81:1 › a failed manual request preserves its durable exact command and editable author draft after browser reload (8.9s)
  ✓   40 ../../tests/e2e/import-admission.spec.ts:8:1 › import admission waits for real Policy after UI saved and never replays a rejected click (1.4s)
  ✓   41 ../../tests/e2e/import-admission.spec.ts:65:1 › real independent Policy preserves an open import selection and restores only explicit admission (9.8s)
  ✓   42 ../../tests/e2e/import-command-admission.spec.ts:17:1 › command import remains disabled while Policy is unknown after UI saved and original import helper works only after explicit admission (5.4s)
  ✓   43 ../../tests/e2e/import-command-admission.spec.ts:60:1 › command import keeps the actual independent attempt restriction and needs another explicit click after abandon (6.1s)
  ✓   44 ../../tests/e2e/imports-policy.spec.ts:11:1 › an open author import retains its task across independent start and submit but rechecks pending-answer protection before restoring content (9.9s)
  ✓   45 ../../tests/e2e/imports-policy.spec.ts:61:1 › a reselected failed original survives a role-policy pause in memory while decoded text must be checked again (4.6s)
  ✓   46 ../../tests/e2e/imports.spec.ts:111:1 › real Markdown upload stays staged, previews and downloads exact bytes, restores and commits exact course refs (4.2s)
  ✓   47 ../../tests/e2e/imports.spec.ts:190:1 › safe HTML warning requires explicit acceptance and native cancel leaves courses untouched (6.6s)
  ✓   48 ../../tests/e2e/imports.spec.ts:218:1 › UTF-8 text can target a real existing course and creates a newer exact revision (6.1s)
  ✓   49 ../../tests/e2e/imports.spec.ts:234:1 › upload request failure keeps the selected file; preview failure keeps the recovery ID and explicit retry works (2.7s)

  ✓   50 ../../tests/e2e/imports.spec.ts:254:1 › author package requires explicit role change and clears the private preview after returning to learner (4.9s)
  ✓   51 ../../tests/e2e/imports.spec.ts:290:1 › a real invalid UTF-8 parse shows a blocking error and cannot be confirmed (3.2s)

  ✓   52 ../../tests/e2e/imports.spec.ts:311:1 › local encoding choice preserves the failed original and creates a separately confirmed UTF-8 import (6.1s)

  ✓   53 ../../tests/e2e/imports.spec.ts:379:1 › deferred author preview and original responses cannot restore content after the role is lowered (4.2s)
  ✓   54 ../../tests/e2e/learning-state-restart.spec.ts:47:1 › actual browser and API restarts preserve profile candidates, exact route overrides and original reading sources (11.5s)
  ✓   55 ../../tests/e2e/learning-state.spec.ts:12:1 › real self-report persists a lost-ACK command once and never creates independent evidence (5.1s)
  ✓   56 ../../tests/e2e/learning-state.spec.ts:30:1 › actual unreviewed submission stays excluded and its precise sources disappear when another page starts independent work (8.6s)
  ✓   57 ../../tests/e2e/learning-state.spec.ts:45:1 › a quota-failed profile remains mounted when a global command tries to leave it (2.9s)
  ✓   58 ../../tests/e2e/note-reanchor-publication.spec.ts:28:1 › actual UI edit publication stales the original Note, explicit new-source reanchor and old-scope rebuild preserve historical bytes and parent pins (17.1s)
  ✓   59 ../../tests/e2e/notes-lifecycle.spec.ts:32:1 › a concurrent note move to another block remains recoverable by stable note ID after a real 412 (5.9s)
  ✓   60 ../../tests/e2e/notes-lifecycle.spec.ts:64:1 › soft deleting a server note preserves its unsynced local continuation for explicit recovery (5.6s)
  ✓   61 ../../tests/e2e/practice-restart.spec.ts:20:1 › same practice tab identity rejects changed frozen parent or child hashes and preserves the original session (6.7s)
  ✓   62 ../../tests/e2e/practice-restart.spec.ts:66:1 › actual browser close and API restart retain practice identity, exposure and an unsynced local response (11.2s)
  ✓   63 ../../tests/e2e/practice.spec.ts:26:1 › five real question kinds save and refresh; hints and solutions require explicit exposure; submit is ungraded (8.3s)
  ✓   64 ../../tests/e2e/practice.spec.ts:87:1 › offline recovery keeps the local candidate when session GET was also unavailable and reconnect compares its base (8.0s)
  ✓   65 ../../tests/e2e/practice.spec.ts:113:1 › two real browser profiles produce a server CAS conflict with base local and remote before explicit choice (9.5s)
  ✓   66 ../../tests/e2e/practice.spec.ts:138:1 › missing private solution fails closed and a forged same-identity parent never replaces the existing practice tab (5.6s)
  ✓   67 ../../tests/e2e/practice.spec.ts:159:1 › two pages keep their durable local candidates and closing an unsynced practice requires explicit retention (15.4s)
  ✓   68 ../../tests/e2e/provider-settings.spec.ts:53:1 › real settings persist control configuration and temporary secrets without claiming production generation (3.9s)
  ✓   69 ../../tests/e2e/provider-settings.spec.ts:84:1 › real config lost ACK restores the original command after browser/API restart and reads later current state separately (5.1s)
  ✓   70 ../../tests/e2e/provider-settings.spec.ts:112:1 › actual independent assessment policy keeps settings controls available and denies subject consent reads (6.5s)
  ✓   71 ../../tests/e2e/provider-settings.spec.ts:142:41 › secret controls use an actual newer readback while the parent refresh is held; peer change false (3.0s)
  ✓   72 ../../tests/e2e/provider-settings.spec.ts:142:41 › secret controls use an actual newer readback while the parent refresh is held; peer change true (3.4s)
  ✓   73 ../../tests/e2e/reader-conflict-layout.spec.ts:97:1 › real session conflict preserves the scrolled submitted explanation and requires an explicit comparison choice (9.8s)
  ✓   74 ../../tests/e2e/reader-conflict-layout.spec.ts:178:1 › real session conflict keeps the same enabled assessment input focused and visible in the shortened reader (7.2s)
  ✓   75 ../../tests/e2e/reader-restart.spec.ts:13:1 › actual browser close and API process restart retain imported references, notes, progress and Reader position (9.6s)
  ✓   76 ../../tests/e2e/reader.spec.ts:33:1 › real imported directory, title search, worked-example link, long formula and frozen original download (6.3s)
  ✓   77 ../../tests/e2e/reader.spec.ts:67:1 › second repeated rendered selection preserves exact source codepoints, saves note, edits and soft deletes (5.6s)
  ✓   78 ../../tests/e2e/reader.spec.ts:98:1 › native source keyboard selection creates exact Markdown codepoints without rendered-text guessing (4.8s)
  ✓   79 ../../tests/e2e/reader.spec.ts:123:1 › offline local note recovery and a real concurrent server revision show three-way comparison before CAS save (8.3s)
  ✓   80 ../../tests/e2e/reader.spec.ts:171:1 › historical course revisions stay in separate exact tabs and hash-mismatched links preserve unresolved reference (14.6s)

  ✓   81 ../../tests/e2e/reader.spec.ts:209:1 › a private original authorized before a cross-profile role decrease cannot trigger a late browser download (8.3s)
  ✓   82 ../../tests/e2e/recommendations.spec.ts:56:1 › real recommendation decisions recover a lost ACK across browser and API restart without rewriting later decisions or learning facts (8.8s)
  ✓   83 ../../tests/e2e/recommendations.spec.ts:90:1 › real local suggestions cover another imported textbook and open its complete original refs independently of acceptance (8.5s)
  ✓   84 ../../tests/e2e/recommendations.spec.ts:110:1 › real offline and stale decision candidates require explicit 412 correction and current independent policy hides delayed subject sources (9.1s)
  ✓   85 ../../tests/e2e/recommendations.spec.ts:151:1 › a controlled archived fixture makes the real historical recommendation stale and its formerly current UI cannot open the old target (6.3s)
  ✓   86 ../../tests/e2e/responsive-layout.spec.ts:43:1 › narrow layout and submitted explanation remain visible before React resize listeners run (6.7s)
  ✓   87 ../../tests/e2e/restore-numeric.spec.ts:8:1 › actual Restore numeric UI freezes manually anchored material, requires separate execution approval and preserves actual sandbox outcome (13.7s)
  ✓   88 ../../tests/e2e/retrieval.spec.ts:47:1 › real explicit cold scope, original rebuild Job, complete hits/no match/resource omission and unchanged historical scope (16.7s)
  ✓   89 ../../tests/e2e/review-form-memory.spec.ts:8:1 › real Policy and role cycles retain unsent Review note and reason with fresh reads, explicit discard and zero automatic decisions (19.8s)
  ✓   90 ../../tests/e2e/review-form-publication-input.spec.ts:7:1 › Publication refresh preserves Review input and focus while blocking submission, then original Policy recovery preserves both forms (15.6s)
  ✓   91 ../../tests/e2e/review.spec.ts:35:1 › real history and exact material review preserve original submitted text, null scores and a selected old revision after reload (12.4s)
  ✓   92 ../../tests/e2e/review.spec.ts:76:1 › a delayed old review response cannot restore history or academic context after another page starts a real independent attempt (9.8s)
  ✓   93 ../../tests/e2e/route-draft-input.spec.ts:9:60 › native route goal input survives its own initial draft save_first delivery after focus (2.2s)
  ✓   94 ../../tests/e2e/route-draft-input.spec.ts:9:60 › native route goal input survives its own initial draft load_first delivery after focus (2.3s)
  ✓   95 ../../tests/e2e/routes.spec.ts:10:1 › real route creation, reminder, manual false, reordered revision and exact target navigation preserve history (5.9s)
  ✓   96 ../../tests/e2e/single-publication.spec.ts:7:1 › single generated example uses actual sealed numeric facts and fresh human Review before independent publication readback (14.8s)
  ✓   97 ../../tests/e2e/tutor-diagnostic.spec.ts:5:1 › diagnostic retains the original five-second failure and a completed peer read without collecting private text (5.6s)
  ✓   98 ../../tests/e2e/tutor-diagnostic.spec.ts:33:1 › diagnostic closes metadata, freezes delivered ordinals and leaves missing observations unknown (140ms)
  ✓   99 ../../tests/e2e/tutor.spec.ts:19:1 › real Tutor thread and prepared Run recover, diagnose missing proof and cancel without a model call (8.2s)
  ✓  100 ../../tests/e2e/tutor.spec.ts:78:1 › lost Run ACK replays original bytes and cross-page open-book hides academic content while retaining cancellation (15.6s)
  ✓  101 ../../tests/e2e/tutor.spec.ts:148:1 › explicit same-Run consent uses the real loopback protocol and restores raw answer without upgrading evidence (9.8s)
  ✓  102 ../../tests/e2e/workbench-initial-recovery.spec.ts:6:3 › initial workbench recovery keeps the saved lesson and waits for the real session at 1440px (3.6s)
  ✓  103 ../../tests/e2e/workbench-initial-recovery.spec.ts:6:3 › initial workbench recovery keeps the saved lesson and waits for the real session at 390px (3.5s)
  ✓  104 ../../tests/e2e/workbench.spec.ts:5:1 › empty workspace, native bootstrap, four fixed navigation and truthful auxiliary states (1.3s)
  ✓  105 ../../tests/e2e/workbench.spec.ts:22:1 › real keyboard and mouse resize, native drawers, focus return and restored layout (2.3s)
  ✓  106 ../../tests/e2e/workbench.spec.ts:43:1 › object drafts survive preview switches, close choice and browser reload without fake sending (3.3s)
  ✓  107 ../../tests/e2e/workbench.spec.ts:60:1 › server CAS conflict is visible, local object drafts survive and explicit readback recovers (5.4s)
  ✓  108 ../../tests/e2e/workbench.spec.ts:73:1 › offline pending UI is restored after actual connection recovery (3.7s)
  ✓  109 ../../tests/e2e/workbench.spec.ts:85:1 › actual MathJax, no runtime errors, long formula local scrolling, all screenshot sizes (2.3s)
  ✓  110 ../../tests/e2e/workbench.spec.ts:112:1 › two browser pages keep drafts for different objects in native IndexedDB (6.4s)
  ✓  111 ../../tests/e2e/workbench.spec.ts:130:1 › exact reference mismatch stays unresolved and preserves the original snapshot (2.3s)
  ✓  112 ../../tests/e2e/workbench.spec.ts:147:1 › cold lazy renderer restores saved reading offset after the content is ready (3.7s)
  ✓  113 ../../tests/e2e/workbench.spec.ts:167:1 › native concurrent same-object transactions preserve both candidates and expose explicit recovery (6.7s)
  ✓  114 ../../tests/e2e/workbench.spec.ts:200:1 › directory history restores the current course and navigation entry (3.1s)
  ✓  115 ../../tests/e2e/workbench.spec.ts:212:1 › UI cache quota failure stays visibly unsaved until the real server acknowledges (2.8s)
  ✓  116 ../../tests/e2e/workbench.spec.ts:229:1 › offline UI candidates from two pages remain separate on reload (2.7s)
  ✓  117 ../../tests/e2e/workbench.spec.ts:250:1 › quota-only memory candidate with a changed server baseline shows three-way comparison before explicit CAS (5.1s)
  ✓  118 ../../tests/e2e/workbench.spec.ts:283:1 › per-object details and focus survive A to B to A and browser reload after lazy content readiness (4.1s)
  ✓  119 ../../tests/e2e/workbench.spec.ts:302:1 › first unsent-draft conflict shows original, local and stored text before any reload or choice (2.4s)
  ✓  120 ../../tests/e2e/workbench.spec.ts:332:1 › route directory stays honestly empty and continue reading restores the exact last lesson (3.6s)
  ✓  121 ../../tests/e2e/workbench.spec.ts:354:1 › native keyboard selection updates frozen-reference preview and ambiguous source matches are refused (2.7s)
  ✓  122 ../../tests/e2e/zoom.spec.ts:5:1 › real browser 200 percent zoom reflows CSS width through Chrome appearance setting (2.3s)


  1) ../../tests/e2e/content-impacts.spec.ts:28:1 › native edit publication discovers actual impacts and preserves human decisions through CAS, lost reply, IDB failure, access changes, stable pages and restart 

    Error: expect(locator).toBeVisible() failed

    Locator: getByRole('region', { name: '内容变更影响复核', exact: true }).getByRole('region', { name: '本次读取的内容影响详情', exact: true })
    Expected: visible
    Timeout: 5000ms
    Error: element(s) not found

    Call log:
      - Expect "toBeVisible" getByRole('region', { name: '内容变更影响复核', exact: true }).getByRole('region', { name: '本次读取的内容影响详情', exact: true }) with timeout 5000ms
      - waiting for getByRole('region', { name: '内容变更影响复核', exact: true }).getByRole('region', { name: '本次读取的内容影响详情', exact: true })


      85 |     await panel(restored).getByRole('button', { name: `查看影响详情 ${event}`, exact: true }).click(); await expect(panel(restored).getByRole('region', { name: '本次读取的内容影响详情', exact: true })).toBeVisible()
      86 |     const policyPage = await next.newPage(); await policyPage.goto(runtime.origin); const assessment = originalAssessmentPackage('impactpolicy'); const imported = await importAssessmentPackage(policyPage, assessment); await imported.dialog.getByRole('button', { name: '切换为作者角色', exact: true }).click(); await imported.dialog.getByRole('button', { name: '关闭导入', exact: true }).click()
    > 87 |     await panel(restored).getByRole('button', { name: '重新核验内容复核权限', exact: true }).click(); await list(restored, block); await panel(restored).getByRole('button', { name: `查看影响详情 ${event}`, exact: true }).click(); await expect(panel(restored).getByRole('region', { name: '本次读取的内容影响详情', exact: true })).toBeVisible()
         |                                                                                                                                                                                                                                                                                                               ^
      88 |     expect((await restored.request.get('/api/v1/session').then(r => r.json())).role).toBe('author')
      89 |     const href = `${runtime.origin}/?assessment=${encodeURIComponent(JSON.stringify({ assessment_ref: assessment.assessment, course_ref: assessment.course }))}`; await policyPage.goto(href)
      90 |     await policyPage.getByRole('checkbox', { name: '我已核对内容状态与模式，确认开始未评分测试', exact: true }).check(); await policyPage.getByRole('button', { name: '明确开始本次测试', exact: true }).click()
        at $HOME/.cache/learning-workbench-acceptance/m62-v313-combined-0b885ec3/tests/e2e/content-impacts.spec.ts:87:303

    attachment #1: screenshot (image/png) ──────────────────────────────────────────────────────────
    ../../../m62-v313-combined-evidence-0b885ec3/native-full/artifacts/content-impacts-native-edi-b32dd-es-stable-pages-and-restart/test-failed-1.png
    ────────────────────────────────────────────────────────────────────────────────────────────────

    attachment #2: screenshot (image/png) ──────────────────────────────────────────────────────────
    ../../../m62-v313-combined-evidence-0b885ec3/native-full/artifacts/content-impacts-native-edi-b32dd-es-stable-pages-and-restart/test-failed-2.png
    ────────────────────────────────────────────────────────────────────────────────────────────────

    attachment #3: screenshot (image/png) ──────────────────────────────────────────────────────────
    ../../../m62-v313-combined-evidence-0b885ec3/native-full/artifacts/content-impacts-native-edi-b32dd-es-stable-pages-and-restart/test-failed-3.png
    ────────────────────────────────────────────────────────────────────────────────────────────────

    attachment #4: screenshot (image/png) ──────────────────────────────────────────────────────────
    ../../../m62-v313-combined-evidence-0b885ec3/native-full/artifacts/content-impacts-native-edi-b32dd-es-stable-pages-and-restart/test-failed-4.png
    ────────────────────────────────────────────────────────────────────────────────────────────────

    Error Context: ../../../m62-v313-combined-evidence-0b885ec3/native-full/artifacts/content-impacts-native-edi-b32dd-es-stable-pages-and-restart/error-context.md

  1 failed
    ../../tests/e2e/content-impacts.spec.ts:28:1 › native edit publication discovers actual impacts and preserves human decisions through CAS, lost reply, IDB failure, access changes, stable pages and restart 
  121 passed (16.4m)
