uv run --frozen ruff check .
E402 Module level import not at top of file
  --> progress/evidence/2026-09-14/M2.1-independent-review-probe.py:22:1
   |
20 | sys.path.insert(0, str(ROOT))
21 |
22 | from packages.contracts import domain_models as dm
   | ^^^^^^^^^^^^^^^^^^^^^^^^^^^^^^^^^^^^^^^^^^^^^^^^^^
23 | from packages.contracts.canonical import metadata_sha256, sha256_bytes
24 | from services.api.app.application.content import ContentService
   |
help: Move module level imports to top of file

E402 Module level import not at top of file
  --> progress/evidence/2026-09-14/M2.1-independent-review-probe.py:23:1
   |
22 | from packages.contracts import domain_models as dm
23 | from packages.contracts.canonical import metadata_sha256, sha256_bytes
   | ^^^^^^^^^^^^^^^^^^^^^^^^^^^^^^^^^^^^^^^^^^^^^^^^^^^^^^^^^^^^^^^^^^^^^^
24 | from services.api.app.application.content import ContentService
25 | from services.api.app.config import Settings
   |
help: Move module level imports to top of file

E402 Module level import not at top of file
  --> progress/evidence/2026-09-14/M2.1-independent-review-probe.py:24:1
   |
22 | from packages.contracts import domain_models as dm
23 | from packages.contracts.canonical import metadata_sha256, sha256_bytes
24 | from services.api.app.application.content import ContentService
   | ^^^^^^^^^^^^^^^^^^^^^^^^^^^^^^^^^^^^^^^^^^^^^^^^^^^^^^^^^^^^^^^
25 | from services.api.app.config import Settings
26 | from services.api.app.database import Database
   |
help: Move module level imports to top of file

E402 Module level import not at top of file
  --> progress/evidence/2026-09-14/M2.1-independent-review-probe.py:25:1
   |
23 | from packages.contracts.canonical import metadata_sha256, sha256_bytes
24 | from services.api.app.application.content import ContentService
25 | from services.api.app.config import Settings
   | ^^^^^^^^^^^^^^^^^^^^^^^^^^^^^^^^^^^^^^^^^^^^
26 | from services.api.app.database import Database
   |
help: Move module level imports to top of file

E402 Module level import not at top of file
  --> progress/evidence/2026-09-14/M2.1-independent-review-probe.py:26:1
   |
24 | from services.api.app.application.content import ContentService
25 | from services.api.app.config import Settings
26 | from services.api.app.database import Database
   | ^^^^^^^^^^^^^^^^^^^^^^^^^^^^^^^^^^^^^^^^^^^^^^
27 |
28 | SOURCE_PATHS = (
   |
help: Move module level imports to top of file

Found 5 errors.
make: *** [Makefile:20: lint] Error 1
