============================= test session starts ==============================
platform linux -- Python 3.12.13, pytest-9.1.1, pluggy-1.6.0
rootdir: <REPO>
configfile: pyproject.toml
testpaths: tests
plugins: anyio-4.15.1
collected 277 items

tests/contract/test_api_projection.py ....................               [  7%]
tests/contract/test_generated_transport.py ...............               [ 12%]
tests/contract/test_models.py ............................               [ 22%]
tests/contract/test_optional_patch.py .                                  [ 23%]
tests/contract/test_package_integrity.py ........................        [ 31%]
tests/integration/test_content_http.py ...........                       [ 35%]
tests/integration/test_content_repository.py ........................... [ 45%]
........                                                                 [ 48%]
tests/integration/test_workbench_persistence.py ...............          [ 53%]
tests/security/test_local_boundary.py .................................  [ 65%]
tests/unit/test_backend_database.py ........                             [ 68%]
tests/unit/test_backup_command.py ...                                    [ 69%]
tests/unit/test_content_store.py ....................................... [ 83%]
...........................                                              [ 93%]
tests/unit/test_governance.py .....                                      [ 95%]
tests/unit/test_spec_catalog.py ....                                     [ 96%]
tests/unit/test_spec_extraction.py .........                             [100%]

=============================== warnings summary ===============================
.venv/lib/python3.12/site-packages/fastapi/testclient.py:1
  <REPO>/.venv/lib/python3.12/site-packages/fastapi/testclient.py:1: StarletteDeprecationWarning: Using `httpx` with `starlette.testclient` is deprecated; install `httpx2` instead.
    from starlette.testclient import TestClient as TestClient  # noqa

.venv/lib/python3.12/site-packages/starlette/testclient.py:53
  <REPO>/.venv/lib/python3.12/site-packages/starlette/testclient.py:53: DeprecationWarning: The anyio.abc.BlockingPortal alias is deprecated, use anyio.from_thread.BlockingPortal instead.
    _PortalFactoryType = Callable[[], AbstractContextManager[anyio.abc.BlockingPortal]]

-- Docs: https://docs.pytest.org/en/stable/how-to/capture-warnings.html
======================= 277 passed, 2 warnings in 5.12s ========================
