bash scripts/node.sh npm --prefix apps/web run test:e2e

> @learning-workbench/web@0.1.0 test:e2e
> playwright test --config ../../tests/e2e/playwright.config.ts

[WebServer] INFO:     Started server process [197513]
[WebServer] INFO:     Waiting for application startup.
[WebServer] INFO:     Application startup complete.
[WebServer] INFO:     Uvicorn running on http://127.0.0.1:8765 (Press CTRL+C to quit)
[WebServer] (node:197539) Warning: The 'NO_COLOR' env is ignored due to the 'FORCE_COLOR' env being set.
[WebServer] (Use `node --trace-warnings ...` to show where the warning was created)

Running 27 tests using 1 worker

(node:197614) Warning: The 'NO_COLOR' env is ignored due to the 'FORCE_COLOR' env being set.
(Use `node --trace-warnings ...` to show where the warning was created)
  ✓   1 ../../tests/e2e/imports.spec.ts:71:1 › real Markdown upload stays staged, previews and downloads exact bytes, restores and commits exact course refs (3.3s)
  ✓   2 ../../tests/e2e/imports.spec.ts:149:1 › safe HTML warning requires explicit acceptance and native cancel leaves courses untouched (2.2s)
  ✓   3 ../../tests/e2e/imports.spec.ts:172:1 › UTF-8 text can target a real existing course and creates a newer exact revision (3.7s)
  ✓   4 ../../tests/e2e/imports.spec.ts:188:1 › upload request failure keeps the selected file; preview failure keeps the recovery ID and explicit retry works (2.2s)

  ✓   5 ../../tests/e2e/imports.spec.ts:208:1 › author package requires explicit role change and clears the private preview after returning to learner (3.4s)
  ✓   6 ../../tests/e2e/imports.spec.ts:244:1 › a real invalid UTF-8 parse shows a blocking error and cannot be confirmed (2.1s)

  ✓   7 ../../tests/e2e/imports.spec.ts:265:1 › local encoding choice preserves the failed original and creates a separately confirmed UTF-8 import (4.2s)

  ✓   8 ../../tests/e2e/imports.spec.ts:332:1 › deferred author preview and original responses cannot restore content after the role is lowered (3.2s)
  ✓   9 ../../tests/e2e/workbench.spec.ts:4:1 › empty workspace, native bootstrap, four fixed navigation and truthful auxiliary states (784ms)
  ✓  10 ../../tests/e2e/workbench.spec.ts:21:1 › real keyboard and mouse resize, native drawers, focus return and restored layout (1.7s)
  ✓  11 ../../tests/e2e/workbench.spec.ts:42:1 › object drafts survive preview switches, close choice and browser reload without fake sending (2.4s)
  ✓  12 ../../tests/e2e/workbench.spec.ts:59:1 › server CAS conflict is visible, local object drafts survive and explicit readback recovers (4.7s)
  ✓  13 ../../tests/e2e/workbench.spec.ts:72:1 › offline pending UI is restored after actual connection recovery (2.9s)
  ✓  14 ../../tests/e2e/workbench.spec.ts:84:1 › actual MathJax, no runtime errors, long formula local scrolling, all screenshot sizes (1.7s)
  ✓  15 ../../tests/e2e/workbench.spec.ts:111:1 › two browser pages keep drafts for different objects in native IndexedDB (4.0s)
  ✓  16 ../../tests/e2e/workbench.spec.ts:129:1 › exact reference mismatch stays unresolved and preserves the original snapshot (1.2s)
  ✓  17 ../../tests/e2e/workbench.spec.ts:146:1 › cold lazy renderer restores saved reading offset after the content is ready (2.9s)
  ✓  18 ../../tests/e2e/workbench.spec.ts:158:1 › native concurrent same-object transactions preserve both candidates and expose explicit recovery (3.6s)
  ✓  19 ../../tests/e2e/workbench.spec.ts:191:1 › directory history restores the current course and navigation entry (2.1s)
  ✓  20 ../../tests/e2e/workbench.spec.ts:203:1 › UI cache quota failure stays visibly unsaved until the real server acknowledges (2.3s)
  ✓  21 ../../tests/e2e/workbench.spec.ts:220:1 › offline UI candidates from two pages remain separate on reload (1.7s)
  ✓  22 ../../tests/e2e/workbench.spec.ts:241:1 › quota-only memory candidate with a changed server baseline shows three-way comparison before explicit CAS (4.4s)
  ✓  23 ../../tests/e2e/workbench.spec.ts:274:1 › per-object details and focus survive A to B to A and browser reload after lazy content readiness (3.4s)
  ✓  24 ../../tests/e2e/workbench.spec.ts:293:1 › first unsent-draft conflict shows original, local and stored text before any reload or choice (1.6s)
  ✓  25 ../../tests/e2e/workbench.spec.ts:323:1 › route directory stays honestly empty and continue reading restores the exact last lesson (2.7s)
  ✓  26 ../../tests/e2e/workbench.spec.ts:343:1 › native keyboard selection updates frozen-reference preview and ambiguous source matches are refused (2.0s)
  ✓  27 ../../tests/e2e/zoom.spec.ts:5:1 › real browser 200 percent zoom reflows CSS width through Chrome appearance setting (1.6s)

  27 passed (1.2m)
