
> @learning-workbench/web@0.1.0 test:e2e
> playwright test --config ../../tests/e2e/playwright.config.ts document-imports.spec.ts --grep real DOCX safe text

[WebServer] INFO:     Started server process [237512]
[WebServer] INFO:     Waiting for application startup.
[WebServer] INFO:     Application startup complete.
[WebServer] INFO:     Uvicorn running on http://127.0.0.1:8765 (Press CTRL+C to quit)
[WebServer] (node:237532) Warning: The 'NO_COLOR' env is ignored due to the 'FORCE_COLOR' env being set.
[WebServer] (Use `node --trace-warnings ...` to show where the warning was created)

Running 1 test using 1 worker

(node:237585) Warning: The 'NO_COLOR' env is ignored due to the 'FORCE_COLOR' env being set.
(Use `node --trace-warnings ...` to show where the warning was created)

  ✘  1 ../../tests/e2e/document-imports.spec.ts:110:1 › real DOCX safe text stays readable for learner while original bytes require an explicit author role (3.1s)


  1) ../../tests/e2e/document-imports.spec.ts:110:1 › real DOCX safe text stays readable for learner while original bytes require an explicit author role 

    Error: expect(received).toBeLessThanOrEqual(expected)

    Expected: <= 360
    Received:    702

      146 |   expect(await page.evaluate(() => document.documentElement.scrollWidth <= innerWidth)).toBe(true)
      147 |   const flowWidth = await dialog.locator('.import-workflow').evaluate(element => ({ scroll: element.scrollWidth, client: element.clientWidth }))
    > 148 |   expect(flowWidth.scroll).toBeLessThanOrEqual(flowWidth.client)
          |                            ^
      149 |   await page.screenshot({ path: testInfo.outputPath('document-docx-preview-390.png') })
      150 |   await acceptWarnings(page)
      151 |   await confirm(page)
        at <REPO>/tests/e2e/document-imports.spec.ts:148:28

    Error Context: ../../.local_data/e2e-results/document-imports-real-DOCX-54907-ire-an-explicit-author-role/error-context.md

  1 failed
    ../../tests/e2e/document-imports.spec.ts:110:1 › real DOCX safe text stays readable for learner while original bytes require an explicit author role 
