2026-09-14T12:35:16.4212816Z Current runner version: '2.337.0'
2026-09-14T12:35:16.4239341Z ##[group]Runner Image Provisioner
2026-09-14T12:35:16.4240221Z Hosted Compute Agent
2026-09-14T12:35:16.4240795Z Version: 20260828.587
2026-09-14T12:35:16.4241551Z Commit: abac92662cab4cc7352de4f9f9d2e2419aad9c29
2026-09-14T12:35:16.4242282Z Build Date: 2026-08-28T16:44:25Z
2026-09-14T12:35:16.4243039Z Worker ID: {ac09246e-4a3d-4beb-b886-994ef58fa85b}
2026-09-14T12:35:16.4243817Z Azure Region: westus
2026-09-14T12:35:16.4244368Z ##[endgroup]
2026-09-14T12:35:16.4246384Z ##[group]Operating System
2026-09-14T12:35:16.4247046Z Ubuntu
2026-09-14T12:35:16.4247692Z 26.04.1
2026-09-14T12:35:16.4248241Z LTS
2026-09-14T12:35:16.4248757Z ##[endgroup]
2026-09-14T12:35:16.4249374Z ##[group]Runner Image
2026-09-14T12:35:16.4249985Z Image: ubuntu-26.04
2026-09-14T12:35:16.4250644Z Version: 20260907.131.1
2026-09-14T12:35:16.4251896Z Included Software: https://github.com/actions/runner-images/blob/ubuntu26/20260907.131/images/ubuntu/Ubuntu2604-Readme.md
2026-09-14T12:35:16.4253497Z Image Release: https://github.com/actions/runner-images/releases/tag/ubuntu26%2F20260907.131
2026-09-14T12:35:16.4254475Z ##[endgroup]
2026-09-14T12:35:16.4256045Z ##[group]GITHUB_TOKEN Permissions
2026-09-14T12:35:16.4257989Z Contents: read
2026-09-14T12:35:16.4258678Z Metadata: read
2026-09-14T12:35:16.4259259Z ##[endgroup]
2026-09-14T12:35:16.4261447Z Secret source: Actions
2026-09-14T12:35:16.4262525Z Cache mode: write
2026-09-14T12:35:16.4263273Z Prepare workflow directory
2026-09-14T12:35:16.4622977Z Prepare all required actions
2026-09-14T12:35:16.4694754Z Getting action download info
2026-09-14T12:35:16.8308765Z Download action repository 'actions/checkout@3d3c42e5aac5ba805825da76410c181273ba90b1' (SHA:3d3c42e5aac5ba805825da76410c181273ba90b1)
2026-09-14T12:35:16.9515335Z Download action repository 'actions/setup-python@5fda3b95a4ea91299a34e894583c3862153e4b97' (SHA:5fda3b95a4ea91299a34e894583c3862153e4b97)
2026-09-14T12:35:17.0530143Z Download action repository 'actions/setup-node@820762786026740c76f36085b0efc47a31fe5020' (SHA:820762786026740c76f36085b0efc47a31fe5020)
2026-09-14T12:35:17.2885042Z Complete job name: browser
2026-09-14T12:35:17.3669929Z ##[group]Run actions/checkout@3d3c42e5aac5ba805825da76410c181273ba90b1
2026-09-14T12:35:17.3671406Z with:
2026-09-14T12:35:17.3671895Z   repository: kl3574/Learning_Workbench
2026-09-14T12:35:17.3676444Z   token: ***
2026-09-14T12:35:17.3676899Z   ssh-strict: true
2026-09-14T12:35:17.3677333Z   ssh-user: git
2026-09-14T12:35:17.3677781Z   persist-credentials: true
2026-09-14T12:35:17.3678263Z   clean: true
2026-09-14T12:35:17.3678720Z   sparse-checkout-cone-mode: true
2026-09-14T12:35:17.3679246Z   fetch-depth: 1
2026-09-14T12:35:17.3679675Z   fetch-tags: false
2026-09-14T12:35:17.3680117Z   show-progress: true
2026-09-14T12:35:17.3680556Z   lfs: false
2026-09-14T12:35:17.3680968Z   submodules: false
2026-09-14T12:35:17.3681412Z   set-safe-directory: true
2026-09-14T12:35:17.3681921Z   allow-unsafe-pr-checkout: false
2026-09-14T12:35:17.3682810Z ##[endgroup]
2026-09-14T12:35:17.4690618Z Syncing repository: kl3574/Learning_Workbench
2026-09-14T12:35:17.4693419Z ##[group]Getting Git version info
2026-09-14T12:35:17.4694988Z Working directory is '<USER_HOME>/work/Learning_Workbench/Learning_Workbench'
2026-09-14T12:35:17.4697040Z [command]/usr/bin/git version
2026-09-14T12:35:17.4720135Z git version 2.55.0
2026-09-14T12:35:17.4742233Z ##[endgroup]
2026-09-14T12:35:17.4755017Z Temporarily overriding HOME='<USER_HOME>/work/_temp/5a64039c-e1c1-473b-bdd4-523fff6cbf19' before making global git config changes
2026-09-14T12:35:17.4757481Z Adding repository directory to the temporary git global config as a safe directory
2026-09-14T12:35:17.4760191Z [command]/usr/bin/git config --global --add safe.directory <USER_HOME>/work/Learning_Workbench/Learning_Workbench
2026-09-14T12:35:17.4823613Z Deleting the contents of '<USER_HOME>/work/Learning_Workbench/Learning_Workbench'
2026-09-14T12:35:17.4827274Z ##[group]Determining repository object format
2026-09-14T12:35:17.4829522Z ##[endgroup]
2026-09-14T12:35:17.4830993Z ##[group]Initializing the repository
2026-09-14T12:35:17.4848177Z [command]/usr/bin/git init <USER_HOME>/work/Learning_Workbench/Learning_Workbench
2026-09-14T12:35:17.4993366Z hint: Using 'master' as the name for the initial branch. This default branch name
2026-09-14T12:35:17.4998991Z hint: will change to "main" in Git 3.0. To configure the initial branch name
2026-09-14T12:35:17.5000164Z hint: to use in all of your new repositories, which will suppress this warning,
2026-09-14T12:35:17.5000994Z hint: call:
2026-09-14T12:35:17.5001484Z hint:
2026-09-14T12:35:17.5002137Z hint: 	git config --global init.defaultBranch <name>
2026-09-14T12:35:17.5002861Z hint:
2026-09-14T12:35:17.5003523Z hint: Names commonly chosen instead of 'master' are 'main', 'trunk' and
2026-09-14T12:35:17.5004518Z hint: 'development'. The just-created branch can be renamed via this command:
2026-09-14T12:35:17.5005610Z hint:
2026-09-14T12:35:17.5006117Z hint: 	git branch -m <name>
2026-09-14T12:35:17.5006759Z hint:
2026-09-14T12:35:17.5007461Z hint: Disable this message with "git config set advice.defaultBranchName false"
2026-09-14T12:35:17.5008646Z Initialized empty Git repository in <USER_HOME>/work/Learning_Workbench/Learning_Workbench/.git/
2026-09-14T12:35:17.5021503Z [command]/usr/bin/git remote add origin https://github.com/kl3574/Learning_Workbench
2026-09-14T12:35:17.5110986Z ##[endgroup]
2026-09-14T12:35:17.5112640Z ##[group]Disabling automatic garbage collection
2026-09-14T12:35:17.5115544Z [command]/usr/bin/git config --local gc.auto 0
2026-09-14T12:35:17.5156225Z ##[endgroup]
2026-09-14T12:35:17.5158065Z ##[group]Setting up auth
2026-09-14T12:35:17.5159364Z Removing SSH command configuration
2026-09-14T12:35:17.5163696Z [command]/usr/bin/git config --local --name-only --get-regexp core\.sshCommand
2026-09-14T12:35:17.5201605Z [command]/usr/bin/git submodule foreach --recursive sh -c "git config --local --name-only --get-regexp 'core\.sshCommand' && git config --local --unset-all 'core.sshCommand' || :"
2026-09-14T12:35:17.5746314Z Removing HTTP extra header
2026-09-14T12:35:17.5758505Z [command]/usr/bin/git config --local --name-only --get-regexp http\.https\:\/\/github\.com\/\.extraheader
2026-09-14T12:35:17.5797716Z [command]/usr/bin/git submodule foreach --recursive sh -c "git config --local --name-only --get-regexp 'http\.https\:\/\/github\.com\/\.extraheader' && git config --local --unset-all 'http.https://github.com/.extraheader' || :"
2026-09-14T12:35:17.6061998Z Removing includeIf entries pointing to credentials config files
2026-09-14T12:35:17.6067096Z [command]/usr/bin/git config --local --name-only --get-regexp ^includeIf\.gitdir:
2026-09-14T12:35:17.6106389Z [command]/usr/bin/git submodule foreach --recursive git config --local --show-origin --name-only --get-regexp remote.origin.url
2026-09-14T12:35:17.6378943Z [command]/usr/bin/git config --file <USER_HOME>/work/_temp/git-credentials-a687129c-6780-40bd-9b64-2280f92bafb5.config http.https://github.com/.extraheader AUTHORIZATION: basic ***
2026-09-14T12:35:17.6418328Z [command]/usr/bin/git config --local includeIf.gitdir:<USER_HOME>/work/Learning_Workbench/Learning_Workbench/.git.path <USER_HOME>/work/_temp/git-credentials-a687129c-6780-40bd-9b64-2280f92bafb5.config
2026-09-14T12:35:17.6448996Z [command]/usr/bin/git config --local includeIf.gitdir:<USER_HOME>/work/Learning_Workbench/Learning_Workbench/.git/worktrees/*.path <USER_HOME>/work/_temp/git-credentials-a687129c-6780-40bd-9b64-2280f92bafb5.config
2026-09-14T12:35:17.6484321Z [command]/usr/bin/git config --local includeIf.gitdir:/github/workspace/.git.path /github/runner_temp/git-credentials-a687129c-6780-40bd-9b64-2280f92bafb5.config
2026-09-14T12:35:17.6516891Z [command]/usr/bin/git config --local includeIf.gitdir:/github/workspace/.git/worktrees/*.path /github/runner_temp/git-credentials-a687129c-6780-40bd-9b64-2280f92bafb5.config
2026-09-14T12:35:17.6546544Z ##[endgroup]
2026-09-14T12:35:17.6547356Z ##[group]Fetching the repository
2026-09-14T12:35:17.6555354Z [command]/usr/bin/git -c protocol.version=2 fetch --no-tags --prune --no-recurse-submodules --depth=1 origin +d9357564655c81b4dadb6373b45ae12fc155e507:refs/remotes/pull/41/merge
2026-09-14T12:35:18.3309969Z From https://github.com/kl3574/Learning_Workbench
2026-09-14T12:35:18.3312165Z  * [new ref]         d9357564655c81b4dadb6373b45ae12fc155e507 -> pull/41/merge
2026-09-14T12:35:18.3318056Z ##[endgroup]
2026-09-14T12:35:18.3320052Z ##[group]Determining the checkout info
2026-09-14T12:35:18.3322177Z ##[endgroup]
2026-09-14T12:35:18.3323642Z [command]/usr/bin/git sparse-checkout disable
2026-09-14T12:35:18.3377164Z [command]/usr/bin/git config --local --unset-all extensions.worktreeConfig
2026-09-14T12:35:18.3521912Z ##[group]Checking out the ref
2026-09-14T12:35:18.3524008Z [command]/usr/bin/git checkout --progress --force refs/remotes/pull/41/merge
2026-09-14T12:35:18.3886731Z Note: switching to 'refs/remotes/pull/41/merge'.
2026-09-14T12:35:18.3887705Z 
2026-09-14T12:35:18.3888579Z You are in 'detached HEAD' state. You can look around, make experimental
2026-09-14T12:35:18.3890511Z changes and commit them, and you can discard any commits you make in this
2026-09-14T12:35:18.3891725Z state without impacting any branches by switching back to a branch.
2026-09-14T12:35:18.3892433Z 
2026-09-14T12:35:18.3892973Z If you want to create a new branch to retain commits you create, you may
2026-09-14T12:35:18.3894129Z do so (now or later) by using -c with the switch command. Example:
2026-09-14T12:35:18.3895180Z 
2026-09-14T12:35:18.3895628Z   git switch -c <new-branch-name>
2026-09-14T12:35:18.3896398Z 
2026-09-14T12:35:18.3896827Z Or undo this operation with:
2026-09-14T12:35:18.3897305Z 
2026-09-14T12:35:18.3897609Z   git switch -
2026-09-14T12:35:18.3897960Z 
2026-09-14T12:35:18.3898608Z Turn off this advice by setting config variable advice.detachedHead to false
2026-09-14T12:35:18.3899568Z 
2026-09-14T12:35:18.3900929Z HEAD is now at d935756 Merge 4b4f98ff84b01627cf386f433dfe8975ae3fdbde into fa5686a47f9f88378c20d8242873c9baaad491cc
2026-09-14T12:35:18.3904266Z ##[endgroup]
2026-09-14T12:35:18.3951147Z [command]/usr/bin/git log -1 --format=%H
2026-09-14T12:35:18.3977937Z d9357564655c81b4dadb6373b45ae12fc155e507
2026-09-14T12:35:18.4339048Z ##[group]Run actions/setup-python@5fda3b95a4ea91299a34e894583c3862153e4b97
2026-09-14T12:35:18.4340337Z with:
2026-09-14T12:35:18.4340840Z   python-version: 3.12.13
2026-09-14T12:35:18.4341498Z   check-latest: false
2026-09-14T12:35:18.4351836Z   token: ***
2026-09-14T12:35:18.4352393Z   update-environment: true
2026-09-14T12:35:18.4353083Z   allow-prereleases: false
2026-09-14T12:35:18.4353767Z   freethreaded: false
2026-09-14T12:35:18.4354344Z ##[endgroup]
2026-09-14T12:35:18.5575819Z ##[group]Installed versions
2026-09-14T12:35:18.5596985Z Version 3.12.13 was not found in the local cache
2026-09-14T12:35:19.3148389Z Version 3.12.13 is available for downloading
2026-09-14T12:35:19.3150126Z Download from "https://github.com/actions/python-versions/releases/download/3.12.13-27650778726/python-3.12.13-linux-26.04-x64.tar.gz"
2026-09-14T12:35:21.3637531Z Extract downloaded archive
2026-09-14T12:35:21.3782880Z [command]/usr/bin/tar xz --warning=no-unknown-keyword --overwrite -C <USER_HOME>/work/_temp/dafaaf1b-f420-4703-9bc1-822ccce0038a -f <USER_HOME>/work/_temp/a03b7400-2d4a-4c4a-b70f-82e429d21ee1
2026-09-14T12:35:22.5854644Z Execute installation script
2026-09-14T12:35:22.5989901Z Check if Python hostedtoolcache folder exist...
2026-09-14T12:35:22.6005837Z Create Python 3.12.13 folder
2026-09-14T12:35:22.6026954Z Copy Python binaries to hostedtoolcache folder
2026-09-14T12:35:23.0690444Z Create additional symlinks (Required for the UsePythonVersion Azure Pipelines task and the setup-python GitHub Action)
2026-09-14T12:35:23.0794089Z Upgrading pip...
2026-09-14T12:35:25.0986890Z Collecting pip
2026-09-14T12:35:25.1706455Z Downloading pip-26.2.1-py3-none-any.whl.metadata (4.6 kB)
2026-09-14T12:35:25.1957468Z Downloading pip-26.2.1-py3-none-any.whl (1.8 MB)
2026-09-14T12:35:25.3015966Z ━━━━━━━━━━━━━━━━━━━━━━━━━━━━━━━━━━━━━━━━ 1.8/1.8 MB 27.9 MB/s eta 0:00:00
2026-09-14T12:35:25.3016580Z 
2026-09-14T12:35:25.3212861Z Installing collected packages: pip
2026-09-14T12:35:25.3216614Z Attempting uninstall: pip
2026-09-14T12:35:25.3237890Z Found existing installation: pip 25.0.1
2026-09-14T12:35:25.3584309Z Uninstalling pip-25.0.1:
2026-09-14T12:35:25.3644375Z Successfully uninstalled pip-25.0.1
2026-09-14T12:35:26.2345415Z Successfully installed pip-26.2.1
2026-09-14T12:35:26.2899132Z Create complete file
2026-09-14T12:35:26.2954182Z Successfully set up CPython (3.12.13)
2026-09-14T12:35:26.2955323Z ##[endgroup]
2026-09-14T12:35:26.3168699Z ##[group]Run actions/setup-node@820762786026740c76f36085b0efc47a31fe5020
2026-09-14T12:35:26.3169124Z with:
2026-09-14T12:35:26.3169329Z   node-version: 24.21.0
2026-09-14T12:35:26.3169555Z   check-latest: false
2026-09-14T12:35:26.3172272Z   token: ***
2026-09-14T12:35:26.3172509Z   package-manager-cache: true
2026-09-14T12:35:26.3172754Z env:
2026-09-14T12:35:26.3173052Z   pythonLocation: /opt/hostedtoolcache/Python/3.12.13/x64
2026-09-14T12:35:26.3173516Z   PKG_CONFIG_PATH: /opt/hostedtoolcache/Python/3.12.13/x64/lib/pkgconfig
2026-09-14T12:35:26.3173939Z   Python_ROOT_DIR: /opt/hostedtoolcache/Python/3.12.13/x64
2026-09-14T12:35:26.3174312Z   Python2_ROOT_DIR: /opt/hostedtoolcache/Python/3.12.13/x64
2026-09-14T12:35:26.3174687Z   Python3_ROOT_DIR: /opt/hostedtoolcache/Python/3.12.13/x64
2026-09-14T12:35:26.3175347Z   LD_LIBRARY_PATH: /opt/hostedtoolcache/Python/3.12.13/x64/lib
2026-09-14T12:35:26.3175666Z ##[endgroup]
2026-09-14T12:35:26.4543812Z Attempting to download 24.21.0...
2026-09-14T12:35:27.2297527Z Acquiring 24.21.0 - x64 from https://github.com/actions/node-versions/releases/download/24.21.0-34304089047/node-24.21.0-linux-x64.tar.gz
2026-09-14T12:35:27.7360640Z Extracting ...
2026-09-14T12:35:27.7493534Z [command]/usr/bin/tar xz --strip 1 --warning=no-unknown-keyword --overwrite -C <USER_HOME>/work/_temp/d3e0ddae-0ab4-4fa1-a03c-4c7817c0cc7a -f <USER_HOME>/work/_temp/e8e672ab-1e82-4309-8fc3-199dddac30f5
2026-09-14T12:35:28.5121724Z Adding to the cache ...
2026-09-14T12:35:30.3603041Z ##[group]Environment details
2026-09-14T12:35:30.6488881Z node: v24.21.0
2026-09-14T12:35:30.6489172Z npm: 11.19.0
2026-09-14T12:35:30.6489378Z yarn: 1.22.22
2026-09-14T12:35:30.6489859Z ##[endgroup]
2026-09-14T12:35:30.6685442Z ##[group]Run python -m pip install uv==0.11.21
2026-09-14T12:35:30.6685907Z python -m pip install uv==0.11.21
2026-09-14T12:35:30.6862122Z shell: /usr/bin/bash -e {0}
2026-09-14T12:35:30.6862406Z env:
2026-09-14T12:35:30.6862691Z   pythonLocation: /opt/hostedtoolcache/Python/3.12.13/x64
2026-09-14T12:35:30.6863159Z   PKG_CONFIG_PATH: /opt/hostedtoolcache/Python/3.12.13/x64/lib/pkgconfig
2026-09-14T12:35:30.6863622Z   Python_ROOT_DIR: /opt/hostedtoolcache/Python/3.12.13/x64
2026-09-14T12:35:30.6864029Z   Python2_ROOT_DIR: /opt/hostedtoolcache/Python/3.12.13/x64
2026-09-14T12:35:30.6864439Z   Python3_ROOT_DIR: /opt/hostedtoolcache/Python/3.12.13/x64
2026-09-14T12:35:30.6865205Z   LD_LIBRARY_PATH: /opt/hostedtoolcache/Python/3.12.13/x64/lib
2026-09-14T12:35:30.6865571Z ##[endgroup]
2026-09-14T12:35:31.6822942Z Collecting uv==0.11.21
2026-09-14T12:35:31.7017588Z   Downloading uv-0.11.21-py3-none-manylinux_2_17_x86_64.manylinux2014_x86_64.whl.metadata (11 kB)
2026-09-14T12:35:31.7093063Z Downloading uv-0.11.21-py3-none-manylinux_2_17_x86_64.manylinux2014_x86_64.whl (25.1 MB)
2026-09-14T12:35:31.8344435Z    ━━━━━━━━━━━━━━━━━━━━━━━━━━━━━━━━━━━━━━━━ 25.1/25.1 MB 219.5 MB/s  0:00:00
2026-09-14T12:35:31.8790391Z Installing collected packages: uv
2026-09-14T12:35:32.1369009Z Successfully installed uv-0.11.21
2026-09-14T12:35:32.1905577Z ##[group]Run uv sync --frozen
2026-09-14T12:35:32.1905928Z uv sync --frozen
2026-09-14T12:35:32.1965198Z shell: /usr/bin/bash -e {0}
2026-09-14T12:35:32.1965444Z env:
2026-09-14T12:35:32.1965716Z   pythonLocation: /opt/hostedtoolcache/Python/3.12.13/x64
2026-09-14T12:35:32.1966159Z   PKG_CONFIG_PATH: /opt/hostedtoolcache/Python/3.12.13/x64/lib/pkgconfig
2026-09-14T12:35:32.1966761Z   Python_ROOT_DIR: /opt/hostedtoolcache/Python/3.12.13/x64
2026-09-14T12:35:32.1967143Z   Python2_ROOT_DIR: /opt/hostedtoolcache/Python/3.12.13/x64
2026-09-14T12:35:32.1967517Z   Python3_ROOT_DIR: /opt/hostedtoolcache/Python/3.12.13/x64
2026-09-14T12:35:32.1967895Z   LD_LIBRARY_PATH: /opt/hostedtoolcache/Python/3.12.13/x64/lib
2026-09-14T12:35:32.1968211Z ##[endgroup]
2026-09-14T12:35:32.2561635Z Using CPython 3.12.13 interpreter at: /opt/hostedtoolcache/Python/3.12.13/x64/bin/python3.12
2026-09-14T12:35:32.2562232Z Creating virtual environment at: .venv
2026-09-14T12:35:32.3352333Z Downloading mypy (14.6MiB)
2026-09-14T12:35:32.3360734Z Downloading pygments (1.2MiB)
2026-09-14T12:35:32.3362742Z Downloading ast-serialize (1.3MiB)
2026-09-14T12:35:32.3365168Z Downloading pydantic-core (2.0MiB)
2026-09-14T12:35:32.3367128Z Downloading ruff (9.9MiB)
2026-09-14T12:35:32.6081326Z  Downloaded ast-serialize
2026-09-14T12:35:32.6324097Z  Downloaded pydantic-core
2026-09-14T12:35:32.6392557Z  Downloaded ruff
2026-09-14T12:35:32.7163821Z  Downloaded pygments
2026-09-14T12:35:32.8774752Z  Downloaded mypy
2026-09-14T12:35:32.8777212Z Prepared 37 packages in 618ms
2026-09-14T12:35:32.9208843Z Installed 37 packages in 42ms
2026-09-14T12:35:32.9209832Z  + annotated-doc==0.0.5
2026-09-14T12:35:32.9231658Z  + annotated-types==0.8.0
2026-09-14T12:35:32.9231970Z  + anyio==4.15.1
2026-09-14T12:35:32.9232287Z  + ast-serialize==0.11.2
2026-09-14T12:35:32.9232530Z  + attrs==26.1.0
2026-09-14T12:35:32.9232743Z  + certifi==2026.7.22
2026-09-14T12:35:32.9232972Z  + click==8.5.0
2026-09-14T12:35:32.9233213Z  + defusedxml==0.7.1
2026-09-14T12:35:32.9233435Z  + fastapi==0.141.1
2026-09-14T12:35:32.9233657Z  + h11==0.16.0
2026-09-14T12:35:32.9233862Z  + httpcore==1.0.9
2026-09-14T12:35:32.9234067Z  + httpx==0.28.1
2026-09-14T12:35:32.9234322Z  + idna==3.19
2026-09-14T12:35:32.9234533Z  + iniconfig==2.3.0
2026-09-14T12:35:32.9234746Z  + jsonschema==4.26.0
2026-09-14T12:35:32.9245453Z  + jsonschema-specifications==2025.9.1
2026-09-14T12:35:32.9245769Z  + librt==0.15.0
2026-09-14T12:35:32.9246003Z  + markdown-it-py==4.2.0
2026-09-14T12:35:32.9246242Z  + mdurl==0.1.2
2026-09-14T12:35:32.9246455Z  + mypy==2.3.1
2026-09-14T12:35:32.9246671Z  + mypy-extensions==1.1.0
2026-09-14T12:35:32.9246911Z  + packaging==26.3
2026-09-14T12:35:32.9247122Z  + pathspec==1.1.1
2026-09-14T12:35:32.9247328Z  + pluggy==1.6.0
2026-09-14T12:35:32.9247532Z  + pydantic==2.13.5
2026-09-14T12:35:32.9247763Z  + pydantic-core==2.46.5
2026-09-14T12:35:32.9247992Z  + pygments==2.21.0
2026-09-14T12:35:32.9248196Z  + pypdf==6.18.1
2026-09-14T12:35:32.9248407Z  + pytest==9.1.1
2026-09-14T12:35:32.9248627Z  + python-multipart==0.0.32
2026-09-14T12:35:32.9248872Z  + referencing==0.37.0
2026-09-14T12:35:32.9249103Z  + rpds-py==2026.6.3
2026-09-14T12:35:32.9249312Z  + ruff==0.16.7
2026-09-14T12:35:32.9249513Z  + starlette==1.6.0
2026-09-14T12:35:32.9249747Z  + typing-extensions==4.16.0
2026-09-14T12:35:32.9250154Z  + typing-inspection==0.4.4
2026-09-14T12:35:32.9250390Z  + uvicorn==0.53.0
2026-09-14T12:35:32.9294309Z ##[group]Run sudo apt-get update
2026-09-14T12:35:32.9294647Z sudo apt-get update
2026-09-14T12:35:32.9295997Z sudo apt-get install -y bubblewrap=0.11.1-1ubuntu0.1 apparmor=5.0.2-0ubuntu1~26.04.1 libapparmor1=5.0.2-0ubuntu1~26.04.1 libseccomp2=2.6.0-2ubuntu5
2026-09-14T12:35:32.9296747Z dpkg-query -W bubblewrap apparmor libapparmor1 libseccomp2
2026-09-14T12:35:32.9297165Z test -f /etc/apparmor.d/bwrap-userns-restrict
2026-09-14T12:35:32.9297484Z bwrap --version
2026-09-14T12:35:32.9355148Z shell: /usr/bin/bash -e {0}
2026-09-14T12:35:32.9355409Z env:
2026-09-14T12:35:32.9355678Z   pythonLocation: /opt/hostedtoolcache/Python/3.12.13/x64
2026-09-14T12:35:32.9356111Z   PKG_CONFIG_PATH: /opt/hostedtoolcache/Python/3.12.13/x64/lib/pkgconfig
2026-09-14T12:35:32.9356544Z   Python_ROOT_DIR: /opt/hostedtoolcache/Python/3.12.13/x64
2026-09-14T12:35:32.9357138Z   Python2_ROOT_DIR: /opt/hostedtoolcache/Python/3.12.13/x64
2026-09-14T12:35:32.9357549Z   Python3_ROOT_DIR: /opt/hostedtoolcache/Python/3.12.13/x64
2026-09-14T12:35:32.9357935Z   LD_LIBRARY_PATH: /opt/hostedtoolcache/Python/3.12.13/x64/lib
2026-09-14T12:35:32.9358253Z ##[endgroup]
2026-09-14T12:35:33.0308403Z Get:1 file:/etc/apt/apt-mirrors.txt Mirrorlist [144 B]
2026-09-14T12:35:33.0890320Z Get:6 https://packages.microsoft.com/ubuntu/26.04/prod resolute InRelease [3964 B]
2026-09-14T12:35:33.1035522Z Get:7 https://dl.google.com/linux/chrome-stable/deb stable InRelease [2548 B]
2026-09-14T12:35:33.1249155Z Get:8 https://packages.microsoft.com/ubuntu/26.04/prod resolute/main arm64 Packages [51.7 kB]
2026-09-14T12:35:33.1441760Z Get:9 https://packages.microsoft.com/ubuntu/26.04/prod resolute/main amd64 Packages [59.3 kB]
2026-09-14T12:35:33.1641945Z Get:10 https://dl.google.com/linux/chrome-stable/deb stable/main amd64 Packages [1410 B]
2026-09-14T12:35:33.2032509Z Hit:2 http://azure.archive.ubuntu.com/ubuntu resolute InRelease
2026-09-14T12:35:33.2056025Z Get:3 http://azure.archive.ubuntu.com/ubuntu resolute-updates InRelease [137 kB]
2026-09-14T12:35:33.2089721Z Get:4 http://azure.archive.ubuntu.com/ubuntu resolute-backports InRelease [137 kB]
2026-09-14T12:35:33.2103960Z Get:5 http://azure.archive.ubuntu.com/ubuntu resolute-security InRelease [137 kB]
2026-09-14T12:35:33.2284341Z Get:11 http://azure.archive.ubuntu.com/ubuntu resolute-updates/main amd64v3 Packages [604 kB]
2026-09-14T12:35:33.2395025Z Get:12 http://azure.archive.ubuntu.com/ubuntu resolute-updates/main Translation-en [143 kB]
2026-09-14T12:35:33.2418886Z Get:13 http://azure.archive.ubuntu.com/ubuntu resolute-updates/main amd64 Components [97.9 kB]
2026-09-14T12:35:33.2434491Z Get:14 http://azure.archive.ubuntu.com/ubuntu resolute-updates/universe amd64v3 Packages [286 kB]
2026-09-14T12:35:33.2465496Z Get:15 http://azure.archive.ubuntu.com/ubuntu resolute-updates/universe Translation-en [91.3 kB]
2026-09-14T12:35:33.2477354Z Get:16 http://azure.archive.ubuntu.com/ubuntu resolute-updates/universe amd64 Components [188 kB]
2026-09-14T12:35:33.2560100Z Get:17 http://azure.archive.ubuntu.com/ubuntu resolute-updates/restricted amd64v3 Packages [409 kB]
2026-09-14T12:35:33.2563673Z Get:18 http://azure.archive.ubuntu.com/ubuntu resolute-updates/restricted Translation-en [79.5 kB]
2026-09-14T12:35:33.2565663Z Get:19 http://azure.archive.ubuntu.com/ubuntu resolute-updates/multiverse amd64v3 Packages [11.6 kB]
2026-09-14T12:35:33.2567338Z Get:20 http://azure.archive.ubuntu.com/ubuntu resolute-updates/multiverse Translation-en [3036 B]
2026-09-14T12:35:33.2974131Z Get:21 http://azure.archive.ubuntu.com/ubuntu resolute-backports/universe amd64 Components [1056 B]
2026-09-14T12:35:33.2987393Z Get:22 http://azure.archive.ubuntu.com/ubuntu resolute-security/main amd64v3 Packages [472 kB]
2026-09-14T12:35:33.3028283Z Get:23 http://azure.archive.ubuntu.com/ubuntu resolute-security/main Translation-en [110 kB]
2026-09-14T12:35:33.3034294Z Get:24 http://azure.archive.ubuntu.com/ubuntu resolute-security/main amd64 Components [46.7 kB]
2026-09-14T12:35:33.3042693Z Get:25 http://azure.archive.ubuntu.com/ubuntu resolute-security/universe amd64v3 Packages [172 kB]
2026-09-14T12:35:33.3056983Z Get:26 http://azure.archive.ubuntu.com/ubuntu resolute-security/universe Translation-en [54.1 kB]
2026-09-14T12:35:33.3070291Z Get:27 http://azure.archive.ubuntu.com/ubuntu resolute-security/universe amd64 Components [43.5 kB]
2026-09-14T12:35:33.3087609Z Get:28 http://azure.archive.ubuntu.com/ubuntu resolute-security/restricted amd64v3 Packages [399 kB]
2026-09-14T12:35:33.3111846Z Get:29 http://azure.archive.ubuntu.com/ubuntu resolute-security/restricted Translation-en [77.7 kB]
2026-09-14T12:35:33.3120296Z Get:30 http://azure.archive.ubuntu.com/ubuntu resolute-security/multiverse amd64v3 Packages [10.9 kB]
2026-09-14T12:35:33.3125755Z Get:31 http://azure.archive.ubuntu.com/ubuntu resolute-security/multiverse Translation-en [2844 B]
2026-09-14T12:35:36.7694069Z Fetched 3834 kB in 1s (7665 kB/s)
2026-09-14T12:35:37.3935229Z Reading package lists...
2026-09-14T12:35:37.4278076Z Reading package lists...
2026-09-14T12:35:37.5573273Z Building dependency tree...
2026-09-14T12:35:37.5580739Z Reading state information...
2026-09-14T12:35:37.5892610Z bubblewrap is already the newest version (0.11.1-1ubuntu0.1).
2026-09-14T12:35:37.5893343Z bubblewrap set to manually installed.
2026-09-14T12:35:37.5894045Z apparmor is already the newest version (5.0.2-0ubuntu1~26.04.1).
2026-09-14T12:35:37.5894678Z apparmor set to manually installed.
2026-09-14T12:35:37.5895613Z libapparmor1 is already the newest version (5.0.2-0ubuntu1~26.04.1).
2026-09-14T12:35:37.5896324Z libapparmor1 set to manually installed.
2026-09-14T12:35:37.5896971Z libseccomp2 is already the newest version (2.6.0-2ubuntu5).
2026-09-14T12:35:37.5897600Z libseccomp2 set to manually installed.
2026-09-14T12:35:37.6350653Z Solving dependencies...
2026-09-14T12:35:37.7511543Z 0 upgraded, 0 newly installed, 0 to remove and 63 not upgraded.
2026-09-14T12:35:37.7648590Z apparmor	5.0.2-0ubuntu1~26.04.1
2026-09-14T12:35:37.7649133Z bubblewrap	0.11.1-1ubuntu0.1
2026-09-14T12:35:37.7649509Z libapparmor1:amd64	5.0.2-0ubuntu1~26.04.1
2026-09-14T12:35:37.7649847Z libseccomp2:amd64	2.6.0-2ubuntu5
2026-09-14T12:35:37.7889287Z bubblewrap 0.11.1
2026-09-14T12:35:37.7933117Z ##[group]Run npm ci --prefix apps/web
2026-09-14T12:35:37.7933475Z npm ci --prefix apps/web
2026-09-14T12:35:37.7991980Z shell: /usr/bin/bash -e {0}
2026-09-14T12:35:37.7992228Z env:
2026-09-14T12:35:37.7992495Z   pythonLocation: /opt/hostedtoolcache/Python/3.12.13/x64
2026-09-14T12:35:37.7992948Z   PKG_CONFIG_PATH: /opt/hostedtoolcache/Python/3.12.13/x64/lib/pkgconfig
2026-09-14T12:35:37.7993372Z   Python_ROOT_DIR: /opt/hostedtoolcache/Python/3.12.13/x64
2026-09-14T12:35:37.7993745Z   Python2_ROOT_DIR: /opt/hostedtoolcache/Python/3.12.13/x64
2026-09-14T12:35:37.7994146Z   Python3_ROOT_DIR: /opt/hostedtoolcache/Python/3.12.13/x64
2026-09-14T12:35:37.7994544Z   LD_LIBRARY_PATH: /opt/hostedtoolcache/Python/3.12.13/x64/lib
2026-09-14T12:35:37.7995125Z ##[endgroup]
2026-09-14T12:35:44.1566389Z 
2026-09-14T12:35:44.1567135Z added 236 packages, and audited 237 packages in 6s
2026-09-14T12:35:44.1567527Z 
2026-09-14T12:35:44.1568018Z 118 packages are looking for funding
2026-09-14T12:35:44.1569114Z   run `npm fund` for details
2026-09-14T12:35:44.1579781Z 
2026-09-14T12:35:44.1580207Z found 0 vulnerabilities
2026-09-14T12:35:44.2049598Z ##[group]Run npm --prefix apps/web exec -- playwright install --with-deps chromium
2026-09-14T12:35:44.2050210Z npm --prefix apps/web exec -- playwright install --with-deps chromium
2026-09-14T12:35:44.2108336Z shell: /usr/bin/bash -e {0}
2026-09-14T12:35:44.2108585Z env:
2026-09-14T12:35:44.2108861Z   pythonLocation: /opt/hostedtoolcache/Python/3.12.13/x64
2026-09-14T12:35:44.2109297Z   PKG_CONFIG_PATH: /opt/hostedtoolcache/Python/3.12.13/x64/lib/pkgconfig
2026-09-14T12:35:44.2109722Z   Python_ROOT_DIR: /opt/hostedtoolcache/Python/3.12.13/x64
2026-09-14T12:35:44.2110123Z   Python2_ROOT_DIR: /opt/hostedtoolcache/Python/3.12.13/x64
2026-09-14T12:35:44.2110513Z   Python3_ROOT_DIR: /opt/hostedtoolcache/Python/3.12.13/x64
2026-09-14T12:35:44.2110910Z   LD_LIBRARY_PATH: /opt/hostedtoolcache/Python/3.12.13/x64/lib
2026-09-14T12:35:44.2111235Z ##[endgroup]
2026-09-14T12:35:44.9481934Z Installing dependencies...
2026-09-14T12:35:44.9568716Z Switching to root user to install dependencies...
2026-09-14T12:35:45.0498355Z Get:1 file:/etc/apt/apt-mirrors.txt Mirrorlist [144 B]
2026-09-14T12:35:45.1139658Z Hit:6 https://dl.google.com/linux/chrome-stable/deb stable InRelease
2026-09-14T12:35:45.1550404Z Hit:7 https://packages.microsoft.com/ubuntu/26.04/prod resolute InRelease
2026-09-14T12:35:45.2096960Z Hit:2 http://azure.archive.ubuntu.com/ubuntu resolute InRelease
2026-09-14T12:35:45.2102608Z Hit:3 http://azure.archive.ubuntu.com/ubuntu resolute-updates InRelease
2026-09-14T12:35:45.2108196Z Hit:4 http://azure.archive.ubuntu.com/ubuntu resolute-backports InRelease
2026-09-14T12:35:45.2112536Z Hit:5 http://azure.archive.ubuntu.com/ubuntu resolute-security InRelease
2026-09-14T12:35:46.0194280Z Reading package lists...
2026-09-14T12:35:46.0450562Z Reading package lists...
2026-09-14T12:35:46.1854314Z Building dependency tree...
2026-09-14T12:35:46.1861480Z Reading state information...
2026-09-14T12:35:46.2166790Z libasound2t64 is already the newest version (1.2.15.3-1ubuntu1.1).
2026-09-14T12:35:46.2176101Z libasound2t64 set to manually installed.
2026-09-14T12:35:46.2176959Z libatk-bridge2.0-0t64 is already the newest version (2.60.4-0ubuntu0.1).
2026-09-14T12:35:46.2177906Z libatk-bridge2.0-0t64 set to manually installed.
2026-09-14T12:35:46.2178733Z libatk1.0-0t64 is already the newest version (2.60.4-0ubuntu0.1).
2026-09-14T12:35:46.2179461Z libatk1.0-0t64 set to manually installed.
2026-09-14T12:35:46.2180227Z libatspi2.0-0t64 is already the newest version (2.60.4-0ubuntu0.1).
2026-09-14T12:35:46.2180858Z libatspi2.0-0t64 set to manually installed.
2026-09-14T12:35:46.2181280Z libcairo2 is already the newest version (1.18.4-3).
2026-09-14T12:35:46.2181683Z libcairo2 set to manually installed.
2026-09-14T12:35:46.2182125Z libcups2t64 is already the newest version (2.4.16-1ubuntu1.3).
2026-09-14T12:35:46.2182550Z libcups2t64 set to manually installed.
2026-09-14T12:35:46.2182967Z libdbus-1-3 is already the newest version (1.16.2-2ubuntu4).
2026-09-14T12:35:46.2183376Z libdbus-1-3 set to manually installed.
2026-09-14T12:35:46.2183747Z libdrm2 is already the newest version (2.4.131-1).
2026-09-14T12:35:46.2184112Z libdrm2 set to manually installed.
2026-09-14T12:35:46.2184503Z libgbm1 is already the newest version (26.0.8-1ubuntu0.3).
2026-09-14T12:35:46.2185266Z libgbm1 set to manually installed.
2026-09-14T12:35:46.2185684Z libglib2.0-0t64 is already the newest version (2.88.0-1).
2026-09-14T12:35:46.2186101Z libglib2.0-0t64 set to manually installed.
2026-09-14T12:35:46.2186542Z libnspr4 is already the newest version (2:4.38.2-1ubuntu1).
2026-09-14T12:35:46.2186952Z libnspr4 set to manually installed.
2026-09-14T12:35:46.2187358Z libnss3 is already the newest version (2:3.120-1ubuntu2.1).
2026-09-14T12:35:46.2187750Z libnss3 set to manually installed.
2026-09-14T12:35:46.2188145Z libpango-1.0-0 is already the newest version (1.57.0-1).
2026-09-14T12:35:46.2188545Z libpango-1.0-0 set to manually installed.
2026-09-14T12:35:46.2188941Z libx11-6 is already the newest version (2:1.8.13-1).
2026-09-14T12:35:46.2189776Z libx11-6 set to manually installed.
2026-09-14T12:35:46.2190194Z libxcb1 is already the newest version (1.17.0-2ubuntu1).
2026-09-14T12:35:46.2190583Z libxcb1 set to manually installed.
2026-09-14T12:35:46.2191025Z libxcomposite1 is already the newest version (1:0.4.6-1build1).
2026-09-14T12:35:46.2191464Z libxcomposite1 set to manually installed.
2026-09-14T12:35:46.2191880Z libxdamage1 is already the newest version (1:1.1.7-1).
2026-09-14T12:35:46.2192266Z libxdamage1 set to manually installed.
2026-09-14T12:35:46.2192646Z libxext6 is already the newest version (2:1.3.4-1build3).
2026-09-14T12:35:46.2193002Z libxext6 set to manually installed.
2026-09-14T12:35:46.2193383Z libxfixes3 is already the newest version (1:6.0.0-2build2).
2026-09-14T12:35:46.2193757Z libxfixes3 set to manually installed.
2026-09-14T12:35:46.2194140Z libxkbcommon0 is already the newest version (1.13.1-1).
2026-09-14T12:35:46.2194522Z libxkbcommon0 set to manually installed.
2026-09-14T12:35:46.2195204Z libxrandr2 is already the newest version (2:1.5.4-1build1).
2026-09-14T12:35:46.2195591Z libxrandr2 set to manually installed.
2026-09-14T12:35:46.2195961Z xvfb is already the newest version (2:21.1.22-1ubuntu1).
2026-09-14T12:35:46.2196434Z fonts-noto-color-emoji is already the newest version (2.051-1build1).
2026-09-14T12:35:46.2196942Z libfontconfig1 is already the newest version (2.17.1-3ubuntu1).
2026-09-14T12:35:46.2197344Z libfontconfig1 set to manually installed.
2026-09-14T12:35:46.2197774Z libfreetype6 is already the newest version (2.14.2+dfsg-1ubuntu0.1).
2026-09-14T12:35:46.2198395Z libfreetype6 set to manually installed.
2026-09-14T12:35:46.2198829Z fonts-liberation is already the newest version (1:2.1.5-3build1).
2026-09-14T12:35:46.2199249Z fonts-liberation set to manually installed.
2026-09-14T12:35:46.2664583Z Solving dependencies...
2026-09-14T12:35:46.3485464Z The following additional packages will be installed:
2026-09-14T12:35:46.3486304Z   xfonts-encodings xfonts-utils
2026-09-14T12:35:46.3490713Z Recommended packages:
2026-09-14T12:35:46.3491596Z   fonts-ipafont-mincho fonts-tlwg-loma
2026-09-14T12:35:46.3667485Z The following NEW packages will be installed:
2026-09-14T12:35:46.3668385Z   fonts-freefont-ttf fonts-ipafont-gothic fonts-tlwg-loma-otf fonts-unifont
2026-09-14T12:35:46.3673850Z   fonts-wqy-zenhei xfonts-cyrillic xfonts-encodings xfonts-scalable
2026-09-14T12:35:46.3674557Z   xfonts-utils
2026-09-14T12:35:46.3880181Z 0 upgraded, 9 newly installed, 0 to remove and 63 not upgraded.
2026-09-14T12:35:46.3880957Z Need to get 21.9 MB of archives.
2026-09-14T12:35:46.3881731Z After this operation, 80.2 MB of additional disk space will be used.
2026-09-14T12:35:46.3882579Z Get:1 file:/etc/apt/apt-mirrors.txt Mirrorlist [144 B]
2026-09-14T12:35:46.5226427Z Get:2 http://azure.archive.ubuntu.com/ubuntu resolute/universe amd64v3 fonts-ipafont-gothic all 00303-23ubuntu1 [3703 kB]
2026-09-14T12:35:47.5733463Z Get:3 http://azure.archive.ubuntu.com/ubuntu resolute/main amd64v3 fonts-freefont-ttf all 20211204+svn4273-4build1 [5656 kB]
2026-09-14T12:35:48.3579179Z Get:4 http://azure.archive.ubuntu.com/ubuntu resolute/universe amd64v3 fonts-tlwg-loma-otf all 1:0.7.3-1build1 [106 kB]
2026-09-14T12:35:48.4210456Z Get:5 http://azure.archive.ubuntu.com/ubuntu resolute/universe amd64v3 fonts-unifont all 1:16.0.04-1build1 [3169 kB]
2026-09-14T12:35:48.6095565Z Get:6 http://azure.archive.ubuntu.com/ubuntu resolute/universe amd64v3 fonts-wqy-zenhei all 0.9.45-8build1 [7863 kB]
2026-09-14T12:35:48.8186880Z Get:7 http://azure.archive.ubuntu.com/ubuntu resolute/main amd64v3 xfonts-encodings all 1:1.0.5-0ubuntu3 [576 kB]
2026-09-14T12:35:48.8787428Z Get:8 http://azure.archive.ubuntu.com/ubuntu resolute/main amd64v3 xfonts-utils amd64 1:7.7+7build1 [97.3 kB]
2026-09-14T12:35:48.9406630Z Get:9 http://azure.archive.ubuntu.com/ubuntu resolute/universe amd64v3 xfonts-cyrillic all 1:1.0.5+nmu1build1 [384 kB]
2026-09-14T12:35:49.0700885Z Get:10 http://azure.archive.ubuntu.com/ubuntu resolute/universe amd64v3 xfonts-scalable all 1:1.0.3-1.3build1 [304 kB]
2026-09-14T12:35:49.4030370Z Fetched 21.9 MB in 3s (8096 kB/s)
2026-09-14T12:35:49.4314711Z Selecting previously unselected package fonts-ipafont-gothic.
2026-09-14T12:35:49.4662635Z (Reading database ... 
2026-09-14T12:35:49.4663087Z (Reading database ... 5%
2026-09-14T12:35:49.4663380Z (Reading database ... 10%
2026-09-14T12:35:49.4663646Z (Reading database ... 15%
2026-09-14T12:35:49.4663898Z (Reading database ... 20%
2026-09-14T12:35:49.4664138Z (Reading database ... 25%
2026-09-14T12:35:49.4665260Z (Reading database ... 30%
2026-09-14T12:35:49.4665920Z (Reading database ... 35%
2026-09-14T12:35:49.4666384Z (Reading database ... 40%
2026-09-14T12:35:49.4666657Z (Reading database ... 45%
2026-09-14T12:35:49.4666903Z (Reading database ... 50%
2026-09-14T12:35:49.5661555Z (Reading database ... 55%
2026-09-14T12:35:49.7501187Z (Reading database ... 60%
2026-09-14T12:35:49.9107798Z (Reading database ... 65%
2026-09-14T12:35:50.1125479Z (Reading database ... 70%
2026-09-14T12:35:50.2626165Z (Reading database ... 75%
2026-09-14T12:35:50.4217364Z (Reading database ... 80%
2026-09-14T12:35:50.5507072Z (Reading database ... 85%
2026-09-14T12:35:50.7131344Z (Reading database ... 90%
2026-09-14T12:35:50.8615659Z (Reading database ... 95%
2026-09-14T12:35:50.8616321Z (Reading database ... 100%
2026-09-14T12:35:50.8617267Z (Reading database ... 209256 files and directories currently installed.)
2026-09-14T12:35:50.8657145Z Preparing to unpack .../0-fonts-ipafont-gothic_00303-23ubuntu1_all.deb ...
2026-09-14T12:35:50.8757422Z Unpacking fonts-ipafont-gothic (00303-23ubuntu1) ...
2026-09-14T12:35:50.9464301Z Selecting previously unselected package fonts-freefont-ttf.
2026-09-14T12:35:50.9599290Z Preparing to unpack .../1-fonts-freefont-ttf_20211204+svn4273-4build1_all.deb ...
2026-09-14T12:35:50.9607685Z Unpacking fonts-freefont-ttf (20211204+svn4273-4build1) ...
2026-09-14T12:35:51.0450991Z Selecting previously unselected package fonts-tlwg-loma-otf.
2026-09-14T12:35:51.0585937Z Preparing to unpack .../2-fonts-tlwg-loma-otf_1%3a0.7.3-1build1_all.deb ...
2026-09-14T12:35:51.0593573Z Unpacking fonts-tlwg-loma-otf (1:0.7.3-1build1) ...
2026-09-14T12:35:51.0825214Z Selecting previously unselected package fonts-unifont.
2026-09-14T12:35:51.0959475Z Preparing to unpack .../3-fonts-unifont_1%3a16.0.04-1build1_all.deb ...
2026-09-14T12:35:51.0966992Z Unpacking fonts-unifont (1:16.0.04-1build1) ...
2026-09-14T12:35:51.2040274Z Selecting previously unselected package fonts-wqy-zenhei.
2026-09-14T12:35:51.2176172Z Preparing to unpack .../4-fonts-wqy-zenhei_0.9.45-8build1_all.deb ...
2026-09-14T12:35:51.2317150Z Unpacking fonts-wqy-zenhei (0.9.45-8build1) ...
2026-09-14T12:35:51.3181227Z Selecting previously unselected package xfonts-encodings.
2026-09-14T12:35:51.3314741Z Preparing to unpack .../5-xfonts-encodings_1%3a1.0.5-0ubuntu3_all.deb ...
2026-09-14T12:35:51.3322745Z Unpacking xfonts-encodings (1:1.0.5-0ubuntu3) ...
2026-09-14T12:35:51.3622796Z Selecting previously unselected package xfonts-utils.
2026-09-14T12:35:51.3757804Z Preparing to unpack .../6-xfonts-utils_1%3a7.7+7build1_amd64v3.deb ...
2026-09-14T12:35:51.3766859Z Unpacking xfonts-utils (1:7.7+7build1) ...
2026-09-14T12:35:51.4155454Z Selecting previously unselected package xfonts-cyrillic.
2026-09-14T12:35:51.4290163Z Preparing to unpack .../7-xfonts-cyrillic_1%3a1.0.5+nmu1build1_all.deb ...
2026-09-14T12:35:51.4298682Z Unpacking xfonts-cyrillic (1:1.0.5+nmu1build1) ...
2026-09-14T12:35:51.4660849Z Selecting previously unselected package xfonts-scalable.
2026-09-14T12:35:51.4796032Z Preparing to unpack .../8-xfonts-scalable_1%3a1.0.3-1.3build1_all.deb ...
2026-09-14T12:35:51.4807363Z Unpacking xfonts-scalable (1:1.0.3-1.3build1) ...
2026-09-14T12:35:51.5243109Z Setting up fonts-wqy-zenhei (0.9.45-8build1) ...
2026-09-14T12:35:51.5401554Z Setting up fonts-freefont-ttf (20211204+svn4273-4build1) ...
2026-09-14T12:35:51.5424520Z Setting up fonts-tlwg-loma-otf (1:0.7.3-1build1) ...
2026-09-14T12:35:51.5451215Z Setting up xfonts-encodings (1:1.0.5-0ubuntu3) ...
2026-09-14T12:35:51.5475123Z Setting up fonts-ipafont-gothic (00303-23ubuntu1) ...
2026-09-14T12:35:51.5540822Z update-alternatives: using /usr/share/fonts/opentype/ipafont-gothic/ipag.ttf to provide /usr/share/fonts/truetype/fonts-japanese-gothic.ttf (fonts-japanese-gothic.ttf) in auto mode
2026-09-14T12:35:51.5558873Z Setting up fonts-unifont (1:16.0.04-1build1) ...
2026-09-14T12:35:51.5585448Z Setting up xfonts-utils (1:7.7+7build1) ...
2026-09-14T12:35:51.5643593Z Setting up xfonts-cyrillic (1:1.0.5+nmu1build1) ...
2026-09-14T12:35:51.6087218Z Setting up xfonts-scalable (1:1.0.3-1.3build1) ...
2026-09-14T12:35:51.6486161Z Processing triggers for man-db (2.13.1-1build1) ...
2026-09-14T12:35:51.6507268Z Not building database; man-db/auto-update is not 'true'.
2026-09-14T12:35:51.6521016Z Processing triggers for fontconfig (2.17.1-3ubuntu1) ...
2026-09-14T12:35:52.3781572Z 
2026-09-14T12:35:52.3782412Z Running kernel seems to be up-to-date.
2026-09-14T12:35:52.3782748Z 
2026-09-14T12:35:52.3782935Z Restarting services...
2026-09-14T12:35:52.3873016Z 
2026-09-14T12:35:52.3873595Z Service restarts being deferred:
2026-09-14T12:35:52.3878724Z  systemctl restart hosted-compute-agent.service
2026-09-14T12:35:52.3879140Z 
2026-09-14T12:35:52.3879572Z No containers need to be restarted.
2026-09-14T12:35:52.3879881Z 
2026-09-14T12:35:52.3880196Z No user sessions are running outdated binaries.
2026-09-14T12:35:52.3880571Z 
2026-09-14T12:35:52.3881074Z No VM guests are running outdated hypervisor (qemu) binaries on this host.
2026-09-14T12:35:53.2669183Z Downloading Chrome for Testing 153.0.8010.12 (playwright chromium v1243) from https://cdn.playwright.dev/builds/cft/153.0.8010.12/linux64/chrome-linux64.zip
2026-09-14T12:35:53.6876765Z |                                                                                |   0% of 186.8 MiB
2026-09-14T12:35:53.8624712Z |■■■■■■■■                                                                        |  10% of 186.8 MiB
2026-09-14T12:35:53.9649971Z |■■■■■■■■■■■■■■■■                                                                |  20% of 186.8 MiB
2026-09-14T12:35:54.0556184Z |■■■■■■■■■■■■■■■■■■■■■■■■                                                        |  30% of 186.8 MiB
2026-09-14T12:35:54.1416207Z |■■■■■■■■■■■■■■■■■■■■■■■■■■■■■■■■                                                |  40% of 186.8 MiB
2026-09-14T12:35:54.2299612Z |■■■■■■■■■■■■■■■■■■■■■■■■■■■■■■■■■■■■■■■■                                        |  50% of 186.8 MiB
2026-09-14T12:35:54.3468463Z |■■■■■■■■■■■■■■■■■■■■■■■■■■■■■■■■■■■■■■■■■■■■■■■■                                |  60% of 186.8 MiB
2026-09-14T12:35:54.4217770Z |■■■■■■■■■■■■■■■■■■■■■■■■■■■■■■■■■■■■■■■■■■■■■■■■■■■■■■■■                        |  70% of 186.8 MiB
2026-09-14T12:35:54.5172086Z |■■■■■■■■■■■■■■■■■■■■■■■■■■■■■■■■■■■■■■■■■■■■■■■■■■■■■■■■■■■■■■■■                |  80% of 186.8 MiB
2026-09-14T12:35:54.6203340Z |■■■■■■■■■■■■■■■■■■■■■■■■■■■■■■■■■■■■■■■■■■■■■■■■■■■■■■■■■■■■■■■■■■■■■■■■        |  90% of 186.8 MiB
2026-09-14T12:35:54.7226771Z |■■■■■■■■■■■■■■■■■■■■■■■■■■■■■■■■■■■■■■■■■■■■■■■■■■■■■■■■■■■■■■■■■■■■■■■■■■■■■■■■| 100% of 186.8 MiB
2026-09-14T12:35:57.6281051Z Chrome for Testing 153.0.8010.12 (playwright chromium v1243) downloaded to <USER_HOME>/.cache/ms-playwright/chromium-1243
2026-09-14T12:35:57.6286570Z Downloading FFmpeg (playwright ffmpeg v1011) from https://cdn.playwright.dev/dbazure/download/playwright/builds/ffmpeg/1011/ffmpeg-linux.zip
2026-09-14T12:35:58.0000881Z |                                                                                |   0% of 2.3 MiB
2026-09-14T12:35:58.0043905Z |■■■■■■■■                                                                        |  10% of 2.3 MiB
2026-09-14T12:35:58.0060677Z |■■■■■■■■■■■■■■■■                                                                |  20% of 2.3 MiB
2026-09-14T12:35:58.0078887Z |■■■■■■■■■■■■■■■■■■■■■■■■                                                        |  30% of 2.3 MiB
2026-09-14T12:35:58.0114638Z |■■■■■■■■■■■■■■■■■■■■■■■■■■■■■■■■                                                |  40% of 2.3 MiB
2026-09-14T12:35:58.0125821Z |■■■■■■■■■■■■■■■■■■■■■■■■■■■■■■■■■■■■■■■■                                        |  50% of 2.3 MiB
2026-09-14T12:35:58.0137110Z |■■■■■■■■■■■■■■■■■■■■■■■■■■■■■■■■■■■■■■■■■■■■■■■■                                |  60% of 2.3 MiB
2026-09-14T12:35:58.0153704Z |■■■■■■■■■■■■■■■■■■■■■■■■■■■■■■■■■■■■■■■■■■■■■■■■■■■■■■■■                        |  70% of 2.3 MiB
2026-09-14T12:35:58.0180994Z |■■■■■■■■■■■■■■■■■■■■■■■■■■■■■■■■■■■■■■■■■■■■■■■■■■■■■■■■■■■■■■■■                |  80% of 2.3 MiB
2026-09-14T12:35:58.0191803Z |■■■■■■■■■■■■■■■■■■■■■■■■■■■■■■■■■■■■■■■■■■■■■■■■■■■■■■■■■■■■■■■■■■■■■■■■        |  90% of 2.3 MiB
2026-09-14T12:35:58.0206660Z |■■■■■■■■■■■■■■■■■■■■■■■■■■■■■■■■■■■■■■■■■■■■■■■■■■■■■■■■■■■■■■■■■■■■■■■■■■■■■■■■| 100% of 2.3 MiB
2026-09-14T12:35:58.0871404Z FFmpeg (playwright ffmpeg v1011) downloaded to <USER_HOME>/.cache/ms-playwright/ffmpeg-1011
2026-09-14T12:35:58.0875573Z Downloading Chrome Headless Shell 153.0.8010.12 (playwright chromium-headless-shell v1243) from https://cdn.playwright.dev/builds/cft/153.0.8010.12/linux64/chrome-headless-shell-linux64.zip
2026-09-14T12:35:58.5166956Z |                                                                                |   0% of 114.3 MiB
2026-09-14T12:35:58.6113688Z |■■■■■■■■                                                                        |  10% of 114.3 MiB
2026-09-14T12:35:58.6887988Z |■■■■■■■■■■■■■■■■                                                                |  20% of 114.3 MiB
2026-09-14T12:35:58.7525566Z |■■■■■■■■■■■■■■■■■■■■■■■■                                                        |  30% of 114.3 MiB
2026-09-14T12:35:58.8181197Z |■■■■■■■■■■■■■■■■■■■■■■■■■■■■■■■■                                                |  40% of 114.3 MiB
2026-09-14T12:35:58.8926937Z |■■■■■■■■■■■■■■■■■■■■■■■■■■■■■■■■■■■■■■■■                                        |  50% of 114.3 MiB
2026-09-14T12:35:58.9420311Z |■■■■■■■■■■■■■■■■■■■■■■■■■■■■■■■■■■■■■■■■■■■■■■■■                                |  60% of 114.3 MiB
2026-09-14T12:35:59.0127238Z |■■■■■■■■■■■■■■■■■■■■■■■■■■■■■■■■■■■■■■■■■■■■■■■■■■■■■■■■                        |  70% of 114.3 MiB
2026-09-14T12:35:59.0548961Z |■■■■■■■■■■■■■■■■■■■■■■■■■■■■■■■■■■■■■■■■■■■■■■■■■■■■■■■■■■■■■■■■                |  80% of 114.3 MiB
2026-09-14T12:35:59.1072803Z |■■■■■■■■■■■■■■■■■■■■■■■■■■■■■■■■■■■■■■■■■■■■■■■■■■■■■■■■■■■■■■■■■■■■■■■■        |  90% of 114.3 MiB
2026-09-14T12:35:59.1772569Z |■■■■■■■■■■■■■■■■■■■■■■■■■■■■■■■■■■■■■■■■■■■■■■■■■■■■■■■■■■■■■■■■■■■■■■■■■■■■■■■■| 100% of 114.3 MiB
2026-09-14T12:36:01.4896950Z Chrome Headless Shell 153.0.8010.12 (playwright chromium-headless-shell v1243) downloaded to <USER_HOME>/.cache/ms-playwright/chromium_headless_shell-1243
2026-09-14T12:36:01.5285806Z ##[group]Run make build
2026-09-14T12:36:01.5286120Z make build
2026-09-14T12:36:01.5343394Z shell: /usr/bin/bash -e {0}
2026-09-14T12:36:01.5343645Z env:
2026-09-14T12:36:01.5343913Z   pythonLocation: /opt/hostedtoolcache/Python/3.12.13/x64
2026-09-14T12:36:01.5344357Z   PKG_CONFIG_PATH: /opt/hostedtoolcache/Python/3.12.13/x64/lib/pkgconfig
2026-09-14T12:36:01.5345097Z   Python_ROOT_DIR: /opt/hostedtoolcache/Python/3.12.13/x64
2026-09-14T12:36:01.5345501Z   Python2_ROOT_DIR: /opt/hostedtoolcache/Python/3.12.13/x64
2026-09-14T12:36:01.5345875Z   Python3_ROOT_DIR: /opt/hostedtoolcache/Python/3.12.13/x64
2026-09-14T12:36:01.5346249Z   LD_LIBRARY_PATH: /opt/hostedtoolcache/Python/3.12.13/x64/lib
2026-09-14T12:36:01.5346563Z ##[endgroup]
2026-09-14T12:36:01.5450530Z bash scripts/node.sh npm --prefix apps/web run build
2026-09-14T12:36:01.6488622Z 
2026-09-14T12:36:01.6489297Z > @learning-workbench/web@0.1.0 build
2026-09-14T12:36:01.6489787Z > tsc --noEmit && vite build
2026-09-14T12:36:01.6490049Z 
2026-09-14T12:36:02.4082962Z vite v8.3.0 building client environment for production...
2026-09-14T12:36:02.4187096Z transforming...
2026-09-14T12:36:02.5830669Z ✓ 602 modules transformed.
2026-09-14T12:36:02.6558214Z rendering chunks...
2026-09-14T12:36:02.7695847Z computing gzip size...
2026-09-14T12:36:02.8118320Z dist/index.html                       0.41 kB │ gzip:     0.32 kB
2026-09-14T12:36:02.8119320Z dist/assets/index-DcTC2hbB.css       21.36 kB │ gzip:     5.00 kB
2026-09-14T12:36:02.8120102Z dist/assets/index-DPOaC34f.js       424.89 kB │ gzip:   114.67 kB
2026-09-14T12:36:02.8121210Z dist/assets/Markdown-CqVyXec7.js  2,938.55 kB │ gzip: 1,098.34 kB
2026-09-14T12:36:02.8121815Z 
2026-09-14T12:36:02.8122121Z ✓ built in 402ms
2026-09-14T12:36:02.8129088Z [plugin builtin:vite-reporter] 
2026-09-14T12:36:02.8130015Z (!) Some chunks are larger than 500 kB after minification. Consider:
2026-09-14T12:36:02.8130963Z - Using dynamic import() to code-split the application
2026-09-14T12:36:02.8132443Z - Use build.rolldownOptions.output.codeSplitting to improve chunking: https://rolldown.rs/reference/OutputOptions.codeSplitting
2026-09-14T12:36:02.8133961Z - Adjust chunk size limit for this warning via build.chunkSizeWarningLimit.
2026-09-14T12:36:02.8358528Z ##[group]Run make test-e2e
2026-09-14T12:36:02.8358828Z make test-e2e
2026-09-14T12:36:02.8416582Z shell: /usr/bin/bash -e {0}
2026-09-14T12:36:02.8416831Z env:
2026-09-14T12:36:02.8417102Z   pythonLocation: /opt/hostedtoolcache/Python/3.12.13/x64
2026-09-14T12:36:02.8417559Z   PKG_CONFIG_PATH: /opt/hostedtoolcache/Python/3.12.13/x64/lib/pkgconfig
2026-09-14T12:36:02.8417986Z   Python_ROOT_DIR: /opt/hostedtoolcache/Python/3.12.13/x64
2026-09-14T12:36:02.8418361Z   Python2_ROOT_DIR: /opt/hostedtoolcache/Python/3.12.13/x64
2026-09-14T12:36:02.8418737Z   Python3_ROOT_DIR: /opt/hostedtoolcache/Python/3.12.13/x64
2026-09-14T12:36:02.8419137Z   LD_LIBRARY_PATH: /opt/hostedtoolcache/Python/3.12.13/x64/lib
2026-09-14T12:36:02.8419457Z ##[endgroup]
2026-09-14T12:36:02.8507339Z bash scripts/node.sh npm --prefix apps/web run test:e2e
2026-09-14T12:36:02.9529621Z 
2026-09-14T12:36:02.9530334Z > @learning-workbench/web@0.1.0 test:e2e
2026-09-14T12:36:02.9531243Z > playwright test --config ../../tests/e2e/playwright.config.ts
2026-09-14T12:36:02.9531826Z 
2026-09-14T12:36:05.1585533Z [WebServer] INFO:     Started server process [3150]
2026-09-14T12:36:05.1586459Z [WebServer] INFO:     Waiting for application startup.
2026-09-14T12:36:05.1652144Z [WebServer] INFO:     Application startup complete.
2026-09-14T12:36:05.1655295Z [WebServer] INFO:     Uvicorn running on http://127.0.0.1:8765 (Press CTRL+C to quit)
2026-09-14T12:36:06.7370061Z 
2026-09-14T12:36:06.7370679Z Running 32 tests using 1 worker
2026-09-14T12:36:06.7371049Z 
2026-09-14T12:36:30.0943334Z 
2026-09-14T12:36:30.0945789Z   ✓   1 ../../tests/e2e/document-imports.spec.ts:70:1 › real two-page PDF keeps exact page citations, guarded original bytes and explicit fidelity approval (10.1s)
2026-09-14T12:36:34.3408294Z 
2026-09-14T12:36:34.3410219Z   ✘   2 ../../tests/e2e/document-imports.spec.ts:110:1 › real DOCX safe text stays readable for learner while original bytes require an explicit author role (4.1s)
2026-09-14T12:36:38.4841986Z 
2026-09-14T12:36:38.4853885Z   ✓   3 ../../tests/e2e/document-imports.spec.ts:154:1 › a real scanned PDF fails without invented text or OCR and its local original is checked explicitly after reload (3.5s)
2026-09-14T12:36:41.7337377Z 
2026-09-14T12:36:41.7365130Z   ✓   4 ../../tests/e2e/document-imports.spec.ts:188:3 › real encrypted.pdf extraction failure remains blocked and preserves its original hash (3.2s)
2026-09-14T12:36:44.5486994Z 
2026-09-14T12:36:44.5493006Z   ✓   5 ../../tests/e2e/document-imports.spec.ts:188:3 › real malformed.docx extraction failure remains blocked and preserves its original hash (2.8s)
2026-09-14T12:36:48.9770968Z   ✓   6 ../../tests/e2e/imports.spec.ts:111:1 › real Markdown upload stays staged, previews and downloads exact bytes, restores and commits exact course refs (4.4s)
2026-09-14T12:36:52.0577841Z   ✓   7 ../../tests/e2e/imports.spec.ts:190:1 › safe HTML warning requires explicit acceptance and native cancel leaves courses untouched (3.1s)
2026-09-14T12:36:56.8246849Z   ✓   8 ../../tests/e2e/imports.spec.ts:218:1 › UTF-8 text can target a real existing course and creates a newer exact revision (4.8s)
2026-09-14T12:36:59.6817837Z   ✓   9 ../../tests/e2e/imports.spec.ts:234:1 › upload request failure keeps the selected file; preview failure keeps the recovery ID and explicit retry works (2.8s)
2026-09-14T12:37:03.5012768Z 
2026-09-14T12:37:03.5017390Z   ✓  10 ../../tests/e2e/imports.spec.ts:254:1 › author package requires explicit role change and clears the private preview after returning to learner (3.8s)
2026-09-14T12:37:06.3617547Z   ✓  11 ../../tests/e2e/imports.spec.ts:290:1 › a real invalid UTF-8 parse shows a blocking error and cannot be confirmed (2.8s)
2026-09-14T12:37:11.8101025Z 
2026-09-14T12:37:11.8110115Z   ✓  12 ../../tests/e2e/imports.spec.ts:311:1 › local encoding choice preserves the failed original and creates a separately confirmed UTF-8 import (5.4s)
2026-09-14T12:37:15.8875573Z 
2026-09-14T12:37:15.8897472Z   ✓  13 ../../tests/e2e/imports.spec.ts:379:1 › deferred author preview and original responses cannot restore content after the role is lowered (4.1s)
2026-09-14T12:37:17.3938569Z   ✓  14 ../../tests/e2e/workbench.spec.ts:4:1 › empty workspace, native bootstrap, four fixed navigation and truthful auxiliary states (1.5s)
2026-09-14T12:37:19.7709607Z   ✓  15 ../../tests/e2e/workbench.spec.ts:21:1 › real keyboard and mouse resize, native drawers, focus return and restored layout (2.4s)
2026-09-14T12:37:23.3331954Z   ✓  16 ../../tests/e2e/workbench.spec.ts:42:1 › object drafts survive preview switches, close choice and browser reload without fake sending (3.5s)
2026-09-14T12:37:28.8464706Z   ✓  17 ../../tests/e2e/workbench.spec.ts:59:1 › server CAS conflict is visible, local object drafts survive and explicit readback recovers (5.5s)
2026-09-14T12:37:32.6546933Z   ✓  18 ../../tests/e2e/workbench.spec.ts:72:1 › offline pending UI is restored after actual connection recovery (3.8s)
2026-09-14T12:37:35.4318180Z   ✓  19 ../../tests/e2e/workbench.spec.ts:84:1 › actual MathJax, no runtime errors, long formula local scrolling, all screenshot sizes (2.8s)
2026-09-14T12:37:41.0677076Z   ✓  20 ../../tests/e2e/workbench.spec.ts:111:1 › two browser pages keep drafts for different objects in native IndexedDB (5.6s)
2026-09-14T12:37:43.2098465Z   ✓  21 ../../tests/e2e/workbench.spec.ts:129:1 › exact reference mismatch stays unresolved and preserves the original snapshot (2.1s)
2026-09-14T12:37:46.1000266Z   ✓  22 ../../tests/e2e/workbench.spec.ts:146:1 › cold lazy renderer restores saved reading offset after the content is ready (2.9s)
2026-09-14T12:37:52.9247340Z   ✓  23 ../../tests/e2e/workbench.spec.ts:158:1 › native concurrent same-object transactions preserve both candidates and expose explicit recovery (6.8s)
2026-09-14T12:37:56.7999022Z   ✓  24 ../../tests/e2e/workbench.spec.ts:191:1 › directory history restores the current course and navigation entry (3.9s)
2026-09-14T12:37:59.7588718Z   ✓  25 ../../tests/e2e/workbench.spec.ts:203:1 › UI cache quota failure stays visibly unsaved until the real server acknowledges (2.9s)
2026-09-14T12:38:02.4007430Z   ✓  26 ../../tests/e2e/workbench.spec.ts:220:1 › offline UI candidates from two pages remain separate on reload (2.6s)
2026-09-14T12:38:07.5997989Z   ✓  27 ../../tests/e2e/workbench.spec.ts:241:1 › quota-only memory candidate with a changed server baseline shows three-way comparison before explicit CAS (5.2s)
2026-09-14T12:38:11.3037615Z   ✓  28 ../../tests/e2e/workbench.spec.ts:274:1 › per-object details and focus survive A to B to A and browser reload after lazy content readiness (3.7s)
2026-09-14T12:38:14.0347407Z   ✓  29 ../../tests/e2e/workbench.spec.ts:293:1 › first unsent-draft conflict shows original, local and stored text before any reload or choice (2.7s)
2026-09-14T12:38:17.8745835Z   ✓  30 ../../tests/e2e/workbench.spec.ts:323:1 › route directory stays honestly empty and continue reading restores the exact last lesson (3.8s)
2026-09-14T12:38:20.7250771Z   ✓  31 ../../tests/e2e/workbench.spec.ts:343:1 › native keyboard selection updates frozen-reference preview and ambiguous source matches are refused (2.8s)
2026-09-14T12:38:24.1119249Z   ✓  32 ../../tests/e2e/zoom.spec.ts:5:1 › real browser 200 percent zoom reflows CSS width through Chrome appearance setting (3.4s)
2026-09-14T12:38:24.2199976Z 
2026-09-14T12:38:24.2205201Z 
2026-09-14T12:38:24.2215980Z   1) ../../tests/e2e/document-imports.spec.ts:110:1 › real DOCX safe text stays readable for learner while original bytes require an explicit author role 
2026-09-14T12:38:24.2217109Z 
2026-09-14T12:38:24.2217741Z     Error: No actual candidate contained the expected original marker: DOCX paragraph alpha
2026-09-14T12:38:24.2218433Z 
2026-09-14T12:38:24.2219176Z       46 |     return value as DraftSnapshot & { payload: Extract<DraftSnapshot['payload'], { metadata: unknown }> }
2026-09-14T12:38:24.2220131Z       47 |   }
2026-09-14T12:38:24.2220979Z     > 48 |   throw new Error(`No actual candidate contained the expected original marker: ${containing}`)
2026-09-14T12:38:24.2222272Z          |         ^
2026-09-14T12:38:24.2222709Z       49 | }
2026-09-14T12:38:24.2223289Z       50 | async function downloadBytes(download: Download) {
2026-09-14T12:38:24.2224088Z       51 |   const stream = await download.createReadStream()
2026-09-14T12:38:24.2225636Z         at candidate (<USER_HOME>/work/Learning_Workbench/Learning_Workbench/tests/e2e/document-imports.spec.ts:48:9)
2026-09-14T12:38:24.2227244Z         at <USER_HOME>/work/Learning_Workbench/Learning_Workbench/tests/e2e/document-imports.spec.ts:141:3
2026-09-14T12:38:24.2228057Z 
2026-09-14T12:38:24.2229015Z     Error Context: ../../.local_data/e2e-results/document-imports-real-DOCX-54907-ire-an-explicit-author-role/error-context.md
2026-09-14T12:38:24.2229963Z 
2026-09-14T12:38:24.2230151Z   1 failed
2026-09-14T12:38:24.2231642Z     ../../tests/e2e/document-imports.spec.ts:110:1 › real DOCX safe text stays readable for learner while original bytes require an explicit author role 
2026-09-14T12:38:24.2233043Z   31 passed (2.3m)
2026-09-14T12:38:24.2438978Z make: *** [Makefile:32: test-e2e] Error 1
2026-09-14T12:38:24.2456839Z ##[error]Process completed with exit code 2.
2026-09-14T12:38:24.2578585Z Post job cleanup.
2026-09-14T12:38:24.3439599Z [command]/usr/bin/git version
2026-09-14T12:38:24.3487014Z git version 2.55.0
2026-09-14T12:38:24.3527431Z Temporarily overriding HOME='<USER_HOME>/work/_temp/865fd8c2-89bc-4b5b-b334-cd87320d2152' before making global git config changes
2026-09-14T12:38:24.3529003Z Adding repository directory to the temporary git global config as a safe directory
2026-09-14T12:38:24.3533447Z [command]/usr/bin/git config --global --add safe.directory <USER_HOME>/work/Learning_Workbench/Learning_Workbench
2026-09-14T12:38:24.3568170Z Removing SSH command configuration
2026-09-14T12:38:24.3574941Z [command]/usr/bin/git config --local --name-only --get-regexp core\.sshCommand
2026-09-14T12:38:24.3614537Z [command]/usr/bin/git submodule foreach --recursive sh -c "git config --local --name-only --get-regexp 'core\.sshCommand' && git config --local --unset-all 'core.sshCommand' || :"
2026-09-14T12:38:24.3924651Z Removing HTTP extra header
2026-09-14T12:38:24.3927933Z [command]/usr/bin/git config --local --name-only --get-regexp http\.https\:\/\/github\.com\/\.extraheader
2026-09-14T12:38:24.3972000Z [command]/usr/bin/git submodule foreach --recursive sh -c "git config --local --name-only --get-regexp 'http\.https\:\/\/github\.com\/\.extraheader' && git config --local --unset-all 'http.https://github.com/.extraheader' || :"
2026-09-14T12:38:24.4290837Z Removing includeIf entries pointing to credentials config files
2026-09-14T12:38:24.4299386Z [command]/usr/bin/git config --local --name-only --get-regexp ^includeIf\.gitdir:
2026-09-14T12:38:24.4336967Z includeif.gitdir:<USER_HOME>/work/Learning_Workbench/Learning_Workbench/.git.path
2026-09-14T12:38:24.4338736Z includeif.gitdir:<USER_HOME>/work/Learning_Workbench/Learning_Workbench/.git/worktrees/*.path
2026-09-14T12:38:24.4346240Z includeif.gitdir:/github/workspace/.git.path
2026-09-14T12:38:24.4347334Z includeif.gitdir:/github/workspace/.git/worktrees/*.path
2026-09-14T12:38:24.4350210Z [command]/usr/bin/git config --local --get-all includeif.gitdir:<USER_HOME>/work/Learning_Workbench/Learning_Workbench/.git.path
2026-09-14T12:38:24.4379308Z <USER_HOME>/work/_temp/git-credentials-a687129c-6780-40bd-9b64-2280f92bafb5.config
2026-09-14T12:38:24.4388921Z [command]/usr/bin/git config --local --unset includeif.gitdir:<USER_HOME>/work/Learning_Workbench/Learning_Workbench/.git.path \/home\/runner\/work\/_temp\/git\-credentials\-a687129c\-6780\-40bd\-9b64\-2280f92bafb5\.config
2026-09-14T12:38:24.4462620Z [command]/usr/bin/git config --local --get-all includeif.gitdir:<USER_HOME>/work/Learning_Workbench/Learning_Workbench/.git/worktrees/*.path
2026-09-14T12:38:24.4494999Z <USER_HOME>/work/_temp/git-credentials-a687129c-6780-40bd-9b64-2280f92bafb5.config
2026-09-14T12:38:24.4505285Z [command]/usr/bin/git config --local --unset includeif.gitdir:<USER_HOME>/work/Learning_Workbench/Learning_Workbench/.git/worktrees/*.path \/home\/runner\/work\/_temp\/git\-credentials\-a687129c\-6780\-40bd\-9b64\-2280f92bafb5\.config
2026-09-14T12:38:24.4537920Z [command]/usr/bin/git config --local --get-all includeif.gitdir:/github/workspace/.git.path
2026-09-14T12:38:24.4561419Z /github/runner_temp/git-credentials-a687129c-6780-40bd-9b64-2280f92bafb5.config
2026-09-14T12:38:24.4569131Z [command]/usr/bin/git config --local --unset includeif.gitdir:/github/workspace/.git.path \/github\/runner_temp\/git\-credentials\-a687129c\-6780\-40bd\-9b64\-2280f92bafb5\.config
2026-09-14T12:38:24.4601509Z [command]/usr/bin/git config --local --get-all includeif.gitdir:/github/workspace/.git/worktrees/*.path
2026-09-14T12:38:24.4625161Z /github/runner_temp/git-credentials-a687129c-6780-40bd-9b64-2280f92bafb5.config
2026-09-14T12:38:24.4634018Z [command]/usr/bin/git config --local --unset includeif.gitdir:/github/workspace/.git/worktrees/*.path \/github\/runner_temp\/git\-credentials\-a687129c\-6780\-40bd\-9b64\-2280f92bafb5\.config
2026-09-14T12:38:24.4670514Z [command]/usr/bin/git submodule foreach --recursive git config --local --show-origin --name-only --get-regexp remote.origin.url
2026-09-14T12:38:24.4941110Z Removing credentials config '<USER_HOME>/work/_temp/git-credentials-a687129c-6780-40bd-9b64-2280f92bafb5.config'
2026-09-14T12:38:24.5086678Z Cleaning up orphan processes
