2026-09-14T12:23:45.7963592Z Current runner version: '2.337.0'
2026-09-14T12:23:45.7993596Z ##[group]Runner Image Provisioner
2026-09-14T12:23:45.7994673Z Hosted Compute Agent
2026-09-14T12:23:45.7995293Z Version: 20260828.587
2026-09-14T12:23:45.7996005Z Commit: abac92662cab4cc7352de4f9f9d2e2419aad9c29
2026-09-14T12:23:45.7996787Z Build Date: 2026-08-28T16:44:25Z
2026-09-14T12:23:45.7997556Z Worker ID: {5d406977-b1d1-4c76-8e78-5a5e4a13bb00}
2026-09-14T12:23:45.7998364Z Azure Region: northcentralus
2026-09-14T12:23:45.7999012Z ##[endgroup]
2026-09-14T12:23:45.8000304Z ##[group]Operating System
2026-09-14T12:23:45.8001043Z Ubuntu
2026-09-14T12:23:45.8001901Z 24.04.5
2026-09-14T12:23:45.8002608Z LTS
2026-09-14T12:23:45.8003162Z ##[endgroup]
2026-09-14T12:23:45.8003728Z ##[group]Runner Image
2026-09-14T12:23:45.8004449Z Image: ubuntu-24.04
2026-09-14T12:23:45.8005083Z Version: 20260907.300.1
2026-09-14T12:23:45.8006444Z Included Software: https://github.com/actions/runner-images/blob/ubuntu24/20260907.300/images/ubuntu/Ubuntu2404-Readme.md
2026-09-14T12:23:45.8007973Z Image Release: https://github.com/actions/runner-images/releases/tag/ubuntu24%2F20260907.300
2026-09-14T12:23:45.8009075Z ##[endgroup]
2026-09-14T12:23:45.8010256Z ##[group]GITHUB_TOKEN Permissions
2026-09-14T12:23:45.8012614Z Contents: read
2026-09-14T12:23:45.8013260Z Metadata: read
2026-09-14T12:23:45.8014331Z ##[endgroup]
2026-09-14T12:23:45.8016564Z Secret source: Actions
2026-09-14T12:23:45.8017644Z Cache mode: write
2026-09-14T12:23:45.8018385Z Prepare workflow directory
2026-09-14T12:23:45.8357339Z Prepare all required actions
2026-09-14T12:23:45.8408034Z Getting action download info
2026-09-14T12:23:46.0923265Z Download action repository 'actions/checkout@3d3c42e5aac5ba805825da76410c181273ba90b1' (SHA:3d3c42e5aac5ba805825da76410c181273ba90b1)
2026-09-14T12:23:46.1972739Z Download action repository 'actions/setup-python@5fda3b95a4ea91299a34e894583c3862153e4b97' (SHA:5fda3b95a4ea91299a34e894583c3862153e4b97)
2026-09-14T12:23:46.4252665Z Complete job name: backend
2026-09-14T12:23:46.5012185Z ##[group]Run actions/checkout@3d3c42e5aac5ba805825da76410c181273ba90b1
2026-09-14T12:23:46.5013258Z with:
2026-09-14T12:23:46.5013726Z   repository: kl3574/Learning_Workbench
2026-09-14T12:23:46.5017409Z   token: ***
2026-09-14T12:23:46.5017912Z   ssh-strict: true
2026-09-14T12:23:46.5018358Z   ssh-user: git
2026-09-14T12:23:46.5018820Z   persist-credentials: true
2026-09-14T12:23:46.5019317Z   clean: true
2026-09-14T12:23:46.5019766Z   sparse-checkout-cone-mode: true
2026-09-14T12:23:46.5020287Z   fetch-depth: 1
2026-09-14T12:23:46.5020719Z   fetch-tags: false
2026-09-14T12:23:46.5021158Z   show-progress: true
2026-09-14T12:23:46.5021606Z   lfs: false
2026-09-14T12:23:46.5022182Z   submodules: false
2026-09-14T12:23:46.5022645Z   set-safe-directory: true
2026-09-14T12:23:46.5023152Z   allow-unsafe-pr-checkout: false
2026-09-14T12:23:46.5023885Z ##[endgroup]
2026-09-14T12:23:46.6043201Z Syncing repository: kl3574/Learning_Workbench
2026-09-14T12:23:46.6045795Z ##[group]Getting Git version info
2026-09-14T12:23:46.6047010Z Working directory is '<USER_HOME>/work/Learning_Workbench/Learning_Workbench'
2026-09-14T12:23:46.6048530Z [command]/usr/bin/git version
2026-09-14T12:23:46.6085997Z git version 2.55.0
2026-09-14T12:23:46.6106212Z ##[endgroup]
2026-09-14T12:23:46.6118883Z Temporarily overriding HOME='<USER_HOME>/work/_temp/3e5d0f67-96a9-4942-b2cc-beb94304d800' before making global git config changes
2026-09-14T12:23:46.6121078Z Adding repository directory to the temporary git global config as a safe directory
2026-09-14T12:23:46.6126298Z [command]/usr/bin/git config --global --add safe.directory <USER_HOME>/work/Learning_Workbench/Learning_Workbench
2026-09-14T12:23:46.6175438Z Deleting the contents of '<USER_HOME>/work/Learning_Workbench/Learning_Workbench'
2026-09-14T12:23:46.6179533Z ##[group]Determining repository object format
2026-09-14T12:23:46.6181253Z ##[endgroup]
2026-09-14T12:23:46.6182606Z ##[group]Initializing the repository
2026-09-14T12:23:46.6187593Z [command]/usr/bin/git init <USER_HOME>/work/Learning_Workbench/Learning_Workbench
2026-09-14T12:23:46.6280621Z hint: Using 'master' as the name for the initial branch. This default branch name
2026-09-14T12:23:46.6282667Z hint: will change to "main" in Git 3.0. To configure the initial branch name
2026-09-14T12:23:46.6284463Z hint: to use in all of your new repositories, which will suppress this warning,
2026-09-14T12:23:46.6285838Z hint: call:
2026-09-14T12:23:46.6286586Z hint:
2026-09-14T12:23:46.6287562Z hint: 	git config --global init.defaultBranch <name>
2026-09-14T12:23:46.6288393Z hint:
2026-09-14T12:23:46.6289142Z hint: Names commonly chosen instead of 'master' are 'main', 'trunk' and
2026-09-14T12:23:46.6290232Z hint: 'development'. The just-created branch can be renamed via this command:
2026-09-14T12:23:46.6291121Z hint:
2026-09-14T12:23:46.6291880Z hint: 	git branch -m <name>
2026-09-14T12:23:46.6292758Z hint:
2026-09-14T12:23:46.6293938Z hint: Disable this message with "git config set advice.defaultBranchName false"
2026-09-14T12:23:46.6295370Z Initialized empty Git repository in <USER_HOME>/work/Learning_Workbench/Learning_Workbench/.git/
2026-09-14T12:23:46.6297949Z [command]/usr/bin/git remote add origin https://github.com/kl3574/Learning_Workbench
2026-09-14T12:23:46.6339616Z ##[endgroup]
2026-09-14T12:23:46.6340430Z ##[group]Disabling automatic garbage collection
2026-09-14T12:23:46.6343370Z [command]/usr/bin/git config --local gc.auto 0
2026-09-14T12:23:46.6378104Z ##[endgroup]
2026-09-14T12:23:46.6379203Z ##[group]Setting up auth
2026-09-14T12:23:46.6384616Z Removing SSH command configuration
2026-09-14T12:23:46.6392971Z [command]/usr/bin/git config --local --name-only --get-regexp core\.sshCommand
2026-09-14T12:23:46.6421986Z [command]/usr/bin/git submodule foreach --recursive sh -c "git config --local --name-only --get-regexp 'core\.sshCommand' && git config --local --unset-all 'core.sshCommand' || :"
2026-09-14T12:23:46.6743490Z Removing HTTP extra header
2026-09-14T12:23:46.6750167Z [command]/usr/bin/git config --local --name-only --get-regexp http\.https\:\/\/github\.com\/\.extraheader
2026-09-14T12:23:46.6797694Z [command]/usr/bin/git submodule foreach --recursive sh -c "git config --local --name-only --get-regexp 'http\.https\:\/\/github\.com\/\.extraheader' && git config --local --unset-all 'http.https://github.com/.extraheader' || :"
2026-09-14T12:23:46.7046527Z Removing includeIf entries pointing to credentials config files
2026-09-14T12:23:46.7052404Z [command]/usr/bin/git config --local --name-only --get-regexp ^includeIf\.gitdir:
2026-09-14T12:23:46.7100569Z [command]/usr/bin/git submodule foreach --recursive git config --local --show-origin --name-only --get-regexp remote.origin.url
2026-09-14T12:23:46.7347680Z [command]/usr/bin/git config --file <USER_HOME>/work/_temp/git-credentials-df29efcc-ed6e-40bb-95c9-a57c90f4fdba.config http.https://github.com/.extraheader AUTHORIZATION: basic ***
2026-09-14T12:23:46.7391288Z [command]/usr/bin/git config --local includeIf.gitdir:<USER_HOME>/work/Learning_Workbench/Learning_Workbench/.git.path <USER_HOME>/work/_temp/git-credentials-df29efcc-ed6e-40bb-95c9-a57c90f4fdba.config
2026-09-14T12:23:46.7426923Z [command]/usr/bin/git config --local includeIf.gitdir:<USER_HOME>/work/Learning_Workbench/Learning_Workbench/.git/worktrees/*.path <USER_HOME>/work/_temp/git-credentials-df29efcc-ed6e-40bb-95c9-a57c90f4fdba.config
2026-09-14T12:23:46.7467434Z [command]/usr/bin/git config --local includeIf.gitdir:/github/workspace/.git.path /github/runner_temp/git-credentials-df29efcc-ed6e-40bb-95c9-a57c90f4fdba.config
2026-09-14T12:23:46.7503669Z [command]/usr/bin/git config --local includeIf.gitdir:/github/workspace/.git/worktrees/*.path /github/runner_temp/git-credentials-df29efcc-ed6e-40bb-95c9-a57c90f4fdba.config
2026-09-14T12:23:46.7537423Z ##[endgroup]
2026-09-14T12:23:46.7538551Z ##[group]Fetching the repository
2026-09-14T12:23:46.7545723Z [command]/usr/bin/git -c protocol.version=2 fetch --no-tags --prune --no-recurse-submodules --depth=1 origin +45cf2d39420cfe010fef04bd6cc3fe825f39df61:refs/remotes/origin/feat/M2.3-document-extraction
2026-09-14T12:23:47.4729031Z From https://github.com/kl3574/Learning_Workbench
2026-09-14T12:23:47.4734663Z  * [new ref]         45cf2d39420cfe010fef04bd6cc3fe825f39df61 -> origin/feat/M2.3-document-extraction
2026-09-14T12:23:47.4738748Z [command]/usr/bin/git branch --list --remote origin/feat/M2.3-document-extraction
2026-09-14T12:23:47.4772921Z   origin/feat/M2.3-document-extraction
2026-09-14T12:23:47.4782883Z [command]/usr/bin/git rev-parse refs/remotes/origin/feat/M2.3-document-extraction
2026-09-14T12:23:47.4823605Z 45cf2d39420cfe010fef04bd6cc3fe825f39df61
2026-09-14T12:23:47.4833411Z ##[endgroup]
2026-09-14T12:23:47.4834678Z ##[group]Determining the checkout info
2026-09-14T12:23:47.4836030Z ##[endgroup]
2026-09-14T12:23:47.4836843Z [command]/usr/bin/git sparse-checkout disable
2026-09-14T12:23:47.4889633Z [command]/usr/bin/git config --local --unset-all extensions.worktreeConfig
2026-09-14T12:23:47.4928639Z ##[group]Checking out the ref
2026-09-14T12:23:47.4934203Z [command]/usr/bin/git checkout --progress --force -B feat/M2.3-document-extraction refs/remotes/origin/feat/M2.3-document-extraction
2026-09-14T12:23:47.5354868Z Switched to a new branch 'feat/M2.3-document-extraction'
2026-09-14T12:23:47.5359443Z branch 'feat/M2.3-document-extraction' set up to track 'origin/feat/M2.3-document-extraction'.
2026-09-14T12:23:47.5367662Z ##[endgroup]
2026-09-14T12:23:47.5417354Z [command]/usr/bin/git log -1 --format=%H
2026-09-14T12:23:47.5449007Z 45cf2d39420cfe010fef04bd6cc3fe825f39df61
2026-09-14T12:23:47.5789162Z ##[group]Run actions/setup-python@5fda3b95a4ea91299a34e894583c3862153e4b97
2026-09-14T12:23:47.5790458Z with:
2026-09-14T12:23:47.5790999Z   python-version: 3.12.13
2026-09-14T12:23:47.5791915Z   check-latest: false
2026-09-14T12:23:47.5799901Z   token: ***
2026-09-14T12:23:47.5800490Z   update-environment: true
2026-09-14T12:23:47.5801223Z   allow-prereleases: false
2026-09-14T12:23:47.5802051Z   freethreaded: false
2026-09-14T12:23:47.5802705Z ##[endgroup]
2026-09-14T12:23:47.6964046Z ##[group]Installed versions
2026-09-14T12:23:47.6977128Z Version 3.12.13 was not found in the local cache
2026-09-14T12:23:48.4624141Z Version 3.12.13 is available for downloading
2026-09-14T12:23:48.4625103Z Download from "https://github.com/actions/python-versions/releases/download/3.12.13-27650778726/python-3.12.13-linux-24.04-x64.tar.gz"
2026-09-14T12:23:49.2425495Z Extract downloaded archive
2026-09-14T12:23:49.2546715Z [command]/usr/bin/tar xz --warning=no-unknown-keyword --overwrite -C <USER_HOME>/work/_temp/c2b039bc-c6ce-4e19-a5ec-9872fe20ba19 -f <USER_HOME>/work/_temp/9d18f5b6-6fad-4179-8aef-06c9625f10b3
2026-09-14T12:23:51.3566007Z Execute installation script
2026-09-14T12:23:51.3665322Z Check if Python hostedtoolcache folder exist...
2026-09-14T12:23:51.3666235Z Create Python 3.12.13 folder
2026-09-14T12:23:51.3681883Z Copy Python binaries to hostedtoolcache folder
2026-09-14T12:23:51.8509495Z Create additional symlinks (Required for the UsePythonVersion Azure Pipelines task and the setup-python GitHub Action)
2026-09-14T12:23:51.8552791Z Upgrading pip...
2026-09-14T12:23:53.7632149Z Collecting pip
2026-09-14T12:23:53.8548615Z Downloading pip-26.2.1-py3-none-any.whl.metadata (4.6 kB)
2026-09-14T12:23:53.8830720Z Downloading pip-26.2.1-py3-none-any.whl (1.8 MB)
2026-09-14T12:23:54.0367757Z ━━━━━━━━━━━━━━━━━━━━━━━━━━━━━━━━━━━━━━━━ 1.8/1.8 MB 17.5 MB/s eta 0:00:00
2026-09-14T12:23:54.0368333Z 
2026-09-14T12:23:54.0562058Z Installing collected packages: pip
2026-09-14T12:23:54.0562828Z Attempting uninstall: pip
2026-09-14T12:23:54.0584806Z Found existing installation: pip 25.0.1
2026-09-14T12:23:54.0916149Z Uninstalling pip-25.0.1:
2026-09-14T12:23:54.0972310Z Successfully uninstalled pip-25.0.1
2026-09-14T12:23:55.0173189Z Successfully installed pip-26.2.1
2026-09-14T12:23:55.0723831Z Create complete file
2026-09-14T12:23:55.0764722Z Successfully set up CPython (3.12.13)
2026-09-14T12:23:55.0765962Z ##[endgroup]
2026-09-14T12:23:55.0933929Z ##[group]Run python -m pip install uv==0.11.21
2026-09-14T12:23:55.0934601Z [36;1mpython -m pip install uv==0.11.21[0m
2026-09-14T12:23:55.0981956Z shell: /usr/bin/bash -e {0}
2026-09-14T12:23:55.0982304Z env:
2026-09-14T12:23:55.0982591Z   pythonLocation: /opt/hostedtoolcache/Python/3.12.13/x64
2026-09-14T12:23:55.0983051Z   PKG_CONFIG_PATH: /opt/hostedtoolcache/Python/3.12.13/x64/lib/pkgconfig
2026-09-14T12:23:55.0983490Z   Python_ROOT_DIR: /opt/hostedtoolcache/Python/3.12.13/x64
2026-09-14T12:23:55.0983893Z   Python2_ROOT_DIR: /opt/hostedtoolcache/Python/3.12.13/x64
2026-09-14T12:23:55.0984274Z   Python3_ROOT_DIR: /opt/hostedtoolcache/Python/3.12.13/x64
2026-09-14T12:23:55.0984680Z   LD_LIBRARY_PATH: /opt/hostedtoolcache/Python/3.12.13/x64/lib
2026-09-14T12:23:55.0985009Z ##[endgroup]
2026-09-14T12:23:55.8958263Z Collecting uv==0.11.21
2026-09-14T12:23:55.9900117Z   Downloading uv-0.11.21-py3-none-manylinux_2_17_x86_64.manylinux2014_x86_64.whl.metadata (11 kB)
2026-09-14T12:23:56.0194991Z Downloading uv-0.11.21-py3-none-manylinux_2_17_x86_64.manylinux2014_x86_64.whl (25.1 MB)
2026-09-14T12:23:56.3223220Z    ━━━━━━━━━━━━━━━━━━━━━━━━━━━━━━━━━━━━━━━━ 25.1/25.1 MB 100.8 MB/s  0:00:00
2026-09-14T12:23:56.3704459Z Installing collected packages: uv
2026-09-14T12:23:56.6513534Z Successfully installed uv-0.11.21
2026-09-14T12:23:56.7087249Z ##[group]Run uv sync --frozen
2026-09-14T12:23:56.7087587Z [36;1muv sync --frozen[0m
2026-09-14T12:23:56.7129415Z shell: /usr/bin/bash -e {0}
2026-09-14T12:23:56.7129670Z env:
2026-09-14T12:23:56.7129948Z   pythonLocation: /opt/hostedtoolcache/Python/3.12.13/x64
2026-09-14T12:23:56.7130389Z   PKG_CONFIG_PATH: /opt/hostedtoolcache/Python/3.12.13/x64/lib/pkgconfig
2026-09-14T12:23:56.7130810Z   Python_ROOT_DIR: /opt/hostedtoolcache/Python/3.12.13/x64
2026-09-14T12:23:56.7131183Z   Python2_ROOT_DIR: /opt/hostedtoolcache/Python/3.12.13/x64
2026-09-14T12:23:56.7131557Z   Python3_ROOT_DIR: /opt/hostedtoolcache/Python/3.12.13/x64
2026-09-14T12:23:56.7132304Z   LD_LIBRARY_PATH: /opt/hostedtoolcache/Python/3.12.13/x64/lib
2026-09-14T12:23:56.7132680Z ##[endgroup]
2026-09-14T12:23:56.7769907Z Using CPython 3.12.13 interpreter at: /opt/hostedtoolcache/Python/3.12.13/x64/bin/python3.12
2026-09-14T12:23:56.7770689Z Creating virtual environment at: .venv
2026-09-14T12:23:56.9327474Z Downloading pydantic-core (2.0MiB)
2026-09-14T12:23:56.9330535Z Downloading pygments (1.2MiB)
2026-09-14T12:23:56.9342069Z Downloading ruff (9.9MiB)
2026-09-14T12:23:56.9344459Z Downloading ast-serialize (1.3MiB)
2026-09-14T12:23:56.9346079Z Downloading mypy (14.6MiB)
2026-09-14T12:23:57.3643081Z  Downloaded ast-serialize
2026-09-14T12:23:57.3853129Z  Downloaded pydantic-core
2026-09-14T12:23:57.4842465Z  Downloaded ruff
2026-09-14T12:23:57.7178983Z  Downloaded pygments
2026-09-14T12:23:57.8716826Z  Downloaded mypy
2026-09-14T12:23:57.8793944Z Prepared 37 packages in 1.09s
2026-09-14T12:23:58.0563534Z Installed 37 packages in 176ms
2026-09-14T12:23:58.0564060Z  + annotated-doc==0.0.5
2026-09-14T12:23:58.0570411Z  + annotated-types==0.8.0
2026-09-14T12:23:58.0574394Z  + anyio==4.15.1
2026-09-14T12:23:58.0574910Z  + ast-serialize==0.11.2
2026-09-14T12:23:58.0575434Z  + attrs==26.1.0
2026-09-14T12:23:58.0575902Z  + certifi==2026.7.22
2026-09-14T12:23:58.0576384Z  + click==8.5.0
2026-09-14T12:23:58.0576874Z  + defusedxml==0.7.1
2026-09-14T12:23:58.0586114Z  + fastapi==0.141.1
2026-09-14T12:23:58.0586621Z  + h11==0.16.0
2026-09-14T12:23:58.0587074Z  + httpcore==1.0.9
2026-09-14T12:23:58.0587536Z  + httpx==0.28.1
2026-09-14T12:23:58.0588001Z  + idna==3.19
2026-09-14T12:23:58.0588459Z  + iniconfig==2.3.0
2026-09-14T12:23:58.0588935Z  + jsonschema==4.26.0
2026-09-14T12:23:58.0589460Z  + jsonschema-specifications==2025.9.1
2026-09-14T12:23:58.0590084Z  + librt==0.15.0
2026-09-14T12:23:58.0590560Z  + markdown-it-py==4.2.0
2026-09-14T12:23:58.0591048Z  + mdurl==0.1.2
2026-09-14T12:23:58.0591517Z  + mypy==2.3.1
2026-09-14T12:23:58.0592173Z  + mypy-extensions==1.1.0
2026-09-14T12:23:58.0592709Z  + packaging==26.3
2026-09-14T12:23:58.0593312Z  + pathspec==1.1.1
2026-09-14T12:23:58.0594061Z  + pluggy==1.6.0
2026-09-14T12:23:58.0594532Z  + pydantic==2.13.5
2026-09-14T12:23:58.0595014Z  + pydantic-core==2.46.5
2026-09-14T12:23:58.0595600Z  + pygments==2.21.0
2026-09-14T12:23:58.0596076Z  + pypdf==6.18.1
2026-09-14T12:23:58.0596548Z  + pytest==9.1.1
2026-09-14T12:23:58.0597027Z  + python-multipart==0.0.32
2026-09-14T12:23:58.0597980Z  + referencing==0.37.0
2026-09-14T12:23:58.0598478Z  + rpds-py==2026.6.3
2026-09-14T12:23:58.0598959Z  + ruff==0.16.7
2026-09-14T12:23:58.0599426Z  + starlette==1.6.0
2026-09-14T12:23:58.0599913Z  + typing-extensions==4.16.0
2026-09-14T12:23:58.0600445Z  + typing-inspection==0.4.4
2026-09-14T12:23:58.0601025Z  + uvicorn==0.53.0
2026-09-14T12:23:58.0659104Z ##[group]Run sudo apt-get update
2026-09-14T12:23:58.0659571Z [36;1msudo apt-get update[0m
2026-09-14T12:23:58.0660219Z [36;1msudo apt-get install -y bubblewrap=0.9.0-1ubuntu0.1 libseccomp2=2.5.5-1ubuntu3.1[0m
2026-09-14T12:23:58.0660913Z [36;1mbwrap --version[0m
2026-09-14T12:23:58.0711324Z shell: /usr/bin/bash -e {0}
2026-09-14T12:23:58.0711824Z env:
2026-09-14T12:23:58.0712240Z   pythonLocation: /opt/hostedtoolcache/Python/3.12.13/x64
2026-09-14T12:23:58.0712931Z   PKG_CONFIG_PATH: /opt/hostedtoolcache/Python/3.12.13/x64/lib/pkgconfig
2026-09-14T12:23:58.0713602Z   Python_ROOT_DIR: /opt/hostedtoolcache/Python/3.12.13/x64
2026-09-14T12:23:58.0714205Z   Python2_ROOT_DIR: /opt/hostedtoolcache/Python/3.12.13/x64
2026-09-14T12:23:58.0714800Z   Python3_ROOT_DIR: /opt/hostedtoolcache/Python/3.12.13/x64
2026-09-14T12:23:58.0715397Z   LD_LIBRARY_PATH: /opt/hostedtoolcache/Python/3.12.13/x64/lib
2026-09-14T12:23:58.0715906Z ##[endgroup]
2026-09-14T12:23:59.0043982Z Get:1 file:/etc/apt/apt-mirrors.txt Mirrorlist [144 B]
2026-09-14T12:23:59.0592677Z Hit:2 http://azure.archive.ubuntu.com/ubuntu noble InRelease
2026-09-14T12:23:59.0600532Z Get:3 http://azure.archive.ubuntu.com/ubuntu noble-updates InRelease [126 kB]
2026-09-14T12:23:59.0656577Z Get:4 http://azure.archive.ubuntu.com/ubuntu noble-backports InRelease [126 kB]
2026-09-14T12:23:59.0671440Z Get:5 http://azure.archive.ubuntu.com/ubuntu noble-security InRelease [126 kB]
2026-09-14T12:23:59.0773724Z Get:6 https://dl.google.com/linux/chrome-stable/deb stable InRelease [2548 B]
2026-09-14T12:23:59.0782681Z Get:7 https://packages.microsoft.com/ubuntu/24.04/prod noble InRelease [3600 B]
2026-09-14T12:23:59.1849624Z Get:8 http://azure.archive.ubuntu.com/ubuntu noble-updates/main amd64 Packages [1263 kB]
2026-09-14T12:23:59.2010826Z Get:9 http://azure.archive.ubuntu.com/ubuntu noble-updates/main Translation-en [292 kB]
2026-09-14T12:23:59.2022235Z Get:10 http://azure.archive.ubuntu.com/ubuntu noble-updates/main amd64 Components [181 kB]
2026-09-14T12:23:59.2045815Z Get:11 http://azure.archive.ubuntu.com/ubuntu noble-updates/universe amd64 Packages [1691 kB]
2026-09-14T12:23:59.2162356Z Get:12 http://azure.archive.ubuntu.com/ubuntu noble-updates/universe Translation-en [339 kB]
2026-09-14T12:23:59.2193891Z Get:13 http://azure.archive.ubuntu.com/ubuntu noble-updates/universe amd64 Components [388 kB]
2026-09-14T12:23:59.2229170Z Get:14 http://azure.archive.ubuntu.com/ubuntu noble-updates/restricted amd64 Packages [1544 kB]
2026-09-14T12:23:59.2323862Z Get:15 http://azure.archive.ubuntu.com/ubuntu noble-updates/restricted Translation-en [354 kB]
2026-09-14T12:23:59.2350964Z Get:16 http://azure.archive.ubuntu.com/ubuntu noble-updates/multiverse amd64 Components [940 B]
2026-09-14T12:23:59.2422492Z Get:17 http://azure.archive.ubuntu.com/ubuntu noble-backports/main amd64 Components [5772 B]
2026-09-14T12:23:59.2881388Z Get:18 http://azure.archive.ubuntu.com/ubuntu noble-backports/universe amd64 Components [12.6 kB]
2026-09-14T12:23:59.3022958Z Get:19 http://azure.archive.ubuntu.com/ubuntu noble-security/main amd64 Packages [1006 kB]
2026-09-14T12:23:59.3092862Z Get:20 http://azure.archive.ubuntu.com/ubuntu noble-security/main Translation-en [213 kB]
2026-09-14T12:23:59.3107794Z Get:21 http://azure.archive.ubuntu.com/ubuntu noble-security/main amd64 Components [46.4 kB]
2026-09-14T12:23:59.3126073Z Get:22 http://azure.archive.ubuntu.com/ubuntu noble-security/universe amd64 Packages [1206 kB]
2026-09-14T12:23:59.3218307Z Get:23 http://azure.archive.ubuntu.com/ubuntu noble-security/universe Translation-en [242 kB]
2026-09-14T12:23:59.3244653Z Get:24 http://azure.archive.ubuntu.com/ubuntu noble-security/universe amd64 Components [76.3 kB]
2026-09-14T12:23:59.3265054Z Get:25 http://azure.archive.ubuntu.com/ubuntu noble-security/restricted amd64 Packages [1445 kB]
2026-09-14T12:23:59.3357480Z Get:26 http://azure.archive.ubuntu.com/ubuntu noble-security/restricted Translation-en [336 kB]
2026-09-14T12:23:59.3704255Z Get:27 https://dl.google.com/linux/chrome-stable/deb stable/main amd64 Packages [1410 B]
2026-09-14T12:23:59.3978789Z Get:28 https://packages.microsoft.com/ubuntu/24.04/prod noble/main amd64 Packages [463 kB]
2026-09-14T12:23:59.4062800Z Get:29 https://packages.microsoft.com/ubuntu/24.04/prod noble/main arm64 Packages [414 kB]
2026-09-14T12:24:03.8023988Z Fetched 11.9 MB in 2s (7205 kB/s)
2026-09-14T12:24:04.6244143Z Reading package lists...
2026-09-14T12:24:04.6573466Z Reading package lists...
2026-09-14T12:24:04.8559930Z Building dependency tree...
2026-09-14T12:24:04.8567464Z Reading state information...
2026-09-14T12:24:05.0287070Z libseccomp2 is already the newest version (2.5.5-1ubuntu3.1).
2026-09-14T12:24:05.0287650Z libseccomp2 set to manually installed.
2026-09-14T12:24:05.0287991Z The following NEW packages will be installed:
2026-09-14T12:24:05.0293117Z   bubblewrap
2026-09-14T12:24:05.0481798Z 0 upgraded, 1 newly installed, 0 to remove and 50 not upgraded.
2026-09-14T12:24:05.0482382Z Need to get 50.2 kB of archives.
2026-09-14T12:24:05.0482947Z After this operation, 133 kB of additional disk space will be used.
2026-09-14T12:24:05.0483581Z Get:1 file:/etc/apt/apt-mirrors.txt Mirrorlist [144 B]
2026-09-14T12:24:05.0899720Z Get:2 http://azure.archive.ubuntu.com/ubuntu noble-updates/main amd64 bubblewrap amd64 0.9.0-1ubuntu0.1 [50.2 kB]
2026-09-14T12:24:05.3522862Z Fetched 50.2 kB in 0s (917 kB/s)
2026-09-14T12:24:05.3743991Z Selecting previously unselected package bubblewrap.
2026-09-14T12:24:05.3963370Z (Reading database ... 
2026-09-14T12:24:05.3963784Z (Reading database ... 5%
2026-09-14T12:24:05.3964155Z (Reading database ... 10%
2026-09-14T12:24:05.3964503Z (Reading database ... 15%
2026-09-14T12:24:05.3964841Z (Reading database ... 20%
2026-09-14T12:24:05.3965205Z (Reading database ... 25%
2026-09-14T12:24:05.3965423Z (Reading database ... 30%
2026-09-14T12:24:05.3965655Z (Reading database ... 35%
2026-09-14T12:24:05.3965890Z (Reading database ... 40%
2026-09-14T12:24:05.3966115Z (Reading database ... 45%
2026-09-14T12:24:05.3966378Z (Reading database ... 50%
2026-09-14T12:24:05.3998962Z (Reading database ... 55%
2026-09-14T12:24:05.5118089Z (Reading database ... 60%
2026-09-14T12:24:05.7117807Z (Reading database ... 65%
2026-09-14T12:24:05.8604685Z (Reading database ... 70%
2026-09-14T12:24:06.0572422Z (Reading database ... 75%
2026-09-14T12:24:06.2796152Z (Reading database ... 80%
2026-09-14T12:24:06.4541047Z (Reading database ... 85%
2026-09-14T12:24:06.6604158Z (Reading database ... 90%
2026-09-14T12:24:06.8139211Z (Reading database ... 95%
2026-09-14T12:24:06.8139653Z (Reading database ... 100%
2026-09-14T12:24:06.8140177Z (Reading database ... 201818 files and directories currently installed.)
2026-09-14T12:24:06.8187661Z Preparing to unpack .../bubblewrap_0.9.0-1ubuntu0.1_amd64.deb ...
2026-09-14T12:24:06.8213725Z Unpacking bubblewrap (0.9.0-1ubuntu0.1) ...
2026-09-14T12:24:06.8645815Z Setting up bubblewrap (0.9.0-1ubuntu0.1) ...
2026-09-14T12:24:06.8690153Z Processing triggers for man-db (2.12.0-4build2) ...
2026-09-14T12:24:06.8708512Z Not building database; man-db/auto-update is not 'true'.
2026-09-14T12:24:07.4619690Z 
2026-09-14T12:24:07.4620190Z Running kernel seems to be up-to-date.
2026-09-14T12:24:07.4620560Z 
2026-09-14T12:24:07.4620729Z No services need to be restarted.
2026-09-14T12:24:07.4621010Z 
2026-09-14T12:24:07.4621550Z No containers need to be restarted.
2026-09-14T12:24:07.4621969Z 
2026-09-14T12:24:07.4622171Z No user sessions are running outdated binaries.
2026-09-14T12:24:07.4622494Z 
2026-09-14T12:24:07.4622804Z No VM guests are running outdated hypervisor (qemu) binaries on this host.
2026-09-14T12:24:08.4487889Z bubblewrap 0.9.0
2026-09-14T12:24:08.4523565Z ##[group]Run uv run --frozen ruff check .
2026-09-14T12:24:08.4523915Z [36;1muv run --frozen ruff check .[0m
2026-09-14T12:24:08.4564811Z shell: /usr/bin/bash -e {0}
2026-09-14T12:24:08.4565106Z env:
2026-09-14T12:24:08.4565382Z   pythonLocation: /opt/hostedtoolcache/Python/3.12.13/x64
2026-09-14T12:24:08.4565834Z   PKG_CONFIG_PATH: /opt/hostedtoolcache/Python/3.12.13/x64/lib/pkgconfig
2026-09-14T12:24:08.4566255Z   Python_ROOT_DIR: /opt/hostedtoolcache/Python/3.12.13/x64
2026-09-14T12:24:08.4566634Z   Python2_ROOT_DIR: /opt/hostedtoolcache/Python/3.12.13/x64
2026-09-14T12:24:08.4567007Z   Python3_ROOT_DIR: /opt/hostedtoolcache/Python/3.12.13/x64
2026-09-14T12:24:08.4567409Z   LD_LIBRARY_PATH: /opt/hostedtoolcache/Python/3.12.13/x64/lib
2026-09-14T12:24:08.4567756Z ##[endgroup]
2026-09-14T12:24:08.5425551Z All checks passed!
2026-09-14T12:24:08.5474746Z ##[group]Run uv run --frozen mypy
2026-09-14T12:24:08.5475066Z [36;1muv run --frozen mypy[0m
2026-09-14T12:24:08.5516157Z shell: /usr/bin/bash -e {0}
2026-09-14T12:24:08.5516424Z env:
2026-09-14T12:24:08.5516714Z   pythonLocation: /opt/hostedtoolcache/Python/3.12.13/x64
2026-09-14T12:24:08.5517178Z   PKG_CONFIG_PATH: /opt/hostedtoolcache/Python/3.12.13/x64/lib/pkgconfig
2026-09-14T12:24:08.5517610Z   Python_ROOT_DIR: /opt/hostedtoolcache/Python/3.12.13/x64
2026-09-14T12:24:08.5518006Z   Python2_ROOT_DIR: /opt/hostedtoolcache/Python/3.12.13/x64
2026-09-14T12:24:08.5518374Z   Python3_ROOT_DIR: /opt/hostedtoolcache/Python/3.12.13/x64
2026-09-14T12:24:08.5518743Z   LD_LIBRARY_PATH: /opt/hostedtoolcache/Python/3.12.13/x64/lib
2026-09-14T12:24:08.5519067Z ##[endgroup]
2026-09-14T12:24:13.7797857Z Success: no issues found in 48 source files
2026-09-14T12:24:13.7986757Z ##[group]Run uv run --frozen python scripts/probe_document_sandbox.py
2026-09-14T12:24:13.7987292Z [36;1muv run --frozen python scripts/probe_document_sandbox.py[0m
2026-09-14T12:24:13.8026777Z shell: /usr/bin/bash -e {0}
2026-09-14T12:24:13.8027049Z env:
2026-09-14T12:24:13.8027328Z   pythonLocation: /opt/hostedtoolcache/Python/3.12.13/x64
2026-09-14T12:24:13.8027767Z   PKG_CONFIG_PATH: /opt/hostedtoolcache/Python/3.12.13/x64/lib/pkgconfig
2026-09-14T12:24:13.8028186Z   Python_ROOT_DIR: /opt/hostedtoolcache/Python/3.12.13/x64
2026-09-14T12:24:13.8028563Z   Python2_ROOT_DIR: /opt/hostedtoolcache/Python/3.12.13/x64
2026-09-14T12:24:13.8028927Z   Python3_ROOT_DIR: /opt/hostedtoolcache/Python/3.12.13/x64
2026-09-14T12:24:13.8029302Z   LD_LIBRARY_PATH: /opt/hostedtoolcache/Python/3.12.13/x64/lib
2026-09-14T12:24:13.8029625Z ##[endgroup]
2026-09-14T12:24:14.3007628Z {
2026-09-14T12:24:14.3008122Z   "scope": "fixed synthetic runtime probe; no uploaded document or environment dump",
2026-09-14T12:24:14.3008682Z   "python_version": "3.12.13",
2026-09-14T12:24:14.3008943Z   "exit_code": 1,
2026-09-14T12:24:14.3009159Z   "stdout": "",
2026-09-14T12:24:14.3009502Z   "stderr": "bwrap: loopback: Failed RTM_NEWADDR: Operation not permitted\n",
2026-09-14T12:24:14.3009882Z   "status": "FAIL"
2026-09-14T12:24:14.3010080Z }
2026-09-14T12:24:14.3260506Z ##[error]Process completed with exit code 1.
2026-09-14T12:24:14.3402031Z Post job cleanup.
2026-09-14T12:24:14.4249364Z [command]/usr/bin/git version
2026-09-14T12:24:14.4302448Z git version 2.55.0
2026-09-14T12:24:14.4338990Z Temporarily overriding HOME='<USER_HOME>/work/_temp/b98206c6-3628-4971-af1d-876a956772d2' before making global git config changes
2026-09-14T12:24:14.4340598Z Adding repository directory to the temporary git global config as a safe directory
2026-09-14T12:24:14.4345043Z [command]/usr/bin/git config --global --add safe.directory <USER_HOME>/work/Learning_Workbench/Learning_Workbench
2026-09-14T12:24:14.4381565Z Removing SSH command configuration
2026-09-14T12:24:14.4388127Z [command]/usr/bin/git config --local --name-only --get-regexp core\.sshCommand
2026-09-14T12:24:14.4427765Z [command]/usr/bin/git submodule foreach --recursive sh -c "git config --local --name-only --get-regexp 'core\.sshCommand' && git config --local --unset-all 'core.sshCommand' || :"
2026-09-14T12:24:14.4693446Z Removing HTTP extra header
2026-09-14T12:24:14.4709114Z [command]/usr/bin/git config --local --name-only --get-regexp http\.https\:\/\/github\.com\/\.extraheader
2026-09-14T12:24:14.4754192Z [command]/usr/bin/git submodule foreach --recursive sh -c "git config --local --name-only --get-regexp 'http\.https\:\/\/github\.com\/\.extraheader' && git config --local --unset-all 'http.https://github.com/.extraheader' || :"
2026-09-14T12:24:14.5028029Z Removing includeIf entries pointing to credentials config files
2026-09-14T12:24:14.5036251Z [command]/usr/bin/git config --local --name-only --get-regexp ^includeIf\.gitdir:
2026-09-14T12:24:14.5076695Z includeif.gitdir:<USER_HOME>/work/Learning_Workbench/Learning_Workbench/.git.path
2026-09-14T12:24:14.5077937Z includeif.gitdir:<USER_HOME>/work/Learning_Workbench/Learning_Workbench/.git/worktrees/*.path
2026-09-14T12:24:14.5090743Z includeif.gitdir:/github/workspace/.git.path
2026-09-14T12:24:14.5091456Z includeif.gitdir:/github/workspace/.git/worktrees/*.path
2026-09-14T12:24:14.5093518Z [command]/usr/bin/git config --local --get-all includeif.gitdir:<USER_HOME>/work/Learning_Workbench/Learning_Workbench/.git.path
2026-09-14T12:24:14.5129869Z <USER_HOME>/work/_temp/git-credentials-df29efcc-ed6e-40bb-95c9-a57c90f4fdba.config
2026-09-14T12:24:14.5153735Z [command]/usr/bin/git config --local --unset includeif.gitdir:<USER_HOME>/work/Learning_Workbench/Learning_Workbench/.git.path \/home\/runner\/work\/_temp\/git\-credentials\-df29efcc\-ed6e\-40bb\-95c9\-a57c90f4fdba\.config
2026-09-14T12:24:14.5191527Z [command]/usr/bin/git config --local --get-all includeif.gitdir:<USER_HOME>/work/Learning_Workbench/Learning_Workbench/.git/worktrees/*.path
2026-09-14T12:24:14.5228345Z <USER_HOME>/work/_temp/git-credentials-df29efcc-ed6e-40bb-95c9-a57c90f4fdba.config
2026-09-14T12:24:14.5238098Z [command]/usr/bin/git config --local --unset includeif.gitdir:<USER_HOME>/work/Learning_Workbench/Learning_Workbench/.git/worktrees/*.path \/home\/runner\/work\/_temp\/git\-credentials\-df29efcc\-ed6e\-40bb\-95c9\-a57c90f4fdba\.config
2026-09-14T12:24:14.5296120Z [command]/usr/bin/git config --local --get-all includeif.gitdir:/github/workspace/.git.path
2026-09-14T12:24:14.5327275Z /github/runner_temp/git-credentials-df29efcc-ed6e-40bb-95c9-a57c90f4fdba.config
2026-09-14T12:24:14.5336962Z [command]/usr/bin/git config --local --unset includeif.gitdir:/github/workspace/.git.path \/github\/runner_temp\/git\-credentials\-df29efcc\-ed6e\-40bb\-95c9\-a57c90f4fdba\.config
2026-09-14T12:24:14.5376585Z [command]/usr/bin/git config --local --get-all includeif.gitdir:/github/workspace/.git/worktrees/*.path
2026-09-14T12:24:14.5407983Z /github/runner_temp/git-credentials-df29efcc-ed6e-40bb-95c9-a57c90f4fdba.config
2026-09-14T12:24:14.5429032Z [command]/usr/bin/git config --local --unset includeif.gitdir:/github/workspace/.git/worktrees/*.path \/github\/runner_temp\/git\-credentials\-df29efcc\-ed6e\-40bb\-95c9\-a57c90f4fdba\.config
2026-09-14T12:24:14.5458655Z [command]/usr/bin/git submodule foreach --recursive git config --local --show-origin --name-only --get-regexp remote.origin.url
2026-09-14T12:24:14.5729368Z Removing credentials config '<USER_HOME>/work/_temp/git-credentials-df29efcc-ed6e-40bb-95c9-a57c90f4fdba.config'
2026-09-14T12:24:14.5881524Z Cleaning up orphan processes
