2026-09-14T18:12:07.7104278Z   1) ../../tests/e2e/imports-policy.spec.ts:61:1 › a reselected failed original survives a role-policy pause in memory while decoded text must be checked again 
2026-09-14T18:12:07.7105915Z 
2026-09-14T18:12:07.7106279Z     TimeoutError: locator.click: Timeout 10000ms exceeded.
2026-09-14T18:12:07.7106860Z     Call log:
2026-09-14T18:12:07.7108239Z       - waiting for getByRole('dialog', { name: '导入', exact: true }).getByRole('button', { name: '恢复 import_b6075d4a0127458eac4448b234734e46', exact: true })
2026-09-14T18:12:07.7108988Z 
2026-09-14T18:12:07.7108996Z 
2026-09-14T18:12:07.7109332Z       73 |   await page.getByRole('button', { name: '导入', exact: true }).click()
2026-09-14T18:12:07.7109922Z       74 |   dialog = page.getByRole('dialog', { name: '导入', exact: true })
2026-09-14T18:12:07.7110623Z     > 75 |   await dialog.getByRole('button', { name: `恢复 ${receipt.import_id}`, exact: true }).click()
2026-09-14T18:12:07.7111225Z          |                                                                                      ^
2026-09-14T18:12:07.7111908Z       76 |   await expect(dialog.getByRole('button', { name: '严格解码并预览', exact: true })).toBeDisabled()
2026-09-14T18:12:07.7113689Z       77 |   await dialog.getByLabel('重新选择原始文件').setInputFiles({ name: 'reselected-original.txt', mimeType: 'text/plain', buffer: bytes })
2026-09-14T18:12:07.7114976Z       78 |   await dialog.getByLabel('原件文本编码').selectOption('gb18030')
2026-09-14T18:12:07.7116061Z         at <CI_HOME>/work/Learning_Workbench/Learning_Workbench/tests/e2e/imports-policy.spec.ts:75:86
2026-09-14T18:12:07.7116517Z 
2026-09-14T18:12:07.7117022Z     Error Context: ../../.local_data/e2e-results/imports-policy-a-reselecte-052f9--text-must-be-checked-again/error-context.md
2026-09-14T18:12:07.7117893Z 
2026-09-14T18:12:07.7117989Z   1 failed
2026-09-14T18:12:07.7118834Z     ../../tests/e2e/imports-policy.spec.ts:61:1 › a reselected failed original survives a role-policy pause in memory while decoded text must be checked again 
2026-09-14T18:12:07.7119533Z   63 passed (7.5m)
2026-09-14T18:12:07.7351139Z make: *** [Makefile:32: test-e2e] Error 1
2026-09-14T18:12:07.7370394Z ##[error]Process completed with exit code 2.
