........................................................................ [  6%]
........................................................................ [ 13%]
........................................................................ [ 20%]
........................................................................ [ 27%]
........................................................................ [ 34%]
........................................................................ [ 41%]
........................................................................ [ 48%]
........................................................................ [ 55%]
........................................................................ [ 62%]
.......F................................................................ [ 69%]
........................................................................ [ 76%]
........................................................................ [ 83%]
........................................................................ [ 90%]
........................................................................ [ 97%]
..........................                                               [100%]
=================================== FAILURES ===================================
_________________ test_payload_budget_and_unimplemented_routes _________________

runtime = (<fastapi.applications.FastAPI object at 0x7bd43fe95fa0>, <starlette.testclient.TestClient object at 0x7bd43fee3d40>, ...52428800, max_block_characters=400000, max_package_bytes=209715200, max_package_files=2000, max_compression_ratio=100))

    def test_payload_budget_and_unimplemented_routes(runtime):
        application, client, settings = runtime
        headers = login(application, client, settings)
        assert client.post("/api/v1/session/logout", content=b"x" * (settings.max_request_bytes + 1), headers=headers).status_code == 413
>       assert client.get("/api/v1/routes").status_code == 404
E       AssertionError: assert 200 == 404
E        +  where 200 = <Response [200 OK]>.status_code
E        +    where <Response [200 OK]> = get('/api/v1/routes')
E        +      where get = <starlette.testclient.TestClient object at 0x7bd43fee3d40>.get

tests/security/test_local_boundary.py:205: AssertionError
=============================== warnings summary ===============================
.venv/lib/python3.12/site-packages/fastapi/testclient.py:1
  <REPO>/.venv/lib/python3.12/site-packages/fastapi/testclient.py:1: StarletteDeprecationWarning: Using `httpx` with `starlette.testclient` is deprecated; install `httpx2` instead.
    from starlette.testclient import TestClient as TestClient  # noqa

.venv/lib/python3.12/site-packages/starlette/testclient.py:53
  <REPO>/.venv/lib/python3.12/site-packages/starlette/testclient.py:53: DeprecationWarning: The anyio.abc.BlockingPortal alias is deprecated, use anyio.from_thread.BlockingPortal instead.
    _PortalFactoryType = Callable[[], AbstractContextManager[anyio.abc.BlockingPortal]]

-- Docs: https://docs.pytest.org/en/stable/how-to/capture-warnings.html
=========================== short test summary info ============================
FAILED tests/security/test_local_boundary.py::test_payload_budget_and_unimplemented_routes
1 failed, 1033 passed, 2 warnings in 152.88s (0:02:32)
