
> @learning-workbench/web@0.1.0 test
> vitest run src/features/draftEditor src/features/draftReview src/features/editPublication


 RUN  v5.0.0 LOCAL_HOME/.cache/learning-workbench-acceptance/m62-codemirror-publication-combined-oct02/apps/web

 ❯ src/features/draftEditor/DraftEditor.test.tsx (5 tests | 1 failed) 3658ms
   × real Review dirty and unsafe states fence CM input and existing undo history, then restore editing 1062ms

⎯⎯⎯⎯⎯⎯⎯ Failed Tests 1 ⎯⎯⎯⎯⎯⎯⎯

 FAIL  src/features/draftEditor/DraftEditor.test.tsx > real Review dirty and unsafe states fence CM input and existing undo history, then restore editing
AssertionError: expected true to be false // Object.is equality

Ignored nodes: comments, script, style
[36m<html>[39m
  [36m<head />[39m
  [36m<body>[39m
    [36m<div>[39m
      [36m<section[39m
        [33maria-label[39m=[32m"文本块编辑与恢复"[39m
        [33mclass[39m=[32m"draft-editor"[39m
      [36m>[39m
        [36m<button[39m
          [33maria-expanded[39m=[32m"true"[39m
        [36m>[39m
          [0m收起文本编辑[0m
        [36m</button>[39m
        [36m<div>[39m
          [36m<h3>[39m
            [0m编辑未发布草稿[0m
          [36m</h3>[39m
          [36m<p>[39m
            [0m基于此块修订 [0m
            [0m1[0m
            [0m · [0m
            [36m<code>[39m
              [0maaaaaaaaaaaaaaaaaaaaaaaaaaaaaaaaaaaaaaaaaaaaaaaaaaaaaaaaaaaaaaaa[0m
            [36m</code>[39m
            [0m。本机编辑只保存标题和正文。准确服务端修订须另行进入审核，再明确发布为原块下一修订。[0m
          [36m</p>[39m
          [36m<button>[39m
            [0m从此准确修订明确创建编辑稿[0m
          [36m</button>[39m
          [36m<label>[39m
            [0m读取已有编辑稿 ID[0m
            [36m<input[39m
              [33mvalue[39m=[32m"draft_edit_synthetic"[39m
            [36m/>[39m
          [36m</label>[39m
          [36m<button>[39m
            [0m另行读取服务端草稿头[0m
          [36m</button>[39m
          [36m<section[39m
            [33maria-label[39m=[32m"本机工作副本"[39m
          [36m>[39m
            [36m<h4>[39m
              [0m本机工作副本[0m
            [36m</h4>[39m
            [36m<p>[39m
              [0m恢复会复制原副本；重新核验原精确草稿修订，不自动采用服务端新头。[0m
            [36m</p>[39m
            [36m<button>[39m
              [0m恢复本机副本 [0m
              [0meditbuf_1f4f29c0-39c4-446d-b3a3-e25902569382[0m
              [0m · [0m
              [0m基准合成标题[0m
              [0m · 草稿 r[0m
              [0m1[0m
            [36m</button>[39m
          [36m</section>[39m
          [36m<section[39m
            [33maria-label[39m=[32m"当前本机编辑"[39m
          [36m>[39m
            [36m<h4>[39m
              [0m当前本机编辑[0m
            [36m</h4>[39m
            [36m<p>[39m
              [36m<code>[39m
                [0mdraft_edit_synthetic[0m
              [36m</code>[39m
              [0m · 基准草稿 r[0m
              [0m1[0m
              [0m · [0m
              [36m<code>[39m
                [0mfd20b4d8e34a96ea60f626831bfea40006d30b1453ea18101cc308ac8c805578[0m
              [36m</code>[39m
            [36m</p>[39m
            [36m<p>[39m
              [0m未取得数学、来源或教学批准。[0m
            [36m</p>[39m
            [36m<fieldset>[39m
              [36m<label>[39m
                [0m本机标题[0m
                [36m<input[39m
                  [33mvalue[39m=[32m"基准合成标题"[39m
                [36m/>[39m
              [36m</label>[39m
              [36m<div[39m
                [33mclass[39m=[32m"markdown-source-editor"[39m
              [36m>[39m
                [36m<div[39m
                  [33mclass[39m=[32m"markdown-source-label"[39m
                [36m>[39m
                  [0m本机正文[0m
                [36m</div>[39m
                [36m<div>[39m
                  [36m<div[39m
                    [33mclass[39m=[32m"cm-editor ͼ1 ͼ2 "[39m
                  [36m>[39m
                    [36m<div[39m
                      [33maria-live[39m=[32m"polite"[39m
                      [33mclass[39m=[32m"cm-announced"[39m
                    [36m/>[39m
                    [36m<div[39m
                      [33mclass[39m=[32m"cm-scroller"[39m
                      [33mtabindex[39m=[32m"-1"[39m
                    [36m>[39m
                      [36m<div[39m
                        [33maria-disabled[39m=[32m"false"[39m
                        [33maria-label[39m=[32m"本机正文"[39m
                        [33maria-multiline[39m=[32m"true"[39m
                        [33maria-readonly[39m=[32m"false"[39m
                        [33mautocapitalize[39m=[32m"off"[39m
                        [33mautocorrect[39m=[32m"off"[39m
                        [33mclass[39m=[32m"cm-content cm-lineWrapping"[39m
                        [33mcontenteditable[39m=[32m"true"[39m
                        [33mdata-language[39m=[32m"markdown"[39m
                        [33mrole[39m=[32m"textbox"[39m
                        [33mspellcheck[39m=[32m"false"[39m
                        [33mstyle[39m=[32m"tab-size: 4;"[39m
                        [33mtranslate[39m=[32m"no"[39m
                        [33mwritingsuggestions[39m=[32m"false"[39m
                      [36m>[39m
                        [36m<div[39m
                          [33mclass[39m=[32m"cm-line"[39m
                        [36m>[39m
                          [0m基准合成正文。[0m
                        [36m</div>[39m
                        [36m<div[39m
                          [33mclass[39m=[32m"cm-line"[39m
                        [36m>[39m
                          [36m<br />[39m
                        [36m</div>[39m
                        [36m<div[39m
                          [33mclass[39m=[32m"cm-line"[39m
                        [36m>[39m
                          [0m本机撤销探针[0m
                        [36m</div>[39m
                      [36m</div>[39m
                    [36m</div>[39m
                  [36m</div>[39m
                [36m</div>[39m
              [36m</div>[39m
            [36m</fieldset>[39m
            [36m<p[39m
              [33mrole[39m=[32m"status"[39m
            [36m>[39m
              [0m本机工作副本已保存；不代表已同步到服务端。[0m
            [36m</p>[39m
            [36m<button>[39m
              [0m明确提交本机标题与正文[0m
            [36m</button>[39m
            [36m<button[39m
              [33mdisabled[39m=[32m""[39m
            [36m>[39m
              [0m核验已保存精确编辑稿并进入审核[0m
            [36m</button>[39m
            [36m<p>[39m
              [0m仅提交过的服务端修订可进入审核。本机未同步文字、旧 ACK 和三方冲突不会作为审核候选。[0m
            [36m</p>[39m
          [36m</section>[39m
          [36m<section[39m
            [33maria-label[39m=[32m"编辑原命令历史"[39m
          [36m>[39m
            [36m<h4>[39m
              [0m编辑原命令历史[0m
            [36m</h4>[39m
          [36m</section>[39m
          [36m<button>[39m
            [0m打开编辑审核与发布恢复[0m
          [36m</button>[39m
          [36m<section[39m
            [33maria-label[39m=[32m"候选审核与原命令恢复"[39m
            [33mclass[39m=[32m"review-panel"[39m
          [36m>[39m
            [36m<h3>[39m
              [0m候选审核与恢复[0m
            [36m</h3>[39m
            [36m<p>[39m
              [0m机器检查、人工决定与内容发布分别记录。审核回执已保存不代表草稿状态已推进或教材已发布。[0m
            [36m</p>[39m
            [36m<button>[39m
              [0m刷新审核权限与本机恢复记录[0m
            [36m</button>[39m
            [36m<section[39m
              [33maria-label[39m=[32m"安全审核任务"[39m
            [36m>[39m
              [36m<h4>[39m
                [0m已知审核任务[0m
              [36m</h4>[39m
              [36m<p>[39m
   ...

- Expected
+ Received

- false
+ true

 ❯ src/features/draftEditor/DraftEditor.test.tsx:147:69
    145|     changes: { from: 0, to: view.state.doc.length, insert: text }, ann…
    146|   }))
    147|   await waitFor(() => expect((enter as HTMLButtonElement).disabled).to…
       |                                                                     ^
    148|   expect(undoDepth(view.state)).toBe(2)
    149|   const durable = await editBuffers.load(workspace)
 ❯ runWithExpensiveErrorDiagnosticsDisabled node_modules/@testing-library/dom/dist/config.js:47:12
 ❯ checkCallback node_modules/@testing-library/dom/dist/wait-for.js:124:77
 ❯ Timeout.checkRealTimersCallback node_modules/@testing-library/dom/dist/wait-for.js:118:16

⎯⎯⎯⎯⎯⎯⎯⎯⎯⎯⎯⎯⎯⎯⎯⎯⎯⎯⎯⎯⎯⎯⎯⎯[1/1]⎯


 Test Files  1 failed | 10 passed (11)
      Tests  1 failed | 78 passed (79)
   Start at  16:53:15
   Duration  4.40s (tests 58%, environment 20%, transform 14%, import 8%)

