
Running 2 tests using 1 worker

(node:2770598) Warning: The 'NO_COLOR' env is ignored due to the 'FORCE_COLOR' env being set.
(Use `node --trace-warnings ...` to show where the warning was created)
  ✘  1 tests/e2e/private-content-dialog-pointer.spec.ts:6:44 › impact dialog pointer stationary control (15.5s)
(node:2771794) Warning: The 'NO_COLOR' env is ignored due to the 'FORCE_COLOR' env being set.
(Use `node --trace-warnings ...` to show where the warning was created)
  ✘  2 tests/e2e/private-content-dialog-pointer.spec.ts:6:44 › impact dialog pointer access refresh (18.5s)


  1) tests/e2e/private-content-dialog-pointer.spec.ts:6:44 › impact dialog pointer stationary control 

    Error: expect(locator).toBeEnabled() failed

    Locator: getByRole('button', { name: '切换为作者角色', exact: true })
    Expected: enabled
    Timeout: 5000ms
    Error: element(s) not found

    Call log:
      - Expect "toBeEnabled" getByRole('button', { name: '切换为作者角色', exact: true }) with timeout 5000ms
      - waiting for getByRole('button', { name: '切换为作者角色', exact: true })


      20 |     const controls = await context.newPage(); await controls.goto(runtime.origin)
      21 |     await controls.getByRole('button', { name: '导入', exact: true }).first().click()
    > 22 |     await expect(controls.getByRole('button', { name: '切换为作者角色', exact: true })).toBeEnabled()
         |                                                                                  ^
      23 |     // Only categories and counts are observed. No text, request headers, IDs, or payloads.
      24 |     await page.evaluate(() => {
      25 |       const records: unknown[] = []; Object.assign(window, { pointerRecords: records })
        at $HOME/.cache/learning-workbench-acceptance/m62-content-impacts-native-oct03/tests/e2e/private-content-dialog-pointer.spec.ts:22:82

    attachment #1: screenshot (image/png) ──────────────────────────────────────────────────────────
    ../m62-content-impacts-native-evidence-oct03/pointer-controlled-01/artifacts/private-content-dialog-poi-a4f25--pointer-stationary-control/test-failed-1.png
    ────────────────────────────────────────────────────────────────────────────────────────────────

    attachment #2: screenshot (image/png) ──────────────────────────────────────────────────────────
    ../m62-content-impacts-native-evidence-oct03/pointer-controlled-01/artifacts/private-content-dialog-poi-a4f25--pointer-stationary-control/test-failed-2.png
    ────────────────────────────────────────────────────────────────────────────────────────────────

    Error Context: ../m62-content-impacts-native-evidence-oct03/pointer-controlled-01/artifacts/private-content-dialog-poi-a4f25--pointer-stationary-control/error-context.md

  2) tests/e2e/private-content-dialog-pointer.spec.ts:6:44 › impact dialog pointer access refresh ──

    Error: expect(locator).toBeEnabled() failed

    Locator: getByRole('button', { name: '切换为作者角色', exact: true })
    Expected: enabled
    Timeout: 5000ms
    Error: element(s) not found

    Call log:
      - Expect "toBeEnabled" getByRole('button', { name: '切换为作者角色', exact: true }) with timeout 5000ms
      - waiting for getByRole('button', { name: '切换为作者角色', exact: true })


      20 |     const controls = await context.newPage(); await controls.goto(runtime.origin)
      21 |     await controls.getByRole('button', { name: '导入', exact: true }).first().click()
    > 22 |     await expect(controls.getByRole('button', { name: '切换为作者角色', exact: true })).toBeEnabled()
         |                                                                                  ^
      23 |     // Only categories and counts are observed. No text, request headers, IDs, or payloads.
      24 |     await page.evaluate(() => {
      25 |       const records: unknown[] = []; Object.assign(window, { pointerRecords: records })
        at $HOME/.cache/learning-workbench-acceptance/m62-content-impacts-native-oct03/tests/e2e/private-content-dialog-pointer.spec.ts:22:82

    attachment #1: screenshot (image/png) ──────────────────────────────────────────────────────────
    ../m62-content-impacts-native-evidence-oct03/pointer-controlled-01/artifacts/private-content-dialog-poi-1af81-alog-pointer-access-refresh/test-failed-1.png
    ────────────────────────────────────────────────────────────────────────────────────────────────

    attachment #2: screenshot (image/png) ──────────────────────────────────────────────────────────
    ../m62-content-impacts-native-evidence-oct03/pointer-controlled-01/artifacts/private-content-dialog-poi-1af81-alog-pointer-access-refresh/test-failed-2.png
    ────────────────────────────────────────────────────────────────────────────────────────────────

    Error Context: ../m62-content-impacts-native-evidence-oct03/pointer-controlled-01/artifacts/private-content-dialog-poi-1af81-alog-pointer-access-refresh/error-context.md

  2 failed
    tests/e2e/private-content-dialog-pointer.spec.ts:6:44 › impact dialog pointer stationary control 
    tests/e2e/private-content-dialog-pointer.spec.ts:6:44 › impact dialog pointer access refresh ───
