..FFFF                                                                   [100%]
=================================== FAILURES ===================================
_ test_real_test_policy_precedes_bad_cursors_but_safe_control_survives[independent] _

http_tutor = (<services.api.app.infrastructure.database.Database object at 0x7b2ae9afa7b0>, SessionIdentity(id='session_f0a246faf7b...in': 'http://127.0.0.1:8765', 'X-CSRF-Token': '<SYNTHETIC_TEST_AUTH_REDACTED>'}, ...)
mode = 'independent'

    @pytest.mark.parametrize('mode', ['independent', 'open_book'])
    def test_real_test_policy_precedes_bad_cursors_but_safe_control_survives(http_tutor, mode):
        database, identity, _, _, client, headers, block, _ = http_tutor
        _, thread, _, ack = start(http_tutor)
        cancel(http_tutor, ack)
        fixture = assessment_fixture('tutorpolicy' + mode.replace('_', ''))
        ContentService(database).publish(identity.workspace_id, fixture.public_objects, fixture.bodies)
        assessment = AssessmentService(database)
>       assessment.create_attempt(identity, fixture.assessment.id,
                                  AssessmentAttemptCreate(assessment_ref=reference(fixture.assessment), mode=mode), 'attempt')

tests/integration/test_tutor_http.py:140: 
_ _ _ _ _ _ _ _ _ _ _ _ _ _ _ _ _ _ _ _ _ _ _ _ _ _ _ _ _ _ _ _ _ _ _ _ _ _ _ _ 
services/api/app/application/assessment.py:235: in create_attempt
    result = execute_idempotent(repository.connection, actor=identity.workspace_id, route=route, key=key,
services/api/app/infrastructure/idempotency.py:39: in execute_idempotent
    result = operation()
             ^^^^^^^^^^^
services/api/app/application/assessment.py:225: in operation
    bundle = content.question_bundle(blueprint)
             ^^^^^^^^^^^^^^^^^^^^^^^^^^^^^^^^^^
_ _ _ _ _ _ _ _ _ _ _ _ _ _ _ _ _ _ _ _ _ _ _ _ _ _ _ _ _ _ _ _ _ _ _ _ _ _ _ _ 

self = <services.api.app.application.assessment_content.AssessmentContent object at 0x7b2ae9e34260>
blueprint = AssessmentBlueprint(schema_version='3.0.0', id='assessment_tutorpolicyindependent', revision=1, entity='assessment', t...fb7b0437a1e2557d50f98a8e4b38f3b109')], allowed_modes=['independent', 'open_book', 'assisted'], time_limit_seconds=None)

    def question_bundle(self, blueprint: dm.AssessmentBlueprint) -> Assignment:
        questions = self.questions(blueprint)
        pins = []
        for question in questions:
            latest = self._latest(reference(question))
            if latest is None:
>               raise ApiError(409, "ASSESSMENT_ANSWER_UNAVAILABLE", "测验缺少绑定此题目修订的私有解答，无法冻结作答。")
E               services.api.app.application.errors.ApiError: (409, 'ASSESSMENT_ANSWER_UNAVAILABLE', '测验缺少绑定此题目修订的私有解答，无法冻结作答。')

services/api/app/application/assessment_content.py:178: ApiError
_ test_real_test_policy_precedes_bad_cursors_but_safe_control_survives[open_book] _

http_tutor = (<services.api.app.infrastructure.database.Database object at 0x7b2ae9e37d70>, SessionIdentity(id='session_8472d45421e...in': 'http://127.0.0.1:8765', 'X-CSRF-Token': '<SYNTHETIC_TEST_AUTH_REDACTED>'}, ...)
mode = 'open_book'

    @pytest.mark.parametrize('mode', ['independent', 'open_book'])
    def test_real_test_policy_precedes_bad_cursors_but_safe_control_survives(http_tutor, mode):
        database, identity, _, _, client, headers, block, _ = http_tutor
        _, thread, _, ack = start(http_tutor)
        cancel(http_tutor, ack)
        fixture = assessment_fixture('tutorpolicy' + mode.replace('_', ''))
        ContentService(database).publish(identity.workspace_id, fixture.public_objects, fixture.bodies)
        assessment = AssessmentService(database)
>       assessment.create_attempt(identity, fixture.assessment.id,
                                  AssessmentAttemptCreate(assessment_ref=reference(fixture.assessment), mode=mode), 'attempt')

tests/integration/test_tutor_http.py:140: 
_ _ _ _ _ _ _ _ _ _ _ _ _ _ _ _ _ _ _ _ _ _ _ _ _ _ _ _ _ _ _ _ _ _ _ _ _ _ _ _ 
services/api/app/application/assessment.py:235: in create_attempt
    result = execute_idempotent(repository.connection, actor=identity.workspace_id, route=route, key=key,
services/api/app/infrastructure/idempotency.py:39: in execute_idempotent
    result = operation()
             ^^^^^^^^^^^
services/api/app/application/assessment.py:225: in operation
    bundle = content.question_bundle(blueprint)
             ^^^^^^^^^^^^^^^^^^^^^^^^^^^^^^^^^^
_ _ _ _ _ _ _ _ _ _ _ _ _ _ _ _ _ _ _ _ _ _ _ _ _ _ _ _ _ _ _ _ _ _ _ _ _ _ _ _ 

self = <services.api.app.application.assessment_content.AssessmentContent object at 0x7b2aeaaaef00>
blueprint = AssessmentBlueprint(schema_version='3.0.0', id='assessment_tutorpolicyopenbook', revision=1, entity='assessment', titl...cbba69359b5538cddfd7eecfa2533940e0')], allowed_modes=['independent', 'open_book', 'assisted'], time_limit_seconds=None)

    def question_bundle(self, blueprint: dm.AssessmentBlueprint) -> Assignment:
        questions = self.questions(blueprint)
        pins = []
        for question in questions:
            latest = self._latest(reference(question))
            if latest is None:
>               raise ApiError(409, "ASSESSMENT_ANSWER_UNAVAILABLE", "测验缺少绑定此题目修订的私有解答，无法冻结作答。")
E               services.api.app.application.errors.ApiError: (409, 'ASSESSMENT_ANSWER_UNAVAILABLE', '测验缺少绑定此题目修订的私有解答，无法冻结作答。')

services/api/app/application/assessment_content.py:178: ApiError
_ test_actual_session_change_between_deliveries_stops_observer_without_new_event[logout] _

http_tutor = (<services.api.app.infrastructure.database.Database object at 0x7b2aeaa69ee0>, SessionIdentity(id='session_eb8e22a9e92...in': 'http://127.0.0.1:8765', 'X-CSRF-Token': '<SYNTHETIC_TEST_AUTH_REDACTED>'}, ...)
change = 'logout'

    @pytest.mark.parametrize('change', ['logout', 'role'])
    def test_actual_session_change_between_deliveries_stops_observer_without_new_event(http_tutor, change):
        database, identity, token, app, _, _, _, _ = http_tutor
        _, _, _, ack = start(http_tutor)
        cancel(http_tutor, ack)
        id = ack['run']['id']
        endpoint = next(context.original_route.endpoint for context in iter_route_contexts(app.routes)
                        if isinstance(context.original_route, APIRoute)
                        and context.path == '/api/v1/runs/{id}/events')
    
        async def observe():
            async def receive():
                return {'type': 'http.request', 'body': b'', 'more_body': False}
            request = Request({'type': 'http', 'method': 'GET', 'path': '/api/v1/runs/' + id + '/events',
                               'app': app, 'query_string': b'', 'headers': [(b'cookie', (COOKIE_NAME + '=' + token).encode())]}, receive=receive)
            request.state.identity = identity
            response = await endpoint(id, request)
            iterator = response.body_iterator
            first = await anext(iterator)
            assert b'event: queued' in first
            sessions = SessionService(database)
            if change == 'logout':
                sessions.logout(identity)
            else:
                sessions.switch_role(identity, RoleRequest(role='author'), 'role')
            before = all_rows(database)
            with pytest.raises(StopAsyncIteration):
                await anext(iterator)
            assert all_rows(database) == before
>       asyncio.run(observe())

tests/integration/test_tutor_http.py:185: 
_ _ _ _ _ _ _ _ _ _ _ _ _ _ _ _ _ _ _ _ _ _ _ _ _ _ _ _ _ _ _ _ _ _ _ _ _ _ _ _ 
../../../.local/share/uv/python/cpython-3.12.13-linux-x86_64-gnu/lib/python3.12/asyncio/runners.py:195: in run
    return runner.run(main)
           ^^^^^^^^^^^^^^^^
../../../.local/share/uv/python/cpython-3.12.13-linux-x86_64-gnu/lib/python3.12/asyncio/runners.py:118: in run
    return self._loop.run_until_complete(task)
           ^^^^^^^^^^^^^^^^^^^^^^^^^^^^^^^^^^^
../../../.local/share/uv/python/cpython-3.12.13-linux-x86_64-gnu/lib/python3.12/asyncio/base_events.py:691: in run_until_complete
    return future.result()
           ^^^^^^^^^^^^^^^
_ _ _ _ _ _ _ _ _ _ _ _ _ _ _ _ _ _ _ _ _ _ _ _ _ _ _ _ _ _ _ _ _ _ _ _ _ _ _ _ 

    async def observe():
        async def receive():
            return {'type': 'http.request', 'body': b'', 'more_body': False}
        request = Request({'type': 'http', 'method': 'GET', 'path': '/api/v1/runs/' + id + '/events',
                           'app': app, 'query_string': b'', 'headers': [(b'cookie', (COOKIE_NAME + '=' + token).encode())]}, receive=receive)
        request.state.identity = identity
        response = await endpoint(id, request)
        iterator = response.body_iterator
        first = await anext(iterator)
        assert b'event: queued' in first
        sessions = SessionService(database)
        if change == 'logout':
            sessions.logout(identity)
        else:
            sessions.switch_role(identity, RoleRequest(role='author'), 'role')
        before = all_rows(database)
>       with pytest.raises(StopAsyncIteration):
             ^^^^^^^^^^^^^^^^^^^^^^^^^^^^^^^^^
E       Failed: DID NOT RAISE StopAsyncIteration

tests/integration/test_tutor_http.py:182: Failed
_ test_actual_session_change_between_deliveries_stops_observer_without_new_event[role] _

http_tutor = (<services.api.app.infrastructure.database.Database object at 0x7b2ae98103e0>, SessionIdentity(id='session_8ad21827de6...in': 'http://127.0.0.1:8765', 'X-CSRF-Token': '<SYNTHETIC_TEST_AUTH_REDACTED>'}, ...)
change = 'role'

    @pytest.mark.parametrize('change', ['logout', 'role'])
    def test_actual_session_change_between_deliveries_stops_observer_without_new_event(http_tutor, change):
        database, identity, token, app, _, _, _, _ = http_tutor
        _, _, _, ack = start(http_tutor)
        cancel(http_tutor, ack)
        id = ack['run']['id']
        endpoint = next(context.original_route.endpoint for context in iter_route_contexts(app.routes)
                        if isinstance(context.original_route, APIRoute)
                        and context.path == '/api/v1/runs/{id}/events')
    
        async def observe():
            async def receive():
                return {'type': 'http.request', 'body': b'', 'more_body': False}
            request = Request({'type': 'http', 'method': 'GET', 'path': '/api/v1/runs/' + id + '/events',
                               'app': app, 'query_string': b'', 'headers': [(b'cookie', (COOKIE_NAME + '=' + token).encode())]}, receive=receive)
            request.state.identity = identity
            response = await endpoint(id, request)
            iterator = response.body_iterator
            first = await anext(iterator)
            assert b'event: queued' in first
            sessions = SessionService(database)
            if change == 'logout':
                sessions.logout(identity)
            else:
                sessions.switch_role(identity, RoleRequest(role='author'), 'role')
            before = all_rows(database)
            with pytest.raises(StopAsyncIteration):
                await anext(iterator)
            assert all_rows(database) == before
>       asyncio.run(observe())

tests/integration/test_tutor_http.py:185: 
_ _ _ _ _ _ _ _ _ _ _ _ _ _ _ _ _ _ _ _ _ _ _ _ _ _ _ _ _ _ _ _ _ _ _ _ _ _ _ _ 
../../../.local/share/uv/python/cpython-3.12.13-linux-x86_64-gnu/lib/python3.12/asyncio/runners.py:195: in run
    return runner.run(main)
           ^^^^^^^^^^^^^^^^
../../../.local/share/uv/python/cpython-3.12.13-linux-x86_64-gnu/lib/python3.12/asyncio/runners.py:118: in run
    return self._loop.run_until_complete(task)
           ^^^^^^^^^^^^^^^^^^^^^^^^^^^^^^^^^^^
../../../.local/share/uv/python/cpython-3.12.13-linux-x86_64-gnu/lib/python3.12/asyncio/base_events.py:691: in run_until_complete
    return future.result()
           ^^^^^^^^^^^^^^^
_ _ _ _ _ _ _ _ _ _ _ _ _ _ _ _ _ _ _ _ _ _ _ _ _ _ _ _ _ _ _ _ _ _ _ _ _ _ _ _ 

    async def observe():
        async def receive():
            return {'type': 'http.request', 'body': b'', 'more_body': False}
        request = Request({'type': 'http', 'method': 'GET', 'path': '/api/v1/runs/' + id + '/events',
                           'app': app, 'query_string': b'', 'headers': [(b'cookie', (COOKIE_NAME + '=' + token).encode())]}, receive=receive)
        request.state.identity = identity
        response = await endpoint(id, request)
        iterator = response.body_iterator
        first = await anext(iterator)
        assert b'event: queued' in first
        sessions = SessionService(database)
        if change == 'logout':
            sessions.logout(identity)
        else:
            sessions.switch_role(identity, RoleRequest(role='author'), 'role')
        before = all_rows(database)
>       with pytest.raises(StopAsyncIteration):
             ^^^^^^^^^^^^^^^^^^^^^^^^^^^^^^^^^
E       Failed: DID NOT RAISE StopAsyncIteration

tests/integration/test_tutor_http.py:182: Failed
=============================== warnings summary ===============================
.venv/lib/python3.12/site-packages/fastapi/testclient.py:1
  <WORKTREE>/.venv/lib/python3.12/site-packages/fastapi/testclient.py:1: StarletteDeprecationWarning: Using `httpx` with `starlette.testclient` is deprecated; install `httpx2` instead.
    from starlette.testclient import TestClient as TestClient  # noqa

.venv/lib/python3.12/site-packages/starlette/testclient.py:53
  <WORKTREE>/.venv/lib/python3.12/site-packages/starlette/testclient.py:53: DeprecationWarning: The anyio.abc.BlockingPortal alias is deprecated, use anyio.from_thread.BlockingPortal instead.
    _PortalFactoryType = Callable[[], AbstractContextManager[anyio.abc.BlockingPortal]]

-- Docs: https://docs.pytest.org/en/stable/how-to/capture-warnings.html
=========================== short test summary info ============================
FAILED tests/integration/test_tutor_http.py::test_real_test_policy_precedes_bad_cursors_but_safe_control_survives[independent]
FAILED tests/integration/test_tutor_http.py::test_real_test_policy_precedes_bad_cursors_but_safe_control_survives[open_book]
FAILED tests/integration/test_tutor_http.py::test_actual_session_change_between_deliveries_stops_observer_without_new_event[logout]
FAILED tests/integration/test_tutor_http.py::test_actual_session_change_between_deliveries_stops_observer_without_new_event[role]
4 failed, 2 passed, 2 warnings in 2.16s
