2026-10-07T13:57:31.2886697Z HEAD is now at e9eb82d4 Merge 079a008cf88b37e4517cb391503a1e7393ccf374 into e2877101d9c2bda0f793a460db63ef496350c6b4
2026-10-07T13:57:31.3030549Z [command]/usr/bin/git log -1 --format=%H
2026-10-07T13:57:31.3063361Z e9eb82d41dd87649be6c8090c35b5052ccb1319c
2026-10-07T13:57:53.7646511Z ##[group]Run make verify-spec
2026-10-07T13:57:53.7831824Z uv run --frozen python scripts/verify_spec.py
2026-10-07T13:57:59.8750757Z   "embedded_files": 6,
2026-10-07T13:57:59.8751143Z   "generated_artifacts": 82,
2026-10-07T13:57:59.8751702Z   "learning_effectiveness": "NOT_RUN",
2026-10-07T13:57:59.8752103Z   "models": 54,
2026-10-07T13:57:59.8759740Z   "product_acceptance": "NOT_RUN",
2026-10-07T13:57:59.8760134Z   "publication": "NOT_CHECKED",
2026-10-07T13:57:59.8760510Z   "real_codex": "NOT_RUN",
2026-10-07T13:57:59.8760839Z   "real_provider": "NOT_RUN",
2026-10-07T13:57:59.8761178Z   "requirements": 38,
2026-10-07T13:57:59.8761479Z   "routes": 147,
2026-10-07T13:57:59.8761916Z   "scope": "M0_structural_baseline_only",
2026-10-07T13:57:59.8762352Z   "source": "PRODUCT_DESIGN.md",
2026-10-07T13:57:59.8762988Z   "spec_sha256": "b140764e416dac644b45ed8c0b6bd1c71eb9b578cb3b5b19d2530a94cea4cfec",
2026-10-07T13:57:59.8763602Z   "spec_version": "3.0.15",
2026-10-07T13:57:59.8763969Z   "sql_tables_including_fts": 53,
2026-10-07T13:57:59.8764324Z   "status": "PASS",
2026-10-07T13:57:59.8764624Z   "target_scenarios": 33,
2026-10-07T13:57:59.8764945Z   "tasks": 27
2026-10-07T13:58:00.1105306Z ##[group]Run uv run --frozen pytest tests/contract tests/unit/test_spec_*.py
2026-10-07T14:07:36.7101072Z =============================== warnings summary ===============================
2026-10-07T14:07:36.7120908Z ================= 962 passed, 2 warnings in 575.52s (0:09:35) ==================
