
> @learning-workbench/web@0.1.0 test
> vitest run src/features/draftReview/ReviewPanelPublicationInput.test.tsx


 RUN  v5.0.0 $HOME/.cache/learning-workbench-acceptance/m62-review-form-input-fix-oct02/apps/web

 ❯ src/features/draftReview/ReviewPanelPublicationInput.test.tsx (2 tests | 2 failed) 307ms
   × current Review input stays local during Publication read while every submission and parent close stay blocked 193ms
   × recovered Review input stays local during Publication read while every submission and parent close stay blocked 113ms

⎯⎯⎯⎯⎯⎯⎯ Failed Tests 2 ⎯⎯⎯⎯⎯⎯⎯

 FAIL  src/features/draftReview/ReviewPanelPublicationInput.test.tsx > current Review input stays local during Publication read while every submission and parent close stay blocked
 FAIL  src/features/draftReview/ReviewPanelPublicationInput.test.tsx > recovered Review input stays local during Publication read while every submission and parent close stay blocked
AssertionError: expected true to be false // Object.is equality

- Expected
+ Received

- false
+ true

 ❯ src/features/draftReview/ReviewPanelPublicationInput.test.tsx:68:25
     66|   const note = screen.getByLabelText('本次审核备注') as HTMLTextAreaElement
     67|   const reason = screen.getByLabelText('审核理由') as HTMLTextAreaElement
     68|   expect(note.disabled).toBe(false); expect(reason.disabled).toBe(fals…
       |                         ^
     69|   fireEvent.change(note, { target: { value: 'Continuing note 🧠\né' }…
     70|   fireEvent.change(reason, { target: { value: 'Continuing explicit rea…

⎯⎯⎯⎯⎯⎯⎯⎯⎯⎯⎯⎯⎯⎯⎯⎯⎯⎯⎯⎯⎯⎯⎯⎯[1/2]⎯


 Test Files  1 failed (1)
      Tests  2 failed (2)
   Start at  22:46:17
   Duration  960ms (tests 35%, transform 29%, environment 24%, import 12%)

