{
  "code_commit": "1fffd996e9334f7f28dcdeb970430c9aa4052ee3",
  "command": [
    ".venv/bin/pytest",
    "-q"
  ],
  "start": "2026-09-28T01:05:29.434657+00:00",
  "finish": "2026-09-28T01:18:41.145265+00:00",
  "seconds": 791.7527853610004,
  "exit_code": 0,
  "timeout": false,
  "source_count": 981,
  "source_unchanged": true,
  "all_source_matches_git_before": true,
  "all_source_matches_git_after": true,
  "log_bytes": 4312,
  "log_sha256": "d582fb97fd63a78684acc1f8ecf994668e375c253c730c0e66123ee74b9064c2"
}
.................... [ 61%]
........................................................................ [ 64%]
........................................................................ [ 66%]
........................................................................ [ 69%]
........................................................................ [ 72%]
........................................................................ [ 74%]
........................................................................ [ 77%]
........................................................................ [ 80%]
........................................................................ [ 83%]
........................................................................ [ 85%]
........................................................................ [ 88%]
........................................................................ [ 91%]
........................................................................ [ 93%]
........................................................................ [ 96%]
........................................................................ [ 99%]
.........................                                                [100%]
=============================== warnings summary ===============================
../../../Desktop/learning/Learning_Workbench/.venv/lib/python3.12/site-packages/fastapi/testclient.py:1
  <LOCAL_HOME>/Desktop/learning/Learning_Workbench/.venv/lib/python3.12/site-packages/fastapi/testclient.py:1: StarletteDeprecationWarning: Using `httpx` with `starlette.testclient` is deprecated; install `httpx2` instead.
    from starlette.testclient import TestClient as TestClient  # noqa

../../../Desktop/learning/Learning_Workbench/.venv/lib/python3.12/site-packages/starlette/testclient.py:53
  <LOCAL_HOME>/Desktop/learning/Learning_Workbench/.venv/lib/python3.12/site-packages/starlette/testclient.py:53: DeprecationWarning: The anyio.abc.BlockingPortal alias is deprecated, use anyio.from_thread.BlockingPortal instead.
    _PortalFactoryType = Callable[[], AbstractContextManager[anyio.abc.BlockingPortal]]

-- Docs: https://docs.pytest.org/en/stable/how-to/capture-warnings.html
=========================== short test summary info ============================
SKIPPED [1] tests/integration/test_authoring_numeric_runtime.py:46: BLOCKED_ENVIRONMENT: real sealed runtime did not execute the calculator; original FAIL retained
2688 passed, 1 skipped, 2 warnings in 791.13s (0:13:11)

