..................................................F...................   [100%]
=================================== FAILURES ===================================
___ test_grading_http_real_login_role_cas_job_dispatch_and_no_private_trace ____

storage = (<services.api.app.infrastructure.database.Database object at <process-address>>, SessionIdentity(id='session_assessment_...ted'], time_limit_seconds=None)), <services.api.app.application.assessment.AssessmentService object at <process-address>>)

    def test_grading_http_real_login_role_cas_job_dispatch_and_no_private_trace(storage):
        database, _, fixture, _ = storage
        token, identity = consume_bootstrap(database, issue_bootstrap_code(database))
        app = create_app(database.settings)
        with TestClient(app, base_url="http://127.0.0.1:8765") as client:
            app.state.import_worker.stop()
            client.cookies.set("learning_session", token)
            headers = {"Origin": "http://127.0.0.1:8765", "X-CSRF-Token": identity.csrf_token}
            request = AssessmentAttemptCreate(assessment_ref=reference(fixture.assessment), mode="independent")
            response = client.post(f"/api/v1/assessments/{fixture.assessment.id}/attempts", json=request.model_dump(mode="json"), headers={**headers, "Idempotency-Key": "http-start"})
            assert response.status_code == 201
            identifier = response.json()["id"]
            assert client.get(f"/api/v1/attempts/{identifier}/result").status_code == 409
            response = client.post(f"/api/v1/attempts/{identifier}/submit", json={"expected_revision": 1}, headers={**headers, "Idempotency-Key": "http-submit"})
            assert response.status_code == 202
            pending = client.get(f"/api/v1/attempts/{identifier}/result")
            assert pending.status_code == 202 and pending.json()["status"] == "queued"
            job_id = pending.json()["id"]
            assert client.get(f"/api/v1/jobs/{job_id}").json()["kind"] == "assessment_grading"
            assert GradingWorker(database).run_once()
            result = client.get(f"/api/v1/attempts/{identifier}/result")
            assert result.status_code == 200 and result.json()["status"] == "needs_review"
            assert "private_pin" not in result.text and "accepted_answers" not in result.text
            body = review_request(fixture).model_dump(mode="json")
            denied = client.post(f"/api/v1/attempts/{identifier}/regrade", json=body, headers={**headers, "Idempotency-Key": "http-review"})
            assert denied.status_code == 403
            role = client.post("/api/v1/session/role", json={"role": "author"}, headers=headers)
>           assert role.status_code == 200
E           assert 422 == 200
E            +  where 422 = <Response [422 Unprocessable Entity]>.status_code

tests/integration/test_assessment_grading.py:273: AssertionError
=============================== warnings summary ===============================
.venv/lib/python3.12/site-packages/fastapi/testclient.py:1
  <workspace>/.venv/lib/python3.12/site-packages/fastapi/testclient.py:1: StarletteDeprecationWarning: Using `httpx` with `starlette.testclient` is deprecated; install `httpx2` instead.
    from starlette.testclient import TestClient as TestClient  # noqa

.venv/lib/python3.12/site-packages/starlette/testclient.py:53
  <workspace>/.venv/lib/python3.12/site-packages/starlette/testclient.py:53: DeprecationWarning: The anyio.abc.BlockingPortal alias is deprecated, use anyio.from_thread.BlockingPortal instead.
    _PortalFactoryType = Callable[[], AbstractContextManager[anyio.abc.BlockingPortal]]

-- Docs: https://docs.pytest.org/en/stable/how-to/capture-warnings.html
=========================== short test summary info ============================
FAILED tests/integration/test_assessment_grading.py::test_grading_http_real_login_role_cas_job_dispatch_and_no_private_trace
1 failed, 69 passed, 2 warnings in 21.15s
