FFF                                                                      [100%]
=================================== FAILURES ===================================
__________ test_prefix_digit_route_id_is_not_lost_in_real_pagination ___________

[synthetic fixture runtime representation omitted]

    def test_prefix_digit_route_id_is_not_lost_in_real_pagination(storage):
        database, workspace, identity, objects, _ = storage
        service = RouteService(database)
        expected = []
        for identifier in ['route_a', 'route_a0', 'route_b']:
            route = dm.Route.model_validate({**route_for(objects).model_dump(), 'id': identifier})
            expected.append(service.create(identity, route, 'create_' + identifier))
        found, cursor = [], None
        for _ in range(4):
            page = service.list(workspace, limit=1, cursor=cursor)
            found.extend(page.item_refs)
            cursor = page.next_cursor
            if cursor is None:
                break
>       assert found == expected
E       AssertionError: assert [ContentRef(e...fd44a7ce001')] == [ContentRef(e...fd44a7ce001')]
E         
E         At index 1 diff: ContentRef(entity='route', id='route_b', revision=1, sha256='9708e341887848e716bcb5a557f918ccd61b48736615252eca737fd44a7ce001') != ContentRef(entity='route', id='route_a0', revision=1, sha256='c88fbcf8e2c9ff44a00863883ce2f328d743006fe2921f9eed70f0218005b550')
E         Right contains one more item: ContentRef(entity='route', id='route_b', revision=1, sha256='9708e341887848e716bcb5a557f918ccd61b48736615252eca737fd44a7ce001')
E         Use -v to get more diff

./test_route_boundary.py:31: AssertionError
__ test_unknown_hash_for_same_dependency_invalidation_is_not_declared_usable ___

[synthetic fixture runtime representation omitted]

    def test_unknown_hash_for_same_dependency_invalidation_is_not_declared_usable(scope_storage):
        database, workspace, fixture = scope_storage
        wrong = reference(fixture.concept).model_copy(update={'sha256': '0' * 64})
        with database.transaction() as connection:
            payload = {'workspace_id': workspace, 'old_ref': wrong.model_dump(mode='json'),
                       'affected_ids': [fixture.concept.id]}
            connection.execute('INSERT INTO outbox(id,event_type,payload_json) VALUES(?,?,?)',
                ('outbox_independent_fault', 'content.dependencies_invalidated', canonical_bytes(payload).decode()))
            result = evidence_applicability(connection, workspace, reference(fixture.questions[0]), reference(fixture.concept))
>       assert result.status == 'pending_review'
E       AssertionError: assert 'usable' == 'pending_review'
E         
E         - pending_review
E         + usable

./test_route_boundary.py:43: AssertionError
__ test_submitted_row_missing_snapshot_does_not_disappear_from_participation ___

[synthetic fixture runtime representation omitted]

    def test_submitted_row_missing_snapshot_does_not_disappear_from_participation(assessment_storage):
        database, identity, _, assessment = assessment_storage
        attempt = start(assessment_storage)
        assessment.submit(identity, attempt.id, dm.AttemptSubmit(expected_revision=1), 'submit')
        with database.transaction() as connection:
            assert len(assessment_submissions(connection, identity.workspace_id)) == 1
            # Deliberately corrupted test-owned SQLite, not an API-authorized mutation.
            connection.execute('DROP TRIGGER immutable_assessment_submission')
            connection.execute('UPDATE attempts SET submission_json=NULL WHERE id=?', (attempt.id,))
>       with database.transaction() as connection, pytest.raises(ApiError):
                                                   ^^^^^^^^^^^^^^^^^^^^^^^
E       Failed: DID NOT RAISE ApiError

./test_route_boundary.py:56: Failed
=============================== warnings summary ===============================
.venv/lib/python3.12/site-packages/fastapi/testclient.py:1
  <REPO>/.venv/lib/python3.12/site-packages/fastapi/testclient.py:1: StarletteDeprecationWarning: Using `httpx` with `starlette.testclient` is deprecated; install `httpx2` instead.
    from starlette.testclient import TestClient as TestClient  # noqa

.venv/lib/python3.12/site-packages/starlette/testclient.py:53
  <REPO>/.venv/lib/python3.12/site-packages/starlette/testclient.py:53: DeprecationWarning: The anyio.abc.BlockingPortal alias is deprecated, use anyio.from_thread.BlockingPortal instead.
    _PortalFactoryType = Callable[[], AbstractContextManager[anyio.abc.BlockingPortal]]

-- Docs: https://docs.pytest.org/en/stable/how-to/capture-warnings.html
=========================== short test summary info ============================
FAILED ::test_prefix_digit_route_id_is_not_lost_in_real_pagination - Assertio...
FAILED ::test_unknown_hash_for_same_dependency_invalidation_is_not_declared_usable
FAILED ::test_submitted_row_missing_snapshot_does_not_disappear_from_participation
3 failed, 2 warnings in 0.69s
