FF                                                                       [100%]
=================================== FAILURES ===================================
__ test_actual_edit_title_mathematics_with_plain_body_cannot_claim_na[$x^2$] ___

case = SyntheticDraftEditCase(), formula = '$x^2$'

    @pytest.mark.parametrize('formula', ['$x^2$', r'\(x=1\)'])
    def test_actual_edit_title_mathematics_with_plain_body_cannot_claim_na(case, formula):
        database, identity, _, service, _, created = case
        service.patch(identity, created.draft_id, DraftPatchWrite(expected_revision=1,
            patches=[DraftPatch(field='title', value=f'Synthetic title {formula}')]), 'math-title')
        current = service.read(identity, created.draft_id, 2)
        assert current.payload.body_markdown == 'Synthetic source for local editing.\n'
        registry = DraftCandidates({'authoring_edit': service})
        reviews = ReviewService(database, registry, ReviewNumeric(registry, {}), {})
        job = reviews.create(identity, created.draft_id, request(current.candidate), 'review-title')
        assert ReviewWorker(reviews).run_once()
        receipt = reviews.read(identity, job.id)
        before = table_hashes(database)
>       with pytest.raises(ApiError) as error:
             ^^^^^^^^^^^^^^^^^^^^^^^
E       Failed: DID NOT RAISE ApiError

tests/integration/test_draft_edit_integrity.py:132: Failed
_ test_actual_edit_title_mathematics_with_plain_body_cannot_claim_na[\\(x=1\\)] _

case = SyntheticDraftEditCase(), formula = '\\(x=1\\)'

    @pytest.mark.parametrize('formula', ['$x^2$', r'\(x=1\)'])
    def test_actual_edit_title_mathematics_with_plain_body_cannot_claim_na(case, formula):
        database, identity, _, service, _, created = case
        service.patch(identity, created.draft_id, DraftPatchWrite(expected_revision=1,
            patches=[DraftPatch(field='title', value=f'Synthetic title {formula}')]), 'math-title')
        current = service.read(identity, created.draft_id, 2)
        assert current.payload.body_markdown == 'Synthetic source for local editing.\n'
        registry = DraftCandidates({'authoring_edit': service})
        reviews = ReviewService(database, registry, ReviewNumeric(registry, {}), {})
        job = reviews.create(identity, created.draft_id, request(current.candidate), 'review-title')
        assert ReviewWorker(reviews).run_once()
        receipt = reviews.read(identity, job.id)
        before = table_hashes(database)
>       with pytest.raises(ApiError) as error:
             ^^^^^^^^^^^^^^^^^^^^^^^
E       Failed: DID NOT RAISE ApiError

tests/integration/test_draft_edit_integrity.py:132: Failed
=============================== warnings summary ===============================
../../../Desktop/learning/Learning_Workbench/.venv/lib/python3.12/site-packages/fastapi/testclient.py:1
  <LOCAL_HOME>/Desktop/learning/Learning_Workbench/.venv/lib/python3.12/site-packages/fastapi/testclient.py:1: StarletteDeprecationWarning: Using `httpx` with `starlette.testclient` is deprecated; install `httpx2` instead.
    from starlette.testclient import TestClient as TestClient  # noqa

../../../Desktop/learning/Learning_Workbench/.venv/lib/python3.12/site-packages/starlette/testclient.py:53
  <LOCAL_HOME>/Desktop/learning/Learning_Workbench/.venv/lib/python3.12/site-packages/starlette/testclient.py:53: DeprecationWarning: The anyio.abc.BlockingPortal alias is deprecated, use anyio.from_thread.BlockingPortal instead.
    _PortalFactoryType = Callable[[], AbstractContextManager[anyio.abc.BlockingPortal]]

-- Docs: https://docs.pytest.org/en/stable/how-to/capture-warnings.html
=========================== short test summary info ============================
FAILED tests/integration/test_draft_edit_integrity.py::test_actual_edit_title_mathematics_with_plain_body_cannot_claim_na[$x^2$]
FAILED tests/integration/test_draft_edit_integrity.py::test_actual_edit_title_mathematics_with_plain_body_cannot_claim_na[\\(x=1\\)]
2 failed, 2 warnings in 2.25s
