
> @learning-workbench/web@0.1.0 test
> vitest run src/features/routes/RouteEditorDraftSequence.test.tsx


 RUN  v5.0.0 <REPOSITORY_ROOT>/apps/web

 ❯ src/features/routes/RouteEditorDraftSequence.test.tsx (5 tests | 1 failed) 505ms
   × real route input and conflict candidates survive other_newer_primary_without_new_edit delivery 72ms

⎯⎯⎯⎯⎯⎯⎯ Failed Tests 1 ⎯⎯⎯⎯⎯⎯⎯

 FAIL  src/features/routes/RouteEditorDraftSequence.test.tsx > real route input and conflict candidates survive other_newer_primary_without_new_edit delivery
AssertionError: expected true to be false // Object.is equality

- Expected
+ Received

- false
+ true

 ❯ src/features/routes/RouteEditorDraftSequence.test.tsx:62:53
     60|       await act(async () => { firstDelivery.release(); if (!noNewEdit)…
     61|       if (noNewEdit) {
     62|         expect(onState.mock.calls.at(-1)?.[0].safe).toBe(false)
       |                                                     ^
     63|         const closing = new Event('beforeunload', { cancelable: true }…
     64|       }

⎯⎯⎯⎯⎯⎯⎯⎯⎯⎯⎯⎯⎯⎯⎯⎯⎯⎯⎯⎯⎯⎯⎯⎯[1/1]⎯


 Test Files  1 failed (1)
      Tests  1 failed | 4 passed (5)
   Start at  12:00:14
   Duration  1.06s (tests 55%, environment 27%, transform 10%, import 8%)

