
> @learning-workbench/web@0.1.0 test
> vitest run src/features/contentRestore/independentNumericSelectionReview.test.tsx


 RUN  v5.0.0 $HOME/.cache/learning-workbench-acceptance/m62-restore-numeric-ui-independent-oct02/apps/web

 ❯ src/features/contentRestore/independentNumericSelectionReview.test.tsx (3 tests | 1 failed) 264ms
   × independent real textarea selection maps its normalized DOM offsets back to original "\r\n" source codepoints 56ms

⎯⎯⎯⎯⎯⎯⎯ Failed Tests 1 ⎯⎯⎯⎯⎯⎯⎯

 FAIL  src/features/contentRestore/independentNumericSelectionReview.test.tsx > independent real textarea selection maps its normalized DOM offsets back to original "\r\n" source codepoints
AssertionError: expected { start: '16', end: '17', quote: '=' } to deeply equal { start: '17', end: '18', quote: '2' }

- Expected
+ Received

  {
-   "end": "18",
-   "quote": "2",
-   "start": "17",
+   "end": "17",
+   "quote": "=",
+   "start": "16",
  }

 ❯ src/features/contentRestore/independentNumericSelectionReview.test.tsx:15:57
     13|   fireEvent.click(screen.getByRole('button', { name: '将明确选中的原文用于变量 1 的…
     14|   const originalStart = [...body.slice(0, body.indexOf('2'))].length
     15|   expect(change.mock.lastCall?.[0].variables[0].source).toEqual({ star…
       |                                                         ^
     16| })
     17|

⎯⎯⎯⎯⎯⎯⎯⎯⎯⎯⎯⎯⎯⎯⎯⎯⎯⎯⎯⎯⎯⎯⎯⎯[1/1]⎯


 Test Files  1 failed (1)
      Tests  1 failed | 2 passed (3)
   Start at  20:14:40
   Duration  811ms (tests 36%, environment 28%, transform 24%, import 12%)

