2026-09-15T07:42:06.3616283Z Current runner version: '2.337.0'
2026-09-15T07:42:06.3643056Z ##[group]Runner Image Provisioner
2026-09-15T07:42:06.3643911Z Hosted Compute Agent
2026-09-15T07:42:06.3644564Z Version: 20260828.587
2026-09-15T07:42:06.3645226Z Commit: abac92662cab4cc7352de4f9f9d2e2419aad9c29
2026-09-15T07:42:06.3645977Z Build Date: 2026-08-28T16:44:25Z
2026-09-15T07:42:06.3646710Z Worker ID: {45a83951-8e7a-4b50-97c9-0ee19b57907d}
2026-09-15T07:42:06.3647413Z Azure Region: westus3
2026-09-15T07:42:06.3647961Z ##[endgroup]
2026-09-15T07:42:06.3649521Z ##[group]Operating System
2026-09-15T07:42:06.3650171Z Ubuntu
2026-09-15T07:42:06.3650772Z 26.04.1
2026-09-15T07:42:06.3651285Z LTS
2026-09-15T07:42:06.3651768Z ##[endgroup]
2026-09-15T07:42:06.3652643Z ##[group]Runner Image
2026-09-15T07:42:06.3653287Z Image: ubuntu-26.04
2026-09-15T07:42:06.3653873Z Version: 20260907.131.1
2026-09-15T07:42:06.3655121Z Included Software: https://github.com/actions/runner-images/blob/ubuntu26/20260907.131/images/ubuntu/Ubuntu2604-Readme.md
2026-09-15T07:42:06.3656746Z Image Release: https://github.com/actions/runner-images/releases/tag/ubuntu26%2F20260907.131
2026-09-15T07:42:06.3657706Z ##[endgroup]
2026-09-15T07:42:06.3658837Z ##[group]GITHUB_TOKEN Permissions
2026-09-15T07:42:06.3660806Z Contents: read
2026-09-15T07:42:06.3661500Z Metadata: read
2026-09-15T07:42:06.3662438Z ##[endgroup]
2026-09-15T07:42:06.3664530Z Secret source: Actions
2026-09-15T07:42:06.3665559Z Cache mode: write
2026-09-15T07:42:06.3666238Z Prepare workflow directory
2026-09-15T07:42:06.4007872Z Prepare all required actions
2026-09-15T07:42:06.4056985Z Getting action download info
2026-09-15T07:42:06.7079721Z Download action repository 'actions/checkout@3d3c42e5aac5ba805825da76410c181273ba90b1' (SHA:3d3c42e5aac5ba805825da76410c181273ba90b1)
2026-09-15T07:42:07.0204930Z Download action repository 'actions/setup-python@5fda3b95a4ea91299a34e894583c3862153e4b97' (SHA:5fda3b95a4ea91299a34e894583c3862153e4b97)
2026-09-15T07:42:07.1137800Z Download action repository 'actions/setup-node@820762786026740c76f36085b0efc47a31fe5020' (SHA:820762786026740c76f36085b0efc47a31fe5020)
2026-09-15T07:42:07.3946949Z Complete job name: browser
2026-09-15T07:42:07.4826237Z ##[group]Run actions/checkout@3d3c42e5aac5ba805825da76410c181273ba90b1
2026-09-15T07:42:07.4827327Z with:
2026-09-15T07:42:07.4827813Z   repository: kl3574/Learning_Workbench
2026-09-15T07:42:07.4831590Z   token: ***
2026-09-15T07:42:07.4832433Z   ssh-strict: true
2026-09-15T07:42:07.4832923Z   ssh-user: git
2026-09-15T07:42:07.4833408Z   persist-credentials: true
2026-09-15T07:42:07.4833930Z   clean: true
2026-09-15T07:42:07.4834408Z   sparse-checkout-cone-mode: true
2026-09-15T07:42:07.4834974Z   fetch-depth: 1
2026-09-15T07:42:07.4835463Z   fetch-tags: false
2026-09-15T07:42:07.4835952Z   show-progress: true
2026-09-15T07:42:07.4836424Z   lfs: false
2026-09-15T07:42:07.4836867Z   submodules: false
2026-09-15T07:42:07.4837353Z   set-safe-directory: true
2026-09-15T07:42:07.4837884Z   allow-unsafe-pr-checkout: false
2026-09-15T07:42:07.4838765Z ##[endgroup]
2026-09-15T07:42:07.5880477Z Syncing repository: kl3574/Learning_Workbench
2026-09-15T07:42:07.5883025Z ##[group]Getting Git version info
2026-09-15T07:42:07.5884310Z Working directory is '<RUNNER_WORKSPACE>'
2026-09-15T07:42:07.5886218Z [command]/usr/bin/git version
2026-09-15T07:42:07.5917973Z git version 2.55.0
2026-09-15T07:42:07.5942630Z ##[endgroup]
2026-09-15T07:42:07.5954691Z Temporarily overriding HOME='<RUNNER_HOME>/work/_temp/da16aa75-59ea-4746-bdfe-7371962566c1' before making global git config changes
2026-09-15T07:42:07.5957660Z Adding repository directory to the temporary git global config as a safe directory
2026-09-15T07:42:07.5962476Z [command]/usr/bin/git config --global --add safe.directory <RUNNER_WORKSPACE>
2026-09-15T07:42:07.6274656Z Deleting the contents of '<RUNNER_WORKSPACE>'
2026-09-15T07:42:07.6279812Z ##[group]Determining repository object format
2026-09-15T07:42:07.6282099Z ##[endgroup]
2026-09-15T07:42:07.6283444Z ##[group]Initializing the repository
2026-09-15T07:42:07.6287692Z [command]/usr/bin/git init <RUNNER_WORKSPACE>
2026-09-15T07:42:07.6743097Z hint: Using 'master' as the name for the initial branch. This default branch name
2026-09-15T07:42:07.6745085Z hint: will change to "main" in Git 3.0. To configure the initial branch name
2026-09-15T07:42:07.6746618Z hint: to use in all of your new repositories, which will suppress this warning,
2026-09-15T07:42:07.6747948Z hint: call:
2026-09-15T07:42:07.6748617Z hint:
2026-09-15T07:42:07.6749186Z hint: 	git config --global init.defaultBranch <name>
2026-09-15T07:42:07.6749841Z hint:
2026-09-15T07:42:07.6750464Z hint: Names commonly chosen instead of 'master' are 'main', 'trunk' and
2026-09-15T07:42:07.6751590Z hint: 'development'. The just-created branch can be renamed via this command:
2026-09-15T07:42:07.6753108Z hint:
2026-09-15T07:42:07.6753828Z hint: 	git branch -m <name>
2026-09-15T07:42:07.6754674Z hint:
2026-09-15T07:42:07.6755673Z hint: Disable this message with "git config set advice.defaultBranchName false"
2026-09-15T07:42:07.6756905Z Initialized empty Git repository in <RUNNER_WORKSPACE>/.git/
2026-09-15T07:42:07.6759727Z [command]/usr/bin/git remote add origin https://github.com/kl3574/Learning_Workbench
2026-09-15T07:42:07.6945687Z ##[endgroup]
2026-09-15T07:42:07.6946998Z ##[group]Disabling automatic garbage collection
2026-09-15T07:42:07.6948499Z [command]/usr/bin/git config --local gc.auto 0
2026-09-15T07:42:07.7060284Z ##[endgroup]
2026-09-15T07:42:07.7061380Z ##[group]Setting up auth
2026-09-15T07:42:07.7062758Z Removing SSH command configuration
2026-09-15T07:42:07.7064420Z [command]/usr/bin/git config --local --name-only --get-regexp core\.sshCommand
2026-09-15T07:42:07.7067040Z [command]/usr/bin/git submodule foreach --recursive sh -c "git config --local --name-only --get-regexp 'core\.sshCommand' && git config --local --unset-all 'core.sshCommand' || :"
2026-09-15T07:42:07.8603914Z Removing HTTP extra header
2026-09-15T07:42:07.8610757Z [command]/usr/bin/git config --local --name-only --get-regexp http\.https\:\/\/github\.com\/\.extraheader
2026-09-15T07:42:07.8646806Z [command]/usr/bin/git submodule foreach --recursive sh -c "git config --local --name-only --get-regexp 'http\.https\:\/\/github\.com\/\.extraheader' && git config --local --unset-all 'http.https://github.com/.extraheader' || :"
2026-09-15T07:42:07.8945185Z Removing includeIf entries pointing to credentials config files
2026-09-15T07:42:07.8950477Z [command]/usr/bin/git config --local --name-only --get-regexp ^includeIf\.gitdir:
2026-09-15T07:42:07.8985886Z [command]/usr/bin/git submodule foreach --recursive git config --local --show-origin --name-only --get-regexp remote.origin.url
2026-09-15T07:42:07.9253937Z [command]/usr/bin/git config --file <RUNNER_HOME>/work/_temp/git-credentials-8b6205cf-ac43-42d3-a643-f0fd488a6f0a.config http.https://github.com/.extraheader AUTHORIZATION: basic ***
2026-09-15T07:42:07.9292953Z [command]/usr/bin/git config --local includeIf.gitdir:<RUNNER_WORKSPACE>/.git.path <RUNNER_HOME>/work/_temp/git-credentials-8b6205cf-ac43-42d3-a643-f0fd488a6f0a.config
2026-09-15T07:42:07.9327795Z [command]/usr/bin/git config --local includeIf.gitdir:<RUNNER_WORKSPACE>/.git/worktrees/*.path <RUNNER_HOME>/work/_temp/git-credentials-8b6205cf-ac43-42d3-a643-f0fd488a6f0a.config
2026-09-15T07:42:07.9363486Z [command]/usr/bin/git config --local includeIf.gitdir:/github/workspace/.git.path /github/runner_temp/git-credentials-8b6205cf-ac43-42d3-a643-f0fd488a6f0a.config
2026-09-15T07:42:07.9398109Z [command]/usr/bin/git config --local includeIf.gitdir:/github/workspace/.git/worktrees/*.path /github/runner_temp/git-credentials-8b6205cf-ac43-42d3-a643-f0fd488a6f0a.config
2026-09-15T07:42:07.9428107Z ##[endgroup]
2026-09-15T07:42:07.9431246Z ##[group]Fetching the repository
2026-09-15T07:42:07.9438215Z [command]/usr/bin/git -c protocol.version=2 fetch --no-tags --prune --no-recurse-submodules --depth=1 origin +eb719dfd20a4e6b848abc6a0147dfd0e966a892c:refs/remotes/pull/49/merge
2026-09-15T07:42:10.9646547Z From https://github.com/kl3574/Learning_Workbench
2026-09-15T07:42:10.9648607Z  * [new ref]         eb719dfd20a4e6b848abc6a0147dfd0e966a892c -> pull/49/merge
2026-09-15T07:42:10.9652348Z ##[endgroup]
2026-09-15T07:42:10.9653143Z ##[group]Determining the checkout info
2026-09-15T07:42:10.9653737Z ##[endgroup]
2026-09-15T07:42:10.9658633Z [command]/usr/bin/git sparse-checkout disable
2026-09-15T07:42:10.9746234Z [command]/usr/bin/git config --local --unset-all extensions.worktreeConfig
2026-09-15T07:42:10.9775203Z ##[group]Checking out the ref
2026-09-15T07:42:10.9778111Z [command]/usr/bin/git checkout --progress --force refs/remotes/pull/49/merge
2026-09-15T07:42:11.3725648Z Note: switching to 'refs/remotes/pull/49/merge'.
2026-09-15T07:42:11.3726379Z 
2026-09-15T07:42:11.3726796Z You are in 'detached HEAD' state. You can look around, make experimental
2026-09-15T07:42:11.3727826Z changes and commit them, and you can discard any commits you make in this
2026-09-15T07:42:11.3728635Z state without impacting any branches by switching back to a branch.
2026-09-15T07:42:11.3729146Z 
2026-09-15T07:42:11.3729499Z If you want to create a new branch to retain commits you create, you may
2026-09-15T07:42:11.3730276Z do so (now or later) by using -c with the switch command. Example:
2026-09-15T07:42:11.3742273Z 
2026-09-15T07:42:11.3742664Z   git switch -c <new-branch-name>
2026-09-15T07:42:11.3743186Z 
2026-09-15T07:42:11.3743449Z Or undo this operation with:
2026-09-15T07:42:11.3743864Z 
2026-09-15T07:42:11.3744070Z   git switch -
2026-09-15T07:42:11.3744410Z 
2026-09-15T07:42:11.3744996Z Turn off this advice by setting config variable advice.detachedHead to false
2026-09-15T07:42:11.3745848Z 
2026-09-15T07:42:11.3746807Z HEAD is now at eb719df Merge e4807e97661147e243c2d40f65d8d4fb5af79a82 into 4ed8ea9244cafdad955f24a8d6ae699c82577779
2026-09-15T07:42:11.3749545Z ##[endgroup]
2026-09-15T07:42:11.3807673Z [command]/usr/bin/git log -1 --format=%H
2026-09-15T07:42:11.3837346Z eb719dfd20a4e6b848abc6a0147dfd0e966a892c
2026-09-15T07:42:11.4112613Z ##[group]Run actions/setup-python@5fda3b95a4ea91299a34e894583c3862153e4b97
2026-09-15T07:42:11.4113071Z with:
2026-09-15T07:42:11.4113287Z   python-version: 3.12.13
2026-09-15T07:42:11.4113548Z   check-latest: false
2026-09-15T07:42:11.4115817Z   token: ***
2026-09-15T07:42:11.4116038Z   update-environment: true
2026-09-15T07:42:11.4116292Z   allow-prereleases: false
2026-09-15T07:42:11.4116527Z   freethreaded: false
2026-09-15T07:42:11.4116743Z ##[endgroup]
2026-09-15T07:42:11.5317255Z ##[group]Installed versions
2026-09-15T07:42:11.5330152Z Version 3.12.13 was not found in the local cache
2026-09-15T07:42:12.5742580Z Version 3.12.13 is available for downloading
2026-09-15T07:42:12.5743851Z Download from "https://github.com/actions/python-versions/releases/download/3.12.13-27650778726/python-3.12.13-linux-26.04-x64.tar.gz"
2026-09-15T07:42:13.2458727Z Extract downloaded archive
2026-09-15T07:42:13.2584688Z [command]/usr/bin/tar xz --warning=no-unknown-keyword --overwrite -C <RUNNER_HOME>/work/_temp/4d2406a2-bd43-45d7-bed3-02ec0db31428 -f <RUNNER_HOME>/work/_temp/51875fd3-ae5f-47fa-8dcf-a2d3548ad43a
2026-09-15T07:42:14.4465408Z Execute installation script
2026-09-15T07:42:14.4590506Z Check if Python hostedtoolcache folder exist...
2026-09-15T07:42:14.4591301Z Create Python 3.12.13 folder
2026-09-15T07:42:14.4615723Z Copy Python binaries to hostedtoolcache folder
2026-09-15T07:42:14.9244329Z Create additional symlinks (Required for the UsePythonVersion Azure Pipelines task and the setup-python GitHub Action)
2026-09-15T07:42:14.9344500Z Upgrading pip...
2026-09-15T07:42:16.9829615Z Collecting pip
2026-09-15T07:42:17.0023128Z Downloading pip-26.2.1-py3-none-any.whl.metadata (4.6 kB)
2026-09-15T07:42:17.0099976Z Downloading pip-26.2.1-py3-none-any.whl (1.8 MB)
2026-09-15T07:42:17.0298970Z ━━━━━━━━━━━━━━━━━━━━━━━━━━━━━━━━━━━━━━━━ 1.8/1.8 MB 127.0 MB/s eta 0:00:00
2026-09-15T07:42:17.0299628Z 
2026-09-15T07:42:17.0634498Z Installing collected packages: pip
2026-09-15T07:42:17.0635680Z Attempting uninstall: pip
2026-09-15T07:42:17.0657623Z Found existing installation: pip 25.0.1
2026-09-15T07:42:17.1013222Z Uninstalling pip-25.0.1:
2026-09-15T07:42:17.1070927Z Successfully uninstalled pip-25.0.1
2026-09-15T07:42:17.9984832Z Successfully installed pip-26.2.1
2026-09-15T07:42:18.0468929Z Create complete file
2026-09-15T07:42:18.0520204Z Successfully set up CPython (3.12.13)
2026-09-15T07:42:18.0521574Z ##[endgroup]
2026-09-15T07:42:18.0719420Z ##[group]Run actions/setup-node@820762786026740c76f36085b0efc47a31fe5020
2026-09-15T07:42:18.0719817Z with:
2026-09-15T07:42:18.0720010Z   node-version: 24.21.0
2026-09-15T07:42:18.0720235Z   check-latest: false
2026-09-15T07:42:18.0722794Z   token: ***
2026-09-15T07:42:18.0723030Z   package-manager-cache: true
2026-09-15T07:42:18.0723286Z env:
2026-09-15T07:42:18.0723564Z   pythonLocation: /opt/hostedtoolcache/Python/3.12.13/x64
2026-09-15T07:42:18.0724011Z   PKG_CONFIG_PATH: /opt/hostedtoolcache/Python/3.12.13/x64/lib/pkgconfig
2026-09-15T07:42:18.0724440Z   Python_ROOT_DIR: /opt/hostedtoolcache/Python/3.12.13/x64
2026-09-15T07:42:18.0724816Z   Python2_ROOT_DIR: /opt/hostedtoolcache/Python/3.12.13/x64
2026-09-15T07:42:18.0725183Z   Python3_ROOT_DIR: /opt/hostedtoolcache/Python/3.12.13/x64
2026-09-15T07:42:18.0725559Z   LD_LIBRARY_PATH: /opt/hostedtoolcache/Python/3.12.13/x64/lib
2026-09-15T07:42:18.0725876Z ##[endgroup]
2026-09-15T07:42:18.2083606Z Attempting to download 24.21.0...
2026-09-15T07:42:19.1606502Z Acquiring 24.21.0 - x64 from https://github.com/actions/node-versions/releases/download/24.21.0-34304089047/node-24.21.0-linux-x64.tar.gz
2026-09-15T07:42:19.6502276Z Extracting ...
2026-09-15T07:42:19.6704188Z [command]/usr/bin/tar xz --strip 1 --warning=no-unknown-keyword --overwrite -C <RUNNER_HOME>/work/_temp/163715c4-4744-4e47-8d02-71d09739013f -f <RUNNER_HOME>/work/_temp/adc92c36-0b5d-4292-9fe6-b600202b84be
2026-09-15T07:42:20.4647041Z Adding to the cache ...
2026-09-15T07:42:22.2610468Z ##[group]Environment details
2026-09-15T07:42:22.5917239Z node: v24.21.0
2026-09-15T07:42:22.5917647Z npm: 11.19.0
2026-09-15T07:42:22.5917896Z yarn: 1.22.22
2026-09-15T07:42:22.5918352Z ##[endgroup]
2026-09-15T07:42:22.6091048Z ##[group]Run python -m pip install uv==0.11.21
2026-09-15T07:42:22.6091475Z [36;1mpython -m pip install uv==0.11.21[0m
2026-09-15T07:42:22.6561729Z shell: /usr/bin/bash -e {0}
2026-09-15T07:42:22.6562358Z env:
2026-09-15T07:42:22.6562711Z   pythonLocation: /opt/hostedtoolcache/Python/3.12.13/x64
2026-09-15T07:42:22.6563286Z   PKG_CONFIG_PATH: /opt/hostedtoolcache/Python/3.12.13/x64/lib/pkgconfig
2026-09-15T07:42:22.6563851Z   Python_ROOT_DIR: /opt/hostedtoolcache/Python/3.12.13/x64
2026-09-15T07:42:22.6564363Z   Python2_ROOT_DIR: /opt/hostedtoolcache/Python/3.12.13/x64
2026-09-15T07:42:22.6564873Z   Python3_ROOT_DIR: /opt/hostedtoolcache/Python/3.12.13/x64
2026-09-15T07:42:22.6565404Z   LD_LIBRARY_PATH: /opt/hostedtoolcache/Python/3.12.13/x64/lib
2026-09-15T07:42:22.6565829Z ##[endgroup]
2026-09-15T07:42:23.7936032Z Collecting uv==0.11.21
2026-09-15T07:42:23.8350140Z   Downloading uv-0.11.21-py3-none-manylinux_2_17_x86_64.manylinux2014_x86_64.whl.metadata (11 kB)
2026-09-15T07:42:23.8509941Z Downloading uv-0.11.21-py3-none-manylinux_2_17_x86_64.manylinux2014_x86_64.whl (25.1 MB)
2026-09-15T07:42:23.9851330Z    ━━━━━━━━━━━━━━━━━━━━━━━━━━━━━━━━━━━━━━━━ 25.1/25.1 MB 224.8 MB/s  0:00:00
2026-09-15T07:42:24.0299686Z Installing collected packages: uv
2026-09-15T07:42:24.2885775Z Successfully installed uv-0.11.21
2026-09-15T07:42:24.3410156Z ##[group]Run uv sync --frozen
2026-09-15T07:42:24.3410503Z [36;1muv sync --frozen[0m
2026-09-15T07:42:24.3470694Z shell: /usr/bin/bash -e {0}
2026-09-15T07:42:24.3470947Z env:
2026-09-15T07:42:24.3471217Z   pythonLocation: /opt/hostedtoolcache/Python/3.12.13/x64
2026-09-15T07:42:24.3471676Z   PKG_CONFIG_PATH: /opt/hostedtoolcache/Python/3.12.13/x64/lib/pkgconfig
2026-09-15T07:42:24.3472672Z   Python_ROOT_DIR: /opt/hostedtoolcache/Python/3.12.13/x64
2026-09-15T07:42:24.3473094Z   Python2_ROOT_DIR: /opt/hostedtoolcache/Python/3.12.13/x64
2026-09-15T07:42:24.3473536Z   Python3_ROOT_DIR: /opt/hostedtoolcache/Python/3.12.13/x64
2026-09-15T07:42:24.3473981Z   LD_LIBRARY_PATH: /opt/hostedtoolcache/Python/3.12.13/x64/lib
2026-09-15T07:42:24.3474348Z ##[endgroup]
2026-09-15T07:42:24.4068423Z Using CPython 3.12.13 interpreter at: /opt/hostedtoolcache/Python/3.12.13/x64/bin/python3.12
2026-09-15T07:42:24.4069812Z Creating virtual environment at: .venv
2026-09-15T07:42:24.5244607Z Downloading ast-serialize (1.3MiB)
2026-09-15T07:42:24.5245906Z Downloading mypy (14.6MiB)
2026-09-15T07:42:24.5250939Z Downloading ruff (9.9MiB)
2026-09-15T07:42:24.5260481Z Downloading pygments (1.2MiB)
2026-09-15T07:42:24.5276123Z Downloading pydantic-core (2.0MiB)
2026-09-15T07:42:24.8080752Z  Downloaded ast-serialize
2026-09-15T07:42:24.8307773Z  Downloaded pydantic-core
2026-09-15T07:42:24.9093074Z  Downloaded ruff
2026-09-15T07:42:25.2125193Z  Downloaded pygments
2026-09-15T07:42:25.3965889Z  Downloaded mypy
2026-09-15T07:42:25.4404834Z Prepared 37 packages in 1.03s
2026-09-15T07:42:25.5312299Z Installed 37 packages in 90ms
2026-09-15T07:42:25.5312836Z  + annotated-doc==0.0.5
2026-09-15T07:42:25.5316556Z  + annotated-types==0.8.0
2026-09-15T07:42:25.5317021Z  + anyio==4.15.1
2026-09-15T07:42:25.5317444Z  + ast-serialize==0.11.2
2026-09-15T07:42:25.5317852Z  + attrs==26.1.0
2026-09-15T07:42:25.5318220Z  + certifi==2026.7.22
2026-09-15T07:42:25.5318586Z  + click==8.5.0
2026-09-15T07:42:25.5318967Z  + defusedxml==0.7.1
2026-09-15T07:42:25.5319340Z  + fastapi==0.141.1
2026-09-15T07:42:25.5319710Z  + h11==0.16.0
2026-09-15T07:42:25.5320050Z  + httpcore==1.0.9
2026-09-15T07:42:25.5320399Z  + httpx==0.28.1
2026-09-15T07:42:25.5320735Z  + idna==3.19
2026-09-15T07:42:25.5321164Z  + iniconfig==2.3.0
2026-09-15T07:42:25.5321494Z  + jsonschema==4.26.0
2026-09-15T07:42:25.5322179Z  + jsonschema-specifications==2025.9.1
2026-09-15T07:42:25.5322622Z  + librt==0.15.0
2026-09-15T07:42:25.5322983Z  + markdown-it-py==4.2.0
2026-09-15T07:42:25.5323369Z  + mdurl==0.1.2
2026-09-15T07:42:25.5323726Z  + mypy==2.3.1
2026-09-15T07:42:25.5324109Z  + mypy-extensions==1.1.0
2026-09-15T07:42:25.5324503Z  + packaging==26.3
2026-09-15T07:42:25.5324842Z  + pathspec==1.1.1
2026-09-15T07:42:25.5325196Z  + pluggy==1.6.0
2026-09-15T07:42:25.5325545Z  + pydantic==2.13.5
2026-09-15T07:42:25.5325907Z  + pydantic-core==2.46.5
2026-09-15T07:42:25.5326395Z  + pygments==2.21.0
2026-09-15T07:42:25.5326769Z  + pypdf==6.18.1
2026-09-15T07:42:25.5327137Z  + pytest==9.1.1
2026-09-15T07:42:25.5327497Z  + python-multipart==0.0.32
2026-09-15T07:42:25.5327908Z  + referencing==0.37.0
2026-09-15T07:42:25.5328279Z  + rpds-py==2026.6.3
2026-09-15T07:42:25.5328639Z  + ruff==0.16.7
2026-09-15T07:42:25.5328984Z  + starlette==1.6.0
2026-09-15T07:42:25.5329372Z  + typing-extensions==4.16.0
2026-09-15T07:42:25.5329821Z  + typing-inspection==0.4.4
2026-09-15T07:42:25.5330223Z  + uvicorn==0.53.0
2026-09-15T07:42:25.5424357Z ##[group]Run sudo apt-get update
2026-09-15T07:42:25.5424917Z [36;1msudo apt-get update[0m
2026-09-15T07:42:25.5426065Z [36;1msudo apt-get install -y bubblewrap=0.11.1-1ubuntu0.1 apparmor=5.0.2-0ubuntu1~26.04.1 libapparmor1=5.0.2-0ubuntu1~26.04.1 libseccomp2=2.6.0-2ubuntu5[0m
2026-09-15T07:42:25.5427423Z [36;1mdpkg-query -W bubblewrap apparmor libapparmor1 libseccomp2[0m
2026-09-15T07:42:25.5428186Z [36;1mtest -f /etc/apparmor.d/bwrap-userns-restrict[0m
2026-09-15T07:42:25.5428730Z [36;1mbwrap --version[0m
2026-09-15T07:42:25.5509039Z shell: /usr/bin/bash -e {0}
2026-09-15T07:42:25.5509318Z env:
2026-09-15T07:42:25.5509611Z   pythonLocation: /opt/hostedtoolcache/Python/3.12.13/x64
2026-09-15T07:42:25.5510119Z   PKG_CONFIG_PATH: /opt/hostedtoolcache/Python/3.12.13/x64/lib/pkgconfig
2026-09-15T07:42:25.5510608Z   Python_ROOT_DIR: /opt/hostedtoolcache/Python/3.12.13/x64
2026-09-15T07:42:25.5511228Z   Python2_ROOT_DIR: /opt/hostedtoolcache/Python/3.12.13/x64
2026-09-15T07:42:25.5511704Z   Python3_ROOT_DIR: /opt/hostedtoolcache/Python/3.12.13/x64
2026-09-15T07:42:25.5512314Z   LD_LIBRARY_PATH: /opt/hostedtoolcache/Python/3.12.13/x64/lib
2026-09-15T07:42:25.5512688Z ##[endgroup]
2026-09-15T07:42:25.7510255Z Get:1 file:/etc/apt/apt-mirrors.txt Mirrorlist [144 B]
2026-09-15T07:42:25.7733578Z Get:6 https://packages.microsoft.com/ubuntu/26.04/prod resolute InRelease [3964 B]
2026-09-15T07:42:25.7951327Z Hit:2 http://azure.archive.ubuntu.com/ubuntu resolute InRelease
2026-09-15T07:42:25.7984368Z Get:3 http://azure.archive.ubuntu.com/ubuntu resolute-updates InRelease [137 kB]
2026-09-15T07:42:25.8076290Z Get:4 http://azure.archive.ubuntu.com/ubuntu resolute-backports InRelease [137 kB]
2026-09-15T07:42:25.8153610Z Get:5 http://azure.archive.ubuntu.com/ubuntu resolute-security InRelease [137 kB]
2026-09-15T07:42:25.8312681Z Get:7 https://packages.microsoft.com/ubuntu/26.04/prod resolute/main arm64 Packages [52.1 kB]
2026-09-15T07:42:25.8473304Z Get:8 https://dl.google.com/linux/chrome-stable/deb stable InRelease [2548 B]
2026-09-15T07:42:25.8560502Z Get:9 https://packages.microsoft.com/ubuntu/26.04/prod resolute/main amd64 Packages [59.9 kB]
2026-09-15T07:42:25.8765097Z Get:10 http://azure.archive.ubuntu.com/ubuntu resolute-updates/main amd64v3 Packages [610 kB]
2026-09-15T07:42:25.8820330Z Get:11 http://azure.archive.ubuntu.com/ubuntu resolute-updates/main Translation-en [145 kB]
2026-09-15T07:42:25.8853229Z Get:12 http://azure.archive.ubuntu.com/ubuntu resolute-updates/main amd64 Components [97.8 kB]
2026-09-15T07:42:25.8967598Z Get:13 http://azure.archive.ubuntu.com/ubuntu resolute-updates/universe amd64v3 Packages [293 kB]
2026-09-15T07:42:25.8993324Z Get:14 http://azure.archive.ubuntu.com/ubuntu resolute-updates/universe Translation-en [93.2 kB]
2026-09-15T07:42:25.9011717Z Get:15 http://azure.archive.ubuntu.com/ubuntu resolute-updates/universe amd64 Components [188 kB]
2026-09-15T07:42:25.9023188Z Get:16 http://azure.archive.ubuntu.com/ubuntu resolute-updates/restricted amd64v3 Packages [409 kB]
2026-09-15T07:42:25.9053315Z Get:17 http://azure.archive.ubuntu.com/ubuntu resolute-updates/restricted Translation-en [79.5 kB]
2026-09-15T07:42:25.9072881Z Get:18 http://azure.archive.ubuntu.com/ubuntu resolute-updates/multiverse amd64v3 Packages [11.6 kB]
2026-09-15T07:42:25.9082996Z Get:19 http://azure.archive.ubuntu.com/ubuntu resolute-updates/multiverse Translation-en [3036 B]
2026-09-15T07:42:25.9411788Z Get:20 http://azure.archive.ubuntu.com/ubuntu resolute-backports/universe amd64 Components [1056 B]
2026-09-15T07:42:25.9426255Z Get:21 http://azure.archive.ubuntu.com/ubuntu resolute-security/main amd64v3 Packages [474 kB]
2026-09-15T07:42:25.9449269Z Get:22 http://azure.archive.ubuntu.com/ubuntu resolute-security/main Translation-en [111 kB]
2026-09-15T07:42:25.9458458Z Get:23 http://azure.archive.ubuntu.com/ubuntu resolute-security/main amd64 Components [46.6 kB]
2026-09-15T07:42:25.9465869Z Get:24 http://azure.archive.ubuntu.com/ubuntu resolute-security/universe amd64v3 Packages [173 kB]
2026-09-15T07:42:25.9478477Z Get:25 http://azure.archive.ubuntu.com/ubuntu resolute-security/universe Translation-en [54.4 kB]
2026-09-15T07:42:25.9484825Z Get:26 http://azure.archive.ubuntu.com/ubuntu resolute-security/universe amd64 Components [43.4 kB]
2026-09-15T07:42:25.9493586Z Get:27 http://azure.archive.ubuntu.com/ubuntu resolute-security/restricted amd64v3 Packages [399 kB]
2026-09-15T07:42:25.9514978Z Get:28 http://azure.archive.ubuntu.com/ubuntu resolute-security/restricted Translation-en [77.7 kB]
2026-09-15T07:42:25.9524625Z Get:29 http://azure.archive.ubuntu.com/ubuntu resolute-security/multiverse amd64v3 Packages [10.9 kB]
2026-09-15T07:42:25.9526965Z Get:30 http://azure.archive.ubuntu.com/ubuntu resolute-security/multiverse Translation-en [2844 B]
2026-09-15T07:42:25.9612962Z Get:31 https://dl.google.com/linux/chrome-stable/deb stable/main amd64 Packages [1413 B]
2026-09-15T07:42:31.0279614Z Fetched 3855 kB in 0s (8921 kB/s)
2026-09-15T07:42:31.6460321Z Reading package lists...
2026-09-15T07:42:31.6799125Z Reading package lists...
2026-09-15T07:42:31.8138066Z Building dependency tree...
2026-09-15T07:42:31.8145267Z Reading state information...
2026-09-15T07:42:31.8485476Z bubblewrap is already the newest version (0.11.1-1ubuntu0.1).
2026-09-15T07:42:31.8486429Z bubblewrap set to manually installed.
2026-09-15T07:42:31.8487102Z apparmor is already the newest version (5.0.2-0ubuntu1~26.04.1).
2026-09-15T07:42:31.8487732Z apparmor set to manually installed.
2026-09-15T07:42:31.8488401Z libapparmor1 is already the newest version (5.0.2-0ubuntu1~26.04.1).
2026-09-15T07:42:31.8489059Z libapparmor1 set to manually installed.
2026-09-15T07:42:31.8489679Z libseccomp2 is already the newest version (2.6.0-2ubuntu5).
2026-09-15T07:42:31.8490285Z libseccomp2 set to manually installed.
2026-09-15T07:42:31.9004765Z Solving dependencies...
2026-09-15T07:42:32.0178410Z 0 upgraded, 0 newly installed, 0 to remove and 73 not upgraded.
2026-09-15T07:42:32.0387347Z apparmor	5.0.2-0ubuntu1~26.04.1
2026-09-15T07:42:32.0387895Z bubblewrap	0.11.1-1ubuntu0.1
2026-09-15T07:42:32.0388453Z libapparmor1:amd64	5.0.2-0ubuntu1~26.04.1
2026-09-15T07:42:32.0389069Z libseccomp2:amd64	2.6.0-2ubuntu5
2026-09-15T07:42:32.0692199Z bubblewrap 0.11.1
2026-09-15T07:42:32.0726734Z ##[group]Run npm ci --prefix apps/web
2026-09-15T07:42:32.0727075Z [36;1mnpm ci --prefix apps/web[0m
2026-09-15T07:42:32.0785108Z shell: /usr/bin/bash -e {0}
2026-09-15T07:42:32.0785344Z env:
2026-09-15T07:42:32.0785605Z   pythonLocation: /opt/hostedtoolcache/Python/3.12.13/x64
2026-09-15T07:42:32.0786042Z   PKG_CONFIG_PATH: /opt/hostedtoolcache/Python/3.12.13/x64/lib/pkgconfig
2026-09-15T07:42:32.0786471Z   Python_ROOT_DIR: /opt/hostedtoolcache/Python/3.12.13/x64
2026-09-15T07:42:32.0786852Z   Python2_ROOT_DIR: /opt/hostedtoolcache/Python/3.12.13/x64
2026-09-15T07:42:32.0787232Z   Python3_ROOT_DIR: /opt/hostedtoolcache/Python/3.12.13/x64
2026-09-15T07:42:32.0787631Z   LD_LIBRARY_PATH: /opt/hostedtoolcache/Python/3.12.13/x64/lib
2026-09-15T07:42:32.0787976Z ##[endgroup]
2026-09-15T07:42:38.4904901Z 
2026-09-15T07:42:38.4905743Z added 236 packages, and audited 237 packages in 6s
2026-09-15T07:42:38.4906375Z 
2026-09-15T07:42:38.4906992Z 118 packages are looking for funding
2026-09-15T07:42:38.4908235Z   run `npm fund` for details
2026-09-15T07:42:38.4919031Z 
2026-09-15T07:42:38.4919466Z found 0 vulnerabilities
2026-09-15T07:42:38.5385678Z ##[group]Run npm --prefix apps/web exec -- playwright install --with-deps chromium
2026-09-15T07:42:38.5386888Z [36;1mnpm --prefix apps/web exec -- playwright install --with-deps chromium[0m
2026-09-15T07:42:38.5462251Z shell: /usr/bin/bash -e {0}
2026-09-15T07:42:38.5462684Z env:
2026-09-15T07:42:38.5463071Z   pythonLocation: /opt/hostedtoolcache/Python/3.12.13/x64
2026-09-15T07:42:38.5463616Z   PKG_CONFIG_PATH: /opt/hostedtoolcache/Python/3.12.13/x64/lib/pkgconfig
2026-09-15T07:42:38.5464202Z   Python_ROOT_DIR: /opt/hostedtoolcache/Python/3.12.13/x64
2026-09-15T07:42:38.5464777Z   Python2_ROOT_DIR: /opt/hostedtoolcache/Python/3.12.13/x64
2026-09-15T07:42:38.5465285Z   Python3_ROOT_DIR: /opt/hostedtoolcache/Python/3.12.13/x64
2026-09-15T07:42:38.5465781Z   LD_LIBRARY_PATH: /opt/hostedtoolcache/Python/3.12.13/x64/lib
2026-09-15T07:42:38.5466193Z ##[endgroup]
2026-09-15T07:42:39.3258000Z Installing dependencies...
2026-09-15T07:42:39.3349333Z Switching to root user to install dependencies...
2026-09-15T07:42:39.4589506Z Get:1 file:/etc/apt/apt-mirrors.txt Mirrorlist [144 B]
2026-09-15T07:42:39.4730741Z Hit:2 https://packages.microsoft.com/ubuntu/26.04/prod resolute InRelease
2026-09-15T07:42:39.4961633Z Hit:3 http://azure.archive.ubuntu.com/ubuntu resolute InRelease
2026-09-15T07:42:39.4979165Z Hit:4 http://azure.archive.ubuntu.com/ubuntu resolute-updates InRelease
2026-09-15T07:42:39.4994058Z Hit:5 http://azure.archive.ubuntu.com/ubuntu resolute-backports InRelease
2026-09-15T07:42:39.4998459Z Hit:6 http://azure.archive.ubuntu.com/ubuntu resolute-security InRelease
2026-09-15T07:42:39.5404002Z Hit:7 https://dl.google.com/linux/chrome-stable/deb stable InRelease
2026-09-15T07:42:40.3268365Z Reading package lists...
2026-09-15T07:42:40.3527491Z Reading package lists...
2026-09-15T07:42:40.4916378Z Building dependency tree...
2026-09-15T07:42:40.4924899Z Reading state information...
2026-09-15T07:42:40.5233249Z libasound2t64 is already the newest version (1.2.15.3-1ubuntu1.1).
2026-09-15T07:42:40.5234412Z libasound2t64 set to manually installed.
2026-09-15T07:42:40.5235300Z libatk-bridge2.0-0t64 is already the newest version (2.60.4-0ubuntu0.1).
2026-09-15T07:42:40.5236186Z libatk-bridge2.0-0t64 set to manually installed.
2026-09-15T07:42:40.5236947Z libatk1.0-0t64 is already the newest version (2.60.4-0ubuntu0.1).
2026-09-15T07:42:40.5237647Z libatk1.0-0t64 set to manually installed.
2026-09-15T07:42:40.5238349Z libatspi2.0-0t64 is already the newest version (2.60.4-0ubuntu0.1).
2026-09-15T07:42:40.5239118Z libatspi2.0-0t64 set to manually installed.
2026-09-15T07:42:40.5239736Z libcairo2 is already the newest version (1.18.4-3).
2026-09-15T07:42:40.5240355Z libcairo2 set to manually installed.
2026-09-15T07:42:40.5240994Z libcups2t64 is already the newest version (2.4.16-1ubuntu1.3).
2026-09-15T07:42:40.5241640Z libcups2t64 set to manually installed.
2026-09-15T07:42:40.5242739Z libdbus-1-3 is already the newest version (1.16.2-2ubuntu4).
2026-09-15T07:42:40.5243371Z libdbus-1-3 set to manually installed.
2026-09-15T07:42:40.5244006Z libdrm2 is already the newest version (2.4.131-1).
2026-09-15T07:42:40.5244565Z libdrm2 set to manually installed.
2026-09-15T07:42:40.5245174Z libgbm1 is already the newest version (26.0.8-1ubuntu0.3).
2026-09-15T07:42:40.5246404Z libgbm1 set to manually installed.
2026-09-15T07:42:40.5247004Z libglib2.0-0t64 is already the newest version (2.88.0-1).
2026-09-15T07:42:40.5247538Z libglib2.0-0t64 set to manually installed.
2026-09-15T07:42:40.5248060Z libnspr4 is already the newest version (2:4.38.2-1ubuntu1).
2026-09-15T07:42:40.5248567Z libnspr4 set to manually installed.
2026-09-15T07:42:40.5249151Z libnss3 is already the newest version (2:3.120-1ubuntu2.1).
2026-09-15T07:42:40.5249619Z libnss3 set to manually installed.
2026-09-15T07:42:40.5250133Z libpango-1.0-0 is already the newest version (1.57.0-1).
2026-09-15T07:42:40.5250611Z libpango-1.0-0 set to manually installed.
2026-09-15T07:42:40.5251100Z libx11-6 is already the newest version (2:1.8.13-1).
2026-09-15T07:42:40.5253378Z libx11-6 set to manually installed.
2026-09-15T07:42:40.5253951Z libxcb1 is already the newest version (1.17.0-2ubuntu1).
2026-09-15T07:42:40.5254510Z libxcb1 set to manually installed.
2026-09-15T07:42:40.5255080Z libxcomposite1 is already the newest version (1:0.4.6-1build1).
2026-09-15T07:42:40.5255586Z libxcomposite1 set to manually installed.
2026-09-15T07:42:40.5256153Z libxdamage1 is already the newest version (1:1.1.7-1).
2026-09-15T07:42:40.5256666Z libxdamage1 set to manually installed.
2026-09-15T07:42:40.5257193Z libxext6 is already the newest version (2:1.3.4-1build3).
2026-09-15T07:42:40.5257698Z libxext6 set to manually installed.
2026-09-15T07:42:40.5258159Z libxfixes3 is already the newest version (1:6.0.0-2build2).
2026-09-15T07:42:40.5258695Z libxfixes3 set to manually installed.
2026-09-15T07:42:40.5259208Z libxkbcommon0 is already the newest version (1.13.1-1).
2026-09-15T07:42:40.5259719Z libxkbcommon0 set to manually installed.
2026-09-15T07:42:40.5260257Z libxrandr2 is already the newest version (2:1.5.4-1build1).
2026-09-15T07:42:40.5260721Z libxrandr2 set to manually installed.
2026-09-15T07:42:40.5261102Z xvfb is already the newest version (2:21.1.22-1ubuntu1).
2026-09-15T07:42:40.5261586Z fonts-noto-color-emoji is already the newest version (2.051-1build1).
2026-09-15T07:42:40.5262396Z libfontconfig1 is already the newest version (2.17.1-3ubuntu1).
2026-09-15T07:42:40.5262821Z libfontconfig1 set to manually installed.
2026-09-15T07:42:40.5263271Z libfreetype6 is already the newest version (2.14.2+dfsg-1ubuntu0.1).
2026-09-15T07:42:40.5263882Z libfreetype6 set to manually installed.
2026-09-15T07:42:40.5264318Z fonts-liberation is already the newest version (1:2.1.5-3build1).
2026-09-15T07:42:40.5264748Z fonts-liberation set to manually installed.
2026-09-15T07:42:40.5726436Z Solving dependencies...
2026-09-15T07:42:40.6679443Z The following additional packages will be installed:
2026-09-15T07:42:40.6680073Z   xfonts-encodings xfonts-utils
2026-09-15T07:42:40.6685064Z Recommended packages:
2026-09-15T07:42:40.6685552Z   fonts-ipafont-mincho fonts-tlwg-loma
2026-09-15T07:42:40.6888935Z The following NEW packages will be installed:
2026-09-15T07:42:40.6889597Z   fonts-freefont-ttf fonts-ipafont-gothic fonts-tlwg-loma-otf fonts-unifont
2026-09-15T07:42:40.6895806Z   fonts-wqy-zenhei xfonts-cyrillic xfonts-encodings xfonts-scalable
2026-09-15T07:42:40.6896286Z   xfonts-utils
2026-09-15T07:42:40.7109837Z 0 upgraded, 9 newly installed, 0 to remove and 73 not upgraded.
2026-09-15T07:42:40.7110623Z Need to get 21.9 MB of archives.
2026-09-15T07:42:40.7111442Z After this operation, 80.2 MB of additional disk space will be used.
2026-09-15T07:42:40.7112531Z Get:1 file:/etc/apt/apt-mirrors.txt Mirrorlist [144 B]
2026-09-15T07:42:40.7775350Z Get:2 http://azure.archive.ubuntu.com/ubuntu resolute/universe amd64v3 fonts-ipafont-gothic all 00303-23ubuntu1 [3703 kB]
2026-09-15T07:42:41.1654603Z Get:3 http://azure.archive.ubuntu.com/ubuntu resolute/main amd64v3 fonts-freefont-ttf all 20211204+svn4273-4build1 [5656 kB]
2026-09-15T07:42:41.3132756Z Get:4 http://azure.archive.ubuntu.com/ubuntu resolute/universe amd64v3 fonts-tlwg-loma-otf all 1:0.7.3-1build1 [106 kB]
2026-09-15T07:42:41.3708100Z Get:5 http://azure.archive.ubuntu.com/ubuntu resolute/universe amd64v3 fonts-unifont all 1:16.0.04-1build1 [3169 kB]
2026-09-15T07:42:41.5890593Z Get:6 http://azure.archive.ubuntu.com/ubuntu resolute/universe amd64v3 fonts-wqy-zenhei all 0.9.45-8build1 [7863 kB]
2026-09-15T07:42:41.7515904Z Get:7 http://azure.archive.ubuntu.com/ubuntu resolute/main amd64v3 xfonts-encodings all 1:1.0.5-0ubuntu3 [576 kB]
2026-09-15T07:42:41.8048582Z Get:8 http://azure.archive.ubuntu.com/ubuntu resolute/main amd64v3 xfonts-utils amd64 1:7.7+7build1 [97.3 kB]
2026-09-15T07:42:41.8508610Z Get:9 http://azure.archive.ubuntu.com/ubuntu resolute/universe amd64v3 xfonts-cyrillic all 1:1.0.5+nmu1build1 [384 kB]
2026-09-15T07:42:41.8992560Z Get:10 http://azure.archive.ubuntu.com/ubuntu resolute/universe amd64v3 xfonts-scalable all 1:1.0.3-1.3build1 [304 kB]
2026-09-15T07:42:42.5451454Z Fetched 21.9 MB in 1s (18.2 MB/s)
2026-09-15T07:42:42.5851197Z Selecting previously unselected package fonts-ipafont-gothic.
2026-09-15T07:42:42.6264908Z (Reading database ... 
2026-09-15T07:42:42.6265328Z (Reading database ... 5%
2026-09-15T07:42:42.6265694Z (Reading database ... 10%
2026-09-15T07:42:42.6265961Z (Reading database ... 15%
2026-09-15T07:42:42.6266214Z (Reading database ... 20%
2026-09-15T07:42:42.6266455Z (Reading database ... 25%
2026-09-15T07:42:42.6266709Z (Reading database ... 30%
2026-09-15T07:42:42.6266984Z (Reading database ... 35%
2026-09-15T07:42:42.6267226Z (Reading database ... 40%
2026-09-15T07:42:42.6267860Z (Reading database ... 45%
2026-09-15T07:42:42.6268267Z (Reading database ... 50%
2026-09-15T07:42:42.8357451Z (Reading database ... 55%
2026-09-15T07:42:43.0848269Z (Reading database ... 60%
2026-09-15T07:42:43.3350308Z (Reading database ... 65%
2026-09-15T07:42:43.5527725Z (Reading database ... 70%
2026-09-15T07:42:43.7633258Z (Reading database ... 75%
2026-09-15T07:42:44.0466804Z (Reading database ... 80%
2026-09-15T07:42:44.3999252Z (Reading database ... 85%
2026-09-15T07:42:44.7872301Z (Reading database ... 90%
2026-09-15T07:42:45.2919255Z (Reading database ... 95%
2026-09-15T07:42:45.2919930Z (Reading database ... 100%
2026-09-15T07:42:45.2920921Z (Reading database ... 209256 files and directories currently installed.)
2026-09-15T07:42:45.2963087Z Preparing to unpack .../0-fonts-ipafont-gothic_00303-23ubuntu1_all.deb ...
2026-09-15T07:42:45.3069955Z Unpacking fonts-ipafont-gothic (00303-23ubuntu1) ...
2026-09-15T07:42:45.3891761Z Selecting previously unselected package fonts-freefont-ttf.
2026-09-15T07:42:45.4027725Z Preparing to unpack .../1-fonts-freefont-ttf_20211204+svn4273-4build1_all.deb ...
2026-09-15T07:42:45.4036919Z Unpacking fonts-freefont-ttf (20211204+svn4273-4build1) ...
2026-09-15T07:42:45.4967402Z Selecting previously unselected package fonts-tlwg-loma-otf.
2026-09-15T07:42:45.5102497Z Preparing to unpack .../2-fonts-tlwg-loma-otf_1%3a0.7.3-1build1_all.deb ...
2026-09-15T07:42:45.5110280Z Unpacking fonts-tlwg-loma-otf (1:0.7.3-1build1) ...
2026-09-15T07:42:45.5390767Z Selecting previously unselected package fonts-unifont.
2026-09-15T07:42:45.5525288Z Preparing to unpack .../3-fonts-unifont_1%3a16.0.04-1build1_all.deb ...
2026-09-15T07:42:45.5533305Z Unpacking fonts-unifont (1:16.0.04-1build1) ...
2026-09-15T07:42:45.6785052Z Selecting previously unselected package fonts-wqy-zenhei.
2026-09-15T07:42:45.6919656Z Preparing to unpack .../4-fonts-wqy-zenhei_0.9.45-8build1_all.deb ...
2026-09-15T07:42:45.7097868Z Unpacking fonts-wqy-zenhei (0.9.45-8build1) ...
2026-09-15T07:42:45.8104632Z Selecting previously unselected package xfonts-encodings.
2026-09-15T07:42:45.8241000Z Preparing to unpack .../5-xfonts-encodings_1%3a1.0.5-0ubuntu3_all.deb ...
2026-09-15T07:42:45.8249987Z Unpacking xfonts-encodings (1:1.0.5-0ubuntu3) ...
2026-09-15T07:42:45.8564310Z Selecting previously unselected package xfonts-utils.
2026-09-15T07:42:45.8700397Z Preparing to unpack .../6-xfonts-utils_1%3a7.7+7build1_amd64v3.deb ...
2026-09-15T07:42:45.8707983Z Unpacking xfonts-utils (1:7.7+7build1) ...
2026-09-15T07:42:45.9023961Z Selecting previously unselected package xfonts-cyrillic.
2026-09-15T07:42:45.9162146Z Preparing to unpack .../7-xfonts-cyrillic_1%3a1.0.5+nmu1build1_all.deb ...
2026-09-15T07:42:45.9169668Z Unpacking xfonts-cyrillic (1:1.0.5+nmu1build1) ...
2026-09-15T07:42:45.9520293Z Selecting previously unselected package xfonts-scalable.
2026-09-15T07:42:45.9657493Z Preparing to unpack .../8-xfonts-scalable_1%3a1.0.3-1.3build1_all.deb ...
2026-09-15T07:42:45.9667032Z Unpacking xfonts-scalable (1:1.0.3-1.3build1) ...
2026-09-15T07:42:46.0104971Z Setting up fonts-wqy-zenhei (0.9.45-8build1) ...
2026-09-15T07:42:46.0264150Z Setting up fonts-freefont-ttf (20211204+svn4273-4build1) ...
2026-09-15T07:42:46.0284681Z Setting up fonts-tlwg-loma-otf (1:0.7.3-1build1) ...
2026-09-15T07:42:46.0306480Z Setting up xfonts-encodings (1:1.0.5-0ubuntu3) ...
2026-09-15T07:42:46.0331444Z Setting up fonts-ipafont-gothic (00303-23ubuntu1) ...
2026-09-15T07:42:46.0397969Z update-alternatives: using /usr/share/fonts/opentype/ipafont-gothic/ipag.ttf to provide /usr/share/fonts/truetype/fonts-japanese-gothic.ttf (fonts-japanese-gothic.ttf) in auto mode
2026-09-15T07:42:46.0416910Z Setting up fonts-unifont (1:16.0.04-1build1) ...
2026-09-15T07:42:46.0437722Z Setting up xfonts-utils (1:7.7+7build1) ...
2026-09-15T07:42:46.0497083Z Setting up xfonts-cyrillic (1:1.0.5+nmu1build1) ...
2026-09-15T07:42:46.1200192Z Setting up xfonts-scalable (1:1.0.3-1.3build1) ...
2026-09-15T07:42:46.1602445Z Processing triggers for man-db (2.13.1-1build1) ...
2026-09-15T07:42:46.1624499Z Not building database; man-db/auto-update is not 'true'.
2026-09-15T07:42:46.1643278Z Processing triggers for fontconfig (2.17.1-3ubuntu1) ...
2026-09-15T07:42:47.3532199Z 
2026-09-15T07:42:47.3533126Z Running kernel seems to be up-to-date.
2026-09-15T07:42:47.3533535Z 
2026-09-15T07:42:47.3533762Z Restarting services...
2026-09-15T07:42:47.3628708Z 
2026-09-15T07:42:47.3629337Z Service restarts being deferred:
2026-09-15T07:42:47.3631999Z  systemctl restart hosted-compute-agent.service
2026-09-15T07:42:47.3632574Z 
2026-09-15T07:42:47.3633384Z No containers need to be restarted.
2026-09-15T07:42:47.3633724Z 
2026-09-15T07:42:47.3634286Z No user sessions are running outdated binaries.
2026-09-15T07:42:47.3634552Z 
2026-09-15T07:42:47.3634868Z No VM guests are running outdated hypervisor (qemu) binaries on this host.
2026-09-15T07:42:48.2774004Z Downloading Chrome for Testing 153.0.8010.12 (playwright chromium v1243) from https://cdn.playwright.dev/builds/cft/153.0.8010.12/linux64/chrome-linux64.zip
2026-09-15T07:42:48.6953598Z |                                                                                |   0% of 186.8 MiB
2026-09-15T07:42:48.8748231Z |■■■■■■■■                                                                        |  10% of 186.8 MiB
2026-09-15T07:42:48.9509799Z |■■■■■■■■■■■■■■■■                                                                |  20% of 186.8 MiB
2026-09-15T07:42:49.0419108Z |■■■■■■■■■■■■■■■■■■■■■■■■                                                        |  30% of 186.8 MiB
2026-09-15T07:42:49.1012510Z |■■■■■■■■■■■■■■■■■■■■■■■■■■■■■■■■                                                |  40% of 186.8 MiB
2026-09-15T07:42:49.1785244Z |■■■■■■■■■■■■■■■■■■■■■■■■■■■■■■■■■■■■■■■■                                        |  50% of 186.8 MiB
2026-09-15T07:42:49.2395673Z |■■■■■■■■■■■■■■■■■■■■■■■■■■■■■■■■■■■■■■■■■■■■■■■■                                |  60% of 186.8 MiB
2026-09-15T07:42:49.3341037Z |■■■■■■■■■■■■■■■■■■■■■■■■■■■■■■■■■■■■■■■■■■■■■■■■■■■■■■■■                        |  70% of 186.8 MiB
2026-09-15T07:42:49.4124293Z |■■■■■■■■■■■■■■■■■■■■■■■■■■■■■■■■■■■■■■■■■■■■■■■■■■■■■■■■■■■■■■■■                |  80% of 186.8 MiB
2026-09-15T07:42:49.4870024Z |■■■■■■■■■■■■■■■■■■■■■■■■■■■■■■■■■■■■■■■■■■■■■■■■■■■■■■■■■■■■■■■■■■■■■■■■        |  90% of 186.8 MiB
2026-09-15T07:42:49.5683817Z |■■■■■■■■■■■■■■■■■■■■■■■■■■■■■■■■■■■■■■■■■■■■■■■■■■■■■■■■■■■■■■■■■■■■■■■■■■■■■■■■| 100% of 186.8 MiB
2026-09-15T07:42:52.4501083Z Chrome for Testing 153.0.8010.12 (playwright chromium v1243) downloaded to <RUNNER_HOME>/.cache/ms-playwright/chromium-1243
2026-09-15T07:42:52.4507213Z Downloading FFmpeg (playwright ffmpeg v1011) from https://cdn.playwright.dev/dbazure/download/playwright/builds/ffmpeg/1011/ffmpeg-linux.zip
2026-09-15T07:42:52.8009116Z |                                                                                |   0% of 2.3 MiB
2026-09-15T07:42:52.8042933Z |■■■■■■■■                                                                        |  10% of 2.3 MiB
2026-09-15T07:42:52.8057070Z |■■■■■■■■■■■■■■■■                                                                |  20% of 2.3 MiB
2026-09-15T07:42:52.8074472Z |■■■■■■■■■■■■■■■■■■■■■■■■                                                        |  30% of 2.3 MiB
2026-09-15T07:42:52.8086984Z |■■■■■■■■■■■■■■■■■■■■■■■■■■■■■■■■                                                |  40% of 2.3 MiB
2026-09-15T07:42:52.8099039Z |■■■■■■■■■■■■■■■■■■■■■■■■■■■■■■■■■■■■■■■■                                        |  50% of 2.3 MiB
2026-09-15T07:42:52.8111487Z |■■■■■■■■■■■■■■■■■■■■■■■■■■■■■■■■■■■■■■■■■■■■■■■■                                |  60% of 2.3 MiB
2026-09-15T07:42:52.8126256Z |■■■■■■■■■■■■■■■■■■■■■■■■■■■■■■■■■■■■■■■■■■■■■■■■■■■■■■■■                        |  70% of 2.3 MiB
2026-09-15T07:42:52.8146020Z |■■■■■■■■■■■■■■■■■■■■■■■■■■■■■■■■■■■■■■■■■■■■■■■■■■■■■■■■■■■■■■■■                |  80% of 2.3 MiB
2026-09-15T07:42:52.8151452Z |■■■■■■■■■■■■■■■■■■■■■■■■■■■■■■■■■■■■■■■■■■■■■■■■■■■■■■■■■■■■■■■■■■■■■■■■        |  90% of 2.3 MiB
2026-09-15T07:42:52.8160539Z |■■■■■■■■■■■■■■■■■■■■■■■■■■■■■■■■■■■■■■■■■■■■■■■■■■■■■■■■■■■■■■■■■■■■■■■■■■■■■■■■| 100% of 2.3 MiB
2026-09-15T07:42:52.8730484Z FFmpeg (playwright ffmpeg v1011) downloaded to <RUNNER_HOME>/.cache/ms-playwright/ffmpeg-1011
2026-09-15T07:42:52.8733305Z Downloading Chrome Headless Shell 153.0.8010.12 (playwright chromium-headless-shell v1243) from https://cdn.playwright.dev/builds/cft/153.0.8010.12/linux64/chrome-headless-shell-linux64.zip
2026-09-15T07:42:53.2961230Z |                                                                                |   0% of 114.3 MiB
2026-09-15T07:42:53.4214709Z |■■■■■■■■                                                                        |  10% of 114.3 MiB
2026-09-15T07:42:53.4885520Z |■■■■■■■■■■■■■■■■                                                                |  20% of 114.3 MiB
2026-09-15T07:42:53.5360814Z |■■■■■■■■■■■■■■■■■■■■■■■■                                                        |  30% of 114.3 MiB
2026-09-15T07:42:53.5945931Z |■■■■■■■■■■■■■■■■■■■■■■■■■■■■■■■■                                                |  40% of 114.3 MiB
2026-09-15T07:42:53.6555832Z |■■■■■■■■■■■■■■■■■■■■■■■■■■■■■■■■■■■■■■■■                                        |  50% of 114.3 MiB
2026-09-15T07:42:53.6880205Z |■■■■■■■■■■■■■■■■■■■■■■■■■■■■■■■■■■■■■■■■■■■■■■■■                                |  60% of 114.3 MiB
2026-09-15T07:42:53.7443713Z |■■■■■■■■■■■■■■■■■■■■■■■■■■■■■■■■■■■■■■■■■■■■■■■■■■■■■■■■                        |  70% of 114.3 MiB
2026-09-15T07:42:53.7859996Z |■■■■■■■■■■■■■■■■■■■■■■■■■■■■■■■■■■■■■■■■■■■■■■■■■■■■■■■■■■■■■■■■                |  80% of 114.3 MiB
2026-09-15T07:42:53.8273089Z |■■■■■■■■■■■■■■■■■■■■■■■■■■■■■■■■■■■■■■■■■■■■■■■■■■■■■■■■■■■■■■■■■■■■■■■■        |  90% of 114.3 MiB
2026-09-15T07:42:53.8952886Z |■■■■■■■■■■■■■■■■■■■■■■■■■■■■■■■■■■■■■■■■■■■■■■■■■■■■■■■■■■■■■■■■■■■■■■■■■■■■■■■■| 100% of 114.3 MiB
2026-09-15T07:42:56.0030700Z Chrome Headless Shell 153.0.8010.12 (playwright chromium-headless-shell v1243) downloaded to <RUNNER_HOME>/.cache/ms-playwright/chromium_headless_shell-1243
2026-09-15T07:42:56.0367246Z ##[group]Run make build
2026-09-15T07:42:56.0367522Z [36;1mmake build[0m
2026-09-15T07:42:56.0423844Z shell: /usr/bin/bash -e {0}
2026-09-15T07:42:56.0424085Z env:
2026-09-15T07:42:56.0424346Z   pythonLocation: /opt/hostedtoolcache/Python/3.12.13/x64
2026-09-15T07:42:56.0424783Z   PKG_CONFIG_PATH: /opt/hostedtoolcache/Python/3.12.13/x64/lib/pkgconfig
2026-09-15T07:42:56.0425211Z   Python_ROOT_DIR: /opt/hostedtoolcache/Python/3.12.13/x64
2026-09-15T07:42:56.0425610Z   Python2_ROOT_DIR: /opt/hostedtoolcache/Python/3.12.13/x64
2026-09-15T07:42:56.0425987Z   Python3_ROOT_DIR: /opt/hostedtoolcache/Python/3.12.13/x64
2026-09-15T07:42:56.0426388Z   LD_LIBRARY_PATH: /opt/hostedtoolcache/Python/3.12.13/x64/lib
2026-09-15T07:42:56.0426709Z ##[endgroup]
2026-09-15T07:42:56.0679728Z bash scripts/node.sh npm --prefix apps/web run build
2026-09-15T07:42:56.1686315Z 
2026-09-15T07:42:56.1686673Z > @learning-workbench/web@0.1.0 build
2026-09-15T07:42:56.1687125Z > tsc --noEmit && vite build
2026-09-15T07:42:56.1687391Z 
2026-09-15T07:42:57.4641727Z [36mvite v8.3.0 [32mbuilding client environment for production...[36m[39m
2026-09-15T07:42:57.4745542Z transforming...
2026-09-15T07:42:57.6680004Z ✓ 709 modules transformed.
2026-09-15T07:42:57.7580008Z rendering chunks...
2026-09-15T07:42:57.8886213Z computing gzip size...
2026-09-15T07:42:57.9332106Z dist/index.html                       0.41 kB │ gzip:     0.32 kB
2026-09-15T07:42:57.9333077Z dist/assets/index-Czz-51KG.css       37.62 kB │ gzip:     8.00 kB
2026-09-15T07:42:57.9333811Z dist/assets/index-t1uFDpDm.js     1,018.91 kB │ gzip:   231.37 kB
2026-09-15T07:42:57.9334535Z dist/assets/Markdown-CGJtE-cT.js  2,939.32 kB │ gzip: 1,098.70 kB
2026-09-15T07:42:57.9334879Z 
2026-09-15T07:42:57.9339438Z [32m✓ built in 468ms[39m
2026-09-15T07:42:57.9346295Z [33m[plugin builtin:vite-reporter] 
2026-09-15T07:42:57.9347385Z (!) Some chunks are larger than 500 kB after minification. Consider:
2026-09-15T07:42:57.9348520Z - Using dynamic import() to code-split the application
2026-09-15T07:42:57.9350218Z - Use build.rolldownOptions.output.codeSplitting to improve chunking: https://rolldown.rs/reference/OutputOptions.codeSplitting
2026-09-15T07:42:57.9352212Z - Adjust chunk size limit for this warning via build.chunkSizeWarningLimit.[39m
2026-09-15T07:42:57.9595240Z ##[group]Run make test-e2e
2026-09-15T07:42:57.9595734Z [36;1mmake test-e2e[0m
2026-09-15T07:42:57.9653656Z shell: /usr/bin/bash -e {0}
2026-09-15T07:42:57.9653904Z env:
2026-09-15T07:42:57.9654179Z   pythonLocation: /opt/hostedtoolcache/Python/3.12.13/x64
2026-09-15T07:42:57.9654626Z   PKG_CONFIG_PATH: /opt/hostedtoolcache/Python/3.12.13/x64/lib/pkgconfig
2026-09-15T07:42:57.9655061Z   Python_ROOT_DIR: /opt/hostedtoolcache/Python/3.12.13/x64
2026-09-15T07:42:57.9655442Z   Python2_ROOT_DIR: /opt/hostedtoolcache/Python/3.12.13/x64
2026-09-15T07:42:57.9655826Z   Python3_ROOT_DIR: /opt/hostedtoolcache/Python/3.12.13/x64
2026-09-15T07:42:57.9656221Z   LD_LIBRARY_PATH: /opt/hostedtoolcache/Python/3.12.13/x64/lib
2026-09-15T07:42:57.9656546Z ##[endgroup]
2026-09-15T07:42:57.9753778Z bash scripts/node.sh npm --prefix apps/web run test:e2e
2026-09-15T07:42:58.0829863Z 
2026-09-15T07:42:58.0830586Z > @learning-workbench/web@0.1.0 test:e2e
2026-09-15T07:42:58.0831479Z > playwright test --config ../../tests/e2e/playwright.config.ts
2026-09-15T07:42:58.0832147Z 
2026-09-15T07:43:01.0502808Z [WebServer] INFO:     Started server process [3892]
2026-09-15T07:43:01.0503943Z [WebServer] INFO:     Waiting for application startup.
2026-09-15T07:43:01.1688527Z [WebServer] INFO:     Application startup complete.
2026-09-15T07:43:01.1689229Z [WebServer] INFO:     Uvicorn running on http://127.0.0.1:8765 (Press CTRL+C to quit)
2026-09-15T07:43:02.9224152Z 
2026-09-15T07:43:02.9224773Z Running 85 tests using 1 worker
2026-09-15T07:43:02.9225068Z 
2026-09-15T07:43:22.6645272Z   ✓   1 ../../tests/e2e/assessment-restart.spec.ts:43:1 › same assessment instance rejects forged course and assessment hashes while its independent policy remains active (19.3s)
2026-09-15T07:43:42.3932223Z   ✓   2 ../../tests/e2e/assessment-restart.spec.ts:112:1 › actual browser and API restarts retain independent drafts and keep old solution receipts protected after submission (19.7s)
2026-09-15T07:43:52.5636964Z   ✓   3 ../../tests/e2e/assessments.spec.ts:41:1 › real unreviewed independent assessment saves five types and submits without fabricated grades or answer calls (10.1s)
2026-09-15T07:44:04.4963604Z   ✓   4 ../../tests/e2e/assessments.spec.ts:90:1 › open-book and assisted freeze actual policies; explicit abandon retains saved answers and yields no score (11.9s)
2026-09-15T07:44:16.7627682Z   ✓   5 ../../tests/e2e/assessments.spec.ts:109:1 › two profiles retain a real server CAS conflict with three-way comparison and reject forged same-identity parent (12.0s)
2026-09-15T07:44:23.2575149Z   ✓   6 ../../tests/e2e/assessments.spec.ts:138:1 › missing private binding visibly blocks start instead of fabricating a usable test (6.5s)
2026-09-15T07:44:38.5025156Z   ✓   7 ../../tests/e2e/assessments.spec.ts:145:1 › two pages preserve independent local CAS candidates; a later submitted snapshot never accepts restored edits (15.2s)
2026-09-15T07:44:49.7749001Z   ✓   8 ../../tests/e2e/assessments.spec.ts:251:1 › late redacted Workbench save uses its original ETag and retains hidden selection after explicit three-way choice (11.3s)
2026-09-15T07:45:00.4843312Z   ✓   9 ../../tests/e2e/assessments.spec.ts:295:1 › a genuine solution response held in flight cannot appear after another page starts an open-book assessment (10.7s)
2026-09-15T07:45:07.0383338Z 
2026-09-15T07:45:07.0437489Z   ✓  10 ../../tests/e2e/document-imports.spec.ts:87:1 › real two-page PDF keeps exact page citations, guarded original bytes and explicit fidelity approval (6.5s)
2026-09-15T07:45:12.1308937Z 
2026-09-15T07:45:12.1310977Z   ✓  11 ../../tests/e2e/document-imports.spec.ts:127:1 › real DOCX safe text stays readable for learner while original bytes require an explicit author role (5.1s)
2026-09-15T07:45:17.8061741Z 
2026-09-15T07:45:17.8064382Z   ✓  12 ../../tests/e2e/document-imports.spec.ts:202:1 › a real scanned PDF fails without invented text or OCR and its local original is checked explicitly after reload (5.7s)
2026-09-15T07:45:23.0664388Z 
2026-09-15T07:45:23.0667230Z   ✓  13 ../../tests/e2e/document-imports.spec.ts:236:3 › real encrypted.pdf extraction failure remains blocked and preserves its original hash (5.2s)
2026-09-15T07:45:26.4835498Z 
2026-09-15T07:45:26.4841292Z   ✓  14 ../../tests/e2e/document-imports.spec.ts:236:3 › real malformed.docx extraction failure remains blocked and preserves its original hash (3.4s)
2026-09-15T07:45:37.8477964Z   ✓  15 ../../tests/e2e/grading-recovery.spec.ts:57:1 › a real failed regrade survives reload and can recover from the last actual grade without losing the old submission (11.3s)
2026-09-15T07:45:54.4164875Z   ✓  16 ../../tests/e2e/grading-restart.spec.ts:50:1 › real browser and API restarts preserve the submitted answers, signed review and both grading revisions (16.6s)
2026-09-15T07:46:08.7373861Z   ✓  17 ../../tests/e2e/grading.spec.ts:34:1 › unreviewed original content stays null until an explicit author form creates a signed new grade without altering its reference approval (14.3s)
2026-09-15T07:46:24.2754081Z   ✓  18 ../../tests/e2e/grading.spec.ts:66:1 › two browser profiles keep a stale manual-review baseline through an actual 412 before explicit three-way rebase (15.5s)
2026-09-15T07:46:36.2094534Z   ✓  19 ../../tests/e2e/grading.spec.ts:81:1 › a failed manual request preserves its durable exact command and editable author draft after browser reload (11.9s)
2026-09-15T07:46:46.4097933Z   ✓  20 ../../tests/e2e/imports-policy.spec.ts:11:1 › an open author import retains its task across independent start and submit but rechecks pending-answer protection before restoring content (10.2s)
2026-09-15T07:46:52.2509485Z   ✓  21 ../../tests/e2e/imports-policy.spec.ts:61:1 › a reselected failed original survives a role-policy pause in memory while decoded text must be checked again (5.8s)
2026-09-15T07:46:57.4026706Z   ✓  22 ../../tests/e2e/imports.spec.ts:111:1 › real Markdown upload stays staged, previews and downloads exact bytes, restores and commits exact course refs (5.1s)
2026-09-15T07:47:01.1146847Z   ✓  23 ../../tests/e2e/imports.spec.ts:190:1 › safe HTML warning requires explicit acceptance and native cancel leaves courses untouched (3.7s)
2026-09-15T07:47:06.5534659Z   ✓  24 ../../tests/e2e/imports.spec.ts:218:1 › UTF-8 text can target a real existing course and creates a newer exact revision (5.4s)
2026-09-15T07:47:10.0185661Z   ✓  25 ../../tests/e2e/imports.spec.ts:234:1 › upload request failure keeps the selected file; preview failure keeps the recovery ID and explicit retry works (3.4s)
2026-09-15T07:47:14.8908097Z 
2026-09-15T07:47:14.8910250Z   ✓  26 ../../tests/e2e/imports.spec.ts:254:1 › author package requires explicit role change and clears the private preview after returning to learner (4.8s)
2026-09-15T07:47:18.4459736Z   ✓  27 ../../tests/e2e/imports.spec.ts:290:1 › a real invalid UTF-8 parse shows a blocking error and cannot be confirmed (3.5s)
2026-09-15T07:47:24.6883548Z 
2026-09-15T07:47:24.6894074Z   ✓  28 ../../tests/e2e/imports.spec.ts:311:1 › local encoding choice preserves the failed original and creates a separately confirmed UTF-8 import (6.2s)
2026-09-15T07:47:30.1104785Z 
2026-09-15T07:47:30.1128608Z   ✓  29 ../../tests/e2e/imports.spec.ts:379:1 › deferred author preview and original responses cannot restore content after the role is lowered (5.4s)
2026-09-15T07:47:45.5548843Z   ✓  30 ../../tests/e2e/learning-state-restart.spec.ts:47:1 › actual browser and API restarts preserve profile candidates, exact route overrides and original reading sources (15.4s)
2026-09-15T07:47:52.6565886Z   ✓  31 ../../tests/e2e/learning-state.spec.ts:12:1 › real self-report persists a lost-ACK command once and never creates independent evidence (7.1s)
2026-09-15T07:48:03.9412823Z   ✓  32 ../../tests/e2e/learning-state.spec.ts:30:1 › actual unreviewed submission stays excluded and its precise sources disappear when another page starts independent work (11.3s)
2026-09-15T07:48:08.4671208Z   ✓  33 ../../tests/e2e/learning-state.spec.ts:45:1 › a quota-failed profile remains mounted when a global command tries to leave it (4.5s)
2026-09-15T07:48:15.8006942Z   ✓  34 ../../tests/e2e/notes-lifecycle.spec.ts:32:1 › a concurrent note move to another block remains recoverable by stable note ID after a real 412 (7.3s)
2026-09-15T07:48:23.4294906Z   ✓  35 ../../tests/e2e/notes-lifecycle.spec.ts:64:1 › soft deleting a server note preserves its unsynced local continuation for explicit recovery (7.6s)
2026-09-15T07:48:31.7666429Z   ✓  36 ../../tests/e2e/practice-restart.spec.ts:20:1 › same practice tab identity rejects changed frozen parent or child hashes and preserves the original session (8.3s)
2026-09-15T07:48:45.2781324Z   ✓  37 ../../tests/e2e/practice-restart.spec.ts:66:1 › actual browser close and API restart retain practice identity, exposure and an unsynced local response (13.5s)
2026-09-15T07:48:54.1272916Z   ✓  38 ../../tests/e2e/practice.spec.ts:26:1 › five real question kinds save and refresh; hints and solutions require explicit exposure; submit is ungraded (8.8s)
2026-09-15T07:49:04.1718071Z   ✓  39 ../../tests/e2e/practice.spec.ts:87:1 › offline recovery keeps the local candidate when session GET was also unavailable and reconnect compares its base (10.0s)
2026-09-15T07:49:15.3024943Z   ✓  40 ../../tests/e2e/practice.spec.ts:113:1 › two real browser profiles produce a server CAS conflict with base local and remote before explicit choice (11.1s)
2026-09-15T07:49:22.4025975Z   ✓  41 ../../tests/e2e/practice.spec.ts:138:1 › missing private solution fails closed and a forged same-identity parent never replaces the existing practice tab (7.1s)
2026-09-15T07:49:35.7735147Z   ✓  42 ../../tests/e2e/practice.spec.ts:159:1 › two pages keep their durable local candidates and closing an unsynced practice requires explicit retention (13.3s)
2026-09-15T07:49:41.5980141Z   ✓  43 ../../tests/e2e/provider-settings.spec.ts:53:1 › real settings persist control configuration and temporary secrets without claiming production generation (5.8s)
2026-09-15T07:49:49.7137439Z   ✓  44 ../../tests/e2e/provider-settings.spec.ts:84:1 › real config lost ACK restores the original command after browser/API restart and reads later current state separately (8.1s)
2026-09-15T07:50:02.6739990Z   ✘  45 ../../tests/e2e/provider-settings.spec.ts:112:1 › actual independent assessment policy keeps settings controls available and denies subject consent reads (12.9s)
2026-09-15T07:50:15.4748095Z   ✓  46 ../../tests/e2e/reader-conflict-layout.spec.ts:97:1 › real session conflict preserves the scrolled submitted explanation and requires an explicit comparison choice (12.3s)
2026-09-15T07:50:24.2740854Z   ✓  47 ../../tests/e2e/reader-conflict-layout.spec.ts:178:1 › real session conflict keeps the same enabled assessment input focused and visible in the shortened reader (8.8s)
2026-09-15T07:50:36.8259158Z   ✓  48 ../../tests/e2e/reader-restart.spec.ts:13:1 › actual browser close and API process restart retain imported references, notes, progress and Reader position (12.5s)
2026-09-15T07:50:44.4880901Z   ✓  49 ../../tests/e2e/reader.spec.ts:32:1 › real imported directory, title search, worked-example link, long formula and frozen original download (7.4s)
2026-09-15T07:50:51.1901767Z   ✓  50 ../../tests/e2e/reader.spec.ts:66:1 › second repeated rendered selection preserves exact source codepoints, saves note, edits and soft deletes (6.7s)
2026-09-15T07:50:56.5034575Z   ✓  51 ../../tests/e2e/reader.spec.ts:97:1 › native source keyboard selection creates exact Markdown codepoints without rendered-text guessing (5.3s)
2026-09-15T07:51:04.7851377Z   ✓  52 ../../tests/e2e/reader.spec.ts:122:1 › offline local note recovery and a real concurrent server revision show three-way comparison before CAS save (8.3s)
2026-09-15T07:51:14.4657330Z   ✓  53 ../../tests/e2e/reader.spec.ts:170:1 › historical course revisions stay in separate exact tabs and hash-mismatched links preserve unresolved reference (9.7s)
2026-09-15T07:51:27.6723121Z 
2026-09-15T07:51:27.6737053Z   ✓  54 ../../tests/e2e/reader.spec.ts:202:1 › a private original authorized before a cross-profile role decrease cannot trigger a late browser download (13.2s)
2026-09-15T07:51:39.3704741Z   ✓  55 ../../tests/e2e/recommendations.spec.ts:56:1 › real recommendation decisions recover a lost ACK across browser and API restart without rewriting later decisions or learning facts (11.7s)
2026-09-15T07:51:50.1789654Z   ✓  56 ../../tests/e2e/recommendations.spec.ts:90:1 › real local suggestions cover another imported textbook and open its complete original refs independently of acceptance (10.8s)
2026-09-15T07:52:01.1543424Z   ✓  57 ../../tests/e2e/recommendations.spec.ts:110:1 › real offline and stale decision candidates require explicit 412 correction and current independent policy hides delayed subject sources (11.0s)
2026-09-15T07:52:09.5423253Z   ✓  58 ../../tests/e2e/recommendations.spec.ts:151:1 › a controlled archived fixture makes the real historical recommendation stale and its formerly current UI cannot open the old target (8.4s)
2026-09-15T07:52:18.5073541Z   ✓  59 ../../tests/e2e/responsive-layout.spec.ts:43:1 › narrow layout and submitted explanation remain visible before React resize listeners run (8.9s)
2026-09-15T07:52:34.5725653Z   ✓  60 ../../tests/e2e/review.spec.ts:35:1 › real history and exact material review preserve original submitted text, null scores and a selected old revision after reload (16.0s)
2026-09-15T07:52:48.8459236Z   ✓  61 ../../tests/e2e/review.spec.ts:76:1 › a delayed old review response cannot restore history or academic context after another page starts a real independent attempt (14.3s)
2026-09-15T07:52:52.7576211Z   ✓  62 ../../tests/e2e/route-draft-input.spec.ts:9:60 › native route goal input survives its own initial draft save_first delivery after focus (3.9s)
2026-09-15T07:52:56.7097607Z   ✓  63 ../../tests/e2e/route-draft-input.spec.ts:9:60 › native route goal input survives its own initial draft load_first delivery after focus (3.9s)
2026-09-15T07:53:04.4645107Z   ✓  64 ../../tests/e2e/routes.spec.ts:10:1 › real route creation, reminder, manual false, reordered revision and exact target navigation preserve history (7.7s)
2026-09-15T07:53:08.5275166Z   ✓  65 ../../tests/e2e/workbench-initial-recovery.spec.ts:6:3 › initial workbench recovery keeps the saved lesson and waits for the real session at 1440px (4.0s)
2026-09-15T07:53:13.7014369Z   ✓  66 ../../tests/e2e/workbench-initial-recovery.spec.ts:6:3 › initial workbench recovery keeps the saved lesson and waits for the real session at 390px (5.2s)
2026-09-15T07:53:16.1096246Z   ✓  67 ../../tests/e2e/workbench.spec.ts:5:1 › empty workspace, native bootstrap, four fixed navigation and truthful auxiliary states (2.4s)
2026-09-15T07:53:19.9788695Z   ✓  68 ../../tests/e2e/workbench.spec.ts:22:1 › real keyboard and mouse resize, native drawers, focus return and restored layout (3.8s)
2026-09-15T07:53:25.4815877Z   ✓  69 ../../tests/e2e/workbench.spec.ts:43:1 › object drafts survive preview switches, close choice and browser reload without fake sending (5.5s)
2026-09-15T07:53:34.0546577Z   ✓  70 ../../tests/e2e/workbench.spec.ts:60:1 › server CAS conflict is visible, local object drafts survive and explicit readback recovers (8.6s)
2026-09-15T07:53:39.2464239Z   ✓  71 ../../tests/e2e/workbench.spec.ts:73:1 › offline pending UI is restored after actual connection recovery (5.2s)
2026-09-15T07:53:43.3934084Z   ✓  72 ../../tests/e2e/workbench.spec.ts:85:1 › actual MathJax, no runtime errors, long formula local scrolling, all screenshot sizes (4.1s)
2026-09-15T07:53:50.7434262Z   ✓  73 ../../tests/e2e/workbench.spec.ts:112:1 › two browser pages keep drafts for different objects in native IndexedDB (7.3s)
2026-09-15T07:53:54.3271648Z   ✓  74 ../../tests/e2e/workbench.spec.ts:130:1 › exact reference mismatch stays unresolved and preserves the original snapshot (3.6s)
2026-09-15T07:54:00.1867212Z   ✓  75 ../../tests/e2e/workbench.spec.ts:147:1 › cold lazy renderer restores saved reading offset after the content is ready (5.8s)
2026-09-15T07:54:08.4308587Z   ✓  76 ../../tests/e2e/workbench.spec.ts:167:1 › native concurrent same-object transactions preserve both candidates and expose explicit recovery (8.2s)
2026-09-15T07:54:13.4040134Z   ✓  77 ../../tests/e2e/workbench.spec.ts:200:1 › directory history restores the current course and navigation entry (5.0s)
2026-09-15T07:54:17.6914434Z   ✓  78 ../../tests/e2e/workbench.spec.ts:212:1 › UI cache quota failure stays visibly unsaved until the real server acknowledges (4.3s)
2026-09-15T07:54:21.7605283Z   ✓  79 ../../tests/e2e/workbench.spec.ts:229:1 › offline UI candidates from two pages remain separate on reload (4.0s)
2026-09-15T07:54:29.4528808Z   ✓  80 ../../tests/e2e/workbench.spec.ts:250:1 › quota-only memory candidate with a changed server baseline shows three-way comparison before explicit CAS (7.7s)
2026-09-15T07:54:34.9679819Z   ✓  81 ../../tests/e2e/workbench.spec.ts:283:1 › per-object details and focus survive A to B to A and browser reload after lazy content readiness (5.5s)
2026-09-15T07:54:38.9220898Z   ✓  82 ../../tests/e2e/workbench.spec.ts:302:1 › first unsent-draft conflict shows original, local and stored text before any reload or choice (3.9s)
2026-09-15T07:54:44.2994543Z   ✓  83 ../../tests/e2e/workbench.spec.ts:332:1 › route directory stays honestly empty and continue reading restores the exact last lesson (5.4s)
2026-09-15T07:54:48.1224044Z   ✓  84 ../../tests/e2e/workbench.spec.ts:354:1 › native keyboard selection updates frozen-reference preview and ambiguous source matches are refused (3.8s)
2026-09-15T07:54:52.8848230Z   ✓  85 ../../tests/e2e/zoom.spec.ts:5:1 › real browser 200 percent zoom reflows CSS width through Chrome appearance setting (4.7s)
2026-09-15T07:54:53.0179988Z 
2026-09-15T07:54:53.0186325Z 
2026-09-15T07:54:53.0196233Z   1) ../../tests/e2e/provider-settings.spec.ts:112:1 › actual independent assessment policy keeps settings controls available and denies subject consent reads 
2026-09-15T07:54:53.0197482Z 
2026-09-15T07:54:53.0197829Z     Error: expect(locator).toBeVisible() failed
2026-09-15T07:54:53.0198235Z 
2026-09-15T07:54:53.0199387Z     Locator: getByRole('dialog', { name: '设置', exact: true }).getByText('原秘密命令已确认 · r3 · 当时无引用。当前状态另行回读。', { exact: true })
2026-09-15T07:54:53.0200323Z     Expected: visible
2026-09-15T07:54:53.0200745Z     Timeout: 5000ms
2026-09-15T07:54:53.0201204Z     Error: element(s) not found
2026-09-15T07:54:53.0201529Z 
2026-09-15T07:54:53.0201694Z     Call log:
2026-09-15T07:54:53.0203446Z       - Expect "toBeVisible" getByRole('dialog', { name: '设置', exact: true }).getByText('原秘密命令已确认 · r3 · 当时无引用。当前状态另行回读。', { exact: true }) with timeout 5000ms
2026-09-15T07:54:53.0205415Z       - waiting for getByRole('dialog', { name: '设置', exact: true }).getByText('原秘密命令已确认 · r3 · 当时无引用。当前状态另行回读。', { exact: true })
2026-09-15T07:54:53.0206287Z 
2026-09-15T07:54:53.0206300Z 
2026-09-15T07:54:53.0207019Z       134 |     const rejected = await page.request.get('/api/v1/consents'); expect(rejected.status()).toBe(409)
2026-09-15T07:54:53.0209164Z       135 |     await createConfig(page, dialog, id); await dialog.getByLabel('新秘密', { exact: true }).fill('synthetic-independent-control-only'); await dialog.getByRole('button', { name: '保存秘密', exact: true }).click(); await expect(dialog.getByText('原秘密命令已确认 · r2 · 当时有引用。当前状态另行回读。', { exact: true })).toBeVisible()
2026-09-15T07:54:53.0211163Z     > 136 |     await dialog.getByRole('button', { name: '删除秘密引用', exact: true }).click(); await expect(dialog.getByText('原秘密命令已确认 · r3 · 当时无引用。当前状态另行回读。', { exact: true })).toBeVisible()
2026-09-15T07:54:53.0212517Z           |                                                                                                                                                                   ^
2026-09-15T07:54:53.0213713Z       137 |     await expect(dialog.getByRole('region', { name: '冻结外发摘要', exact: true })).toHaveCount(0); expect(errors).toEqual([])
2026-09-15T07:54:53.0217333Z       138 |     writeFileSync(info.outputPath('actual-provider-independent-controls.json'), JSON.stringify({ scope: 'Real author package import with unreviewed reference bindings, explicit return to learner role, and actual independent unscored attempt; actual config and secret controls remain available while subject consent GET is denied. No injected consent, generation job, score, proof or provider dispatch.', authenticated_role: identity.role, attempt_id: attempt.id, attempt_status: attempt.status, attempt_policy: attempt.policy, grading_status: attempt.grading_status, preflight: attempt.preflight, consent_read_status: rejected.status(), config_revision_after_secret_delete: 3, subject_summary_visible: false, runtime_errors: errors }, null, 2))
2026-09-15T07:54:53.0221115Z       139 |   } finally { await runtime.close() }
2026-09-15T07:54:53.0223903Z         at <RUNNER_WORKSPACE>/tests/e2e/provider-settings.spec.ts:136:163
2026-09-15T07:54:53.0224711Z 
2026-09-15T07:54:53.0225567Z     Error Context: ../../.local_data/e2e-results/provider-settings-actual-i-43f0d-enies-subject-consent-reads/error-context.md
2026-09-15T07:54:53.0226552Z 
2026-09-15T07:54:53.0226700Z   1 failed
2026-09-15T07:54:53.0227908Z     ../../tests/e2e/provider-settings.spec.ts:112:1 › actual independent assessment policy keeps settings controls available and denies subject consent reads 
2026-09-15T07:54:53.0228625Z   84 passed (11.9m)
2026-09-15T07:54:53.0470598Z make: *** [Makefile:32: test-e2e] Error 1
2026-09-15T07:54:53.0486579Z ##[error]Process completed with exit code 2.
2026-09-15T07:54:53.0621018Z Post job cleanup.
2026-09-15T07:54:53.1505088Z [command]/usr/bin/git version
2026-09-15T07:54:53.1554828Z git version 2.55.0
2026-09-15T07:54:53.1591760Z Temporarily overriding HOME='<RUNNER_HOME>/work/_temp/6ba8ae05-84c3-4286-b0b4-b4cc95616572' before making global git config changes
2026-09-15T07:54:53.1593760Z Adding repository directory to the temporary git global config as a safe directory
2026-09-15T07:54:53.1597458Z [command]/usr/bin/git config --global --add safe.directory <RUNNER_WORKSPACE>
2026-09-15T07:54:53.1633389Z Removing SSH command configuration
2026-09-15T07:54:53.1639910Z [command]/usr/bin/git config --local --name-only --get-regexp core\.sshCommand
2026-09-15T07:54:53.1681032Z [command]/usr/bin/git submodule foreach --recursive sh -c "git config --local --name-only --get-regexp 'core\.sshCommand' && git config --local --unset-all 'core.sshCommand' || :"
2026-09-15T07:54:53.1991749Z Removing HTTP extra header
2026-09-15T07:54:53.1998643Z [command]/usr/bin/git config --local --name-only --get-regexp http\.https\:\/\/github\.com\/\.extraheader
2026-09-15T07:54:53.2052338Z [command]/usr/bin/git submodule foreach --recursive sh -c "git config --local --name-only --get-regexp 'http\.https\:\/\/github\.com\/\.extraheader' && git config --local --unset-all 'http.https://github.com/.extraheader' || :"
2026-09-15T07:54:53.2364802Z Removing includeIf entries pointing to credentials config files
2026-09-15T07:54:53.2371010Z [command]/usr/bin/git config --local --name-only --get-regexp ^includeIf\.gitdir:
2026-09-15T07:54:53.2402266Z includeif.gitdir:<RUNNER_WORKSPACE>/.git.path
2026-09-15T07:54:53.2403835Z includeif.gitdir:<RUNNER_WORKSPACE>/.git/worktrees/*.path
2026-09-15T07:54:53.2415607Z includeif.gitdir:/github/workspace/.git.path
2026-09-15T07:54:53.2416672Z includeif.gitdir:/github/workspace/.git/worktrees/*.path
2026-09-15T07:54:53.2419396Z [command]/usr/bin/git config --local --get-all includeif.gitdir:<RUNNER_WORKSPACE>/.git.path
2026-09-15T07:54:53.2441306Z <RUNNER_HOME>/work/_temp/git-credentials-8b6205cf-ac43-42d3-a643-f0fd488a6f0a.config
2026-09-15T07:54:53.2452892Z [command]/usr/bin/git config --local --unset includeif.gitdir:<RUNNER_WORKSPACE>/.git.path \/home\/runner\/work\/_temp\/git\-credentials\-8b6205cf\-ac43\-42d3\-a643\-f0fd488a6f0a\.config
2026-09-15T07:54:53.2503963Z [command]/usr/bin/git config --local --get-all includeif.gitdir:<RUNNER_WORKSPACE>/.git/worktrees/*.path
2026-09-15T07:54:53.2530984Z <RUNNER_HOME>/work/_temp/git-credentials-8b6205cf-ac43-42d3-a643-f0fd488a6f0a.config
2026-09-15T07:54:53.2541756Z [command]/usr/bin/git config --local --unset includeif.gitdir:<RUNNER_WORKSPACE>/.git/worktrees/*.path \/home\/runner\/work\/_temp\/git\-credentials\-8b6205cf\-ac43\-42d3\-a643\-f0fd488a6f0a\.config
2026-09-15T07:54:53.2584337Z [command]/usr/bin/git config --local --get-all includeif.gitdir:/github/workspace/.git.path
2026-09-15T07:54:53.2623035Z /github/runner_temp/git-credentials-8b6205cf-ac43-42d3-a643-f0fd488a6f0a.config
2026-09-15T07:54:53.2626329Z [command]/usr/bin/git config --local --unset includeif.gitdir:/github/workspace/.git.path \/github\/runner_temp\/git\-credentials\-8b6205cf\-ac43\-42d3\-a643\-f0fd488a6f0a\.config
2026-09-15T07:54:53.2661117Z [command]/usr/bin/git config --local --get-all includeif.gitdir:/github/workspace/.git/worktrees/*.path
2026-09-15T07:54:53.2687282Z /github/runner_temp/git-credentials-8b6205cf-ac43-42d3-a643-f0fd488a6f0a.config
2026-09-15T07:54:53.2696074Z [command]/usr/bin/git config --local --unset includeif.gitdir:/github/workspace/.git/worktrees/*.path \/github\/runner_temp\/git\-credentials\-8b6205cf\-ac43\-42d3\-a643\-f0fd488a6f0a\.config
2026-09-15T07:54:53.2734217Z [command]/usr/bin/git submodule foreach --recursive git config --local --show-origin --name-only --get-regexp remote.origin.url
2026-09-15T07:54:53.3022746Z Removing credentials config '<RUNNER_HOME>/work/_temp/git-credentials-8b6205cf-ac43-42d3-a643-f0fd488a6f0a.config'
2026-09-15T07:54:53.3177779Z Cleaning up orphan processes
