2026-09-15T07:42:05.0321910Z Current runner version: '2.337.0'
2026-09-15T07:42:05.0342067Z ##[group]Runner Image Provisioner
2026-09-15T07:42:05.0342794Z Hosted Compute Agent
2026-09-15T07:42:05.0343310Z Version: 20260828.587
2026-09-15T07:42:05.0343842Z Commit: abac92662cab4cc7352de4f9f9d2e2419aad9c29
2026-09-15T07:42:05.0344414Z Build Date: 2026-08-28T16:44:25Z
2026-09-15T07:42:05.0344983Z Worker ID: {fee472e4-5d64-44fd-8491-9b343734bde4}
2026-09-15T07:42:05.0345536Z Azure Region: centralus
2026-09-15T07:42:05.0345991Z ##[endgroup]
2026-09-15T07:42:05.0347067Z ##[group]Operating System
2026-09-15T07:42:05.0347531Z Ubuntu
2026-09-15T07:42:05.0347978Z 24.04.5
2026-09-15T07:42:05.0348380Z LTS
2026-09-15T07:42:05.0348786Z ##[endgroup]
2026-09-15T07:42:05.0349243Z ##[group]Runner Image
2026-09-15T07:42:05.0349897Z Image: ubuntu-24.04
2026-09-15T07:42:05.0350410Z Version: 20260907.300.1
2026-09-15T07:42:05.0351414Z Included Software: https://github.com/actions/runner-images/blob/ubuntu24/20260907.300/images/ubuntu/Ubuntu2404-Readme.md
2026-09-15T07:42:05.0352657Z Image Release: https://github.com/actions/runner-images/releases/tag/ubuntu24%2F20260907.300
2026-09-15T07:42:05.0353402Z ##[endgroup]
2026-09-15T07:42:05.0354283Z ##[group]GITHUB_TOKEN Permissions
2026-09-15T07:42:05.0356171Z Contents: read
2026-09-15T07:42:05.0356667Z Metadata: read
2026-09-15T07:42:05.0357142Z ##[endgroup]
2026-09-15T07:42:05.0358787Z Secret source: Actions
2026-09-15T07:42:05.0359504Z Cache mode: write
2026-09-15T07:42:05.0360295Z Prepare workflow directory
2026-09-15T07:42:05.0643939Z Prepare all required actions
2026-09-15T07:42:05.0694314Z Getting action download info
2026-09-15T07:42:05.2811924Z Download action repository 'actions/checkout@3d3c42e5aac5ba805825da76410c181273ba90b1' (SHA:3d3c42e5aac5ba805825da76410c181273ba90b1)
2026-09-15T07:42:05.5481408Z Download action repository 'actions/setup-node@820762786026740c76f36085b0efc47a31fe5020' (SHA:820762786026740c76f36085b0efc47a31fe5020)
2026-09-15T07:42:05.7262063Z Complete job name: frontend
2026-09-15T07:42:05.7814990Z ##[group]Run actions/checkout@3d3c42e5aac5ba805825da76410c181273ba90b1
2026-09-15T07:42:05.7815819Z with:
2026-09-15T07:42:05.7816294Z   repository: kl3574/Learning_Workbench
2026-09-15T07:42:05.7819898Z   token: ***
2026-09-15T07:42:05.7820321Z   ssh-strict: true
2026-09-15T07:42:05.7820781Z   ssh-user: git
2026-09-15T07:42:05.7821214Z   persist-credentials: true
2026-09-15T07:42:05.7821666Z   clean: true
2026-09-15T07:42:05.7822102Z   sparse-checkout-cone-mode: true
2026-09-15T07:42:05.7822602Z   fetch-depth: 1
2026-09-15T07:42:05.7823054Z   fetch-tags: false
2026-09-15T07:42:05.7823492Z   show-progress: true
2026-09-15T07:42:05.7823905Z   lfs: false
2026-09-15T07:42:05.7824337Z   submodules: false
2026-09-15T07:42:05.7824757Z   set-safe-directory: true
2026-09-15T07:42:05.7825227Z   allow-unsafe-pr-checkout: false
2026-09-15T07:42:05.7825887Z ##[endgroup]
2026-09-15T07:42:05.8581574Z Syncing repository: kl3574/Learning_Workbench
2026-09-15T07:42:05.8583834Z ##[group]Getting Git version info
2026-09-15T07:42:05.8584787Z Working directory is '<RUNNER_WORKSPACE>'
2026-09-15T07:42:05.8586090Z [command]/usr/bin/git version
2026-09-15T07:42:05.8598973Z git version 2.55.0
2026-09-15T07:42:05.8612362Z ##[endgroup]
2026-09-15T07:42:05.8618816Z Temporarily overriding HOME='<RUNNER_HOME>/work/_temp/d68c1348-a5f5-4c6b-a313-0f79362fb122' before making global git config changes
2026-09-15T07:42:05.8621267Z Adding repository directory to the temporary git global config as a safe directory
2026-09-15T07:42:05.8623126Z [command]/usr/bin/git config --global --add safe.directory <RUNNER_WORKSPACE>
2026-09-15T07:42:05.8658443Z Deleting the contents of '<RUNNER_WORKSPACE>'
2026-09-15T07:42:05.8661269Z ##[group]Determining repository object format
2026-09-15T07:42:05.8665187Z ##[endgroup]
2026-09-15T07:42:05.8665972Z ##[group]Initializing the repository
2026-09-15T07:42:05.8666885Z [command]/usr/bin/git init <RUNNER_WORKSPACE>
2026-09-15T07:42:05.9086233Z hint: Using 'master' as the name for the initial branch. This default branch name
2026-09-15T07:42:05.9087976Z hint: will change to "main" in Git 3.0. To configure the initial branch name
2026-09-15T07:42:05.9089865Z hint: to use in all of your new repositories, which will suppress this warning,
2026-09-15T07:42:05.9091202Z hint: call:
2026-09-15T07:42:05.9091817Z hint:
2026-09-15T07:42:05.9092401Z hint: 	git config --global init.defaultBranch <name>
2026-09-15T07:42:05.9093261Z hint:
2026-09-15T07:42:05.9094062Z hint: Names commonly chosen instead of 'master' are 'main', 'trunk' and
2026-09-15T07:42:05.9095000Z hint: 'development'. The just-created branch can be renamed via this command:
2026-09-15T07:42:05.9096073Z hint:
2026-09-15T07:42:05.9096676Z hint: 	git branch -m <name>
2026-09-15T07:42:05.9097394Z hint:
2026-09-15T07:42:05.9098294Z hint: Disable this message with "git config set advice.defaultBranchName false"
2026-09-15T07:42:05.9099887Z Initialized empty Git repository in <RUNNER_WORKSPACE>/.git/
2026-09-15T07:42:05.9105006Z [command]/usr/bin/git remote add origin https://github.com/kl3574/Learning_Workbench
2026-09-15T07:42:05.9144457Z ##[endgroup]
2026-09-15T07:42:05.9145446Z ##[group]Disabling automatic garbage collection
2026-09-15T07:42:05.9146706Z [command]/usr/bin/git config --local gc.auto 0
2026-09-15T07:42:05.9172447Z ##[endgroup]
2026-09-15T07:42:05.9173445Z ##[group]Setting up auth
2026-09-15T07:42:05.9174104Z Removing SSH command configuration
2026-09-15T07:42:05.9180908Z [command]/usr/bin/git config --local --name-only --get-regexp core\.sshCommand
2026-09-15T07:42:05.9204828Z [command]/usr/bin/git submodule foreach --recursive sh -c "git config --local --name-only --get-regexp 'core\.sshCommand' && git config --local --unset-all 'core.sshCommand' || :"
2026-09-15T07:42:05.9469172Z Removing HTTP extra header
2026-09-15T07:42:05.9474321Z [command]/usr/bin/git config --local --name-only --get-regexp http\.https\:\/\/github\.com\/\.extraheader
2026-09-15T07:42:05.9498443Z [command]/usr/bin/git submodule foreach --recursive sh -c "git config --local --name-only --get-regexp 'http\.https\:\/\/github\.com\/\.extraheader' && git config --local --unset-all 'http.https://github.com/.extraheader' || :"
2026-09-15T07:42:05.9638608Z Removing includeIf entries pointing to credentials config files
2026-09-15T07:42:05.9643638Z [command]/usr/bin/git config --local --name-only --get-regexp ^includeIf\.gitdir:
2026-09-15T07:42:05.9667181Z [command]/usr/bin/git submodule foreach --recursive git config --local --show-origin --name-only --get-regexp remote.origin.url
2026-09-15T07:42:05.9808621Z [command]/usr/bin/git config --file <RUNNER_HOME>/work/_temp/git-credentials-aad4a858-e523-439c-b3b0-2a5ed27e2276.config http.https://github.com/.extraheader AUTHORIZATION: basic ***
2026-09-15T07:42:05.9834101Z [command]/usr/bin/git config --local includeIf.gitdir:<RUNNER_WORKSPACE>/.git.path <RUNNER_HOME>/work/_temp/git-credentials-aad4a858-e523-439c-b3b0-2a5ed27e2276.config
2026-09-15T07:42:05.9857654Z [command]/usr/bin/git config --local includeIf.gitdir:<RUNNER_WORKSPACE>/.git/worktrees/*.path <RUNNER_HOME>/work/_temp/git-credentials-aad4a858-e523-439c-b3b0-2a5ed27e2276.config
2026-09-15T07:42:05.9882904Z [command]/usr/bin/git config --local includeIf.gitdir:/github/workspace/.git.path /github/runner_temp/git-credentials-aad4a858-e523-439c-b3b0-2a5ed27e2276.config
2026-09-15T07:42:06.0218221Z [command]/usr/bin/git config --local includeIf.gitdir:/github/workspace/.git/worktrees/*.path /github/runner_temp/git-credentials-aad4a858-e523-439c-b3b0-2a5ed27e2276.config
2026-09-15T07:42:06.0238730Z ##[endgroup]
2026-09-15T07:42:06.0239967Z ##[group]Fetching the repository
2026-09-15T07:42:06.0244985Z [command]/usr/bin/git -c protocol.version=2 fetch --no-tags --prune --no-recurse-submodules --depth=1 origin +eb719dfd20a4e6b848abc6a0147dfd0e966a892c:refs/remotes/pull/49/merge
2026-09-15T07:42:09.1457581Z From https://github.com/kl3574/Learning_Workbench
2026-09-15T07:42:09.1460031Z  * [new ref]         eb719dfd20a4e6b848abc6a0147dfd0e966a892c -> pull/49/merge
2026-09-15T07:42:09.1464069Z ##[endgroup]
2026-09-15T07:42:09.1465325Z ##[group]Determining the checkout info
2026-09-15T07:42:09.1466674Z ##[endgroup]
2026-09-15T07:42:09.1467551Z [command]/usr/bin/git sparse-checkout disable
2026-09-15T07:42:09.1504697Z [command]/usr/bin/git config --local --unset-all extensions.worktreeConfig
2026-09-15T07:42:09.1529715Z ##[group]Checking out the ref
2026-09-15T07:42:09.1532141Z [command]/usr/bin/git checkout --progress --force refs/remotes/pull/49/merge
2026-09-15T07:42:09.4409771Z Note: switching to 'refs/remotes/pull/49/merge'.
2026-09-15T07:42:09.4411290Z 
2026-09-15T07:42:09.4412270Z You are in 'detached HEAD' state. You can look around, make experimental
2026-09-15T07:42:09.4414883Z changes and commit them, and you can discard any commits you make in this
2026-09-15T07:42:09.4417046Z state without impacting any branches by switching back to a branch.
2026-09-15T07:42:09.4418218Z 
2026-09-15T07:42:09.4420652Z If you want to create a new branch to retain commits you create, you may
2026-09-15T07:42:09.4422600Z do so (now or later) by using -c with the switch command. Example:
2026-09-15T07:42:09.4423684Z 
2026-09-15T07:42:09.4424241Z   git switch -c <new-branch-name>
2026-09-15T07:42:09.4425037Z 
2026-09-15T07:42:09.4425719Z Or undo this operation with:
2026-09-15T07:42:09.4426578Z 
2026-09-15T07:42:09.4427123Z   git switch -
2026-09-15T07:42:09.4427896Z 
2026-09-15T07:42:09.4428869Z Turn off this advice by setting config variable advice.detachedHead to false
2026-09-15T07:42:09.4430473Z 
2026-09-15T07:42:09.4432088Z HEAD is now at eb719df Merge e4807e97661147e243c2d40f65d8d4fb5af79a82 into 4ed8ea9244cafdad955f24a8d6ae699c82577779
2026-09-15T07:42:09.4437130Z ##[endgroup]
2026-09-15T07:42:09.4461235Z [command]/usr/bin/git log -1 --format=%H
2026-09-15T07:42:09.4481245Z eb719dfd20a4e6b848abc6a0147dfd0e966a892c
2026-09-15T07:42:09.4793403Z ##[group]Run actions/setup-node@820762786026740c76f36085b0efc47a31fe5020
2026-09-15T07:42:09.4794694Z with:
2026-09-15T07:42:09.4795448Z   node-version: 24.21.0
2026-09-15T07:42:09.4796297Z   cache: npm
2026-09-15T07:42:09.4797156Z   cache-dependency-path: apps/web/package-lock.json
2026-09-15T07:42:09.4798295Z   check-latest: false
2026-09-15T07:42:09.4806105Z   token: ***
2026-09-15T07:42:09.4806983Z   package-manager-cache: true
2026-09-15T07:42:09.4807875Z ##[endgroup]
2026-09-15T07:42:09.5776471Z Attempting to download 24.21.0...
2026-09-15T07:42:10.3358235Z Acquiring 24.21.0 - x64 from https://github.com/actions/node-versions/releases/download/24.21.0-34304089047/node-24.21.0-linux-x64.tar.gz
2026-09-15T07:42:10.9202628Z Extracting ...
2026-09-15T07:42:10.9294666Z [command]/usr/bin/tar xz --strip 1 --warning=no-unknown-keyword --overwrite -C <RUNNER_HOME>/work/_temp/34ae75c5-73ee-4071-b102-bd8f82e8c15a -f <RUNNER_HOME>/work/_temp/d119fe85-22da-4a33-b8c6-9bc849ebdebf
2026-09-15T07:42:11.9446837Z Adding to the cache ...
2026-09-15T07:42:13.9645957Z ##[group]Environment details
2026-09-15T07:42:14.1724504Z node: v24.21.0
2026-09-15T07:42:14.1724935Z npm: 11.19.0
2026-09-15T07:42:14.1725179Z yarn: 1.22.22
2026-09-15T07:42:14.1725795Z ##[endgroup]
2026-09-15T07:42:14.1738134Z [command]/opt/hostedtoolcache/node/24.21.0/x64/bin/npm config get cache
2026-09-15T07:42:14.2386075Z <RUNNER_HOME>/.npm
2026-09-15T07:42:14.4014408Z Cache hit for: node-cache-Linux-x64-npm-88346c344be99637313526bac40be213d9ff7980d5ac890cfb906fdfb94cb22b
2026-09-15T07:42:15.3745916Z Received 75880307 of 75880307 (100.0%), 86.1 MBs/sec
2026-09-15T07:42:15.3746636Z Cache Size: ~72 MB (75880307 B)
2026-09-15T07:42:15.3777824Z [command]/usr/bin/tar -xf <RUNNER_HOME>/work/_temp/18ca1ecb-fa21-430f-b6cb-dcc4d8e56624/cache.tzst -P -C <RUNNER_WORKSPACE> --use-compress-program unzstd
2026-09-15T07:42:15.4604467Z Cache restored successfully
2026-09-15T07:42:15.4635494Z Cache restored from key: node-cache-Linux-x64-npm-88346c344be99637313526bac40be213d9ff7980d5ac890cfb906fdfb94cb22b
2026-09-15T07:42:15.4791138Z ##[group]Run npm ci --prefix apps/web
2026-09-15T07:42:15.4791504Z [36;1mnpm ci --prefix apps/web[0m
2026-09-15T07:42:15.4816732Z shell: /usr/bin/bash -e {0}
2026-09-15T07:42:15.4817072Z ##[endgroup]
2026-09-15T07:42:19.5403953Z 
2026-09-15T07:42:19.5410281Z added 236 packages, and audited 237 packages in 4s
2026-09-15T07:42:19.5410644Z 
2026-09-15T07:42:19.5411012Z 118 packages are looking for funding
2026-09-15T07:42:19.5411327Z   run `npm fund` for details
2026-09-15T07:42:19.5412517Z 
2026-09-15T07:42:19.5412826Z found 0 vulnerabilities
2026-09-15T07:42:19.5716474Z ##[group]Run npm --prefix apps/web run lint
2026-09-15T07:42:19.5716857Z [36;1mnpm --prefix apps/web run lint[0m
2026-09-15T07:42:19.5735415Z shell: /usr/bin/bash -e {0}
2026-09-15T07:42:19.5735727Z ##[endgroup]
2026-09-15T07:42:19.6439131Z 
2026-09-15T07:42:19.6439915Z > @learning-workbench/web@0.1.0 lint
2026-09-15T07:42:19.6440501Z > tsc --noEmit --noUnusedLocals --noUnusedParameters
2026-09-15T07:42:19.6440738Z 
2026-09-15T07:42:20.2854152Z ##[group]Run npm --prefix apps/web run typecheck
2026-09-15T07:42:20.2854587Z [36;1mnpm --prefix apps/web run typecheck[0m
2026-09-15T07:42:20.2876158Z shell: /usr/bin/bash -e {0}
2026-09-15T07:42:20.2876515Z ##[endgroup]
2026-09-15T07:42:20.3686813Z 
2026-09-15T07:42:20.3687968Z > @learning-workbench/web@0.1.0 typecheck
2026-09-15T07:42:20.3688513Z > tsc --noEmit
2026-09-15T07:42:20.3689354Z 
2026-09-15T07:42:21.0707598Z ##[group]Run npm --prefix apps/web run test
2026-09-15T07:42:21.0707981Z [36;1mnpm --prefix apps/web run test[0m
2026-09-15T07:42:21.0729858Z shell: /usr/bin/bash -e {0}
2026-09-15T07:42:21.0730167Z ##[endgroup]
2026-09-15T07:42:21.1434579Z 
2026-09-15T07:42:21.1435516Z > @learning-workbench/web@0.1.0 test
2026-09-15T07:42:21.1436053Z > vitest run
2026-09-15T07:42:21.1436255Z 
2026-09-15T07:42:21.3593828Z 
2026-09-15T07:42:21.3602668Z [1m[30m[46m RUN [49m[39m[22m [36mv5.0.0 [39m[90m<RUNNER_WORKSPACE>/apps/web[39m
2026-09-15T07:42:21.3603332Z 
2026-09-15T07:42:22.7957815Z  [32m✓[39m src/shared/createResponseDraftJournal.test.tsx [2m([22m[2m4 tests[22m[2m)[22m[33m 718[2mms[22m[39m
2026-09-15T07:42:23.3660043Z  [32m✓[39m src/features/notes/useNoteDrafts.test.tsx [2m([22m[2m15 tests[22m[2m)[22m[33m 1275[2mms[22m[39m
2026-09-15T07:42:23.9209787Z  [32m✓[39m src/features/recommendations/useDecisions.test.tsx [2m([22m[2m11 tests[22m[2m)[22m[33m 1805[2mms[22m[39m
2026-09-15T07:42:25.1500632Z  [32m✓[39m src/features/learning/useProfile.test.tsx [2m([22m[2m8 tests[22m[2m)[22m[33m 1344[2mms[22m[39m
2026-09-15T07:42:25.1501713Z    [33m[2m✓[22m[39m a late acknowledged old command cannot erase a newer durable profile candidate after policy resume[33m 318[2mms[22m[39m
2026-09-15T07:42:25.5732233Z  [32m✓[39m src/features/reader/selection.test.ts [2m([22m[2m33 tests[22m[2m)[22m[32m 38[2mms[22m[39m
2026-09-15T07:42:25.5799239Z  [32m✓[39m src/features/practice/usePracticeSession.test.tsx [2m([22m[2m6 tests[22m[2m)[22m[33m 2350[2mms[22m[39m
2026-09-15T07:42:25.5801211Z    [33m[2m✓[22m[39m same hook identity change does not rebind or auto-save unsent A responses to B[33m 853[2mms[22m[39m
2026-09-15T07:42:25.5802754Z    [33m[2m✓[22m[39m explicit keep-local after remote submission retains the draft without a response PUT[33m 690[2mms[22m[39m
2026-09-15T07:42:25.5804025Z    [33m[2m✓[22m[39m keyed unmount with PUT in flight keeps both sessions separate and recovers A on return[33m 302[2mms[22m[39m
2026-09-15T07:42:25.6313686Z  [32m✓[39m src/features/providers/providerCommands.test.tsx [2m([22m[2m9 tests[22m[2m)[22m[33m 1193[2mms[22m[39m
2026-09-15T07:42:26.5105590Z  [32m✓[39m src/workbench/useWorkbenchRecovery.test.tsx [2m([22m[2m6 tests[22m[2m)[22m[32m 296[2mms[22m[39m
2026-09-15T07:42:26.9472551Z  [32m✓[39m src/features/recommendations/recommendations.test.tsx [2m([22m[2m7 tests[22m[2m)[22m[33m 653[2mms[22m[39m
2026-09-15T07:42:27.2130531Z  [32m✓[39m src/workbench/DraftStore.test.ts [2m([22m[2m9 tests[22m[2m)[22m[32m 127[2mms[22m[39m
2026-09-15T07:42:27.4996890Z  [32m✓[39m src/features/providers/ProviderSettings.test.tsx [2m([22m[2m7 tests[22m[2m)[22m[33m 1194[2mms[22m[39m
2026-09-15T07:42:27.5014344Z    [33m[2m✓[22m[39m config remains visibly separate from proof readiness and send needs a durable original command[33m 307[2mms[22m[39m
2026-09-15T07:42:27.5016650Z    [33m[2m✓[22m[39m reusable preview accepts a consumer-owned task but cannot manufacture a task or dispatch on approval[33m 416[2mms[22m[39m
2026-09-15T07:42:27.7365721Z  [32m✓[39m src/workbench/PreserveReaderViewport.test.tsx [2m([22m[2m11 tests[22m[2m)[22m[32m 218[2mms[22m[39m
2026-09-15T07:42:28.1868871Z  [32m✓[39m src/features/providers/providerSecret.test.tsx [2m([22m[2m5 tests[22m[2m)[22m[32m 34[2mms[22m[39m
2026-09-15T07:42:28.5360892Z  [32m✓[39m src/features/routes/RouteEditorDraftSequence.test.tsx [2m([22m[2m5 tests[22m[2m)[22m[33m 617[2mms[22m[39m
2026-09-15T07:42:29.1522605Z  [32m✓[39m src/features/routes/RouteEditor.test.tsx [2m([22m[2m2 tests[22m[2m)[22m[33m 446[2mms[22m[39m
2026-09-15T07:42:29.1524281Z    [33m[2m✓[22m[39m a route command in flight through an access change can recover its actual receipt after policy resumes[33m 301[2mms[22m[39m
2026-09-15T07:42:29.4798990Z  [32m✓[39m src/features/grading/useGradingResult.test.tsx [2m([22m[2m6 tests[22m[2m)[22m[33m 1106[2mms[22m[39m
2026-09-15T07:42:29.4801151Z    [33m[2m✓[22m[39m reads the actual job and polls its actual needs-review outcome without turning null into zero[33m 760[2mms[22m[39m
2026-09-15T07:42:29.4953811Z  [32m✓[39m src/features/grading/AssessmentResultRecovery.test.tsx [2m([22m[2m2 tests[22m[2m)[22m[33m 385[2mms[22m[39m
2026-09-15T07:42:29.6452439Z  [32m✓[39m src/workbench/model.test.ts [2m([22m[2m9 tests[22m[2m)[22m[32m 13[2mms[22m[39m
2026-09-15T07:42:30.0271203Z  [32m✓[39m src/features/providers/providerClient.test.ts [2m([22m[2m2 tests[22m[2m)[22m[32m 16[2mms[22m[39m
2026-09-15T07:42:30.0512289Z  [32m✓[39m src/features/assessment/assessmentClient.test.ts [2m([22m[2m4 tests[22m[2m)[22m[32m 7[2mms[22m[39m
2026-09-15T07:42:30.2520498Z  [32m✓[39m src/features/recommendations/useRecommendationNavigation.test.tsx [2m([22m[2m8 tests[22m[2m)[22m[32m 47[2mms[22m[39m
2026-09-15T07:42:30.5873525Z  [32m✓[39m src/features/learning/conceptModel.test.ts [2m([22m[2m4 tests[22m[2m)[22m[32m 6[2mms[22m[39m
2026-09-15T07:42:30.8025700Z  [32m✓[39m src/features/assessment/target.test.ts [2m([22m[2m5 tests[22m[2m)[22m[32m 13[2mms[22m[39m
2026-09-15T07:42:30.8377928Z  [32m✓[39m src/features/review/GradingHistory.test.tsx [2m([22m[2m3 tests[22m[2m)[22m[32m 216[2mms[22m[39m
2026-09-15T07:42:31.1907912Z  [32m✓[39m src/features/learning/profileDrafts.test.ts [2m([22m[2m4 tests[22m[2m)[22m[32m 9[2mms[22m[39m
2026-09-15T07:42:31.4003389Z  [32m✓[39m src/features/assessment/assessmentDrafts.test.ts [2m([22m[2m14 tests[22m[2m)[22m[32m 9[2mms[22m[39m
2026-09-15T07:42:31.6625969Z  [32m✓[39m src/features/imports/recovery.test.ts [2m([22m[2m12 tests[22m[2m)[22m[32m 18[2mms[22m[39m
2026-09-15T07:42:31.6811372Z  [32m✓[39m src/features/providers/providerReads.test.tsx [2m([22m[2m3 tests[22m[2m)[22m[32m 187[2mms[22m[39m
2026-09-15T07:42:31.8762865Z  [32m✓[39m src/features/grading/reviewDrafts.test.ts [2m([22m[2m5 tests[22m[2m)[22m[32m 7[2mms[22m[39m
2026-09-15T07:42:32.1286055Z  [32m✓[39m src/features/grading/gradingModel.test.ts [2m([22m[2m9 tests[22m[2m)[22m[32m 6[2mms[22m[39m
2026-09-15T07:42:32.2472535Z  [32m✓[39m src/features/practice/practiceDrafts.test.ts [2m([22m[2m11 tests[22m[2m)[22m[32m 14[2mms[22m[39m
2026-09-15T07:42:32.6209881Z  [32m✓[39m src/features/review/reviewModel.test.ts [2m([22m[2m4 tests[22m[2m)[22m[32m 8[2mms[22m[39m
2026-09-15T07:42:32.7596513Z  [32m✓[39m src/features/review/ReviewMaterialLinks.test.tsx [2m([22m[2m2 tests[22m[2m)[22m[32m 270[2mms[22m[39m
2026-09-15T07:42:33.1242228Z  [32m✓[39m src/features/notes/noteDrafts.test.ts [2m([22m[2m8 tests[22m[2m)[22m[32m 12[2mms[22m[39m
2026-09-15T07:42:33.1871861Z  [32m✓[39m src/workbench/DraftConflictPreview.test.tsx [2m([22m[2m3 tests[22m[2m)[22m[33m 304[2mms[22m[39m
2026-09-15T07:42:33.3127144Z  [32m✓[39m src/features/practice/target.test.ts [2m([22m[2m3 tests[22m[2m)[22m[32m 15[2mms[22m[39m
2026-09-15T07:42:33.7580722Z  [32m✓[39m src/features/imports/encoding.test.ts [2m([22m[2m9 tests[22m[2m)[22m[32m 8[2mms[22m[39m
2026-09-15T07:42:33.9114926Z  [32m✓[39m src/features/imports/SourceProvenance.test.tsx [2m([22m[2m4 tests[22m[2m)[22m[32m 43[2mms[22m[39m
2026-09-15T07:42:34.0503824Z  [32m✓[39m src/features/imports/FailedOriginal.test.tsx [2m([22m[2m3 tests[22m[2m)[22m[32m 252[2mms[22m[39m
2026-09-15T07:42:34.4793918Z  [32m✓[39m src/features/recommendations/recommendationClient.test.ts [2m([22m[2m2 tests[22m[2m)[22m[32m 7[2mms[22m[39m
2026-09-15T07:42:34.5332063Z  [32m✓[39m src/features/reader/navigation.test.ts [2m([22m[2m4 tests[22m[2m)[22m[32m 17[2mms[22m[39m
2026-09-15T07:42:34.6362074Z  [32m✓[39m src/features/imports/UploadForm.test.tsx [2m([22m[2m3 tests[22m[2m)[22m[32m 228[2mms[22m[39m
2026-09-15T07:42:35.0171158Z  [32m✓[39m src/workbench/selectionMerge.test.ts [2m([22m[2m3 tests[22m[2m)[22m[32m 3[2mms[22m[39m
2026-09-15T07:42:35.0686234Z  [32m✓[39m src/features/routes/routeDrafts.test.ts [2m([22m[2m2 tests[22m[2m)[22m[32m 6[2mms[22m[39m
2026-09-15T07:42:35.5067519Z  [32m✓[39m src/features/grading/useGradingReview.test.ts [2m([22m[2m11 tests[22m[2m)[22m[32m 5[2mms[22m[39m
2026-09-15T07:42:35.5746368Z  [32m✓[39m src/features/grading/GradingSummary.test.tsx [2m([22m[2m2 tests[22m[2m)[22m[33m 355[2mms[22m[39m
2026-09-15T07:42:35.5747629Z    [33m[2m✓[22m[39m pending score is displayed as unknown rather than zero or a mastery claim[33m 325[2mms[22m[39m
2026-09-15T07:42:35.9731768Z  [32m✓[39m src/shared/Markdown.test.tsx [2m([22m[2m3 tests[22m[2m)[22m[32m 87[2mms[22m[39m
2026-09-15T07:42:36.0374601Z  [32m✓[39m src/features/routes/completionDrafts.test.ts [2m([22m[2m2 tests[22m[2m)[22m[32m 3[2mms[22m[39m
2026-09-15T07:42:36.0822973Z  [32m✓[39m src/features/routes/target.test.ts [2m([22m[2m2 tests[22m[2m)[22m[32m 6[2mms[22m[39m
2026-09-15T07:42:36.5409830Z  [32m✓[39m src/features/fixture.test.ts [2m([22m[2m2 tests[22m[2m)[22m[32m 13[2mms[22m[39m
2026-09-15T07:42:36.7154179Z  [32m✓[39m src/features/imports/ReviewWarnings.test.tsx [2m([22m[2m2 tests[22m[2m)[22m[32m 124[2mms[22m[39m
2026-09-15T07:42:36.9415943Z  [32m✓[39m src/features/review/SubmittedResponse.test.tsx [2m([22m[2m1 test[22m[2m)[22m[33m 322[2mms[22m[39m
2026-09-15T07:42:36.9416810Z    [33m[2m✓[22m[39m renders the frozen submitted answer and original Unicode steps as inert text, with no editable response control[33m 322[2mms[22m[39m
2026-09-15T07:42:36.9449802Z 
2026-09-15T07:42:36.9454895Z [2m Test Files [22m [1m[32m52 passed[39m[22m[90m (52)[39m
2026-09-15T07:42:36.9455620Z [2m      Tests [22m [1m[32m314 passed[39m[22m[90m (314)[39m
2026-09-15T07:42:36.9456318Z [2m   Start at [22m 07:42:21
2026-09-15T07:42:36.9460059Z [2m   Duration [22m 15.58s[2m (environment 49%, tests 40%, import 7%, transform 3%, worker 1%)[22m
2026-09-15T07:42:36.9465011Z 
2026-09-15T07:42:36.9466052Z [2mEnvironment [22m [33mjsdom was created 52 times[39m[2m · 20.01s total, 49% of tracked time[22m
2026-09-15T07:42:36.9467422Z [2m            [22m [2mcreate it once per worker with [22m[33mpool: 'vmThreads'[39m[2m (keeps per-file isolation) or [22m[33misolate: false[39m[2m (shares it across files)[22m
2026-09-15T07:42:36.9468858Z [2m            [22m [2mlearn more: https://vitest.dev/guide/improving-performance#test-environments[22m
2026-09-15T07:42:36.9469390Z 
2026-09-15T07:42:36.9774936Z ##[group]Run make build
2026-09-15T07:42:36.9775259Z [36;1mmake build[0m
2026-09-15T07:42:36.9794571Z shell: /usr/bin/bash -e {0}
2026-09-15T07:42:36.9794910Z ##[endgroup]
2026-09-15T07:42:36.9851662Z bash scripts/node.sh npm --prefix apps/web run build
2026-09-15T07:42:37.0556897Z 
2026-09-15T07:42:37.0557726Z > @learning-workbench/web@0.1.0 build
2026-09-15T07:42:37.0558565Z > tsc --noEmit && vite build
2026-09-15T07:42:37.0558936Z 
2026-09-15T07:42:37.7635709Z [36mvite v8.3.0 [32mbuilding client environment for production...[36m[39m
2026-09-15T07:42:37.7719921Z transforming...
2026-09-15T07:42:37.9165634Z ✓ 709 modules transformed.
2026-09-15T07:42:37.9950649Z rendering chunks...
2026-09-15T07:42:38.1025539Z computing gzip size...
2026-09-15T07:42:38.1403731Z dist/index.html                       0.41 kB │ gzip:     0.32 kB
2026-09-15T07:42:38.1404636Z dist/assets/index-Czz-51KG.css       37.62 kB │ gzip:     8.00 kB
2026-09-15T07:42:38.1405514Z dist/assets/index-t1uFDpDm.js     1,018.91 kB │ gzip:   231.37 kB
2026-09-15T07:42:38.1406177Z dist/assets/Markdown-CGJtE-cT.js  2,939.32 kB │ gzip: 1,098.70 kB
2026-09-15T07:42:38.1406549Z 
2026-09-15T07:42:38.1406827Z [32m✓ built in 376ms[39m
2026-09-15T07:42:38.1411425Z [33m[plugin builtin:vite-reporter] 
2026-09-15T07:42:38.1412136Z (!) Some chunks are larger than 500 kB after minification. Consider:
2026-09-15T07:42:38.1412663Z - Using dynamic import() to code-split the application
2026-09-15T07:42:38.1413314Z - Use build.rolldownOptions.output.codeSplitting to improve chunking: https://rolldown.rs/reference/OutputOptions.codeSplitting
2026-09-15T07:42:38.1414090Z - Adjust chunk size limit for this warning via build.chunkSizeWarningLimit.[39m
2026-09-15T07:42:38.1667884Z Post job cleanup.
2026-09-15T07:42:38.2533029Z Cache hit occurred on the primary key node-cache-Linux-x64-npm-88346c344be99637313526bac40be213d9ff7980d5ac890cfb906fdfb94cb22b, not saving cache.
2026-09-15T07:42:38.2641518Z Post job cleanup.
2026-09-15T07:42:38.3280622Z [command]/usr/bin/git version
2026-09-15T07:42:38.3311348Z git version 2.55.0
2026-09-15T07:42:38.3338487Z Temporarily overriding HOME='<RUNNER_HOME>/work/_temp/1c11a178-b2ad-4dc0-93ad-90e9c560af44' before making global git config changes
2026-09-15T07:42:38.3339687Z Adding repository directory to the temporary git global config as a safe directory
2026-09-15T07:42:38.3341575Z [command]/usr/bin/git config --global --add safe.directory <RUNNER_WORKSPACE>
2026-09-15T07:42:38.3365006Z Removing SSH command configuration
2026-09-15T07:42:38.3369932Z [command]/usr/bin/git config --local --name-only --get-regexp core\.sshCommand
2026-09-15T07:42:38.3396678Z [command]/usr/bin/git submodule foreach --recursive sh -c "git config --local --name-only --get-regexp 'core\.sshCommand' && git config --local --unset-all 'core.sshCommand' || :"
2026-09-15T07:42:38.3563437Z Removing HTTP extra header
2026-09-15T07:42:38.3567633Z [command]/usr/bin/git config --local --name-only --get-regexp http\.https\:\/\/github\.com\/\.extraheader
2026-09-15T07:42:38.3590260Z [command]/usr/bin/git submodule foreach --recursive sh -c "git config --local --name-only --get-regexp 'http\.https\:\/\/github\.com\/\.extraheader' && git config --local --unset-all 'http.https://github.com/.extraheader' || :"
2026-09-15T07:42:38.3763549Z Removing includeIf entries pointing to credentials config files
2026-09-15T07:42:38.3767752Z [command]/usr/bin/git config --local --name-only --get-regexp ^includeIf\.gitdir:
2026-09-15T07:42:38.3788500Z includeif.gitdir:<RUNNER_WORKSPACE>/.git.path
2026-09-15T07:42:38.3789361Z includeif.gitdir:<RUNNER_WORKSPACE>/.git/worktrees/*.path
2026-09-15T07:42:38.3790373Z includeif.gitdir:/github/workspace/.git.path
2026-09-15T07:42:38.3790808Z includeif.gitdir:/github/workspace/.git/worktrees/*.path
2026-09-15T07:42:38.3796542Z [command]/usr/bin/git config --local --get-all includeif.gitdir:<RUNNER_WORKSPACE>/.git.path
2026-09-15T07:42:38.3814106Z <RUNNER_HOME>/work/_temp/git-credentials-aad4a858-e523-439c-b3b0-2a5ed27e2276.config
2026-09-15T07:42:38.3822710Z [command]/usr/bin/git config --local --unset includeif.gitdir:<RUNNER_WORKSPACE>/.git.path \/home\/runner\/work\/_temp\/git\-credentials\-aad4a858\-e523\-439c\-b3b0\-2a5ed27e2276\.config
2026-09-15T07:42:38.3850051Z [command]/usr/bin/git config --local --get-all includeif.gitdir:<RUNNER_WORKSPACE>/.git/worktrees/*.path
2026-09-15T07:42:38.3871964Z <RUNNER_HOME>/work/_temp/git-credentials-aad4a858-e523-439c-b3b0-2a5ed27e2276.config
2026-09-15T07:42:38.3878450Z [command]/usr/bin/git config --local --unset includeif.gitdir:<RUNNER_WORKSPACE>/.git/worktrees/*.path \/home\/runner\/work\/_temp\/git\-credentials\-aad4a858\-e523\-439c\-b3b0\-2a5ed27e2276\.config
2026-09-15T07:42:38.4394292Z [command]/usr/bin/git config --local --get-all includeif.gitdir:/github/workspace/.git.path
2026-09-15T07:42:38.4412517Z /github/runner_temp/git-credentials-aad4a858-e523-439c-b3b0-2a5ed27e2276.config
2026-09-15T07:42:38.4417376Z [command]/usr/bin/git config --local --unset includeif.gitdir:/github/workspace/.git.path \/github\/runner_temp\/git\-credentials\-aad4a858\-e523\-439c\-b3b0\-2a5ed27e2276\.config
2026-09-15T07:42:38.4439123Z [command]/usr/bin/git config --local --get-all includeif.gitdir:/github/workspace/.git/worktrees/*.path
2026-09-15T07:42:38.4454903Z /github/runner_temp/git-credentials-aad4a858-e523-439c-b3b0-2a5ed27e2276.config
2026-09-15T07:42:38.4465436Z [command]/usr/bin/git config --local --unset includeif.gitdir:/github/workspace/.git/worktrees/*.path \/github\/runner_temp\/git\-credentials\-aad4a858\-e523\-439c\-b3b0\-2a5ed27e2276\.config
2026-09-15T07:42:38.4483571Z [command]/usr/bin/git submodule foreach --recursive git config --local --show-origin --name-only --get-regexp remote.origin.url
2026-09-15T07:42:38.4628750Z Removing credentials config '<RUNNER_HOME>/work/_temp/git-credentials-aad4a858-e523-439c-b3b0-2a5ed27e2276.config'
2026-09-15T07:42:38.4736387Z Cleaning up orphan processes
