2026-09-15T07:42:05.3302329Z Current runner version: '2.337.0'
2026-09-15T07:42:05.3327847Z ##[group]Runner Image Provisioner
2026-09-15T07:42:05.3328703Z Hosted Compute Agent
2026-09-15T07:42:05.3329355Z Version: 20260828.587
2026-09-15T07:42:05.3330024Z Commit: abac92662cab4cc7352de4f9f9d2e2419aad9c29
2026-09-15T07:42:05.3330785Z Build Date: 2026-08-28T16:44:25Z
2026-09-15T07:42:05.3331601Z Worker ID: {7cb4b160-279c-4ef8-b249-d9927651dc8c}
2026-09-15T07:42:05.3332315Z Azure Region: westus
2026-09-15T07:42:05.3332923Z ##[endgroup]
2026-09-15T07:42:05.3334643Z ##[group]Operating System
2026-09-15T07:42:05.3335276Z Ubuntu
2026-09-15T07:42:05.3335913Z 24.04.5
2026-09-15T07:42:05.3336429Z LTS
2026-09-15T07:42:05.3336921Z ##[endgroup]
2026-09-15T07:42:05.3337541Z ##[group]Runner Image
2026-09-15T07:42:05.3338144Z Image: ubuntu-24.04
2026-09-15T07:42:05.3338831Z Version: 20260907.300.1
2026-09-15T07:42:05.3340034Z Included Software: https://github.com/actions/runner-images/blob/ubuntu24/20260907.300/images/ubuntu/Ubuntu2404-Readme.md
2026-09-15T07:42:05.3341647Z Image Release: https://github.com/actions/runner-images/releases/tag/ubuntu24%2F20260907.300
2026-09-15T07:42:05.3342693Z ##[endgroup]
2026-09-15T07:42:05.3344028Z ##[group]GITHUB_TOKEN Permissions
2026-09-15T07:42:05.3346172Z Contents: read
2026-09-15T07:42:05.3346861Z Metadata: read
2026-09-15T07:42:05.3347426Z ##[endgroup]
2026-09-15T07:42:05.3349503Z Secret source: Actions
2026-09-15T07:42:05.3350567Z Cache mode: write
2026-09-15T07:42:05.3351250Z Prepare workflow directory
2026-09-15T07:42:05.3689043Z Prepare all required actions
2026-09-15T07:42:05.3761896Z Getting action download info
2026-09-15T07:42:05.7258345Z Download action repository 'actions/checkout@3d3c42e5aac5ba805825da76410c181273ba90b1' (SHA:3d3c42e5aac5ba805825da76410c181273ba90b1)
2026-09-15T07:42:05.8345908Z Download action repository 'actions/setup-python@5fda3b95a4ea91299a34e894583c3862153e4b97' (SHA:5fda3b95a4ea91299a34e894583c3862153e4b97)
2026-09-15T07:42:06.0757196Z Complete job name: security-publication
2026-09-15T07:42:06.1523499Z ##[group]Run actions/checkout@3d3c42e5aac5ba805825da76410c181273ba90b1
2026-09-15T07:42:06.1524833Z with:
2026-09-15T07:42:06.1525306Z   repository: kl3574/Learning_Workbench
2026-09-15T07:42:06.1529073Z   token: ***
2026-09-15T07:42:06.1529521Z   ssh-strict: true
2026-09-15T07:42:06.1529977Z   ssh-user: git
2026-09-15T07:42:06.1530441Z   persist-credentials: true
2026-09-15T07:42:06.1530951Z   clean: true
2026-09-15T07:42:06.1531404Z   sparse-checkout-cone-mode: true
2026-09-15T07:42:06.1531933Z   fetch-depth: 1
2026-09-15T07:42:06.1532379Z   fetch-tags: false
2026-09-15T07:42:06.1532831Z   show-progress: true
2026-09-15T07:42:06.1533292Z   lfs: false
2026-09-15T07:42:06.1534112Z   submodules: false
2026-09-15T07:42:06.1534613Z   set-safe-directory: true
2026-09-15T07:42:06.1535144Z   allow-unsafe-pr-checkout: false
2026-09-15T07:42:06.1535995Z ##[endgroup]
2026-09-15T07:42:06.2550956Z Syncing repository: kl3574/Learning_Workbench
2026-09-15T07:42:06.2553049Z ##[group]Getting Git version info
2026-09-15T07:42:06.2554433Z Working directory is '<RUNNER_WORKSPACE>'
2026-09-15T07:42:06.2555864Z [command]/usr/bin/git version
2026-09-15T07:42:06.2643266Z git version 2.55.0
2026-09-15T07:42:06.2667380Z ##[endgroup]
2026-09-15T07:42:06.2680107Z Temporarily overriding HOME='<RUNNER_HOME>/work/_temp/cdc3a844-50c1-43c7-a782-ef160365578a' before making global git config changes
2026-09-15T07:42:06.2682894Z Adding repository directory to the temporary git global config as a safe directory
2026-09-15T07:42:06.2687104Z [command]/usr/bin/git config --global --add safe.directory <RUNNER_WORKSPACE>
2026-09-15T07:42:06.2743325Z Deleting the contents of '<RUNNER_WORKSPACE>'
2026-09-15T07:42:06.2747792Z ##[group]Determining repository object format
2026-09-15T07:42:06.2749623Z ##[endgroup]
2026-09-15T07:42:06.2750896Z ##[group]Initializing the repository
2026-09-15T07:42:06.2755481Z [command]/usr/bin/git init <RUNNER_WORKSPACE>
2026-09-15T07:42:06.2867109Z hint: Using 'master' as the name for the initial branch. This default branch name
2026-09-15T07:42:06.2868470Z hint: will change to "main" in Git 3.0. To configure the initial branch name
2026-09-15T07:42:06.2869454Z hint: to use in all of your new repositories, which will suppress this warning,
2026-09-15T07:42:06.2870208Z hint: call:
2026-09-15T07:42:06.2870623Z hint:
2026-09-15T07:42:06.2871202Z hint: 	git config --global init.defaultBranch <name>
2026-09-15T07:42:06.2871836Z hint:
2026-09-15T07:42:06.2872425Z hint: Names commonly chosen instead of 'master' are 'main', 'trunk' and
2026-09-15T07:42:06.2873361Z hint: 'development'. The just-created branch can be renamed via this command:
2026-09-15T07:42:06.2874484Z hint:
2026-09-15T07:42:06.2874906Z hint: 	git branch -m <name>
2026-09-15T07:42:06.2875384Z hint:
2026-09-15T07:42:06.2876055Z hint: Disable this message with "git config set advice.defaultBranchName false"
2026-09-15T07:42:06.2882511Z Initialized empty Git repository in <RUNNER_WORKSPACE>/.git/
2026-09-15T07:42:06.2892625Z [command]/usr/bin/git remote add origin https://github.com/kl3574/Learning_Workbench
2026-09-15T07:42:06.2994167Z ##[endgroup]
2026-09-15T07:42:06.2996488Z ##[group]Disabling automatic garbage collection
2026-09-15T07:42:06.2998152Z [command]/usr/bin/git config --local gc.auto 0
2026-09-15T07:42:06.3041578Z ##[endgroup]
2026-09-15T07:42:06.3043309Z ##[group]Setting up auth
2026-09-15T07:42:06.3044551Z Removing SSH command configuration
2026-09-15T07:42:06.3045942Z [command]/usr/bin/git config --local --name-only --get-regexp core\.sshCommand
2026-09-15T07:42:06.3114548Z [command]/usr/bin/git submodule foreach --recursive sh -c "git config --local --name-only --get-regexp 'core\.sshCommand' && git config --local --unset-all 'core.sshCommand' || :"
2026-09-15T07:42:06.3482061Z Removing HTTP extra header
2026-09-15T07:42:06.3488154Z [command]/usr/bin/git config --local --name-only --get-regexp http\.https\:\/\/github\.com\/\.extraheader
2026-09-15T07:42:06.3524358Z [command]/usr/bin/git submodule foreach --recursive sh -c "git config --local --name-only --get-regexp 'http\.https\:\/\/github\.com\/\.extraheader' && git config --local --unset-all 'http.https://github.com/.extraheader' || :"
2026-09-15T07:42:06.3747557Z Removing includeIf entries pointing to credentials config files
2026-09-15T07:42:06.3753073Z [command]/usr/bin/git config --local --name-only --get-regexp ^includeIf\.gitdir:
2026-09-15T07:42:06.3789795Z [command]/usr/bin/git submodule foreach --recursive git config --local --show-origin --name-only --get-regexp remote.origin.url
2026-09-15T07:42:06.4029021Z [command]/usr/bin/git config --file <RUNNER_HOME>/work/_temp/git-credentials-feefa572-b4e4-4226-971f-1fa187fd656c.config http.https://github.com/.extraheader AUTHORIZATION: basic ***
2026-09-15T07:42:06.4078887Z [command]/usr/bin/git config --local includeIf.gitdir:<RUNNER_WORKSPACE>/.git.path <RUNNER_HOME>/work/_temp/git-credentials-feefa572-b4e4-4226-971f-1fa187fd656c.config
2026-09-15T07:42:06.4118772Z [command]/usr/bin/git config --local includeIf.gitdir:<RUNNER_WORKSPACE>/.git/worktrees/*.path <RUNNER_HOME>/work/_temp/git-credentials-feefa572-b4e4-4226-971f-1fa187fd656c.config
2026-09-15T07:42:06.4162590Z [command]/usr/bin/git config --local includeIf.gitdir:/github/workspace/.git.path /github/runner_temp/git-credentials-feefa572-b4e4-4226-971f-1fa187fd656c.config
2026-09-15T07:42:06.4204932Z [command]/usr/bin/git config --local includeIf.gitdir:/github/workspace/.git/worktrees/*.path /github/runner_temp/git-credentials-feefa572-b4e4-4226-971f-1fa187fd656c.config
2026-09-15T07:42:06.4241939Z ##[endgroup]
2026-09-15T07:42:06.4242744Z ##[group]Fetching the repository
2026-09-15T07:42:06.4251656Z [command]/usr/bin/git -c protocol.version=2 fetch --no-tags --prune --no-recurse-submodules --depth=1 origin +eb719dfd20a4e6b848abc6a0147dfd0e966a892c:refs/remotes/pull/49/merge
2026-09-15T07:42:09.3681975Z From https://github.com/kl3574/Learning_Workbench
2026-09-15T07:42:09.3684583Z  * [new ref]         eb719dfd20a4e6b848abc6a0147dfd0e966a892c -> pull/49/merge
2026-09-15T07:42:09.3690135Z ##[endgroup]
2026-09-15T07:42:09.3692504Z ##[group]Determining the checkout info
2026-09-15T07:42:09.3695625Z ##[endgroup]
2026-09-15T07:42:09.3697161Z [command]/usr/bin/git sparse-checkout disable
2026-09-15T07:42:09.3749176Z [command]/usr/bin/git config --local --unset-all extensions.worktreeConfig
2026-09-15T07:42:09.3781772Z ##[group]Checking out the ref
2026-09-15T07:42:09.3787586Z [command]/usr/bin/git checkout --progress --force refs/remotes/pull/49/merge
2026-09-15T07:42:09.7767398Z Note: switching to 'refs/remotes/pull/49/merge'.
2026-09-15T07:42:09.7768036Z 
2026-09-15T07:42:09.7768473Z You are in 'detached HEAD' state. You can look around, make experimental
2026-09-15T07:42:09.7769561Z changes and commit them, and you can discard any commits you make in this
2026-09-15T07:42:09.7770511Z state without impacting any branches by switching back to a branch.
2026-09-15T07:42:09.7771054Z 
2026-09-15T07:42:09.7771443Z If you want to create a new branch to retain commits you create, you may
2026-09-15T07:42:09.7772284Z do so (now or later) by using -c with the switch command. Example:
2026-09-15T07:42:09.7772759Z 
2026-09-15T07:42:09.7772983Z   git switch -c <new-branch-name>
2026-09-15T07:42:09.7773317Z 
2026-09-15T07:42:09.7773825Z Or undo this operation with:
2026-09-15T07:42:09.7774200Z 
2026-09-15T07:42:09.7774382Z   git switch -
2026-09-15T07:42:09.7774673Z 
2026-09-15T07:42:09.7775097Z Turn off this advice by setting config variable advice.detachedHead to false
2026-09-15T07:42:09.7775668Z 
2026-09-15T07:42:09.7776330Z HEAD is now at eb719df Merge e4807e97661147e243c2d40f65d8d4fb5af79a82 into 4ed8ea9244cafdad955f24a8d6ae699c82577779
2026-09-15T07:42:09.7792288Z ##[endgroup]
2026-09-15T07:42:09.7843044Z [command]/usr/bin/git log -1 --format=%H
2026-09-15T07:42:09.7872514Z eb719dfd20a4e6b848abc6a0147dfd0e966a892c
2026-09-15T07:42:09.8155236Z ##[group]Run actions/setup-python@5fda3b95a4ea91299a34e894583c3862153e4b97
2026-09-15T07:42:09.8155772Z with:
2026-09-15T07:42:09.8156079Z   python-version: 3.12.13
2026-09-15T07:42:09.8156408Z   check-latest: false
2026-09-15T07:42:09.8158963Z   token: ***
2026-09-15T07:42:09.8159274Z   update-environment: true
2026-09-15T07:42:09.8159606Z   allow-prereleases: false
2026-09-15T07:42:09.8159942Z   freethreaded: false
2026-09-15T07:42:09.8160243Z ##[endgroup]
2026-09-15T07:42:09.9397409Z ##[group]Installed versions
2026-09-15T07:42:09.9414764Z Version 3.12.13 was not found in the local cache
2026-09-15T07:42:10.8334763Z Version 3.12.13 is available for downloading
2026-09-15T07:42:10.8336023Z Download from "https://github.com/actions/python-versions/releases/download/3.12.13-27650778726/python-3.12.13-linux-24.04-x64.tar.gz"
2026-09-15T07:42:11.5114439Z Extract downloaded archive
2026-09-15T07:42:11.5246424Z [command]/usr/bin/tar xz --warning=no-unknown-keyword --overwrite -C <RUNNER_HOME>/work/_temp/948ee3e7-7f14-4145-95ed-4ecba51349bd -f <RUNNER_HOME>/work/_temp/a74ce17e-4419-4abe-a186-aacf720cf9cd
2026-09-15T07:42:13.4104388Z Execute installation script
2026-09-15T07:42:13.4209020Z Check if Python hostedtoolcache folder exist...
2026-09-15T07:42:13.4209670Z Create Python 3.12.13 folder
2026-09-15T07:42:13.4223528Z Copy Python binaries to hostedtoolcache folder
2026-09-15T07:42:13.8937838Z Create additional symlinks (Required for the UsePythonVersion Azure Pipelines task and the setup-python GitHub Action)
2026-09-15T07:42:13.8977395Z Upgrading pip...
2026-09-15T07:42:15.6430506Z Collecting pip
2026-09-15T07:42:15.6731374Z Downloading pip-26.2.1-py3-none-any.whl.metadata (4.6 kB)
2026-09-15T07:42:15.6805322Z Downloading pip-26.2.1-py3-none-any.whl (1.8 MB)
2026-09-15T07:42:15.7226902Z ━━━━━━━━━━━━━━━━━━━━━━━━━━━━━━━━━━━━━━━━ 1.8/1.8 MB 75.6 MB/s eta 0:00:00
2026-09-15T07:42:15.7227428Z 
2026-09-15T07:42:15.7445364Z Installing collected packages: pip
2026-09-15T07:42:15.7447239Z Attempting uninstall: pip
2026-09-15T07:42:15.7469486Z Found existing installation: pip 25.0.1
2026-09-15T07:42:15.7838459Z Uninstalling pip-25.0.1:
2026-09-15T07:42:15.7894990Z Successfully uninstalled pip-25.0.1
2026-09-15T07:42:16.6811411Z Successfully installed pip-26.2.1
2026-09-15T07:42:16.7266351Z Create complete file
2026-09-15T07:42:16.7306446Z Successfully set up CPython (3.12.13)
2026-09-15T07:42:16.7307824Z ##[endgroup]
2026-09-15T07:42:16.7489313Z ##[group]Run python scripts/check_publication.py --all-tracked
2026-09-15T07:42:16.7489855Z [36;1mpython scripts/check_publication.py --all-tracked[0m
2026-09-15T07:42:16.7532412Z shell: /usr/bin/bash -e {0}
2026-09-15T07:42:16.7532698Z env:
2026-09-15T07:42:16.7532981Z   pythonLocation: /opt/hostedtoolcache/Python/3.12.13/x64
2026-09-15T07:42:16.7533462Z   PKG_CONFIG_PATH: /opt/hostedtoolcache/Python/3.12.13/x64/lib/pkgconfig
2026-09-15T07:42:16.7534145Z   Python_ROOT_DIR: /opt/hostedtoolcache/Python/3.12.13/x64
2026-09-15T07:42:16.7534584Z   Python2_ROOT_DIR: /opt/hostedtoolcache/Python/3.12.13/x64
2026-09-15T07:42:16.7534981Z   Python3_ROOT_DIR: /opt/hostedtoolcache/Python/3.12.13/x64
2026-09-15T07:42:16.7535375Z   LD_LIBRARY_PATH: /opt/hostedtoolcache/Python/3.12.13/x64/lib
2026-09-15T07:42:16.7535705Z ##[endgroup]
2026-09-15T07:42:28.6756147Z PASS: scanned 4633 staged/tracked files against path and credential rules. Manual provenance review remains required.
2026-09-15T07:42:28.6927942Z Post job cleanup.
2026-09-15T07:42:28.8233505Z Post job cleanup.
2026-09-15T07:42:28.9120497Z [command]/usr/bin/git version
2026-09-15T07:42:28.9165440Z git version 2.55.0
2026-09-15T07:42:28.9207141Z Temporarily overriding HOME='<RUNNER_HOME>/work/_temp/a7c2f8cf-df75-4a71-9044-4bf954ec8bf7' before making global git config changes
2026-09-15T07:42:28.9208547Z Adding repository directory to the temporary git global config as a safe directory
2026-09-15T07:42:28.9213436Z [command]/usr/bin/git config --global --add safe.directory <RUNNER_WORKSPACE>
2026-09-15T07:42:28.9245759Z Removing SSH command configuration
2026-09-15T07:42:28.9252850Z [command]/usr/bin/git config --local --name-only --get-regexp core\.sshCommand
2026-09-15T07:42:28.9288620Z [command]/usr/bin/git submodule foreach --recursive sh -c "git config --local --name-only --get-regexp 'core\.sshCommand' && git config --local --unset-all 'core.sshCommand' || :"
2026-09-15T07:42:28.9542501Z Removing HTTP extra header
2026-09-15T07:42:28.9549463Z [command]/usr/bin/git config --local --name-only --get-regexp http\.https\:\/\/github\.com\/\.extraheader
2026-09-15T07:42:28.9587190Z [command]/usr/bin/git submodule foreach --recursive sh -c "git config --local --name-only --get-regexp 'http\.https\:\/\/github\.com\/\.extraheader' && git config --local --unset-all 'http.https://github.com/.extraheader' || :"
2026-09-15T07:42:28.9861183Z Removing includeIf entries pointing to credentials config files
2026-09-15T07:42:28.9870758Z [command]/usr/bin/git config --local --name-only --get-regexp ^includeIf\.gitdir:
2026-09-15T07:42:28.9928444Z includeif.gitdir:<RUNNER_WORKSPACE>/.git.path
2026-09-15T07:42:28.9929558Z includeif.gitdir:<RUNNER_WORKSPACE>/.git/worktrees/*.path
2026-09-15T07:42:28.9930401Z includeif.gitdir:/github/workspace/.git.path
2026-09-15T07:42:28.9931020Z includeif.gitdir:/github/workspace/.git/worktrees/*.path
2026-09-15T07:42:28.9940857Z [command]/usr/bin/git config --local --get-all includeif.gitdir:<RUNNER_WORKSPACE>/.git.path
2026-09-15T07:42:28.9969912Z <RUNNER_HOME>/work/_temp/git-credentials-feefa572-b4e4-4226-971f-1fa187fd656c.config
2026-09-15T07:42:28.9982914Z [command]/usr/bin/git config --local --unset includeif.gitdir:<RUNNER_WORKSPACE>/.git.path \/home\/runner\/work\/_temp\/git\-credentials\-feefa572\-b4e4\-4226\-971f\-1fa187fd656c\.config
2026-09-15T07:42:29.0029974Z [command]/usr/bin/git config --local --get-all includeif.gitdir:<RUNNER_WORKSPACE>/.git/worktrees/*.path
2026-09-15T07:42:29.0068700Z <RUNNER_HOME>/work/_temp/git-credentials-feefa572-b4e4-4226-971f-1fa187fd656c.config
2026-09-15T07:42:29.0081379Z [command]/usr/bin/git config --local --unset includeif.gitdir:<RUNNER_WORKSPACE>/.git/worktrees/*.path \/home\/runner\/work\/_temp\/git\-credentials\-feefa572\-b4e4\-4226\-971f\-1fa187fd656c\.config
2026-09-15T07:42:29.0120806Z [command]/usr/bin/git config --local --get-all includeif.gitdir:/github/workspace/.git.path
2026-09-15T07:42:29.0149017Z /github/runner_temp/git-credentials-feefa572-b4e4-4226-971f-1fa187fd656c.config
2026-09-15T07:42:29.0160617Z [command]/usr/bin/git config --local --unset includeif.gitdir:/github/workspace/.git.path \/github\/runner_temp\/git\-credentials\-feefa572\-b4e4\-4226\-971f\-1fa187fd656c\.config
2026-09-15T07:42:29.0204863Z [command]/usr/bin/git config --local --get-all includeif.gitdir:/github/workspace/.git/worktrees/*.path
2026-09-15T07:42:29.0239317Z /github/runner_temp/git-credentials-feefa572-b4e4-4226-971f-1fa187fd656c.config
2026-09-15T07:42:29.0294422Z [command]/usr/bin/git config --local --unset includeif.gitdir:/github/workspace/.git/worktrees/*.path \/github\/runner_temp\/git\-credentials\-feefa572\-b4e4\-4226\-971f\-1fa187fd656c\.config
2026-09-15T07:42:29.0336158Z [command]/usr/bin/git submodule foreach --recursive git config --local --show-origin --name-only --get-regexp remote.origin.url
2026-09-15T07:42:29.0588004Z Removing credentials config '<RUNNER_HOME>/work/_temp/git-credentials-feefa572-b4e4-4226-971f-1fa187fd656c.config'
2026-09-15T07:42:29.0761413Z Cleaning up orphan processes
