2026-09-15T04:24:21.2974574Z Current runner version: '2.337.0'
2026-09-15T04:24:21.3000045Z ##[group]Runner Image Provisioner
2026-09-15T04:24:21.3000918Z Hosted Compute Agent
2026-09-15T04:24:21.3001513Z Version: 20260828.587
2026-09-15T04:24:21.3002333Z Commit: abac92662cab4cc7352de4f9f9d2e2419aad9c29
2026-09-15T04:24:21.3003062Z Build Date: 2026-08-28T16:44:25Z
2026-09-15T04:24:21.3003735Z Worker ID: {aee70229-8e1e-46a7-86db-2f236815cd84}
2026-09-15T04:24:21.3004574Z Azure Region: northcentralus
2026-09-15T04:24:21.3005265Z ##[endgroup]
2026-09-15T04:24:21.3006806Z ##[group]Operating System
2026-09-15T04:24:21.3007455Z Ubuntu
2026-09-15T04:24:21.3008331Z 24.04.5
2026-09-15T04:24:21.3008967Z LTS
2026-09-15T04:24:21.3009492Z ##[endgroup]
2026-09-15T04:24:21.3010081Z ##[group]Runner Image
2026-09-15T04:24:21.3010708Z Image: ubuntu-24.04
2026-09-15T04:24:21.3011308Z Version: 20260907.300.1
2026-09-15T04:24:21.3012627Z Included Software: https://github.com/actions/runner-images/blob/ubuntu24/20260907.300/images/ubuntu/Ubuntu2404-Readme.md
2026-09-15T04:24:21.3014181Z Image Release: https://github.com/actions/runner-images/releases/tag/ubuntu24%2F20260907.300
2026-09-15T04:24:21.3015179Z ##[endgroup]
2026-09-15T04:24:21.3016356Z ##[group]GITHUB_TOKEN Permissions
2026-09-15T04:24:21.3018607Z Contents: read
2026-09-15T04:24:21.3019258Z Metadata: read
2026-09-15T04:24:21.3019938Z ##[endgroup]
2026-09-15T04:24:21.3022065Z Secret source: Actions
2026-09-15T04:24:21.3023121Z Cache mode: write
2026-09-15T04:24:21.3023834Z Prepare workflow directory
2026-09-15T04:24:21.3452376Z Prepare all required actions
2026-09-15T04:24:21.3523200Z Getting action download info
2026-09-15T04:24:21.5843100Z Download action repository 'actions/checkout@3d3c42e5aac5ba805825da76410c181273ba90b1' (SHA:3d3c42e5aac5ba805825da76410c181273ba90b1)
2026-09-15T04:24:21.6870956Z Download action repository 'actions/setup-python@5fda3b95a4ea91299a34e894583c3862153e4b97' (SHA:5fda3b95a4ea91299a34e894583c3862153e4b97)
2026-09-15T04:24:21.8681835Z Complete job name: security-publication
2026-09-15T04:24:21.9441131Z ##[group]Run actions/checkout@3d3c42e5aac5ba805825da76410c181273ba90b1
2026-09-15T04:24:21.9442186Z with:
2026-09-15T04:24:21.9442668Z   repository: kl3574/Learning_Workbench
2026-09-15T04:24:21.9446702Z   token: ***
2026-09-15T04:24:21.9447149Z   ssh-strict: true
2026-09-15T04:24:21.9447598Z   ssh-user: git
2026-09-15T04:24:21.9448503Z   persist-credentials: true
2026-09-15T04:24:21.9449014Z   clean: true
2026-09-15T04:24:21.9449472Z   sparse-checkout-cone-mode: true
2026-09-15T04:24:21.9449996Z   fetch-depth: 1
2026-09-15T04:24:21.9450425Z   fetch-tags: false
2026-09-15T04:24:21.9450870Z   show-progress: true
2026-09-15T04:24:21.9451319Z   lfs: false
2026-09-15T04:24:21.9451735Z   submodules: false
2026-09-15T04:24:21.9452186Z   set-safe-directory: true
2026-09-15T04:24:21.9452705Z   allow-unsafe-pr-checkout: false
2026-09-15T04:24:21.9453541Z ##[endgroup]
2026-09-15T04:24:22.0490774Z Syncing repository: kl3574/Learning_Workbench
2026-09-15T04:24:22.0493598Z ##[group]Getting Git version info
2026-09-15T04:24:22.0494506Z Working directory is '<ci-home>/work/Learning_Workbench/Learning_Workbench'
2026-09-15T04:24:22.0495639Z [command]/usr/bin/git version
2026-09-15T04:24:22.0570240Z git version 2.55.0
2026-09-15T04:24:22.0599412Z ##[endgroup]
2026-09-15T04:24:22.0611120Z Temporarily overriding HOME='<ci-home>/work/_temp/af5b650b-21ba-4adc-9cf3-f05582c3e0e2' before making global git config changes
2026-09-15T04:24:22.0613582Z Adding repository directory to the temporary git global config as a safe directory
2026-09-15T04:24:22.0617688Z [command]/usr/bin/git config --global --add safe.directory <ci-home>/work/Learning_Workbench/Learning_Workbench
2026-09-15T04:24:22.0682392Z Deleting the contents of '<ci-home>/work/Learning_Workbench/Learning_Workbench'
2026-09-15T04:24:22.0685866Z ##[group]Determining repository object format
2026-09-15T04:24:22.0687542Z ##[endgroup]
2026-09-15T04:24:22.0689084Z ##[group]Initializing the repository
2026-09-15T04:24:22.0692277Z [command]/usr/bin/git init <ci-home>/work/Learning_Workbench/Learning_Workbench
2026-09-15T04:24:22.0813224Z hint: Using 'master' as the name for the initial branch. This default branch name
2026-09-15T04:24:22.0814967Z hint: will change to "main" in Git 3.0. To configure the initial branch name
2026-09-15T04:24:22.0816607Z hint: to use in all of your new repositories, which will suppress this warning,
2026-09-15T04:24:22.0818394Z hint: call:
2026-09-15T04:24:22.0819182Z hint:
2026-09-15T04:24:22.0820102Z hint: 	git config --global init.defaultBranch <name>
2026-09-15T04:24:22.0821279Z hint:
2026-09-15T04:24:22.0822323Z hint: Names commonly chosen instead of 'master' are 'main', 'trunk' and
2026-09-15T04:24:22.0823897Z hint: 'development'. The just-created branch can be renamed via this command:
2026-09-15T04:24:22.0825214Z hint:
2026-09-15T04:24:22.0826043Z hint: 	git branch -m <name>
2026-09-15T04:24:22.0826927Z hint:
2026-09-15T04:24:22.0828243Z hint: Disable this message with "git config set advice.defaultBranchName false"
2026-09-15T04:24:22.0830196Z Initialized empty Git repository in <ci-home>/work/Learning_Workbench/Learning_Workbench/.git/
2026-09-15T04:24:22.0833400Z [command]/usr/bin/git remote add origin https://github.com/kl3574/Learning_Workbench
2026-09-15T04:24:22.0886983Z ##[endgroup]
2026-09-15T04:24:22.0888569Z ##[group]Disabling automatic garbage collection
2026-09-15T04:24:22.0891441Z [command]/usr/bin/git config --local gc.auto 0
2026-09-15T04:24:22.0929008Z ##[endgroup]
2026-09-15T04:24:22.0930729Z ##[group]Setting up auth
2026-09-15T04:24:22.0931697Z Removing SSH command configuration
2026-09-15T04:24:22.0936791Z [command]/usr/bin/git config --local --name-only --get-regexp core\.sshCommand
2026-09-15T04:24:22.0973710Z [command]/usr/bin/git submodule foreach --recursive sh -c "git config --local --name-only --get-regexp 'core\.sshCommand' && git config --local --unset-all 'core.sshCommand' || :"
2026-09-15T04:24:22.1347709Z Removing HTTP extra header
2026-09-15T04:24:22.1354392Z [command]/usr/bin/git config --local --name-only --get-regexp http\.https\:\/\/github\.com\/\.extraheader
2026-09-15T04:24:22.1393657Z [command]/usr/bin/git submodule foreach --recursive sh -c "git config --local --name-only --get-regexp 'http\.https\:\/\/github\.com\/\.extraheader' && git config --local --unset-all 'http.https://github.com/.extraheader' || :"
2026-09-15T04:24:22.1613131Z Removing includeIf entries pointing to credentials config files
2026-09-15T04:24:22.1619310Z [command]/usr/bin/git config --local --name-only --get-regexp ^includeIf\.gitdir:
2026-09-15T04:24:22.1654792Z [command]/usr/bin/git submodule foreach --recursive git config --local --show-origin --name-only --get-regexp remote.origin.url
2026-09-15T04:24:22.1882904Z [command]/usr/bin/git config --file <ci-home>/work/_temp/git-credentials-c65797ad-07f8-4e5c-a504-fbc1356ba854.config http.https://github.com/.extraheader AUTHORIZATION: basic ***
2026-09-15T04:24:22.1923788Z [command]/usr/bin/git config --local includeIf.gitdir:<ci-home>/work/Learning_Workbench/Learning_Workbench/.git.path <ci-home>/work/_temp/git-credentials-c65797ad-07f8-4e5c-a504-fbc1356ba854.config
2026-09-15T04:24:22.1957686Z [command]/usr/bin/git config --local includeIf.gitdir:<ci-home>/work/Learning_Workbench/Learning_Workbench/.git/worktrees/*.path <ci-home>/work/_temp/git-credentials-c65797ad-07f8-4e5c-a504-fbc1356ba854.config
2026-09-15T04:24:22.1996585Z [command]/usr/bin/git config --local includeIf.gitdir:/github/workspace/.git.path /github/runner_temp/git-credentials-c65797ad-07f8-4e5c-a504-fbc1356ba854.config
2026-09-15T04:24:22.2033359Z [command]/usr/bin/git config --local includeIf.gitdir:/github/workspace/.git/worktrees/*.path /github/runner_temp/git-credentials-c65797ad-07f8-4e5c-a504-fbc1356ba854.config
2026-09-15T04:24:22.2064932Z ##[endgroup]
2026-09-15T04:24:22.2065717Z ##[group]Fetching the repository
2026-09-15T04:24:22.2073628Z [command]/usr/bin/git -c protocol.version=2 fetch --no-tags --prune --no-recurse-submodules --depth=1 origin +430312770e4e75c876c997b542d0069af73b1538:refs/remotes/pull/48/merge
2026-09-15T04:24:24.1726593Z From https://github.com/kl3574/Learning_Workbench
2026-09-15T04:24:24.1729259Z  * [new ref]         430312770e4e75c876c997b542d0069af73b1538 -> pull/48/merge
2026-09-15T04:24:24.1746567Z ##[endgroup]
2026-09-15T04:24:24.1748215Z ##[group]Determining the checkout info
2026-09-15T04:24:24.1749639Z ##[endgroup]
2026-09-15T04:24:24.1750435Z [command]/usr/bin/git sparse-checkout disable
2026-09-15T04:24:24.1793339Z [command]/usr/bin/git config --local --unset-all extensions.worktreeConfig
2026-09-15T04:24:24.1828384Z ##[group]Checking out the ref
2026-09-15T04:24:24.1832141Z [command]/usr/bin/git checkout --progress --force refs/remotes/pull/48/merge
2026-09-15T04:24:24.3876286Z Note: switching to 'refs/remotes/pull/48/merge'.
2026-09-15T04:24:24.3877625Z 
2026-09-15T04:24:24.3878957Z You are in 'detached HEAD' state. You can look around, make experimental
2026-09-15T04:24:24.3881558Z changes and commit them, and you can discard any commits you make in this
2026-09-15T04:24:24.3884133Z state without impacting any branches by switching back to a branch.
2026-09-15T04:24:24.3885613Z 
2026-09-15T04:24:24.3886621Z If you want to create a new branch to retain commits you create, you may
2026-09-15T04:24:24.3889295Z do so (now or later) by using -c with the switch command. Example:
2026-09-15T04:24:24.3890674Z 
2026-09-15T04:24:24.3891277Z   git switch -c <new-branch-name>
2026-09-15T04:24:24.3892360Z 
2026-09-15T04:24:24.3893307Z Or undo this operation with:
2026-09-15T04:24:24.3894535Z 
2026-09-15T04:24:24.3895324Z   git switch -
2026-09-15T04:24:24.3896310Z 
2026-09-15T04:24:24.3898012Z Turn off this advice by setting config variable advice.detachedHead to false
2026-09-15T04:24:24.3900286Z 
2026-09-15T04:24:24.3902417Z HEAD is now at 4303127 Merge 1db509f9bf4c296eb6fb7f3d99d94b5f243d2e7c into 98f1701299533970581ba12733d74cb5e3882193
2026-09-15T04:24:24.3909671Z ##[endgroup]
2026-09-15T04:24:24.3946792Z [command]/usr/bin/git log -1 --format=%H
2026-09-15T04:24:24.3979219Z 430312770e4e75c876c997b542d0069af73b1538
2026-09-15T04:24:24.4290493Z ##[group]Run actions/setup-python@5fda3b95a4ea91299a34e894583c3862153e4b97
2026-09-15T04:24:24.4291037Z with:
2026-09-15T04:24:24.4291330Z   python-version: 3.12.13
2026-09-15T04:24:24.4291652Z   check-latest: false
2026-09-15T04:24:24.4294596Z   token: ***
2026-09-15T04:24:24.4294906Z   update-environment: true
2026-09-15T04:24:24.4295246Z   allow-prereleases: false
2026-09-15T04:24:24.4295589Z   freethreaded: false
2026-09-15T04:24:24.4295886Z ##[endgroup]
2026-09-15T04:24:24.5583727Z ##[group]Installed versions
2026-09-15T04:24:24.5600489Z Version 3.12.13 was not found in the local cache
2026-09-15T04:24:25.2030257Z Version 3.12.13 is available for downloading
2026-09-15T04:24:25.2031302Z Download from "https://github.com/actions/python-versions/releases/download/3.12.13-27650778726/python-3.12.13-linux-24.04-x64.tar.gz"
2026-09-15T04:24:25.7747115Z Extract downloaded archive
2026-09-15T04:24:25.7939332Z [command]/usr/bin/tar xz --warning=no-unknown-keyword --overwrite -C <ci-home>/work/_temp/5bf0abab-5229-4cd8-878e-3011cd38124c -f <ci-home>/work/_temp/25e9c7aa-8292-4567-9bf3-847bcc6064c3
2026-09-15T04:24:27.7153696Z Execute installation script
2026-09-15T04:24:27.7248333Z Check if Python hostedtoolcache folder exist...
2026-09-15T04:24:27.7249262Z Create Python 3.12.13 folder
2026-09-15T04:24:27.7261945Z Copy Python binaries to hostedtoolcache folder
2026-09-15T04:24:28.2323257Z Create additional symlinks (Required for the UsePythonVersion Azure Pipelines task and the setup-python GitHub Action)
2026-09-15T04:24:28.2366784Z Upgrading pip...
2026-09-15T04:24:30.0248601Z Collecting pip
2026-09-15T04:24:30.0551431Z Downloading pip-26.2.1-py3-none-any.whl.metadata (4.6 kB)
2026-09-15T04:24:30.0644390Z Downloading pip-26.2.1-py3-none-any.whl (1.8 MB)
2026-09-15T04:24:30.0938338Z ━━━━━━━━━━━━━━━━━━━━━━━━━━━━━━━━━━━━━━━━ 1.8/1.8 MB 122.3 MB/s eta 0:00:00
2026-09-15T04:24:30.0959294Z 
2026-09-15T04:24:30.1137839Z Installing collected packages: pip
2026-09-15T04:24:30.1140287Z Attempting uninstall: pip
2026-09-15T04:24:30.1162601Z Found existing installation: pip 25.0.1
2026-09-15T04:24:30.1523136Z Uninstalling pip-25.0.1:
2026-09-15T04:24:30.1580579Z Successfully uninstalled pip-25.0.1
2026-09-15T04:24:31.0508880Z Successfully installed pip-26.2.1
2026-09-15T04:24:31.1005517Z Create complete file
2026-09-15T04:24:31.1041024Z Successfully set up CPython (3.12.13)
2026-09-15T04:24:31.1041941Z ##[endgroup]
2026-09-15T04:24:31.1200736Z ##[group]Run python scripts/check_publication.py --all-tracked
2026-09-15T04:24:31.1201270Z [36;1mpython scripts/check_publication.py --all-tracked[0m
2026-09-15T04:24:31.1244155Z shell: /usr/bin/bash -e {0}
2026-09-15T04:24:31.1244427Z env:
2026-09-15T04:24:31.1244709Z   pythonLocation: /opt/hostedtoolcache/Python/3.12.13/x64
2026-09-15T04:24:31.1245206Z   PKG_CONFIG_PATH: /opt/hostedtoolcache/Python/3.12.13/x64/lib/pkgconfig
2026-09-15T04:24:31.1245645Z   Python_ROOT_DIR: /opt/hostedtoolcache/Python/3.12.13/x64
2026-09-15T04:24:31.1246056Z   Python2_ROOT_DIR: /opt/hostedtoolcache/Python/3.12.13/x64
2026-09-15T04:24:31.1246444Z   Python3_ROOT_DIR: /opt/hostedtoolcache/Python/3.12.13/x64
2026-09-15T04:24:31.1246862Z   LD_LIBRARY_PATH: /opt/hostedtoolcache/Python/3.12.13/x64/lib
2026-09-15T04:24:31.1247186Z ##[endgroup]
2026-09-15T04:24:36.5542279Z PASS: scanned 2496 staged/tracked files against path and credential rules. Manual provenance review remains required.
2026-09-15T04:24:36.5713267Z Post job cleanup.
2026-09-15T04:24:36.7040664Z Post job cleanup.
2026-09-15T04:24:36.7917366Z [command]/usr/bin/git version
2026-09-15T04:24:36.7988743Z git version 2.55.0
2026-09-15T04:24:36.8005994Z Temporarily overriding HOME='<ci-home>/work/_temp/80b26002-f006-4c93-8f68-3250b91614a9' before making global git config changes
2026-09-15T04:24:36.8007256Z Adding repository directory to the temporary git global config as a safe directory
2026-09-15T04:24:36.8012495Z [command]/usr/bin/git config --global --add safe.directory <ci-home>/work/Learning_Workbench/Learning_Workbench
2026-09-15T04:24:36.8048333Z Removing SSH command configuration
2026-09-15T04:24:36.8054895Z [command]/usr/bin/git config --local --name-only --get-regexp core\.sshCommand
2026-09-15T04:24:36.8092125Z [command]/usr/bin/git submodule foreach --recursive sh -c "git config --local --name-only --get-regexp 'core\.sshCommand' && git config --local --unset-all 'core.sshCommand' || :"
2026-09-15T04:24:36.8349233Z Removing HTTP extra header
2026-09-15T04:24:36.8353887Z [command]/usr/bin/git config --local --name-only --get-regexp http\.https\:\/\/github\.com\/\.extraheader
2026-09-15T04:24:36.8392726Z [command]/usr/bin/git submodule foreach --recursive sh -c "git config --local --name-only --get-regexp 'http\.https\:\/\/github\.com\/\.extraheader' && git config --local --unset-all 'http.https://github.com/.extraheader' || :"
2026-09-15T04:24:36.8680327Z Removing includeIf entries pointing to credentials config files
2026-09-15T04:24:36.8689357Z [command]/usr/bin/git config --local --name-only --get-regexp ^includeIf\.gitdir:
2026-09-15T04:24:36.8734820Z includeif.gitdir:<ci-home>/work/Learning_Workbench/Learning_Workbench/.git.path
2026-09-15T04:24:36.8735947Z includeif.gitdir:<ci-home>/work/Learning_Workbench/Learning_Workbench/.git/worktrees/*.path
2026-09-15T04:24:36.8736854Z includeif.gitdir:/github/workspace/.git.path
2026-09-15T04:24:36.8737243Z includeif.gitdir:/github/workspace/.git/worktrees/*.path
2026-09-15T04:24:36.8740569Z [command]/usr/bin/git config --local --get-all includeif.gitdir:<ci-home>/work/Learning_Workbench/Learning_Workbench/.git.path
2026-09-15T04:24:36.8773248Z <ci-home>/work/_temp/git-credentials-c65797ad-07f8-4e5c-a504-fbc1356ba854.config
2026-09-15T04:24:36.8785085Z [command]/usr/bin/git config --local --unset includeif.gitdir:<ci-home>/work/Learning_Workbench/Learning_Workbench/.git.path \/home\/runner\/work\/_temp\/git\-credentials\-c65797ad\-07f8\-4e5c\-a504\-fbc1356ba854\.config
2026-09-15T04:24:36.8836396Z [command]/usr/bin/git config --local --get-all includeif.gitdir:<ci-home>/work/Learning_Workbench/Learning_Workbench/.git/worktrees/*.path
2026-09-15T04:24:36.8865357Z <ci-home>/work/_temp/git-credentials-c65797ad-07f8-4e5c-a504-fbc1356ba854.config
2026-09-15T04:24:36.8875094Z [command]/usr/bin/git config --local --unset includeif.gitdir:<ci-home>/work/Learning_Workbench/Learning_Workbench/.git/worktrees/*.path \/home\/runner\/work\/_temp\/git\-credentials\-c65797ad\-07f8\-4e5c\-a504\-fbc1356ba854\.config
2026-09-15T04:24:36.8912737Z [command]/usr/bin/git config --local --get-all includeif.gitdir:/github/workspace/.git.path
2026-09-15T04:24:36.8939323Z /github/runner_temp/git-credentials-c65797ad-07f8-4e5c-a504-fbc1356ba854.config
2026-09-15T04:24:36.8946572Z [command]/usr/bin/git config --local --unset includeif.gitdir:/github/workspace/.git.path \/github\/runner_temp\/git\-credentials\-c65797ad\-07f8\-4e5c\-a504\-fbc1356ba854\.config
2026-09-15T04:24:36.8982090Z [command]/usr/bin/git config --local --get-all includeif.gitdir:/github/workspace/.git/worktrees/*.path
2026-09-15T04:24:36.9018075Z /github/runner_temp/git-credentials-c65797ad-07f8-4e5c-a504-fbc1356ba854.config
2026-09-15T04:24:36.9030642Z [command]/usr/bin/git config --local --unset includeif.gitdir:/github/workspace/.git/worktrees/*.path \/github\/runner_temp\/git\-credentials\-c65797ad\-07f8\-4e5c\-a504\-fbc1356ba854\.config
2026-09-15T04:24:36.9076445Z [command]/usr/bin/git submodule foreach --recursive git config --local --show-origin --name-only --get-regexp remote.origin.url
2026-09-15T04:24:36.9323625Z Removing credentials config '<ci-home>/work/_temp/git-credentials-c65797ad-07f8-4e5c-a504-fbc1356ba854.config'
2026-09-15T04:24:36.9472510Z Cleaning up orphan processes
