2026-09-15T04:24:21.9200112Z Current runner version: '2.337.0'
2026-09-15T04:24:21.9237532Z ##[group]Runner Image Provisioner
2026-09-15T04:24:21.9238786Z Hosted Compute Agent
2026-09-15T04:24:21.9239724Z Version: 20260828.587
2026-09-15T04:24:21.9240819Z Commit: abac92662cab4cc7352de4f9f9d2e2419aad9c29
2026-09-15T04:24:21.9241917Z Build Date: 2026-08-28T16:44:25Z
2026-09-15T04:24:21.9243267Z Worker ID: {d47a7910-a34e-4dad-8592-33dc27aa9796}
2026-09-15T04:24:21.9244427Z Azure Region: northcentralus
2026-09-15T04:24:21.9245344Z ##[endgroup]
2026-09-15T04:24:21.9247929Z ##[group]Operating System
2026-09-15T04:24:21.9248766Z Ubuntu
2026-09-15T04:24:21.9249503Z 26.04.1
2026-09-15T04:24:21.9250023Z LTS
2026-09-15T04:24:21.9250522Z ##[endgroup]
2026-09-15T04:24:21.9251105Z ##[group]Runner Image
2026-09-15T04:24:21.9251777Z Image: ubuntu-26.04
2026-09-15T04:24:21.9252357Z Version: 20260907.131.1
2026-09-15T04:24:21.9253835Z Included Software: https://github.com/actions/runner-images/blob/ubuntu26/20260907.131/images/ubuntu/Ubuntu2604-Readme.md
2026-09-15T04:24:21.9255345Z Image Release: https://github.com/actions/runner-images/releases/tag/ubuntu26%2F20260907.131
2026-09-15T04:24:21.9256315Z ##[endgroup]
2026-09-15T04:24:21.9257408Z ##[group]GITHUB_TOKEN Permissions
2026-09-15T04:24:21.9259931Z Contents: read
2026-09-15T04:24:21.9260544Z Metadata: read
2026-09-15T04:24:21.9261156Z ##[endgroup]
2026-09-15T04:24:21.9263662Z Secret source: Actions
2026-09-15T04:24:21.9264632Z Cache mode: write
2026-09-15T04:24:21.9265643Z Prepare workflow directory
2026-09-15T04:24:21.9676881Z Prepare all required actions
2026-09-15T04:24:21.9749950Z Getting action download info
2026-09-15T04:24:22.4565499Z Download action repository 'actions/checkout@3d3c42e5aac5ba805825da76410c181273ba90b1' (SHA:3d3c42e5aac5ba805825da76410c181273ba90b1)
2026-09-15T04:24:23.0146593Z Download action repository 'actions/setup-python@5fda3b95a4ea91299a34e894583c3862153e4b97' (SHA:5fda3b95a4ea91299a34e894583c3862153e4b97)
2026-09-15T04:24:23.2330687Z Download action repository 'actions/setup-node@820762786026740c76f36085b0efc47a31fe5020' (SHA:820762786026740c76f36085b0efc47a31fe5020)
2026-09-15T04:24:23.5762124Z Complete job name: browser
2026-09-15T04:24:23.6664150Z ##[group]Run actions/checkout@3d3c42e5aac5ba805825da76410c181273ba90b1
2026-09-15T04:24:23.6665971Z with:
2026-09-15T04:24:23.6667070Z   repository: kl3574/Learning_Workbench
2026-09-15T04:24:23.6676941Z   token: ***
2026-09-15T04:24:23.6678016Z   ssh-strict: true
2026-09-15T04:24:23.6679002Z   ssh-user: git
2026-09-15T04:24:23.6680003Z   persist-credentials: true
2026-09-15T04:24:23.6681150Z   clean: true
2026-09-15T04:24:23.6682163Z   sparse-checkout-cone-mode: true
2026-09-15T04:24:23.6683553Z   fetch-depth: 1
2026-09-15T04:24:23.6684603Z   fetch-tags: false
2026-09-15T04:24:23.6685623Z   show-progress: true
2026-09-15T04:24:23.6686665Z   lfs: false
2026-09-15T04:24:23.6687605Z   submodules: false
2026-09-15T04:24:23.6688671Z   set-safe-directory: true
2026-09-15T04:24:23.6689827Z   allow-unsafe-pr-checkout: false
2026-09-15T04:24:23.6691281Z ##[endgroup]
2026-09-15T04:24:23.7779304Z Syncing repository: kl3574/Learning_Workbench
2026-09-15T04:24:23.7783469Z ##[group]Getting Git version info
2026-09-15T04:24:23.7785418Z Working directory is '<ci-home>/work/Learning_Workbench/Learning_Workbench'
2026-09-15T04:24:23.7788144Z [command]/usr/bin/git version
2026-09-15T04:24:23.7789470Z git version 2.55.0
2026-09-15T04:24:23.7793898Z ##[endgroup]
2026-09-15T04:24:23.7801521Z Temporarily overriding HOME='<ci-home>/work/_temp/74768686-4d4f-4cc5-b13c-1dac04c4d49b' before making global git config changes
2026-09-15T04:24:23.7804991Z Adding repository directory to the temporary git global config as a safe directory
2026-09-15T04:24:23.7808101Z [command]/usr/bin/git config --global --add safe.directory <ci-home>/work/Learning_Workbench/Learning_Workbench
2026-09-15T04:24:23.8177304Z Deleting the contents of '<ci-home>/work/Learning_Workbench/Learning_Workbench'
2026-09-15T04:24:23.8180616Z ##[group]Determining repository object format
2026-09-15T04:24:23.8183732Z ##[endgroup]
2026-09-15T04:24:23.8185366Z ##[group]Initializing the repository
2026-09-15T04:24:23.8188206Z [command]/usr/bin/git init <ci-home>/work/Learning_Workbench/Learning_Workbench
2026-09-15T04:24:23.8795399Z hint: Using 'master' as the name for the initial branch. This default branch name
2026-09-15T04:24:23.8799289Z hint: will change to "main" in Git 3.0. To configure the initial branch name
2026-09-15T04:24:23.8803044Z hint: to use in all of your new repositories, which will suppress this warning,
2026-09-15T04:24:23.8805613Z hint: call:
2026-09-15T04:24:23.8807403Z hint:
2026-09-15T04:24:23.8809283Z hint: 	git config --global init.defaultBranch <name>
2026-09-15T04:24:23.8811363Z hint:
2026-09-15T04:24:23.8813518Z hint: Names commonly chosen instead of 'master' are 'main', 'trunk' and
2026-09-15T04:24:23.8816927Z hint: 'development'. The just-created branch can be renamed via this command:
2026-09-15T04:24:23.8819588Z hint:
2026-09-15T04:24:23.8821060Z hint: 	git branch -m <name>
2026-09-15T04:24:23.8823355Z hint:
2026-09-15T04:24:23.8825523Z hint: Disable this message with "git config set advice.defaultBranchName false"
2026-09-15T04:24:23.8829011Z Initialized empty Git repository in <ci-home>/work/Learning_Workbench/Learning_Workbench/.git/
2026-09-15T04:24:23.8834393Z [command]/usr/bin/git remote add origin https://github.com/kl3574/Learning_Workbench
2026-09-15T04:24:23.9043000Z ##[endgroup]
2026-09-15T04:24:23.9044970Z ##[group]Disabling automatic garbage collection
2026-09-15T04:24:23.9046515Z [command]/usr/bin/git config --local gc.auto 0
2026-09-15T04:24:23.9078575Z ##[endgroup]
2026-09-15T04:24:23.9080467Z ##[group]Setting up auth
2026-09-15T04:24:23.9081680Z Removing SSH command configuration
2026-09-15T04:24:23.9083790Z [command]/usr/bin/git config --local --name-only --get-regexp core\.sshCommand
2026-09-15T04:24:23.9114282Z [command]/usr/bin/git submodule foreach --recursive sh -c "git config --local --name-only --get-regexp 'core\.sshCommand' && git config --local --unset-all 'core.sshCommand' || :"
2026-09-15T04:24:24.1567619Z Removing HTTP extra header
2026-09-15T04:24:24.1573002Z [command]/usr/bin/git config --local --name-only --get-regexp http\.https\:\/\/github\.com\/\.extraheader
2026-09-15T04:24:24.1601933Z [command]/usr/bin/git submodule foreach --recursive sh -c "git config --local --name-only --get-regexp 'http\.https\:\/\/github\.com\/\.extraheader' && git config --local --unset-all 'http.https://github.com/.extraheader' || :"
2026-09-15T04:24:24.1831610Z Removing includeIf entries pointing to credentials config files
2026-09-15T04:24:24.1836626Z [command]/usr/bin/git config --local --name-only --get-regexp ^includeIf\.gitdir:
2026-09-15T04:24:24.1866689Z [command]/usr/bin/git submodule foreach --recursive git config --local --show-origin --name-only --get-regexp remote.origin.url
2026-09-15T04:24:24.2099344Z [command]/usr/bin/git config --file <ci-home>/work/_temp/git-credentials-c6dcea54-4f38-416b-93d4-a285d4a7ebc8.config http.https://github.com/.extraheader AUTHORIZATION: basic ***
2026-09-15T04:24:24.2137306Z [command]/usr/bin/git config --local includeIf.gitdir:<ci-home>/work/Learning_Workbench/Learning_Workbench/.git.path <ci-home>/work/_temp/git-credentials-c6dcea54-4f38-416b-93d4-a285d4a7ebc8.config
2026-09-15T04:24:24.2164680Z [command]/usr/bin/git config --local includeIf.gitdir:<ci-home>/work/Learning_Workbench/Learning_Workbench/.git/worktrees/*.path <ci-home>/work/_temp/git-credentials-c6dcea54-4f38-416b-93d4-a285d4a7ebc8.config
2026-09-15T04:24:24.2194255Z [command]/usr/bin/git config --local includeIf.gitdir:/github/workspace/.git.path /github/runner_temp/git-credentials-c6dcea54-4f38-416b-93d4-a285d4a7ebc8.config
2026-09-15T04:24:24.2221327Z [command]/usr/bin/git config --local includeIf.gitdir:/github/workspace/.git/worktrees/*.path /github/runner_temp/git-credentials-c6dcea54-4f38-416b-93d4-a285d4a7ebc8.config
2026-09-15T04:24:24.2246866Z ##[endgroup]
2026-09-15T04:24:24.2248586Z ##[group]Fetching the repository
2026-09-15T04:24:24.2252276Z [command]/usr/bin/git -c protocol.version=2 fetch --no-tags --prune --no-recurse-submodules --depth=1 origin +430312770e4e75c876c997b542d0069af73b1538:refs/remotes/pull/48/merge
2026-09-15T04:24:25.2169339Z From https://github.com/kl3574/Learning_Workbench
2026-09-15T04:24:25.2170843Z  * [new ref]         430312770e4e75c876c997b542d0069af73b1538 -> pull/48/merge
2026-09-15T04:24:25.2173879Z ##[endgroup]
2026-09-15T04:24:25.2174794Z ##[group]Determining the checkout info
2026-09-15T04:24:25.2175509Z ##[endgroup]
2026-09-15T04:24:25.2181399Z [command]/usr/bin/git sparse-checkout disable
2026-09-15T04:24:25.2276410Z [command]/usr/bin/git config --local --unset-all extensions.worktreeConfig
2026-09-15T04:24:25.2304326Z ##[group]Checking out the ref
2026-09-15T04:24:25.2307562Z [command]/usr/bin/git checkout --progress --force refs/remotes/pull/48/merge
2026-09-15T04:24:25.4160578Z Note: switching to 'refs/remotes/pull/48/merge'.
2026-09-15T04:24:25.4161494Z 
2026-09-15T04:24:25.4161942Z You are in 'detached HEAD' state. You can look around, make experimental
2026-09-15T04:24:25.4162899Z changes and commit them, and you can discard any commits you make in this
2026-09-15T04:24:25.4163598Z state without impacting any branches by switching back to a branch.
2026-09-15T04:24:25.4164002Z 
2026-09-15T04:24:25.4164484Z If you want to create a new branch to retain commits you create, you may
2026-09-15T04:24:25.4165334Z do so (now or later) by using -c with the switch command. Example:
2026-09-15T04:24:25.4165900Z 
2026-09-15T04:24:25.4166267Z   git switch -c <new-branch-name>
2026-09-15T04:24:25.4166746Z 
2026-09-15T04:24:25.4166987Z Or undo this operation with:
2026-09-15T04:24:25.4167322Z 
2026-09-15T04:24:25.4167618Z   git switch -
2026-09-15T04:24:25.4168005Z 
2026-09-15T04:24:25.4168409Z Turn off this advice by setting config variable advice.detachedHead to false
2026-09-15T04:24:25.4168945Z 
2026-09-15T04:24:25.4169476Z HEAD is now at 4303127 Merge 1db509f9bf4c296eb6fb7f3d99d94b5f243d2e7c into 98f1701299533970581ba12733d74cb5e3882193
2026-09-15T04:24:25.4172078Z ##[endgroup]
2026-09-15T04:24:25.4225175Z [command]/usr/bin/git log -1 --format=%H
2026-09-15T04:24:25.4248154Z 430312770e4e75c876c997b542d0069af73b1538
2026-09-15T04:24:25.4519530Z ##[group]Run actions/setup-python@5fda3b95a4ea91299a34e894583c3862153e4b97
2026-09-15T04:24:25.4520166Z with:
2026-09-15T04:24:25.4520537Z   python-version: 3.12.13
2026-09-15T04:24:25.4520912Z   check-latest: false
2026-09-15T04:24:25.4524134Z   token: ***
2026-09-15T04:24:25.4524506Z   update-environment: true
2026-09-15T04:24:25.4524980Z   allow-prereleases: false
2026-09-15T04:24:25.4525402Z   freethreaded: false
2026-09-15T04:24:25.4525751Z ##[endgroup]
2026-09-15T04:24:25.5692463Z ##[group]Installed versions
2026-09-15T04:24:25.5705578Z Version 3.12.13 was not found in the local cache
2026-09-15T04:24:26.3323812Z Version 3.12.13 is available for downloading
2026-09-15T04:24:26.3325109Z Download from "https://github.com/actions/python-versions/releases/download/3.12.13-27650778726/python-3.12.13-linux-26.04-x64.tar.gz"
2026-09-15T04:24:26.8283943Z Extract downloaded archive
2026-09-15T04:24:26.8393933Z [command]/usr/bin/tar xz --warning=no-unknown-keyword --overwrite -C <ci-home>/work/_temp/3a740112-418e-4e6b-81d7-229dbff8f58f -f <ci-home>/work/_temp/c02602d6-ca82-408f-919a-e99331d5c17a
2026-09-15T04:24:28.2189659Z Execute installation script
2026-09-15T04:24:28.2301305Z Check if Python hostedtoolcache folder exist...
2026-09-15T04:24:28.2302089Z Create Python 3.12.13 folder
2026-09-15T04:24:28.2329058Z Copy Python binaries to hostedtoolcache folder
2026-09-15T04:24:28.4878281Z Create additional symlinks (Required for the UsePythonVersion Azure Pipelines task and the setup-python GitHub Action)
2026-09-15T04:24:28.4960688Z Upgrading pip...
2026-09-15T04:24:30.4330521Z Collecting pip
2026-09-15T04:24:30.4546573Z Downloading pip-26.2.1-py3-none-any.whl.metadata (4.6 kB)
2026-09-15T04:24:30.4650569Z Downloading pip-26.2.1-py3-none-any.whl (1.8 MB)
2026-09-15T04:24:30.4954057Z ━━━━━━━━━━━━━━━━━━━━━━━━━━━━━━━━━━━━━━━━ 1.8/1.8 MB 67.7 MB/s eta 0:00:00
2026-09-15T04:24:30.4954666Z 
2026-09-15T04:24:30.5353895Z Installing collected packages: pip
2026-09-15T04:24:30.5354611Z Attempting uninstall: pip
2026-09-15T04:24:30.5371669Z Found existing installation: pip 25.0.1
2026-09-15T04:24:30.5602962Z Uninstalling pip-25.0.1:
2026-09-15T04:24:30.5648680Z Successfully uninstalled pip-25.0.1
2026-09-15T04:24:31.3175862Z Successfully installed pip-26.2.1
2026-09-15T04:24:31.3810362Z Create complete file
2026-09-15T04:24:31.3866161Z Successfully set up CPython (3.12.13)
2026-09-15T04:24:31.3867135Z ##[endgroup]
2026-09-15T04:24:31.4054410Z ##[group]Run actions/setup-node@820762786026740c76f36085b0efc47a31fe5020
2026-09-15T04:24:31.4054897Z with:
2026-09-15T04:24:31.4055244Z   node-version: 24.21.0
2026-09-15T04:24:31.4055563Z   check-latest: false
2026-09-15T04:24:31.4058638Z   token: ***
2026-09-15T04:24:31.4059001Z   package-manager-cache: true
2026-09-15T04:24:31.4059393Z env:
2026-09-15T04:24:31.4059775Z   pythonLocation: /opt/hostedtoolcache/Python/3.12.13/x64
2026-09-15T04:24:31.4060304Z   PKG_CONFIG_PATH: /opt/hostedtoolcache/Python/3.12.13/x64/lib/pkgconfig
2026-09-15T04:24:31.4060801Z   Python_ROOT_DIR: /opt/hostedtoolcache/Python/3.12.13/x64
2026-09-15T04:24:31.4061313Z   Python2_ROOT_DIR: /opt/hostedtoolcache/Python/3.12.13/x64
2026-09-15T04:24:31.4061818Z   Python3_ROOT_DIR: /opt/hostedtoolcache/Python/3.12.13/x64
2026-09-15T04:24:31.4062380Z   LD_LIBRARY_PATH: /opt/hostedtoolcache/Python/3.12.13/x64/lib
2026-09-15T04:24:31.4063034Z ##[endgroup]
2026-09-15T04:24:31.5477186Z Attempting to download 24.21.0...
2026-09-15T04:24:32.1694663Z Acquiring 24.21.0 - x64 from https://github.com/actions/node-versions/releases/download/24.21.0-34304089047/node-24.21.0-linux-x64.tar.gz
2026-09-15T04:24:32.5183085Z Extracting ...
2026-09-15T04:24:32.5291812Z [command]/usr/bin/tar xz --strip 1 --warning=no-unknown-keyword --overwrite -C <ci-home>/work/_temp/18c04232-faf6-48ca-96b6-c7f5270421f4 -f <ci-home>/work/_temp/5d9ca398-2e80-4e90-a79a-48554dc0a6af
2026-09-15T04:24:33.3534503Z Adding to the cache ...
2026-09-15T04:24:35.5312381Z ##[group]Environment details
2026-09-15T04:24:35.9243390Z node: v24.21.0
2026-09-15T04:24:35.9243926Z npm: 11.19.0
2026-09-15T04:24:35.9244360Z yarn: 1.22.22
2026-09-15T04:24:35.9245043Z ##[endgroup]
2026-09-15T04:24:35.9461808Z ##[group]Run python -m pip install uv==0.11.21
2026-09-15T04:24:35.9462341Z [36;1mpython -m pip install uv==0.11.21[0m
2026-09-15T04:24:36.0080912Z shell: /usr/bin/bash -e {0}
2026-09-15T04:24:36.0081431Z env:
2026-09-15T04:24:36.0082069Z   pythonLocation: /opt/hostedtoolcache/Python/3.12.13/x64
2026-09-15T04:24:36.0082961Z   PKG_CONFIG_PATH: /opt/hostedtoolcache/Python/3.12.13/x64/lib/pkgconfig
2026-09-15T04:24:36.0083508Z   Python_ROOT_DIR: /opt/hostedtoolcache/Python/3.12.13/x64
2026-09-15T04:24:36.0084039Z   Python2_ROOT_DIR: /opt/hostedtoolcache/Python/3.12.13/x64
2026-09-15T04:24:36.0084541Z   Python3_ROOT_DIR: /opt/hostedtoolcache/Python/3.12.13/x64
2026-09-15T04:24:36.0085599Z   LD_LIBRARY_PATH: /opt/hostedtoolcache/Python/3.12.13/x64/lib
2026-09-15T04:24:36.0086066Z ##[endgroup]
2026-09-15T04:24:37.1585138Z Collecting uv==0.11.21
2026-09-15T04:24:37.1904029Z   Downloading uv-0.11.21-py3-none-manylinux_2_17_x86_64.manylinux2014_x86_64.whl.metadata (11 kB)
2026-09-15T04:24:37.1993326Z Downloading uv-0.11.21-py3-none-manylinux_2_17_x86_64.manylinux2014_x86_64.whl (25.1 MB)
2026-09-15T04:24:37.4411716Z    ━━━━━━━━━━━━━━━━━━━━━━━━━━━━━━━━━━━━━━━━ 25.1/25.1 MB 110.3 MB/s  0:00:00
2026-09-15T04:24:37.4887850Z Installing collected packages: uv
2026-09-15T04:24:37.8157787Z Successfully installed uv-0.11.21
2026-09-15T04:24:37.8820553Z ##[group]Run uv sync --frozen
2026-09-15T04:24:37.8820991Z [36;1muv sync --frozen[0m
2026-09-15T04:24:37.8859860Z shell: /usr/bin/bash -e {0}
2026-09-15T04:24:37.8860293Z env:
2026-09-15T04:24:37.8860691Z   pythonLocation: /opt/hostedtoolcache/Python/3.12.13/x64
2026-09-15T04:24:37.8861226Z   PKG_CONFIG_PATH: /opt/hostedtoolcache/Python/3.12.13/x64/lib/pkgconfig
2026-09-15T04:24:37.8861927Z   Python_ROOT_DIR: /opt/hostedtoolcache/Python/3.12.13/x64
2026-09-15T04:24:37.8862397Z   Python2_ROOT_DIR: /opt/hostedtoolcache/Python/3.12.13/x64
2026-09-15T04:24:37.8862994Z   Python3_ROOT_DIR: /opt/hostedtoolcache/Python/3.12.13/x64
2026-09-15T04:24:37.8863527Z   LD_LIBRARY_PATH: /opt/hostedtoolcache/Python/3.12.13/x64/lib
2026-09-15T04:24:37.8863973Z ##[endgroup]
2026-09-15T04:24:37.9433643Z Using CPython 3.12.13 interpreter at: /opt/hostedtoolcache/Python/3.12.13/x64/bin/python3.12
2026-09-15T04:24:37.9435223Z Creating virtual environment at: .venv
2026-09-15T04:24:38.0033607Z Downloading ast-serialize (1.3MiB)
2026-09-15T04:24:38.0035741Z Downloading pygments (1.2MiB)
2026-09-15T04:24:38.0037215Z Downloading mypy (14.6MiB)
2026-09-15T04:24:38.0047938Z Downloading ruff (9.9MiB)
2026-09-15T04:24:38.0050783Z Downloading pydantic-core (2.0MiB)
2026-09-15T04:24:38.2348023Z  Downloaded ast-serialize
2026-09-15T04:24:38.2828544Z  Downloaded pydantic-core
2026-09-15T04:24:38.3535273Z  Downloaded ruff
2026-09-15T04:24:38.4189919Z  Downloaded pygments
2026-09-15T04:24:38.5537590Z  Downloaded mypy
2026-09-15T04:24:38.5541121Z Prepared 37 packages in 607ms
2026-09-15T04:24:38.5819347Z Installed 37 packages in 27ms
2026-09-15T04:24:38.5820139Z  + annotated-doc==0.0.5
2026-09-15T04:24:38.5820874Z  + annotated-types==0.8.0
2026-09-15T04:24:38.5821504Z  + anyio==4.15.1
2026-09-15T04:24:38.5822096Z  + ast-serialize==0.11.2
2026-09-15T04:24:38.5822892Z  + attrs==26.1.0
2026-09-15T04:24:38.5823402Z  + certifi==2026.7.22
2026-09-15T04:24:38.5823826Z  + click==8.5.0
2026-09-15T04:24:38.5824243Z  + defusedxml==0.7.1
2026-09-15T04:24:38.5824680Z  + fastapi==0.141.1
2026-09-15T04:24:38.5825006Z  + h11==0.16.0
2026-09-15T04:24:38.5825326Z  + httpcore==1.0.9
2026-09-15T04:24:38.5825705Z  + httpx==0.28.1
2026-09-15T04:24:38.5826175Z  + idna==3.19
2026-09-15T04:24:38.5826684Z  + iniconfig==2.3.0
2026-09-15T04:24:38.5827130Z  + jsonschema==4.26.0
2026-09-15T04:24:38.5827682Z  + jsonschema-specifications==2025.9.1
2026-09-15T04:24:38.5828919Z  + librt==0.15.0
2026-09-15T04:24:38.5829429Z  + markdown-it-py==4.2.0
2026-09-15T04:24:38.5829886Z  + mdurl==0.1.2
2026-09-15T04:24:38.5830390Z  + mypy==2.3.1
2026-09-15T04:24:38.5830822Z  + mypy-extensions==1.1.0
2026-09-15T04:24:38.5831261Z  + packaging==26.3
2026-09-15T04:24:38.5831749Z  + pathspec==1.1.1
2026-09-15T04:24:38.5832457Z  + pluggy==1.6.0
2026-09-15T04:24:38.5833097Z  + pydantic==2.13.5
2026-09-15T04:24:38.5838422Z  + pydantic-core==2.46.5
2026-09-15T04:24:38.5839223Z  + pygments==2.21.0
2026-09-15T04:24:38.5839630Z  + pypdf==6.18.1
2026-09-15T04:24:38.5839961Z  + pytest==9.1.1
2026-09-15T04:24:38.5840329Z  + python-multipart==0.0.32
2026-09-15T04:24:38.5840725Z  + referencing==0.37.0
2026-09-15T04:24:38.5841080Z  + rpds-py==2026.6.3
2026-09-15T04:24:38.5841435Z  + ruff==0.16.7
2026-09-15T04:24:38.5842058Z  + starlette==1.6.0
2026-09-15T04:24:38.5852887Z  + typing-extensions==4.16.0
2026-09-15T04:24:38.5854018Z  + typing-inspection==0.4.4
2026-09-15T04:24:38.5854677Z  + uvicorn==0.53.0
2026-09-15T04:24:38.5910807Z ##[group]Run sudo apt-get update
2026-09-15T04:24:38.5911390Z [36;1msudo apt-get update[0m
2026-09-15T04:24:38.5912777Z [36;1msudo apt-get install -y bubblewrap=0.11.1-1ubuntu0.1 apparmor=5.0.2-0ubuntu1~26.04.1 libapparmor1=5.0.2-0ubuntu1~26.04.1 libseccomp2=2.6.0-2ubuntu5[0m
2026-09-15T04:24:38.5914118Z [36;1mdpkg-query -W bubblewrap apparmor libapparmor1 libseccomp2[0m
2026-09-15T04:24:38.5914895Z [36;1mtest -f /etc/apparmor.d/bwrap-userns-restrict[0m
2026-09-15T04:24:38.5915526Z [36;1mbwrap --version[0m
2026-09-15T04:24:38.5967579Z shell: /usr/bin/bash -e {0}
2026-09-15T04:24:38.5968127Z env:
2026-09-15T04:24:38.5968713Z   pythonLocation: /opt/hostedtoolcache/Python/3.12.13/x64
2026-09-15T04:24:38.5969496Z   PKG_CONFIG_PATH: /opt/hostedtoolcache/Python/3.12.13/x64/lib/pkgconfig
2026-09-15T04:24:38.5970264Z   Python_ROOT_DIR: /opt/hostedtoolcache/Python/3.12.13/x64
2026-09-15T04:24:38.5971239Z   Python2_ROOT_DIR: /opt/hostedtoolcache/Python/3.12.13/x64
2026-09-15T04:24:38.5972064Z   Python3_ROOT_DIR: /opt/hostedtoolcache/Python/3.12.13/x64
2026-09-15T04:24:38.5973015Z   LD_LIBRARY_PATH: /opt/hostedtoolcache/Python/3.12.13/x64/lib
2026-09-15T04:24:38.5973636Z ##[endgroup]
2026-09-15T04:24:38.7294166Z Get:1 file:/etc/apt/apt-mirrors.txt Mirrorlist [144 B]
2026-09-15T04:24:38.7700623Z Get:6 https://packages.microsoft.com/ubuntu/26.04/prod resolute InRelease [3964 B]
2026-09-15T04:24:38.7971776Z Hit:2 http://azure.archive.ubuntu.com/ubuntu resolute InRelease
2026-09-15T04:24:38.8064694Z Get:3 http://azure.archive.ubuntu.com/ubuntu resolute-updates InRelease [137 kB]
2026-09-15T04:24:38.8257420Z Get:4 http://azure.archive.ubuntu.com/ubuntu resolute-backports InRelease [137 kB]
2026-09-15T04:24:38.8357003Z Get:5 http://azure.archive.ubuntu.com/ubuntu resolute-security InRelease [137 kB]
2026-09-15T04:24:38.8464011Z Get:7 https://dl.google.com/linux/chrome-stable/deb stable InRelease [2548 B]
2026-09-15T04:24:38.8545204Z Get:8 https://packages.microsoft.com/ubuntu/26.04/prod resolute/main arm64 Packages [52.1 kB]
2026-09-15T04:24:38.8674506Z Get:9 https://packages.microsoft.com/ubuntu/26.04/prod resolute/main amd64 Packages [59.9 kB]
2026-09-15T04:24:38.8993167Z Get:10 http://azure.archive.ubuntu.com/ubuntu resolute-updates/main amd64v3 Packages [607 kB]
2026-09-15T04:24:38.9024375Z Get:11 http://azure.archive.ubuntu.com/ubuntu resolute-updates/main Translation-en [144 kB]
2026-09-15T04:24:38.9083818Z Get:12 http://azure.archive.ubuntu.com/ubuntu resolute-updates/main amd64 Components [97.8 kB]
2026-09-15T04:24:38.9085072Z Get:13 http://azure.archive.ubuntu.com/ubuntu resolute-updates/universe amd64v3 Packages [286 kB]
2026-09-15T04:24:38.9086510Z Get:14 http://azure.archive.ubuntu.com/ubuntu resolute-updates/universe Translation-en [91.4 kB]
2026-09-15T04:24:38.9093751Z Get:15 http://azure.archive.ubuntu.com/ubuntu resolute-updates/universe amd64 Components [188 kB]
2026-09-15T04:24:38.9224611Z Get:16 http://azure.archive.ubuntu.com/ubuntu resolute-updates/restricted amd64v3 Packages [409 kB]
2026-09-15T04:24:38.9246976Z Get:17 http://azure.archive.ubuntu.com/ubuntu resolute-updates/restricted Translation-en [79.5 kB]
2026-09-15T04:24:38.9258216Z Get:18 http://azure.archive.ubuntu.com/ubuntu resolute-updates/multiverse amd64v3 Packages [11.6 kB]
2026-09-15T04:24:38.9267039Z Get:19 http://azure.archive.ubuntu.com/ubuntu resolute-updates/multiverse Translation-en [3036 B]
2026-09-15T04:24:38.9701291Z Get:20 http://azure.archive.ubuntu.com/ubuntu resolute-backports/universe amd64 Components [1056 B]
2026-09-15T04:24:38.9708544Z Get:21 http://azure.archive.ubuntu.com/ubuntu resolute-security/main amd64v3 Packages [474 kB]
2026-09-15T04:24:38.9735868Z Get:22 http://azure.archive.ubuntu.com/ubuntu resolute-security/main Translation-en [111 kB]
2026-09-15T04:24:38.9752946Z Get:23 http://azure.archive.ubuntu.com/ubuntu resolute-security/main amd64 Components [46.6 kB]
2026-09-15T04:24:38.9791830Z Get:24 http://azure.archive.ubuntu.com/ubuntu resolute-security/universe amd64v3 Packages [173 kB]
2026-09-15T04:24:38.9810766Z Get:25 http://azure.archive.ubuntu.com/ubuntu resolute-security/universe Translation-en [54.4 kB]
2026-09-15T04:24:38.9818353Z Get:26 http://azure.archive.ubuntu.com/ubuntu resolute-security/universe amd64 Components [43.4 kB]
2026-09-15T04:24:38.9897051Z Get:27 http://azure.archive.ubuntu.com/ubuntu resolute-security/restricted amd64v3 Packages [399 kB]
2026-09-15T04:24:38.9926062Z Get:28 http://azure.archive.ubuntu.com/ubuntu resolute-security/restricted Translation-en [77.7 kB]
2026-09-15T04:24:38.9935795Z Get:29 http://azure.archive.ubuntu.com/ubuntu resolute-security/multiverse amd64v3 Packages [10.9 kB]
2026-09-15T04:24:38.9944692Z Get:30 http://azure.archive.ubuntu.com/ubuntu resolute-security/multiverse Translation-en [2844 B]
2026-09-15T04:24:39.0488809Z Get:31 https://dl.google.com/linux/chrome-stable/deb stable/main amd64 Packages [1413 B]
2026-09-15T04:24:48.0418821Z Fetched 3842 kB in 1s (7419 kB/s)
2026-09-15T04:24:48.7130775Z Reading package lists...
2026-09-15T04:24:48.7456139Z Reading package lists...
2026-09-15T04:24:48.8867928Z Building dependency tree...
2026-09-15T04:24:48.8875176Z Reading state information...
2026-09-15T04:24:48.9224274Z bubblewrap is already the newest version (0.11.1-1ubuntu0.1).
2026-09-15T04:24:48.9224853Z bubblewrap set to manually installed.
2026-09-15T04:24:48.9225608Z apparmor is already the newest version (5.0.2-0ubuntu1~26.04.1).
2026-09-15T04:24:48.9226110Z apparmor set to manually installed.
2026-09-15T04:24:48.9226696Z libapparmor1 is already the newest version (5.0.2-0ubuntu1~26.04.1).
2026-09-15T04:24:48.9227204Z libapparmor1 set to manually installed.
2026-09-15T04:24:48.9227697Z libseccomp2 is already the newest version (2.6.0-2ubuntu5).
2026-09-15T04:24:48.9228240Z libseccomp2 set to manually installed.
2026-09-15T04:24:48.9684680Z Solving dependencies...
2026-09-15T04:24:49.0974990Z 0 upgraded, 0 newly installed, 0 to remove and 73 not upgraded.
2026-09-15T04:24:49.1250751Z apparmor	5.0.2-0ubuntu1~26.04.1
2026-09-15T04:24:49.1251484Z bubblewrap	0.11.1-1ubuntu0.1
2026-09-15T04:24:49.1251932Z libapparmor1:amd64	5.0.2-0ubuntu1~26.04.1
2026-09-15T04:24:49.1252478Z libseccomp2:amd64	2.6.0-2ubuntu5
2026-09-15T04:24:49.1505392Z bubblewrap 0.11.1
2026-09-15T04:24:49.1540938Z ##[group]Run npm ci --prefix apps/web
2026-09-15T04:24:49.1541412Z [36;1mnpm ci --prefix apps/web[0m
2026-09-15T04:24:49.1578399Z shell: /usr/bin/bash -e {0}
2026-09-15T04:24:49.1578782Z env:
2026-09-15T04:24:49.1579179Z   pythonLocation: /opt/hostedtoolcache/Python/3.12.13/x64
2026-09-15T04:24:49.1579767Z   PKG_CONFIG_PATH: /opt/hostedtoolcache/Python/3.12.13/x64/lib/pkgconfig
2026-09-15T04:24:49.1580268Z   Python_ROOT_DIR: /opt/hostedtoolcache/Python/3.12.13/x64
2026-09-15T04:24:49.1580793Z   Python2_ROOT_DIR: /opt/hostedtoolcache/Python/3.12.13/x64
2026-09-15T04:24:49.1581254Z   Python3_ROOT_DIR: /opt/hostedtoolcache/Python/3.12.13/x64
2026-09-15T04:24:49.1581731Z   LD_LIBRARY_PATH: /opt/hostedtoolcache/Python/3.12.13/x64/lib
2026-09-15T04:24:49.1582165Z ##[endgroup]
2026-09-15T04:24:55.0485109Z 
2026-09-15T04:24:55.0486052Z added 236 packages, and audited 237 packages in 6s
2026-09-15T04:24:55.0486794Z 
2026-09-15T04:24:55.0487494Z 118 packages are looking for funding
2026-09-15T04:24:55.0488094Z   run `npm fund` for details
2026-09-15T04:24:55.0498439Z 
2026-09-15T04:24:55.0498996Z found 0 vulnerabilities
2026-09-15T04:24:55.0779273Z ##[group]Run npm --prefix apps/web exec -- playwright install --with-deps chromium
2026-09-15T04:24:55.0780228Z [36;1mnpm --prefix apps/web exec -- playwright install --with-deps chromium[0m
2026-09-15T04:24:55.0821742Z shell: /usr/bin/bash -e {0}
2026-09-15T04:24:55.0822140Z env:
2026-09-15T04:24:55.0822748Z   pythonLocation: /opt/hostedtoolcache/Python/3.12.13/x64
2026-09-15T04:24:55.0823336Z   PKG_CONFIG_PATH: /opt/hostedtoolcache/Python/3.12.13/x64/lib/pkgconfig
2026-09-15T04:24:55.0823851Z   Python_ROOT_DIR: /opt/hostedtoolcache/Python/3.12.13/x64
2026-09-15T04:24:55.0824374Z   Python2_ROOT_DIR: /opt/hostedtoolcache/Python/3.12.13/x64
2026-09-15T04:24:55.0824854Z   Python3_ROOT_DIR: /opt/hostedtoolcache/Python/3.12.13/x64
2026-09-15T04:24:55.0825333Z   LD_LIBRARY_PATH: /opt/hostedtoolcache/Python/3.12.13/x64/lib
2026-09-15T04:24:55.0825762Z ##[endgroup]
2026-09-15T04:24:55.7418099Z Installing dependencies...
2026-09-15T04:24:55.7501078Z Switching to root user to install dependencies...
2026-09-15T04:24:55.8282930Z Get:1 file:/etc/apt/apt-mirrors.txt Mirrorlist [144 B]
2026-09-15T04:24:55.9132096Z Hit:6 https://dl.google.com/linux/chrome-stable/deb stable InRelease
2026-09-15T04:24:55.9143098Z Hit:7 https://packages.microsoft.com/ubuntu/26.04/prod resolute InRelease
2026-09-15T04:24:55.9346534Z Hit:2 http://azure.archive.ubuntu.com/ubuntu resolute InRelease
2026-09-15T04:24:55.9368399Z Hit:3 http://azure.archive.ubuntu.com/ubuntu resolute-updates InRelease
2026-09-15T04:24:55.9384251Z Hit:4 http://azure.archive.ubuntu.com/ubuntu resolute-backports InRelease
2026-09-15T04:24:55.9385732Z Hit:5 http://azure.archive.ubuntu.com/ubuntu resolute-security InRelease
2026-09-15T04:24:56.7788046Z Reading package lists...
2026-09-15T04:24:56.8069409Z Reading package lists...
2026-09-15T04:24:56.9612003Z Building dependency tree...
2026-09-15T04:24:56.9619222Z Reading state information...
2026-09-15T04:24:56.9974840Z libasound2t64 is already the newest version (1.2.15.3-1ubuntu1.1).
2026-09-15T04:24:56.9975777Z libasound2t64 set to manually installed.
2026-09-15T04:24:56.9976654Z libatk-bridge2.0-0t64 is already the newest version (2.60.4-0ubuntu0.1).
2026-09-15T04:24:56.9977592Z libatk-bridge2.0-0t64 set to manually installed.
2026-09-15T04:24:56.9978472Z libatk1.0-0t64 is already the newest version (2.60.4-0ubuntu0.1).
2026-09-15T04:24:56.9979271Z libatk1.0-0t64 set to manually installed.
2026-09-15T04:24:56.9980082Z libatspi2.0-0t64 is already the newest version (2.60.4-0ubuntu0.1).
2026-09-15T04:24:56.9980919Z libatspi2.0-0t64 set to manually installed.
2026-09-15T04:24:56.9981698Z libcairo2 is already the newest version (1.18.4-3).
2026-09-15T04:24:56.9982358Z libcairo2 set to manually installed.
2026-09-15T04:24:56.9983499Z libcups2t64 is already the newest version (2.4.16-1ubuntu1.3).
2026-09-15T04:24:56.9984293Z libcups2t64 set to manually installed.
2026-09-15T04:24:56.9985079Z libdbus-1-3 is already the newest version (1.16.2-2ubuntu4).
2026-09-15T04:24:56.9985845Z libdbus-1-3 set to manually installed.
2026-09-15T04:24:56.9986523Z libdrm2 is already the newest version (2.4.131-1).
2026-09-15T04:24:56.9987170Z libdrm2 set to manually installed.
2026-09-15T04:24:56.9987898Z libgbm1 is already the newest version (26.0.8-1ubuntu0.3).
2026-09-15T04:24:56.9988639Z libgbm1 set to manually installed.
2026-09-15T04:24:56.9989370Z libglib2.0-0t64 is already the newest version (2.88.0-1).
2026-09-15T04:24:56.9990144Z libglib2.0-0t64 set to manually installed.
2026-09-15T04:24:56.9990932Z libnspr4 is already the newest version (2:4.38.2-1ubuntu1).
2026-09-15T04:24:56.9991651Z libnspr4 set to manually installed.
2026-09-15T04:24:56.9992422Z libnss3 is already the newest version (2:3.120-1ubuntu2.1).
2026-09-15T04:24:56.9993350Z libnss3 set to manually installed.
2026-09-15T04:24:56.9994071Z libpango-1.0-0 is already the newest version (1.57.0-1).
2026-09-15T04:24:56.9994843Z libpango-1.0-0 set to manually installed.
2026-09-15T04:24:56.9995610Z libx11-6 is already the newest version (2:1.8.13-1).
2026-09-15T04:24:56.9996814Z libx11-6 set to manually installed.
2026-09-15T04:24:56.9997556Z libxcb1 is already the newest version (1.17.0-2ubuntu1).
2026-09-15T04:24:56.9998238Z libxcb1 set to manually installed.
2026-09-15T04:24:56.9999062Z libxcomposite1 is already the newest version (1:0.4.6-1build1).
2026-09-15T04:24:56.9999899Z libxcomposite1 set to manually installed.
2026-09-15T04:24:57.0000633Z libxdamage1 is already the newest version (1:1.1.7-1).
2026-09-15T04:24:57.0001367Z libxdamage1 set to manually installed.
2026-09-15T04:24:57.0002098Z libxext6 is already the newest version (2:1.3.4-1build3).
2026-09-15T04:24:57.0003018Z libxext6 set to manually installed.
2026-09-15T04:24:57.0003825Z libxfixes3 is already the newest version (1:6.0.0-2build2).
2026-09-15T04:24:57.0004578Z libxfixes3 set to manually installed.
2026-09-15T04:24:57.0005343Z libxkbcommon0 is already the newest version (1.13.1-1).
2026-09-15T04:24:57.0006057Z libxkbcommon0 set to manually installed.
2026-09-15T04:24:57.0006800Z libxrandr2 is already the newest version (2:1.5.4-1build1).
2026-09-15T04:24:57.0007637Z libxrandr2 set to manually installed.
2026-09-15T04:24:57.0008346Z xvfb is already the newest version (2:21.1.22-1ubuntu1).
2026-09-15T04:24:57.0009288Z fonts-noto-color-emoji is already the newest version (2.051-1build1).
2026-09-15T04:24:57.0010240Z libfontconfig1 is already the newest version (2.17.1-3ubuntu1).
2026-09-15T04:24:57.0010993Z libfontconfig1 set to manually installed.
2026-09-15T04:24:57.0011951Z libfreetype6 is already the newest version (2.14.2+dfsg-1ubuntu0.1).
2026-09-15T04:24:57.0013154Z libfreetype6 set to manually installed.
2026-09-15T04:24:57.0013989Z fonts-liberation is already the newest version (1:2.1.5-3build1).
2026-09-15T04:24:57.0014768Z fonts-liberation set to manually installed.
2026-09-15T04:24:57.0443994Z Solving dependencies...
2026-09-15T04:24:57.1404737Z The following additional packages will be installed:
2026-09-15T04:24:57.1405717Z   xfonts-encodings xfonts-utils
2026-09-15T04:24:57.1412286Z Recommended packages:
2026-09-15T04:24:57.1413055Z   fonts-ipafont-mincho fonts-tlwg-loma
2026-09-15T04:24:57.1633625Z The following NEW packages will be installed:
2026-09-15T04:24:57.1634816Z   fonts-freefont-ttf fonts-ipafont-gothic fonts-tlwg-loma-otf fonts-unifont
2026-09-15T04:24:57.1642086Z   fonts-wqy-zenhei xfonts-cyrillic xfonts-encodings xfonts-scalable
2026-09-15T04:24:57.1643417Z   xfonts-utils
2026-09-15T04:24:57.1829957Z 0 upgraded, 9 newly installed, 0 to remove and 73 not upgraded.
2026-09-15T04:24:57.1830509Z Need to get 21.9 MB of archives.
2026-09-15T04:24:57.1831098Z After this operation, 80.2 MB of additional disk space will be used.
2026-09-15T04:24:57.1831666Z Get:1 file:/etc/apt/apt-mirrors.txt Mirrorlist [144 B]
2026-09-15T04:24:57.2390067Z Get:2 http://azure.archive.ubuntu.com/ubuntu resolute/universe amd64v3 fonts-ipafont-gothic all 00303-23ubuntu1 [3703 kB]
2026-09-15T04:24:57.2940856Z Get:3 http://azure.archive.ubuntu.com/ubuntu resolute/main amd64v3 fonts-freefont-ttf all 20211204+svn4273-4build1 [5656 kB]
2026-09-15T04:24:57.4019632Z Get:4 http://azure.archive.ubuntu.com/ubuntu resolute/universe amd64v3 fonts-tlwg-loma-otf all 1:0.7.3-1build1 [106 kB]
2026-09-15T04:24:57.4289105Z Get:5 http://azure.archive.ubuntu.com/ubuntu resolute/universe amd64v3 fonts-unifont all 1:16.0.04-1build1 [3169 kB]
2026-09-15T04:24:57.5050609Z Get:6 http://azure.archive.ubuntu.com/ubuntu resolute/universe amd64v3 fonts-wqy-zenhei all 0.9.45-8build1 [7863 kB]
2026-09-15T04:24:57.6277167Z Get:7 http://azure.archive.ubuntu.com/ubuntu resolute/main amd64v3 xfonts-encodings all 1:1.0.5-0ubuntu3 [576 kB]
2026-09-15T04:24:57.6593685Z Get:8 http://azure.archive.ubuntu.com/ubuntu resolute/main amd64v3 xfonts-utils amd64 1:7.7+7build1 [97.3 kB]
2026-09-15T04:24:57.6826271Z Get:9 http://azure.archive.ubuntu.com/ubuntu resolute/universe amd64v3 xfonts-cyrillic all 1:1.0.5+nmu1build1 [384 kB]
2026-09-15T04:24:57.7058451Z Get:10 http://azure.archive.ubuntu.com/ubuntu resolute/universe amd64v3 xfonts-scalable all 1:1.0.3-1.3build1 [304 kB]
2026-09-15T04:24:58.6473491Z Fetched 21.9 MB in 1s (40.8 MB/s)
2026-09-15T04:24:58.7270164Z Selecting previously unselected package fonts-ipafont-gothic.
2026-09-15T04:24:58.7992401Z (Reading database ... 
2026-09-15T04:24:58.7993445Z (Reading database ... 5%
2026-09-15T04:24:58.7994083Z (Reading database ... 10%
2026-09-15T04:24:58.7994463Z (Reading database ... 15%
2026-09-15T04:24:58.7994837Z (Reading database ... 20%
2026-09-15T04:24:58.7995208Z (Reading database ... 25%
2026-09-15T04:24:58.7996106Z (Reading database ... 30%
2026-09-15T04:24:58.7996531Z (Reading database ... 35%
2026-09-15T04:24:58.7996886Z (Reading database ... 40%
2026-09-15T04:24:58.7997259Z (Reading database ... 45%
2026-09-15T04:24:58.7997728Z (Reading database ... 50%
2026-09-15T04:24:59.2359636Z (Reading database ... 55%
2026-09-15T04:24:59.7268389Z (Reading database ... 60%
2026-09-15T04:25:00.1737028Z (Reading database ... 65%
2026-09-15T04:25:00.5057526Z (Reading database ... 70%
2026-09-15T04:25:00.8552398Z (Reading database ... 75%
2026-09-15T04:25:01.4092002Z (Reading database ... 80%
2026-09-15T04:25:02.6674051Z (Reading database ... 85%
2026-09-15T04:25:03.9688028Z (Reading database ... 90%
2026-09-15T04:25:04.8658740Z (Reading database ... 95%
2026-09-15T04:25:04.8661444Z (Reading database ... 100%
2026-09-15T04:25:04.8662727Z (Reading database ... 209256 files and directories currently installed.)
2026-09-15T04:25:04.8704396Z Preparing to unpack .../0-fonts-ipafont-gothic_00303-23ubuntu1_all.deb ...
2026-09-15T04:25:04.9938771Z Unpacking fonts-ipafont-gothic (00303-23ubuntu1) ...
2026-09-15T04:25:05.9250790Z Selecting previously unselected package fonts-freefont-ttf.
2026-09-15T04:25:05.9389501Z Preparing to unpack .../1-fonts-freefont-ttf_20211204+svn4273-4build1_all.deb ...
2026-09-15T04:25:06.0577234Z Unpacking fonts-freefont-ttf (20211204+svn4273-4build1) ...
2026-09-15T04:25:06.3177322Z Selecting previously unselected package fonts-tlwg-loma-otf.
2026-09-15T04:25:06.3307749Z Preparing to unpack .../2-fonts-tlwg-loma-otf_1%3a0.7.3-1build1_all.deb ...
2026-09-15T04:25:06.3330977Z Unpacking fonts-tlwg-loma-otf (1:0.7.3-1build1) ...
2026-09-15T04:25:06.3600081Z Selecting previously unselected package fonts-unifont.
2026-09-15T04:25:06.3726345Z Preparing to unpack .../3-fonts-unifont_1%3a16.0.04-1build1_all.deb ...
2026-09-15T04:25:06.3765681Z Unpacking fonts-unifont (1:16.0.04-1build1) ...
2026-09-15T04:25:06.6018052Z Selecting previously unselected package fonts-wqy-zenhei.
2026-09-15T04:25:06.6148054Z Preparing to unpack .../4-fonts-wqy-zenhei_0.9.45-8build1_all.deb ...
2026-09-15T04:25:06.6326011Z Unpacking fonts-wqy-zenhei (0.9.45-8build1) ...
2026-09-15T04:25:06.8377710Z Selecting previously unselected package xfonts-encodings.
2026-09-15T04:25:06.8557550Z Preparing to unpack .../5-xfonts-encodings_1%3a1.0.5-0ubuntu3_all.deb ...
2026-09-15T04:25:06.8583146Z Unpacking xfonts-encodings (1:1.0.5-0ubuntu3) ...
2026-09-15T04:25:06.8926382Z Selecting previously unselected package xfonts-utils.
2026-09-15T04:25:06.9056454Z Preparing to unpack .../6-xfonts-utils_1%3a7.7+7build1_amd64v3.deb ...
2026-09-15T04:25:06.9068601Z Unpacking xfonts-utils (1:7.7+7build1) ...
2026-09-15T04:25:06.9861757Z Selecting previously unselected package xfonts-cyrillic.
2026-09-15T04:25:06.9996018Z Preparing to unpack .../7-xfonts-cyrillic_1%3a1.0.5+nmu1build1_all.deb ...
2026-09-15T04:25:07.0010406Z Unpacking xfonts-cyrillic (1:1.0.5+nmu1build1) ...
2026-09-15T04:25:07.0359400Z Selecting previously unselected package xfonts-scalable.
2026-09-15T04:25:07.0488886Z Preparing to unpack .../8-xfonts-scalable_1%3a1.0.3-1.3build1_all.deb ...
2026-09-15T04:25:07.0501227Z Unpacking xfonts-scalable (1:1.0.3-1.3build1) ...
2026-09-15T04:25:07.0953421Z Setting up fonts-wqy-zenhei (0.9.45-8build1) ...
2026-09-15T04:25:07.1103600Z Setting up fonts-freefont-ttf (20211204+svn4273-4build1) ...
2026-09-15T04:25:07.1125656Z Setting up fonts-tlwg-loma-otf (1:0.7.3-1build1) ...
2026-09-15T04:25:07.1148611Z Setting up xfonts-encodings (1:1.0.5-0ubuntu3) ...
2026-09-15T04:25:07.1171268Z Setting up fonts-ipafont-gothic (00303-23ubuntu1) ...
2026-09-15T04:25:07.1234641Z update-alternatives: using /usr/share/fonts/opentype/ipafont-gothic/ipag.ttf to provide /usr/share/fonts/truetype/fonts-japanese-gothic.ttf (fonts-japanese-gothic.ttf) in auto mode
2026-09-15T04:25:07.1252050Z Setting up fonts-unifont (1:16.0.04-1build1) ...
2026-09-15T04:25:07.1275064Z Setting up xfonts-utils (1:7.7+7build1) ...
2026-09-15T04:25:07.1331780Z Setting up xfonts-cyrillic (1:1.0.5+nmu1build1) ...
2026-09-15T04:25:07.2284427Z Setting up xfonts-scalable (1:1.0.3-1.3build1) ...
2026-09-15T04:25:07.2629357Z Processing triggers for man-db (2.13.1-1build1) ...
2026-09-15T04:25:07.2654601Z Not building database; man-db/auto-update is not 'true'.
2026-09-15T04:25:07.2670597Z Processing triggers for fontconfig (2.17.1-3ubuntu1) ...
2026-09-15T04:25:08.6447289Z 
2026-09-15T04:25:08.6448574Z Running kernel seems to be up-to-date.
2026-09-15T04:25:08.6448919Z 
2026-09-15T04:25:08.6449140Z Restarting services...
2026-09-15T04:25:08.6535327Z 
2026-09-15T04:25:08.6536188Z Service restarts being deferred:
2026-09-15T04:25:08.6539389Z  systemctl restart hosted-compute-agent.service
2026-09-15T04:25:08.6539966Z 
2026-09-15T04:25:08.6540240Z No containers need to be restarted.
2026-09-15T04:25:08.6540590Z 
2026-09-15T04:25:08.6541015Z No user sessions are running outdated binaries.
2026-09-15T04:25:08.6541249Z 
2026-09-15T04:25:08.6541606Z No VM guests are running outdated hypervisor (qemu) binaries on this host.
2026-09-15T04:25:09.6009569Z Downloading Chrome for Testing 153.0.8010.12 (playwright chromium v1243) from https://cdn.playwright.dev/builds/cft/153.0.8010.12/linux64/chrome-linux64.zip
2026-09-15T04:25:10.0204013Z |                                                                                |   0% of 186.8 MiB
2026-09-15T04:25:10.1783454Z |■■■■■■■■                                                                        |  10% of 186.8 MiB
2026-09-15T04:25:10.2655955Z |■■■■■■■■■■■■■■■■                                                                |  20% of 186.8 MiB
2026-09-15T04:25:10.3493208Z |■■■■■■■■■■■■■■■■■■■■■■■■                                                        |  30% of 186.8 MiB
2026-09-15T04:25:10.4200320Z |■■■■■■■■■■■■■■■■■■■■■■■■■■■■■■■■                                                |  40% of 186.8 MiB
2026-09-15T04:25:10.5039162Z |■■■■■■■■■■■■■■■■■■■■■■■■■■■■■■■■■■■■■■■■                                        |  50% of 186.8 MiB
2026-09-15T04:25:10.6075259Z |■■■■■■■■■■■■■■■■■■■■■■■■■■■■■■■■■■■■■■■■■■■■■■■■                                |  60% of 186.8 MiB
2026-09-15T04:25:10.6947098Z |■■■■■■■■■■■■■■■■■■■■■■■■■■■■■■■■■■■■■■■■■■■■■■■■■■■■■■■■                        |  70% of 186.8 MiB
2026-09-15T04:25:10.7869131Z |■■■■■■■■■■■■■■■■■■■■■■■■■■■■■■■■■■■■■■■■■■■■■■■■■■■■■■■■■■■■■■■■                |  80% of 186.8 MiB
2026-09-15T04:25:10.8598912Z |■■■■■■■■■■■■■■■■■■■■■■■■■■■■■■■■■■■■■■■■■■■■■■■■■■■■■■■■■■■■■■■■■■■■■■■■        |  90% of 186.8 MiB
2026-09-15T04:25:10.9546714Z |■■■■■■■■■■■■■■■■■■■■■■■■■■■■■■■■■■■■■■■■■■■■■■■■■■■■■■■■■■■■■■■■■■■■■■■■■■■■■■■■| 100% of 186.8 MiB
2026-09-15T04:25:14.2358467Z Chrome for Testing 153.0.8010.12 (playwright chromium v1243) downloaded to <ci-home>/.cache/ms-playwright/chromium-1243
2026-09-15T04:25:14.2363044Z Downloading FFmpeg (playwright ffmpeg v1011) from https://cdn.playwright.dev/dbazure/download/playwright/builds/ffmpeg/1011/ffmpeg-linux.zip
2026-09-15T04:25:14.5804629Z |                                                                                |   0% of 2.3 MiB
2026-09-15T04:25:14.5846689Z |■■■■■■■■                                                                        |  10% of 2.3 MiB
2026-09-15T04:25:14.5854853Z |■■■■■■■■■■■■■■■■                                                                |  20% of 2.3 MiB
2026-09-15T04:25:14.5873074Z |■■■■■■■■■■■■■■■■■■■■■■■■                                                        |  30% of 2.3 MiB
2026-09-15T04:25:14.5883973Z |■■■■■■■■■■■■■■■■■■■■■■■■■■■■■■■■                                                |  40% of 2.3 MiB
2026-09-15T04:25:14.5890037Z |■■■■■■■■■■■■■■■■■■■■■■■■■■■■■■■■■■■■■■■■                                        |  50% of 2.3 MiB
2026-09-15T04:25:14.5900994Z |■■■■■■■■■■■■■■■■■■■■■■■■■■■■■■■■■■■■■■■■■■■■■■■■                                |  60% of 2.3 MiB
2026-09-15T04:25:14.5908054Z |■■■■■■■■■■■■■■■■■■■■■■■■■■■■■■■■■■■■■■■■■■■■■■■■■■■■■■■■                        |  70% of 2.3 MiB
2026-09-15T04:25:14.5917789Z |■■■■■■■■■■■■■■■■■■■■■■■■■■■■■■■■■■■■■■■■■■■■■■■■■■■■■■■■■■■■■■■■                |  80% of 2.3 MiB
2026-09-15T04:25:14.5926284Z |■■■■■■■■■■■■■■■■■■■■■■■■■■■■■■■■■■■■■■■■■■■■■■■■■■■■■■■■■■■■■■■■■■■■■■■■        |  90% of 2.3 MiB
2026-09-15T04:25:14.5940205Z |■■■■■■■■■■■■■■■■■■■■■■■■■■■■■■■■■■■■■■■■■■■■■■■■■■■■■■■■■■■■■■■■■■■■■■■■■■■■■■■■| 100% of 2.3 MiB
2026-09-15T04:25:14.6529194Z FFmpeg (playwright ffmpeg v1011) downloaded to <ci-home>/.cache/ms-playwright/ffmpeg-1011
2026-09-15T04:25:14.6531237Z Downloading Chrome Headless Shell 153.0.8010.12 (playwright chromium-headless-shell v1243) from https://cdn.playwright.dev/builds/cft/153.0.8010.12/linux64/chrome-headless-shell-linux64.zip
2026-09-15T04:25:15.0719453Z |                                                                                |   0% of 114.3 MiB
2026-09-15T04:25:15.1981942Z |■■■■■■■■                                                                        |  10% of 114.3 MiB
2026-09-15T04:25:15.2606769Z |■■■■■■■■■■■■■■■■                                                                |  20% of 114.3 MiB
2026-09-15T04:25:15.3179211Z |■■■■■■■■■■■■■■■■■■■■■■■■                                                        |  30% of 114.3 MiB
2026-09-15T04:25:15.3785368Z |■■■■■■■■■■■■■■■■■■■■■■■■■■■■■■■■                                                |  40% of 114.3 MiB
2026-09-15T04:25:15.4849212Z |■■■■■■■■■■■■■■■■■■■■■■■■■■■■■■■■■■■■■■■■                                        |  50% of 114.3 MiB
2026-09-15T04:25:15.5497849Z |■■■■■■■■■■■■■■■■■■■■■■■■■■■■■■■■■■■■■■■■■■■■■■■■                                |  60% of 114.3 MiB
2026-09-15T04:25:15.6236859Z |■■■■■■■■■■■■■■■■■■■■■■■■■■■■■■■■■■■■■■■■■■■■■■■■■■■■■■■■                        |  70% of 114.3 MiB
2026-09-15T04:25:15.6791526Z |■■■■■■■■■■■■■■■■■■■■■■■■■■■■■■■■■■■■■■■■■■■■■■■■■■■■■■■■■■■■■■■■                |  80% of 114.3 MiB
2026-09-15T04:25:15.7359444Z |■■■■■■■■■■■■■■■■■■■■■■■■■■■■■■■■■■■■■■■■■■■■■■■■■■■■■■■■■■■■■■■■■■■■■■■■        |  90% of 114.3 MiB
2026-09-15T04:25:15.7996966Z |■■■■■■■■■■■■■■■■■■■■■■■■■■■■■■■■■■■■■■■■■■■■■■■■■■■■■■■■■■■■■■■■■■■■■■■■■■■■■■■■| 100% of 114.3 MiB
2026-09-15T04:25:18.1638160Z Chrome Headless Shell 153.0.8010.12 (playwright chromium-headless-shell v1243) downloaded to <ci-home>/.cache/ms-playwright/chromium_headless_shell-1243
2026-09-15T04:25:18.1981954Z ##[group]Run make build
2026-09-15T04:25:18.1982635Z [36;1mmake build[0m
2026-09-15T04:25:18.2034701Z shell: /usr/bin/bash -e {0}
2026-09-15T04:25:18.2035106Z env:
2026-09-15T04:25:18.2035630Z   pythonLocation: /opt/hostedtoolcache/Python/3.12.13/x64
2026-09-15T04:25:18.2036184Z   PKG_CONFIG_PATH: /opt/hostedtoolcache/Python/3.12.13/x64/lib/pkgconfig
2026-09-15T04:25:18.2036732Z   Python_ROOT_DIR: /opt/hostedtoolcache/Python/3.12.13/x64
2026-09-15T04:25:18.2037221Z   Python2_ROOT_DIR: /opt/hostedtoolcache/Python/3.12.13/x64
2026-09-15T04:25:18.2037718Z   Python3_ROOT_DIR: /opt/hostedtoolcache/Python/3.12.13/x64
2026-09-15T04:25:18.2038226Z   LD_LIBRARY_PATH: /opt/hostedtoolcache/Python/3.12.13/x64/lib
2026-09-15T04:25:18.2038634Z ##[endgroup]
2026-09-15T04:25:18.2333107Z bash scripts/node.sh npm --prefix apps/web run build
2026-09-15T04:25:18.3483172Z 
2026-09-15T04:25:18.3484514Z > @learning-workbench/web@0.1.0 build
2026-09-15T04:25:18.3485653Z > tsc --noEmit && vite build
2026-09-15T04:25:18.3486339Z 
2026-09-15T04:25:19.5194398Z [36mvite v8.3.0 [32mbuilding client environment for production...[36m[39m
2026-09-15T04:25:19.5267419Z transforming...
2026-09-15T04:25:19.7476040Z ✓ 695 modules transformed.
2026-09-15T04:25:19.8634209Z rendering chunks...
2026-09-15T04:25:20.0266818Z computing gzip size...
2026-09-15T04:25:20.0821458Z dist/index.html                       0.41 kB │ gzip:     0.32 kB
2026-09-15T04:25:20.0822821Z dist/assets/index-Dz4_buUm.css       36.17 kB │ gzip:     7.74 kB
2026-09-15T04:25:20.0824203Z dist/assets/index-Cbl7W1WK.js       717.04 kB │ gzip:   197.63 kB
2026-09-15T04:25:20.0825309Z dist/assets/Markdown-Crhk6fIp.js  2,939.32 kB │ gzip: 1,098.70 kB
2026-09-15T04:25:20.0825893Z 
2026-09-15T04:25:20.0834997Z [33m[plugin builtin:vite-reporter] 
2026-09-15T04:25:20.0836320Z (!) Some chunks are larger than 500 kB after minification. Consider:
2026-09-15T04:25:20.0837496Z - Using dynamic import() to code-split the application
2026-09-15T04:25:20.0838648Z [32m✓ built in 566ms[39m
2026-09-15T04:25:20.0840213Z - Use build.rolldownOptions.output.codeSplitting to improve chunking: https://rolldown.rs/reference/OutputOptions.codeSplitting
2026-09-15T04:25:20.0842131Z - Adjust chunk size limit for this warning via build.chunkSizeWarningLimit.[39m
2026-09-15T04:25:20.1076923Z ##[group]Run make test-e2e
2026-09-15T04:25:20.1077320Z [36;1mmake test-e2e[0m
2026-09-15T04:25:20.1115008Z shell: /usr/bin/bash -e {0}
2026-09-15T04:25:20.1115477Z env:
2026-09-15T04:25:20.1115872Z   pythonLocation: /opt/hostedtoolcache/Python/3.12.13/x64
2026-09-15T04:25:20.1116423Z   PKG_CONFIG_PATH: /opt/hostedtoolcache/Python/3.12.13/x64/lib/pkgconfig
2026-09-15T04:25:20.1117012Z   Python_ROOT_DIR: /opt/hostedtoolcache/Python/3.12.13/x64
2026-09-15T04:25:20.1117469Z   Python2_ROOT_DIR: /opt/hostedtoolcache/Python/3.12.13/x64
2026-09-15T04:25:20.1117991Z   Python3_ROOT_DIR: /opt/hostedtoolcache/Python/3.12.13/x64
2026-09-15T04:25:20.1118464Z   LD_LIBRARY_PATH: /opt/hostedtoolcache/Python/3.12.13/x64/lib
2026-09-15T04:25:20.1118883Z ##[endgroup]
2026-09-15T04:25:20.1195017Z bash scripts/node.sh npm --prefix apps/web run test:e2e
2026-09-15T04:25:20.2165939Z 
2026-09-15T04:25:20.2166928Z > @learning-workbench/web@0.1.0 test:e2e
2026-09-15T04:25:20.2168233Z > playwright test --config ../../tests/e2e/playwright.config.ts
2026-09-15T04:25:20.2168771Z 
2026-09-15T04:25:22.6584026Z [WebServer] INFO:     Started server process [3166]
2026-09-15T04:25:22.6585193Z [WebServer] INFO:     Waiting for application startup.
2026-09-15T04:25:22.7531103Z [WebServer] INFO:     Application startup complete.
2026-09-15T04:25:22.7531996Z [WebServer] INFO:     Uvicorn running on http://127.0.0.1:8765 (Press CTRL+C to quit)
2026-09-15T04:25:24.5845520Z 
2026-09-15T04:25:24.5846548Z Running 82 tests using 1 worker
2026-09-15T04:25:24.5847121Z 
2026-09-15T04:25:50.3510901Z   ✓   1 ../../tests/e2e/assessment-restart.spec.ts:43:1 › same assessment instance rejects forged course and assessment hashes while its independent policy remains active (25.3s)
2026-09-15T04:26:07.7651032Z   ✓   2 ../../tests/e2e/assessment-restart.spec.ts:112:1 › actual browser and API restarts retain independent drafts and keep old solution receipts protected after submission (17.4s)
2026-09-15T04:26:17.4565625Z   ✓   3 ../../tests/e2e/assessments.spec.ts:41:1 › real unreviewed independent assessment saves five types and submits without fabricated grades or answer calls (9.7s)
2026-09-15T04:26:28.8933322Z   ✓   4 ../../tests/e2e/assessments.spec.ts:90:1 › open-book and assisted freeze actual policies; explicit abandon retains saved answers and yields no score (11.4s)
2026-09-15T04:26:40.4503022Z   ✓   5 ../../tests/e2e/assessments.spec.ts:109:1 › two profiles retain a real server CAS conflict with three-way comparison and reject forged same-identity parent (11.4s)
2026-09-15T04:26:46.3598313Z   ✓   6 ../../tests/e2e/assessments.spec.ts:138:1 › missing private binding visibly blocks start instead of fabricating a usable test (5.9s)
2026-09-15T04:27:00.4799742Z   ✓   7 ../../tests/e2e/assessments.spec.ts:145:1 › two pages preserve independent local CAS candidates; a later submitted snapshot never accepts restored edits (14.1s)
2026-09-15T04:27:11.0655125Z   ✓   8 ../../tests/e2e/assessments.spec.ts:251:1 › late redacted Workbench save uses its original ETag and retains hidden selection after explicit three-way choice (10.6s)
2026-09-15T04:27:21.0825543Z   ✓   9 ../../tests/e2e/assessments.spec.ts:295:1 › a genuine solution response held in flight cannot appear after another page starts an open-book assessment (10.0s)
2026-09-15T04:27:26.2193180Z 
2026-09-15T04:27:26.2197695Z   ✓  10 ../../tests/e2e/document-imports.spec.ts:87:1 › real two-page PDF keeps exact page citations, guarded original bytes and explicit fidelity approval (5.1s)
2026-09-15T04:27:31.1847560Z 
2026-09-15T04:27:31.1875592Z   ✓  11 ../../tests/e2e/document-imports.spec.ts:127:1 › real DOCX safe text stays readable for learner while original bytes require an explicit author role (5.0s)
2026-09-15T04:27:36.5213385Z 
2026-09-15T04:27:36.5261190Z   ✓  12 ../../tests/e2e/document-imports.spec.ts:202:1 › a real scanned PDF fails without invented text or OCR and its local original is checked explicitly after reload (5.3s)
2026-09-15T04:27:40.0204481Z 
2026-09-15T04:27:40.0208541Z   ✓  13 ../../tests/e2e/document-imports.spec.ts:236:3 › real encrypted.pdf extraction failure remains blocked and preserves its original hash (3.5s)
2026-09-15T04:27:43.1785076Z 
2026-09-15T04:27:43.1829893Z   ✓  14 ../../tests/e2e/document-imports.spec.ts:236:3 › real malformed.docx extraction failure remains blocked and preserves its original hash (3.1s)
2026-09-15T04:27:53.3773447Z   ✓  15 ../../tests/e2e/grading-recovery.spec.ts:57:1 › a real failed regrade survives reload and can recover from the last actual grade without losing the old submission (10.2s)
2026-09-15T04:28:08.6425287Z   ✓  16 ../../tests/e2e/grading-restart.spec.ts:50:1 › real browser and API restarts preserve the submitted answers, signed review and both grading revisions (15.2s)
2026-09-15T04:28:23.0613761Z   ✓  17 ../../tests/e2e/grading.spec.ts:34:1 › unreviewed original content stays null until an explicit author form creates a signed new grade without altering its reference approval (14.4s)
2026-09-15T04:28:35.8239690Z   ✓  18 ../../tests/e2e/grading.spec.ts:66:1 › two browser profiles keep a stale manual-review baseline through an actual 412 before explicit three-way rebase (12.8s)
2026-09-15T04:28:46.3476794Z   ✓  19 ../../tests/e2e/grading.spec.ts:81:1 › a failed manual request preserves its durable exact command and editable author draft after browser reload (10.5s)
2026-09-15T04:28:55.6877276Z   ✓  20 ../../tests/e2e/imports-policy.spec.ts:11:1 › an open author import retains its task across independent start and submit but rechecks pending-answer protection before restoring content (9.3s)
2026-09-15T04:29:01.0576225Z   ✓  21 ../../tests/e2e/imports-policy.spec.ts:61:1 › a reselected failed original survives a role-policy pause in memory while decoded text must be checked again (5.4s)
2026-09-15T04:29:06.2166168Z   ✓  22 ../../tests/e2e/imports.spec.ts:111:1 › real Markdown upload stays staged, previews and downloads exact bytes, restores and commits exact course refs (5.1s)
2026-09-15T04:29:09.9852332Z   ✓  23 ../../tests/e2e/imports.spec.ts:190:1 › safe HTML warning requires explicit acceptance and native cancel leaves courses untouched (3.8s)
2026-09-15T04:29:15.0705460Z   ✓  24 ../../tests/e2e/imports.spec.ts:218:1 › UTF-8 text can target a real existing course and creates a newer exact revision (5.1s)
2026-09-15T04:29:18.4842804Z   ✓  25 ../../tests/e2e/imports.spec.ts:234:1 › upload request failure keeps the selected file; preview failure keeps the recovery ID and explicit retry works (3.4s)
2026-09-15T04:29:23.2593736Z 
2026-09-15T04:29:23.2615498Z   ✓  26 ../../tests/e2e/imports.spec.ts:254:1 › author package requires explicit role change and clears the private preview after returning to learner (4.8s)
2026-09-15T04:29:26.5909014Z   ✓  27 ../../tests/e2e/imports.spec.ts:290:1 › a real invalid UTF-8 parse shows a blocking error and cannot be confirmed (3.3s)
2026-09-15T04:29:32.5744755Z 
2026-09-15T04:29:32.5795154Z   ✓  28 ../../tests/e2e/imports.spec.ts:311:1 › local encoding choice preserves the failed original and creates a separately confirmed UTF-8 import (6.0s)
2026-09-15T04:29:37.8489337Z 
2026-09-15T04:29:37.8498561Z   ✓  29 ../../tests/e2e/imports.spec.ts:379:1 › deferred author preview and original responses cannot restore content after the role is lowered (5.3s)
2026-09-15T04:29:52.0407328Z   ✓  30 ../../tests/e2e/learning-state-restart.spec.ts:47:1 › actual browser and API restarts preserve profile candidates, exact route overrides and original reading sources (14.2s)
2026-09-15T04:29:58.6576438Z   ✓  31 ../../tests/e2e/learning-state.spec.ts:12:1 › real self-report persists a lost-ACK command once and never creates independent evidence (6.6s)
2026-09-15T04:30:08.9657874Z   ✓  32 ../../tests/e2e/learning-state.spec.ts:30:1 › actual unreviewed submission stays excluded and its precise sources disappear when another page starts independent work (10.3s)
2026-09-15T04:30:13.1488732Z   ✓  33 ../../tests/e2e/learning-state.spec.ts:45:1 › a quota-failed profile remains mounted when a global command tries to leave it (4.2s)
2026-09-15T04:30:19.9480103Z   ✓  34 ../../tests/e2e/notes-lifecycle.spec.ts:32:1 › a concurrent note move to another block remains recoverable by stable note ID after a real 412 (6.8s)
2026-09-15T04:30:26.8010213Z   ✓  35 ../../tests/e2e/notes-lifecycle.spec.ts:64:1 › soft deleting a server note preserves its unsynced local continuation for explicit recovery (6.8s)
2026-09-15T04:30:34.7111008Z   ✓  36 ../../tests/e2e/practice-restart.spec.ts:20:1 › same practice tab identity rejects changed frozen parent or child hashes and preserves the original session (7.9s)
2026-09-15T04:30:47.5218581Z   ✓  37 ../../tests/e2e/practice-restart.spec.ts:66:1 › actual browser close and API restart retain practice identity, exposure and an unsynced local response (12.8s)
2026-09-15T04:30:56.1309504Z   ✓  38 ../../tests/e2e/practice.spec.ts:26:1 › five real question kinds save and refresh; hints and solutions require explicit exposure; submit is ungraded (8.6s)
2026-09-15T04:31:06.3521518Z   ✓  39 ../../tests/e2e/practice.spec.ts:87:1 › offline recovery keeps the local candidate when session GET was also unavailable and reconnect compares its base (10.2s)
2026-09-15T04:31:17.3545607Z   ✓  40 ../../tests/e2e/practice.spec.ts:113:1 › two real browser profiles produce a server CAS conflict with base local and remote before explicit choice (11.0s)
2026-09-15T04:31:23.8985931Z   ✓  41 ../../tests/e2e/practice.spec.ts:138:1 › missing private solution fails closed and a forged same-identity parent never replaces the existing practice tab (6.5s)
2026-09-15T04:31:36.3847047Z   ✓  42 ../../tests/e2e/practice.spec.ts:159:1 › two pages keep their durable local candidates and closing an unsynced practice requires explicit retention (12.5s)
2026-09-15T04:31:48.0753449Z   ✓  43 ../../tests/e2e/reader-conflict-layout.spec.ts:97:1 › real session conflict preserves the scrolled submitted explanation and requires an explicit comparison choice (11.7s)
2026-09-15T04:31:56.3691838Z   ✓  44 ../../tests/e2e/reader-conflict-layout.spec.ts:178:1 › real session conflict keeps the same enabled assessment input focused and visible in the shortened reader (8.3s)
2026-09-15T04:32:08.3924364Z   ✓  45 ../../tests/e2e/reader-restart.spec.ts:13:1 › actual browser close and API process restart retain imported references, notes, progress and Reader position (12.0s)
2026-09-15T04:32:15.7944618Z   ✓  46 ../../tests/e2e/reader.spec.ts:32:1 › real imported directory, title search, worked-example link, long formula and frozen original download (7.4s)
2026-09-15T04:32:22.4147295Z   ✓  47 ../../tests/e2e/reader.spec.ts:66:1 › second repeated rendered selection preserves exact source codepoints, saves note, edits and soft deletes (6.6s)
2026-09-15T04:32:28.6080513Z   ✓  48 ../../tests/e2e/reader.spec.ts:97:1 › native source keyboard selection creates exact Markdown codepoints without rendered-text guessing (6.2s)
2026-09-15T04:32:36.1716014Z   ✓  49 ../../tests/e2e/reader.spec.ts:122:1 › offline local note recovery and a real concurrent server revision show three-way comparison before CAS save (7.6s)
2026-09-15T04:32:45.7188091Z   ✓  50 ../../tests/e2e/reader.spec.ts:170:1 › historical course revisions stay in separate exact tabs and hash-mismatched links preserve unresolved reference (9.5s)
2026-09-15T04:32:56.4608063Z 
2026-09-15T04:32:56.4610703Z   ✓  51 ../../tests/e2e/reader.spec.ts:202:1 › a private original authorized before a cross-profile role decrease cannot trigger a late browser download (10.7s)
2026-09-15T04:33:07.1269386Z   ✓  52 ../../tests/e2e/recommendations.spec.ts:56:1 › real recommendation decisions recover a lost ACK across browser and API restart without rewriting later decisions or learning facts (10.6s)
2026-09-15T04:33:17.2253427Z   ✓  53 ../../tests/e2e/recommendations.spec.ts:90:1 › real local suggestions cover another imported textbook and open its complete original refs independently of acceptance (10.1s)
2026-09-15T04:33:27.2017548Z   ✓  54 ../../tests/e2e/recommendations.spec.ts:110:1 › real offline and stale decision candidates require explicit 412 correction and current independent policy hides delayed subject sources (10.0s)
2026-09-15T04:33:34.6212421Z   ✓  55 ../../tests/e2e/recommendations.spec.ts:151:1 › a controlled archived fixture makes the real historical recommendation stale and its formerly current UI cannot open the old target (7.4s)
2026-09-15T04:33:42.8113597Z   ✓  56 ../../tests/e2e/responsive-layout.spec.ts:43:1 › narrow layout and submitted explanation remain visible before React resize listeners run (8.2s)
2026-09-15T04:33:59.5831713Z   ✓  57 ../../tests/e2e/review.spec.ts:35:1 › real history and exact material review preserve original submitted text, null scores and a selected old revision after reload (16.8s)
2026-09-15T04:34:11.3697275Z   ✓  58 ../../tests/e2e/review.spec.ts:76:1 › a delayed old review response cannot restore history or academic context after another page starts a real independent attempt (11.8s)
2026-09-15T04:34:14.6886812Z   ✓  59 ../../tests/e2e/route-draft-input.spec.ts:9:60 › native route goal input survives its own initial draft save_first delivery after focus (3.3s)
2026-09-15T04:34:18.1036923Z   ✓  60 ../../tests/e2e/route-draft-input.spec.ts:9:60 › native route goal input survives its own initial draft load_first delivery after focus (3.4s)
2026-09-15T04:34:24.9745435Z   ✓  61 ../../tests/e2e/routes.spec.ts:10:1 › real route creation, reminder, manual false, reordered revision and exact target navigation preserve history (6.9s)
2026-09-15T04:34:29.3502045Z   ✓  62 ../../tests/e2e/workbench-initial-recovery.spec.ts:6:3 › initial workbench recovery keeps the saved lesson and waits for the real session at 1440px (4.4s)
2026-09-15T04:34:33.6753402Z   ✓  63 ../../tests/e2e/workbench-initial-recovery.spec.ts:6:3 › initial workbench recovery keeps the saved lesson and waits for the real session at 390px (4.3s)
2026-09-15T04:34:35.9583240Z   ✓  64 ../../tests/e2e/workbench.spec.ts:5:1 › empty workspace, native bootstrap, four fixed navigation and truthful auxiliary states (2.3s)
2026-09-15T04:34:39.4325731Z   ✓  65 ../../tests/e2e/workbench.spec.ts:22:1 › real keyboard and mouse resize, native drawers, focus return and restored layout (3.5s)
2026-09-15T04:34:44.0985375Z   ✓  66 ../../tests/e2e/workbench.spec.ts:43:1 › object drafts survive preview switches, close choice and browser reload without fake sending (4.7s)
2026-09-15T04:34:52.6332060Z   ✓  67 ../../tests/e2e/workbench.spec.ts:60:1 › server CAS conflict is visible, local object drafts survive and explicit readback recovers (8.5s)
2026-09-15T04:34:57.3432859Z   ✓  68 ../../tests/e2e/workbench.spec.ts:73:1 › offline pending UI is restored after actual connection recovery (4.7s)
2026-09-15T04:35:00.5529834Z   ✓  69 ../../tests/e2e/workbench.spec.ts:85:1 › actual MathJax, no runtime errors, long formula local scrolling, all screenshot sizes (3.2s)
2026-09-15T04:35:07.9844133Z   ✓  70 ../../tests/e2e/workbench.spec.ts:112:1 › two browser pages keep drafts for different objects in native IndexedDB (7.4s)
2026-09-15T04:35:11.1447761Z   ✓  71 ../../tests/e2e/workbench.spec.ts:130:1 › exact reference mismatch stays unresolved and preserves the original snapshot (3.1s)
2026-09-15T04:35:16.4876800Z   ✓  72 ../../tests/e2e/workbench.spec.ts:147:1 › cold lazy renderer restores saved reading offset after the content is ready (5.3s)
2026-09-15T04:35:24.3617919Z   ✓  73 ../../tests/e2e/workbench.spec.ts:167:1 › native concurrent same-object transactions preserve both candidates and expose explicit recovery (7.9s)
2026-09-15T04:35:28.9976636Z   ✓  74 ../../tests/e2e/workbench.spec.ts:200:1 › directory history restores the current course and navigation entry (4.6s)
2026-09-15T04:35:32.9572461Z   ✓  75 ../../tests/e2e/workbench.spec.ts:212:1 › UI cache quota failure stays visibly unsaved until the real server acknowledges (3.9s)
2026-09-15T04:35:36.6995863Z   ✓  76 ../../tests/e2e/workbench.spec.ts:229:1 › offline UI candidates from two pages remain separate on reload (3.7s)
2026-09-15T04:35:42.8705073Z   ✓  77 ../../tests/e2e/workbench.spec.ts:250:1 › quota-only memory candidate with a changed server baseline shows three-way comparison before explicit CAS (6.2s)
2026-09-15T04:35:47.9526221Z   ✓  78 ../../tests/e2e/workbench.spec.ts:283:1 › per-object details and focus survive A to B to A and browser reload after lazy content readiness (5.1s)
2026-09-15T04:35:51.4545341Z   ✓  79 ../../tests/e2e/workbench.spec.ts:302:1 › first unsent-draft conflict shows original, local and stored text before any reload or choice (3.5s)
2026-09-15T04:35:55.9605181Z   ✓  80 ../../tests/e2e/workbench.spec.ts:332:1 › route directory stays honestly empty and continue reading restores the exact last lesson (4.5s)
2026-09-15T04:35:59.7275170Z   ✓  81 ../../tests/e2e/workbench.spec.ts:354:1 › native keyboard selection updates frozen-reference preview and ambiguous source matches are refused (3.7s)
2026-09-15T04:36:03.2270649Z   ✓  82 ../../tests/e2e/zoom.spec.ts:5:1 › real browser 200 percent zoom reflows CSS width through Chrome appearance setting (3.5s)
2026-09-15T04:36:03.3375332Z 
2026-09-15T04:36:03.3384989Z   82 passed (10.7m)
2026-09-15T04:36:03.3666203Z Post job cleanup.
2026-09-15T04:36:03.5107383Z Post job cleanup.
2026-09-15T04:36:03.6603447Z Post job cleanup.
2026-09-15T04:36:03.7548764Z [command]/usr/bin/git version
2026-09-15T04:36:03.7590214Z git version 2.55.0
2026-09-15T04:36:03.7624952Z Temporarily overriding HOME='<ci-home>/work/_temp/407e8251-8a06-48c8-bf05-85074c620e91' before making global git config changes
2026-09-15T04:36:03.7626451Z Adding repository directory to the temporary git global config as a safe directory
2026-09-15T04:36:03.7629260Z [command]/usr/bin/git config --global --add safe.directory <ci-home>/work/Learning_Workbench/Learning_Workbench
2026-09-15T04:36:03.7662584Z Removing SSH command configuration
2026-09-15T04:36:03.7668771Z [command]/usr/bin/git config --local --name-only --get-regexp core\.sshCommand
2026-09-15T04:36:03.7703323Z [command]/usr/bin/git submodule foreach --recursive sh -c "git config --local --name-only --get-regexp 'core\.sshCommand' && git config --local --unset-all 'core.sshCommand' || :"
2026-09-15T04:36:03.7954649Z Removing HTTP extra header
2026-09-15T04:36:03.7959759Z [command]/usr/bin/git config --local --name-only --get-regexp http\.https\:\/\/github\.com\/\.extraheader
2026-09-15T04:36:03.7989668Z [command]/usr/bin/git submodule foreach --recursive sh -c "git config --local --name-only --get-regexp 'http\.https\:\/\/github\.com\/\.extraheader' && git config --local --unset-all 'http.https://github.com/.extraheader' || :"
2026-09-15T04:36:03.8230718Z Removing includeIf entries pointing to credentials config files
2026-09-15T04:36:03.8234587Z [command]/usr/bin/git config --local --name-only --get-regexp ^includeIf\.gitdir:
2026-09-15T04:36:03.8258850Z includeif.gitdir:<ci-home>/work/Learning_Workbench/Learning_Workbench/.git.path
2026-09-15T04:36:03.8259575Z includeif.gitdir:<ci-home>/work/Learning_Workbench/Learning_Workbench/.git/worktrees/*.path
2026-09-15T04:36:03.8260345Z includeif.gitdir:/github/workspace/.git.path
2026-09-15T04:36:03.8260768Z includeif.gitdir:/github/workspace/.git/worktrees/*.path
2026-09-15T04:36:03.8268873Z [command]/usr/bin/git config --local --get-all includeif.gitdir:<ci-home>/work/Learning_Workbench/Learning_Workbench/.git.path
2026-09-15T04:36:03.8291887Z <ci-home>/work/_temp/git-credentials-c6dcea54-4f38-416b-93d4-a285d4a7ebc8.config
2026-09-15T04:36:03.8303486Z [command]/usr/bin/git config --local --unset includeif.gitdir:<ci-home>/work/Learning_Workbench/Learning_Workbench/.git.path \/home\/runner\/work\/_temp\/git\-credentials\-c6dcea54\-4f38\-416b\-93d4\-a285d4a7ebc8\.config
2026-09-15T04:36:03.8340374Z [command]/usr/bin/git config --local --get-all includeif.gitdir:<ci-home>/work/Learning_Workbench/Learning_Workbench/.git/worktrees/*.path
2026-09-15T04:36:03.8371107Z <ci-home>/work/_temp/git-credentials-c6dcea54-4f38-416b-93d4-a285d4a7ebc8.config
2026-09-15T04:36:03.8380973Z [command]/usr/bin/git config --local --unset includeif.gitdir:<ci-home>/work/Learning_Workbench/Learning_Workbench/.git/worktrees/*.path \/home\/runner\/work\/_temp\/git\-credentials\-c6dcea54\-4f38\-416b\-93d4\-a285d4a7ebc8\.config
2026-09-15T04:36:03.8414994Z [command]/usr/bin/git config --local --get-all includeif.gitdir:/github/workspace/.git.path
2026-09-15T04:36:03.8446089Z /github/runner_temp/git-credentials-c6dcea54-4f38-416b-93d4-a285d4a7ebc8.config
2026-09-15T04:36:03.8456854Z [command]/usr/bin/git config --local --unset includeif.gitdir:/github/workspace/.git.path \/github\/runner_temp\/git\-credentials\-c6dcea54\-4f38\-416b\-93d4\-a285d4a7ebc8\.config
2026-09-15T04:36:03.8499070Z [command]/usr/bin/git config --local --get-all includeif.gitdir:/github/workspace/.git/worktrees/*.path
2026-09-15T04:36:03.8513271Z /github/runner_temp/git-credentials-c6dcea54-4f38-416b-93d4-a285d4a7ebc8.config
2026-09-15T04:36:03.8521085Z [command]/usr/bin/git config --local --unset includeif.gitdir:/github/workspace/.git/worktrees/*.path \/github\/runner_temp\/git\-credentials\-c6dcea54\-4f38\-416b\-93d4\-a285d4a7ebc8\.config
2026-09-15T04:36:03.8552122Z [command]/usr/bin/git submodule foreach --recursive git config --local --show-origin --name-only --get-regexp remote.origin.url
2026-09-15T04:36:03.8779776Z Removing credentials config '<ci-home>/work/_temp/git-credentials-c6dcea54-4f38-416b-93d4-a285d4a7ebc8.config'
2026-09-15T04:36:03.8920017Z Cleaning up orphan processes
