
> @learning-workbench/web@0.1.0 test
> vitest run src/features/evidenceApplicability/sessionTransition.test.tsx


 RUN  v5.0.0 $HOME/.cache/learning-workbench-acceptance/m62-evidence-applicability-role-race-oct02/apps/web

 ❯ src/features/evidenceApplicability/sessionTransition.test.tsx (2 tests | 1 failed) 90ms
   × mounted and newly opened applicability owners remain hidden during a real client role mutation and retain original ACK memory 83ms

⎯⎯⎯⎯⎯⎯⎯ Failed Tests 1 ⎯⎯⎯⎯⎯⎯⎯

 FAIL  src/features/evidenceApplicability/sessionTransition.test.tsx > mounted and newly opened applicability owners remain hidden during a real client role mutation and retain original ACK memory
AssertionError: expected true to be false // Object.is equality

- Expected
+ Received

- false
+ true

 ❯ src/features/evidenceApplicability/sessionTransition.test.tsx:28:40
     26|   try {
     27|     await act(async () => { await new Promise(resolve => setTimeout(re…
     28|     expect(first.result.current.ready).toBe(false); expect(next.result…
       |                                        ^
     29|     expect(first.result.current.commands).toEqual([]); expect(next.res…
     30|     expect(next.result.current.canSaveMemory).toBe(false); expect(reco…

⎯⎯⎯⎯⎯⎯⎯⎯⎯⎯⎯⎯⎯⎯⎯⎯⎯⎯⎯⎯⎯⎯⎯⎯[1/1]⎯


 Test Files  1 failed (1)
      Tests  1 failed | 1 passed (2)
   Start at  23:44:10
   Duration  961ms (environment 58%, transform 19%, import 12%, tests 11%)

