2026-09-14T17:40:30.6614041Z 
2026-09-14T17:40:30.6623268Z   1) ../../tests/e2e/assessments.spec.ts:145:1 › two pages preserve independent local CAS candidates; a later submitted snapshot never accepts restored edits 
2026-09-14T17:40:30.6624607Z 
2026-09-14T17:40:30.6625122Z     Error: expect(received).toBe(expected) // Object.is equality
2026-09-14T17:40:30.6625691Z 
2026-09-14T17:40:30.6625840Z     Expected: 3
2026-09-14T17:40:30.6626192Z     Received: 5
2026-09-14T17:40:30.6626380Z 
2026-09-14T17:40:30.6627043Z       200 |     await page.getByRole('button', { name: '重新读取测试状态', exact: true }).click()
2026-09-14T17:40:30.6628253Z       201 |     expect((await responses(page, attempt.id)).responses).toEqual(before.responses)
2026-09-14T17:40:30.6629880Z     > 202 |     expect((await snapshot(page, attempt.id)).revision).toBe(ended.revision)
2026-09-14T17:40:30.6630889Z           |                                                         ^
2026-09-14T17:40:30.6632143Z       203 |     await page.getByRole('heading', { name: '服务端测试作答冲突 · 三方比较', exact: true }).scrollIntoViewIfNeeded()
2026-09-14T17:40:30.6633258Z       204 |     await page.screenshot({ path: info.outputPath('assessment-terminal-local-candidate-1440.png') })
2026-09-14T17:40:30.6634083Z       205 |   } finally { await second.close() }
2026-09-14T17:40:30.6634892Z         at <USER_HOME>/work/Learning_Workbench/Learning_Workbench/tests/e2e/assessments.spec.ts:202:57
2026-09-14T17:40:30.6635422Z 
2026-09-14T17:40:30.6636068Z     Error Context: ../../.local_data/e2e-results/assessments-two-pages-pres-696c0-ever-accepts-restored-edits/error-context.md
2026-09-14T17:40:30.6636733Z 
2026-09-14T17:40:30.6636851Z   1 failed
2026-09-14T17:40:30.6637906Z     ../../tests/e2e/assessments.spec.ts:145:1 › two pages preserve independent local CAS candidates; a later submitted snapshot never accepts restored edits 
2026-09-14T17:40:30.6639161Z   63 passed (7.3m)
2026-09-14T17:40:30.6884481Z make: *** [Makefile:32: test-e2e] Error 1
2026-09-14T17:40:30.6903764Z ##[error]Process completed with exit code 2.
2026-09-14T17:40:30.7027447Z Post job cleanup.
2026-09-14T17:40:30.7941067Z [command]/usr/bin/git version
2026-09-14T17:40:30.8015270Z git version 2.55.0
2026-09-14T17:40:30.8063791Z Temporarily overriding HOME='<USER_HOME>/work/_temp/356e3594-abdd-4aa1-b219-c8c8a3aa1ebc' before making global git config changes
2026-09-14T17:40:30.8066059Z Adding repository directory to the temporary git global config as a safe directory
2026-09-14T17:40:30.8071580Z [command]/usr/bin/git config --global --add safe.directory <USER_HOME>/work/Learning_Workbench/Learning_Workbench
2026-09-14T17:40:30.8126082Z Removing SSH command configuration
2026-09-14T17:40:30.8134311Z [command]/usr/bin/git config --local --name-only --get-regexp core\.sshCommand
2026-09-14T17:40:30.8190913Z [command]/usr/bin/git submodule foreach --recursive sh -c "git config --local --name-only --get-regexp 'core\.sshCommand' && git config --local --unset-all 'core.sshCommand' || :"
2026-09-14T17:40:30.8516057Z Removing HTTP extra header
2026-09-14T17:40:30.6636851Z   1 failed
2026-09-14T17:40:30.6639161Z   63 passed (7.3m)
