
Running 3 tests using 1 worker

(node:2792303) Warning: The 'NO_COLOR' env is ignored due to the 'FORCE_COLOR' env being set.
(Use `node --trace-warnings ...` to show where the warning was created)
  ✓  1 tests/e2e/private-content-dialog-pointer.spec.ts:6:81 › impact dialog pointer stationary control (11.3s)
  ✓  2 tests/e2e/private-content-dialog-pointer.spec.ts:6:81 › impact dialog pointer access refresh (16.3s)
  ✘  3 tests/e2e/private-content-dialog-pointer.spec.ts:6:81 › impact dialog pointer release outside (16.6s)


  1) tests/e2e/private-content-dialog-pointer.spec.ts:6:81 › impact dialog pointer release outside ─

    Error: expect(locator).toBeVisible() failed

    Locator: getByRole('dialog', { name: '创作', exact: true })
    Expected: visible
    Timeout: 5000ms
    Error: element(s) not found

    Call log:
      - Expect "toBeVisible" getByRole('dialog', { name: '创作', exact: true }) with timeout 5000ms
      - waiting for getByRole('dialog', { name: '创作', exact: true })


      43 |     if (mode === 'release outside') await page.mouse.move(2, 2)
      44 |     await page.mouse.up()
    > 45 |     try { await expect(page.getByRole('dialog', { name: '创作', exact: true })).toBeVisible() }
         |                                                                               ^
      46 |     finally { writeFileSync(info.outputPath('pointer-metadata.json'), JSON.stringify(await page.evaluate(() => (window as unknown as { pointerRecords: unknown[] }).pointerRecords), null, 2)) }
      47 |     release()
      48 |   } finally { release(); await runtime.close() }
        at <LOCAL_HOME>/.cache/learning-workbench-acceptance/m62-dialog-pointer-boundary-oct03/tests/e2e/private-content-dialog-pointer.spec.ts:45:79

    attachment #1: screenshot (image/png) ──────────────────────────────────────────────────────────
    ../m62-dialog-pointer-boundary-evidence-oct03/native-red/artifacts/private-content-dialog-poi-64ea1-log-pointer-release-outside/test-failed-1.png
    ────────────────────────────────────────────────────────────────────────────────────────────────

    attachment #2: screenshot (image/png) ──────────────────────────────────────────────────────────
    ../m62-dialog-pointer-boundary-evidence-oct03/native-red/artifacts/private-content-dialog-poi-64ea1-log-pointer-release-outside/test-failed-2.png
    ────────────────────────────────────────────────────────────────────────────────────────────────

    Error Context: ../m62-dialog-pointer-boundary-evidence-oct03/native-red/artifacts/private-content-dialog-poi-64ea1-log-pointer-release-outside/error-context.md

  1 failed
    tests/e2e/private-content-dialog-pointer.spec.ts:6:81 › impact dialog pointer release outside ──
  2 passed (44.6s)
