
> @learning-workbench/web@0.1.0 test
> vitest run src/features/notes/NoteReanchor.test.tsx


 RUN  v5.0.0 $HOME/.cache/learning-workbench-acceptance/m62-note-reanchor-native-oct02/apps/web

 ❯ src/features/notes/NoteReanchor.test.tsx (18 tests | 1 failed) 682ms
   × polling permission loss and browser focus discard the read-only text and temporary selection 11ms

⎯⎯⎯⎯⎯⎯⎯ Failed Tests 1 ⎯⎯⎯⎯⎯⎯⎯

 FAIL  src/features/notes/NoteReanchor.test.tsx > polling permission loss and browser focus discard the read-only text and temporary selection
AssertionError: expected <textarea readonly></textarea> to be null

- Expected:
null

+ Received:
<textarea
  readonly=""
>
  🧠 前缀
é target
后缀
</textarea>

 ❯ src/features/notes/NoteReanchor.test.tsx:82:118
     80| test('polling permission loss and browser focus discard the read-only …
     81|   const f = setup(), input = await read(); select(input); vi.useFakeTi…
     82|   await act(async () => { await vi.advanceTimersByTimeAsync(2000) }); …
       |                                                                                                                      ^
     83|   vi.useRealTimers(); f.session.active_independent_attempt_id = null; …
     84| })

⎯⎯⎯⎯⎯⎯⎯⎯⎯⎯⎯⎯⎯⎯⎯⎯⎯⎯⎯⎯⎯⎯⎯⎯[1/1]⎯


 Test Files  1 failed (1)
      Tests  1 failed | 17 passed (18)
   Start at  20:47:07
   Duration  1.20s (tests 61%, environment 18%, transform 13%, import 7%)

