
> @learning-workbench/web@0.1.0 test
> vitest run src/features/notes/NotesPanelReanchor.test.tsx src/features/reader/selection.test.ts


 RUN  v5.0.0 $HOME/.cache/learning-workbench-acceptance/m62-note-reanchor-native-oct02/apps/web

 ❯ src/features/notes/NotesPanelReanchor.test.tsx (2 tests | 2 failed) 2023ms
   × fresh adoption preserves text typed while permission is pending and persists the entire new anchor through remount without a server write 1018ms
   × an actual IndexedDB quota failure retains adopted anchor plus unsaved text, marks close unsafe, and recovers both after unmount 1004ms

⎯⎯⎯⎯⎯⎯⎯ Failed Tests 2 ⎯⎯⎯⎯⎯⎯⎯

 FAIL  src/features/notes/NotesPanelReanchor.test.tsx > fresh adoption preserves text typed while permission is pending and persists the entire new anchor through remount without a server write
 FAIL  src/features/notes/NotesPanelReanchor.test.tsx > an actual IndexedDB quota failure retains adopted anchor plus unsaved text, marks close unsafe, and recovers both after unmount
Error: Invalid Chai property: toBeDisabled

Ignored nodes: comments, script, style
[36m<html>[39m
  [36m<head />[39m
  [36m<body>[39m
    [36m<div>[39m
      [36m<div[39m
        [33mclass[39m=[32m"notes-panel"[39m
      [36m>[39m
        [36m<p>[39m
          [0m笔记绑定准确内容块、修订与原文范围。它不属于已认证学习证据。[0m
        [36m</p>[39m
        [36m<button[39m
          [33mdisabled[39m=[32m""[39m
        [36m>[39m
          [0m用当前选文新建笔记[0m
        [36m</button>[39m
        [36m<p>[39m
          [0m先在正文或原始 Markdown 中选取范围，再新建笔记。[0m
        [36m</p>[39m
        [36m<label>[39m
          [0m笔记范围[0m
          [36m<select>[39m
            [36m<option[39m
              [33mvalue[39m=[32m"all"[39m
            [36m>[39m
              [0m工作区全部笔记[0m
            [36m</option>[39m
          [36m</select>[39m
        [36m</label>[39m
        [36m<ul[39m
          [33mclass[39m=[32m"note-list"[39m
        [36m>[39m
          [36m<li>[39m
            [36m<button>[39m
              [0m已保存的原笔记[0m
              [0m [0m
              [36m<small>[39m
                [0m修订 [0m
                [0m2[0m
                [0m · [0m
                [0mstale[0m
              [36m</small>[39m
            [36m</button>[39m
          [36m</li>[39m
        [36m</ul>[39m
      [36m</div>[39m
    [36m</div>[39m
  [36m</body>[39m
[36m</html>[39m
 ❯ src/features/notes/NotesPanelReanchor.test.tsx:43:79
     41|   const onState = vi.fn(), props = { workspace, selection: null, openA…
     42|   const view = render(<NotesPanel {...props} />)
     43|   await waitFor(() => expect(screen.getByRole('button', { name: /已保存的原…
       |                                                                               ^
     44|   fireEvent.click(screen.getByRole('button', { name: /已保存的原笔记/ })); aw…
     45|   return { note, ref, session, response, fetch, onState, props, ...vie…
 ❯ runWithExpensiveErrorDiagnosticsDisabled node_modules/@testing-library/dom/dist/config.js:47:12
 ❯ checkCallback node_modules/@testing-library/dom/dist/wait-for.js:124:77
 ❯ Timeout.checkRealTimersCallback node_modules/@testing-library/dom/dist/wait-for.js:118:16

⎯⎯⎯⎯⎯⎯⎯⎯⎯⎯⎯⎯⎯⎯⎯⎯⎯⎯⎯⎯⎯⎯⎯⎯[1/2]⎯


 Test Files  1 failed | 1 passed (2)
      Tests  2 failed | 38 passed (40)
   Start at  20:55:20
   Duration  2.57s (tests 74%, environment 15%, transform 7%, import 4%)

