
> @learning-workbench/web@0.1.0 test
> vitest run src/features/draftPublication/PublicationPanel.test.tsx


 RUN  v5.0.0 <LOCAL_HOME>/.cache/learning-workbench-acceptance/m62-import-publication-ui-active/apps/web

 ❯ src/features/draftPublication/PublicationPanel.test.tsx (0 test)

⎯⎯⎯⎯⎯⎯ Failed Suites 1 ⎯⎯⎯⎯⎯⎯⎯

 FAIL  src/features/draftPublication/PublicationPanel.test.tsx [ src/features/draftPublication/PublicationPanel.test.tsx ]
Error: Failed to resolve import "./PublicationPanel" from "src/features/draftPublication/PublicationPanel.test.tsx". Does the file exist?
  Plugin: vite:import-analysis
  File: <LOCAL_HOME>/.cache/learning-workbench-acceptance/m62-import-publication-ui-active/apps/web/src/features/draftPublication/PublicationPanel.test.tsx:5:33
  3  |  import { afterEach, expect, test, vi } from "vitest";
  4  |  import { reviewSession } from "../draftReview/reviewFixtures";
  5  |  import { PublicationPanel } from "./PublicationPanel";
     |                                    ^
  6  |  import { publicationDraft, publicationReceipt, publicationRef } from "./publicationFixtures";
  7  |  import { publicationCommandStore } from "./publicationCommands";
 ❯ TransformPluginContext._formatLog ../../../../../Desktop/learning/Learning_Workbench/apps/web/node_modules/vite/dist/node/chunks/node.js:8393:39
 ❯ TransformPluginContext.error ../../../../../Desktop/learning/Learning_Workbench/apps/web/node_modules/vite/dist/node/chunks/node.js:8390:14
 ❯ normalizeUrl ../../../../../Desktop/learning/Learning_Workbench/apps/web/node_modules/vite/dist/node/chunks/node.js:26058:18
 ❯ ../../../../../Desktop/learning/Learning_Workbench/apps/web/node_modules/vite/dist/node/chunks/node.js:26128:30
 ❯ TransformPluginContext.transform ../../../../../Desktop/learning/Learning_Workbench/apps/web/node_modules/vite/dist/node/chunks/node.js:26094:4
 ❯ EnvironmentPluginContainer.transform ../../../../../Desktop/learning/Learning_Workbench/apps/web/node_modules/vite/dist/node/chunks/node.js:8172:14
 ❯ loadAndTransform ../../../../../Desktop/learning/Learning_Workbench/apps/web/node_modules/vite/dist/node/chunks/node.js:19634:26

⎯⎯⎯⎯⎯⎯⎯⎯⎯⎯⎯⎯⎯⎯⎯⎯⎯⎯⎯⎯⎯⎯⎯⎯[1/1]⎯


 Test Files  1 failed (1)
      Tests  no tests
   Start at  11:50:29
   Duration  332ms (environment 99%, worker 1%)

