2026-09-15T14:53:05.9699788Z Current runner version: '2.337.0'
2026-09-15T14:53:05.9718910Z ##[group]Runner Image Provisioner
2026-09-15T14:53:05.9719444Z Hosted Compute Agent
2026-09-15T14:53:05.9719839Z Version: 20260828.587
2026-09-15T14:53:05.9720228Z Commit: abac92662cab4cc7352de4f9f9d2e2419aad9c29
2026-09-15T14:53:05.9720693Z Build Date: 2026-08-28T16:44:25Z
2026-09-15T14:53:05.9721163Z Worker ID: {a566bae9-a729-46ff-aa18-ee8c765f440a}
2026-09-15T14:53:05.9721583Z Azure Region: centralus
2026-09-15T14:53:05.9721951Z ##[endgroup]
2026-09-15T14:53:05.9722762Z ##[group]Operating System
2026-09-15T14:53:05.9723157Z Ubuntu
2026-09-15T14:53:05.9723790Z 26.04.1
2026-09-15T14:53:05.9724099Z LTS
2026-09-15T14:53:05.9724460Z ##[endgroup]
2026-09-15T14:53:05.9724986Z ##[group]Runner Image
2026-09-15T14:53:05.9725679Z Image: ubuntu-26.04
2026-09-15T14:53:05.9726187Z Version: 20260907.131.1
2026-09-15T14:53:05.9727238Z Included Software: https://github.com/actions/runner-images/blob/ubuntu26/20260907.131/images/ubuntu/Ubuntu2604-Readme.md
2026-09-15T14:53:05.9728581Z Image Release: https://github.com/actions/runner-images/releases/tag/ubuntu26%2F20260907.131
2026-09-15T14:53:05.9729429Z ##[endgroup]
2026-09-15T14:53:05.9730372Z ##[group]GITHUB_TOKEN Permissions
2026-09-15T14:53:05.9732100Z Contents: read
2026-09-15T14:53:05.9732629Z Metadata: read
2026-09-15T14:53:05.9733129Z ##[endgroup]
2026-09-15T14:53:05.9734906Z Secret source: Actions
2026-09-15T14:53:05.9735915Z Cache mode: write
2026-09-15T14:53:05.9736491Z Prepare workflow directory
2026-09-15T14:53:06.0125423Z Prepare all required actions
2026-09-15T14:53:06.0159518Z Getting action download info
2026-09-15T14:53:06.2754865Z Download action repository 'actions/checkout@3d3c42e5aac5ba805825da76410c181273ba90b1' (SHA:3d3c42e5aac5ba805825da76410c181273ba90b1)
2026-09-15T14:53:06.7582743Z Download action repository 'actions/setup-python@5fda3b95a4ea91299a34e894583c3862153e4b97' (SHA:5fda3b95a4ea91299a34e894583c3862153e4b97)
2026-09-15T14:53:07.3058680Z Download action repository 'actions/setup-node@820762786026740c76f36085b0efc47a31fe5020' (SHA:820762786026740c76f36085b0efc47a31fe5020)
2026-09-15T14:53:07.6174351Z Download action repository 'actions/upload-artifact@043fb46d1a93c77aae656e7c1c64a875d1fc6a0a' (SHA:043fb46d1a93c77aae656e7c1c64a875d1fc6a0a)
2026-09-15T14:53:07.8351685Z Complete job name: browser
2026-09-15T14:53:07.8854412Z ##[group]Run actions/checkout@3d3c42e5aac5ba805825da76410c181273ba90b1
2026-09-15T14:53:07.8854819Z with:
2026-09-15T14:53:07.8854993Z   repository: kl3574/Learning_Workbench
2026-09-15T14:53:07.8856861Z   token: ***
2026-09-15T14:53:07.8857017Z   ssh-strict: true
2026-09-15T14:53:07.8857176Z   ssh-user: git
2026-09-15T14:53:07.8857338Z   persist-credentials: true
2026-09-15T14:53:07.8857511Z   clean: true
2026-09-15T14:53:07.8857681Z   sparse-checkout-cone-mode: true
2026-09-15T14:53:07.8857872Z   fetch-depth: 1
2026-09-15T14:53:07.8858035Z   fetch-tags: false
2026-09-15T14:53:07.8858208Z   show-progress: true
2026-09-15T14:53:07.8858364Z   lfs: false
2026-09-15T14:53:07.8858536Z   submodules: false
2026-09-15T14:53:07.8858700Z   set-safe-directory: true
2026-09-15T14:53:07.8858878Z   allow-unsafe-pr-checkout: false
2026-09-15T14:53:07.8859161Z ##[endgroup]
2026-09-15T14:53:07.9879220Z Syncing repository: kl3574/Learning_Workbench
2026-09-15T14:53:07.9880569Z ##[group]Getting Git version info
2026-09-15T14:53:07.9880874Z Working directory is '<github-runner-home>/work/Learning_Workbench/Learning_Workbench'
2026-09-15T14:53:07.9881403Z [command]/usr/bin/git version
2026-09-15T14:53:07.9881587Z git version 2.55.0
2026-09-15T14:53:07.9894290Z ##[endgroup]
2026-09-15T14:53:07.9904434Z Temporarily overriding HOME='<github-runner-home>/work/_temp/30878c81-f21e-4f74-91af-65d1647776c1' before making global git config changes
2026-09-15T14:53:07.9905279Z Adding repository directory to the temporary git global config as a safe directory
2026-09-15T14:53:07.9909429Z [command]/usr/bin/git config --global --add safe.directory <github-runner-home>/work/Learning_Workbench/Learning_Workbench
2026-09-15T14:53:08.0059424Z Deleting the contents of '<github-runner-home>/work/Learning_Workbench/Learning_Workbench'
2026-09-15T14:53:08.0064661Z ##[group]Determining repository object format
2026-09-15T14:53:08.0065905Z ##[endgroup]
2026-09-15T14:53:08.0066361Z ##[group]Initializing the repository
2026-09-15T14:53:08.0071385Z [command]/usr/bin/git init <github-runner-home>/work/Learning_Workbench/Learning_Workbench
2026-09-15T14:53:08.0459852Z hint: Using 'master' as the name for the initial branch. This default branch name
2026-09-15T14:53:08.0460340Z hint: will change to "main" in Git 3.0. To configure the initial branch name
2026-09-15T14:53:08.0460668Z hint: to use in all of your new repositories, which will suppress this warning,
2026-09-15T14:53:08.0460924Z hint: call:
2026-09-15T14:53:08.0461071Z hint:
2026-09-15T14:53:08.0461310Z hint: 	git config --global init.defaultBranch <name>
2026-09-15T14:53:08.0461530Z hint:
2026-09-15T14:53:08.0461817Z hint: Names commonly chosen instead of 'master' are 'main', 'trunk' and
2026-09-15T14:53:08.0462353Z hint: 'development'. The just-created branch can be renamed via this command:
2026-09-15T14:53:08.0462779Z hint:
2026-09-15T14:53:08.0463022Z hint: 	git branch -m <name>
2026-09-15T14:53:08.0463280Z hint:
2026-09-15T14:53:08.0463638Z hint: Disable this message with "git config set advice.defaultBranchName false"
2026-09-15T14:53:08.0464255Z Initialized empty Git repository in <github-runner-home>/work/Learning_Workbench/Learning_Workbench/.git/
2026-09-15T14:53:08.0472158Z [command]/usr/bin/git remote add origin https://github.com/kl3574/Learning_Workbench
2026-09-15T14:53:08.0648576Z ##[endgroup]
2026-09-15T14:53:08.0648958Z ##[group]Disabling automatic garbage collection
2026-09-15T14:53:08.0651742Z [command]/usr/bin/git config --local gc.auto 0
2026-09-15T14:53:08.0749052Z ##[endgroup]
2026-09-15T14:53:08.0749826Z ##[group]Setting up auth
2026-09-15T14:53:08.0750122Z Removing SSH command configuration
2026-09-15T14:53:08.0754043Z [command]/usr/bin/git config --local --name-only --get-regexp core\.sshCommand
2026-09-15T14:53:08.0788079Z [command]/usr/bin/git submodule foreach --recursive sh -c "git config --local --name-only --get-regexp 'core\.sshCommand' && git config --local --unset-all 'core.sshCommand' || :"
2026-09-15T14:53:08.1168327Z Removing HTTP extra header
2026-09-15T14:53:08.1170045Z [command]/usr/bin/git config --local --name-only --get-regexp http\.https\:\/\/github\.com\/\.extraheader
2026-09-15T14:53:08.1200172Z [command]/usr/bin/git submodule foreach --recursive sh -c "git config --local --name-only --get-regexp 'http\.https\:\/\/github\.com\/\.extraheader' && git config --local --unset-all 'http.https://github.com/.extraheader' || :"
2026-09-15T14:53:08.1428187Z Removing includeIf entries pointing to credentials config files
2026-09-15T14:53:08.1432235Z [command]/usr/bin/git config --local --name-only --get-regexp ^includeIf\.gitdir:
2026-09-15T14:53:08.1470597Z [command]/usr/bin/git submodule foreach --recursive git config --local --show-origin --name-only --get-regexp remote.origin.url
2026-09-15T14:53:08.1714475Z [command]/usr/bin/git config --file <github-runner-home>/work/_temp/git-credentials-987acb52-929c-4fd4-a40c-f14ee5e0b841.config http.https://github.com/.extraheader AUTHORIZATION: basic ***
2026-09-15T14:53:08.1753400Z [command]/usr/bin/git config --local includeIf.gitdir:<github-runner-home>/work/Learning_Workbench/Learning_Workbench/.git.path <github-runner-home>/work/_temp/git-credentials-987acb52-929c-4fd4-a40c-f14ee5e0b841.config
2026-09-15T14:53:08.1825820Z [command]/usr/bin/git config --local includeIf.gitdir:<github-runner-home>/work/Learning_Workbench/Learning_Workbench/.git/worktrees/*.path <github-runner-home>/work/_temp/git-credentials-987acb52-929c-4fd4-a40c-f14ee5e0b841.config
2026-09-15T14:53:08.1954861Z [command]/usr/bin/git config --local includeIf.gitdir:/github/workspace/.git.path /github/runner_temp/git-credentials-987acb52-929c-4fd4-a40c-f14ee5e0b841.config
2026-09-15T14:53:08.2070811Z [command]/usr/bin/git config --local includeIf.gitdir:/github/workspace/.git/worktrees/*.path /github/runner_temp/git-credentials-987acb52-929c-4fd4-a40c-f14ee5e0b841.config
2026-09-15T14:53:08.2301123Z ##[endgroup]
2026-09-15T14:53:08.2301717Z ##[group]Fetching the repository
2026-09-15T14:53:08.2308369Z [command]/usr/bin/git -c protocol.version=2 fetch --no-tags --prune --no-recurse-submodules --depth=1 origin +70b0278a755c7cd924b3c26afeff4f65196a4a79:refs/remotes/origin/feat/M5.3-tutor-runs
2026-09-15T14:53:11.7625699Z From https://github.com/kl3574/Learning_Workbench
2026-09-15T14:53:11.7626283Z  * [new ref]         70b0278a755c7cd924b3c26afeff4f65196a4a79 -> origin/feat/M5.3-tutor-runs
2026-09-15T14:53:11.7633171Z [command]/usr/bin/git branch --list --remote origin/feat/M5.3-tutor-runs
2026-09-15T14:53:11.7660324Z   origin/feat/M5.3-tutor-runs
2026-09-15T14:53:11.7666125Z [command]/usr/bin/git rev-parse refs/remotes/origin/feat/M5.3-tutor-runs
2026-09-15T14:53:11.7752842Z 70b0278a755c7cd924b3c26afeff4f65196a4a79
2026-09-15T14:53:11.7756817Z ##[endgroup]
2026-09-15T14:53:11.7757172Z ##[group]Determining the checkout info
2026-09-15T14:53:11.7757647Z ##[endgroup]
2026-09-15T14:53:11.7757910Z [command]/usr/bin/git sparse-checkout disable
2026-09-15T14:53:11.7758601Z [command]/usr/bin/git config --local --unset-all extensions.worktreeConfig
2026-09-15T14:53:11.7770341Z ##[group]Checking out the ref
2026-09-15T14:53:11.7773851Z [command]/usr/bin/git checkout --progress --force -B feat/M5.3-tutor-runs refs/remotes/origin/feat/M5.3-tutor-runs
2026-09-15T14:53:12.1830649Z Switched to a new branch 'feat/M5.3-tutor-runs'
2026-09-15T14:53:12.1859595Z branch 'feat/M5.3-tutor-runs' set up to track 'origin/feat/M5.3-tutor-runs'.
2026-09-15T14:53:12.1861245Z ##[endgroup]
2026-09-15T14:53:12.1909784Z [command]/usr/bin/git log -1 --format=%H
2026-09-15T14:53:12.1933500Z 70b0278a755c7cd924b3c26afeff4f65196a4a79
2026-09-15T14:53:12.2126471Z ##[group]Run actions/setup-python@5fda3b95a4ea91299a34e894583c3862153e4b97
2026-09-15T14:53:12.2126710Z with:
2026-09-15T14:53:12.2126839Z   python-version: 3.12.13
2026-09-15T14:53:12.2126975Z   check-latest: false
2026-09-15T14:53:12.2128344Z   token: ***
2026-09-15T14:53:12.2128469Z   update-environment: true
2026-09-15T14:53:12.2128608Z   allow-prereleases: false
2026-09-15T14:53:12.2128745Z   freethreaded: false
2026-09-15T14:53:12.2128878Z ##[endgroup]
2026-09-15T14:53:12.2942556Z ##[group]Installed versions
2026-09-15T14:53:12.2951266Z Version 3.12.13 was not found in the local cache
2026-09-15T14:53:13.0856823Z Version 3.12.13 is available for downloading
2026-09-15T14:53:13.0857508Z Download from "https://github.com/actions/python-versions/releases/download/3.12.13-27650778726/python-3.12.13-linux-26.04-x64.tar.gz"
2026-09-15T14:53:13.7814263Z Extract downloaded archive
2026-09-15T14:53:13.7921197Z [command]/usr/bin/tar xz --warning=no-unknown-keyword --overwrite -C <github-runner-home>/work/_temp/bc4a96ed-9d91-4e2a-a8e6-306cb73dd9f4 -f <github-runner-home>/work/_temp/02c5b7ad-63a9-4e81-9392-3238f05a2275
2026-09-15T14:53:14.8266819Z Execute installation script
2026-09-15T14:53:14.8391686Z Check if Python hostedtoolcache folder exist...
2026-09-15T14:53:14.8392075Z Create Python 3.12.13 folder
2026-09-15T14:53:14.8413503Z Copy Python binaries to hostedtoolcache folder
2026-09-15T14:53:15.1942213Z Create additional symlinks (Required for the UsePythonVersion Azure Pipelines task and the setup-python GitHub Action)
2026-09-15T14:53:15.2032966Z Upgrading pip...
2026-09-15T14:53:16.9020433Z Collecting pip
2026-09-15T14:53:16.9643274Z Downloading pip-26.2.1-py3-none-any.whl.metadata (4.6 kB)
2026-09-15T14:53:16.9813718Z Downloading pip-26.2.1-py3-none-any.whl (1.8 MB)
2026-09-15T14:53:17.0544952Z ━━━━━━━━━━━━━━━━━━━━━━━━━━━━━━━━━━━━━━━━ 1.8/1.8 MB 45.5 MB/s eta 0:00:00
2026-09-15T14:53:17.0545403Z 
2026-09-15T14:53:17.0816399Z Installing collected packages: pip
2026-09-15T14:53:17.0816870Z Attempting uninstall: pip
2026-09-15T14:53:17.0828546Z Found existing installation: pip 25.0.1
2026-09-15T14:53:17.1025843Z Uninstalling pip-25.0.1:
2026-09-15T14:53:17.1062989Z Successfully uninstalled pip-25.0.1
2026-09-15T14:53:17.6682656Z Successfully installed pip-26.2.1
2026-09-15T14:53:17.7272039Z Create complete file
2026-09-15T14:53:17.7318468Z Successfully set up CPython (3.12.13)
2026-09-15T14:53:17.7319414Z ##[endgroup]
2026-09-15T14:53:17.7496982Z ##[group]Run actions/setup-node@820762786026740c76f36085b0efc47a31fe5020
2026-09-15T14:53:17.7497208Z with:
2026-09-15T14:53:17.7497333Z   node-version: 24.21.0
2026-09-15T14:53:17.7497473Z   check-latest: false
2026-09-15T14:53:17.7499052Z   token: ***
2026-09-15T14:53:17.7499182Z   package-manager-cache: true
2026-09-15T14:53:17.7499327Z env:
2026-09-15T14:53:17.7499479Z   pythonLocation: /opt/hostedtoolcache/Python/3.12.13/x64
2026-09-15T14:53:17.7499739Z   PKG_CONFIG_PATH: /opt/hostedtoolcache/Python/3.12.13/x64/lib/pkgconfig
2026-09-15T14:53:17.7499982Z   Python_ROOT_DIR: /opt/hostedtoolcache/Python/3.12.13/x64
2026-09-15T14:53:17.7500203Z   Python2_ROOT_DIR: /opt/hostedtoolcache/Python/3.12.13/x64
2026-09-15T14:53:17.7500423Z   Python3_ROOT_DIR: /opt/hostedtoolcache/Python/3.12.13/x64
2026-09-15T14:53:17.7500660Z   LD_LIBRARY_PATH: /opt/hostedtoolcache/Python/3.12.13/x64/lib
2026-09-15T14:53:17.7500841Z ##[endgroup]
2026-09-15T14:53:17.8355956Z Attempting to download 24.21.0...
2026-09-15T14:53:18.6269309Z Acquiring 24.21.0 - x64 from https://github.com/actions/node-versions/releases/download/24.21.0-34304089047/node-24.21.0-linux-x64.tar.gz
2026-09-15T14:53:19.1770267Z Extracting ...
2026-09-15T14:53:19.1868481Z [command]/usr/bin/tar xz --strip 1 --warning=no-unknown-keyword --overwrite -C <github-runner-home>/work/_temp/8aecaef6-5b4a-46f3-ac6b-03dc3dc345c1 -f <github-runner-home>/work/_temp/7b58a04a-4cf4-428b-bdba-23df74609628
2026-09-15T14:53:19.7942532Z Adding to the cache ...
2026-09-15T14:53:21.7587562Z ##[group]Environment details
2026-09-15T14:53:21.9290229Z node: v24.21.0
2026-09-15T14:53:21.9290510Z npm: 11.19.0
2026-09-15T14:53:21.9290703Z yarn: 1.22.22
2026-09-15T14:53:21.9291165Z ##[endgroup]
2026-09-15T14:53:21.9455459Z ##[group]Run python -m pip install uv==0.11.21
2026-09-15T14:53:21.9455842Z [36;1mpython -m pip install uv==0.11.21[0m
2026-09-15T14:53:21.9602088Z shell: /usr/bin/bash -e {0}
2026-09-15T14:53:21.9602255Z env:
2026-09-15T14:53:21.9602432Z   pythonLocation: /opt/hostedtoolcache/Python/3.12.13/x64
2026-09-15T14:53:21.9602688Z   PKG_CONFIG_PATH: /opt/hostedtoolcache/Python/3.12.13/x64/lib/pkgconfig
2026-09-15T14:53:21.9602933Z   Python_ROOT_DIR: /opt/hostedtoolcache/Python/3.12.13/x64
2026-09-15T14:53:21.9603164Z   Python2_ROOT_DIR: /opt/hostedtoolcache/Python/3.12.13/x64
2026-09-15T14:53:21.9603390Z   Python3_ROOT_DIR: /opt/hostedtoolcache/Python/3.12.13/x64
2026-09-15T14:53:21.9603614Z   LD_LIBRARY_PATH: /opt/hostedtoolcache/Python/3.12.13/x64/lib
2026-09-15T14:53:21.9603805Z ##[endgroup]
2026-09-15T14:53:22.5089980Z Collecting uv==0.11.21
2026-09-15T14:53:22.5640062Z   Downloading uv-0.11.21-py3-none-manylinux_2_17_x86_64.manylinux2014_x86_64.whl.metadata (11 kB)
2026-09-15T14:53:22.5832385Z Downloading uv-0.11.21-py3-none-manylinux_2_17_x86_64.manylinux2014_x86_64.whl (25.1 MB)
2026-09-15T14:53:22.8808151Z    ━━━━━━━━━━━━━━━━━━━━━━━━━━━━━━━━━━━━━━━━ 25.1/25.1 MB 97.2 MB/s  0:00:00
2026-09-15T14:53:22.9238288Z Installing collected packages: uv
2026-09-15T14:53:23.1447039Z Successfully installed uv-0.11.21
2026-09-15T14:53:23.1994303Z ##[group]Run uv sync --frozen
2026-09-15T14:53:23.1994520Z [36;1muv sync --frozen[0m
2026-09-15T14:53:23.2041804Z shell: /usr/bin/bash -e {0}
2026-09-15T14:53:23.2041952Z env:
2026-09-15T14:53:23.2042115Z   pythonLocation: /opt/hostedtoolcache/Python/3.12.13/x64
2026-09-15T14:53:23.2042371Z   PKG_CONFIG_PATH: /opt/hostedtoolcache/Python/3.12.13/x64/lib/pkgconfig
2026-09-15T14:53:23.2042622Z   Python_ROOT_DIR: /opt/hostedtoolcache/Python/3.12.13/x64
2026-09-15T14:53:23.2042849Z   Python2_ROOT_DIR: /opt/hostedtoolcache/Python/3.12.13/x64
2026-09-15T14:53:23.2043070Z   Python3_ROOT_DIR: /opt/hostedtoolcache/Python/3.12.13/x64
2026-09-15T14:53:23.2043295Z   LD_LIBRARY_PATH: /opt/hostedtoolcache/Python/3.12.13/x64/lib
2026-09-15T14:53:23.2043484Z ##[endgroup]
2026-09-15T14:53:23.2486361Z Using CPython 3.12.13 interpreter at: /opt/hostedtoolcache/Python/3.12.13/x64/bin/python3.12
2026-09-15T14:53:23.2486743Z Creating virtual environment at: .venv
2026-09-15T14:53:23.3296665Z Downloading mypy (14.6MiB)
2026-09-15T14:53:23.3301659Z Downloading pydantic-core (2.0MiB)
2026-09-15T14:53:23.3303602Z Downloading ast-serialize (1.3MiB)
2026-09-15T14:53:23.3309702Z Downloading ruff (9.9MiB)
2026-09-15T14:53:23.3311901Z Downloading pygments (1.2MiB)
2026-09-15T14:53:23.6521997Z  Downloaded pygments
2026-09-15T14:53:23.6710782Z  Downloaded ast-serialize
2026-09-15T14:53:23.7281131Z  Downloaded pydantic-core
2026-09-15T14:53:24.3029683Z  Downloaded ruff
2026-09-15T14:53:24.4879998Z  Downloaded mypy
2026-09-15T14:53:24.4974189Z Prepared 37 packages in 1.24s
2026-09-15T14:53:24.7049641Z Installed 37 packages in 209ms
2026-09-15T14:53:24.7049979Z  + annotated-doc==0.0.5
2026-09-15T14:53:24.7050262Z  + annotated-types==0.8.0
2026-09-15T14:53:24.7050484Z  + anyio==4.15.1
2026-09-15T14:53:24.7050924Z  + ast-serialize==0.11.2
2026-09-15T14:53:24.7051164Z  + attrs==26.1.0
2026-09-15T14:53:24.7051354Z  + certifi==2026.7.22
2026-09-15T14:53:24.7051549Z  + click==8.5.0
2026-09-15T14:53:24.7051755Z  + defusedxml==0.7.1
2026-09-15T14:53:24.7051965Z  + fastapi==0.141.1
2026-09-15T14:53:24.7052154Z  + h11==0.16.0
2026-09-15T14:53:24.7052342Z  + httpcore==1.0.9
2026-09-15T14:53:24.7052488Z  + httpx==0.28.1
2026-09-15T14:53:24.7052673Z  + idna==3.19
2026-09-15T14:53:24.7052795Z  + iniconfig==2.3.0
2026-09-15T14:53:24.7052921Z  + jsonschema==4.26.0
2026-09-15T14:53:24.7053084Z  + jsonschema-specifications==2025.9.1
2026-09-15T14:53:24.7053440Z  + librt==0.15.0
2026-09-15T14:53:24.7053641Z  + markdown-it-py==4.2.0
2026-09-15T14:53:24.7053904Z  + mdurl==0.1.2
2026-09-15T14:53:24.7054087Z  + mypy==2.3.1
2026-09-15T14:53:24.7054314Z  + mypy-extensions==1.1.0
2026-09-15T14:53:24.7054586Z  + packaging==26.3
2026-09-15T14:53:24.7054779Z  + pathspec==1.1.1
2026-09-15T14:53:24.7054984Z  + pluggy==1.6.0
2026-09-15T14:53:24.7076648Z  + pydantic==2.13.5
2026-09-15T14:53:24.7077942Z  + pydantic-core==2.46.5
2026-09-15T14:53:24.7078250Z  + pygments==2.21.0
2026-09-15T14:53:24.7078525Z  + pypdf==6.18.1
2026-09-15T14:53:24.7078827Z  + pytest==9.1.1
2026-09-15T14:53:24.7079030Z  + python-multipart==0.0.32
2026-09-15T14:53:24.7079257Z  + referencing==0.37.0
2026-09-15T14:53:24.7079467Z  + rpds-py==2026.6.3
2026-09-15T14:53:24.7079643Z  + ruff==0.16.7
2026-09-15T14:53:24.7079766Z  + starlette==1.6.0
2026-09-15T14:53:24.7079898Z  + typing-extensions==4.16.0
2026-09-15T14:53:24.7080051Z  + typing-inspection==0.4.4
2026-09-15T14:53:24.7080191Z  + uvicorn==0.53.0
2026-09-15T14:53:24.7128312Z ##[group]Run sudo apt-get update
2026-09-15T14:53:24.7128638Z [36;1msudo apt-get update[0m
2026-09-15T14:53:24.7129233Z [36;1msudo apt-get install -y bubblewrap=0.11.1-1ubuntu0.1 apparmor=5.0.2-0ubuntu1~26.04.1 libapparmor1=5.0.2-0ubuntu1~26.04.1 libseccomp2=2.6.0-2ubuntu5[0m
2026-09-15T14:53:24.7129884Z [36;1mdpkg-query -W bubblewrap apparmor libapparmor1 libseccomp2[0m
2026-09-15T14:53:24.7130278Z [36;1mtest -f /etc/apparmor.d/bwrap-userns-restrict[0m
2026-09-15T14:53:24.7130577Z [36;1mbwrap --version[0m
2026-09-15T14:53:24.7193962Z shell: /usr/bin/bash -e {0}
2026-09-15T14:53:24.7194147Z env:
2026-09-15T14:53:24.7194325Z   pythonLocation: /opt/hostedtoolcache/Python/3.12.13/x64
2026-09-15T14:53:24.7194602Z   PKG_CONFIG_PATH: /opt/hostedtoolcache/Python/3.12.13/x64/lib/pkgconfig
2026-09-15T14:53:24.7194847Z   Python_ROOT_DIR: /opt/hostedtoolcache/Python/3.12.13/x64
2026-09-15T14:53:24.7195289Z   Python2_ROOT_DIR: /opt/hostedtoolcache/Python/3.12.13/x64
2026-09-15T14:53:24.7195565Z   Python3_ROOT_DIR: /opt/hostedtoolcache/Python/3.12.13/x64
2026-09-15T14:53:24.7195787Z   LD_LIBRARY_PATH: /opt/hostedtoolcache/Python/3.12.13/x64/lib
2026-09-15T14:53:24.7195980Z ##[endgroup]
2026-09-15T14:53:24.8098436Z Get:1 file:/etc/apt/apt-mirrors.txt Mirrorlist [144 B]
2026-09-15T14:53:24.8366463Z Get:6 https://packages.microsoft.com/ubuntu/26.04/prod resolute InRelease [3964 B]
2026-09-15T14:53:24.8691465Z Hit:2 http://azure.archive.ubuntu.com/ubuntu resolute InRelease
2026-09-15T14:53:24.8708689Z Get:3 http://azure.archive.ubuntu.com/ubuntu resolute-updates InRelease [137 kB]
2026-09-15T14:53:24.8769256Z Get:4 http://azure.archive.ubuntu.com/ubuntu resolute-backports InRelease [137 kB]
2026-09-15T14:53:24.8921924Z Get:7 https://packages.microsoft.com/ubuntu/26.04/prod resolute/main arm64 Packages [52.1 kB]
2026-09-15T14:53:24.9068291Z Get:5 http://azure.archive.ubuntu.com/ubuntu resolute-security InRelease [137 kB]
2026-09-15T14:53:24.9691637Z Get:19 https://packages.microsoft.com/ubuntu/26.04/prod resolute/main amd64 Packages [59.9 kB]
2026-09-15T14:53:24.9717368Z Get:8 http://azure.archive.ubuntu.com/ubuntu resolute-updates/main amd64v3 Packages [610 kB]
2026-09-15T14:53:24.9743205Z Get:20 https://dl.google.com/linux/chrome-stable/deb stable InRelease [2548 B]
2026-09-15T14:53:25.0188284Z Get:9 http://azure.archive.ubuntu.com/ubuntu resolute-updates/main Translation-en [145 kB]
2026-09-15T14:53:25.0209507Z Get:10 http://azure.archive.ubuntu.com/ubuntu resolute-updates/main amd64 Components [97.8 kB]
2026-09-15T14:53:25.0336661Z Get:11 http://azure.archive.ubuntu.com/ubuntu resolute-updates/universe amd64v3 Packages [293 kB]
2026-09-15T14:53:25.0606603Z Get:12 http://azure.archive.ubuntu.com/ubuntu resolute-updates/universe Translation-en [93.2 kB]
2026-09-15T14:53:25.0617682Z Get:13 http://azure.archive.ubuntu.com/ubuntu resolute-updates/universe amd64 Components [188 kB]
2026-09-15T14:53:25.0728064Z Get:31 https://dl.google.com/linux/chrome-stable/deb stable/main amd64 Packages [1415 B]
2026-09-15T14:53:25.1009696Z Get:14 http://azure.archive.ubuntu.com/ubuntu resolute-updates/restricted amd64v3 Packages [409 kB]
2026-09-15T14:53:25.1013496Z Get:15 http://azure.archive.ubuntu.com/ubuntu resolute-updates/restricted Translation-en [79.5 kB]
2026-09-15T14:53:25.1307895Z Get:16 http://azure.archive.ubuntu.com/ubuntu resolute-updates/multiverse amd64v3 Packages [11.6 kB]
2026-09-15T14:53:25.1314849Z Get:17 http://azure.archive.ubuntu.com/ubuntu resolute-updates/multiverse Translation-en [3036 B]
2026-09-15T14:53:25.1761122Z Get:18 http://azure.archive.ubuntu.com/ubuntu resolute-backports/universe amd64 Components [1056 B]
2026-09-15T14:53:25.1797131Z Get:21 http://azure.archive.ubuntu.com/ubuntu resolute-security/main amd64v3 Packages [474 kB]
2026-09-15T14:53:25.2217087Z Get:22 http://azure.archive.ubuntu.com/ubuntu resolute-security/main Translation-en [111 kB]
2026-09-15T14:53:25.2851805Z Get:23 http://azure.archive.ubuntu.com/ubuntu resolute-security/main amd64 Components [46.6 kB]
2026-09-15T14:53:25.3329286Z Get:24 http://azure.archive.ubuntu.com/ubuntu resolute-security/universe amd64v3 Packages [173 kB]
2026-09-15T14:53:25.3827954Z Get:25 http://azure.archive.ubuntu.com/ubuntu resolute-security/universe Translation-en [54.4 kB]
2026-09-15T14:53:25.3909698Z Get:26 http://azure.archive.ubuntu.com/ubuntu resolute-security/universe amd64 Components [43.4 kB]
2026-09-15T14:53:25.4096485Z Get:27 http://azure.archive.ubuntu.com/ubuntu resolute-security/restricted amd64v3 Packages [399 kB]
2026-09-15T14:53:25.4210248Z Get:28 http://azure.archive.ubuntu.com/ubuntu resolute-security/restricted Translation-en [77.7 kB]
2026-09-15T14:53:25.4307324Z Get:29 http://azure.archive.ubuntu.com/ubuntu resolute-security/multiverse amd64v3 Packages [10.9 kB]
2026-09-15T14:53:25.4406291Z Get:30 http://azure.archive.ubuntu.com/ubuntu resolute-security/multiverse Translation-en [2844 B]
2026-09-15T14:53:28.8093440Z Fetched 3855 kB in 1s (5822 kB/s)
2026-09-15T14:53:29.3126978Z Reading package lists...
2026-09-15T14:53:29.3424848Z Reading package lists...
2026-09-15T14:53:29.5135854Z Building dependency tree...
2026-09-15T14:53:29.5142091Z Reading state information...
2026-09-15T14:53:29.5479680Z bubblewrap is already the newest version (0.11.1-1ubuntu0.1).
2026-09-15T14:53:29.5480105Z bubblewrap set to manually installed.
2026-09-15T14:53:29.5480486Z apparmor is already the newest version (5.0.2-0ubuntu1~26.04.1).
2026-09-15T14:53:29.5481546Z apparmor set to manually installed.
2026-09-15T14:53:29.5481942Z libapparmor1 is already the newest version (5.0.2-0ubuntu1~26.04.1).
2026-09-15T14:53:29.5482314Z libapparmor1 set to manually installed.
2026-09-15T14:53:29.5482675Z libseccomp2 is already the newest version (2.6.0-2ubuntu5).
2026-09-15T14:53:29.5483016Z libseccomp2 set to manually installed.
2026-09-15T14:53:29.6021659Z Solving dependencies...
2026-09-15T14:53:29.7141488Z 0 upgraded, 0 newly installed, 0 to remove and 73 not upgraded.
2026-09-15T14:53:29.7241233Z apparmor	5.0.2-0ubuntu1~26.04.1
2026-09-15T14:53:29.7241491Z bubblewrap	0.11.1-1ubuntu0.1
2026-09-15T14:53:29.7241690Z libapparmor1:amd64	5.0.2-0ubuntu1~26.04.1
2026-09-15T14:53:29.7241884Z libseccomp2:amd64	2.6.0-2ubuntu5
2026-09-15T14:53:29.7517900Z bubblewrap 0.11.1
2026-09-15T14:53:29.7542805Z ##[group]Run npm ci --prefix apps/web
2026-09-15T14:53:29.7543036Z [36;1mnpm ci --prefix apps/web[0m
2026-09-15T14:53:29.7592039Z shell: /usr/bin/bash -e {0}
2026-09-15T14:53:29.7592195Z env:
2026-09-15T14:53:29.7592358Z   pythonLocation: /opt/hostedtoolcache/Python/3.12.13/x64
2026-09-15T14:53:29.7592614Z   PKG_CONFIG_PATH: /opt/hostedtoolcache/Python/3.12.13/x64/lib/pkgconfig
2026-09-15T14:53:29.7592856Z   Python_ROOT_DIR: /opt/hostedtoolcache/Python/3.12.13/x64
2026-09-15T14:53:29.7593079Z   Python2_ROOT_DIR: /opt/hostedtoolcache/Python/3.12.13/x64
2026-09-15T14:53:29.7593300Z   Python3_ROOT_DIR: /opt/hostedtoolcache/Python/3.12.13/x64
2026-09-15T14:53:29.7593523Z   LD_LIBRARY_PATH: /opt/hostedtoolcache/Python/3.12.13/x64/lib
2026-09-15T14:53:29.7593713Z ##[endgroup]
2026-09-15T14:53:33.9112285Z 
2026-09-15T14:53:33.9112969Z added 236 packages, and audited 237 packages in 4s
2026-09-15T14:53:33.9113235Z 
2026-09-15T14:53:33.9113383Z 118 packages are looking for funding
2026-09-15T14:53:33.9113763Z   run `npm fund` for details
2026-09-15T14:53:33.9120225Z 
2026-09-15T14:53:33.9120349Z found 0 vulnerabilities
2026-09-15T14:53:33.9497345Z ##[group]Run npm --prefix apps/web exec -- playwright install --with-deps chromium
2026-09-15T14:53:33.9497858Z [36;1mnpm --prefix apps/web exec -- playwright install --with-deps chromium[0m
2026-09-15T14:53:33.9554880Z shell: /usr/bin/bash -e {0}
2026-09-15T14:53:33.9555156Z env:
2026-09-15T14:53:33.9555318Z   pythonLocation: /opt/hostedtoolcache/Python/3.12.13/x64
2026-09-15T14:53:33.9555566Z   PKG_CONFIG_PATH: /opt/hostedtoolcache/Python/3.12.13/x64/lib/pkgconfig
2026-09-15T14:53:33.9555810Z   Python_ROOT_DIR: /opt/hostedtoolcache/Python/3.12.13/x64
2026-09-15T14:53:33.9556030Z   Python2_ROOT_DIR: /opt/hostedtoolcache/Python/3.12.13/x64
2026-09-15T14:53:33.9556251Z   Python3_ROOT_DIR: /opt/hostedtoolcache/Python/3.12.13/x64
2026-09-15T14:53:33.9556471Z   LD_LIBRARY_PATH: /opt/hostedtoolcache/Python/3.12.13/x64/lib
2026-09-15T14:53:33.9556679Z ##[endgroup]
2026-09-15T14:53:34.4576503Z Installing dependencies...
2026-09-15T14:53:34.4641231Z Switching to root user to install dependencies...
2026-09-15T14:53:34.5330824Z Get:1 file:/etc/apt/apt-mirrors.txt Mirrorlist [144 B]
2026-09-15T14:53:34.5672291Z Hit:6 https://packages.microsoft.com/ubuntu/26.04/prod resolute InRelease
2026-09-15T14:53:34.5909594Z Hit:2 http://azure.archive.ubuntu.com/ubuntu resolute InRelease
2026-09-15T14:53:34.5928448Z Hit:3 http://azure.archive.ubuntu.com/ubuntu resolute-updates InRelease
2026-09-15T14:53:34.5943837Z Hit:4 http://azure.archive.ubuntu.com/ubuntu resolute-backports InRelease
2026-09-15T14:53:34.5968649Z Hit:5 http://azure.archive.ubuntu.com/ubuntu resolute-security InRelease
2026-09-15T14:53:34.6881848Z Hit:7 https://dl.google.com/linux/chrome-stable/deb stable InRelease
2026-09-15T14:53:35.2705756Z Reading package lists...
2026-09-15T14:53:35.2946893Z Reading package lists...
2026-09-15T14:53:35.4468538Z Building dependency tree...
2026-09-15T14:53:35.4474442Z Reading state information...
2026-09-15T14:53:35.4747772Z libasound2t64 is already the newest version (1.2.15.3-1ubuntu1.1).
2026-09-15T14:53:35.4748880Z libasound2t64 set to manually installed.
2026-09-15T14:53:35.4749301Z libatk-bridge2.0-0t64 is already the newest version (2.60.4-0ubuntu0.1).
2026-09-15T14:53:35.4749723Z libatk-bridge2.0-0t64 set to manually installed.
2026-09-15T14:53:35.4750122Z libatk1.0-0t64 is already the newest version (2.60.4-0ubuntu0.1).
2026-09-15T14:53:35.4750489Z libatk1.0-0t64 set to manually installed.
2026-09-15T14:53:35.4750870Z libatspi2.0-0t64 is already the newest version (2.60.4-0ubuntu0.1).
2026-09-15T14:53:35.4751246Z libatspi2.0-0t64 set to manually installed.
2026-09-15T14:53:35.4751578Z libcairo2 is already the newest version (1.18.4-3).
2026-09-15T14:53:35.4751907Z libcairo2 set to manually installed.
2026-09-15T14:53:35.4752271Z libcups2t64 is already the newest version (2.4.16-1ubuntu1.3).
2026-09-15T14:53:35.4752626Z libcups2t64 set to manually installed.
2026-09-15T14:53:35.4752981Z libdbus-1-3 is already the newest version (1.16.2-2ubuntu4).
2026-09-15T14:53:35.4753335Z libdbus-1-3 set to manually installed.
2026-09-15T14:53:35.4753661Z libdrm2 is already the newest version (2.4.131-1).
2026-09-15T14:53:35.4753979Z libdrm2 set to manually installed.
2026-09-15T14:53:35.4754315Z libgbm1 is already the newest version (26.0.8-1ubuntu0.3).
2026-09-15T14:53:35.4754678Z libgbm1 set to manually installed.
2026-09-15T14:53:35.4755217Z libglib2.0-0t64 is already the newest version (2.88.0-1).
2026-09-15T14:53:35.4755571Z libglib2.0-0t64 set to manually installed.
2026-09-15T14:53:35.4755940Z libnspr4 is already the newest version (2:4.38.2-1ubuntu1).
2026-09-15T14:53:35.4756272Z libnspr4 set to manually installed.
2026-09-15T14:53:35.4756614Z libnss3 is already the newest version (2:3.120-1ubuntu2.1).
2026-09-15T14:53:35.4756939Z libnss3 set to manually installed.
2026-09-15T14:53:35.4757271Z libpango-1.0-0 is already the newest version (1.57.0-1).
2026-09-15T14:53:35.4757618Z libpango-1.0-0 set to manually installed.
2026-09-15T14:53:35.4757953Z libx11-6 is already the newest version (2:1.8.13-1).
2026-09-15T14:53:35.4758783Z libx11-6 set to manually installed.
2026-09-15T14:53:35.4759112Z libxcb1 is already the newest version (1.17.0-2ubuntu1).
2026-09-15T14:53:35.4759432Z libxcb1 set to manually installed.
2026-09-15T14:53:35.4759791Z libxcomposite1 is already the newest version (1:0.4.6-1build1).
2026-09-15T14:53:35.4760164Z libxcomposite1 set to manually installed.
2026-09-15T14:53:35.4760504Z libxdamage1 is already the newest version (1:1.1.7-1).
2026-09-15T14:53:35.4760825Z libxdamage1 set to manually installed.
2026-09-15T14:53:35.4761165Z libxext6 is already the newest version (2:1.3.4-1build3).
2026-09-15T14:53:35.4761486Z libxext6 set to manually installed.
2026-09-15T14:53:35.4761834Z libxfixes3 is already the newest version (1:6.0.0-2build2).
2026-09-15T14:53:35.4762170Z libxfixes3 set to manually installed.
2026-09-15T14:53:35.4762509Z libxkbcommon0 is already the newest version (1.13.1-1).
2026-09-15T14:53:35.4762840Z libxkbcommon0 set to manually installed.
2026-09-15T14:53:35.4763200Z libxrandr2 is already the newest version (2:1.5.4-1build1).
2026-09-15T14:53:35.4763542Z libxrandr2 set to manually installed.
2026-09-15T14:53:35.4763888Z xvfb is already the newest version (2:21.1.22-1ubuntu1).
2026-09-15T14:53:35.4764317Z fonts-noto-color-emoji is already the newest version (2.051-1build1).
2026-09-15T14:53:35.4764777Z libfontconfig1 is already the newest version (2.17.1-3ubuntu1).
2026-09-15T14:53:35.4765259Z libfontconfig1 set to manually installed.
2026-09-15T14:53:35.4765655Z libfreetype6 is already the newest version (2.14.2+dfsg-1ubuntu0.1).
2026-09-15T14:53:35.4766030Z libfreetype6 set to manually installed.
2026-09-15T14:53:35.4766420Z fonts-liberation is already the newest version (1:2.1.5-3build1).
2026-09-15T14:53:35.4766798Z fonts-liberation set to manually installed.
2026-09-15T14:53:35.5236394Z Solving dependencies...
2026-09-15T14:53:35.6008458Z The following additional packages will be installed:
2026-09-15T14:53:35.6009058Z   xfonts-encodings xfonts-utils
2026-09-15T14:53:35.6014284Z Recommended packages:
2026-09-15T14:53:35.6014558Z   fonts-ipafont-mincho fonts-tlwg-loma
2026-09-15T14:53:35.6168217Z The following NEW packages will be installed:
2026-09-15T14:53:35.6168898Z   fonts-freefont-ttf fonts-ipafont-gothic fonts-tlwg-loma-otf fonts-unifont
2026-09-15T14:53:35.6173882Z   fonts-wqy-zenhei xfonts-cyrillic xfonts-encodings xfonts-scalable
2026-09-15T14:53:35.6174295Z   xfonts-utils
2026-09-15T14:53:35.6345594Z 0 upgraded, 9 newly installed, 0 to remove and 73 not upgraded.
2026-09-15T14:53:35.6345878Z Need to get 21.9 MB of archives.
2026-09-15T14:53:35.6346124Z After this operation, 80.2 MB of additional disk space will be used.
2026-09-15T14:53:35.6346397Z Get:1 file:/etc/apt/apt-mirrors.txt Mirrorlist [144 B]
2026-09-15T14:53:35.7054420Z Get:2 http://azure.archive.ubuntu.com/ubuntu resolute/universe amd64v3 fonts-ipafont-gothic all 00303-23ubuntu1 [3703 kB]
2026-09-15T14:53:35.7903781Z Get:3 http://azure.archive.ubuntu.com/ubuntu resolute/main amd64v3 fonts-freefont-ttf all 20211204+svn4273-4build1 [5656 kB]
2026-09-15T14:53:35.9131838Z Get:4 http://azure.archive.ubuntu.com/ubuntu resolute/universe amd64v3 fonts-tlwg-loma-otf all 1:0.7.3-1build1 [106 kB]
2026-09-15T14:53:35.9542196Z Get:5 http://azure.archive.ubuntu.com/ubuntu resolute/universe amd64v3 fonts-unifont all 1:16.0.04-1build1 [3169 kB]
2026-09-15T14:53:36.0364510Z Get:6 http://azure.archive.ubuntu.com/ubuntu resolute/universe amd64v3 fonts-wqy-zenhei all 0.9.45-8build1 [7863 kB]
2026-09-15T14:53:36.1717637Z Get:7 http://azure.archive.ubuntu.com/ubuntu resolute/main amd64v3 xfonts-encodings all 1:1.0.5-0ubuntu3 [576 kB]
2026-09-15T14:53:36.2152442Z Get:8 http://azure.archive.ubuntu.com/ubuntu resolute/main amd64v3 xfonts-utils amd64 1:7.7+7build1 [97.3 kB]
2026-09-15T14:53:36.2562158Z Get:9 http://azure.archive.ubuntu.com/ubuntu resolute/universe amd64v3 xfonts-cyrillic all 1:1.0.5+nmu1build1 [384 kB]
2026-09-15T14:53:36.2983213Z Get:10 http://azure.archive.ubuntu.com/ubuntu resolute/universe amd64v3 xfonts-scalable all 1:1.0.3-1.3build1 [304 kB]
2026-09-15T14:53:36.5718406Z Fetched 21.9 MB in 1s (32.4 MB/s)
2026-09-15T14:53:36.6169081Z Selecting previously unselected package fonts-ipafont-gothic.
2026-09-15T14:53:36.6452360Z (Reading database ... 
2026-09-15T14:53:36.6452766Z (Reading database ... 5%
2026-09-15T14:53:36.6453268Z (Reading database ... 10%
2026-09-15T14:53:36.6453569Z (Reading database ... 15%
2026-09-15T14:53:36.6453820Z (Reading database ... 20%
2026-09-15T14:53:36.6454067Z (Reading database ... 25%
2026-09-15T14:53:36.6454317Z (Reading database ... 30%
2026-09-15T14:53:36.6454573Z (Reading database ... 35%
2026-09-15T14:53:36.6454831Z (Reading database ... 40%
2026-09-15T14:53:36.6455264Z (Reading database ... 45%
2026-09-15T14:53:36.6455484Z (Reading database ... 50%
2026-09-15T14:53:36.7854474Z (Reading database ... 55%
2026-09-15T14:53:36.9321355Z (Reading database ... 60%
2026-09-15T14:53:37.1353127Z (Reading database ... 65%
2026-09-15T14:53:37.3360210Z (Reading database ... 70%
2026-09-15T14:53:37.5335374Z (Reading database ... 75%
2026-09-15T14:53:37.6399309Z (Reading database ... 80%
2026-09-15T14:53:37.8306736Z (Reading database ... 85%
2026-09-15T14:53:38.0364272Z (Reading database ... 90%
2026-09-15T14:53:38.1902073Z (Reading database ... 95%
2026-09-15T14:53:38.1902380Z (Reading database ... 100%
2026-09-15T14:53:38.1902675Z (Reading database ... 209256 files and directories currently installed.)
2026-09-15T14:53:38.1940333Z Preparing to unpack .../0-fonts-ipafont-gothic_00303-23ubuntu1_all.deb ...
2026-09-15T14:53:38.3548014Z Unpacking fonts-ipafont-gothic (00303-23ubuntu1) ...
2026-09-15T14:53:38.4653215Z Selecting previously unselected package fonts-freefont-ttf.
2026-09-15T14:53:38.4757646Z Preparing to unpack .../1-fonts-freefont-ttf_20211204+svn4273-4build1_all.deb ...
2026-09-15T14:53:38.4792604Z Unpacking fonts-freefont-ttf (20211204+svn4273-4build1) ...
2026-09-15T14:53:38.5813129Z Selecting previously unselected package fonts-tlwg-loma-otf.
2026-09-15T14:53:38.5916805Z Preparing to unpack .../2-fonts-tlwg-loma-otf_1%3a0.7.3-1build1_all.deb ...
2026-09-15T14:53:38.5927190Z Unpacking fonts-tlwg-loma-otf (1:0.7.3-1build1) ...
2026-09-15T14:53:38.6169446Z Selecting previously unselected package fonts-unifont.
2026-09-15T14:53:38.6274490Z Preparing to unpack .../3-fonts-unifont_1%3a16.0.04-1build1_all.deb ...
2026-09-15T14:53:38.6283929Z Unpacking fonts-unifont (1:16.0.04-1build1) ...
2026-09-15T14:53:38.8387315Z Selecting previously unselected package fonts-wqy-zenhei.
2026-09-15T14:53:38.8492586Z Preparing to unpack .../4-fonts-wqy-zenhei_0.9.45-8build1_all.deb ...
2026-09-15T14:53:38.8618031Z Unpacking fonts-wqy-zenhei (0.9.45-8build1) ...
2026-09-15T14:53:39.0256937Z Selecting previously unselected package xfonts-encodings.
2026-09-15T14:53:39.0362965Z Preparing to unpack .../5-xfonts-encodings_1%3a1.0.5-0ubuntu3_all.deb ...
2026-09-15T14:53:39.0373495Z Unpacking xfonts-encodings (1:1.0.5-0ubuntu3) ...
2026-09-15T14:53:39.0679456Z Selecting previously unselected package xfonts-utils.
2026-09-15T14:53:39.0786735Z Preparing to unpack .../6-xfonts-utils_1%3a7.7+7build1_amd64v3.deb ...
2026-09-15T14:53:39.0857777Z Unpacking xfonts-utils (1:7.7+7build1) ...
2026-09-15T14:53:39.1615823Z Selecting previously unselected package xfonts-cyrillic.
2026-09-15T14:53:39.1721181Z Preparing to unpack .../7-xfonts-cyrillic_1%3a1.0.5+nmu1build1_all.deb ...
2026-09-15T14:53:39.1731372Z Unpacking xfonts-cyrillic (1:1.0.5+nmu1build1) ...
2026-09-15T14:53:39.2329540Z Selecting previously unselected package xfonts-scalable.
2026-09-15T14:53:39.2435612Z Preparing to unpack .../8-xfonts-scalable_1%3a1.0.3-1.3build1_all.deb ...
2026-09-15T14:53:39.2464039Z Unpacking xfonts-scalable (1:1.0.3-1.3build1) ...
2026-09-15T14:53:39.3088910Z Setting up fonts-wqy-zenhei (0.9.45-8build1) ...
2026-09-15T14:53:39.3332337Z Setting up fonts-freefont-ttf (20211204+svn4273-4build1) ...
2026-09-15T14:53:39.3539375Z Setting up fonts-tlwg-loma-otf (1:0.7.3-1build1) ...
2026-09-15T14:53:39.3562846Z Setting up xfonts-encodings (1:1.0.5-0ubuntu3) ...
2026-09-15T14:53:39.3714108Z Setting up fonts-ipafont-gothic (00303-23ubuntu1) ...
2026-09-15T14:53:39.4080270Z update-alternatives: using /usr/share/fonts/opentype/ipafont-gothic/ipag.ttf to provide /usr/share/fonts/truetype/fonts-japanese-gothic.ttf (fonts-japanese-gothic.ttf) in auto mode
2026-09-15T14:53:39.4178699Z Setting up fonts-unifont (1:16.0.04-1build1) ...
2026-09-15T14:53:39.4339221Z Setting up xfonts-utils (1:7.7+7build1) ...
2026-09-15T14:53:39.4627968Z Setting up xfonts-cyrillic (1:1.0.5+nmu1build1) ...
2026-09-15T14:53:39.5222902Z Setting up xfonts-scalable (1:1.0.3-1.3build1) ...
2026-09-15T14:53:39.5555823Z Processing triggers for man-db (2.13.1-1build1) ...
2026-09-15T14:53:39.5576991Z Not building database; man-db/auto-update is not 'true'.
2026-09-15T14:53:39.5591434Z Processing triggers for fontconfig (2.17.1-3ubuntu1) ...
2026-09-15T14:53:40.2922676Z 
2026-09-15T14:53:40.2923314Z Running kernel seems to be up-to-date.
2026-09-15T14:53:40.2923517Z 
2026-09-15T14:53:40.2923622Z Restarting services...
2026-09-15T14:53:40.3001202Z 
2026-09-15T14:53:40.3001870Z Service restarts being deferred:
2026-09-15T14:53:40.3005157Z  systemctl restart hosted-compute-agent.service
2026-09-15T14:53:40.3005378Z 
2026-09-15T14:53:40.3006182Z No containers need to be restarted.
2026-09-15T14:53:40.3006371Z 
2026-09-15T14:53:40.3006533Z No user sessions are running outdated binaries.
2026-09-15T14:53:40.3006714Z 
2026-09-15T14:53:40.3006968Z No VM guests are running outdated hypervisor (qemu) binaries on this host.
2026-09-15T14:53:41.4118191Z Downloading Chrome for Testing 153.0.8010.12 (playwright chromium v1243) from https://cdn.playwright.dev/builds/cft/153.0.8010.12/linux64/chrome-linux64.zip
2026-09-15T14:53:41.7933690Z |                                                                                |   0% of 186.8 MiB
2026-09-15T14:53:42.1458383Z |■■■■■■■■                                                                        |  10% of 186.8 MiB
2026-09-15T14:53:42.2013753Z |■■■■■■■■■■■■■■■■                                                                |  20% of 186.8 MiB
2026-09-15T14:53:42.2799320Z |■■■■■■■■■■■■■■■■■■■■■■■■                                                        |  30% of 186.8 MiB
2026-09-15T14:53:42.3205845Z |■■■■■■■■■■■■■■■■■■■■■■■■■■■■■■■■                                                |  40% of 186.8 MiB
2026-09-15T14:53:42.3695331Z |■■■■■■■■■■■■■■■■■■■■■■■■■■■■■■■■■■■■■■■■                                        |  50% of 186.8 MiB
2026-09-15T14:53:42.4720435Z |■■■■■■■■■■■■■■■■■■■■■■■■■■■■■■■■■■■■■■■■■■■■■■■■                                |  60% of 186.8 MiB
2026-09-15T14:53:42.5272180Z |■■■■■■■■■■■■■■■■■■■■■■■■■■■■■■■■■■■■■■■■■■■■■■■■■■■■■■■■                        |  70% of 186.8 MiB
2026-09-15T14:53:42.5984074Z |■■■■■■■■■■■■■■■■■■■■■■■■■■■■■■■■■■■■■■■■■■■■■■■■■■■■■■■■■■■■■■■■                |  80% of 186.8 MiB
2026-09-15T14:53:42.6714600Z |■■■■■■■■■■■■■■■■■■■■■■■■■■■■■■■■■■■■■■■■■■■■■■■■■■■■■■■■■■■■■■■■■■■■■■■■        |  90% of 186.8 MiB
2026-09-15T14:53:42.7300229Z |■■■■■■■■■■■■■■■■■■■■■■■■■■■■■■■■■■■■■■■■■■■■■■■■■■■■■■■■■■■■■■■■■■■■■■■■■■■■■■■■| 100% of 186.8 MiB
2026-09-15T14:53:44.6819713Z Chrome for Testing 153.0.8010.12 (playwright chromium v1243) downloaded to <github-runner-home>/.cache/ms-playwright/chromium-1243
2026-09-15T14:53:44.6822784Z Downloading FFmpeg (playwright ffmpeg v1011) from https://cdn.playwright.dev/dbazure/download/playwright/builds/ffmpeg/1011/ffmpeg-linux.zip
2026-09-15T14:53:44.9736011Z |                                                                                |   0% of 2.3 MiB
2026-09-15T14:53:44.9931795Z |■■■■■■■■                                                                        |  10% of 2.3 MiB
2026-09-15T14:53:45.0016000Z |■■■■■■■■■■■■■■■■                                                                |  20% of 2.3 MiB
2026-09-15T14:53:45.0071755Z |■■■■■■■■■■■■■■■■■■■■■■■■                                                        |  30% of 2.3 MiB
2026-09-15T14:53:45.0107508Z |■■■■■■■■■■■■■■■■■■■■■■■■■■■■■■■■                                                |  40% of 2.3 MiB
2026-09-15T14:53:45.0117709Z |■■■■■■■■■■■■■■■■■■■■■■■■■■■■■■■■■■■■■■■■                                        |  50% of 2.3 MiB
2026-09-15T14:53:45.0156071Z |■■■■■■■■■■■■■■■■■■■■■■■■■■■■■■■■■■■■■■■■■■■■■■■■                                |  60% of 2.3 MiB
2026-09-15T14:53:45.0181699Z |■■■■■■■■■■■■■■■■■■■■■■■■■■■■■■■■■■■■■■■■■■■■■■■■■■■■■■■■                        |  70% of 2.3 MiB
2026-09-15T14:53:45.0199005Z |■■■■■■■■■■■■■■■■■■■■■■■■■■■■■■■■■■■■■■■■■■■■■■■■■■■■■■■■■■■■■■■■                |  80% of 2.3 MiB
2026-09-15T14:53:45.0207591Z |■■■■■■■■■■■■■■■■■■■■■■■■■■■■■■■■■■■■■■■■■■■■■■■■■■■■■■■■■■■■■■■■■■■■■■■■        |  90% of 2.3 MiB
2026-09-15T14:53:45.0212876Z |■■■■■■■■■■■■■■■■■■■■■■■■■■■■■■■■■■■■■■■■■■■■■■■■■■■■■■■■■■■■■■■■■■■■■■■■■■■■■■■■| 100% of 2.3 MiB
2026-09-15T14:53:45.0599246Z FFmpeg (playwright ffmpeg v1011) downloaded to <github-runner-home>/.cache/ms-playwright/ffmpeg-1011
2026-09-15T14:53:45.0601086Z Downloading Chrome Headless Shell 153.0.8010.12 (playwright chromium-headless-shell v1243) from https://cdn.playwright.dev/builds/cft/153.0.8010.12/linux64/chrome-headless-shell-linux64.zip
2026-09-15T14:53:45.3942014Z |                                                                                |   0% of 114.3 MiB
2026-09-15T14:53:45.8988398Z |■■■■■■■■                                                                        |  10% of 114.3 MiB
2026-09-15T14:53:45.9769560Z |■■■■■■■■■■■■■■■■                                                                |  20% of 114.3 MiB
2026-09-15T14:53:46.0205845Z |■■■■■■■■■■■■■■■■■■■■■■■■                                                        |  30% of 114.3 MiB
2026-09-15T14:53:46.0559506Z |■■■■■■■■■■■■■■■■■■■■■■■■■■■■■■■■                                                |  40% of 114.3 MiB
2026-09-15T14:53:46.0913130Z |■■■■■■■■■■■■■■■■■■■■■■■■■■■■■■■■■■■■■■■■                                        |  50% of 114.3 MiB
2026-09-15T14:53:46.1720248Z |■■■■■■■■■■■■■■■■■■■■■■■■■■■■■■■■■■■■■■■■■■■■■■■■                                |  60% of 114.3 MiB
2026-09-15T14:53:46.2020630Z |■■■■■■■■■■■■■■■■■■■■■■■■■■■■■■■■■■■■■■■■■■■■■■■■■■■■■■■■                        |  70% of 114.3 MiB
2026-09-15T14:53:46.2452592Z |■■■■■■■■■■■■■■■■■■■■■■■■■■■■■■■■■■■■■■■■■■■■■■■■■■■■■■■■■■■■■■■■                |  80% of 114.3 MiB
2026-09-15T14:53:46.2877295Z |■■■■■■■■■■■■■■■■■■■■■■■■■■■■■■■■■■■■■■■■■■■■■■■■■■■■■■■■■■■■■■■■■■■■■■■■        |  90% of 114.3 MiB
2026-09-15T14:53:46.3198599Z |■■■■■■■■■■■■■■■■■■■■■■■■■■■■■■■■■■■■■■■■■■■■■■■■■■■■■■■■■■■■■■■■■■■■■■■■■■■■■■■■| 100% of 114.3 MiB
2026-09-15T14:53:47.7889926Z Chrome Headless Shell 153.0.8010.12 (playwright chromium-headless-shell v1243) downloaded to <github-runner-home>/.cache/ms-playwright/chromium_headless_shell-1243
2026-09-15T14:53:47.8165846Z ##[group]Run make build
2026-09-15T14:53:47.8166027Z [36;1mmake build[0m
2026-09-15T14:53:47.8214255Z shell: /usr/bin/bash -e {0}
2026-09-15T14:53:47.8214405Z env:
2026-09-15T14:53:47.8214566Z   pythonLocation: /opt/hostedtoolcache/Python/3.12.13/x64
2026-09-15T14:53:47.8214808Z   PKG_CONFIG_PATH: /opt/hostedtoolcache/Python/3.12.13/x64/lib/pkgconfig
2026-09-15T14:53:47.8215237Z   Python_ROOT_DIR: /opt/hostedtoolcache/Python/3.12.13/x64
2026-09-15T14:53:47.8215451Z   Python2_ROOT_DIR: /opt/hostedtoolcache/Python/3.12.13/x64
2026-09-15T14:53:47.8215663Z   Python3_ROOT_DIR: /opt/hostedtoolcache/Python/3.12.13/x64
2026-09-15T14:53:47.8215881Z   LD_LIBRARY_PATH: /opt/hostedtoolcache/Python/3.12.13/x64/lib
2026-09-15T14:53:47.8216065Z ##[endgroup]
2026-09-15T14:53:47.8311121Z bash scripts/node.sh npm --prefix apps/web run build
2026-09-15T14:53:47.9088330Z 
2026-09-15T14:53:47.9088967Z > @learning-workbench/web@0.1.0 build
2026-09-15T14:53:47.9089312Z > tsc --noEmit && vite build
2026-09-15T14:53:47.9089484Z 
2026-09-15T14:53:48.7291328Z [36mvite v8.3.0 [32mbuilding client environment for production...[36m[39m
2026-09-15T14:53:48.7370121Z transforming...
2026-09-15T14:53:48.8613018Z ✓ 728 modules transformed.
2026-09-15T14:53:48.9433942Z rendering chunks...
2026-09-15T14:53:49.0656408Z computing gzip size...
2026-09-15T14:53:49.0979474Z dist/index.html                       0.41 kB │ gzip:     0.32 kB
2026-09-15T14:53:49.0980071Z dist/assets/index-C5tfVjEf.css       39.22 kB │ gzip:     8.29 kB
2026-09-15T14:53:49.0980562Z dist/assets/index-lGVVAElh.js     1,141.33 kB │ gzip:   256.68 kB
2026-09-15T14:53:49.0981050Z dist/assets/Markdown-4AYuvQLM.js  2,939.32 kB │ gzip: 1,098.70 kB
2026-09-15T14:53:49.0981295Z 
2026-09-15T14:53:49.0983881Z [32m✓ built in 369ms[39m
2026-09-15T14:53:49.0990060Z [33m[plugin builtin:vite-reporter] 
2026-09-15T14:53:49.0990399Z (!) Some chunks are larger than 500 kB after minification. Consider:
2026-09-15T14:53:49.0990760Z - Using dynamic import() to code-split the application
2026-09-15T14:53:49.0991244Z - Use build.rolldownOptions.output.codeSplitting to improve chunking: https://rolldown.rs/reference/OutputOptions.codeSplitting
2026-09-15T14:53:49.0991758Z - Adjust chunk size limit for this warning via build.chunkSizeWarningLimit.[39m
2026-09-15T14:53:49.1241386Z ##[group]Run make test-e2e
2026-09-15T14:53:49.1241571Z [36;1mmake test-e2e[0m
2026-09-15T14:53:49.1290224Z shell: /usr/bin/bash -e {0}
2026-09-15T14:53:49.1290385Z env:
2026-09-15T14:53:49.1290546Z   pythonLocation: /opt/hostedtoolcache/Python/3.12.13/x64
2026-09-15T14:53:49.1290798Z   PKG_CONFIG_PATH: /opt/hostedtoolcache/Python/3.12.13/x64/lib/pkgconfig
2026-09-15T14:53:49.1291040Z   Python_ROOT_DIR: /opt/hostedtoolcache/Python/3.12.13/x64
2026-09-15T14:53:49.1291265Z   Python2_ROOT_DIR: /opt/hostedtoolcache/Python/3.12.13/x64
2026-09-15T14:53:49.1291488Z   Python3_ROOT_DIR: /opt/hostedtoolcache/Python/3.12.13/x64
2026-09-15T14:53:49.1291712Z   LD_LIBRARY_PATH: /opt/hostedtoolcache/Python/3.12.13/x64/lib
2026-09-15T14:53:49.1291977Z   LEARNING_E2E_OUTPUT_DIR: <github-runner-home>/work/_temp/learning-workbench-e2e-results
2026-09-15T14:53:49.1292206Z ##[endgroup]
2026-09-15T14:53:49.1374667Z bash scripts/node.sh npm --prefix apps/web run test:e2e
2026-09-15T14:53:49.2136919Z 
2026-09-15T14:53:49.2137668Z > @learning-workbench/web@0.1.0 test:e2e
2026-09-15T14:53:49.2138068Z > playwright test --config ../../tests/e2e/playwright.config.ts
2026-09-15T14:53:49.2138239Z 
2026-09-15T14:53:50.8106011Z [WebServer] INFO:     Started server process [2926]
2026-09-15T14:53:50.8106367Z [WebServer] INFO:     Waiting for application startup.
2026-09-15T14:53:50.8939892Z [WebServer] INFO:     Application startup complete.
2026-09-15T14:53:50.8940864Z [WebServer] INFO:     Uvicorn running on http://127.0.0.1:8765 (Press CTRL+C to quit)
2026-09-15T14:53:52.8226553Z 
2026-09-15T14:53:52.8227195Z Running 93 tests using 1 worker
2026-09-15T14:53:52.8227432Z 
2026-09-15T14:54:39.8948119Z   ✓   1 ../../tests/e2e/assessment-restart.spec.ts:43:1 › same assessment instance rejects forged course and assessment hashes while its independent policy remains active (46.8s)
2026-09-15T14:54:56.2019436Z   ✓   2 ../../tests/e2e/assessment-restart.spec.ts:112:1 › actual browser and API restarts retain independent drafts and keep old solution receipts protected after submission (16.3s)
2026-09-15T14:55:04.7394262Z   ✓   3 ../../tests/e2e/assessments.spec.ts:41:1 › real unreviewed independent assessment saves five types and submits without fabricated grades or answer calls (8.5s)
2026-09-15T14:55:15.2755406Z   ✓   4 ../../tests/e2e/assessments.spec.ts:90:1 › open-book and assisted freeze actual policies; explicit abandon retains saved answers and yields no score (10.5s)
2026-09-15T14:55:26.2378850Z   ✓   5 ../../tests/e2e/assessments.spec.ts:109:1 › two profiles retain a real server CAS conflict with three-way comparison and reject forged same-identity parent (10.8s)
2026-09-15T14:55:31.6740595Z   ✓   6 ../../tests/e2e/assessments.spec.ts:138:1 › missing private binding visibly blocks start instead of fabricating a usable test (5.4s)
2026-09-15T14:55:44.9141084Z   ✓   7 ../../tests/e2e/assessments.spec.ts:145:1 › two pages preserve independent local CAS candidates; a later submitted snapshot never accepts restored edits (13.2s)
2026-09-15T14:55:54.7361764Z   ✓   8 ../../tests/e2e/assessments.spec.ts:251:1 › late redacted Workbench save uses its original ETag and retains hidden selection after explicit three-way choice (9.8s)
2026-09-15T14:56:03.7224187Z   ✓   9 ../../tests/e2e/assessments.spec.ts:295:1 › a genuine solution response held in flight cannot appear after another page starts an open-book assessment (9.0s)
2026-09-15T14:56:08.4893780Z 
2026-09-15T14:56:08.4930119Z   ✓  10 ../../tests/e2e/document-imports.spec.ts:87:1 › real two-page PDF keeps exact page citations, guarded original bytes and explicit fidelity approval (4.7s)
2026-09-15T14:56:12.9441244Z 
2026-09-15T14:56:12.9443618Z   ✓  11 ../../tests/e2e/document-imports.spec.ts:127:1 › real DOCX safe text stays readable for learner while original bytes require an explicit author role (4.4s)
2026-09-15T14:56:16.5155803Z 
2026-09-15T14:56:16.5198097Z   ✓  12 ../../tests/e2e/document-imports.spec.ts:202:1 › a real scanned PDF fails without invented text or OCR and its local original is checked explicitly after reload (3.6s)
2026-09-15T14:56:19.6963050Z 
2026-09-15T14:56:19.6965234Z   ✓  13 ../../tests/e2e/document-imports.spec.ts:236:3 › real encrypted.pdf extraction failure remains blocked and preserves its original hash (3.2s)
2026-09-15T14:56:22.5540814Z 
2026-09-15T14:56:22.5542613Z   ✓  14 ../../tests/e2e/document-imports.spec.ts:236:3 › real malformed.docx extraction failure remains blocked and preserves its original hash (2.9s)
2026-09-15T14:56:30.7137142Z   ✓  15 ../../tests/e2e/grading-recovery.spec.ts:57:1 › a real failed regrade survives reload and can recover from the last actual grade without losing the old submission (8.1s)
2026-09-15T14:56:42.3975597Z   ✓  16 ../../tests/e2e/grading-restart.spec.ts:50:1 › real browser and API restarts preserve the submitted answers, signed review and both grading revisions (11.7s)
2026-09-15T14:56:53.2427836Z   ✓  17 ../../tests/e2e/grading.spec.ts:34:1 › unreviewed original content stays null until an explicit author form creates a signed new grade without altering its reference approval (10.8s)
2026-09-15T14:57:03.7307384Z   ✓  18 ../../tests/e2e/grading.spec.ts:66:1 › two browser profiles keep a stale manual-review baseline through an actual 412 before explicit three-way rebase (10.5s)
2026-09-15T14:57:12.5980177Z   ✓  19 ../../tests/e2e/grading.spec.ts:81:1 › a failed manual request preserves its durable exact command and editable author draft after browser reload (8.9s)
2026-09-15T14:57:14.4448090Z   ✓  20 ../../tests/e2e/import-admission.spec.ts:8:1 › import admission waits for real Policy after UI saved and never replays a rejected click (1.8s)
2026-09-15T14:57:24.4119692Z   ✓  21 ../../tests/e2e/import-admission.spec.ts:65:1 › real independent Policy preserves an open import selection and restores only explicit admission (10.0s)
2026-09-15T14:57:32.4307425Z   ✓  22 ../../tests/e2e/imports-policy.spec.ts:11:1 › an open author import retains its task across independent start and submit but rechecks pending-answer protection before restoring content (8.0s)
2026-09-15T14:57:37.3366012Z   ✓  23 ../../tests/e2e/imports-policy.spec.ts:61:1 › a reselected failed original survives a role-policy pause in memory while decoded text must be checked again (4.9s)
2026-09-15T14:57:42.0249638Z   ✓  24 ../../tests/e2e/imports.spec.ts:111:1 › real Markdown upload stays staged, previews and downloads exact bytes, restores and commits exact course refs (4.7s)
2026-09-15T14:57:45.2495627Z   ✓  25 ../../tests/e2e/imports.spec.ts:190:1 › safe HTML warning requires explicit acceptance and native cancel leaves courses untouched (3.2s)
2026-09-15T14:57:50.0831836Z   ✓  26 ../../tests/e2e/imports.spec.ts:218:1 › UTF-8 text can target a real existing course and creates a newer exact revision (4.8s)
2026-09-15T14:57:53.1469557Z   ✓  27 ../../tests/e2e/imports.spec.ts:234:1 › upload request failure keeps the selected file; preview failure keeps the recovery ID and explicit retry works (3.1s)
2026-09-15T14:57:57.2883534Z 
2026-09-15T14:57:57.2936379Z   ✓  28 ../../tests/e2e/imports.spec.ts:254:1 › author package requires explicit role change and clears the private preview after returning to learner (4.1s)
2026-09-15T14:58:00.3790200Z   ✓  29 ../../tests/e2e/imports.spec.ts:290:1 › a real invalid UTF-8 parse shows a blocking error and cannot be confirmed (3.1s)
2026-09-15T14:58:05.9166345Z 
2026-09-15T14:58:05.9193058Z   ✓  30 ../../tests/e2e/imports.spec.ts:311:1 › local encoding choice preserves the failed original and creates a separately confirmed UTF-8 import (5.5s)
2026-09-15T14:58:10.5076104Z 
2026-09-15T14:58:10.5079498Z   ✓  31 ../../tests/e2e/imports.spec.ts:379:1 › deferred author preview and original responses cannot restore content after the role is lowered (4.6s)
2026-09-15T14:58:22.6291449Z   ✓  32 ../../tests/e2e/learning-state-restart.spec.ts:47:1 › actual browser and API restarts preserve profile candidates, exact route overrides and original reading sources (12.1s)
2026-09-15T14:58:28.4126901Z   ✓  33 ../../tests/e2e/learning-state.spec.ts:12:1 › real self-report persists a lost-ACK command once and never creates independent evidence (5.8s)
2026-09-15T14:58:36.9418837Z   ✓  34 ../../tests/e2e/learning-state.spec.ts:30:1 › actual unreviewed submission stays excluded and its precise sources disappear when another page starts independent work (8.5s)
2026-09-15T14:58:40.4186889Z   ✓  35 ../../tests/e2e/learning-state.spec.ts:45:1 › a quota-failed profile remains mounted when a global command tries to leave it (3.5s)
2026-09-15T14:58:46.6223779Z   ✓  36 ../../tests/e2e/notes-lifecycle.spec.ts:32:1 › a concurrent note move to another block remains recoverable by stable note ID after a real 412 (6.2s)
2026-09-15T14:58:52.7207649Z   ✓  37 ../../tests/e2e/notes-lifecycle.spec.ts:64:1 › soft deleting a server note preserves its unsynced local continuation for explicit recovery (6.1s)
2026-09-15T14:58:59.4841533Z   ✓  38 ../../tests/e2e/practice-restart.spec.ts:20:1 › same practice tab identity rejects changed frozen parent or child hashes and preserves the original session (6.8s)
2026-09-15T14:59:10.5379770Z   ✓  39 ../../tests/e2e/practice-restart.spec.ts:66:1 › actual browser close and API restart retain practice identity, exposure and an unsynced local response (11.0s)
2026-09-15T14:59:18.6027729Z   ✓  40 ../../tests/e2e/practice.spec.ts:26:1 › five real question kinds save and refresh; hints and solutions require explicit exposure; submit is ungraded (8.1s)
2026-09-15T14:59:26.6937110Z   ✓  41 ../../tests/e2e/practice.spec.ts:87:1 › offline recovery keeps the local candidate when session GET was also unavailable and reconnect compares its base (8.1s)
2026-09-15T14:59:36.1107983Z   ✓  42 ../../tests/e2e/practice.spec.ts:113:1 › two real browser profiles produce a server CAS conflict with base local and remote before explicit choice (9.4s)
2026-09-15T14:59:41.6067795Z   ✓  43 ../../tests/e2e/practice.spec.ts:138:1 › missing private solution fails closed and a forged same-identity parent never replaces the existing practice tab (5.5s)
2026-09-15T14:59:53.0776855Z   ✓  44 ../../tests/e2e/practice.spec.ts:159:1 › two pages keep their durable local candidates and closing an unsynced practice requires explicit retention (11.5s)
2026-09-15T14:59:57.7561759Z   ✓  45 ../../tests/e2e/provider-settings.spec.ts:53:1 › real settings persist control configuration and temporary secrets without claiming production generation (4.7s)
2026-09-15T15:00:03.4202221Z   ✓  46 ../../tests/e2e/provider-settings.spec.ts:84:1 › real config lost ACK restores the original command after browser/API restart and reads later current state separately (5.7s)
2026-09-15T15:00:09.4131068Z   ✓  47 ../../tests/e2e/provider-settings.spec.ts:112:1 › actual independent assessment policy keeps settings controls available and denies subject consent reads (6.0s)
2026-09-15T15:00:12.3913302Z   ✓  48 ../../tests/e2e/provider-settings.spec.ts:142:41 › secret controls use an actual newer readback while the parent refresh is held; peer change false (3.0s)
2026-09-15T15:00:15.5159980Z   ✓  49 ../../tests/e2e/provider-settings.spec.ts:142:41 › secret controls use an actual newer readback while the parent refresh is held; peer change true (3.1s)
2026-09-15T15:00:25.1112044Z   ✓  50 ../../tests/e2e/reader-conflict-layout.spec.ts:97:1 › real session conflict preserves the scrolled submitted explanation and requires an explicit comparison choice (9.6s)
2026-09-15T15:00:32.3307235Z   ✓  51 ../../tests/e2e/reader-conflict-layout.spec.ts:178:1 › real session conflict keeps the same enabled assessment input focused and visible in the shortened reader (7.2s)
2026-09-15T15:00:41.4890832Z   ✓  52 ../../tests/e2e/reader-restart.spec.ts:13:1 › actual browser close and API process restart retain imported references, notes, progress and Reader position (9.2s)
2026-09-15T15:00:47.3967922Z   ✓  53 ../../tests/e2e/reader.spec.ts:33:1 › real imported directory, title search, worked-example link, long formula and frozen original download (5.9s)
2026-09-15T15:00:52.8764067Z   ✓  54 ../../tests/e2e/reader.spec.ts:67:1 › second repeated rendered selection preserves exact source codepoints, saves note, edits and soft deletes (5.5s)
2026-09-15T15:00:57.7637244Z   ✓  55 ../../tests/e2e/reader.spec.ts:98:1 › native source keyboard selection creates exact Markdown codepoints without rendered-text guessing (4.9s)
2026-09-15T15:01:04.4126898Z   ✓  56 ../../tests/e2e/reader.spec.ts:123:1 › offline local note recovery and a real concurrent server revision show three-way comparison before CAS save (6.6s)
2026-09-15T15:01:12.2991213Z   ✓  57 ../../tests/e2e/reader.spec.ts:171:1 › historical course revisions stay in separate exact tabs and hash-mismatched links preserve unresolved reference (7.9s)
2026-09-15T15:01:19.9035678Z 
2026-09-15T15:01:19.9047018Z   ✓  58 ../../tests/e2e/reader.spec.ts:209:1 › a private original authorized before a cross-profile role decrease cannot trigger a late browser download (7.6s)
2026-09-15T15:01:28.8896117Z   ✓  59 ../../tests/e2e/recommendations.spec.ts:56:1 › real recommendation decisions recover a lost ACK across browser and API restart without rewriting later decisions or learning facts (9.0s)
2026-09-15T15:01:36.9389139Z   ✓  60 ../../tests/e2e/recommendations.spec.ts:90:1 › real local suggestions cover another imported textbook and open its complete original refs independently of acceptance (8.0s)
2026-09-15T15:01:45.2267452Z   ✓  61 ../../tests/e2e/recommendations.spec.ts:110:1 › real offline and stale decision candidates require explicit 412 correction and current independent policy hides delayed subject sources (8.3s)
2026-09-15T15:01:51.1741278Z   ✓  62 ../../tests/e2e/recommendations.spec.ts:151:1 › a controlled archived fixture makes the real historical recommendation stale and its formerly current UI cannot open the old target (5.9s)
2026-09-15T15:01:58.0927765Z   ✓  63 ../../tests/e2e/responsive-layout.spec.ts:43:1 › narrow layout and submitted explanation remain visible before React resize listeners run (6.9s)
2026-09-15T15:02:17.4699221Z   ✓  64 ../../tests/e2e/retrieval.spec.ts:47:1 › real explicit cold scope, original rebuild Job, complete hits/no match/resource omission and unchanged historical scope (19.4s)
2026-09-15T15:02:30.8828140Z   ✓  65 ../../tests/e2e/review.spec.ts:35:1 › real history and exact material review preserve original submitted text, null scores and a selected old revision after reload (13.4s)
2026-09-15T15:02:40.5802973Z   ✓  66 ../../tests/e2e/review.spec.ts:76:1 › a delayed old review response cannot restore history or academic context after another page starts a real independent attempt (9.7s)
2026-09-15T15:02:43.5064299Z   ✓  67 ../../tests/e2e/route-draft-input.spec.ts:9:60 › native route goal input survives its own initial draft save_first delivery after focus (2.9s)
2026-09-15T15:02:46.2054342Z   ✓  68 ../../tests/e2e/route-draft-input.spec.ts:9:60 › native route goal input survives its own initial draft load_first delivery after focus (2.7s)
2026-09-15T15:02:51.9294409Z   ✓  69 ../../tests/e2e/routes.spec.ts:10:1 › real route creation, reminder, manual false, reordered revision and exact target navigation preserve history (5.7s)
2026-09-15T15:02:59.1470355Z   ✓  70 ../../tests/e2e/tutor.spec.ts:18:1 › real Tutor thread and prepared Run recover, diagnose missing proof and cancel without a model call (7.2s)
2026-09-15T15:03:15.4211630Z   ✓  71 ../../tests/e2e/tutor.spec.ts:77:1 › lost Run ACK replays original bytes and cross-page open-book hides academic content while retaining cancellation (16.3s)
2026-09-15T15:03:26.2192576Z   ✓  72 ../../tests/e2e/tutor.spec.ts:147:1 › explicit same-Run consent uses the real loopback protocol and restores raw answer without upgrading evidence (10.8s)
2026-09-15T15:03:30.4072288Z   ✓  73 ../../tests/e2e/workbench-initial-recovery.spec.ts:6:3 › initial workbench recovery keeps the saved lesson and waits for the real session at 1440px (4.2s)
2026-09-15T15:03:34.4207490Z   ✓  74 ../../tests/e2e/workbench-initial-recovery.spec.ts:6:3 › initial workbench recovery keeps the saved lesson and waits for the real session at 390px (4.0s)
2026-09-15T15:03:36.1653081Z   ✓  75 ../../tests/e2e/workbench.spec.ts:5:1 › empty workspace, native bootstrap, four fixed navigation and truthful auxiliary states (1.7s)
2026-09-15T15:03:38.8877140Z   ✓  76 ../../tests/e2e/workbench.spec.ts:22:1 › real keyboard and mouse resize, native drawers, focus return and restored layout (2.7s)
2026-09-15T15:03:42.6317000Z   ✓  77 ../../tests/e2e/workbench.spec.ts:43:1 › object drafts survive preview switches, close choice and browser reload without fake sending (3.7s)
2026-09-15T15:03:48.5788216Z   ✓  78 ../../tests/e2e/workbench.spec.ts:60:1 › server CAS conflict is visible, local object drafts survive and explicit readback recovers (5.9s)
2026-09-15T15:03:52.7169048Z   ✓  79 ../../tests/e2e/workbench.spec.ts:73:1 › offline pending UI is restored after actual connection recovery (4.1s)
2026-09-15T15:03:55.3937232Z   ✓  80 ../../tests/e2e/workbench.spec.ts:85:1 › actual MathJax, no runtime errors, long formula local scrolling, all screenshot sizes (2.7s)
2026-09-15T15:04:01.8103465Z   ✓  81 ../../tests/e2e/workbench.spec.ts:112:1 › two browser pages keep drafts for different objects in native IndexedDB (6.4s)
2026-09-15T15:04:04.4917851Z   ✓  82 ../../tests/e2e/workbench.spec.ts:130:1 › exact reference mismatch stays unresolved and preserves the original snapshot (2.7s)
2026-09-15T15:04:08.2530367Z   ✓  83 ../../tests/e2e/workbench.spec.ts:147:1 › cold lazy renderer restores saved reading offset after the content is ready (3.7s)
2026-09-15T15:04:15.5457223Z   ✓  84 ../../tests/e2e/workbench.spec.ts:167:1 › native concurrent same-object transactions preserve both candidates and expose explicit recovery (7.3s)
2026-09-15T15:04:19.7977125Z   ✓  85 ../../tests/e2e/workbench.spec.ts:200:1 › directory history restores the current course and navigation entry (4.2s)
2026-09-15T15:04:22.9977247Z   ✓  86 ../../tests/e2e/workbench.spec.ts:212:1 › UI cache quota failure stays visibly unsaved until the real server acknowledges (3.2s)
2026-09-15T15:04:26.2426711Z   ✓  87 ../../tests/e2e/workbench.spec.ts:229:1 › offline UI candidates from two pages remain separate on reload (3.2s)
2026-09-15T15:04:32.9648300Z   ✓  88 ../../tests/e2e/workbench.spec.ts:250:1 › quota-only memory candidate with a changed server baseline shows three-way comparison before explicit CAS (6.7s)
2026-09-15T15:04:37.5786944Z   ✓  89 ../../tests/e2e/workbench.spec.ts:283:1 › per-object details and focus survive A to B to A and browser reload after lazy content readiness (4.6s)
2026-09-15T15:04:40.8464088Z   ✓  90 ../../tests/e2e/workbench.spec.ts:302:1 › first unsent-draft conflict shows original, local and stored text before any reload or choice (3.2s)
2026-09-15T15:04:44.6456088Z   ✓  91 ../../tests/e2e/workbench.spec.ts:332:1 › route directory stays honestly empty and continue reading restores the exact last lesson (3.8s)
2026-09-15T15:04:47.7098480Z   ✓  92 ../../tests/e2e/workbench.spec.ts:354:1 › native keyboard selection updates frozen-reference preview and ambiguous source matches are refused (3.1s)
2026-09-15T15:04:52.8286119Z   ✓  93 ../../tests/e2e/zoom.spec.ts:5:1 › real browser 200 percent zoom reflows CSS width through Chrome appearance setting (5.1s)
2026-09-15T15:04:52.9613465Z 
2026-09-15T15:04:52.9618723Z   93 passed (11.1m)
2026-09-15T15:04:52.9914203Z Post job cleanup.
2026-09-15T15:04:53.0830735Z Post job cleanup.
2026-09-15T15:04:53.1776302Z Post job cleanup.
2026-09-15T15:04:53.2386277Z [command]/usr/bin/git version
2026-09-15T15:04:53.2434557Z git version 2.55.0
2026-09-15T15:04:53.2466835Z Temporarily overriding HOME='<github-runner-home>/work/_temp/899eec54-f53e-4881-8e51-f92fac97b5ff' before making global git config changes
2026-09-15T15:04:53.2467677Z Adding repository directory to the temporary git global config as a safe directory
2026-09-15T15:04:53.2470699Z [command]/usr/bin/git config --global --add safe.directory <github-runner-home>/work/Learning_Workbench/Learning_Workbench
2026-09-15T15:04:53.2507547Z Removing SSH command configuration
2026-09-15T15:04:53.2512763Z [command]/usr/bin/git config --local --name-only --get-regexp core\.sshCommand
2026-09-15T15:04:53.2546678Z [command]/usr/bin/git submodule foreach --recursive sh -c "git config --local --name-only --get-regexp 'core\.sshCommand' && git config --local --unset-all 'core.sshCommand' || :"
2026-09-15T15:04:53.2811634Z Removing HTTP extra header
2026-09-15T15:04:53.2817199Z [command]/usr/bin/git config --local --name-only --get-regexp http\.https\:\/\/github\.com\/\.extraheader
2026-09-15T15:04:53.2856262Z [command]/usr/bin/git submodule foreach --recursive sh -c "git config --local --name-only --get-regexp 'http\.https\:\/\/github\.com\/\.extraheader' && git config --local --unset-all 'http.https://github.com/.extraheader' || :"
2026-09-15T15:04:53.3126918Z Removing includeIf entries pointing to credentials config files
2026-09-15T15:04:53.3133593Z [command]/usr/bin/git config --local --name-only --get-regexp ^includeIf\.gitdir:
2026-09-15T15:04:53.3193631Z includeif.gitdir:<github-runner-home>/work/Learning_Workbench/Learning_Workbench/.git.path
2026-09-15T15:04:53.3194518Z includeif.gitdir:<github-runner-home>/work/Learning_Workbench/Learning_Workbench/.git/worktrees/*.path
2026-09-15T15:04:53.3195328Z includeif.gitdir:/github/workspace/.git.path
2026-09-15T15:04:53.3195935Z includeif.gitdir:/github/workspace/.git/worktrees/*.path
2026-09-15T15:04:53.3202061Z [command]/usr/bin/git config --local --get-all includeif.gitdir:<github-runner-home>/work/Learning_Workbench/Learning_Workbench/.git.path
2026-09-15T15:04:53.3229965Z <github-runner-home>/work/_temp/git-credentials-987acb52-929c-4fd4-a40c-f14ee5e0b841.config
2026-09-15T15:04:53.3239130Z [command]/usr/bin/git config --local --unset includeif.gitdir:<github-runner-home>/work/Learning_Workbench/Learning_Workbench/.git.path \/home\/runner\/work\/_temp\/git\-credentials\-987acb52\-929c\-4fd4\-a40c\-f14ee5e0b841\.config
2026-09-15T15:04:53.3273325Z [command]/usr/bin/git config --local --get-all includeif.gitdir:<github-runner-home>/work/Learning_Workbench/Learning_Workbench/.git/worktrees/*.path
2026-09-15T15:04:53.3296725Z <github-runner-home>/work/_temp/git-credentials-987acb52-929c-4fd4-a40c-f14ee5e0b841.config
2026-09-15T15:04:53.3310778Z [command]/usr/bin/git config --local --unset includeif.gitdir:<github-runner-home>/work/Learning_Workbench/Learning_Workbench/.git/worktrees/*.path \/home\/runner\/work\/_temp\/git\-credentials\-987acb52\-929c\-4fd4\-a40c\-f14ee5e0b841\.config
2026-09-15T15:04:53.3341285Z [command]/usr/bin/git config --local --get-all includeif.gitdir:/github/workspace/.git.path
2026-09-15T15:04:53.3364795Z /github/runner_temp/git-credentials-987acb52-929c-4fd4-a40c-f14ee5e0b841.config
2026-09-15T15:04:53.3368999Z [command]/usr/bin/git config --local --unset includeif.gitdir:/github/workspace/.git.path \/github\/runner_temp\/git\-credentials\-987acb52\-929c\-4fd4\-a40c\-f14ee5e0b841\.config
2026-09-15T15:04:53.3398444Z [command]/usr/bin/git config --local --get-all includeif.gitdir:/github/workspace/.git/worktrees/*.path
2026-09-15T15:04:53.3419509Z /github/runner_temp/git-credentials-987acb52-929c-4fd4-a40c-f14ee5e0b841.config
2026-09-15T15:04:53.3426189Z [command]/usr/bin/git config --local --unset includeif.gitdir:/github/workspace/.git/worktrees/*.path \/github\/runner_temp\/git\-credentials\-987acb52\-929c\-4fd4\-a40c\-f14ee5e0b841\.config
2026-09-15T15:04:53.3458017Z [command]/usr/bin/git submodule foreach --recursive git config --local --show-origin --name-only --get-regexp remote.origin.url
2026-09-15T15:04:53.3697919Z Removing credentials config '<github-runner-home>/work/_temp/git-credentials-987acb52-929c-4fd4-a40c-f14ee5e0b841.config'
2026-09-15T15:04:53.3831400Z Cleaning up orphan processes
