2026-09-15T14:53:03.2080056Z Current runner version: '2.337.0'
2026-09-15T14:53:03.2114840Z ##[group]Runner Image Provisioner
2026-09-15T14:53:03.2116252Z Hosted Compute Agent
2026-09-15T14:53:03.2117243Z Version: 20260828.587
2026-09-15T14:53:03.2118314Z Commit: abac92662cab4cc7352de4f9f9d2e2419aad9c29
2026-09-15T14:53:03.2119646Z Build Date: 2026-08-28T16:44:25Z
2026-09-15T14:53:03.2120780Z Worker ID: {ab7c04dc-8825-4ae0-9f71-8d96a86050ab}
2026-09-15T14:53:03.2122005Z Azure Region: eastus
2026-09-15T14:53:03.2123288Z ##[endgroup]
2026-09-15T14:53:03.2125894Z ##[group]Operating System
2026-09-15T14:53:03.2127088Z Ubuntu
2026-09-15T14:53:03.2127992Z 24.04.5
2026-09-15T14:53:03.2128841Z LTS
2026-09-15T14:53:03.2129686Z ##[endgroup]
2026-09-15T14:53:03.2130701Z ##[group]Runner Image
2026-09-15T14:53:03.2131765Z Image: ubuntu-24.04
2026-09-15T14:53:03.2132987Z Version: 20260907.300.1
2026-09-15T14:53:03.2135705Z Included Software: https://github.com/actions/runner-images/blob/ubuntu24/20260907.300/images/ubuntu/Ubuntu2404-Readme.md
2026-09-15T14:53:03.2138481Z Image Release: https://github.com/actions/runner-images/releases/tag/ubuntu24%2F20260907.300
2026-09-15T14:53:03.2140146Z ##[endgroup]
2026-09-15T14:53:03.2142037Z ##[group]GITHUB_TOKEN Permissions
2026-09-15T14:53:03.2145262Z Contents: read
2026-09-15T14:53:03.2146235Z Metadata: read
2026-09-15T14:53:03.2147265Z ##[endgroup]
2026-09-15T14:53:03.2150160Z Secret source: Actions
2026-09-15T14:53:03.2151756Z Cache mode: write
2026-09-15T14:53:03.2153646Z Prepare workflow directory
2026-09-15T14:53:03.2624361Z Prepare all required actions
2026-09-15T14:53:03.2696614Z Getting action download info
2026-09-15T14:53:03.4654255Z Download action repository 'actions/checkout@3d3c42e5aac5ba805825da76410c181273ba90b1' (SHA:3d3c42e5aac5ba805825da76410c181273ba90b1)
2026-09-15T14:53:03.5820808Z Download action repository 'actions/setup-python@5fda3b95a4ea91299a34e894583c3862153e4b97' (SHA:5fda3b95a4ea91299a34e894583c3862153e4b97)
2026-09-15T14:53:03.6563279Z Download action repository 'actions/setup-node@820762786026740c76f36085b0efc47a31fe5020' (SHA:820762786026740c76f36085b0efc47a31fe5020)
2026-09-15T14:53:03.8477576Z Complete job name: spec-contracts
2026-09-15T14:53:03.9248110Z ##[group]Run actions/checkout@3d3c42e5aac5ba805825da76410c181273ba90b1
2026-09-15T14:53:03.9249328Z with:
2026-09-15T14:53:03.9249782Z   repository: kl3574/Learning_Workbench
2026-09-15T14:53:03.9253707Z   token: ***
2026-09-15T14:53:03.9254160Z   ssh-strict: true
2026-09-15T14:53:03.9254583Z   ssh-user: git
2026-09-15T14:53:03.9255020Z   persist-credentials: true
2026-09-15T14:53:03.9255496Z   clean: true
2026-09-15T14:53:03.9255926Z   sparse-checkout-cone-mode: true
2026-09-15T14:53:03.9256435Z   fetch-depth: 1
2026-09-15T14:53:03.9256855Z   fetch-tags: false
2026-09-15T14:53:03.9257276Z   show-progress: true
2026-09-15T14:53:03.9257734Z   lfs: false
2026-09-15T14:53:03.9258141Z   submodules: false
2026-09-15T14:53:03.9258586Z   set-safe-directory: true
2026-09-15T14:53:03.9259084Z   allow-unsafe-pr-checkout: false
2026-09-15T14:53:03.9260208Z ##[endgroup]
2026-09-15T14:53:04.0251518Z Syncing repository: kl3574/Learning_Workbench
2026-09-15T14:53:04.0254119Z ##[group]Getting Git version info
2026-09-15T14:53:04.0255524Z Working directory is '<github-runner-home>/work/Learning_Workbench/Learning_Workbench'
2026-09-15T14:53:04.0257718Z [command]/usr/bin/git version
2026-09-15T14:53:04.0341549Z git version 2.55.0
2026-09-15T14:53:04.0391729Z ##[endgroup]
2026-09-15T14:53:04.0400730Z Temporarily overriding HOME='<github-runner-home>/work/_temp/8d6c0720-ba1c-4d6d-a3e4-cd25a1acae2b' before making global git config changes
2026-09-15T14:53:04.0403496Z Adding repository directory to the temporary git global config as a safe directory
2026-09-15T14:53:04.0405587Z [command]/usr/bin/git config --global --add safe.directory <github-runner-home>/work/Learning_Workbench/Learning_Workbench
2026-09-15T14:53:04.0481419Z Deleting the contents of '<github-runner-home>/work/Learning_Workbench/Learning_Workbench'
2026-09-15T14:53:04.0484099Z ##[group]Determining repository object format
2026-09-15T14:53:04.0486176Z ##[endgroup]
2026-09-15T14:53:04.0492622Z ##[group]Initializing the repository
2026-09-15T14:53:04.0494354Z [command]/usr/bin/git init <github-runner-home>/work/Learning_Workbench/Learning_Workbench
2026-09-15T14:53:04.0581624Z hint: Using 'master' as the name for the initial branch. This default branch name
2026-09-15T14:53:04.0582946Z hint: will change to "main" in Git 3.0. To configure the initial branch name
2026-09-15T14:53:04.0584194Z hint: to use in all of your new repositories, which will suppress this warning,
2026-09-15T14:53:04.0584939Z hint: call:
2026-09-15T14:53:04.0585338Z hint:
2026-09-15T14:53:04.0585864Z hint: 	git config --global init.defaultBranch <name>
2026-09-15T14:53:04.0586474Z hint:
2026-09-15T14:53:04.0587057Z hint: Names commonly chosen instead of 'master' are 'main', 'trunk' and
2026-09-15T14:53:04.0587995Z hint: 'development'. The just-created branch can be renamed via this command:
2026-09-15T14:53:04.0588721Z hint:
2026-09-15T14:53:04.0589136Z hint: 	git branch -m <name>
2026-09-15T14:53:04.0589636Z hint:
2026-09-15T14:53:04.0590273Z hint: Disable this message with "git config set advice.defaultBranchName false"
2026-09-15T14:53:04.0595386Z Initialized empty Git repository in <github-runner-home>/work/Learning_Workbench/Learning_Workbench/.git/
2026-09-15T14:53:04.0616344Z [command]/usr/bin/git remote add origin https://github.com/kl3574/Learning_Workbench
2026-09-15T14:53:04.0658884Z ##[endgroup]
2026-09-15T14:53:04.0659702Z ##[group]Disabling automatic garbage collection
2026-09-15T14:53:04.0662699Z [command]/usr/bin/git config --local gc.auto 0
2026-09-15T14:53:04.0696377Z ##[endgroup]
2026-09-15T14:53:04.0697725Z ##[group]Setting up auth
2026-09-15T14:53:04.0698683Z Removing SSH command configuration
2026-09-15T14:53:04.0705756Z [command]/usr/bin/git config --local --name-only --get-regexp core\.sshCommand
2026-09-15T14:53:04.0743884Z [command]/usr/bin/git submodule foreach --recursive sh -c "git config --local --name-only --get-regexp 'core\.sshCommand' && git config --local --unset-all 'core.sshCommand' || :"
2026-09-15T14:53:04.1106218Z Removing HTTP extra header
2026-09-15T14:53:04.1113839Z [command]/usr/bin/git config --local --name-only --get-regexp http\.https\:\/\/github\.com\/\.extraheader
2026-09-15T14:53:04.1154346Z [command]/usr/bin/git submodule foreach --recursive sh -c "git config --local --name-only --get-regexp 'http\.https\:\/\/github\.com\/\.extraheader' && git config --local --unset-all 'http.https://github.com/.extraheader' || :"
2026-09-15T14:53:04.1371993Z Removing includeIf entries pointing to credentials config files
2026-09-15T14:53:04.1377469Z [command]/usr/bin/git config --local --name-only --get-regexp ^includeIf\.gitdir:
2026-09-15T14:53:04.1419007Z [command]/usr/bin/git submodule foreach --recursive git config --local --show-origin --name-only --get-regexp remote.origin.url
2026-09-15T14:53:04.1705348Z [command]/usr/bin/git config --file <github-runner-home>/work/_temp/git-credentials-c01a284b-b1cd-421c-a0e2-5aae2088852f.config http.https://github.com/.extraheader AUTHORIZATION: basic ***
2026-09-15T14:53:04.1710002Z [command]/usr/bin/git config --local includeIf.gitdir:<github-runner-home>/work/Learning_Workbench/Learning_Workbench/.git.path <github-runner-home>/work/_temp/git-credentials-c01a284b-b1cd-421c-a0e2-5aae2088852f.config
2026-09-15T14:53:04.1745516Z [command]/usr/bin/git config --local includeIf.gitdir:<github-runner-home>/work/Learning_Workbench/Learning_Workbench/.git/worktrees/*.path <github-runner-home>/work/_temp/git-credentials-c01a284b-b1cd-421c-a0e2-5aae2088852f.config
2026-09-15T14:53:04.1787969Z [command]/usr/bin/git config --local includeIf.gitdir:/github/workspace/.git.path /github/runner_temp/git-credentials-c01a284b-b1cd-421c-a0e2-5aae2088852f.config
2026-09-15T14:53:04.1825235Z [command]/usr/bin/git config --local includeIf.gitdir:/github/workspace/.git/worktrees/*.path /github/runner_temp/git-credentials-c01a284b-b1cd-421c-a0e2-5aae2088852f.config
2026-09-15T14:53:04.1856917Z ##[endgroup]
2026-09-15T14:53:04.1858514Z ##[group]Fetching the repository
2026-09-15T14:53:04.1865799Z [command]/usr/bin/git -c protocol.version=2 fetch --no-tags --prune --no-recurse-submodules --depth=1 origin +70b0278a755c7cd924b3c26afeff4f65196a4a79:refs/remotes/origin/feat/M5.3-tutor-runs
2026-09-15T14:53:07.4557020Z From https://github.com/kl3574/Learning_Workbench
2026-09-15T14:53:07.4560938Z  * [new ref]         70b0278a755c7cd924b3c26afeff4f65196a4a79 -> origin/feat/M5.3-tutor-runs
2026-09-15T14:53:07.4567470Z [command]/usr/bin/git branch --list --remote origin/feat/M5.3-tutor-runs
2026-09-15T14:53:07.4597515Z   origin/feat/M5.3-tutor-runs
2026-09-15T14:53:07.4607841Z [command]/usr/bin/git rev-parse refs/remotes/origin/feat/M5.3-tutor-runs
2026-09-15T14:53:07.4636279Z 70b0278a755c7cd924b3c26afeff4f65196a4a79
2026-09-15T14:53:07.4641232Z ##[endgroup]
2026-09-15T14:53:07.4642827Z ##[group]Determining the checkout info
2026-09-15T14:53:07.4644316Z ##[endgroup]
2026-09-15T14:53:07.4646956Z [command]/usr/bin/git sparse-checkout disable
2026-09-15T14:53:07.4704866Z [command]/usr/bin/git config --local --unset-all extensions.worktreeConfig
2026-09-15T14:53:07.4738363Z ##[group]Checking out the ref
2026-09-15T14:53:07.4744893Z [command]/usr/bin/git checkout --progress --force -B feat/M5.3-tutor-runs refs/remotes/origin/feat/M5.3-tutor-runs
2026-09-15T14:53:08.0505405Z Switched to a new branch 'feat/M5.3-tutor-runs'
2026-09-15T14:53:08.0545023Z branch 'feat/M5.3-tutor-runs' set up to track 'origin/feat/M5.3-tutor-runs'.
2026-09-15T14:53:08.0554907Z ##[endgroup]
2026-09-15T14:53:08.0591643Z [command]/usr/bin/git log -1 --format=%H
2026-09-15T14:53:08.0622493Z 70b0278a755c7cd924b3c26afeff4f65196a4a79
2026-09-15T14:53:08.0950627Z ##[group]Run actions/setup-python@5fda3b95a4ea91299a34e894583c3862153e4b97
2026-09-15T14:53:08.0951088Z with:
2026-09-15T14:53:08.0951293Z   python-version: 3.12.13
2026-09-15T14:53:08.0951545Z   check-latest: false
2026-09-15T14:53:08.0954193Z   token: ***
2026-09-15T14:53:08.0954440Z   update-environment: true
2026-09-15T14:53:08.0954697Z   allow-prereleases: false
2026-09-15T14:53:08.0954943Z   freethreaded: false
2026-09-15T14:53:08.0955167Z ##[endgroup]
2026-09-15T14:53:08.2101634Z ##[group]Installed versions
2026-09-15T14:53:08.2118002Z Version 3.12.13 was not found in the local cache
2026-09-15T14:53:08.8627365Z Version 3.12.13 is available for downloading
2026-09-15T14:53:08.8629197Z Download from "https://github.com/actions/python-versions/releases/download/3.12.13-27650778726/python-3.12.13-linux-24.04-x64.tar.gz"
2026-09-15T14:53:09.5213329Z Extract downloaded archive
2026-09-15T14:53:09.5338783Z [command]/usr/bin/tar xz --warning=no-unknown-keyword --overwrite -C <github-runner-home>/work/_temp/73d289e7-93b7-4c09-839d-c106f5797755 -f <github-runner-home>/work/_temp/bacc656c-3faf-4c6d-9904-b9a565105c99
2026-09-15T14:53:11.4398608Z Execute installation script
2026-09-15T14:53:11.4489393Z Check if Python hostedtoolcache folder exist...
2026-09-15T14:53:11.4490123Z Create Python 3.12.13 folder
2026-09-15T14:53:11.4503019Z Copy Python binaries to hostedtoolcache folder
2026-09-15T14:53:11.9384221Z Create additional symlinks (Required for the UsePythonVersion Azure Pipelines task and the setup-python GitHub Action)
2026-09-15T14:53:11.9425026Z Upgrading pip...
2026-09-15T14:53:13.6071889Z Collecting pip
2026-09-15T14:53:13.6398627Z Downloading pip-26.2.1-py3-none-any.whl.metadata (4.6 kB)
2026-09-15T14:53:13.6486171Z Downloading pip-26.2.1-py3-none-any.whl (1.8 MB)
2026-09-15T14:53:13.7040385Z ━━━━━━━━━━━━━━━━━━━━━━━━━━━━━━━━━━━━━━━━ 1.8/1.8 MB 43.1 MB/s eta 0:00:00
2026-09-15T14:53:13.7040876Z 
2026-09-15T14:53:13.7241513Z Installing collected packages: pip
2026-09-15T14:53:13.7243772Z Attempting uninstall: pip
2026-09-15T14:53:13.7264968Z Found existing installation: pip 25.0.1
2026-09-15T14:53:13.7635241Z Uninstalling pip-25.0.1:
2026-09-15T14:53:13.7691192Z Successfully uninstalled pip-25.0.1
2026-09-15T14:53:14.6596727Z Successfully installed pip-26.2.1
2026-09-15T14:53:14.7075652Z Create complete file
2026-09-15T14:53:14.7110658Z Successfully set up CPython (3.12.13)
2026-09-15T14:53:14.7112649Z ##[endgroup]
2026-09-15T14:53:14.7296125Z ##[group]Run actions/setup-node@820762786026740c76f36085b0efc47a31fe5020
2026-09-15T14:53:14.7296543Z with:
2026-09-15T14:53:14.7296755Z   node-version: 24.21.0
2026-09-15T14:53:14.7296981Z   check-latest: false
2026-09-15T14:53:14.7299360Z   token: ***
2026-09-15T14:53:14.7299607Z   package-manager-cache: true
2026-09-15T14:53:14.7299852Z env:
2026-09-15T14:53:14.7300137Z   pythonLocation: /opt/hostedtoolcache/Python/3.12.13/x64
2026-09-15T14:53:14.7300591Z   PKG_CONFIG_PATH: /opt/hostedtoolcache/Python/3.12.13/x64/lib/pkgconfig
2026-09-15T14:53:14.7301025Z   Python_ROOT_DIR: /opt/hostedtoolcache/Python/3.12.13/x64
2026-09-15T14:53:14.7301401Z   Python2_ROOT_DIR: /opt/hostedtoolcache/Python/3.12.13/x64
2026-09-15T14:53:14.7301776Z   Python3_ROOT_DIR: /opt/hostedtoolcache/Python/3.12.13/x64
2026-09-15T14:53:14.7302376Z   LD_LIBRARY_PATH: /opt/hostedtoolcache/Python/3.12.13/x64/lib
2026-09-15T14:53:14.7302710Z ##[endgroup]
2026-09-15T14:53:14.8532396Z Attempting to download 24.21.0...
2026-09-15T14:53:15.3132553Z Acquiring 24.21.0 - x64 from https://github.com/actions/node-versions/releases/download/24.21.0-34304089047/node-24.21.0-linux-x64.tar.gz
2026-09-15T14:53:15.6755751Z Extracting ...
2026-09-15T14:53:15.6885268Z [command]/usr/bin/tar xz --strip 1 --warning=no-unknown-keyword --overwrite -C <github-runner-home>/work/_temp/27b3ae4b-36f8-41c9-afeb-f3440b4bfda3 -f <github-runner-home>/work/_temp/dd209967-21aa-4d0a-968a-df369052a99c
2026-09-15T14:53:16.9611932Z Adding to the cache ...
2026-09-15T14:53:19.9902225Z ##[group]Environment details
2026-09-15T14:53:20.2095576Z node: v24.21.0
2026-09-15T14:53:20.2095969Z npm: 11.19.0
2026-09-15T14:53:20.2096191Z yarn: 1.22.22
2026-09-15T14:53:20.2096620Z ##[endgroup]
2026-09-15T14:53:20.2256341Z ##[group]Run npm ci --prefix apps/web
2026-09-15T14:53:20.2256729Z [36;1mnpm ci --prefix apps/web[0m
2026-09-15T14:53:20.2297825Z shell: /usr/bin/bash -e {0}
2026-09-15T14:53:20.2298078Z env:
2026-09-15T14:53:20.2298340Z   pythonLocation: /opt/hostedtoolcache/Python/3.12.13/x64
2026-09-15T14:53:20.2298808Z   PKG_CONFIG_PATH: /opt/hostedtoolcache/Python/3.12.13/x64/lib/pkgconfig
2026-09-15T14:53:20.2299240Z   Python_ROOT_DIR: /opt/hostedtoolcache/Python/3.12.13/x64
2026-09-15T14:53:20.2299624Z   Python2_ROOT_DIR: /opt/hostedtoolcache/Python/3.12.13/x64
2026-09-15T14:53:20.2300005Z   Python3_ROOT_DIR: /opt/hostedtoolcache/Python/3.12.13/x64
2026-09-15T14:53:20.2300386Z   LD_LIBRARY_PATH: /opt/hostedtoolcache/Python/3.12.13/x64/lib
2026-09-15T14:53:20.2300710Z ##[endgroup]
2026-09-15T14:53:27.1428139Z 
2026-09-15T14:53:27.1434686Z added 236 packages, and audited 237 packages in 7s
2026-09-15T14:53:27.1435010Z 
2026-09-15T14:53:27.1435215Z 118 packages are looking for funding
2026-09-15T14:53:27.1435661Z   run `npm fund` for details
2026-09-15T14:53:27.1441347Z 
2026-09-15T14:53:27.1441598Z found 0 vulnerabilities
2026-09-15T14:53:27.2061880Z ##[group]Run python -m pip install uv==0.11.21
2026-09-15T14:53:27.2062899Z [36;1mpython -m pip install uv==0.11.21[0m
2026-09-15T14:53:27.2102792Z shell: /usr/bin/bash -e {0}
2026-09-15T14:53:27.2103040Z env:
2026-09-15T14:53:27.2103303Z   pythonLocation: /opt/hostedtoolcache/Python/3.12.13/x64
2026-09-15T14:53:27.2103742Z   PKG_CONFIG_PATH: /opt/hostedtoolcache/Python/3.12.13/x64/lib/pkgconfig
2026-09-15T14:53:27.2104175Z   Python_ROOT_DIR: /opt/hostedtoolcache/Python/3.12.13/x64
2026-09-15T14:53:27.2104554Z   Python2_ROOT_DIR: /opt/hostedtoolcache/Python/3.12.13/x64
2026-09-15T14:53:27.2104928Z   Python3_ROOT_DIR: /opt/hostedtoolcache/Python/3.12.13/x64
2026-09-15T14:53:27.2105304Z   LD_LIBRARY_PATH: /opt/hostedtoolcache/Python/3.12.13/x64/lib
2026-09-15T14:53:27.2105617Z ##[endgroup]
2026-09-15T14:53:27.9101954Z Collecting uv==0.11.21
2026-09-15T14:53:27.9649544Z   Downloading uv-0.11.21-py3-none-manylinux_2_17_x86_64.manylinux2014_x86_64.whl.metadata (11 kB)
2026-09-15T14:53:27.9776608Z Downloading uv-0.11.21-py3-none-manylinux_2_17_x86_64.manylinux2014_x86_64.whl (25.1 MB)
2026-09-15T14:53:28.1685609Z    ━━━━━━━━━━━━━━━━━━━━━━━━━━━━━━━━━━━━━━━━ 25.1/25.1 MB 147.1 MB/s  0:00:00
2026-09-15T14:53:28.2175964Z Installing collected packages: uv
2026-09-15T14:53:28.4721461Z Successfully installed uv-0.11.21
2026-09-15T14:53:28.5334768Z ##[group]Run uv sync --frozen
2026-09-15T14:53:28.5335089Z [36;1muv sync --frozen[0m
2026-09-15T14:53:28.5371860Z shell: /usr/bin/bash -e {0}
2026-09-15T14:53:28.5372236Z env:
2026-09-15T14:53:28.5372502Z   pythonLocation: /opt/hostedtoolcache/Python/3.12.13/x64
2026-09-15T14:53:28.5372940Z   PKG_CONFIG_PATH: /opt/hostedtoolcache/Python/3.12.13/x64/lib/pkgconfig
2026-09-15T14:53:28.5373381Z   Python_ROOT_DIR: /opt/hostedtoolcache/Python/3.12.13/x64
2026-09-15T14:53:28.5373762Z   Python2_ROOT_DIR: /opt/hostedtoolcache/Python/3.12.13/x64
2026-09-15T14:53:28.5374133Z   Python3_ROOT_DIR: /opt/hostedtoolcache/Python/3.12.13/x64
2026-09-15T14:53:28.5374502Z   LD_LIBRARY_PATH: /opt/hostedtoolcache/Python/3.12.13/x64/lib
2026-09-15T14:53:28.5374813Z ##[endgroup]
2026-09-15T14:53:28.5934641Z Using CPython 3.12.13 interpreter at: /opt/hostedtoolcache/Python/3.12.13/x64/bin/python3.12
2026-09-15T14:53:28.5935285Z Creating virtual environment at: .venv
2026-09-15T14:53:28.6748989Z Downloading ruff (9.9MiB)
2026-09-15T14:53:28.6751046Z Downloading mypy (14.6MiB)
2026-09-15T14:53:28.6756965Z Downloading pydantic-core (2.0MiB)
2026-09-15T14:53:28.6759202Z Downloading ast-serialize (1.3MiB)
2026-09-15T14:53:28.6803924Z Downloading pygments (1.2MiB)
2026-09-15T14:53:28.8351614Z  Downloaded ast-serialize
2026-09-15T14:53:28.8677281Z  Downloaded pydantic-core
2026-09-15T14:53:29.0002969Z  Downloaded ruff
2026-09-15T14:53:29.0693317Z  Downloaded pygments
2026-09-15T14:53:29.2435971Z  Downloaded mypy
2026-09-15T14:53:29.2438885Z Prepared 37 packages in 647ms
2026-09-15T14:53:29.2844271Z Installed 37 packages in 40ms
2026-09-15T14:53:29.2844872Z  + annotated-doc==0.0.5
2026-09-15T14:53:29.2845329Z  + annotated-types==0.8.0
2026-09-15T14:53:29.2845763Z  + anyio==4.15.1
2026-09-15T14:53:29.2846166Z  + ast-serialize==0.11.2
2026-09-15T14:53:29.2846641Z  + attrs==26.1.0
2026-09-15T14:53:29.2847047Z  + certifi==2026.7.22
2026-09-15T14:53:29.2847409Z  + click==8.5.0
2026-09-15T14:53:29.2847739Z  + defusedxml==0.7.1
2026-09-15T14:53:29.2864253Z  + fastapi==0.141.1
2026-09-15T14:53:29.2864893Z  + h11==0.16.0
2026-09-15T14:53:29.2865336Z  + httpcore==1.0.9
2026-09-15T14:53:29.2865912Z  + httpx==0.28.1
2026-09-15T14:53:29.2866365Z  + idna==3.19
2026-09-15T14:53:29.2866746Z  + iniconfig==2.3.0
2026-09-15T14:53:29.2867157Z  + jsonschema==4.26.0
2026-09-15T14:53:29.2867675Z  + jsonschema-specifications==2025.9.1
2026-09-15T14:53:29.2868188Z  + librt==0.15.0
2026-09-15T14:53:29.2868596Z  + markdown-it-py==4.2.0
2026-09-15T14:53:29.2869016Z  + mdurl==0.1.2
2026-09-15T14:53:29.2869385Z  + mypy==2.3.1
2026-09-15T14:53:29.2869780Z  + mypy-extensions==1.1.0
2026-09-15T14:53:29.2870208Z  + packaging==26.3
2026-09-15T14:53:29.2870660Z  + pathspec==1.1.1
2026-09-15T14:53:29.2891202Z  + pluggy==1.6.0
2026-09-15T14:53:29.2891662Z  + pydantic==2.13.5
2026-09-15T14:53:29.2893503Z  + pydantic-core==2.46.5
2026-09-15T14:53:29.2894007Z  + pygments==2.21.0
2026-09-15T14:53:29.2894407Z  + pypdf==6.18.1
2026-09-15T14:53:29.2894798Z  + pytest==9.1.1
2026-09-15T14:53:29.2895206Z  + python-multipart==0.0.32
2026-09-15T14:53:29.2895668Z  + referencing==0.37.0
2026-09-15T14:53:29.2896076Z  + rpds-py==2026.6.3
2026-09-15T14:53:29.2896456Z  + ruff==0.16.7
2026-09-15T14:53:29.2896816Z  + starlette==1.6.0
2026-09-15T14:53:29.2897215Z  + typing-extensions==4.16.0
2026-09-15T14:53:29.2897692Z  + typing-inspection==0.4.4
2026-09-15T14:53:29.2898107Z  + uvicorn==0.53.0
2026-09-15T14:53:29.2925173Z ##[group]Run make verify-spec
2026-09-15T14:53:29.2925484Z [36;1mmake verify-spec[0m
2026-09-15T14:53:29.2962786Z shell: /usr/bin/bash -e {0}
2026-09-15T14:53:29.2963047Z env:
2026-09-15T14:53:29.2963313Z   pythonLocation: /opt/hostedtoolcache/Python/3.12.13/x64
2026-09-15T14:53:29.2963752Z   PKG_CONFIG_PATH: /opt/hostedtoolcache/Python/3.12.13/x64/lib/pkgconfig
2026-09-15T14:53:29.2964391Z   Python_ROOT_DIR: /opt/hostedtoolcache/Python/3.12.13/x64
2026-09-15T14:53:29.2964774Z   Python2_ROOT_DIR: /opt/hostedtoolcache/Python/3.12.13/x64
2026-09-15T14:53:29.2965153Z   Python3_ROOT_DIR: /opt/hostedtoolcache/Python/3.12.13/x64
2026-09-15T14:53:29.2965544Z   LD_LIBRARY_PATH: /opt/hostedtoolcache/Python/3.12.13/x64/lib
2026-09-15T14:53:29.2965868Z ##[endgroup]
2026-09-15T14:53:29.3046892Z uv run --frozen python scripts/verify_spec.py
2026-09-15T14:53:33.4570756Z {
2026-09-15T14:53:33.4571195Z   "embedded_files": 6,
2026-09-15T14:53:33.4571611Z   "generated_artifacts": 72,
2026-09-15T14:53:33.4572469Z   "learning_effectiveness": "NOT_RUN",
2026-09-15T14:53:33.4572909Z   "models": 54,
2026-09-15T14:53:33.4573232Z   "package_receipts": [
2026-09-15T14:53:33.4573635Z     {
2026-09-15T14:53:33.4574282Z       "archive_sha256": "9933ad962be34e42a29a3299e81c0f03249b584ba1574299672b76eb0242e7b6",
2026-09-15T14:53:33.4574978Z       "object_count": 9,
2026-09-15T14:53:33.4575339Z       "payload_count": 12,
2026-09-15T14:53:33.4575695Z       "profile": "author",
2026-09-15T14:53:33.4576140Z       "scope": "structure_and_integrity_only",
2026-09-15T14:53:33.4576576Z       "total_bytes": 6730
2026-09-15T14:53:33.4576901Z     },
2026-09-15T14:53:33.4577169Z     {
2026-09-15T14:53:33.4577787Z       "archive_sha256": "6d4ddb4c423521625d4686765e1f80f2b65e46ee874eca1bec118dc20a136479",
2026-09-15T14:53:33.4578461Z       "object_count": 9,
2026-09-15T14:53:33.4578800Z       "payload_count": 11,
2026-09-15T14:53:33.4579154Z       "profile": "learner",
2026-09-15T14:53:33.4579595Z       "scope": "structure_and_integrity_only",
2026-09-15T14:53:33.4580039Z       "total_bytes": 5179
2026-09-15T14:53:33.4580358Z     }
2026-09-15T14:53:33.4580627Z   ],
2026-09-15T14:53:33.4580972Z   "product_acceptance": "NOT_RUN",
2026-09-15T14:53:33.4581395Z   "publication": "NOT_CHECKED",
2026-09-15T14:53:33.4581771Z   "real_codex": "NOT_RUN",
2026-09-15T14:53:33.4582330Z   "real_provider": "NOT_RUN",
2026-09-15T14:53:33.4582721Z   "requirements": 38,
2026-09-15T14:53:33.4583034Z   "routes": 107,
2026-09-15T14:53:33.4583480Z   "scope": "M0_structural_baseline_only",
2026-09-15T14:53:33.4583935Z   "source": "PRODUCT_DESIGN.md",
2026-09-15T14:53:33.4584618Z   "spec_sha256": "9cc5adbe72edfc993b5d5e99dcb3f9436e475ab2be4dd58e83f72e3104353b9c",
2026-09-15T14:53:33.4585285Z   "spec_version": "3.0.4",
2026-09-15T14:53:33.4585685Z   "sql_tables_including_fts": 53,
2026-09-15T14:53:33.4586053Z   "status": "PASS",
2026-09-15T14:53:33.4586378Z   "target_scenarios": 33,
2026-09-15T14:53:33.4586705Z   "tasks": 27
2026-09-15T14:53:33.4586979Z }
2026-09-15T14:53:33.5704918Z ##[group]Run uv run --frozen pytest tests/contract tests/unit/test_spec_*.py
2026-09-15T14:53:33.5705494Z [36;1muv run --frozen pytest tests/contract tests/unit/test_spec_*.py[0m
2026-09-15T14:53:33.5741068Z shell: /usr/bin/bash -e {0}
2026-09-15T14:53:33.5741311Z env:
2026-09-15T14:53:33.5741568Z   pythonLocation: /opt/hostedtoolcache/Python/3.12.13/x64
2026-09-15T14:53:33.5742025Z   PKG_CONFIG_PATH: /opt/hostedtoolcache/Python/3.12.13/x64/lib/pkgconfig
2026-09-15T14:53:33.5742736Z   Python_ROOT_DIR: /opt/hostedtoolcache/Python/3.12.13/x64
2026-09-15T14:53:33.5743119Z   Python2_ROOT_DIR: /opt/hostedtoolcache/Python/3.12.13/x64
2026-09-15T14:53:33.5743502Z   Python3_ROOT_DIR: /opt/hostedtoolcache/Python/3.12.13/x64
2026-09-15T14:53:33.5743880Z   LD_LIBRARY_PATH: /opt/hostedtoolcache/Python/3.12.13/x64/lib
2026-09-15T14:53:33.5744197Z ##[endgroup]
2026-09-15T14:53:37.1520151Z ============================= test session starts ==============================
2026-09-15T14:53:37.1520932Z platform linux -- Python 3.12.13, pytest-9.1.1, pluggy-1.6.0
2026-09-15T14:53:37.1521552Z rootdir: <github-runner-home>/work/Learning_Workbench/Learning_Workbench
2026-09-15T14:53:37.1522011Z configfile: pyproject.toml
2026-09-15T14:53:37.1522653Z plugins: anyio-4.15.1
2026-09-15T14:53:37.1522931Z collected 525 items
2026-09-15T14:53:37.1523087Z 
2026-09-15T14:54:46.6053626Z tests/contract/test_api_projection.py .................................. [  6%]
2026-09-15T14:56:28.6004736Z .................................................                        [ 15%]
2026-09-15T14:56:28.7460472Z tests/contract/test_generated_transport.py ...............               [ 18%]
2026-09-15T14:56:29.0700410Z tests/contract/test_generated_upload.py ..                               [ 19%]
2026-09-15T14:56:29.4683966Z tests/contract/test_models.py ............................               [ 24%]
2026-09-15T14:56:29.4811462Z tests/contract/test_optional_patch.py .                                  [ 24%]
2026-09-15T14:56:29.5644521Z tests/contract/test_package_integrity.py ........................        [ 29%]
2026-09-15T14:56:29.6859646Z tests/contract/test_practice_public_projection.py ...................... [ 33%]
2026-09-15T14:56:40.5554050Z .............                                                            [ 35%]
2026-09-15T14:56:41.2635299Z tests/contract/test_provider_binding.py .........................        [ 40%]
2026-09-15T14:56:41.9471340Z tests/contract/test_provider_dto.py .................................... [ 47%]
2026-09-15T14:56:42.2137969Z ........................................................................ [ 61%]
2026-09-15T14:56:42.2144271Z                                                                          [ 61%]
2026-09-15T14:56:42.4200050Z tests/contract/test_recommendation_binding.py ........                   [ 62%]
2026-09-15T14:56:42.4466617Z tests/contract/test_recommendation_dto.py .............................. [ 68%]
2026-09-15T14:56:42.6362560Z ........................                                                 [ 72%]
2026-09-15T14:56:42.6582817Z tests/contract/test_retrieval_dto.py ............................        [ 78%]
2026-09-15T14:57:14.1686390Z tests/contract/test_retrieval_generation.py ...................          [ 81%]
2026-09-15T14:57:25.3011995Z tests/contract/test_retrieval_http.py ....................               [ 85%]
2026-09-15T14:57:25.3343165Z tests/contract/test_tutor_dto.py ....................................... [ 93%]
2026-09-15T14:57:25.3369050Z ..                                                                       [ 93%]
2026-09-15T14:57:27.0668932Z tests/contract/test_tutor_transport.py .....................             [ 97%]
2026-09-15T14:57:28.6138184Z tests/unit/test_spec_catalog.py ....                                     [ 98%]
2026-09-15T14:57:28.7703673Z tests/unit/test_spec_extraction.py .........                             [100%]
2026-09-15T14:57:28.7704307Z 
2026-09-15T14:57:28.7705604Z =============================== warnings summary ===============================
2026-09-15T14:57:28.7706764Z .venv/lib/python3.12/site-packages/fastapi/testclient.py:1
2026-09-15T14:57:28.7709283Z   <github-runner-home>/work/Learning_Workbench/Learning_Workbench/.venv/lib/python3.12/site-packages/fastapi/testclient.py:1: StarletteDeprecationWarning: Using `httpx` with `starlette.testclient` is deprecated; install `httpx2` instead.
2026-09-15T14:57:28.7711654Z     from starlette.testclient import TestClient as TestClient  # noqa
2026-09-15T14:57:28.7711947Z 
2026-09-15T14:57:28.7712558Z .venv/lib/python3.12/site-packages/starlette/testclient.py:53
2026-09-15T14:57:28.7713744Z   <github-runner-home>/work/Learning_Workbench/Learning_Workbench/.venv/lib/python3.12/site-packages/starlette/testclient.py:53: DeprecationWarning: The anyio.abc.BlockingPortal alias is deprecated, use anyio.from_thread.BlockingPortal instead.
2026-09-15T14:57:28.7714902Z     _PortalFactoryType = Callable[[], AbstractContextManager[anyio.abc.BlockingPortal]]
2026-09-15T14:57:28.7715255Z 
2026-09-15T14:57:28.7715554Z -- Docs: https://docs.pytest.org/en/stable/how-to/capture-warnings.html
2026-09-15T14:57:28.7716171Z ================= 525 passed, 2 warnings in 234.34s (0:03:54) ==================
2026-09-15T14:57:28.9877763Z Post job cleanup.
2026-09-15T14:57:29.1198961Z Post job cleanup.
2026-09-15T14:57:29.2534068Z Post job cleanup.
2026-09-15T14:57:29.3406490Z [command]/usr/bin/git version
2026-09-15T14:57:29.3462875Z git version 2.55.0
2026-09-15T14:57:29.3501850Z Temporarily overriding HOME='<github-runner-home>/work/_temp/e5d4a67d-9c69-4161-a0f7-83d586361e14' before making global git config changes
2026-09-15T14:57:29.3503642Z Adding repository directory to the temporary git global config as a safe directory
2026-09-15T14:57:29.3508678Z [command]/usr/bin/git config --global --add safe.directory <github-runner-home>/work/Learning_Workbench/Learning_Workbench
2026-09-15T14:57:29.3541929Z Removing SSH command configuration
2026-09-15T14:57:29.3548351Z [command]/usr/bin/git config --local --name-only --get-regexp core\.sshCommand
2026-09-15T14:57:29.3589069Z [command]/usr/bin/git submodule foreach --recursive sh -c "git config --local --name-only --get-regexp 'core\.sshCommand' && git config --local --unset-all 'core.sshCommand' || :"
2026-09-15T14:57:29.3858451Z Removing HTTP extra header
2026-09-15T14:57:29.3883235Z [command]/usr/bin/git config --local --name-only --get-regexp http\.https\:\/\/github\.com\/\.extraheader
2026-09-15T14:57:29.3934282Z [command]/usr/bin/git submodule foreach --recursive sh -c "git config --local --name-only --get-regexp 'http\.https\:\/\/github\.com\/\.extraheader' && git config --local --unset-all 'http.https://github.com/.extraheader' || :"
2026-09-15T14:57:29.4286214Z Removing includeIf entries pointing to credentials config files
2026-09-15T14:57:29.4287467Z [command]/usr/bin/git config --local --name-only --get-regexp ^includeIf\.gitdir:
2026-09-15T14:57:29.4324822Z includeif.gitdir:<github-runner-home>/work/Learning_Workbench/Learning_Workbench/.git.path
2026-09-15T14:57:29.4326504Z includeif.gitdir:<github-runner-home>/work/Learning_Workbench/Learning_Workbench/.git/worktrees/*.path
2026-09-15T14:57:29.4327545Z includeif.gitdir:/github/workspace/.git.path
2026-09-15T14:57:29.4328333Z includeif.gitdir:/github/workspace/.git/worktrees/*.path
2026-09-15T14:57:29.4334215Z [command]/usr/bin/git config --local --get-all includeif.gitdir:<github-runner-home>/work/Learning_Workbench/Learning_Workbench/.git.path
2026-09-15T14:57:29.4376629Z <github-runner-home>/work/_temp/git-credentials-c01a284b-b1cd-421c-a0e2-5aae2088852f.config
2026-09-15T14:57:29.4394400Z [command]/usr/bin/git config --local --unset includeif.gitdir:<github-runner-home>/work/Learning_Workbench/Learning_Workbench/.git.path \/home\/runner\/work\/_temp\/git\-credentials\-c01a284b\-b1cd\-421c\-a0e2\-5aae2088852f\.config
2026-09-15T14:57:29.4448235Z [command]/usr/bin/git config --local --get-all includeif.gitdir:<github-runner-home>/work/Learning_Workbench/Learning_Workbench/.git/worktrees/*.path
2026-09-15T14:57:29.4510495Z <github-runner-home>/work/_temp/git-credentials-c01a284b-b1cd-421c-a0e2-5aae2088852f.config
2026-09-15T14:57:29.4514075Z [command]/usr/bin/git config --local --unset includeif.gitdir:<github-runner-home>/work/Learning_Workbench/Learning_Workbench/.git/worktrees/*.path \/home\/runner\/work\/_temp\/git\-credentials\-c01a284b\-b1cd\-421c\-a0e2\-5aae2088852f\.config
2026-09-15T14:57:29.4565409Z [command]/usr/bin/git config --local --get-all includeif.gitdir:/github/workspace/.git.path
2026-09-15T14:57:29.4605822Z /github/runner_temp/git-credentials-c01a284b-b1cd-421c-a0e2-5aae2088852f.config
2026-09-15T14:57:29.4608435Z [command]/usr/bin/git config --local --unset includeif.gitdir:/github/workspace/.git.path \/github\/runner_temp\/git\-credentials\-c01a284b\-b1cd\-421c\-a0e2\-5aae2088852f\.config
2026-09-15T14:57:29.4651069Z [command]/usr/bin/git config --local --get-all includeif.gitdir:/github/workspace/.git/worktrees/*.path
2026-09-15T14:57:29.4679886Z /github/runner_temp/git-credentials-c01a284b-b1cd-421c-a0e2-5aae2088852f.config
2026-09-15T14:57:29.4691853Z [command]/usr/bin/git config --local --unset includeif.gitdir:/github/workspace/.git/worktrees/*.path \/github\/runner_temp\/git\-credentials\-c01a284b\-b1cd\-421c\-a0e2\-5aae2088852f\.config
2026-09-15T14:57:29.4734337Z [command]/usr/bin/git submodule foreach --recursive git config --local --show-origin --name-only --get-regexp remote.origin.url
2026-09-15T14:57:29.4995007Z Removing credentials config '<github-runner-home>/work/_temp/git-credentials-c01a284b-b1cd-421c-a0e2-5aae2088852f.config'
2026-09-15T14:57:29.5166838Z Cleaning up orphan processes
