FF                                                                       [100%]
=================================== FAILURES ===================================
_______ test_generic_tutor_jobs_return_the_actual_http_job_snapshot[get] _______
tests/integration/test_tutor_jobs_http.py:26: in test_generic_tutor_jobs_return_the_actual_http_job_snapshot
    assert response.status_code == 200, response.text
E   AssertionError: {"error":{"code":"INTERNAL_ERROR","message":"请求未能完成；请保留请求编号以便诊断。","request_id":"request_e6563232b2f140459d01ed43f802dc38","retryable":false,"details":[]}}
E   assert 500 == 200
E    +  where 500 = <Response [500 Internal Server Error]>.status_code
------------------------------ Captured log call -------------------------------
ERROR    learning_workbench.api:boundary.py:69 request_failed request_id=request_e6563232b2f140459d01ed43f802dc38
_____ test_generic_tutor_jobs_return_the_actual_http_job_snapshot[cancel] ______
tests/integration/test_tutor_jobs_http.py:26: in test_generic_tutor_jobs_return_the_actual_http_job_snapshot
    assert response.status_code == 200, response.text
E   AssertionError: {"error":{"code":"INTERNAL_ERROR","message":"请求未能完成；请保留请求编号以便诊断。","request_id":"request_85de447f1a04467b9eb9df73ec6537b0","retryable":false,"details":[]}}
E   assert 500 == 200
E    +  where 500 = <Response [500 Internal Server Error]>.status_code
------------------------------ Captured log call -------------------------------
ERROR    learning_workbench.api:boundary.py:69 request_failed request_id=request_85de447f1a04467b9eb9df73ec6537b0
=============================== warnings summary ===============================
.venv/lib/python3.12/site-packages/fastapi/testclient.py:1
  [LOCAL_HOME]/.cache/learning-workbench-acceptance/m53-active/.venv/lib/python3.12/site-packages/fastapi/testclient.py:1: StarletteDeprecationWarning: Using `httpx` with `starlette.testclient` is deprecated; install `httpx2` instead.
    from starlette.testclient import TestClient as TestClient  # noqa

.venv/lib/python3.12/site-packages/starlette/testclient.py:53
  [LOCAL_HOME]/.cache/learning-workbench-acceptance/m53-active/.venv/lib/python3.12/site-packages/starlette/testclient.py:53: DeprecationWarning: The anyio.abc.BlockingPortal alias is deprecated, use anyio.from_thread.BlockingPortal instead.
    _PortalFactoryType = Callable[[], AbstractContextManager[anyio.abc.BlockingPortal]]

-- Docs: https://docs.pytest.org/en/stable/how-to/capture-warnings.html
=========================== short test summary info ============================
FAILED tests/integration/test_tutor_jobs_http.py::test_generic_tutor_jobs_return_the_actual_http_job_snapshot[get]
FAILED tests/integration/test_tutor_jobs_http.py::test_generic_tutor_jobs_return_the_actual_http_job_snapshot[cancel]
2 failed, 2 warnings in 0.79s
