F                                                                        [100%]
=================================== FAILURES ===================================
_ test_original_concept_order_and_pins_survive_http_edit_after_concept_current_advances _
tests/integration/test_edit_publication_concepts.py:27: in test_original_concept_order_and_pins_survive_http_edit_after_concept_current_advances
    identifier, create, created, patch, patched, snapshot = draft(case, base)
                                                            ^^^^^^^^^^^^^^^^^
tests/integration/test_edit_publication_dependencies.py:30: in draft
    assert created.status_code == 201, created.text
E   AssertionError: {"error":{"code":"DRAFT_EDIT_SCOPE_UNSUPPORTED","message":"当前只支持从精确公开文本块修订创建并编辑标题和正文。","request_id":"request_6f72220916c14b58b3093c4fa1594b69","retryable":false,"details":[]}}
E   assert 409 == 201
E    +  where 409 = <Response [409 Conflict]>.status_code
=============================== warnings summary ===============================
../../../Desktop/learning/Learning_Workbench/.venv/lib/python3.12/site-packages/fastapi/testclient.py:1
  <LOCAL_HOME>/Desktop/learning/Learning_Workbench/.venv/lib/python3.12/site-packages/fastapi/testclient.py:1: StarletteDeprecationWarning: Using `httpx` with `starlette.testclient` is deprecated; install `httpx2` instead.
    from starlette.testclient import TestClient as TestClient  # noqa

../../../Desktop/learning/Learning_Workbench/.venv/lib/python3.12/site-packages/starlette/testclient.py:53
  <LOCAL_HOME>/Desktop/learning/Learning_Workbench/.venv/lib/python3.12/site-packages/starlette/testclient.py:53: DeprecationWarning: The anyio.abc.BlockingPortal alias is deprecated, use anyio.from_thread.BlockingPortal instead.
    _PortalFactoryType = Callable[[], AbstractContextManager[anyio.abc.BlockingPortal]]

-- Docs: https://docs.pytest.org/en/stable/how-to/capture-warnings.html
=========================== short test summary info ============================
FAILED tests/integration/test_edit_publication_concepts.py::test_original_concept_order_and_pins_survive_http_edit_after_concept_current_advances
1 failed, 2 warnings in 1.95s
