
> @learning-workbench/web@0.1.0 test
> vitest run src/features/reader/versionCompare/BlockVersionCompare.test.tsx


 RUN  v5.0.0 <LOCAL_HOME>/.cache/learning-workbench-acceptance/m62-block-version-compare-active/apps/web

 ❯ src/features/reader/versionCompare/BlockVersionCompare.test.tsx (1 test | 1 failed) 1073ms
   × two explicit historical selections read exact bodies and survive panel closure and a changed current ref 1072ms

⎯⎯⎯⎯⎯⎯⎯ Failed Tests 1 ⎯⎯⎯⎯⎯⎯⎯

 FAIL  src/features/reader/versionCompare/BlockVersionCompare.test.tsx > two explicit historical selections read exact bodies and survive panel closure and a changed current ref
TestingLibraryElementError: Unable to find role="option" and name `/修订 1/`

Ignored nodes: comments, script, style
[36m<body>[39m
  [36m<div>[39m
    [36m<section[39m
      [33maria-label[39m=[32m"块修订比较"[39m
    [36m>[39m
      [36m<button>[39m
        [0m比较此块的两个修订[0m
      [36m</button>[39m
    [36m</section>[39m
  [36m</div>[39m
[36m</body>[39m

Ignored nodes: comments, script, style
[36m<body>[39m
  [36m<div>[39m
    [36m<section[39m
      [33maria-label[39m=[32m"块修订比较"[39m
    [36m>[39m
      [36m<button>[39m
        [0m比较此块的两个修订[0m
      [36m</button>[39m
    [36m</section>[39m
  [36m</div>[39m
[36m</body>[39m
 ❯ waitForWrapper ../../../../../Desktop/learning/Learning_Workbench/apps/web/node_modules/@testing-library/dom/dist/wait-for.js:163:27
 ❯ ../../../../../Desktop/learning/Learning_Workbench/apps/web/node_modules/@testing-library/dom/dist/query-helpers.js:86:33
 ❯ selectBoth src/features/reader/versionCompare/BlockVersionCompare.test.tsx:18:16
     16| async function selectBoth() {
     17|   fireEvent.click(screen.getByRole('button', { name: '比较此块的两个修订' }))
     18|   await screen.findByRole('option', { name: /修订 1/ })
       |                ^
     19|   fireEvent.change(screen.getByLabelText('左侧修订'), { target: { value: v…
     20|   fireEvent.change(screen.getByLabelText('右侧修订'), { target: { value: v…
 ❯ src/features/reader/versionCompare/BlockVersionCompare.test.tsx:25:9

⎯⎯⎯⎯⎯⎯⎯⎯⎯⎯⎯⎯⎯⎯⎯⎯⎯⎯⎯⎯⎯⎯⎯⎯[1/1]⎯


 Test Files  1 failed (1)
      Tests  1 failed (1)
   Start at  12:03:43
   Duration  1.58s (tests 72%, environment 14%, transform 10%, import 5%)

