
> @learning-workbench/web@0.1.0 test
> vitest run src/features/tutor/useTutor.test.tsx


 RUN  v5.0.0 <private-home>/.cache/learning-workbench-acceptance/m53-active/apps/web

 ❯ src/features/tutor/useTutor.test.tsx (7 tests | 1 failed) 708ms
   ❯ real command journal with controlled Tutor service boundaries (7)
     × keeps a definite CAS rejection and allows only an explicit new command with refreshed binding 108ms

⎯⎯⎯⎯⎯⎯⎯ Failed Tests 1 ⎯⎯⎯⎯⎯⎯⎯

 FAIL  src/features/tutor/useTutor.test.tsx > real command journal with controlled Tutor service boundaries > keeps a definite CAS rejection and allows only an explicit new command with refreshed binding
AssertionError: expected "vi.fn()" to be called 2 times, but got 1 times
 ❯ src/features/tutor/useTutor.test.tsx:117:29
    115|     vi.mocked(data.port.start).mockResolvedValue(ack); vi.mocked(data.…
    116|     await act(async () => data.view.result.current.start('明确更正后的新问题', …
    117|     expect(data.port.start).toHaveBeenCalledTimes(2)
       |                             ^
    118|     const [first, second] = vi.mocked(data.port.start).mock.calls
    119|     expect(first[1]).not.toBe(second[1]); expect(second[0].expected_th…

⎯⎯⎯⎯⎯⎯⎯⎯⎯⎯⎯⎯⎯⎯⎯⎯⎯⎯⎯⎯⎯⎯⎯⎯[1/1]⎯


 Test Files  1 failed (1)
      Tests  1 failed | 6 passed (7)
   Start at  21:47:09
   Duration  1.18s (tests 64%, environment 17%, transform 12%, import 7%)

