2026-09-15T03:20:13.2042170Z Current runner version: '2.337.0'
2026-09-15T03:20:13.2063351Z ##[group]Runner Image Provisioner
2026-09-15T03:20:13.2064082Z Hosted Compute Agent
2026-09-15T03:20:13.2064639Z Version: 20260828.587
2026-09-15T03:20:13.2065179Z Commit: abac92662cab4cc7352de4f9f9d2e2419aad9c29
2026-09-15T03:20:13.2065797Z Build Date: 2026-08-28T16:44:25Z
2026-09-15T03:20:13.2066413Z Worker ID: {33513d75-6eac-4dd8-8562-5ec1720067dc}
2026-09-15T03:20:13.2066992Z Azure Region: westus3
2026-09-15T03:20:13.2067507Z ##[endgroup]
2026-09-15T03:20:13.2069096Z ##[group]Operating System
2026-09-15T03:20:13.2069625Z Ubuntu
2026-09-15T03:20:13.2070173Z 26.04.1
2026-09-15T03:20:13.2070596Z LTS
2026-09-15T03:20:13.2071056Z ##[endgroup]
2026-09-15T03:20:13.2071529Z ##[group]Runner Image
2026-09-15T03:20:13.2072052Z Image: ubuntu-26.04
2026-09-15T03:20:13.2072558Z Version: 20260907.131.1
2026-09-15T03:20:13.2073608Z Included Software: https://github.com/actions/runner-images/blob/ubuntu26/20260907.131/images/ubuntu/Ubuntu2604-Readme.md
2026-09-15T03:20:13.2074923Z Image Release: https://github.com/actions/runner-images/releases/tag/ubuntu26%2F20260907.131
2026-09-15T03:20:13.2075695Z ##[endgroup]
2026-09-15T03:20:13.2076656Z ##[group]GITHUB_TOKEN Permissions
2026-09-15T03:20:13.2078614Z Contents: read
2026-09-15T03:20:13.2079206Z Metadata: read
2026-09-15T03:20:13.2079708Z ##[endgroup]
2026-09-15T03:20:13.2081822Z Secret source: Actions
2026-09-15T03:20:13.2082611Z Cache mode: write
2026-09-15T03:20:13.2083254Z Prepare workflow directory
2026-09-15T03:20:13.2362828Z Prepare all required actions
2026-09-15T03:20:13.2416929Z Getting action download info
2026-09-15T03:20:13.5606258Z Download action repository 'actions/checkout@3d3c42e5aac5ba805825da76410c181273ba90b1' (SHA:3d3c42e5aac5ba805825da76410c181273ba90b1)
2026-09-15T03:20:14.0252686Z Download action repository 'actions/setup-python@5fda3b95a4ea91299a34e894583c3862153e4b97' (SHA:5fda3b95a4ea91299a34e894583c3862153e4b97)
2026-09-15T03:20:14.5215029Z Complete job name: integration
2026-09-15T03:20:14.5827637Z ##[group]Run actions/checkout@3d3c42e5aac5ba805825da76410c181273ba90b1
2026-09-15T03:20:14.5828681Z with:
2026-09-15T03:20:14.5829086Z   repository: kl3574/Learning_Workbench
2026-09-15T03:20:14.5832597Z   token: ***
2026-09-15T03:20:14.5832984Z   ssh-strict: true
2026-09-15T03:20:14.5833370Z   ssh-user: git
2026-09-15T03:20:14.5833757Z   persist-credentials: true
2026-09-15T03:20:14.5834173Z   clean: true
2026-09-15T03:20:14.5834562Z   sparse-checkout-cone-mode: true
2026-09-15T03:20:14.5835015Z   fetch-depth: 1
2026-09-15T03:20:14.5835386Z   fetch-tags: false
2026-09-15T03:20:14.5835771Z   show-progress: true
2026-09-15T03:20:14.5836163Z   lfs: false
2026-09-15T03:20:14.5836530Z   submodules: false
2026-09-15T03:20:14.5836930Z   set-safe-directory: true
2026-09-15T03:20:14.5837379Z   allow-unsafe-pr-checkout: false
2026-09-15T03:20:14.5837991Z ##[endgroup]
2026-09-15T03:20:14.6636699Z Syncing repository: kl3574/Learning_Workbench
2026-09-15T03:20:14.6639309Z ##[group]Getting Git version info
2026-09-15T03:20:14.6640475Z Working directory is '<ci-home>/work/Learning_Workbench/Learning_Workbench'
2026-09-15T03:20:14.6642214Z [command]/usr/bin/git version
2026-09-15T03:20:14.6642938Z git version 2.55.0
2026-09-15T03:20:14.6673624Z ##[endgroup]
2026-09-15T03:20:14.6694599Z Temporarily overriding HOME='<ci-home>/work/_temp/ab2f3a6f-1e25-458c-94da-dfba5ce75862' before making global git config changes
2026-09-15T03:20:14.6719712Z Adding repository directory to the temporary git global config as a safe directory
2026-09-15T03:20:14.6729937Z [command]/usr/bin/git config --global --add safe.directory <ci-home>/work/Learning_Workbench/Learning_Workbench
2026-09-15T03:20:14.8487050Z Deleting the contents of '<ci-home>/work/Learning_Workbench/Learning_Workbench'
2026-09-15T03:20:14.8496334Z ##[group]Determining repository object format
2026-09-15T03:20:14.8497994Z ##[endgroup]
2026-09-15T03:20:14.8499609Z ##[group]Initializing the repository
2026-09-15T03:20:14.8501199Z [command]/usr/bin/git init <ci-home>/work/Learning_Workbench/Learning_Workbench
2026-09-15T03:20:14.9405187Z hint: Using 'master' as the name for the initial branch. This default branch name
2026-09-15T03:20:14.9407613Z hint: will change to "main" in Git 3.0. To configure the initial branch name
2026-09-15T03:20:14.9410011Z hint: to use in all of your new repositories, which will suppress this warning,
2026-09-15T03:20:14.9411758Z hint: call:
2026-09-15T03:20:14.9412701Z hint:
2026-09-15T03:20:14.9413856Z hint: 	git config --global init.defaultBranch <name>
2026-09-15T03:20:14.9415354Z hint:
2026-09-15T03:20:14.9416715Z hint: Names commonly chosen instead of 'master' are 'main', 'trunk' and
2026-09-15T03:20:14.9419272Z hint: 'development'. The just-created branch can be renamed via this command:
2026-09-15T03:20:14.9421431Z hint:
2026-09-15T03:20:14.9422706Z hint: 	git branch -m <name>
2026-09-15T03:20:14.9424343Z hint:
2026-09-15T03:20:14.9426354Z hint: Disable this message with "git config set advice.defaultBranchName false"
2026-09-15T03:20:14.9429273Z Initialized empty Git repository in <ci-home>/work/Learning_Workbench/Learning_Workbench/.git/
2026-09-15T03:20:14.9433638Z [command]/usr/bin/git remote add origin https://github.com/kl3574/Learning_Workbench
2026-09-15T03:20:14.9460964Z ##[endgroup]
2026-09-15T03:20:14.9463326Z ##[group]Disabling automatic garbage collection
2026-09-15T03:20:14.9465375Z [command]/usr/bin/git config --local gc.auto 0
2026-09-15T03:20:14.9493045Z ##[endgroup]
2026-09-15T03:20:14.9495143Z ##[group]Setting up auth
2026-09-15T03:20:14.9496825Z Removing SSH command configuration
2026-09-15T03:20:14.9499335Z [command]/usr/bin/git config --local --name-only --get-regexp core\.sshCommand
2026-09-15T03:20:14.9528975Z [command]/usr/bin/git submodule foreach --recursive sh -c "git config --local --name-only --get-regexp 'core\.sshCommand' && git config --local --unset-all 'core.sshCommand' || :"
2026-09-15T03:20:15.1640595Z Removing HTTP extra header
2026-09-15T03:20:15.1645412Z [command]/usr/bin/git config --local --name-only --get-regexp http\.https\:\/\/github\.com\/\.extraheader
2026-09-15T03:20:15.1676232Z [command]/usr/bin/git submodule foreach --recursive sh -c "git config --local --name-only --get-regexp 'http\.https\:\/\/github\.com\/\.extraheader' && git config --local --unset-all 'http.https://github.com/.extraheader' || :"
2026-09-15T03:20:15.1914850Z Removing includeIf entries pointing to credentials config files
2026-09-15T03:20:15.1919925Z [command]/usr/bin/git config --local --name-only --get-regexp ^includeIf\.gitdir:
2026-09-15T03:20:15.1950595Z [command]/usr/bin/git submodule foreach --recursive git config --local --show-origin --name-only --get-regexp remote.origin.url
2026-09-15T03:20:15.2182181Z [command]/usr/bin/git config --file <ci-home>/work/_temp/git-credentials-92e9ea90-e5cf-487a-9aa2-422fe36deeaf.config http.https://github.com/.extraheader AUTHORIZATION: basic ***
2026-09-15T03:20:15.2214213Z [command]/usr/bin/git config --local includeIf.gitdir:<ci-home>/work/Learning_Workbench/Learning_Workbench/.git.path <ci-home>/work/_temp/git-credentials-92e9ea90-e5cf-487a-9aa2-422fe36deeaf.config
2026-09-15T03:20:15.2240945Z [command]/usr/bin/git config --local includeIf.gitdir:<ci-home>/work/Learning_Workbench/Learning_Workbench/.git/worktrees/*.path <ci-home>/work/_temp/git-credentials-92e9ea90-e5cf-487a-9aa2-422fe36deeaf.config
2026-09-15T03:20:15.2269552Z [command]/usr/bin/git config --local includeIf.gitdir:/github/workspace/.git.path /github/runner_temp/git-credentials-92e9ea90-e5cf-487a-9aa2-422fe36deeaf.config
2026-09-15T03:20:15.2894699Z [command]/usr/bin/git config --local includeIf.gitdir:/github/workspace/.git/worktrees/*.path /github/runner_temp/git-credentials-92e9ea90-e5cf-487a-9aa2-422fe36deeaf.config
2026-09-15T03:20:15.2930257Z ##[endgroup]
2026-09-15T03:20:15.2931613Z ##[group]Fetching the repository
2026-09-15T03:20:15.2936734Z [command]/usr/bin/git -c protocol.version=2 fetch --no-tags --prune --no-recurse-submodules --depth=1 origin +be70e0c39fad6bb51529f1bd061efa9809dd0e5c:refs/remotes/origin/feat/M4.2-recommendations
2026-09-15T03:20:17.5231301Z From https://github.com/kl3574/Learning_Workbench
2026-09-15T03:20:17.5232012Z  * [new ref]         be70e0c39fad6bb51529f1bd061efa9809dd0e5c -> origin/feat/M4.2-recommendations
2026-09-15T03:20:17.5238938Z [command]/usr/bin/git branch --list --remote origin/feat/M4.2-recommendations
2026-09-15T03:20:17.5267112Z   origin/feat/M4.2-recommendations
2026-09-15T03:20:17.5276708Z [command]/usr/bin/git rev-parse refs/remotes/origin/feat/M4.2-recommendations
2026-09-15T03:20:17.5302040Z be70e0c39fad6bb51529f1bd061efa9809dd0e5c
2026-09-15T03:20:17.5306793Z ##[endgroup]
2026-09-15T03:20:17.5307111Z ##[group]Determining the checkout info
2026-09-15T03:20:17.5307634Z ##[endgroup]
2026-09-15T03:20:17.5314984Z [command]/usr/bin/git sparse-checkout disable
2026-09-15T03:20:17.6562905Z [command]/usr/bin/git config --local --unset-all extensions.worktreeConfig
2026-09-15T03:20:17.6594174Z ##[group]Checking out the ref
2026-09-15T03:20:17.6597594Z [command]/usr/bin/git checkout --progress --force -B feat/M4.2-recommendations refs/remotes/origin/feat/M4.2-recommendations
2026-09-15T03:20:17.8445907Z Switched to a new branch 'feat/M4.2-recommendations'
2026-09-15T03:20:17.8446649Z branch 'feat/M4.2-recommendations' set up to track 'origin/feat/M4.2-recommendations'.
2026-09-15T03:20:17.8459444Z ##[endgroup]
2026-09-15T03:20:17.8506532Z [command]/usr/bin/git log -1 --format=%H
2026-09-15T03:20:17.8530581Z be70e0c39fad6bb51529f1bd061efa9809dd0e5c
2026-09-15T03:20:17.8753585Z ##[group]Run actions/setup-python@5fda3b95a4ea91299a34e894583c3862153e4b97
2026-09-15T03:20:17.8753923Z with:
2026-09-15T03:20:17.8754105Z   python-version: 3.12.13
2026-09-15T03:20:17.8754310Z   check-latest: false
2026-09-15T03:20:17.8756373Z   token: ***
2026-09-15T03:20:17.8756564Z   update-environment: true
2026-09-15T03:20:17.8756769Z   allow-prereleases: false
2026-09-15T03:20:17.8756960Z   freethreaded: false
2026-09-15T03:20:17.8757143Z ##[endgroup]
2026-09-15T03:20:17.9713657Z ##[group]Installed versions
2026-09-15T03:20:17.9723135Z Version 3.12.13 was not found in the local cache
2026-09-15T03:20:18.9612094Z Version 3.12.13 is available for downloading
2026-09-15T03:20:18.9612717Z Download from "https://github.com/actions/python-versions/releases/download/3.12.13-27650778726/python-3.12.13-linux-26.04-x64.tar.gz"
2026-09-15T03:20:20.6404960Z Extract downloaded archive
2026-09-15T03:20:20.6502943Z [command]/usr/bin/tar xz --warning=no-unknown-keyword --overwrite -C <ci-home>/work/_temp/78d72112-628e-4766-9c79-b11e9fbc068a -f <ci-home>/work/_temp/dbc855b7-a154-4391-b75f-204e30e9bc29
2026-09-15T03:20:21.6653642Z Execute installation script
2026-09-15T03:20:21.6775974Z Check if Python hostedtoolcache folder exist...
2026-09-15T03:20:21.6776653Z Create Python 3.12.13 folder
2026-09-15T03:20:21.6802285Z Copy Python binaries to hostedtoolcache folder
2026-09-15T03:20:22.0479147Z Create additional symlinks (Required for the UsePythonVersion Azure Pipelines task and the setup-python GitHub Action)
2026-09-15T03:20:22.0572001Z Upgrading pip...
2026-09-15T03:20:23.4309328Z Collecting pip
2026-09-15T03:20:23.4493769Z Downloading pip-26.2.1-py3-none-any.whl.metadata (4.6 kB)
2026-09-15T03:20:23.4563255Z Downloading pip-26.2.1-py3-none-any.whl (1.8 MB)
2026-09-15T03:20:23.4783109Z ━━━━━━━━━━━━━━━━━━━━━━━━━━━━━━━━━━━━━━━━ 1.8/1.8 MB 105.9 MB/s eta 0:00:00
2026-09-15T03:20:23.4783392Z 
2026-09-15T03:20:23.4936092Z Installing collected packages: pip
2026-09-15T03:20:23.4937094Z Attempting uninstall: pip
2026-09-15T03:20:23.4952751Z Found existing installation: pip 25.0.1
2026-09-15T03:20:23.5193735Z Uninstalling pip-25.0.1:
2026-09-15T03:20:23.5237426Z Successfully uninstalled pip-25.0.1
2026-09-15T03:20:24.2341565Z Successfully installed pip-26.2.1
2026-09-15T03:20:24.2837726Z Create complete file
2026-09-15T03:20:24.2892047Z Successfully set up CPython (3.12.13)
2026-09-15T03:20:24.2893295Z ##[endgroup]
2026-09-15T03:20:24.3027146Z ##[group]Run python -m pip install uv==0.11.21
2026-09-15T03:20:24.3027628Z [36;1mpython -m pip install uv==0.11.21[0m
2026-09-15T03:20:24.4999101Z shell: /usr/bin/bash -e {0}
2026-09-15T03:20:24.4999369Z env:
2026-09-15T03:20:24.4999621Z   pythonLocation: /opt/hostedtoolcache/Python/3.12.13/x64
2026-09-15T03:20:24.5000003Z   PKG_CONFIG_PATH: /opt/hostedtoolcache/Python/3.12.13/x64/lib/pkgconfig
2026-09-15T03:20:24.5000341Z   Python_ROOT_DIR: /opt/hostedtoolcache/Python/3.12.13/x64
2026-09-15T03:20:24.5000646Z   Python2_ROOT_DIR: /opt/hostedtoolcache/Python/3.12.13/x64
2026-09-15T03:20:24.5000949Z   Python3_ROOT_DIR: /opt/hostedtoolcache/Python/3.12.13/x64
2026-09-15T03:20:24.5001244Z   LD_LIBRARY_PATH: /opt/hostedtoolcache/Python/3.12.13/x64/lib
2026-09-15T03:20:24.5001534Z ##[endgroup]
2026-09-15T03:20:25.1128644Z Collecting uv==0.11.21
2026-09-15T03:20:25.1345743Z   Downloading uv-0.11.21-py3-none-manylinux_2_17_x86_64.manylinux2014_x86_64.whl.metadata (11 kB)
2026-09-15T03:20:25.1438524Z Downloading uv-0.11.21-py3-none-manylinux_2_17_x86_64.manylinux2014_x86_64.whl (25.1 MB)
2026-09-15T03:20:25.4107510Z    ━━━━━━━━━━━━━━━━━━━━━━━━━━━━━━━━━━━━━━━━ 25.1/25.1 MB 97.4 MB/s  0:00:00
2026-09-15T03:20:25.4488192Z Installing collected packages: uv
2026-09-15T03:20:25.6701328Z Successfully installed uv-0.11.21
2026-09-15T03:20:25.7252066Z ##[group]Run uv sync --frozen
2026-09-15T03:20:25.7252346Z [36;1muv sync --frozen[0m
2026-09-15T03:20:25.7304780Z shell: /usr/bin/bash -e {0}
2026-09-15T03:20:25.7304992Z env:
2026-09-15T03:20:25.7305217Z   pythonLocation: /opt/hostedtoolcache/Python/3.12.13/x64
2026-09-15T03:20:25.7305563Z   PKG_CONFIG_PATH: /opt/hostedtoolcache/Python/3.12.13/x64/lib/pkgconfig
2026-09-15T03:20:25.7305906Z   Python_ROOT_DIR: /opt/hostedtoolcache/Python/3.12.13/x64
2026-09-15T03:20:25.7306218Z   Python2_ROOT_DIR: /opt/hostedtoolcache/Python/3.12.13/x64
2026-09-15T03:20:25.7306509Z   Python3_ROOT_DIR: /opt/hostedtoolcache/Python/3.12.13/x64
2026-09-15T03:20:25.7306803Z   LD_LIBRARY_PATH: /opt/hostedtoolcache/Python/3.12.13/x64/lib
2026-09-15T03:20:25.7307077Z ##[endgroup]
2026-09-15T03:20:25.7812031Z Using CPython 3.12.13 interpreter at: /opt/hostedtoolcache/Python/3.12.13/x64/bin/python3.12
2026-09-15T03:20:25.8364699Z Creating virtual environment at: .venv
2026-09-15T03:20:25.8365138Z Downloading pygments (1.2MiB)
2026-09-15T03:20:25.8545739Z Downloading ast-serialize (1.3MiB)
2026-09-15T03:20:25.8549316Z Downloading mypy (14.6MiB)
2026-09-15T03:20:25.8550318Z Downloading pydantic-core (2.0MiB)
2026-09-15T03:20:25.8551432Z Downloading ruff (9.9MiB)
2026-09-15T03:20:25.9993016Z  Downloaded ast-serialize
2026-09-15T03:20:26.0340112Z  Downloaded pydantic-core
2026-09-15T03:20:26.1090652Z  Downloaded ruff
2026-09-15T03:20:26.1657460Z  Downloaded pygments
2026-09-15T03:20:26.2736111Z  Downloaded mypy
2026-09-15T03:20:26.2738057Z Prepared 37 packages in 490ms
2026-09-15T03:20:26.3146180Z Installed 37 packages in 40ms
2026-09-15T03:20:26.3146577Z  + annotated-doc==0.0.5
2026-09-15T03:20:26.3146881Z  + annotated-types==0.8.0
2026-09-15T03:20:26.3147165Z  + anyio==4.15.1
2026-09-15T03:20:26.3147449Z  + ast-serialize==0.11.2
2026-09-15T03:20:26.3147722Z  + attrs==26.1.0
2026-09-15T03:20:26.3147961Z  + certifi==2026.7.22
2026-09-15T03:20:26.3148225Z  + click==8.5.0
2026-09-15T03:20:26.3148632Z  + defusedxml==0.7.1
2026-09-15T03:20:26.3148894Z  + fastapi==0.141.1
2026-09-15T03:20:26.3149140Z  + h11==0.16.0
2026-09-15T03:20:26.3149377Z  + httpcore==1.0.9
2026-09-15T03:20:26.3149619Z  + httpx==0.28.1
2026-09-15T03:20:26.3149853Z  + idna==3.19
2026-09-15T03:20:26.3150096Z  + iniconfig==2.3.0
2026-09-15T03:20:26.3152490Z  + jsonschema==4.26.0
2026-09-15T03:20:26.3152808Z  + jsonschema-specifications==2025.9.1
2026-09-15T03:20:26.3153144Z  + librt==0.15.0
2026-09-15T03:20:26.3153401Z  + markdown-it-py==4.2.0
2026-09-15T03:20:26.3153677Z  + mdurl==0.1.2
2026-09-15T03:20:26.3153911Z  + mypy==2.3.1
2026-09-15T03:20:26.3154159Z  + mypy-extensions==1.1.0
2026-09-15T03:20:26.3154436Z  + packaging==26.3
2026-09-15T03:20:26.3154697Z  + pathspec==1.1.1
2026-09-15T03:20:26.3155198Z  + pluggy==1.6.0
2026-09-15T03:20:26.3155453Z  + pydantic==2.13.5
2026-09-15T03:20:26.3155710Z  + pydantic-core==2.46.5
2026-09-15T03:20:26.3155983Z  + pygments==2.21.0
2026-09-15T03:20:26.3156218Z  + pypdf==6.18.1
2026-09-15T03:20:26.3156467Z  + pytest==9.1.1
2026-09-15T03:20:26.3156712Z  + python-multipart==0.0.32
2026-09-15T03:20:26.3157149Z  + referencing==0.37.0
2026-09-15T03:20:26.3157506Z  + rpds-py==2026.6.3
2026-09-15T03:20:26.3157761Z  + ruff==0.16.7
2026-09-15T03:20:26.3157998Z  + starlette==1.6.0
2026-09-15T03:20:26.3158396Z  + typing-extensions==4.16.0
2026-09-15T03:20:26.3158702Z  + typing-inspection==0.4.4
2026-09-15T03:20:26.3158987Z  + uvicorn==0.53.0
2026-09-15T03:20:26.3222142Z ##[group]Run sudo apt-get update
2026-09-15T03:20:26.3222423Z [36;1msudo apt-get update[0m
2026-09-15T03:20:26.3222917Z [36;1msudo apt-get install -y bubblewrap=0.11.1-1ubuntu0.1 apparmor=5.0.2-0ubuntu1~26.04.1 libapparmor1=5.0.2-0ubuntu1~26.04.1 libseccomp2=2.6.0-2ubuntu5[0m
2026-09-15T03:20:26.3223486Z [36;1mdpkg-query -W bubblewrap apparmor libapparmor1 libseccomp2[0m
2026-09-15T03:20:26.3223827Z [36;1mtest -f /etc/apparmor.d/bwrap-userns-restrict[0m
2026-09-15T03:20:26.3224079Z [36;1mbwrap --version[0m
2026-09-15T03:20:26.3276481Z shell: /usr/bin/bash -e {0}
2026-09-15T03:20:26.3276693Z env:
2026-09-15T03:20:26.3276938Z   pythonLocation: /opt/hostedtoolcache/Python/3.12.13/x64
2026-09-15T03:20:26.3277285Z   PKG_CONFIG_PATH: /opt/hostedtoolcache/Python/3.12.13/x64/lib/pkgconfig
2026-09-15T03:20:26.3277612Z   Python_ROOT_DIR: /opt/hostedtoolcache/Python/3.12.13/x64
2026-09-15T03:20:26.3277912Z   Python2_ROOT_DIR: /opt/hostedtoolcache/Python/3.12.13/x64
2026-09-15T03:20:26.3278247Z   Python3_ROOT_DIR: /opt/hostedtoolcache/Python/3.12.13/x64
2026-09-15T03:20:26.3278747Z   LD_LIBRARY_PATH: /opt/hostedtoolcache/Python/3.12.13/x64/lib
2026-09-15T03:20:26.3279008Z ##[endgroup]
2026-09-15T03:20:26.4001923Z Get:1 file:/etc/apt/apt-mirrors.txt Mirrorlist [144 B]
2026-09-15T03:20:26.4321800Z Hit:2 http://azure.archive.ubuntu.com/ubuntu resolute InRelease
2026-09-15T03:20:26.4372554Z Get:3 http://azure.archive.ubuntu.com/ubuntu resolute-updates InRelease [137 kB]
2026-09-15T03:20:26.4388485Z Get:4 http://azure.archive.ubuntu.com/ubuntu resolute-backports InRelease [137 kB]
2026-09-15T03:20:26.4422404Z Get:5 http://azure.archive.ubuntu.com/ubuntu resolute-security InRelease [137 kB]
2026-09-15T03:20:26.4690299Z Get:6 http://azure.archive.ubuntu.com/ubuntu resolute-updates/main amd64v3 Packages [605 kB]
2026-09-15T03:20:26.4871180Z Get:7 http://azure.archive.ubuntu.com/ubuntu resolute-updates/main Translation-en [144 kB]
2026-09-15T03:20:26.4885561Z Get:8 http://azure.archive.ubuntu.com/ubuntu resolute-updates/main amd64 Components [97.8 kB]
2026-09-15T03:20:26.4901142Z Get:9 http://azure.archive.ubuntu.com/ubuntu resolute-updates/universe amd64v3 Packages [286 kB]
2026-09-15T03:20:26.4920080Z Get:10 http://azure.archive.ubuntu.com/ubuntu resolute-updates/universe Translation-en [91.4 kB]
2026-09-15T03:20:26.4949318Z Get:11 http://azure.archive.ubuntu.com/ubuntu resolute-updates/universe amd64 Components [188 kB]
2026-09-15T03:20:26.5005291Z Get:12 http://azure.archive.ubuntu.com/ubuntu resolute-updates/restricted amd64v3 Packages [409 kB]
2026-09-15T03:20:26.5006305Z Get:13 http://azure.archive.ubuntu.com/ubuntu resolute-updates/restricted Translation-en [79.5 kB]
2026-09-15T03:20:26.5007606Z Get:14 http://azure.archive.ubuntu.com/ubuntu resolute-updates/multiverse amd64v3 Packages [11.6 kB]
2026-09-15T03:20:26.5008827Z Get:17 https://dl.google.com/linux/chrome-stable/deb stable InRelease [2548 B]
2026-09-15T03:20:26.5009820Z Get:15 http://azure.archive.ubuntu.com/ubuntu resolute-updates/multiverse Translation-en [3036 B]
2026-09-15T03:20:26.5471011Z Get:16 http://azure.archive.ubuntu.com/ubuntu resolute-backports/universe amd64 Components [1056 B]
2026-09-15T03:20:26.5482718Z Get:18 http://azure.archive.ubuntu.com/ubuntu resolute-security/main amd64v3 Packages [474 kB]
2026-09-15T03:20:26.5505098Z Get:19 http://azure.archive.ubuntu.com/ubuntu resolute-security/main Translation-en [111 kB]
2026-09-15T03:20:26.5516959Z Get:20 http://azure.archive.ubuntu.com/ubuntu resolute-security/main amd64 Components [46.6 kB]
2026-09-15T03:20:26.5527404Z Get:21 http://azure.archive.ubuntu.com/ubuntu resolute-security/universe amd64v3 Packages [173 kB]
2026-09-15T03:20:26.5540583Z Get:22 http://azure.archive.ubuntu.com/ubuntu resolute-security/universe Translation-en [54.4 kB]
2026-09-15T03:20:26.5549069Z Get:23 http://azure.archive.ubuntu.com/ubuntu resolute-security/universe amd64 Components [43.4 kB]
2026-09-15T03:20:26.5576476Z Get:24 http://azure.archive.ubuntu.com/ubuntu resolute-security/restricted amd64v3 Packages [399 kB]
2026-09-15T03:20:26.6182589Z Get:25 http://azure.archive.ubuntu.com/ubuntu resolute-security/restricted Translation-en [77.7 kB]
2026-09-15T03:20:26.6196136Z Get:26 http://azure.archive.ubuntu.com/ubuntu resolute-security/multiverse amd64v3 Packages [10.9 kB]
2026-09-15T03:20:26.6196698Z Get:28 https://packages.microsoft.com/ubuntu/26.04/prod resolute InRelease [3964 B]
2026-09-15T03:20:26.6209196Z Get:27 http://azure.archive.ubuntu.com/ubuntu resolute-security/multiverse Translation-en [2844 B]
2026-09-15T03:20:26.6226066Z Get:29 https://dl.google.com/linux/chrome-stable/deb stable/main amd64 Packages [1413 B]
2026-09-15T03:20:26.6363709Z Get:30 https://packages.microsoft.com/ubuntu/26.04/prod resolute/main amd64 Packages [59.9 kB]
2026-09-15T03:20:26.6401736Z Get:31 https://packages.microsoft.com/ubuntu/26.04/prod resolute/main arm64 Packages [52.1 kB]
2026-09-15T03:20:32.3725025Z Fetched 3841 kB in 0s (9751 kB/s)
2026-09-15T03:20:32.9353859Z Reading package lists...
2026-09-15T03:20:32.9652821Z Reading package lists...
2026-09-15T03:20:33.1402806Z Building dependency tree...
2026-09-15T03:20:33.1410494Z Reading state information...
2026-09-15T03:20:33.1791586Z bubblewrap is already the newest version (0.11.1-1ubuntu0.1).
2026-09-15T03:20:33.1792039Z bubblewrap set to manually installed.
2026-09-15T03:20:33.1792394Z apparmor is already the newest version (5.0.2-0ubuntu1~26.04.1).
2026-09-15T03:20:33.1792748Z apparmor set to manually installed.
2026-09-15T03:20:33.1793054Z libapparmor1 is already the newest version (5.0.2-0ubuntu1~26.04.1).
2026-09-15T03:20:33.1793370Z libapparmor1 set to manually installed.
2026-09-15T03:20:33.1793657Z libseccomp2 is already the newest version (2.6.0-2ubuntu5).
2026-09-15T03:20:33.1793948Z libseccomp2 set to manually installed.
2026-09-15T03:20:33.2551353Z Solving dependencies...
2026-09-15T03:20:33.3843565Z 0 upgraded, 0 newly installed, 0 to remove and 69 not upgraded.
2026-09-15T03:20:33.4121316Z apparmor	5.0.2-0ubuntu1~26.04.1
2026-09-15T03:20:33.4121752Z bubblewrap	0.11.1-1ubuntu0.1
2026-09-15T03:20:33.4122099Z libapparmor1:amd64	5.0.2-0ubuntu1~26.04.1
2026-09-15T03:20:33.4122450Z libseccomp2:amd64	2.6.0-2ubuntu5
2026-09-15T03:20:33.4139462Z bubblewrap 0.11.1
2026-09-15T03:20:33.4174371Z ##[group]Run uv run --frozen pytest tests/integration
2026-09-15T03:20:33.4174876Z [36;1muv run --frozen pytest tests/integration[0m
2026-09-15T03:20:33.4227205Z shell: /usr/bin/bash -e {0}
2026-09-15T03:20:33.4227413Z env:
2026-09-15T03:20:33.4227642Z   pythonLocation: /opt/hostedtoolcache/Python/3.12.13/x64
2026-09-15T03:20:33.4227992Z   PKG_CONFIG_PATH: /opt/hostedtoolcache/Python/3.12.13/x64/lib/pkgconfig
2026-09-15T03:20:33.4228506Z   Python_ROOT_DIR: /opt/hostedtoolcache/Python/3.12.13/x64
2026-09-15T03:20:33.4228813Z   Python2_ROOT_DIR: /opt/hostedtoolcache/Python/3.12.13/x64
2026-09-15T03:20:33.4229104Z   Python3_ROOT_DIR: /opt/hostedtoolcache/Python/3.12.13/x64
2026-09-15T03:20:33.4229409Z   LD_LIBRARY_PATH: /opt/hostedtoolcache/Python/3.12.13/x64/lib
2026-09-15T03:20:33.4229664Z ##[endgroup]
2026-09-15T03:20:36.6419940Z ============================= test session starts ==============================
2026-09-15T03:20:36.6420571Z platform linux -- Python 3.12.13, pytest-9.1.1, pluggy-1.6.0
2026-09-15T03:20:36.6420935Z rootdir: <ci-home>/work/Learning_Workbench/Learning_Workbench
2026-09-15T03:20:36.6421675Z configfile: pyproject.toml
2026-09-15T03:20:36.6421872Z plugins: anyio-4.15.1
2026-09-15T03:20:36.6422047Z collected 527 items
2026-09-15T03:20:36.6422155Z 
2026-09-15T03:20:53.9961316Z tests/integration/test_assessment_attempts.py .......................... [  4%]
2026-09-15T03:21:00.9410677Z ...........                                                              [  7%]
2026-09-15T03:21:17.4104769Z tests/integration/test_assessment_grading.py ....................        [ 10%]
2026-09-15T03:21:21.3814039Z tests/integration/test_assessment_independent_review.py .......          [ 12%]
2026-09-15T03:21:27.6681671Z tests/integration/test_assessment_learning_port.py ...........           [ 14%]
2026-09-15T03:21:39.0710331Z tests/integration/test_assessment_policy.py ...................          [ 17%]
2026-09-15T03:21:47.1431716Z tests/integration/test_assessment_review_history.py ........             [ 19%]
2026-09-15T03:21:53.0624724Z tests/integration/test_concept_states.py .........                       [ 21%]
2026-09-15T03:21:55.7077482Z tests/integration/test_content_http.py ...........                       [ 23%]
2026-09-15T03:21:56.3881339Z tests/integration/test_content_repository.py ........................... [ 28%]
2026-09-15T03:21:56.6186656Z ........                                                                 [ 29%]
2026-09-15T03:22:05.0833018Z tests/integration/test_document_http.py ......                           [ 30%]
2026-09-15T03:22:11.1248195Z tests/integration/test_document_imports.py ......                        [ 32%]
2026-09-15T03:22:15.5979232Z tests/integration/test_evidence_independent_review.py ......             [ 33%]
2026-09-15T03:22:18.2829543Z tests/integration/test_grading_queue_isolation.py ..                     [ 33%]
2026-09-15T03:22:27.4263990Z tests/integration/test_import_http.py ...............                    [ 36%]
2026-09-15T03:22:41.9763609Z tests/integration/test_import_repository.py ..F......................... [ 41%]
2026-09-15T03:22:51.2194257Z ......                                                                   [ 42%]
2026-09-15T03:22:52.8713409Z tests/integration/test_learner_profile.py ....................           [ 46%]
2026-09-15T03:22:53.4575144Z tests/integration/test_learning_action_integrity.py ...                  [ 47%]
2026-09-15T03:22:56.8025476Z tests/integration/test_learning_activity_access.py ......                [ 48%]
2026-09-15T03:22:57.2690004Z tests/integration/test_learning_content_scope.py ...............         [ 51%]
2026-09-15T03:22:58.0292038Z tests/integration/test_learning_course_history.py ..                     [ 51%]
2026-09-15T03:23:10.2130534Z tests/integration/test_learning_evidence.py ................             [ 54%]
2026-09-15T03:23:12.3157676Z tests/integration/test_learning_state_observations.py ...                [ 55%]
2026-09-15T03:23:14.9385659Z tests/integration/test_notes_learning.py ............................... [ 61%]
2026-09-15T03:23:16.1628875Z .................                                                        [ 64%]
2026-09-15T03:23:21.0542297Z tests/integration/test_practice_grading.py .........                     [ 66%]
2026-09-15T03:23:26.3323503Z tests/integration/test_practice_independent_review.py ........           [ 67%]
2026-09-15T03:23:26.7026624Z tests/integration/test_practice_learning_port.py ............            [ 69%]
2026-09-15T03:23:39.8746967Z tests/integration/test_practice_sessions.py ........................     [ 74%]
2026-09-15T03:23:44.0350131Z tests/integration/test_provenance_recovery_integrity.py ......           [ 75%]
2026-09-15T03:23:44.1515314Z tests/integration/test_question_qualification.py ....                    [ 76%]
2026-09-15T03:23:44.2706007Z tests/integration/test_reader_directory.py ....                          [ 77%]
2026-09-15T03:23:51.4264017Z tests/integration/test_reader_provenance.py ...........                  [ 79%]
2026-09-15T03:23:52.2591444Z tests/integration/test_recommendation_content_access.py ................ [ 82%]
2026-09-15T03:23:52.6131666Z .......                                                                  [ 83%]
2026-09-15T03:23:54.0919676Z tests/integration/test_recommendation_http.py ..                         [ 83%]
2026-09-15T03:24:04.4832499Z tests/integration/test_recommendation_source_ports.py ..............     [ 86%]
2026-09-15T03:24:30.1096998Z tests/integration/test_recommendations.py .............................  [ 92%]
2026-09-15T03:24:30.3785487Z tests/integration/test_route_completion_sources.py ........              [ 93%]
2026-09-15T03:24:31.9593286Z tests/integration/test_routes_commands.py .............                  [ 96%]
2026-09-15T03:24:37.0942450Z tests/integration/test_workbench_assessment_policy.py ......             [ 97%]
2026-09-15T03:24:40.3108861Z tests/integration/test_workbench_persistence.py ...............          [100%]
2026-09-15T03:24:40.3109349Z 
2026-09-15T03:24:40.3109523Z =================================== FAILURES ===================================
2026-09-15T03:24:40.3110101Z _ test_cancel_queued_and_cancel_parsing_never_publish_and_old_lease_cannot_finish _
2026-09-15T03:24:40.3110496Z 
2026-09-15T03:24:40.3111522Z imports = (<services.api.app.infrastructure.database.Database object at 0x78d008954aa0>, <services.api.app.application.imports.I...ace_5c1cf8e14b014330acbf4159cfb571a9', role='learner', csrf_token='synthetic_csrf', expires_at='2099-01-01T00:00:00Z'))
2026-09-15T03:24:40.3112649Z 
2026-09-15T03:24:40.3112979Z     def test_cancel_queued_and_cancel_parsing_never_publish_and_old_lease_cannot_finish(imports):
2026-09-15T03:24:40.3113564Z         database, service, worker, identity = imports
2026-09-15T03:24:40.3114129Z         staged = service.stage(identity, data=b"synthetic", filename="a.txt", kind="text", key="queued")
2026-09-15T03:24:40.3114992Z         service.cancel(identity, staged.import_id, ImportCancelRequest(expected_input_sha256=staged.input_sha256), "cancel")
2026-09-15T03:24:40.3115631Z >       assert worker.run_once() is False
2026-09-15T03:24:40.3115947Z E       assert True is False
2026-09-15T03:24:40.3116229Z E        +  where True = run_once()
2026-09-15T03:24:40.3116845Z E        +    where run_once = <services.api.app.infrastructure.import_worker.ImportWorker object at 0x78d0087a8ad0>.run_once
2026-09-15T03:24:40.3117372Z 
2026-09-15T03:24:40.3117589Z tests/integration/test_import_repository.py:119: AssertionError
2026-09-15T03:24:40.3118059Z =============================== warnings summary ===============================
2026-09-15T03:24:40.3118638Z .venv/lib/python3.12/site-packages/fastapi/testclient.py:1
2026-09-15T03:24:40.3119860Z   <ci-home>/work/Learning_Workbench/Learning_Workbench/.venv/lib/python3.12/site-packages/fastapi/testclient.py:1: StarletteDeprecationWarning: Using `httpx` with `starlette.testclient` is deprecated; install `httpx2` instead.
2026-09-15T03:24:40.3121558Z     from starlette.testclient import TestClient as TestClient  # noqa
2026-09-15T03:24:40.3121889Z 
2026-09-15T03:24:40.3122084Z .venv/lib/python3.12/site-packages/starlette/testclient.py:53
2026-09-15T03:24:40.3123304Z   <ci-home>/work/Learning_Workbench/Learning_Workbench/.venv/lib/python3.12/site-packages/starlette/testclient.py:53: DeprecationWarning: The anyio.abc.BlockingPortal alias is deprecated, use anyio.from_thread.BlockingPortal instead.
2026-09-15T03:24:40.3124587Z     _PortalFactoryType = Callable[[], AbstractContextManager[anyio.abc.BlockingPortal]]
2026-09-15T03:24:40.3124995Z 
2026-09-15T03:24:40.3125242Z -- Docs: https://docs.pytest.org/en/stable/how-to/capture-warnings.html
2026-09-15T03:24:40.3125747Z =========================== short test summary info ============================
2026-09-15T03:24:40.3126622Z FAILED tests/integration/test_import_repository.py::test_cancel_queued_and_cancel_parsing_never_publish_and_old_lease_cannot_finish - assert True is False
2026-09-15T03:24:40.3127388Z  +  where True = run_once()
2026-09-15T03:24:40.3127964Z  +    where run_once = <services.api.app.infrastructure.import_worker.ImportWorker object at 0x78d0087a8ad0>.run_once
2026-09-15T03:24:40.3128982Z ============ 1 failed, 526 passed, 2 warnings in 245.87s (0:04:05) =============
2026-09-15T03:24:40.5850692Z ##[error]Process completed with exit code 1.
2026-09-15T03:24:40.5959825Z Post job cleanup.
2026-09-15T03:24:40.6682686Z [command]/usr/bin/git version
2026-09-15T03:24:40.6722504Z git version 2.55.0
2026-09-15T03:24:40.6763554Z Temporarily overriding HOME='<ci-home>/work/_temp/b7105e1e-b268-4c2c-aad6-58f39a643017' before making global git config changes
2026-09-15T03:24:40.6764841Z Adding repository directory to the temporary git global config as a safe directory
2026-09-15T03:24:40.6766667Z [command]/usr/bin/git config --global --add safe.directory <ci-home>/work/Learning_Workbench/Learning_Workbench
2026-09-15T03:24:40.6802073Z Removing SSH command configuration
2026-09-15T03:24:40.6807336Z [command]/usr/bin/git config --local --name-only --get-regexp core\.sshCommand
2026-09-15T03:24:40.6842458Z [command]/usr/bin/git submodule foreach --recursive sh -c "git config --local --name-only --get-regexp 'core\.sshCommand' && git config --local --unset-all 'core.sshCommand' || :"
2026-09-15T03:24:40.7099515Z Removing HTTP extra header
2026-09-15T03:24:40.7104227Z [command]/usr/bin/git config --local --name-only --get-regexp http\.https\:\/\/github\.com\/\.extraheader
2026-09-15T03:24:40.7139294Z [command]/usr/bin/git submodule foreach --recursive sh -c "git config --local --name-only --get-regexp 'http\.https\:\/\/github\.com\/\.extraheader' && git config --local --unset-all 'http.https://github.com/.extraheader' || :"
2026-09-15T03:24:40.7415738Z Removing includeIf entries pointing to credentials config files
2026-09-15T03:24:40.7421973Z [command]/usr/bin/git config --local --name-only --get-regexp ^includeIf\.gitdir:
2026-09-15T03:24:40.7447666Z includeif.gitdir:<ci-home>/work/Learning_Workbench/Learning_Workbench/.git.path
2026-09-15T03:24:40.7448965Z includeif.gitdir:<ci-home>/work/Learning_Workbench/Learning_Workbench/.git/worktrees/*.path
2026-09-15T03:24:40.7449841Z includeif.gitdir:/github/workspace/.git.path
2026-09-15T03:24:40.7450439Z includeif.gitdir:/github/workspace/.git/worktrees/*.path
2026-09-15T03:24:40.7455029Z [command]/usr/bin/git config --local --get-all includeif.gitdir:<ci-home>/work/Learning_Workbench/Learning_Workbench/.git.path
2026-09-15T03:24:40.7476797Z <ci-home>/work/_temp/git-credentials-92e9ea90-e5cf-487a-9aa2-422fe36deeaf.config
2026-09-15T03:24:40.7485080Z [command]/usr/bin/git config --local --unset includeif.gitdir:<ci-home>/work/Learning_Workbench/Learning_Workbench/.git.path \/home\/runner\/work\/_temp\/git\-credentials\-92e9ea90\-e5cf\-487a\-9aa2\-422fe36deeaf\.config
2026-09-15T03:24:40.7520207Z [command]/usr/bin/git config --local --get-all includeif.gitdir:<ci-home>/work/Learning_Workbench/Learning_Workbench/.git/worktrees/*.path
2026-09-15T03:24:40.7540993Z <ci-home>/work/_temp/git-credentials-92e9ea90-e5cf-487a-9aa2-422fe36deeaf.config
2026-09-15T03:24:40.7548060Z [command]/usr/bin/git config --local --unset includeif.gitdir:<ci-home>/work/Learning_Workbench/Learning_Workbench/.git/worktrees/*.path \/home\/runner\/work\/_temp\/git\-credentials\-92e9ea90\-e5cf\-487a\-9aa2\-422fe36deeaf\.config
2026-09-15T03:24:40.7582936Z [command]/usr/bin/git config --local --get-all includeif.gitdir:/github/workspace/.git.path
2026-09-15T03:24:40.7603047Z /github/runner_temp/git-credentials-92e9ea90-e5cf-487a-9aa2-422fe36deeaf.config
2026-09-15T03:24:40.7608862Z [command]/usr/bin/git config --local --unset includeif.gitdir:/github/workspace/.git.path \/github\/runner_temp\/git\-credentials\-92e9ea90\-e5cf\-487a\-9aa2\-422fe36deeaf\.config
2026-09-15T03:24:40.7637579Z [command]/usr/bin/git config --local --get-all includeif.gitdir:/github/workspace/.git/worktrees/*.path
2026-09-15T03:24:40.7657622Z /github/runner_temp/git-credentials-92e9ea90-e5cf-487a-9aa2-422fe36deeaf.config
2026-09-15T03:24:40.7664220Z [command]/usr/bin/git config --local --unset includeif.gitdir:/github/workspace/.git/worktrees/*.path \/github\/runner_temp\/git\-credentials\-92e9ea90\-e5cf\-487a\-9aa2\-422fe36deeaf\.config
2026-09-15T03:24:40.7694717Z [command]/usr/bin/git submodule foreach --recursive git config --local --show-origin --name-only --get-regexp remote.origin.url
2026-09-15T03:24:40.7931538Z Removing credentials config '<ci-home>/work/_temp/git-credentials-92e9ea90-e5cf-487a-9aa2-422fe36deeaf.config'
2026-09-15T03:24:40.8077591Z Cleaning up orphan processes
