2026-09-15T03:21:48.5261416Z Current runner version: '2.337.0'
2026-09-15T03:21:48.5291292Z ##[group]Runner Image Provisioner
2026-09-15T03:21:48.5292251Z Hosted Compute Agent
2026-09-15T03:21:48.5292849Z Version: 20260828.587
2026-09-15T03:21:48.5293396Z Commit: abac92662cab4cc7352de4f9f9d2e2419aad9c29
2026-09-15T03:21:48.5293976Z Build Date: 2026-08-28T16:44:25Z
2026-09-15T03:21:48.5294590Z Worker ID: {492291c8-607e-4250-8a79-041db33be60b}
2026-09-15T03:21:48.5295165Z Azure Region: eastus
2026-09-15T03:21:48.5295744Z ##[endgroup]
2026-09-15T03:21:48.5296955Z ##[group]Operating System
2026-09-15T03:21:48.5297647Z Ubuntu
2026-09-15T03:21:48.5298163Z 24.04.5
2026-09-15T03:21:48.5298595Z LTS
2026-09-15T03:21:48.5299076Z ##[endgroup]
2026-09-15T03:21:48.5299576Z ##[group]Runner Image
2026-09-15T03:21:48.5300074Z Image: ubuntu-24.04
2026-09-15T03:21:48.5300577Z Version: 20260907.300.1
2026-09-15T03:21:48.5301655Z Included Software: https://github.com/actions/runner-images/blob/ubuntu24/20260907.300/images/ubuntu/Ubuntu2404-Readme.md
2026-09-15T03:21:48.5302968Z Image Release: https://github.com/actions/runner-images/releases/tag/ubuntu24%2F20260907.300
2026-09-15T03:21:48.5303736Z ##[endgroup]
2026-09-15T03:21:48.5304693Z ##[group]GITHUB_TOKEN Permissions
2026-09-15T03:21:48.5306506Z Contents: read
2026-09-15T03:21:48.5307108Z Metadata: read
2026-09-15T03:21:48.5307761Z ##[endgroup]
2026-09-15T03:21:48.5309731Z Secret source: Actions
2026-09-15T03:21:48.5310491Z Cache mode: write
2026-09-15T03:21:48.5311108Z Prepare workflow directory
2026-09-15T03:21:48.5671299Z Prepare all required actions
2026-09-15T03:21:48.5725226Z Getting action download info
2026-09-15T03:21:48.7518024Z Download action repository 'actions/checkout@3d3c42e5aac5ba805825da76410c181273ba90b1' (SHA:3d3c42e5aac5ba805825da76410c181273ba90b1)
2026-09-15T03:21:49.7553618Z Download action repository 'actions/setup-python@5fda3b95a4ea91299a34e894583c3862153e4b97' (SHA:5fda3b95a4ea91299a34e894583c3862153e4b97)
2026-09-15T03:21:50.4057093Z Download action repository 'actions/setup-node@820762786026740c76f36085b0efc47a31fe5020' (SHA:820762786026740c76f36085b0efc47a31fe5020)
2026-09-15T03:21:50.8690153Z Complete job name: spec-contracts
2026-09-15T03:21:50.9253765Z ##[group]Run actions/checkout@3d3c42e5aac5ba805825da76410c181273ba90b1
2026-09-15T03:21:50.9254311Z with:
2026-09-15T03:21:50.9254505Z   repository: kl3574/Learning_Workbench
2026-09-15T03:21:50.9256677Z   token: ***
2026-09-15T03:21:50.9256869Z   ssh-strict: true
2026-09-15T03:21:50.9257064Z   ssh-user: git
2026-09-15T03:21:50.9257395Z   persist-credentials: true
2026-09-15T03:21:50.9257603Z   clean: true
2026-09-15T03:21:50.9257802Z   sparse-checkout-cone-mode: true
2026-09-15T03:21:50.9258022Z   fetch-depth: 1
2026-09-15T03:21:50.9258206Z   fetch-tags: false
2026-09-15T03:21:50.9258394Z   show-progress: true
2026-09-15T03:21:50.9258583Z   lfs: false
2026-09-15T03:21:50.9258748Z   submodules: false
2026-09-15T03:21:50.9258933Z   set-safe-directory: true
2026-09-15T03:21:50.9259139Z   allow-unsafe-pr-checkout: false
2026-09-15T03:21:50.9259505Z ##[endgroup]
2026-09-15T03:21:51.0114775Z Syncing repository: kl3574/Learning_Workbench
2026-09-15T03:21:51.0116028Z ##[group]Getting Git version info
2026-09-15T03:21:51.0116413Z Working directory is '<ci-home>/work/Learning_Workbench/Learning_Workbench'
2026-09-15T03:21:51.0116993Z [command]/usr/bin/git version
2026-09-15T03:21:51.0430356Z git version 2.55.0
2026-09-15T03:21:51.0448256Z ##[endgroup]
2026-09-15T03:21:51.0458499Z Temporarily overriding HOME='<ci-home>/work/_temp/7773309b-e47b-4b77-80d4-9aa11d9a97b8' before making global git config changes
2026-09-15T03:21:51.0459556Z Adding repository directory to the temporary git global config as a safe directory
2026-09-15T03:21:51.0464522Z [command]/usr/bin/git config --global --add safe.directory <ci-home>/work/Learning_Workbench/Learning_Workbench
2026-09-15T03:21:51.0508976Z Deleting the contents of '<ci-home>/work/Learning_Workbench/Learning_Workbench'
2026-09-15T03:21:51.0512059Z ##[group]Determining repository object format
2026-09-15T03:21:51.0513732Z ##[endgroup]
2026-09-15T03:21:51.0514227Z ##[group]Initializing the repository
2026-09-15T03:21:51.0518559Z [command]/usr/bin/git init <ci-home>/work/Learning_Workbench/Learning_Workbench
2026-09-15T03:21:51.0607436Z hint: Using 'master' as the name for the initial branch. This default branch name
2026-09-15T03:21:51.0608690Z hint: will change to "main" in Git 3.0. To configure the initial branch name
2026-09-15T03:21:51.0609595Z hint: to use in all of your new repositories, which will suppress this warning,
2026-09-15T03:21:51.0610265Z hint: call:
2026-09-15T03:21:51.0610699Z hint:
2026-09-15T03:21:51.0611249Z hint: 	git config --global init.defaultBranch <name>
2026-09-15T03:21:51.0611823Z hint:
2026-09-15T03:21:51.0612385Z hint: Names commonly chosen instead of 'master' are 'main', 'trunk' and
2026-09-15T03:21:51.0613210Z hint: 'development'. The just-created branch can be renamed via this command:
2026-09-15T03:21:51.0613917Z hint:
2026-09-15T03:21:51.0614386Z hint: 	git branch -m <name>
2026-09-15T03:21:51.0614916Z hint:
2026-09-15T03:21:51.0615532Z hint: Disable this message with "git config set advice.defaultBranchName false"
2026-09-15T03:21:51.0616774Z Initialized empty Git repository in <ci-home>/work/Learning_Workbench/Learning_Workbench/.git/
2026-09-15T03:21:51.0619542Z [command]/usr/bin/git remote add origin https://github.com/kl3574/Learning_Workbench
2026-09-15T03:21:51.0780076Z ##[endgroup]
2026-09-15T03:21:51.0780629Z ##[group]Disabling automatic garbage collection
2026-09-15T03:21:51.0781008Z [command]/usr/bin/git config --local gc.auto 0
2026-09-15T03:21:51.0814284Z ##[endgroup]
2026-09-15T03:21:51.0815099Z ##[group]Setting up auth
2026-09-15T03:21:51.0815527Z Removing SSH command configuration
2026-09-15T03:21:51.0820930Z [command]/usr/bin/git config --local --name-only --get-regexp core\.sshCommand
2026-09-15T03:21:51.0853625Z [command]/usr/bin/git submodule foreach --recursive sh -c "git config --local --name-only --get-regexp 'core\.sshCommand' && git config --local --unset-all 'core.sshCommand' || :"
2026-09-15T03:21:51.2875820Z Removing HTTP extra header
2026-09-15T03:21:51.2882209Z [command]/usr/bin/git config --local --name-only --get-regexp http\.https\:\/\/github\.com\/\.extraheader
2026-09-15T03:21:51.2911834Z [command]/usr/bin/git submodule foreach --recursive sh -c "git config --local --name-only --get-regexp 'http\.https\:\/\/github\.com\/\.extraheader' && git config --local --unset-all 'http.https://github.com/.extraheader' || :"
2026-09-15T03:21:51.3098330Z Removing includeIf entries pointing to credentials config files
2026-09-15T03:21:51.3103002Z [command]/usr/bin/git config --local --name-only --get-regexp ^includeIf\.gitdir:
2026-09-15T03:21:51.3132013Z [command]/usr/bin/git submodule foreach --recursive git config --local --show-origin --name-only --get-regexp remote.origin.url
2026-09-15T03:21:51.3321919Z [command]/usr/bin/git config --file <ci-home>/work/_temp/git-credentials-f757d71a-127c-444c-ae9b-2a1b5ecd906a.config http.https://github.com/.extraheader AUTHORIZATION: basic ***
2026-09-15T03:21:51.3355375Z [command]/usr/bin/git config --local includeIf.gitdir:<ci-home>/work/Learning_Workbench/Learning_Workbench/.git.path <ci-home>/work/_temp/git-credentials-f757d71a-127c-444c-ae9b-2a1b5ecd906a.config
2026-09-15T03:21:51.3383942Z [command]/usr/bin/git config --local includeIf.gitdir:<ci-home>/work/Learning_Workbench/Learning_Workbench/.git/worktrees/*.path <ci-home>/work/_temp/git-credentials-f757d71a-127c-444c-ae9b-2a1b5ecd906a.config
2026-09-15T03:21:51.3414198Z [command]/usr/bin/git config --local includeIf.gitdir:/github/workspace/.git.path /github/runner_temp/git-credentials-f757d71a-127c-444c-ae9b-2a1b5ecd906a.config
2026-09-15T03:21:51.3444293Z [command]/usr/bin/git config --local includeIf.gitdir:/github/workspace/.git/worktrees/*.path /github/runner_temp/git-credentials-f757d71a-127c-444c-ae9b-2a1b5ecd906a.config
2026-09-15T03:21:51.3470912Z ##[endgroup]
2026-09-15T03:21:51.3471423Z ##[group]Fetching the repository
2026-09-15T03:21:51.3476884Z [command]/usr/bin/git -c protocol.version=2 fetch --no-tags --prune --no-recurse-submodules --depth=1 origin +e9e5a976856c6f3a01ca6cac63ea885134fe9685:refs/remotes/pull/48/merge
2026-09-15T03:21:53.3819241Z From https://github.com/kl3574/Learning_Workbench
2026-09-15T03:21:53.3819882Z  * [new ref]         e9e5a976856c6f3a01ca6cac63ea885134fe9685 -> pull/48/merge
2026-09-15T03:21:53.3823032Z ##[endgroup]
2026-09-15T03:21:53.3828537Z ##[group]Determining the checkout info
2026-09-15T03:21:53.3829421Z ##[endgroup]
2026-09-15T03:21:53.3880735Z [command]/usr/bin/git sparse-checkout disable
2026-09-15T03:21:53.3885806Z [command]/usr/bin/git config --local --unset-all extensions.worktreeConfig
2026-09-15T03:21:53.3918548Z ##[group]Checking out the ref
2026-09-15T03:21:53.3923145Z [command]/usr/bin/git checkout --progress --force refs/remotes/pull/48/merge
2026-09-15T03:21:53.5599143Z Note: switching to 'refs/remotes/pull/48/merge'.
2026-09-15T03:21:53.5599656Z 
2026-09-15T03:21:53.5599952Z You are in 'detached HEAD' state. You can look around, make experimental
2026-09-15T03:21:53.5600518Z changes and commit them, and you can discard any commits you make in this
2026-09-15T03:21:53.5600916Z state without impacting any branches by switching back to a branch.
2026-09-15T03:21:53.5601145Z 
2026-09-15T03:21:53.5601349Z If you want to create a new branch to retain commits you create, you may
2026-09-15T03:21:53.5601702Z do so (now or later) by using -c with the switch command. Example:
2026-09-15T03:21:53.5601899Z 
2026-09-15T03:21:53.5601996Z   git switch -c <new-branch-name>
2026-09-15T03:21:53.5602145Z 
2026-09-15T03:21:53.5602240Z Or undo this operation with:
2026-09-15T03:21:53.5602408Z 
2026-09-15T03:21:53.5602485Z   git switch -
2026-09-15T03:21:53.5602623Z 
2026-09-15T03:21:53.5602798Z Turn off this advice by setting config variable advice.detachedHead to false
2026-09-15T03:21:53.5603045Z 
2026-09-15T03:21:53.5603322Z HEAD is now at e9e5a97 Merge be70e0c39fad6bb51529f1bd061efa9809dd0e5c into 98f1701299533970581ba12733d74cb5e3882193
2026-09-15T03:21:53.5611419Z ##[endgroup]
2026-09-15T03:21:53.6201400Z [command]/usr/bin/git log -1 --format=%H
2026-09-15T03:21:53.6202005Z e9e5a976856c6f3a01ca6cac63ea885134fe9685
2026-09-15T03:21:53.6410721Z ##[group]Run actions/setup-python@5fda3b95a4ea91299a34e894583c3862153e4b97
2026-09-15T03:21:53.6411078Z with:
2026-09-15T03:21:53.6411271Z   python-version: 3.12.13
2026-09-15T03:21:53.6411483Z   check-latest: false
2026-09-15T03:21:53.6413566Z   token: ***
2026-09-15T03:21:53.6413756Z   update-environment: true
2026-09-15T03:21:53.6413970Z   allow-prereleases: false
2026-09-15T03:21:53.6414197Z   freethreaded: false
2026-09-15T03:21:53.6414396Z ##[endgroup]
2026-09-15T03:21:53.7415348Z ##[group]Installed versions
2026-09-15T03:21:53.7428563Z Version 3.12.13 was not found in the local cache
2026-09-15T03:21:54.2532261Z Version 3.12.13 is available for downloading
2026-09-15T03:21:54.2533393Z Download from "https://github.com/actions/python-versions/releases/download/3.12.13-27650778726/python-3.12.13-linux-24.04-x64.tar.gz"
2026-09-15T03:21:54.7916334Z Extract downloaded archive
2026-09-15T03:21:54.8013735Z [command]/usr/bin/tar xz --warning=no-unknown-keyword --overwrite -C <ci-home>/work/_temp/5b666af5-95f1-4190-968b-851dbf583169 -f <ci-home>/work/_temp/f8870335-5f79-4d59-b99e-dc03b1ce410f
2026-09-15T03:21:56.4260430Z Execute installation script
2026-09-15T03:21:56.4341759Z Check if Python hostedtoolcache folder exist...
2026-09-15T03:21:56.4342344Z Create Python 3.12.13 folder
2026-09-15T03:21:56.4354132Z Copy Python binaries to hostedtoolcache folder
2026-09-15T03:21:56.8225772Z Create additional symlinks (Required for the UsePythonVersion Azure Pipelines task and the setup-python GitHub Action)
2026-09-15T03:21:56.8259774Z Upgrading pip...
2026-09-15T03:21:58.9556822Z Collecting pip
2026-09-15T03:21:58.9830007Z Downloading pip-26.2.1-py3-none-any.whl.metadata (4.6 kB)
2026-09-15T03:21:58.9902018Z Downloading pip-26.2.1-py3-none-any.whl (1.8 MB)
2026-09-15T03:21:59.0403122Z ━━━━━━━━━━━━━━━━━━━━━━━━━━━━━━━━━━━━━━━━ 1.8/1.8 MB 46.5 MB/s eta 0:00:00
2026-09-15T03:21:59.0403512Z 
2026-09-15T03:21:59.0557862Z Installing collected packages: pip
2026-09-15T03:21:59.0558384Z Attempting uninstall: pip
2026-09-15T03:21:59.0574007Z Found existing installation: pip 25.0.1
2026-09-15T03:21:59.0832013Z Uninstalling pip-25.0.1:
2026-09-15T03:21:59.0875945Z Successfully uninstalled pip-25.0.1
2026-09-15T03:21:59.7971916Z Successfully installed pip-26.2.1
2026-09-15T03:21:59.8448365Z Create complete file
2026-09-15T03:21:59.8477768Z Successfully set up CPython (3.12.13)
2026-09-15T03:21:59.8478828Z ##[endgroup]
2026-09-15T03:21:59.8641777Z ##[group]Run actions/setup-node@820762786026740c76f36085b0efc47a31fe5020
2026-09-15T03:21:59.8642109Z with:
2026-09-15T03:21:59.8642281Z   node-version: 24.21.0
2026-09-15T03:21:59.8642475Z   check-latest: false
2026-09-15T03:21:59.8644532Z   token: ***
2026-09-15T03:21:59.8644723Z   package-manager-cache: true
2026-09-15T03:21:59.8644945Z env:
2026-09-15T03:21:59.8645159Z   pythonLocation: /opt/hostedtoolcache/Python/3.12.13/x64
2026-09-15T03:21:59.8645520Z   PKG_CONFIG_PATH: /opt/hostedtoolcache/Python/3.12.13/x64/lib/pkgconfig
2026-09-15T03:21:59.8645864Z   Python_ROOT_DIR: /opt/hostedtoolcache/Python/3.12.13/x64
2026-09-15T03:21:59.8646167Z   Python2_ROOT_DIR: /opt/hostedtoolcache/Python/3.12.13/x64
2026-09-15T03:21:59.8646461Z   Python3_ROOT_DIR: /opt/hostedtoolcache/Python/3.12.13/x64
2026-09-15T03:21:59.8646754Z   LD_LIBRARY_PATH: /opt/hostedtoolcache/Python/3.12.13/x64/lib
2026-09-15T03:21:59.8647024Z ##[endgroup]
2026-09-15T03:21:59.9657354Z Attempting to download 24.21.0...
2026-09-15T03:22:00.3690539Z Acquiring 24.21.0 - x64 from https://github.com/actions/node-versions/releases/download/24.21.0-34304089047/node-24.21.0-linux-x64.tar.gz
2026-09-15T03:22:00.6601328Z Extracting ...
2026-09-15T03:22:00.6701336Z [command]/usr/bin/tar xz --strip 1 --warning=no-unknown-keyword --overwrite -C <ci-home>/work/_temp/008f1084-d951-4214-a695-079e90a4f57e -f <ci-home>/work/_temp/7a171210-0ddd-4809-abd0-1827cd5de501
2026-09-15T03:22:01.7433212Z Adding to the cache ...
2026-09-15T03:22:04.9214285Z ##[group]Environment details
2026-09-15T03:22:05.0949999Z node: v24.21.0
2026-09-15T03:22:05.0950324Z npm: 11.19.0
2026-09-15T03:22:05.0950527Z yarn: 1.22.22
2026-09-15T03:22:05.0950958Z ##[endgroup]
2026-09-15T03:22:05.1105983Z ##[group]Run npm ci --prefix apps/web
2026-09-15T03:22:05.1106296Z [36;1mnpm ci --prefix apps/web[0m
2026-09-15T03:22:05.1141817Z shell: /usr/bin/bash -e {0}
2026-09-15T03:22:05.1142035Z env:
2026-09-15T03:22:05.1142254Z   pythonLocation: /opt/hostedtoolcache/Python/3.12.13/x64
2026-09-15T03:22:05.1142617Z   PKG_CONFIG_PATH: /opt/hostedtoolcache/Python/3.12.13/x64/lib/pkgconfig
2026-09-15T03:22:05.1142975Z   Python_ROOT_DIR: /opt/hostedtoolcache/Python/3.12.13/x64
2026-09-15T03:22:05.1143291Z   Python2_ROOT_DIR: /opt/hostedtoolcache/Python/3.12.13/x64
2026-09-15T03:22:05.1143589Z   Python3_ROOT_DIR: /opt/hostedtoolcache/Python/3.12.13/x64
2026-09-15T03:22:05.1143904Z   LD_LIBRARY_PATH: /opt/hostedtoolcache/Python/3.12.13/x64/lib
2026-09-15T03:22:05.1144165Z ##[endgroup]
2026-09-15T03:22:10.5606140Z 
2026-09-15T03:22:10.5615106Z added 236 packages, and audited 237 packages in 5s
2026-09-15T03:22:10.5615511Z 
2026-09-15T03:22:10.5615778Z 118 packages are looking for funding
2026-09-15T03:22:10.5616280Z   run `npm fund` for details
2026-09-15T03:22:10.5618854Z 
2026-09-15T03:22:10.5619098Z found 0 vulnerabilities
2026-09-15T03:22:10.6146296Z ##[group]Run python -m pip install uv==0.11.21
2026-09-15T03:22:10.6146655Z [36;1mpython -m pip install uv==0.11.21[0m
2026-09-15T03:22:10.6182330Z shell: /usr/bin/bash -e {0}
2026-09-15T03:22:10.6182599Z env:
2026-09-15T03:22:10.6182871Z   pythonLocation: /opt/hostedtoolcache/Python/3.12.13/x64
2026-09-15T03:22:10.6183273Z   PKG_CONFIG_PATH: /opt/hostedtoolcache/Python/3.12.13/x64/lib/pkgconfig
2026-09-15T03:22:10.6183644Z   Python_ROOT_DIR: /opt/hostedtoolcache/Python/3.12.13/x64
2026-09-15T03:22:10.6184217Z   Python2_ROOT_DIR: /opt/hostedtoolcache/Python/3.12.13/x64
2026-09-15T03:22:10.6184536Z   Python3_ROOT_DIR: /opt/hostedtoolcache/Python/3.12.13/x64
2026-09-15T03:22:10.6184863Z   LD_LIBRARY_PATH: /opt/hostedtoolcache/Python/3.12.13/x64/lib
2026-09-15T03:22:10.6185145Z ##[endgroup]
2026-09-15T03:22:11.9715833Z Collecting uv==0.11.21
2026-09-15T03:22:12.0152409Z   Downloading uv-0.11.21-py3-none-manylinux_2_17_x86_64.manylinux2014_x86_64.whl.metadata (11 kB)
2026-09-15T03:22:12.1217507Z Downloading uv-0.11.21-py3-none-manylinux_2_17_x86_64.manylinux2014_x86_64.whl (25.1 MB)
2026-09-15T03:22:12.4579684Z    ━━━━━━━━━━━━━━━━━━━━━━━━━━━━━━━━━━━━━━━━ 25.1/25.1 MB 77.8 MB/s  0:00:00
2026-09-15T03:22:12.4968289Z Installing collected packages: uv
2026-09-15T03:22:12.7226617Z Successfully installed uv-0.11.21
2026-09-15T03:22:12.7779684Z ##[group]Run uv sync --frozen
2026-09-15T03:22:12.7779952Z [36;1muv sync --frozen[0m
2026-09-15T03:22:12.7814055Z shell: /usr/bin/bash -e {0}
2026-09-15T03:22:12.7814284Z env:
2026-09-15T03:22:12.7814504Z   pythonLocation: /opt/hostedtoolcache/Python/3.12.13/x64
2026-09-15T03:22:12.7814848Z   PKG_CONFIG_PATH: /opt/hostedtoolcache/Python/3.12.13/x64/lib/pkgconfig
2026-09-15T03:22:12.7815204Z   Python_ROOT_DIR: /opt/hostedtoolcache/Python/3.12.13/x64
2026-09-15T03:22:12.7815523Z   Python2_ROOT_DIR: /opt/hostedtoolcache/Python/3.12.13/x64
2026-09-15T03:22:12.7815818Z   Python3_ROOT_DIR: /opt/hostedtoolcache/Python/3.12.13/x64
2026-09-15T03:22:12.7816119Z   LD_LIBRARY_PATH: /opt/hostedtoolcache/Python/3.12.13/x64/lib
2026-09-15T03:22:12.7816383Z ##[endgroup]
2026-09-15T03:22:12.8320307Z Using CPython 3.12.13 interpreter at: /opt/hostedtoolcache/Python/3.12.13/x64/bin/python3.12
2026-09-15T03:22:12.8321037Z Creating virtual environment at: .venv
2026-09-15T03:22:12.8965674Z Downloading ast-serialize (1.3MiB)
2026-09-15T03:22:12.9122500Z Downloading mypy (14.6MiB)
2026-09-15T03:22:12.9123879Z Downloading pydantic-core (2.0MiB)
2026-09-15T03:22:12.9126018Z Downloading pygments (1.2MiB)
2026-09-15T03:22:12.9132328Z Downloading ruff (9.9MiB)
2026-09-15T03:22:13.0595700Z  Downloaded ast-serialize
2026-09-15T03:22:13.0596112Z  Downloaded pydantic-core
2026-09-15T03:22:13.1835303Z  Downloaded ruff
2026-09-15T03:22:13.2207720Z  Downloaded pygments
2026-09-15T03:22:13.3413983Z  Downloaded mypy
2026-09-15T03:22:13.3415136Z Prepared 37 packages in 507ms
2026-09-15T03:22:13.3762658Z Installed 37 packages in 34ms
2026-09-15T03:22:13.3763035Z  + annotated-doc==0.0.5
2026-09-15T03:22:13.3768217Z  + annotated-types==0.8.0
2026-09-15T03:22:13.3768656Z  + anyio==4.15.1
2026-09-15T03:22:13.3768956Z  + ast-serialize==0.11.2
2026-09-15T03:22:13.3769262Z  + attrs==26.1.0
2026-09-15T03:22:13.3769520Z  + certifi==2026.7.22
2026-09-15T03:22:13.3769841Z  + click==8.5.0
2026-09-15T03:22:13.3770144Z  + defusedxml==0.7.1
2026-09-15T03:22:13.3770472Z  + fastapi==0.141.1
2026-09-15T03:22:13.3770839Z  + h11==0.16.0
2026-09-15T03:22:13.3771106Z  + httpcore==1.0.9
2026-09-15T03:22:13.3771402Z  + httpx==0.28.1
2026-09-15T03:22:13.3771657Z  + idna==3.19
2026-09-15T03:22:13.3771950Z  + iniconfig==2.3.0
2026-09-15T03:22:13.3772401Z  + jsonschema==4.26.0
2026-09-15T03:22:13.3772727Z  + jsonschema-specifications==2025.9.1
2026-09-15T03:22:13.3773062Z  + librt==0.15.0
2026-09-15T03:22:13.3773322Z  + markdown-it-py==4.2.0
2026-09-15T03:22:13.3773582Z  + mdurl==0.1.2
2026-09-15T03:22:13.3773806Z  + mypy==2.3.1
2026-09-15T03:22:13.3774046Z  + mypy-extensions==1.1.0
2026-09-15T03:22:13.3774320Z  + packaging==26.3
2026-09-15T03:22:13.3774556Z  + pathspec==1.1.1
2026-09-15T03:22:13.3774792Z  + pluggy==1.6.0
2026-09-15T03:22:13.3775030Z  + pydantic==2.13.5
2026-09-15T03:22:13.3775280Z  + pydantic-core==2.46.5
2026-09-15T03:22:13.3775565Z  + pygments==2.21.0
2026-09-15T03:22:13.3775823Z  + pypdf==6.18.1
2026-09-15T03:22:13.3776082Z  + pytest==9.1.1
2026-09-15T03:22:13.3776450Z  + python-multipart==0.0.32
2026-09-15T03:22:13.3776818Z  + referencing==0.37.0
2026-09-15T03:22:13.3777045Z  + rpds-py==2026.6.3
2026-09-15T03:22:13.3778005Z  + ruff==0.16.7
2026-09-15T03:22:13.3778266Z  + starlette==1.6.0
2026-09-15T03:22:13.3778544Z  + typing-extensions==4.16.0
2026-09-15T03:22:13.3778791Z  + typing-inspection==0.4.4
2026-09-15T03:22:13.3778990Z  + uvicorn==0.53.0
2026-09-15T03:22:13.3822137Z ##[group]Run make verify-spec
2026-09-15T03:22:13.3822389Z [36;1mmake verify-spec[0m
2026-09-15T03:22:13.3854941Z shell: /usr/bin/bash -e {0}
2026-09-15T03:22:13.3855152Z env:
2026-09-15T03:22:13.3855380Z   pythonLocation: /opt/hostedtoolcache/Python/3.12.13/x64
2026-09-15T03:22:13.3855731Z   PKG_CONFIG_PATH: /opt/hostedtoolcache/Python/3.12.13/x64/lib/pkgconfig
2026-09-15T03:22:13.3856068Z   Python_ROOT_DIR: /opt/hostedtoolcache/Python/3.12.13/x64
2026-09-15T03:22:13.3856365Z   Python2_ROOT_DIR: /opt/hostedtoolcache/Python/3.12.13/x64
2026-09-15T03:22:13.3856663Z   Python3_ROOT_DIR: /opt/hostedtoolcache/Python/3.12.13/x64
2026-09-15T03:22:13.3856967Z   LD_LIBRARY_PATH: /opt/hostedtoolcache/Python/3.12.13/x64/lib
2026-09-15T03:22:13.3857439Z ##[endgroup]
2026-09-15T03:22:13.3927035Z uv run --frozen python scripts/verify_spec.py
2026-09-15T03:22:16.8088289Z {
2026-09-15T03:22:16.8088644Z   "embedded_files": 6,
2026-09-15T03:22:16.8088988Z   "generated_artifacts": 66,
2026-09-15T03:22:16.8089469Z   "learning_effectiveness": "NOT_RUN",
2026-09-15T03:22:16.8089812Z   "models": 54,
2026-09-15T03:22:16.8090086Z   "package_receipts": [
2026-09-15T03:22:16.8090352Z     {
2026-09-15T03:22:16.8090864Z       "archive_sha256": "9933ad962be34e42a29a3299e81c0f03249b584ba1574299672b76eb0242e7b6",
2026-09-15T03:22:16.8091394Z       "object_count": 9,
2026-09-15T03:22:16.8091594Z       "payload_count": 12,
2026-09-15T03:22:16.8091794Z       "profile": "author",
2026-09-15T03:22:16.8092025Z       "scope": "structure_and_integrity_only",
2026-09-15T03:22:16.8092274Z       "total_bytes": 6730
2026-09-15T03:22:16.8092469Z     },
2026-09-15T03:22:16.8092631Z     {
2026-09-15T03:22:16.8092955Z       "archive_sha256": "6d4ddb4c423521625d4686765e1f80f2b65e46ee874eca1bec118dc20a136479",
2026-09-15T03:22:16.8093313Z       "object_count": 9,
2026-09-15T03:22:16.8093508Z       "payload_count": 11,
2026-09-15T03:22:16.8093699Z       "profile": "learner",
2026-09-15T03:22:16.8093944Z       "scope": "structure_and_integrity_only",
2026-09-15T03:22:16.8094191Z       "total_bytes": 5179
2026-09-15T03:22:16.8094368Z     }
2026-09-15T03:22:16.8094519Z   ],
2026-09-15T03:22:16.8094703Z   "product_acceptance": "NOT_RUN",
2026-09-15T03:22:16.8094939Z   "publication": "NOT_CHECKED",
2026-09-15T03:22:16.8095152Z   "real_codex": "NOT_RUN",
2026-09-15T03:22:16.8095346Z   "real_provider": "NOT_RUN",
2026-09-15T03:22:16.8095547Z   "requirements": 38,
2026-09-15T03:22:16.8095726Z   "routes": 102,
2026-09-15T03:22:16.8096206Z   "scope": "M0_structural_baseline_only",
2026-09-15T03:22:16.8096547Z   "source": "PRODUCT_DESIGN.md",
2026-09-15T03:22:16.8097052Z   "spec_sha256": "397829f5267248aedfc60faf7cacbb12669966b1c1d636a909b04189e0cc09dd",
2026-09-15T03:22:16.8097668Z   "spec_version": "3.0.1",
2026-09-15T03:22:16.8097990Z   "sql_tables_including_fts": 53,
2026-09-15T03:22:16.8098299Z   "status": "PASS",
2026-09-15T03:22:16.8098550Z   "target_scenarios": 33,
2026-09-15T03:22:16.8098825Z   "tasks": 27
2026-09-15T03:22:16.8099064Z }
2026-09-15T03:22:16.9391145Z ##[group]Run uv run --frozen pytest tests/contract tests/unit/test_spec_*.py
2026-09-15T03:22:16.9391879Z [36;1muv run --frozen pytest tests/contract tests/unit/test_spec_*.py[0m
2026-09-15T03:22:16.9427453Z shell: /usr/bin/bash -e {0}
2026-09-15T03:22:16.9427712Z env:
2026-09-15T03:22:16.9427969Z   pythonLocation: /opt/hostedtoolcache/Python/3.12.13/x64
2026-09-15T03:22:16.9428361Z   PKG_CONFIG_PATH: /opt/hostedtoolcache/Python/3.12.13/x64/lib/pkgconfig
2026-09-15T03:22:16.9428732Z   Python_ROOT_DIR: /opt/hostedtoolcache/Python/3.12.13/x64
2026-09-15T03:22:16.9429067Z   Python2_ROOT_DIR: /opt/hostedtoolcache/Python/3.12.13/x64
2026-09-15T03:22:16.9429385Z   Python3_ROOT_DIR: /opt/hostedtoolcache/Python/3.12.13/x64
2026-09-15T03:22:16.9429709Z   LD_LIBRARY_PATH: /opt/hostedtoolcache/Python/3.12.13/x64/lib
2026-09-15T03:22:16.9430205Z ##[endgroup]
2026-09-15T03:22:19.2960455Z ============================= test session starts ==============================
2026-09-15T03:22:19.2961058Z platform linux -- Python 3.12.13, pytest-9.1.1, pluggy-1.6.0
2026-09-15T03:22:19.2961492Z rootdir: <ci-home>/work/Learning_Workbench/Learning_Workbench
2026-09-15T03:22:19.2961815Z configfile: pyproject.toml
2026-09-15T03:22:19.2962038Z plugins: anyio-4.15.1
2026-09-15T03:22:19.2962237Z collected 243 items
2026-09-15T03:22:19.2962355Z 
2026-09-15T03:22:50.9124108Z tests/contract/test_api_projection.py .F................................ [ 13%]
2026-09-15T03:23:18.1114697Z .............................                                            [ 25%]
2026-09-15T03:23:18.2308343Z tests/contract/test_generated_transport.py ...............               [ 32%]
2026-09-15T03:23:18.5163754Z tests/contract/test_generated_upload.py ..                               [ 32%]
2026-09-15T03:23:18.7774004Z tests/contract/test_models.py ............................               [ 44%]
2026-09-15T03:23:18.7861076Z tests/contract/test_optional_patch.py .                                  [ 44%]
2026-09-15T03:23:18.8569633Z tests/contract/test_package_integrity.py ........................        [ 54%]
2026-09-15T03:23:18.9390806Z tests/contract/test_practice_public_projection.py ...................... [ 63%]
2026-09-15T03:23:26.9224094Z .............                                                            [ 69%]
2026-09-15T03:23:27.0802785Z tests/contract/test_recommendation_binding.py ........                   [ 72%]
2026-09-15T03:23:27.0987485Z tests/contract/test_recommendation_dto.py .............................. [ 84%]
2026-09-15T03:23:27.2181296Z ........................                                                 [ 94%]
2026-09-15T03:23:27.9466424Z tests/unit/test_spec_catalog.py ....                                     [ 96%]
2026-09-15T03:23:28.0872284Z tests/unit/test_spec_extraction.py .........                             [100%]
2026-09-15T03:23:28.0872748Z 
2026-09-15T03:23:28.0873058Z =================================== FAILURES ===================================
2026-09-15T03:23:28.0873783Z _____ test_router_and_openapi_are_bidirectionally_equal_and_subset_of_spec _____
2026-09-15T03:23:28.0874183Z 
2026-09-15T03:23:28.0874518Z     def test_router_and_openapi_are_bidirectionally_equal_and_subset_of_spec():
2026-09-15T03:23:28.0875068Z         application = create_app()
2026-09-15T03:23:28.0875410Z         api = application.openapi()
2026-09-15T03:23:28.0875815Z         runtime = {(method, context.path) for context in iter_route_contexts(application.routes)
2026-09-15T03:23:28.0876339Z                    if isinstance(context.original_route, APIRoute) for method in context.methods}
2026-09-15T03:23:28.0876953Z         projection = {(method.upper(), path) for path, methods in api["paths"].items() for method in methods if method in HTTP_METHODS}
2026-09-15T03:23:28.0877684Z         assert runtime == projection
2026-09-15T03:23:28.0877944Z         assert projection <= SPEC_ROUTES
2026-09-15T03:23:28.0878220Z >       assert len(projection) == 58
2026-09-15T03:23:28.0878816Z E       AssertionError: assert 60 == 58
2026-09-15T03:23:28.0879712Z E        +  where 60 = len({('DELETE', '/api/v1/notes/{id}'), ('GET', '/api/v1/artifacts/{id}/download'), ('GET', '/api/v1/assessments'), ('GET', '/api/v1/attempts/{id}'), ('GET', '/api/v1/attempts/{id}/responses'), ('GET', '/api/v1/attempts/{id}/result'), ...})
2026-09-15T03:23:28.0880923Z 
2026-09-15T03:23:28.0881112Z tests/contract/test_api_projection.py:34: AssertionError
2026-09-15T03:23:28.0881499Z =============================== warnings summary ===============================
2026-09-15T03:23:28.0881879Z .venv/lib/python3.12/site-packages/fastapi/testclient.py:1
2026-09-15T03:23:28.0882763Z   <ci-home>/work/Learning_Workbench/Learning_Workbench/.venv/lib/python3.12/site-packages/fastapi/testclient.py:1: StarletteDeprecationWarning: Using `httpx` with `starlette.testclient` is deprecated; install `httpx2` instead.
2026-09-15T03:23:28.0883734Z     from starlette.testclient import TestClient as TestClient  # noqa
2026-09-15T03:23:28.0883954Z 
2026-09-15T03:23:28.0884152Z .venv/lib/python3.12/site-packages/starlette/testclient.py:53
2026-09-15T03:23:28.0885040Z   <ci-home>/work/Learning_Workbench/Learning_Workbench/.venv/lib/python3.12/site-packages/starlette/testclient.py:53: DeprecationWarning: The anyio.abc.BlockingPortal alias is deprecated, use anyio.from_thread.BlockingPortal instead.
2026-09-15T03:23:28.0885913Z     _PortalFactoryType = Callable[[], AbstractContextManager[anyio.abc.BlockingPortal]]
2026-09-15T03:23:28.0886185Z 
2026-09-15T03:23:28.0886419Z -- Docs: https://docs.pytest.org/en/stable/how-to/capture-warnings.html
2026-09-15T03:23:28.0886868Z =========================== short test summary info ============================
2026-09-15T03:23:28.0887671Z FAILED tests/contract/test_api_projection.py::test_router_and_openapi_are_bidirectionally_equal_and_subset_of_spec - AssertionError: assert 60 == 58
2026-09-15T03:23:28.0888717Z  +  where 60 = len({('DELETE', '/api/v1/notes/{id}'), ('GET', '/api/v1/artifacts/{id}/download'), ('GET', '/api/v1/assessments'), ('GET', '/api/v1/attempts/{id}'), ('GET', '/api/v1/attempts/{id}/responses'), ('GET', '/api/v1/attempts/{id}/result'), ...})
2026-09-15T03:23:28.0889498Z ============= 1 failed, 242 passed, 2 warnings in 70.09s (0:01:10) =============
2026-09-15T03:23:28.2678504Z ##[error]Process completed with exit code 1.
2026-09-15T03:23:28.2779842Z Post job cleanup.
2026-09-15T03:23:28.3477508Z [command]/usr/bin/git version
2026-09-15T03:23:28.3515705Z git version 2.55.0
2026-09-15T03:23:28.3545798Z Temporarily overriding HOME='<ci-home>/work/_temp/60832430-66d6-483b-830e-4262006612d3' before making global git config changes
2026-09-15T03:23:28.3546723Z Adding repository directory to the temporary git global config as a safe directory
2026-09-15T03:23:28.3550054Z [command]/usr/bin/git config --global --add safe.directory <ci-home>/work/Learning_Workbench/Learning_Workbench
2026-09-15T03:23:28.3577946Z Removing SSH command configuration
2026-09-15T03:23:28.3583264Z [command]/usr/bin/git config --local --name-only --get-regexp core\.sshCommand
2026-09-15T03:23:28.3613483Z [command]/usr/bin/git submodule foreach --recursive sh -c "git config --local --name-only --get-regexp 'core\.sshCommand' && git config --local --unset-all 'core.sshCommand' || :"
2026-09-15T03:23:28.3824294Z Removing HTTP extra header
2026-09-15T03:23:28.3829503Z [command]/usr/bin/git config --local --name-only --get-regexp http\.https\:\/\/github\.com\/\.extraheader
2026-09-15T03:23:28.3864849Z [command]/usr/bin/git submodule foreach --recursive sh -c "git config --local --name-only --get-regexp 'http\.https\:\/\/github\.com\/\.extraheader' && git config --local --unset-all 'http.https://github.com/.extraheader' || :"
2026-09-15T03:23:28.4164256Z Removing includeIf entries pointing to credentials config files
2026-09-15T03:23:28.4172659Z [command]/usr/bin/git config --local --name-only --get-regexp ^includeIf\.gitdir:
2026-09-15T03:23:28.4207110Z includeif.gitdir:<ci-home>/work/Learning_Workbench/Learning_Workbench/.git.path
2026-09-15T03:23:28.4209387Z includeif.gitdir:<ci-home>/work/Learning_Workbench/Learning_Workbench/.git/worktrees/*.path
2026-09-15T03:23:28.4210276Z includeif.gitdir:/github/workspace/.git.path
2026-09-15T03:23:28.4210984Z includeif.gitdir:/github/workspace/.git/worktrees/*.path
2026-09-15T03:23:28.4217587Z [command]/usr/bin/git config --local --get-all includeif.gitdir:<ci-home>/work/Learning_Workbench/Learning_Workbench/.git.path
2026-09-15T03:23:28.4246938Z <ci-home>/work/_temp/git-credentials-f757d71a-127c-444c-ae9b-2a1b5ecd906a.config
2026-09-15T03:23:28.4258860Z [command]/usr/bin/git config --local --unset includeif.gitdir:<ci-home>/work/Learning_Workbench/Learning_Workbench/.git.path \/home\/runner\/work\/_temp\/git\-credentials\-f757d71a\-127c\-444c\-ae9b\-2a1b5ecd906a\.config
2026-09-15T03:23:28.4311228Z [command]/usr/bin/git config --local --get-all includeif.gitdir:<ci-home>/work/Learning_Workbench/Learning_Workbench/.git/worktrees/*.path
2026-09-15T03:23:28.4345385Z <ci-home>/work/_temp/git-credentials-f757d71a-127c-444c-ae9b-2a1b5ecd906a.config
2026-09-15T03:23:28.4353950Z [command]/usr/bin/git config --local --unset includeif.gitdir:<ci-home>/work/Learning_Workbench/Learning_Workbench/.git/worktrees/*.path \/home\/runner\/work\/_temp\/git\-credentials\-f757d71a\-127c\-444c\-ae9b\-2a1b5ecd906a\.config
2026-09-15T03:23:28.4387075Z [command]/usr/bin/git config --local --get-all includeif.gitdir:/github/workspace/.git.path
2026-09-15T03:23:28.4410670Z /github/runner_temp/git-credentials-f757d71a-127c-444c-ae9b-2a1b5ecd906a.config
2026-09-15T03:23:28.4417423Z [command]/usr/bin/git config --local --unset includeif.gitdir:/github/workspace/.git.path \/github\/runner_temp\/git\-credentials\-f757d71a\-127c\-444c\-ae9b\-2a1b5ecd906a\.config
2026-09-15T03:23:28.4447477Z [command]/usr/bin/git config --local --get-all includeif.gitdir:/github/workspace/.git/worktrees/*.path
2026-09-15T03:23:28.4472138Z /github/runner_temp/git-credentials-f757d71a-127c-444c-ae9b-2a1b5ecd906a.config
2026-09-15T03:23:28.4478100Z [command]/usr/bin/git config --local --unset includeif.gitdir:/github/workspace/.git/worktrees/*.path \/github\/runner_temp\/git\-credentials\-f757d71a\-127c\-444c\-ae9b\-2a1b5ecd906a\.config
2026-09-15T03:23:28.4509737Z [command]/usr/bin/git submodule foreach --recursive git config --local --show-origin --name-only --get-regexp remote.origin.url
2026-09-15T03:23:28.4704236Z Removing credentials config '<ci-home>/work/_temp/git-credentials-f757d71a-127c-444c-ae9b-2a1b5ecd906a.config'
2026-09-15T03:23:28.4851411Z Cleaning up orphan processes
