2026-10-02T09:38:11.8879449Z   1) ../../tests/e2e/tutor.spec.ts:148:1 › explicit same-Run consent uses the real loopback protocol and restores raw answer without upgrading evidence 
2026-10-02T09:38:11.8880811Z 
2026-10-02T09:38:11.8881139Z     Error: expect(locator).toBeVisible() failed
2026-10-02T09:38:11.8881541Z 
2026-10-02T09:38:11.8882681Z     Locator: getByRole('region', { name: '真实问答线程与任务', exact: true }).getByRole('heading', { name: '真实任务状态：completed', exact: true })
2026-10-02T09:38:11.8883654Z     Expected: visible
2026-10-02T09:38:11.8884025Z     Timeout: 5000ms
2026-10-02T09:38:11.8884532Z     Error: element(s) not found
2026-10-02T09:38:11.8884834Z 
2026-10-02T09:38:11.8884976Z     Call log:
2026-10-02T09:38:11.8886509Z       - Expect "toBeVisible" getByRole('region', { name: '真实问答线程与任务', exact: true }).getByRole('heading', { name: '真实任务状态：completed', exact: true }) with timeout 5000ms
2026-10-02T09:38:11.8888330Z       - waiting for getByRole('region', { name: '真实问答线程与任务', exact: true }).getByRole('heading', { name: '真实任务状态：completed', exact: true })
2026-10-02T09:38:11.8889205Z 
2026-10-02T09:38:11.8889217Z 
2026-10-02T09:38:11.8889910Z       193 |     await tutor.getByRole('button', { name: '确认发送批准授权', exact: true }).click()
2026-10-02T09:38:11.8891138Z       194 |     await diagnostic.around(info, async () => {
2026-10-02T09:38:11.8892808Z     > 195 |       await expect(tutor.getByRole('heading', { name: '真实任务状态：completed', exact: true })).toBeVisible()
2026-10-02T09:38:11.8894000Z           |                                                                                           ^
2026-10-02T09:38:11.8894963Z       196 |     })
2026-10-02T09:38:11.8895987Z       197 |     const complete: TutorRunView = await page.request.get(`/api/v1/runs/${ack.run.id}`).then(value => value.json())
2026-10-02T09:38:11.8897418Z       198 |     expect(complete.run.id).toBe(ack.run.id); expect(complete.run.thread_id).toBe(thread.id)
2026-10-02T09:38:11.8898789Z         at assertion (<workspace>/tests/e2e/tutor.spec.ts:195:91)
2026-10-02T09:38:11.8901427Z         at Object.around (<workspace>/tests/e2e/tutorDiagnostic.ts:182:19)
2026-10-02T09:38:11.8902633Z         at <workspace>/tests/e2e/tutor.spec.ts:194:22
2026-10-02T09:38:11.8903335Z 
2026-10-02T09:38:11.8904153Z     attachment #1: tutor-completion-diagnostic (application/json) ──────────────────────────────────
2026-10-02T09:38:11.8906222Z     ../../../../_temp/learning-workbench-e2e-results/tutor-explicit-same-Run-co-e37c7--without-upgrading-evidence/attachments/tutor-completion-diagnostic-8802754c8102e8746b82007836a5b96c1ecaac4c.json
2026-10-02T09:38:11.8908244Z     ────────────────────────────────────────────────────────────────────────────────────────────────
2026-10-02T09:38:11.8908745Z 
2026-10-02T09:38:11.8909511Z     attachment #2: screenshot (image/png) ──────────────────────────────────────────────────────────
2026-10-02T09:38:11.8911211Z     ../../../../_temp/learning-workbench-e2e-results/tutor-explicit-same-Run-co-e37c7--without-upgrading-evidence/test-failed-1.png
2026-10-02T09:38:11.8912938Z     ────────────────────────────────────────────────────────────────────────────────────────────────
2026-10-02T09:38:11.8913461Z 
2026-10-02T09:38:11.8914407Z     Error Context: ../../../../_temp/learning-workbench-e2e-results/tutor-explicit-same-Run-co-e37c7--without-upgrading-evidence/error-context.md
2026-10-02T09:38:11.8915348Z 
2026-10-02T09:38:11.8915497Z   1 failed
2026-10-02T09:38:11.8916734Z     ../../tests/e2e/tutor.spec.ts:148:1 › explicit same-Run consent uses the real loopback protocol and restores raw answer without upgrading evidence 
2026-10-02T09:38:11.8917780Z   107 passed (20.5m)
2026-10-02T09:38:11.9458541Z make: *** [Makefile:32: test-e2e] Error 1
2026-10-02T09:38:11.9477011Z ##[error]Process completed with exit code 2.
