FF                                                                       [100%]
=================================== FAILURES ===================================
______ test_current_command_integrity_is_checked_even_on_get[result_json] ______

storage = (<services.api.app.infrastructure.database.Database object at 0x7ab35a564080>, SessionIdentity(id='session_assessment_...ted'], time_limit_seconds=None)), <services.api.app.application.assessment.AssessmentService object at 0x7ab359da0470>)
field = 'result_json'

    @pytest.mark.parametrize('field', ['result_json', 'expires_at'])
    def test_current_command_integrity_is_checked_even_on_get(storage, field):
        database, identity, _, _ = storage
        service, item = generated(storage)
        ack = service.decide(identity, item.id, RecommendationDecisionWrite(decision='accepted', reason=None),
                             'original', item.decision_sha256)
        with database.transaction() as connection:
            if field == 'result_json':
                connection.execute("UPDATE idempotency SET result_json=? WHERE key='original'",
                    (canonical_bytes(ack.model_copy(update={'applied': False})).decode(),))
            else:
                connection.execute("UPDATE idempotency SET expires_at='invalid-future' WHERE key='original'")
>       with pytest.raises(ApiError) as rejected:
             ^^^^^^^^^^^^^^^^^^^^^^^
E       Failed: DID NOT RAISE ApiError

tests/integration/test_recommendations.py:208: Failed
______ test_current_command_integrity_is_checked_even_on_get[expires_at] _______

storage = (<services.api.app.infrastructure.database.Database object at 0x7ab359ddb680>, SessionIdentity(id='session_assessment_...ted'], time_limit_seconds=None)), <services.api.app.application.assessment.AssessmentService object at 0x7ab359e8faa0>)
field = 'expires_at'

    @pytest.mark.parametrize('field', ['result_json', 'expires_at'])
    def test_current_command_integrity_is_checked_even_on_get(storage, field):
        database, identity, _, _ = storage
        service, item = generated(storage)
        ack = service.decide(identity, item.id, RecommendationDecisionWrite(decision='accepted', reason=None),
                             'original', item.decision_sha256)
        with database.transaction() as connection:
            if field == 'result_json':
                connection.execute("UPDATE idempotency SET result_json=? WHERE key='original'",
                    (canonical_bytes(ack.model_copy(update={'applied': False})).decode(),))
            else:
                connection.execute("UPDATE idempotency SET expires_at='invalid-future' WHERE key='original'")
>       with pytest.raises(ApiError) as rejected:
             ^^^^^^^^^^^^^^^^^^^^^^^
E       Failed: DID NOT RAISE ApiError

tests/integration/test_recommendations.py:208: Failed
=============================== warnings summary ===============================
.venv/lib/python3.12/site-packages/fastapi/testclient.py:1
  <repository>/.venv/lib/python3.12/site-packages/fastapi/testclient.py:1: StarletteDeprecationWarning: Using `httpx` with `starlette.testclient` is deprecated; install `httpx2` instead.
    from starlette.testclient import TestClient as TestClient  # noqa

.venv/lib/python3.12/site-packages/starlette/testclient.py:53
  <repository>/.venv/lib/python3.12/site-packages/starlette/testclient.py:53: DeprecationWarning: The anyio.abc.BlockingPortal alias is deprecated, use anyio.from_thread.BlockingPortal instead.
    _PortalFactoryType = Callable[[], AbstractContextManager[anyio.abc.BlockingPortal]]

-- Docs: https://docs.pytest.org/en/stable/how-to/capture-warnings.html
=========================== short test summary info ============================
FAILED tests/integration/test_recommendations.py::test_current_command_integrity_is_checked_even_on_get[result_json]
FAILED tests/integration/test_recommendations.py::test_current_command_integrity_is_checked_even_on_get[expires_at]
2 failed, 16 deselected, 2 warnings in 0.98s
