FF                                                                       [100%]
=================================== FAILURES ===================================
_ test_old_ack_does_not_require_unrelated_new_material_to_have_a_healthy_current_basis _

storage = (<services.api.app.infrastructure.database.Database object at 0x71e817291fd0>, SessionIdentity(id='session_assessment_...ted'], time_limit_seconds=None)), <services.api.app.application.assessment.AssessmentService object at 0x71e81719c800>)

    def test_old_ack_does_not_require_unrelated_new_material_to_have_a_healthy_current_basis(storage):
        from services.api.app.application.content import ContentService
        from tests.assessment_fixtures import assessment_fixture
        database, identity, _, _ = storage
        service, item = generated(storage)
        request = RecommendationDecisionWrite(decision='accepted', reason='original')
        original = service.decide(identity, item.id, request, 'original', item.decision_sha256)
        other = assessment_fixture('unrelatednewmaterial')
        ContentService(database).publish(identity.workspace_id, other.public_objects, other.bodies)
        with database.transaction() as connection:
            connection.execute('DROP TRIGGER revisions_no_update')
            connection.execute('UPDATE revisions SET sha256=? WHERE object_id=?', ('0' * 64, other.course.id))
        before = stored_rows(database)
>       assert service.decide(identity, item.id, request, 'original', item.decision_sha256) == original
               ^^^^^^^^^^^^^^^^^^^^^^^^^^^^^^^^^^^^^^^^^^^^^^^^^^^^^^^^^^^^^^^^^^^^^^^^^^^^

tests/integration/test_recommendations.py:355: 
_ _ _ _ _ _ _ _ _ _ _ _ _ _ _ _ _ _ _ _ _ _ _ _ _ _ _ _ _ _ _ _ _ _ _ _ _ _ _ _ 
services/api/app/application/recommendations.py:196: in decide
    inputs = load_inputs(connection, identity.workspace_id)
             ^^^^^^^^^^^^^^^^^^^^^^^^^^^^^^^^^^^^^^^^^^^^^^
services/api/app/application/recommendations.py:62: in load_inputs
    return RecommendationInputs(catalog=recommendation_catalog(connection, workspace_id),
                                        ^^^^^^^^^^^^^^^^^^^^^^^^^^^^^^^^^^^^^^^^^^^^^^^^
services/api/app/application/content_recommendation_access.py:251: in recommendation_catalog
    source = _Catalog(connection, workspace_id)
             ^^^^^^^^^^^^^^^^^^^^^^^^^^^^^^^^^^
services/api/app/application/content_recommendation_access.py:44: in __init__
    stored = self.repository.decode(row)
             ^^^^^^^^^^^^^^^^^^^^^^^^^^^
_ _ _ _ _ _ _ _ _ _ _ _ _ _ _ _ _ _ _ _ _ _ _ _ _ _ _ _ _ _ _ _ _ _ _ _ _ _ _ _ 

row = <sqlite3.Row object at 0x71e81705df00>

    @staticmethod
    def decode(row: sqlite3.Row) -> StoredRevision:
        try:
            model = ENTITY_MODELS[row["kind"]].model_validate(strict_json(row["metadata_json"]))
            if (model.id != row["object_id"] or model.entity != row["kind"]
                    or model.revision != row["revision"] or metadata_sha256(model) != row["sha256"]
                    or row["status"] != "published" or row["lifecycle"] not in {"active", "archived"}):
>               raise damaged()
E               services.api.app.application.errors.ApiError: (409, 'CONTENT_HASH_MISMATCH', '存储的内容完整性校验失败。')

services/api/app/infrastructure/content_repository.py:76: ApiError
_ test_cancellation_arriving_during_final_actual_owner_read_prevents_publication _

tmp_path = PosixPath('<home>/.cache/lw-m42/pytest-of-lkx/pytest-20/test_cancellation_arriving_dur0')
monkeypatch = <_pytest.monkeypatch.MonkeyPatch object at 0x71e817016cc0>

    def test_cancellation_arriving_during_final_actual_owner_read_prevents_publication(tmp_path, monkeypatch):
        import services.api.app.application.recommendations as recommendations
        database = Database(Settings(data_dir=tmp_path / 'data'))
        database.initialize()
        before = stored_rows(database)
        stopped = threading.Event()
        actual_read = recommendations.load_inputs
        calls = 0
    
        def read_with_cancellation(connection, workspace_id):
            nonlocal calls
            # Both passes still execute all real native owner reads. Only arrival of
            # the external cancellation signal is controlled at this timing boundary.
            result = actual_read(connection, workspace_id)
            calls += 1
            if calls == 2:
                stopped.set()
            return result
    
        monkeypatch.setattr(recommendations, 'load_inputs', read_with_cancellation)
>       assert not RecommendationWorker(database, stopping=stopped.is_set).run_once()
E       assert not True
E        +  where True = run_once()
E        +    where run_once = <services.api.app.application.recommendations.RecommendationWorker object at 0x71e817015070>.run_once
E        +      where <services.api.app.application.recommendations.RecommendationWorker object at 0x71e817015070> = RecommendationWorker(<services.api.app.infrastructure.database.Database object at 0x71e817017ef0>, stopping=is_set)
E        +        where is_set = <threading.Event at 0x71e817017740: set>.is_set

tests/integration/test_recommendations.py:379: AssertionError
=============================== warnings summary ===============================
.venv/lib/python3.12/site-packages/fastapi/testclient.py:1
  <repository>/.venv/lib/python3.12/site-packages/fastapi/testclient.py:1: StarletteDeprecationWarning: Using `httpx` with `starlette.testclient` is deprecated; install `httpx2` instead.
    from starlette.testclient import TestClient as TestClient  # noqa

.venv/lib/python3.12/site-packages/starlette/testclient.py:53
  <repository>/.venv/lib/python3.12/site-packages/starlette/testclient.py:53: DeprecationWarning: The anyio.abc.BlockingPortal alias is deprecated, use anyio.from_thread.BlockingPortal instead.
    _PortalFactoryType = Callable[[], AbstractContextManager[anyio.abc.BlockingPortal]]

-- Docs: https://docs.pytest.org/en/stable/how-to/capture-warnings.html
=========================== short test summary info ============================
FAILED tests/integration/test_recommendations.py::test_old_ack_does_not_require_unrelated_new_material_to_have_a_healthy_current_basis
FAILED tests/integration/test_recommendations.py::test_cancellation_arriving_during_final_actual_owner_read_prevents_publication
2 failed, 18 deselected, 2 warnings in 0.67s
