FF                                                                       [100%]
=================================== FAILURES ===================================
_ test_changed_sql_batch_sequence_cannot_hide_behind_valid_embedded_sequence[get] _

storage = (<services.api.app.infrastructure.database.Database object at 0x73d6d0727aa0>, SessionIdentity(id='session_assessment_...ted'], time_limit_seconds=None)), <services.api.app.application.assessment.AssessmentService object at 0x73d6d07a3ce0>)
operation = 'get'

    @pytest.mark.parametrize('operation', ['get', 'replay'])
    def test_changed_sql_batch_sequence_cannot_hide_behind_valid_embedded_sequence(storage, operation):
        database, identity, _, _ = storage
        service, item = generated(storage)
        request = RecommendationDecisionWrite(decision='accepted', reason=None)
        service.decide(identity, item.id, request, 'original', item.decision_sha256)
        with database.transaction() as connection:
            connection.execute('DROP TRIGGER recommendation_snapshots_no_update')
            connection.execute('UPDATE recommendation_snapshots SET sequence=sequence+10 WHERE id='
                '(SELECT snapshot_id FROM recommendation_projection_state WHERE workspace_id=?)', (identity.workspace_id,))
>       with pytest.raises(ApiError) as rejected:
             ^^^^^^^^^^^^^^^^^^^^^^^
E       Failed: DID NOT RAISE ApiError

tests/integration/test_recommendations.py:108: Failed
_ test_changed_sql_batch_sequence_cannot_hide_behind_valid_embedded_sequence[replay] _

storage = (<services.api.app.infrastructure.database.Database object at 0x73d6d069ac90>, SessionIdentity(id='session_assessment_...ted'], time_limit_seconds=None)), <services.api.app.application.assessment.AssessmentService object at 0x73d6d07251f0>)
operation = 'replay'

    @pytest.mark.parametrize('operation', ['get', 'replay'])
    def test_changed_sql_batch_sequence_cannot_hide_behind_valid_embedded_sequence(storage, operation):
        database, identity, _, _ = storage
        service, item = generated(storage)
        request = RecommendationDecisionWrite(decision='accepted', reason=None)
        service.decide(identity, item.id, request, 'original', item.decision_sha256)
        with database.transaction() as connection:
            connection.execute('DROP TRIGGER recommendation_snapshots_no_update')
            connection.execute('UPDATE recommendation_snapshots SET sequence=sequence+10 WHERE id='
                '(SELECT snapshot_id FROM recommendation_projection_state WHERE workspace_id=?)', (identity.workspace_id,))
>       with pytest.raises(ApiError) as rejected:
             ^^^^^^^^^^^^^^^^^^^^^^^
E       Failed: DID NOT RAISE ApiError

tests/integration/test_recommendations.py:108: Failed
=============================== warnings summary ===============================
.venv/lib/python3.12/site-packages/fastapi/testclient.py:1
  <repository>/.venv/lib/python3.12/site-packages/fastapi/testclient.py:1: StarletteDeprecationWarning: Using `httpx` with `starlette.testclient` is deprecated; install `httpx2` instead.
    from starlette.testclient import TestClient as TestClient  # noqa

.venv/lib/python3.12/site-packages/starlette/testclient.py:53
  <repository>/.venv/lib/python3.12/site-packages/starlette/testclient.py:53: DeprecationWarning: The anyio.abc.BlockingPortal alias is deprecated, use anyio.from_thread.BlockingPortal instead.
    _PortalFactoryType = Callable[[], AbstractContextManager[anyio.abc.BlockingPortal]]

-- Docs: https://docs.pytest.org/en/stable/how-to/capture-warnings.html
=========================== short test summary info ============================
FAILED tests/integration/test_recommendations.py::test_changed_sql_batch_sequence_cannot_hide_behind_valid_embedded_sequence[get]
FAILED tests/integration/test_recommendations.py::test_changed_sql_batch_sequence_cannot_hide_behind_valid_embedded_sequence[replay]
2 failed, 2 deselected, 2 warnings in 0.97s
