<!-- task_id: M6.2 -->
task_id: `M6.2`

spec_version: `3.0.0`
spec_sha256: `ab061119163b5b2a10411bb90d7cae45bf2e2b14082f4e9266f6c9452db3870c`

唯一规范：根目录 PRODUCT_DESIGN.md（第 17/19 章及相关附录）。

需求 ID：R-21, R-22, R-24, R-38

目标：审校/发布/版本对比/影响分析/恢复旧内容

依赖：M6.1

修改范围：规范对应模块、契约、测试和脱敏工程进度。

验收清单及预期证据：
- [ ] M6.2: 旧笔记标 stale，旧题/成绩不覆盖


未包含：其他里程碑的未实现功能、付费真实调用、公网部署；结构与模拟 PASS 不替代真实集成或教学效果。

实现、检查、证据和下一任务由 progress/state.json 及任务回执记录。
经审查/合并后才关闭任务；当前清单不表示已经验收。

<!-- engineering_progress:start -->
当前实际状态：`in_progress`
规范：`3.0.13` / `949e2348902d8b8cb65f560b36fa58039fce75cd2e70c0a9ce9dcd8023160c05`
当前需求关联：R-21, R-22, R-24, R-38
验证代码：`60fa2b8c18bbd3bbd4122df81bb798fd6d0a3dab`
验证：`7d组合937Web/strict/build841/Ruff/mypy236/verify-specPASS，全1300工程输入不变；完整PythonRUNNING。独立textwitness180owner/56review/1native各自固定source PASS，不能重叠相加。完整browser最近0b仍121PASS1FAILContentImpacts；旧60faFAIL/c2双CIFAIL保留。物理numericBLOCKED、平台AgentNOT_RUN；尚未源码推送/合并/发布。`
实施分支：`feat/M6.2-candidate-review`
审查 PR：https://github.com/kl3574/Learning_Workbench/pull/55
- 证据：`progress/evidence/2026-09-22/M6.2-candidate-identity-start.json`
- 证据：`progress/M6.2-next.md`
- 证据：`progress/evidence/2026-09-22/M6.2-candidate-task-receipt.json`
- 证据：`progress/evidence/2026-09-22/M6.2-candidate-development/manifest.json`
- 证据：`progress/evidence/2026-09-22/M6.2-candidate-fixed-gates/manifest.json`
- 证据：`progress/evidence/2026-09-22/M6.2-candidate-publication-readback.json`
- 证据：`progress/evidence/2026-09-22/M6.2-candidate-issue-sync-readback.json`
- 证据：`progress/evidence/2026-09-22/M6.2-pr55-initial-ci/manifest.json`
- 证据：`progress/evidence/2026-09-22/M6.2-pr55-grading-diagnosis/manifest.json`
- 证据：`progress/evidence/2026-09-22/M6.2-candidate-ci-issue-readback.json`
- 证据：`progress/evidence/2026-09-22/M6.2-submit-ack-task-receipt.json`
- 证据：`progress/evidence/2026-09-22/M6.2-submit-ack-repair/REPORT.md`
- 证据：`progress/evidence/2026-09-22/M6.2-submit-ack-repair/manifest.json`
- 证据：`progress/evidence/2026-09-22/M6.2-pr55-b90-ci/manifest.json`
- 证据：`progress/evidence/2026-09-22/M6.2-catalog-producer-wiring/manifest.json`
- 证据：`progress/evidence/2026-09-22/M6.2-parser-exit-repair/manifest.json`
- 证据：`progress/evidence/2026-09-22/M6.2-tutor-b90-artifacts/manifest.json`
- 证据：`progress/evidence/2026-09-22/M6.2-producer-parser-88daa-gates/manifest.json`
- 证据：`progress/evidence/2026-09-22/M6.2-legacy-catalog-fixture/manifest.json`
- 证据：`progress/evidence/2026-09-22/M6.2-producer-final-gates/manifest.json`
- 证据：`progress/evidence/2026-09-22/M6.2-producer-task-receipt.json`
- 证据：`progress/evidence/2026-09-22/M6.2-producer-publication-readback.json`
- 证据：`progress/evidence/2026-09-22/M6.2-review-material/manifest.json`
- 证据：`progress/evidence/2026-09-22/M6.2-review-material-fixed-gates/manifest.json`
- 证据：`progress/evidence/2026-09-22/M6.2-review-material-task-receipt.json`
- 证据：`progress/evidence/2026-09-22/M6.2-9eb-ci-terminal.json`
- 证据：`progress/evidence/2026-09-22/M6.2-review-numeric-observation/manifest.json`
- 证据：`progress/evidence/2026-09-22/M6.2-review-material-publication-readback.json`
- 证据：`progress/evidence/2026-09-22/M6.2-9eb-failure-mechanism-adoption.json`
- 证据：`progress/evidence/2026-09-22/M6.2-b70-terminal-ci-summary.json`
- 证据：`progress/evidence/2026-09-22/M6.2-review-numeric-initial-task-receipt.json`
- 证据：`progress/evidence/2026-09-22/M6.2-review-job-lifecycle-task-receipt.json`
- 证据：`progress/evidence/2026-09-22/M6.2-review-numeric-publication-audit.json`
- 证据：`progress/evidence/2026-09-22/M6.2-review-numeric-initial-gates/manifest.json`
- 证据：`progress/evidence/2026-09-22/M6.2-review-job-lifecycle/manifest.json`
- 证据：`progress/evidence/2026-09-22/M6.2-tutor-cancel-lease-repair/manifest.json`
- 证据：`progress/evidence/2026-09-22/M6.2-review-foundation-final-gates/manifest.json`
- 证据：`progress/evidence/2026-09-22/M6.2-review-foundation-task-receipt.json`
- 证据：`progress/evidence/2026-09-22/M6.2-review-foundation-publication-readback.json`
- 证据：`progress/evidence/2026-09-22/M6.2-review-storage-initial-task-receipt.json`
- 证据：`progress/evidence/2026-09-22/M6.2-review-storage/manifest.json`
- 证据：`progress/evidence/2026-09-22/M6.2-review-foundation-publication-audit.md`
- 证据：`progress/evidence/2026-09-28/M6.2-21fc-terminal-ci.json`
- 证据：`progress/evidence/2026-09-28/M6.2-blob-fd-test-repair/manifest.json`
- 证据：`progress/evidence/2026-09-28/M6.2-review-structure-checks/manifest.json`
- 证据：`progress/evidence/2026-09-28/M6.2-quality-review-repository/manifest.json`
- 证据：`progress/evidence/2026-09-28/M6.2-combined-native-gate/manifest.json`
- 证据：`progress/evidence/2026-09-28/M6.2-tutor-ci-observation/manifest.json`
- 证据：`progress/evidence/2026-09-28/M6.2-authoring-list-order/manifest.json`
- 证据：`progress/evidence/2026-09-28/M6.2-tutor-observation-independent-review/manifest.json`
- 证据：`progress/evidence/2026-09-28/M6.2-combined-local-gates/manifest.json`
- 证据：`progress/evidence/2026-09-28/M6.2-combined-task-receipt.json`
- 证据：`progress/evidence/2026-09-28/M6.2-combined-publication-readback.json`
- 证据：`progress/evidence/2026-09-28/M6.2-review-workflow/manifest.json`
- 证据：`progress/evidence/2026-09-28/M6.2-review-http-development/manifest.json`
- 证据：`progress/evidence/2026-09-28/M6.2-learning-route-cleanup/manifest.json`
- 证据：`progress/evidence/2026-09-28/M6.2-group-decision-not-reproduced/manifest.json`
- 证据：`progress/evidence/2026-09-28/M6.2-review-http-combined-gates/manifest.json`
- 证据：`progress/evidence/2026-09-28/M6.2-ci-sandbox-package-recovery/manifest.json`
- 证据：`progress/evidence/2026-09-28/M6.2-review-control-headers/manifest.json`
- 证据：`progress/evidence/2026-09-28/M6.2-review-http-final-composition/manifest.json`
- 证据：`progress/evidence/2026-09-28/M6.2-review-http-task-receipt.json`
- 证据：`progress/evidence/2026-09-28/M6.2-review-http-publication-readback.json`
- 证据：`progress/evidence/2026-09-28/M6.2-publication-admission-integration/manifest.json`
- 证据：`progress/evidence/2026-09-28/M6.2-publication-admission/manifest.json`
- 证据：`progress/evidence/2026-09-28/M6.2-publication-admission-task-receipt.json`
- 证据：`progress/evidence/2026-09-28/M6.2-review-ui-task-receipt.json`
- 证据：`progress/evidence/2026-09-28/M6.2-review-ui/MANIFEST.json`
- 证据：`progress/evidence/2026-09-28/M6.2-review-ui-independent/MANIFEST.json`
- 证据：`progress/evidence/2026-09-28/M6.2-review-ui-integration/manifest.json`
- 证据：`progress/evidence/2026-09-28/M6.2-507-ci/manifest.json`
- 证据：`progress/evidence/2026-09-28/M6.2-review-ui-publication-readback.json`
- 证据：`progress/evidence/2026-09-28/M6.2-authoring-observation/manifest.json`
- 证据：`progress/evidence/2026-09-28/M6.2-authoring-observation-integration/manifest.json`
- 证据：`progress/evidence/2026-09-28/M6.2-authoring-observation-task-receipt.json`
- 证据：`progress/evidence/2026-09-28/M6.2-fb16-ci/manifest.json`
- 证据：`progress/evidence/2026-09-28/M6.2-publication-service/manifest.json`
- 证据：`progress/evidence/2026-09-28/M6.2-publication-http/manifest.json`
- 证据：`progress/evidence/2026-09-28/M6.2-publication-combined-gates/manifest.json`
- 证据：`progress/evidence/2026-09-28/M6.2-publication-task-receipt.json`
- 证据：`progress/evidence/2026-09-28/M6.2-publication-portable-source-bindings/manifest.json`
- 证据：`progress/evidence/2026-09-28/M6.2-import-publication-ui-combined-gates/manifest.json`
- 证据：`progress/evidence/2026-09-28/M6.2-import-publication-ui/manifest.json`
- 证据：`progress/evidence/2026-09-28/M6.2-import-publication-ui-task-receipt.json`
- 证据：`progress/evidence/2026-09-28/M6.2-publication-evidence-format-check/manifest.json`
- 证据：`progress/evidence/2026-09-28/M6.2-import-publication-readback.json`
- 证据：`progress/evidence/2026-09-28/M6.2-general-draft-service/manifest.json`
- 证据：`progress/evidence/2026-09-28/M6.2-444-publication-readback.json`
- 证据：`progress/evidence/2026-09-28/M6.2-general-draft-http/manifest.json`
- 证据：`progress/evidence/2026-09-28/M6.2-general-draft-fixed-gates/manifest.json`
- 证据：`progress/evidence/2026-09-28/M6.2-agent-current-e58/receipt.json`
- 证据：`progress/evidence/2026-09-28/M6.2-4cc-terminal-ci/manifest.json`
- 证据：`progress/evidence/2026-09-28/M6.2-e58-publication-readback.json`
- 证据：`progress/evidence/2026-09-28/M6.2-8701-terminal-ci/manifest.json`
- 证据：`progress/evidence/2026-09-28/M6.2-edit-publication-terminal/manifest.json`
- 证据：`progress/evidence/2026-10-02/M6.2-resume/receipt.json`
- 证据：`progress/evidence/2026-10-02/M6.2-editor-d302/manifest.json`
- 证据：`progress/evidence/2026-10-02/M6.2-publication-path-redaction.json`
- 证据：`progress/evidence/2026-10-02/M6.2-1ad-publication/manifest.json`
- 证据：`progress/evidence/2026-10-02/M6.2-content-learning-composition/manifest.json`
- 证据：`progress/evidence/2026-10-02/M6.2-1ad-ci-terminal/manifest.json`
- 证据：`progress/evidence/2026-10-02/M6.2-backend-8fb64dc/manifest.json`
- 证据：`progress/evidence/2026-10-02/M6.2-v3.0.10-adoption.json`
- 证据：`progress/evidence/2026-10-02/M6.2-v3.0.11-adoption.json`
- 证据：`progress/evidence/2026-10-02/M6.2-a5-publication/manifest.json`
- 证据：`progress/evidence/2026-10-02/M6.2-edit-codemirror-3657dab/manifest.json`
- 证据：`progress/evidence/2026-10-02/M6.2-learning-ui-independent-acab600/manifest.json`
- 证据：`progress/evidence/2026-10-02/M6.2-brace-expansion-986f7cf/manifest.json`
- 证据：`progress/evidence/2026-10-02/M6.2-session-list-819aa927/manifest.json`
- 证据：`progress/evidence/2026-10-02/M6.2-impact-discovery-d636fe54/manifest.json`
- 证据：`progress/evidence/2026-10-02/M6.2-session-independent-b78f781/manifest.json`
- 证据：`progress/evidence/2026-10-02/M6.2-restore-ui-6b0dc4dc/manifest.json`
- 证据：`progress/evidence/2026-10-02/M6.2-a5-ci-terminal/manifest.json`
- 证据：`progress/evidence/2026-10-02/M6.2-819aa927-initial-gate/manifest.json`
- 证据：`progress/evidence/2026-10-02/M6.2-full-native-6b0dc4dc/manifest.json`
- 证据：`progress/evidence/2026-10-02/M6.2-v312-approved-adoption.json`
- 证据：`progress/evidence/2026-10-02/M6.2-819aa927-quota-gates`
- 证据：`progress/evidence/2026-10-02/M6.2-content-ui-cf326765/manifest.json`
- 证据：`progress/evidence/2026-10-02/M6.2-819aa927-quota-gates/manifest.json`
- 证据：`progress/evidence/2026-10-02/M6.2-review-restore-forms-ac5cddc9/REPORT.json`
- 证据：`progress/evidence/2026-10-02/M6.2-restore-numeric-owners/README.md`
- 证据：`progress/evidence/2026-10-02/M6.2-restore-numeric-ui-dec5e902/REPORT.json`
- 证据：`progress/evidence/2026-10-02/M6.2-v312-full-native-300b6903/REPORT.json`
- 证据：`progress/evidence/2026-10-02/M6.2-v312-outgoing-audit/REPORT.md`
- 证据：`progress/evidence/2026-10-02/M6.2-v312-checkpoint-readback/remote-body-only-sync.json`
下一动作：文本dependency witness及真实native已合入7d；937Web/全部静态门禁PASS，冻结7d完整Python运行中。ContentImpacts受控复现角色响应未结束却进入详情，迟到权限通知合法清空详情而dialog仍在；正用原test字节验证并拟补真实角色完成等待，不能把原整套FAIL改PASS。邻近背景释放误关Dialog另行修复，原因边界分开；修复后重跑完整native，源码推送仍hold。
<!-- engineering_progress:end -->

