============================= test session starts ==============================
platform linux -- Python 3.12.13, pytest-9.1.1, pluggy-1.6.0
rootdir: $HOME/.cache/learning-workbench-acceptance/m71-backup-session-history-oct03
configfile: pyproject.toml
plugins: anyio-4.15.1
collected 222 items

tests/integration/test_backup_session_history.py .                       [  0%]
tests/integration/test_backup_owner_history.py ...                       [  1%]
tests/unit/test_backup_command.py ....                                   [  3%]
tests/unit/test_session_backup.py .......                                [  6%]
tests/integration/test_draft_publication_http.py ..............          [ 13%]
tests/integration/test_edit_publication_http.py .......                  [ 16%]
tests/integration/test_content_restore_http.py ......................... [ 27%]
.........                                                                [ 31%]
tests/integration/test_content_impact_decisions_http.py ................ [ 38%]
......................................                                   [ 55%]
tests/integration/test_evidence_applicability_http.py .................. [ 63%]
....E...                                                                 [ 67%]
tests/integration/test_restore_numeric_service.py ...............        [ 74%]
tests/integration/test_learner_profile.py ....................           [ 83%]
tests/integration/test_assessment_attempts.py .......................... [ 95%]
...........                                                              [100%]

==================================== ERRORS ====================================
_ ERROR at setup of test_bad_commands_strict_dto_never_change_tables[mutation7] _
tests/integration/test_learning_evidence.py:38: in storage
    return assessment_storage.__wrapped__(tmp_path)
           ^^^^^^^^^^^^^^^^^^^^^^^^^^^^^^^^^^^^^^^^
tests/integration/test_assessment_attempts.py:51: in storage
    import_fixture(database, identity, fixture, "source")
tests/integration/test_assessment_attempts.py:38: in import_fixture
    assert preview.status == "preview_ready"
E   AssertionError: assert 'parsing' == 'preview_ready'
E     
E     - preview_ready
E     + parsing
=============================== warnings summary ===============================
../m62-combined-final-active/.venv/lib/python3.12/site-packages/fastapi/testclient.py:1
  $HOME/.cache/learning-workbench-acceptance/m62-combined-final-active/.venv/lib/python3.12/site-packages/fastapi/testclient.py:1: StarletteDeprecationWarning: Using `httpx` with `starlette.testclient` is deprecated; install `httpx2` instead.
    from starlette.testclient import TestClient as TestClient  # noqa

../m62-combined-final-active/.venv/lib/python3.12/site-packages/starlette/testclient.py:53
  $HOME/.cache/learning-workbench-acceptance/m62-combined-final-active/.venv/lib/python3.12/site-packages/starlette/testclient.py:53: DeprecationWarning: The anyio.abc.BlockingPortal alias is deprecated, use anyio.from_thread.BlockingPortal instead.
    _PortalFactoryType = Callable[[], AbstractContextManager[anyio.abc.BlockingPortal]]

-- Docs: https://docs.pytest.org/en/stable/how-to/capture-warnings.html
=========================== short test summary info ============================
ERROR tests/integration/test_evidence_applicability_http.py::test_bad_commands_strict_dto_never_change_tables[mutation7]
============= 221 passed, 2 warnings, 1 error in 200.48s (0:03:20) =============
