2026-09-15T12:26:46.2621289Z Current runner version: '2.337.0'
2026-09-15T12:26:46.2648218Z ##[group]Runner Image Provisioner
2026-09-15T12:26:46.2649268Z Hosted Compute Agent
2026-09-15T12:26:46.2650018Z Version: 20260828.587
2026-09-15T12:26:46.2650797Z Commit: abac92662cab4cc7352de4f9f9d2e2419aad9c29
2026-09-15T12:26:46.2651796Z Build Date: 2026-08-28T16:44:25Z
2026-09-15T12:26:46.2652645Z Worker ID: {38d496b1-5fe0-4563-8f6f-6d2f1deb5318}
2026-09-15T12:26:46.2653563Z Azure Region: northcentralus
2026-09-15T12:26:46.2654451Z ##[endgroup]
2026-09-15T12:26:46.2656228Z ##[group]Operating System
2026-09-15T12:26:46.2657188Z Ubuntu
2026-09-15T12:26:46.2657761Z 24.04.5
2026-09-15T12:26:46.2658377Z LTS
2026-09-15T12:26:46.2659086Z ##[endgroup]
2026-09-15T12:26:46.2659753Z ##[group]Runner Image
2026-09-15T12:26:46.2660528Z Image: ubuntu-24.04
2026-09-15T12:26:46.2661125Z Version: 20260907.300.1
2026-09-15T12:26:46.2662831Z Included Software: https://github.com/actions/runner-images/blob/ubuntu24/20260907.300/images/ubuntu/Ubuntu2404-Readme.md
2026-09-15T12:26:46.2664740Z Image Release: https://github.com/actions/runner-images/releases/tag/ubuntu24%2F20260907.300
2026-09-15T12:26:46.2665838Z ##[endgroup]
2026-09-15T12:26:46.2666979Z ##[group]GITHUB_TOKEN Permissions
2026-09-15T12:26:46.2669327Z Contents: read
2026-09-15T12:26:46.2669958Z Metadata: read
2026-09-15T12:26:46.2670535Z ##[endgroup]
2026-09-15T12:26:46.2672974Z Secret source: Actions
2026-09-15T12:26:46.2674318Z Cache mode: write
2026-09-15T12:26:46.2675371Z Prepare workflow directory
2026-09-15T12:26:46.3011425Z Prepare all required actions
2026-09-15T12:26:46.3059001Z Getting action download info
2026-09-15T12:26:46.5676260Z Download action repository 'actions/checkout@3d3c42e5aac5ba805825da76410c181273ba90b1' (SHA:3d3c42e5aac5ba805825da76410c181273ba90b1)
2026-09-15T12:26:47.0711704Z Download action repository 'actions/setup-node@820762786026740c76f36085b0efc47a31fe5020' (SHA:820762786026740c76f36085b0efc47a31fe5020)
2026-09-15T12:26:47.3269374Z Complete job name: frontend
2026-09-15T12:26:47.4015208Z ##[group]Run actions/checkout@3d3c42e5aac5ba805825da76410c181273ba90b1
2026-09-15T12:26:47.4016192Z with:
2026-09-15T12:26:47.4016648Z   repository: kl3574/Learning_Workbench
2026-09-15T12:26:47.4020809Z   token: ***
2026-09-15T12:26:47.4021253Z   ssh-strict: true
2026-09-15T12:26:47.4021698Z   ssh-user: git
2026-09-15T12:26:47.4022150Z   persist-credentials: true
2026-09-15T12:26:47.4022636Z   clean: true
2026-09-15T12:26:47.4023088Z   sparse-checkout-cone-mode: true
2026-09-15T12:26:47.4023600Z   fetch-depth: 1
2026-09-15T12:26:47.4024184Z   fetch-tags: false
2026-09-15T12:26:47.4024628Z   show-progress: true
2026-09-15T12:26:47.4025078Z   lfs: false
2026-09-15T12:26:47.4025492Z   submodules: false
2026-09-15T12:26:47.4026006Z   set-safe-directory: true
2026-09-15T12:26:47.4026522Z   allow-unsafe-pr-checkout: false
2026-09-15T12:26:47.4027220Z ##[endgroup]
2026-09-15T12:26:47.5015398Z Syncing repository: kl3574/Learning_Workbench
2026-09-15T12:26:47.5017231Z ##[group]Getting Git version info
2026-09-15T12:26:47.5018061Z Working directory is '<github-runner-home>/work/Learning_Workbench/Learning_Workbench'
2026-09-15T12:26:47.5019192Z [command]/usr/bin/git version
2026-09-15T12:26:47.6333374Z git version 2.55.0
2026-09-15T12:26:47.6355331Z ##[endgroup]
2026-09-15T12:26:47.6367379Z Temporarily overriding HOME='<github-runner-home>/work/_temp/f9e151b8-8905-4ba8-ab4c-518ad1af656d' before making global git config changes
2026-09-15T12:26:47.6369487Z Adding repository directory to the temporary git global config as a safe directory
2026-09-15T12:26:47.6373147Z [command]/usr/bin/git config --global --add safe.directory <github-runner-home>/work/Learning_Workbench/Learning_Workbench
2026-09-15T12:26:47.6644389Z Deleting the contents of '<github-runner-home>/work/Learning_Workbench/Learning_Workbench'
2026-09-15T12:26:47.6648177Z ##[group]Determining repository object format
2026-09-15T12:26:47.6649829Z ##[endgroup]
2026-09-15T12:26:47.6650560Z ##[group]Initializing the repository
2026-09-15T12:26:47.6654619Z [command]/usr/bin/git init <github-runner-home>/work/Learning_Workbench/Learning_Workbench
2026-09-15T12:26:47.7351792Z hint: Using 'master' as the name for the initial branch. This default branch name
2026-09-15T12:26:47.7353370Z hint: will change to "main" in Git 3.0. To configure the initial branch name
2026-09-15T12:26:47.7355509Z hint: to use in all of your new repositories, which will suppress this warning,
2026-09-15T12:26:47.7356395Z hint: call:
2026-09-15T12:26:47.7356809Z hint:
2026-09-15T12:26:47.7357338Z hint: 	git config --global init.defaultBranch <name>
2026-09-15T12:26:47.7357964Z hint:
2026-09-15T12:26:47.7358542Z hint: Names commonly chosen instead of 'master' are 'main', 'trunk' and
2026-09-15T12:26:47.7359937Z hint: 'development'. The just-created branch can be renamed via this command:
2026-09-15T12:26:47.7360714Z hint:
2026-09-15T12:26:47.7361219Z hint: 	git branch -m <name>
2026-09-15T12:26:47.7361713Z hint:
2026-09-15T12:26:47.7362380Z hint: Disable this message with "git config set advice.defaultBranchName false"
2026-09-15T12:26:47.7363493Z Initialized empty Git repository in <github-runner-home>/work/Learning_Workbench/Learning_Workbench/.git/
2026-09-15T12:26:47.7366112Z [command]/usr/bin/git remote add origin https://github.com/kl3574/Learning_Workbench
2026-09-15T12:26:47.7659676Z ##[endgroup]
2026-09-15T12:26:47.7660784Z ##[group]Disabling automatic garbage collection
2026-09-15T12:26:47.7661643Z [command]/usr/bin/git config --local gc.auto 0
2026-09-15T12:26:47.7722208Z ##[endgroup]
2026-09-15T12:26:47.7723416Z ##[group]Setting up auth
2026-09-15T12:26:47.7725044Z Removing SSH command configuration
2026-09-15T12:26:47.7729356Z [command]/usr/bin/git config --local --name-only --get-regexp core\.sshCommand
2026-09-15T12:26:47.7769958Z [command]/usr/bin/git submodule foreach --recursive sh -c "git config --local --name-only --get-regexp 'core\.sshCommand' && git config --local --unset-all 'core.sshCommand' || :"
2026-09-15T12:26:48.0036211Z Removing HTTP extra header
2026-09-15T12:26:48.0043289Z [command]/usr/bin/git config --local --name-only --get-regexp http\.https\:\/\/github\.com\/\.extraheader
2026-09-15T12:26:48.0082440Z [command]/usr/bin/git submodule foreach --recursive sh -c "git config --local --name-only --get-regexp 'http\.https\:\/\/github\.com\/\.extraheader' && git config --local --unset-all 'http.https://github.com/.extraheader' || :"
2026-09-15T12:26:48.0316769Z Removing includeIf entries pointing to credentials config files
2026-09-15T12:26:48.0321458Z [command]/usr/bin/git config --local --name-only --get-regexp ^includeIf\.gitdir:
2026-09-15T12:26:48.0361498Z [command]/usr/bin/git submodule foreach --recursive git config --local --show-origin --name-only --get-regexp remote.origin.url
2026-09-15T12:26:48.0611140Z [command]/usr/bin/git config --file <github-runner-home>/work/_temp/git-credentials-af531755-5961-4d1f-bd8e-524ddc7a8a26.config http.https://github.com/.extraheader AUTHORIZATION: basic ***
2026-09-15T12:26:48.0652903Z [command]/usr/bin/git config --local includeIf.gitdir:<github-runner-home>/work/Learning_Workbench/Learning_Workbench/.git.path <github-runner-home>/work/_temp/git-credentials-af531755-5961-4d1f-bd8e-524ddc7a8a26.config
2026-09-15T12:26:48.0690636Z [command]/usr/bin/git config --local includeIf.gitdir:<github-runner-home>/work/Learning_Workbench/Learning_Workbench/.git/worktrees/*.path <github-runner-home>/work/_temp/git-credentials-af531755-5961-4d1f-bd8e-524ddc7a8a26.config
2026-09-15T12:26:48.0731830Z [command]/usr/bin/git config --local includeIf.gitdir:/github/workspace/.git.path /github/runner_temp/git-credentials-af531755-5961-4d1f-bd8e-524ddc7a8a26.config
2026-09-15T12:26:48.0771210Z [command]/usr/bin/git config --local includeIf.gitdir:/github/workspace/.git/worktrees/*.path /github/runner_temp/git-credentials-af531755-5961-4d1f-bd8e-524ddc7a8a26.config
2026-09-15T12:26:48.0805718Z ##[endgroup]
2026-09-15T12:26:48.0808416Z ##[group]Fetching the repository
2026-09-15T12:26:48.0813522Z [command]/usr/bin/git -c protocol.version=2 fetch --no-tags --prune --no-recurse-submodules --depth=1 origin +ab6c27b417b98e50eb5e2feb469be191d1db4d41:refs/remotes/origin/feat/M5.2-local-retrieval
2026-09-15T12:26:51.3222142Z From https://github.com/kl3574/Learning_Workbench
2026-09-15T12:26:51.3223508Z  * [new ref]         ab6c27b417b98e50eb5e2feb469be191d1db4d41 -> origin/feat/M5.2-local-retrieval
2026-09-15T12:26:51.3234516Z [command]/usr/bin/git branch --list --remote origin/feat/M5.2-local-retrieval
2026-09-15T12:26:51.3269152Z   origin/feat/M5.2-local-retrieval
2026-09-15T12:26:51.3278833Z [command]/usr/bin/git rev-parse refs/remotes/origin/feat/M5.2-local-retrieval
2026-09-15T12:26:51.3308987Z ab6c27b417b98e50eb5e2feb469be191d1db4d41
2026-09-15T12:26:51.3320025Z ##[endgroup]
2026-09-15T12:26:51.3320829Z ##[group]Determining the checkout info
2026-09-15T12:26:51.3321669Z ##[endgroup]
2026-09-15T12:26:51.3322253Z [command]/usr/bin/git sparse-checkout disable
2026-09-15T12:26:51.3526836Z [command]/usr/bin/git config --local --unset-all extensions.worktreeConfig
2026-09-15T12:26:51.3563592Z ##[group]Checking out the ref
2026-09-15T12:26:51.3568076Z [command]/usr/bin/git checkout --progress --force -B feat/M5.2-local-retrieval refs/remotes/origin/feat/M5.2-local-retrieval
2026-09-15T12:26:51.8985804Z Switched to a new branch 'feat/M5.2-local-retrieval'
2026-09-15T12:26:51.9011018Z branch 'feat/M5.2-local-retrieval' set up to track 'origin/feat/M5.2-local-retrieval'.
2026-09-15T12:26:51.9022129Z ##[endgroup]
2026-09-15T12:26:51.9079765Z [command]/usr/bin/git log -1 --format=%H
2026-09-15T12:26:51.9111951Z ab6c27b417b98e50eb5e2feb469be191d1db4d41
2026-09-15T12:26:51.9390826Z ##[group]Run actions/setup-node@820762786026740c76f36085b0efc47a31fe5020
2026-09-15T12:26:51.9391221Z with:
2026-09-15T12:26:51.9391437Z   node-version: 24.21.0
2026-09-15T12:26:51.9391669Z   cache: npm
2026-09-15T12:26:51.9391934Z   cache-dependency-path: apps/web/package-lock.json
2026-09-15T12:26:51.9392252Z   check-latest: false
2026-09-15T12:26:51.9395109Z   token: ***
2026-09-15T12:26:51.9395346Z   package-manager-cache: true
2026-09-15T12:26:51.9395613Z ##[endgroup]
2026-09-15T12:26:52.0752082Z Attempting to download 24.21.0...
2026-09-15T12:26:52.7694663Z Acquiring 24.21.0 - x64 from https://github.com/actions/node-versions/releases/download/24.21.0-34304089047/node-24.21.0-linux-x64.tar.gz
2026-09-15T12:26:53.4301730Z Extracting ...
2026-09-15T12:26:53.4422730Z [command]/usr/bin/tar xz --strip 1 --warning=no-unknown-keyword --overwrite -C <github-runner-home>/work/_temp/d43b65e1-d6a4-4187-b81b-598a47b57cc9 -f <github-runner-home>/work/_temp/25e163b0-aad6-4b00-92f8-7cd984dc30e1
2026-09-15T12:26:54.7904877Z Adding to the cache ...
2026-09-15T12:26:57.8612635Z ##[group]Environment details
2026-09-15T12:26:58.2197525Z node: v24.21.0
2026-09-15T12:26:58.2197918Z npm: 11.19.0
2026-09-15T12:26:58.2198385Z yarn: 1.22.22
2026-09-15T12:26:58.2199081Z ##[endgroup]
2026-09-15T12:26:58.2216117Z [command]/opt/hostedtoolcache/node/24.21.0/x64/bin/npm config get cache
2026-09-15T12:26:58.3157667Z <github-runner-home>/.npm
2026-09-15T12:26:58.4917139Z Cache hit for: node-cache-Linux-x64-npm-88346c344be99637313526bac40be213d9ff7980d5ac890cfb906fdfb94cb22b
2026-09-15T12:26:59.3559779Z Received 75879415 of 75879415 (100.0%), 97.4 MBs/sec
2026-09-15T12:26:59.3560345Z Cache Size: ~72 MB (75879415 B)
2026-09-15T12:26:59.3661170Z [command]/usr/bin/tar -xf <github-runner-home>/work/_temp/61ea1d9b-70f0-4319-aa2d-d386b5d41cfc/cache.tzst -P -C <github-runner-home>/work/Learning_Workbench/Learning_Workbench --use-compress-program unzstd
2026-09-15T12:26:59.5365531Z Cache restored successfully
2026-09-15T12:26:59.5410317Z Cache restored from key: node-cache-Linux-x64-npm-88346c344be99637313526bac40be213d9ff7980d5ac890cfb906fdfb94cb22b
2026-09-15T12:26:59.5610159Z ##[group]Run npm ci --prefix apps/web
2026-09-15T12:26:59.5610987Z [36;1mnpm ci --prefix apps/web[0m
2026-09-15T12:26:59.5658639Z shell: /usr/bin/bash -e {0}
2026-09-15T12:26:59.5658926Z ##[endgroup]
2026-09-15T12:27:04.8677307Z 
2026-09-15T12:27:04.8686813Z added 236 packages, and audited 237 packages in 5s
2026-09-15T12:27:04.8687331Z 
2026-09-15T12:27:04.8687651Z 118 packages are looking for funding
2026-09-15T12:27:04.8688635Z   run `npm fund` for details
2026-09-15T12:27:04.8690796Z 
2026-09-15T12:27:04.8691153Z found 0 vulnerabilities
2026-09-15T12:27:04.9488395Z ##[group]Run npm --prefix apps/web run lint
2026-09-15T12:27:04.9488919Z [36;1mnpm --prefix apps/web run lint[0m
2026-09-15T12:27:04.9531296Z shell: /usr/bin/bash -e {0}
2026-09-15T12:27:04.9531563Z ##[endgroup]
2026-09-15T12:27:05.0562905Z 
2026-09-15T12:27:05.0563581Z > @learning-workbench/web@0.1.0 lint
2026-09-15T12:27:05.0564551Z > tsc --noEmit --noUnusedLocals --noUnusedParameters
2026-09-15T12:27:05.0564947Z 
2026-09-15T12:27:06.1721927Z ##[group]Run npm --prefix apps/web run typecheck
2026-09-15T12:27:06.1722357Z [36;1mnpm --prefix apps/web run typecheck[0m
2026-09-15T12:27:06.1761457Z shell: /usr/bin/bash -e {0}
2026-09-15T12:27:06.1761726Z ##[endgroup]
2026-09-15T12:27:06.2757433Z 
2026-09-15T12:27:06.2757988Z > @learning-workbench/web@0.1.0 typecheck
2026-09-15T12:27:06.2758524Z > tsc --noEmit
2026-09-15T12:27:06.2758778Z 
2026-09-15T12:27:07.3407612Z ##[group]Run npm --prefix apps/web run test
2026-09-15T12:27:07.3407995Z [36;1mnpm --prefix apps/web run test[0m
2026-09-15T12:27:07.3447670Z shell: /usr/bin/bash -e {0}
2026-09-15T12:27:07.3447944Z ##[endgroup]
2026-09-15T12:27:07.4445466Z 
2026-09-15T12:27:07.4446674Z > @learning-workbench/web@0.1.0 test
2026-09-15T12:27:07.4447210Z > vitest run
2026-09-15T12:27:07.4447417Z 
2026-09-15T12:27:07.7761265Z 
2026-09-15T12:27:07.7769583Z [1m[30m[46m RUN [49m[39m[22m [36mv5.0.0 [39m[90m<github-runner-home>/work/Learning_Workbench/Learning_Workbench/apps/web[39m
2026-09-15T12:27:07.7794068Z 
2026-09-15T12:27:09.6478790Z  [32m✓[39m src/shared/createResponseDraftJournal.test.tsx [2m([22m[2m4 tests[22m[2m)[22m[33m 730[2mms[22m[39m
2026-09-15T12:27:10.2394901Z  [32m✓[39m src/features/notes/useNoteDrafts.test.tsx [2m([22m[2m15 tests[22m[2m)[22m[33m 1288[2mms[22m[39m
2026-09-15T12:27:10.7983398Z  [32m✓[39m src/features/recommendations/useDecisions.test.tsx [2m([22m[2m11 tests[22m[2m)[22m[33m 1826[2mms[22m[39m
2026-09-15T12:27:11.7754836Z  [32m✓[39m src/features/providers/providerSecret.test.tsx [2m([22m[2m14 tests[22m[2m)[22m[32m 174[2mms[22m[39m
2026-09-15T12:27:12.3198727Z  [32m✓[39m src/features/learning/useProfile.test.tsx [2m([22m[2m8 tests[22m[2m)[22m[33m 1360[2mms[22m[39m
2026-09-15T12:27:12.3200472Z    [33m[2m✓[22m[39m a late acknowledged old command cannot erase a newer durable profile candidate after policy resume[33m 316[2mms[22m[39m
2026-09-15T12:27:12.7016491Z  [32m✓[39m src/features/practice/usePracticeSession.test.tsx [2m([22m[2m6 tests[22m[2m)[22m[33m 2380[2mms[22m[39m
2026-09-15T12:27:12.7018307Z    [33m[2m✓[22m[39m same hook identity change does not rebind or auto-save unsent A responses to B[33m 861[2mms[22m[39m
2026-09-15T12:27:12.7019632Z    [33m[2m✓[22m[39m explicit keep-local after remote submission retains the draft without a response PUT[33m 694[2mms[22m[39m
2026-09-15T12:27:12.7020985Z    [33m[2m✓[22m[39m keyed unmount with PUT in flight keeps both sessions separate and recovers A on return[33m 302[2mms[22m[39m
2026-09-15T12:27:12.9784655Z  [32m✓[39m src/features/reader/selection.test.ts [2m([22m[2m33 tests[22m[2m)[22m[32m 55[2mms[22m[39m
2026-09-15T12:27:13.7242404Z  [32m✓[39m src/features/providers/providerCommands.test.tsx [2m([22m[2m9 tests[22m[2m)[22m[33m 1241[2mms[22m[39m
2026-09-15T12:27:14.1080988Z  [32m✓[39m src/workbench/useWorkbenchRecovery.test.tsx [2m([22m[2m6 tests[22m[2m)[22m[33m 325[2mms[22m[39m
2026-09-15T12:27:15.1167999Z  [32m✓[39m src/features/providers/ProviderSettings.test.tsx [2m([22m[2m7 tests[22m[2m)[22m[33m 1587[2mms[22m[39m
2026-09-15T12:27:15.1169752Z    [33m[2m✓[22m[39m config remains visibly separate from proof readiness and send needs a durable original command[33m 375[2mms[22m[39m
2026-09-15T12:27:15.1171297Z    [33m[2m✓[22m[39m reusable preview accepts a consumer-owned task but cannot manufacture a task or dispatch on approval[33m 495[2mms[22m[39m
2026-09-15T12:27:15.1813288Z  [32m✓[39m src/features/retrieval/useRetrieval.test.tsx [2m([22m[2m7 tests[22m[2m)[22m[33m 483[2mms[22m[39m
2026-09-15T12:27:16.0165552Z  [32m✓[39m src/features/recommendations/recommendations.test.tsx [2m([22m[2m8 tests[22m[2m)[22m[33m 939[2mms[22m[39m
2026-09-15T12:27:16.0167113Z    [33m[2m✓[22m[39m opening either real parent chain is explicit, preserves all full refs and does not accept the recommendation[33m 331[2mms[22m[39m
2026-09-15T12:27:16.0365270Z  [32m✓[39m src/workbench/DraftStore.test.ts [2m([22m[2m9 tests[22m[2m)[22m[32m 126[2mms[22m[39m
2026-09-15T12:27:16.8605720Z  [32m✓[39m src/features/retrieval/RetrievalPanel.test.tsx [2m([22m[2m5 tests[22m[2m)[22m[33m 676[2mms[22m[39m
2026-09-15T12:27:16.8625672Z    [33m[2m✓[22m[39m visible no_match preserves its explicit result distinction without a rebuild[33m 333[2mms[22m[39m
2026-09-15T12:27:17.3300494Z  [32m✓[39m src/workbench/PreserveReaderViewport.test.tsx [2m([22m[2m11 tests[22m[2m)[22m[33m 349[2mms[22m[39m
2026-09-15T12:27:17.8126096Z  [32m✓[39m src/features/routes/RouteEditorDraftSequence.test.tsx [2m([22m[2m5 tests[22m[2m)[22m[33m 782[2mms[22m[39m
2026-09-15T12:27:17.8127943Z    [33m[2m✓[22m[39m real route input and conflict candidates survive own_save_first delivery[33m 387[2mms[22m[39m
2026-09-15T12:27:18.1536607Z  [32m✓[39m src/features/assessment/useWorkspacePolicy.test.tsx [2m([22m[2m8 tests[22m[2m)[22m[32m 46[2mms[22m[39m
2026-09-15T12:27:18.8101116Z  [32m✓[39m src/features/retrieval/retrievalModel.test.ts [2m([22m[2m4 tests[22m[2m)[22m[32m 20[2mms[22m[39m
2026-09-15T12:27:18.9005752Z  [32m✓[39m src/features/grading/useGradingResult.test.tsx [2m([22m[2m6 tests[22m[2m)[22m[33m 1167[2mms[22m[39m
2026-09-15T12:27:18.9008168Z    [33m[2m✓[22m[39m reads the actual job and polls its actual needs-review outcome without turning null into zero[33m 810[2mms[22m[39m
2026-09-15T12:27:19.1481199Z  [32m✓[39m src/features/routes/RouteEditor.test.tsx [2m([22m[2m2 tests[22m[2m)[22m[33m 622[2mms[22m[39m
2026-09-15T12:27:19.1483321Z    [33m[2m✓[22m[39m a route command in flight through an access change can recover its actual receipt after policy resumes[33m 409[2mms[22m[39m
2026-09-15T12:27:19.8395705Z  [32m✓[39m src/features/retrieval/retrievalCommands.test.ts [2m([22m[2m6 tests[22m[2m)[22m[32m 53[2mms[22m[39m
2026-09-15T12:27:20.0451084Z  [32m✓[39m src/workbench/model.test.ts [2m([22m[2m9 tests[22m[2m)[22m[32m 14[2mms[22m[39m
2026-09-15T12:27:20.4806321Z  [32m✓[39m src/features/grading/AssessmentResultRecovery.test.tsx [2m([22m[2m2 tests[22m[2m)[22m[33m 616[2mms[22m[39m
2026-09-15T12:27:20.4808618Z    [33m[2m✓[22m[39m a failed regrade retains the real previous score and allows a new explicit command with its grading revision[33m 461[2mms[22m[39m
2026-09-15T12:27:20.6804461Z  [32m✓[39m src/features/providers/providerClient.test.ts [2m([22m[2m2 tests[22m[2m)[22m[32m 24[2mms[22m[39m
2026-09-15T12:27:20.9296002Z  [32m✓[39m src/features/assessment/assessmentClient.test.ts [2m([22m[2m4 tests[22m[2m)[22m[32m 9[2mms[22m[39m
2026-09-15T12:27:21.3558543Z  [32m✓[39m src/features/recommendations/useRecommendationNavigation.test.tsx [2m([22m[2m8 tests[22m[2m)[22m[32m 52[2mms[22m[39m
2026-09-15T12:27:21.4492242Z  [32m✓[39m src/features/learning/conceptModel.test.ts [2m([22m[2m4 tests[22m[2m)[22m[32m 8[2mms[22m[39m
2026-09-15T12:27:22.1761831Z  [32m✓[39m src/features/review/GradingHistory.test.tsx [2m([22m[2m3 tests[22m[2m)[22m[33m 317[2mms[22m[39m
2026-09-15T12:27:22.1819632Z  [32m✓[39m src/features/assessment/target.test.ts [2m([22m[2m5 tests[22m[2m)[22m[32m 14[2mms[22m[39m
2026-09-15T12:27:22.1985562Z  [32m✓[39m src/features/learning/profileDrafts.test.ts [2m([22m[2m4 tests[22m[2m)[22m[32m 14[2mms[22m[39m
2026-09-15T12:27:22.9256270Z  [32m✓[39m src/features/imports/recovery.test.ts [2m([22m[2m12 tests[22m[2m)[22m[32m 18[2mms[22m[39m
2026-09-15T12:27:23.0037989Z  [32m✓[39m src/features/assessment/assessmentDrafts.test.ts [2m([22m[2m14 tests[22m[2m)[22m[32m 9[2mms[22m[39m
2026-09-15T12:27:23.2890227Z  [32m✓[39m src/features/providers/providerReads.test.tsx [2m([22m[2m3 tests[22m[2m)[22m[32m 198[2mms[22m[39m
2026-09-15T12:27:23.6766657Z  [32m✓[39m src/features/grading/reviewDrafts.test.ts [2m([22m[2m5 tests[22m[2m)[22m[32m 8[2mms[22m[39m
2026-09-15T12:27:23.7197741Z  [32m✓[39m src/features/practice/practiceDrafts.test.ts [2m([22m[2m11 tests[22m[2m)[22m[32m 23[2mms[22m[39m
2026-09-15T12:27:24.0886897Z  [32m✓[39m src/features/grading/gradingModel.test.ts [2m([22m[2m9 tests[22m[2m)[22m[32m 8[2mms[22m[39m
2026-09-15T12:27:24.5139347Z  [32m✓[39m src/features/review/reviewModel.test.ts [2m([22m[2m4 tests[22m[2m)[22m[32m 11[2mms[22m[39m
2026-09-15T12:27:24.9704724Z  [32m✓[39m src/features/review/ReviewMaterialLinks.test.tsx [2m([22m[2m2 tests[22m[2m)[22m[33m 384[2mms[22m[39m
2026-09-15T12:27:25.2953931Z  [32m✓[39m src/workbench/DraftConflictPreview.test.tsx [2m([22m[2m3 tests[22m[2m)[22m[33m 344[2mms[22m[39m
2026-09-15T12:27:25.3216343Z  [32m✓[39m src/features/notes/noteDrafts.test.ts [2m([22m[2m8 tests[22m[2m)[22m[32m 21[2mms[22m[39m
2026-09-15T12:27:25.8076170Z  [32m✓[39m src/features/practice/target.test.ts [2m([22m[2m3 tests[22m[2m)[22m[32m 15[2mms[22m[39m
2026-09-15T12:27:26.0599343Z  [32m✓[39m src/features/imports/encoding.test.ts [2m([22m[2m9 tests[22m[2m)[22m[32m 15[2mms[22m[39m
2026-09-15T12:27:26.5086180Z  [32m✓[39m src/features/imports/FailedOriginal.test.tsx [2m([22m[2m3 tests[22m[2m)[22m[32m 296[2mms[22m[39m
2026-09-15T12:27:26.7274180Z  [32m✓[39m src/features/imports/SourceProvenance.test.tsx [2m([22m[2m4 tests[22m[2m)[22m[32m 53[2mms[22m[39m
2026-09-15T12:27:27.3319917Z  [32m✓[39m src/features/recommendations/recommendationClient.test.ts [2m([22m[2m2 tests[22m[2m)[22m[32m 11[2mms[22m[39m
2026-09-15T12:27:27.3636044Z  [32m✓[39m src/features/imports/UploadForm.test.tsx [2m([22m[2m3 tests[22m[2m)[22m[33m 325[2mms[22m[39m
2026-09-15T12:27:27.5013296Z  [32m✓[39m src/features/reader/navigation.test.ts [2m([22m[2m4 tests[22m[2m)[22m[32m 19[2mms[22m[39m
2026-09-15T12:27:28.1060614Z  [32m✓[39m src/features/routes/routeDrafts.test.ts [2m([22m[2m2 tests[22m[2m)[22m[32m 8[2mms[22m[39m
2026-09-15T12:27:28.1314906Z  [32m✓[39m src/workbench/selectionMerge.test.ts [2m([22m[2m3 tests[22m[2m)[22m[32m 6[2mms[22m[39m
2026-09-15T12:27:28.7799195Z  [32m✓[39m src/features/grading/GradingSummary.test.tsx [2m([22m[2m2 tests[22m[2m)[22m[33m 376[2mms[22m[39m
2026-09-15T12:27:28.7801383Z    [33m[2m✓[22m[39m pending score is displayed as unknown rather than zero or a mastery claim[33m 335[2mms[22m[39m
2026-09-15T12:27:28.8515082Z  [32m✓[39m src/features/grading/useGradingReview.test.ts [2m([22m[2m11 tests[22m[2m)[22m[32m 9[2mms[22m[39m
2026-09-15T12:27:29.4670370Z  [32m✓[39m src/shared/Markdown.test.tsx [2m([22m[2m3 tests[22m[2m)[22m[32m 83[2mms[22m[39m
2026-09-15T12:27:29.5802067Z  [32m✓[39m src/features/routes/completionDrafts.test.ts [2m([22m[2m2 tests[22m[2m)[22m[32m 5[2mms[22m[39m
2026-09-15T12:27:29.6776004Z  [32m✓[39m src/features/routes/target.test.ts [2m([22m[2m2 tests[22m[2m)[22m[32m 9[2mms[22m[39m
2026-09-15T12:27:30.2524642Z  [32m✓[39m src/features/fixture.test.ts [2m([22m[2m2 tests[22m[2m)[22m[32m 15[2mms[22m[39m
2026-09-15T12:27:30.4415352Z  [32m✓[39m src/features/retrieval/retrievalContext.test.ts [2m([22m[2m1 test[22m[2m)[22m[32m 3[2mms[22m[39m
2026-09-15T12:27:30.8111664Z  [32m✓[39m src/features/review/SubmittedResponse.test.tsx [2m([22m[2m1 test[22m[2m)[22m[33m 332[2mms[22m[39m
2026-09-15T12:27:30.8113285Z    [33m[2m✓[22m[39m renders the frozen submitted answer and original Unicode steps as inert text, with no editable response control[33m 331[2mms[22m[39m
2026-09-15T12:27:31.0997916Z  [32m✓[39m src/features/imports/ReviewWarnings.test.tsx [2m([22m[2m2 tests[22m[2m)[22m[32m 157[2mms[22m[39m
2026-09-15T12:27:31.1036280Z 
2026-09-15T12:27:31.1042191Z [2m Test Files [22m [1m[32m58 passed[39m[22m[90m (58)[39m
2026-09-15T12:27:31.1043445Z [2m      Tests [22m [1m[32m355 passed[39m[22m[90m (355)[39m
2026-09-15T12:27:31.1044520Z [2m   Start at [22m 12:27:07
2026-09-15T12:27:31.1049901Z [2m   Duration [22m 23.31s[2m (environment 56%, tests 33%, import 8%, transform 3%, worker 1%)[22m
2026-09-15T12:27:31.1058498Z 
2026-09-15T12:27:31.1059945Z [2mEnvironment [22m [33mjsdom was created 58 times[39m[2m · 34.01s total, 56% of tracked time[22m
2026-09-15T12:27:31.1062053Z [2m            [22m [2mcreate it once per worker with [22m[33mpool: 'vmThreads'[39m[2m (keeps per-file isolation) or [22m[33misolate: false[39m[2m (shares it across files)[22m
2026-09-15T12:27:31.1063598Z [2m            [22m [2mlearn more: https://vitest.dev/guide/improving-performance#test-environments[22m
2026-09-15T12:27:31.1064432Z 
2026-09-15T12:27:31.1563290Z ##[group]Run make build
2026-09-15T12:27:31.1563574Z [36;1mmake build[0m
2026-09-15T12:27:31.1602285Z shell: /usr/bin/bash -e {0}
2026-09-15T12:27:31.1602552Z ##[endgroup]
2026-09-15T12:27:31.1925348Z bash scripts/node.sh npm --prefix apps/web run build
2026-09-15T12:27:31.2951919Z 
2026-09-15T12:27:31.2952355Z > @learning-workbench/web@0.1.0 build
2026-09-15T12:27:31.2952912Z > tsc --noEmit && vite build
2026-09-15T12:27:31.2953215Z 
2026-09-15T12:27:32.4070140Z [36mvite v8.3.0 [32mbuilding client environment for production...[36m[39m
2026-09-15T12:27:32.4174450Z transforming...
2026-09-15T12:27:32.6020654Z ✓ 717 modules transformed.
2026-09-15T12:27:32.6911023Z rendering chunks...
2026-09-15T12:27:32.8176488Z computing gzip size...
2026-09-15T12:27:32.8725537Z dist/index.html                       0.41 kB │ gzip:     0.32 kB
2026-09-15T12:27:32.8726408Z dist/assets/index-iEAos8Rd.css       38.42 kB │ gzip:     8.15 kB
2026-09-15T12:27:32.8727318Z dist/assets/index-CWD5jEg4.js     1,060.22 kB │ gzip:   240.46 kB
2026-09-15T12:27:32.8728113Z dist/assets/Markdown-BWCqM4ea.js  2,939.32 kB │ gzip: 1,098.70 kB
2026-09-15T12:27:32.8728484Z 
2026-09-15T12:27:32.8728767Z [32m✓ built in 464ms[39m
2026-09-15T12:27:32.8736441Z [33m[plugin builtin:vite-reporter] 
2026-09-15T12:27:32.8737168Z (!) Some chunks are larger than 500 kB after minification. Consider:
2026-09-15T12:27:32.8737940Z - Using dynamic import() to code-split the application
2026-09-15T12:27:32.8739275Z - Use build.rolldownOptions.output.codeSplitting to improve chunking: https://rolldown.rs/reference/OutputOptions.codeSplitting
2026-09-15T12:27:32.8740428Z - Adjust chunk size limit for this warning via build.chunkSizeWarningLimit.[39m
2026-09-15T12:27:32.9179507Z Post job cleanup.
2026-09-15T12:27:33.0316131Z Cache hit occurred on the primary key node-cache-Linux-x64-npm-88346c344be99637313526bac40be213d9ff7980d5ac890cfb906fdfb94cb22b, not saving cache.
2026-09-15T12:27:33.0461669Z Post job cleanup.
2026-09-15T12:27:33.1308197Z [command]/usr/bin/git version
2026-09-15T12:27:33.1362835Z git version 2.55.0
2026-09-15T12:27:33.1399052Z Temporarily overriding HOME='<github-runner-home>/work/_temp/81f38ff7-5e5e-4800-bc42-8a3db36e2767' before making global git config changes
2026-09-15T12:27:33.1400872Z Adding repository directory to the temporary git global config as a safe directory
2026-09-15T12:27:33.1404712Z [command]/usr/bin/git config --global --add safe.directory <github-runner-home>/work/Learning_Workbench/Learning_Workbench
2026-09-15T12:27:33.1438552Z Removing SSH command configuration
2026-09-15T12:27:33.1444748Z [command]/usr/bin/git config --local --name-only --get-regexp core\.sshCommand
2026-09-15T12:27:33.1484666Z [command]/usr/bin/git submodule foreach --recursive sh -c "git config --local --name-only --get-regexp 'core\.sshCommand' && git config --local --unset-all 'core.sshCommand' || :"
2026-09-15T12:27:33.1750946Z Removing HTTP extra header
2026-09-15T12:27:33.1757658Z [command]/usr/bin/git config --local --name-only --get-regexp http\.https\:\/\/github\.com\/\.extraheader
2026-09-15T12:27:33.1800402Z [command]/usr/bin/git submodule foreach --recursive sh -c "git config --local --name-only --get-regexp 'http\.https\:\/\/github\.com\/\.extraheader' && git config --local --unset-all 'http.https://github.com/.extraheader' || :"
2026-09-15T12:27:33.2071508Z Removing includeIf entries pointing to credentials config files
2026-09-15T12:27:33.2078435Z [command]/usr/bin/git config --local --name-only --get-regexp ^includeIf\.gitdir:
2026-09-15T12:27:33.2120173Z includeif.gitdir:<github-runner-home>/work/Learning_Workbench/Learning_Workbench/.git.path
2026-09-15T12:27:33.2121991Z includeif.gitdir:<github-runner-home>/work/Learning_Workbench/Learning_Workbench/.git/worktrees/*.path
2026-09-15T12:27:33.2123210Z includeif.gitdir:/github/workspace/.git.path
2026-09-15T12:27:33.2124289Z includeif.gitdir:/github/workspace/.git/worktrees/*.path
2026-09-15T12:27:33.2135134Z [command]/usr/bin/git config --local --get-all includeif.gitdir:<github-runner-home>/work/Learning_Workbench/Learning_Workbench/.git.path
2026-09-15T12:27:33.2171076Z <github-runner-home>/work/_temp/git-credentials-af531755-5961-4d1f-bd8e-524ddc7a8a26.config
2026-09-15T12:27:33.2182035Z [command]/usr/bin/git config --local --unset includeif.gitdir:<github-runner-home>/work/Learning_Workbench/Learning_Workbench/.git.path \/home\/runner\/work\/_temp\/git\-credentials\-af531755\-5961\-4d1f\-bd8e\-524ddc7a8a26\.config
2026-09-15T12:27:33.2255323Z [command]/usr/bin/git config --local --get-all includeif.gitdir:<github-runner-home>/work/Learning_Workbench/Learning_Workbench/.git/worktrees/*.path
2026-09-15T12:27:33.2270687Z <github-runner-home>/work/_temp/git-credentials-af531755-5961-4d1f-bd8e-524ddc7a8a26.config
2026-09-15T12:27:33.2307995Z [command]/usr/bin/git config --local --unset includeif.gitdir:<github-runner-home>/work/Learning_Workbench/Learning_Workbench/.git/worktrees/*.path \/home\/runner\/work\/_temp\/git\-credentials\-af531755\-5961\-4d1f\-bd8e\-524ddc7a8a26\.config
2026-09-15T12:27:33.2344662Z [command]/usr/bin/git config --local --get-all includeif.gitdir:/github/workspace/.git.path
2026-09-15T12:27:33.2376657Z /github/runner_temp/git-credentials-af531755-5961-4d1f-bd8e-524ddc7a8a26.config
2026-09-15T12:27:33.2385421Z [command]/usr/bin/git config --local --unset includeif.gitdir:/github/workspace/.git.path \/github\/runner_temp\/git\-credentials\-af531755\-5961\-4d1f\-bd8e\-524ddc7a8a26\.config
2026-09-15T12:27:33.2427206Z [command]/usr/bin/git config --local --get-all includeif.gitdir:/github/workspace/.git/worktrees/*.path
2026-09-15T12:27:33.2458768Z /github/runner_temp/git-credentials-af531755-5961-4d1f-bd8e-524ddc7a8a26.config
2026-09-15T12:27:33.2467667Z [command]/usr/bin/git config --local --unset includeif.gitdir:/github/workspace/.git/worktrees/*.path \/github\/runner_temp\/git\-credentials\-af531755\-5961\-4d1f\-bd8e\-524ddc7a8a26\.config
2026-09-15T12:27:33.2512458Z [command]/usr/bin/git submodule foreach --recursive git config --local --show-origin --name-only --get-regexp remote.origin.url
2026-09-15T12:27:33.2780522Z Removing credentials config '<github-runner-home>/work/_temp/git-credentials-af531755-5961-4d1f-bd8e-524ddc7a8a26.config'
2026-09-15T12:27:33.2942433Z Cleaning up orphan processes
