2026-10-02T12:34:28.5848078Z Current runner version: '2.337.0'
2026-10-02T12:34:28.5873567Z ##[group]Runner Image Provisioner
2026-10-02T12:34:28.5874450Z Hosted Compute Agent
2026-10-02T12:34:28.5875119Z Version: 20260901.588
2026-10-02T12:34:28.5875815Z Commit: f88ec8081b781fac6c440065ac7ff9e710ce3d0b
2026-10-02T12:34:28.5876549Z Build Date: 2026-09-01T19:56:44Z
2026-10-02T12:34:28.5877217Z Worker ID: {48e10e58-f84d-4202-b8c4-dd7b055766a0}
2026-10-02T12:34:28.5878324Z Azure Region: westus
2026-10-02T12:34:28.5878925Z ##[endgroup]
2026-10-02T12:34:28.5880450Z ##[group]Operating System
2026-10-02T12:34:28.5881185Z Ubuntu
2026-10-02T12:34:28.5881688Z 24.04.5
2026-10-02T12:34:28.5882265Z LTS
2026-10-02T12:34:28.5882805Z ##[endgroup]
2026-10-02T12:34:28.5883385Z ##[group]Runner Image
2026-10-02T12:34:28.5883994Z Image: ubuntu-24.04
2026-10-02T12:34:28.5884552Z Version: 20260927.320.1
2026-10-02T12:34:28.5885844Z Included Software: https://github.com/actions/runner-images/blob/ubuntu24/20260927.320/images/ubuntu/Ubuntu2404-Readme.md
2026-10-02T12:34:28.5887644Z Image Release: https://github.com/actions/runner-images/releases/tag/ubuntu24%2F20260927.320
2026-10-02T12:34:28.5888665Z ##[endgroup]
2026-10-02T12:34:28.5889798Z ##[group]GITHUB_TOKEN Permissions
2026-10-02T12:34:28.5891918Z Contents: read
2026-10-02T12:34:28.5892523Z Metadata: read
2026-10-02T12:34:28.5893156Z ##[endgroup]
2026-10-02T12:34:28.5895242Z Secret source: Actions
2026-10-02T12:34:28.5896238Z Cache mode: write
2026-10-02T12:34:28.5896954Z Prepare workflow directory
2026-10-02T12:34:28.6230231Z Prepare all required actions
2026-10-02T12:34:28.6279459Z Getting action download info
2026-10-02T12:34:29.0263134Z Download action repository 'actions/checkout@3d3c42e5aac5ba805825da76410c181273ba90b1' (SHA:3d3c42e5aac5ba805825da76410c181273ba90b1)
2026-10-02T12:34:29.1402668Z Download action repository 'actions/setup-python@5fda3b95a4ea91299a34e894583c3862153e4b97' (SHA:5fda3b95a4ea91299a34e894583c3862153e4b97)
2026-10-02T12:34:29.2549967Z Download action repository 'actions/setup-node@820762786026740c76f36085b0efc47a31fe5020' (SHA:820762786026740c76f36085b0efc47a31fe5020)
2026-10-02T12:34:29.7191828Z Complete job name: spec-contracts
2026-10-02T12:34:29.8190133Z ##[group]Run actions/checkout@3d3c42e5aac5ba805825da76410c181273ba90b1
2026-10-02T12:34:29.8191874Z with:
2026-10-02T12:34:29.8192681Z   repository: kl3574/Learning_Workbench
2026-10-02T12:34:29.8200890Z   token: ***
2026-10-02T12:34:29.8201695Z   ssh-strict: true
2026-10-02T12:34:29.8202512Z   ssh-user: git
2026-10-02T12:34:29.8203340Z   persist-credentials: true
2026-10-02T12:34:29.8204257Z   clean: true
2026-10-02T12:34:29.8205097Z   sparse-checkout-cone-mode: true
2026-10-02T12:34:29.8206087Z   fetch-depth: 1
2026-10-02T12:34:29.8206898Z   fetch-tags: false
2026-10-02T12:34:29.8207878Z   show-progress: true
2026-10-02T12:34:29.8208723Z   lfs: false
2026-10-02T12:34:29.8209550Z   submodules: false
2026-10-02T12:34:29.8210403Z   set-safe-directory: true
2026-10-02T12:34:29.8211414Z   allow-unsafe-pr-checkout: false
2026-10-02T12:34:29.8212752Z ##[endgroup]
2026-10-02T12:34:29.9288021Z Syncing repository: kl3574/Learning_Workbench
2026-10-02T12:34:29.9292510Z ##[group]Getting Git version info
2026-10-02T12:34:29.9294982Z Working directory is '<RUNNER_HOME>/work/Learning_Workbench/Learning_Workbench'
2026-10-02T12:34:29.9298803Z [command]/usr/bin/git version
2026-10-02T12:34:29.9332479Z git version 2.55.0
2026-10-02T12:34:29.9355586Z ##[endgroup]
2026-10-02T12:34:29.9367065Z Temporarily overriding HOME='<RUNNER_HOME>/work/_temp/d1ffc777-65eb-437d-a621-535d7efe667d' before making global git config changes
2026-10-02T12:34:29.9371955Z Adding repository directory to the temporary git global config as a safe directory
2026-10-02T12:34:29.9376048Z [command]/usr/bin/git config --global --add safe.directory <RUNNER_HOME>/work/Learning_Workbench/Learning_Workbench
2026-10-02T12:34:29.9469513Z Deleting the contents of '<RUNNER_HOME>/work/Learning_Workbench/Learning_Workbench'
2026-10-02T12:34:29.9473873Z ##[group]Determining repository object format
2026-10-02T12:34:29.9477216Z ##[endgroup]
2026-10-02T12:34:29.9479936Z ##[group]Initializing the repository
2026-10-02T12:34:29.9482624Z [command]/usr/bin/git init <RUNNER_HOME>/work/Learning_Workbench/Learning_Workbench
2026-10-02T12:34:29.9545676Z hint: Using 'master' as the name for the initial branch. This default branch name
2026-10-02T12:34:29.9549562Z hint: will change to "main" in Git 3.0. To configure the initial branch name
2026-10-02T12:34:29.9553064Z hint: to use in all of your new repositories, which will suppress this warning,
2026-10-02T12:34:29.9555619Z hint: call:
2026-10-02T12:34:29.9556948Z hint:
2026-10-02T12:34:29.9558825Z hint: 	git config --global init.defaultBranch <name>
2026-10-02T12:34:29.9560840Z hint:
2026-10-02T12:34:29.9562647Z hint: Names commonly chosen instead of 'master' are 'main', 'trunk' and
2026-10-02T12:34:29.9564760Z hint: 'development'. The just-created branch can be renamed via this command:
2026-10-02T12:34:29.9566199Z hint:
2026-10-02T12:34:29.9566966Z hint: 	git branch -m <name>
2026-10-02T12:34:29.9568875Z hint:
2026-10-02T12:34:29.9570545Z hint: Disable this message with "git config set advice.defaultBranchName false"
2026-10-02T12:34:29.9572730Z Initialized empty Git repository in <RUNNER_HOME>/work/Learning_Workbench/Learning_Workbench/.git/
2026-10-02T12:34:29.9576030Z [command]/usr/bin/git remote add origin https://github.com/kl3574/Learning_Workbench
2026-10-02T12:34:29.9629569Z ##[endgroup]
2026-10-02T12:34:29.9631176Z ##[group]Disabling automatic garbage collection
2026-10-02T12:34:29.9633154Z [command]/usr/bin/git config --local gc.auto 0
2026-10-02T12:34:29.9666513Z ##[endgroup]
2026-10-02T12:34:29.9669028Z ##[group]Setting up auth
2026-10-02T12:34:29.9670024Z Removing SSH command configuration
2026-10-02T12:34:29.9673504Z [command]/usr/bin/git config --local --name-only --get-regexp core\.sshCommand
2026-10-02T12:34:29.9709839Z [command]/usr/bin/git submodule foreach --recursive sh -c "git config --local --name-only --get-regexp 'core\.sshCommand' && git config --local --unset-all 'core.sshCommand' || :"
2026-10-02T12:34:30.0067599Z Removing HTTP extra header
2026-10-02T12:34:30.0075307Z [command]/usr/bin/git config --local --name-only --get-regexp http\.https\:\/\/github\.com\/\.extraheader
2026-10-02T12:34:30.0116068Z [command]/usr/bin/git submodule foreach --recursive sh -c "git config --local --name-only --get-regexp 'http\.https\:\/\/github\.com\/\.extraheader' && git config --local --unset-all 'http.https://github.com/.extraheader' || :"
2026-10-02T12:34:30.0349462Z Removing includeIf entries pointing to credentials config files
2026-10-02T12:34:30.0354374Z [command]/usr/bin/git config --local --name-only --get-regexp ^includeIf\.gitdir:
2026-10-02T12:34:30.0399375Z [command]/usr/bin/git submodule foreach --recursive git config --local --show-origin --name-only --get-regexp remote.origin.url
2026-10-02T12:34:30.0627852Z [command]/usr/bin/git config --file <RUNNER_HOME>/work/_temp/git-credentials-0e83df2f-1116-4a19-b5b4-fc6cf06889e4.config http.https://github.com/.extraheader AUTHORIZATION: basic ***
2026-10-02T12:34:30.0673715Z [command]/usr/bin/git config --local includeIf.gitdir:<RUNNER_HOME>/work/Learning_Workbench/Learning_Workbench/.git.path <RUNNER_HOME>/work/_temp/git-credentials-0e83df2f-1116-4a19-b5b4-fc6cf06889e4.config
2026-10-02T12:34:30.0711909Z [command]/usr/bin/git config --local includeIf.gitdir:<RUNNER_HOME>/work/Learning_Workbench/Learning_Workbench/.git/worktrees/*.path <RUNNER_HOME>/work/_temp/git-credentials-0e83df2f-1116-4a19-b5b4-fc6cf06889e4.config
2026-10-02T12:34:30.0758061Z [command]/usr/bin/git config --local includeIf.gitdir:/github/workspace/.git.path /github/runner_temp/git-credentials-0e83df2f-1116-4a19-b5b4-fc6cf06889e4.config
2026-10-02T12:34:30.0798061Z [command]/usr/bin/git config --local includeIf.gitdir:/github/workspace/.git/worktrees/*.path /github/runner_temp/git-credentials-0e83df2f-1116-4a19-b5b4-fc6cf06889e4.config
2026-10-02T12:34:30.0842947Z ##[endgroup]
2026-10-02T12:34:30.0845327Z ##[group]Fetching the repository
2026-10-02T12:34:30.0852796Z [command]/usr/bin/git -c protocol.version=2 fetch --no-tags --prune --no-recurse-submodules --depth=1 origin +cc9eb62669870a19eeed7c880ccc6b0487d865b3:refs/remotes/pull/55/merge
2026-10-02T12:34:32.9119099Z From https://github.com/kl3574/Learning_Workbench
2026-10-02T12:34:32.9120238Z  * [new ref]         cc9eb62669870a19eeed7c880ccc6b0487d865b3 -> pull/55/merge
2026-10-02T12:34:32.9123572Z ##[endgroup]
2026-10-02T12:34:32.9124591Z ##[group]Determining the checkout info
2026-10-02T12:34:32.9125476Z ##[endgroup]
2026-10-02T12:34:32.9131504Z [command]/usr/bin/git sparse-checkout disable
2026-10-02T12:34:32.9186148Z [command]/usr/bin/git config --local --unset-all extensions.worktreeConfig
2026-10-02T12:34:32.9221282Z ##[group]Checking out the ref
2026-10-02T12:34:32.9225508Z [command]/usr/bin/git checkout --progress --force refs/remotes/pull/55/merge
2026-10-02T12:34:33.9689313Z Updating files:  67% (9975/14799)
2026-10-02T12:34:33.9808040Z Updating files:  68% (10064/14799)
2026-10-02T12:34:33.9956220Z Updating files:  69% (10212/14799)
2026-10-02T12:34:34.0093241Z Updating files:  70% (10360/14799)
2026-10-02T12:34:34.0178009Z Updating files:  71% (10508/14799)
2026-10-02T12:34:34.0268182Z Updating files:  72% (10656/14799)
2026-10-02T12:34:34.0410800Z Updating files:  73% (10804/14799)
2026-10-02T12:34:34.0534263Z Updating files:  74% (10952/14799)
2026-10-02T12:34:34.0695177Z Updating files:  75% (11100/14799)
2026-10-02T12:34:34.0889241Z Updating files:  76% (11248/14799)
2026-10-02T12:34:34.1065313Z Updating files:  77% (11396/14799)
2026-10-02T12:34:34.1244198Z Updating files:  78% (11544/14799)
2026-10-02T12:34:34.1404174Z Updating files:  79% (11692/14799)
2026-10-02T12:34:34.1512413Z Updating files:  80% (11840/14799)
2026-10-02T12:34:34.1654304Z Updating files:  81% (11988/14799)
2026-10-02T12:34:34.1795840Z Updating files:  82% (12136/14799)
2026-10-02T12:34:34.1937200Z Updating files:  83% (12284/14799)
2026-10-02T12:34:34.2115633Z Updating files:  84% (12432/14799)
2026-10-02T12:34:34.2321313Z Updating files:  85% (12580/14799)
2026-10-02T12:34:34.2459161Z Updating files:  86% (12728/14799)
2026-10-02T12:34:34.2591018Z Updating files:  87% (12876/14799)
2026-10-02T12:34:34.2688386Z Updating files:  88% (13024/14799)
2026-10-02T12:34:34.2820775Z Updating files:  89% (13172/14799)
2026-10-02T12:34:34.3025064Z Updating files:  90% (13320/14799)
2026-10-02T12:34:34.3127006Z Updating files:  91% (13468/14799)
2026-10-02T12:34:34.3217238Z Updating files:  92% (13616/14799)
2026-10-02T12:34:34.3300294Z Updating files:  93% (13764/14799)
2026-10-02T12:34:34.3398230Z Updating files:  94% (13912/14799)
2026-10-02T12:34:34.3467460Z Updating files:  95% (14060/14799)
2026-10-02T12:34:34.3574814Z Updating files:  96% (14208/14799)
2026-10-02T12:34:34.3670819Z Updating files:  97% (14356/14799)
2026-10-02T12:34:34.3762768Z Updating files:  98% (14504/14799)
2026-10-02T12:34:34.3862810Z Updating files:  99% (14652/14799)
2026-10-02T12:34:34.3863934Z Updating files: 100% (14799/14799)
2026-10-02T12:34:34.3864512Z Updating files: 100% (14799/14799), done.
2026-10-02T12:34:34.4065334Z Note: switching to 'refs/remotes/pull/55/merge'.
2026-10-02T12:34:34.4066036Z 
2026-10-02T12:34:34.4066376Z You are in 'detached HEAD' state. You can look around, make experimental
2026-10-02T12:34:34.4067163Z changes and commit them, and you can discard any commits you make in this
2026-10-02T12:34:34.4068427Z state without impacting any branches by switching back to a branch.
2026-10-02T12:34:34.4068879Z 
2026-10-02T12:34:34.4069180Z If you want to create a new branch to retain commits you create, you may
2026-10-02T12:34:34.4069900Z do so (now or later) by using -c with the switch command. Example:
2026-10-02T12:34:34.4070325Z 
2026-10-02T12:34:34.4070499Z   git switch -c <new-branch-name>
2026-10-02T12:34:34.4070785Z 
2026-10-02T12:34:34.4070943Z Or undo this operation with:
2026-10-02T12:34:34.4071210Z 
2026-10-02T12:34:34.4071345Z   git switch -
2026-10-02T12:34:34.4071543Z 
2026-10-02T12:34:34.4071885Z Turn off this advice by setting config variable advice.detachedHead to false
2026-10-02T12:34:34.4072689Z 
2026-10-02T12:34:34.4073326Z HEAD is now at cc9eb62 Merge c2f47a2778bb6a78c73237f8bb89fb271dfedcd6 into 2cf5caa3f966f919997c37b64d0bbf0e332438df
2026-10-02T12:34:34.4146365Z ##[endgroup]
2026-10-02T12:34:34.4200502Z [command]/usr/bin/git log -1 --format=%H
2026-10-02T12:34:34.4230329Z cc9eb62669870a19eeed7c880ccc6b0487d865b3
2026-10-02T12:34:34.4516914Z ##[group]Run actions/setup-python@5fda3b95a4ea91299a34e894583c3862153e4b97
2026-10-02T12:34:34.4517346Z with:
2026-10-02T12:34:34.4517858Z   python-version: 3.12.13
2026-10-02T12:34:34.4518104Z   check-latest: false
2026-10-02T12:34:34.4520333Z   token: ***
2026-10-02T12:34:34.4520543Z   update-environment: true
2026-10-02T12:34:34.4520782Z   allow-prereleases: false
2026-10-02T12:34:34.4521008Z   freethreaded: false
2026-10-02T12:34:34.4521220Z ##[endgroup]
2026-10-02T12:34:34.5719896Z ##[group]Installed versions
2026-10-02T12:34:34.5737150Z Version 3.12.13 was not found in the local cache
2026-10-02T12:34:35.2744007Z Version 3.12.13 is available for downloading
2026-10-02T12:34:35.2745581Z Download from "https://github.com/actions/python-versions/releases/download/3.12.13-27650778726/python-3.12.13-linux-24.04-x64.tar.gz"
2026-10-02T12:34:35.9447674Z Extract downloaded archive
2026-10-02T12:34:35.9579062Z [command]/usr/bin/tar xz --warning=no-unknown-keyword --overwrite -C <RUNNER_HOME>/work/_temp/d4398aa1-6ae1-4eb4-8a40-ecac8fc9b1ae -f <RUNNER_HOME>/work/_temp/d1ea2d1c-6d9f-4062-94a5-521092941321
2026-10-02T12:34:37.8618837Z Execute installation script
2026-10-02T12:34:37.8720531Z Check if Python hostedtoolcache folder exist...
2026-10-02T12:34:37.8721149Z Create Python 3.12.13 folder
2026-10-02T12:34:37.8734229Z Copy Python binaries to hostedtoolcache folder
2026-10-02T12:34:38.3825064Z Create additional symlinks (Required for the UsePythonVersion Azure Pipelines task and the setup-python GitHub Action)
2026-10-02T12:34:38.3882223Z Upgrading pip...
2026-10-02T12:34:41.3564342Z Collecting pip
2026-10-02T12:34:41.3874193Z Downloading pip-26.2.1-py3-none-any.whl.metadata (4.6 kB)
2026-10-02T12:34:41.3946950Z Downloading pip-26.2.1-py3-none-any.whl (1.8 MB)
2026-10-02T12:34:41.4366364Z ━━━━━━━━━━━━━━━━━━━━━━━━━━━━━━━━━━━━━━━━ 1.8/1.8 MB 78.2 MB/s eta 0:00:00
2026-10-02T12:34:41.4366940Z 
2026-10-02T12:34:41.4571113Z Installing collected packages: pip
2026-10-02T12:34:41.4572738Z Attempting uninstall: pip
2026-10-02T12:34:41.4594830Z Found existing installation: pip 25.0.1
2026-10-02T12:34:41.4959128Z Uninstalling pip-25.0.1:
2026-10-02T12:34:41.5017713Z Successfully uninstalled pip-25.0.1
2026-10-02T12:34:42.4309572Z Successfully installed pip-26.2.1
2026-10-02T12:34:42.4806037Z Create complete file
2026-10-02T12:34:42.4843551Z Successfully set up CPython (3.12.13)
2026-10-02T12:34:42.4844351Z ##[endgroup]
2026-10-02T12:34:42.5049553Z ##[group]Run actions/setup-node@820762786026740c76f36085b0efc47a31fe5020
2026-10-02T12:34:42.5049950Z with:
2026-10-02T12:34:42.5050144Z   node-version: 24.21.0
2026-10-02T12:34:42.5050391Z   check-latest: false
2026-10-02T12:34:42.5052541Z   token: ***
2026-10-02T12:34:42.5052772Z   package-manager-cache: true
2026-10-02T12:34:42.5053014Z env:
2026-10-02T12:34:42.5053265Z   pythonLocation: /opt/hostedtoolcache/Python/3.12.13/x64
2026-10-02T12:34:42.5053705Z   PKG_CONFIG_PATH: /opt/hostedtoolcache/Python/3.12.13/x64/lib/pkgconfig
2026-10-02T12:34:42.5054135Z   Python_ROOT_DIR: /opt/hostedtoolcache/Python/3.12.13/x64
2026-10-02T12:34:42.5054508Z   Python2_ROOT_DIR: /opt/hostedtoolcache/Python/3.12.13/x64
2026-10-02T12:34:42.5054874Z   Python3_ROOT_DIR: /opt/hostedtoolcache/Python/3.12.13/x64
2026-10-02T12:34:42.5055248Z   LD_LIBRARY_PATH: /opt/hostedtoolcache/Python/3.12.13/x64/lib
2026-10-02T12:34:42.5055562Z ##[endgroup]
2026-10-02T12:34:42.6334847Z Found in cache @ /opt/hostedtoolcache/node/24.21.0/x64
2026-10-02T12:34:42.6337867Z ##[group]Environment details
2026-10-02T12:34:43.0471217Z node: v24.21.0
2026-10-02T12:34:43.0471812Z npm: 11.19.0
2026-10-02T12:34:43.0472390Z yarn: 1.22.22
2026-10-02T12:34:43.0472954Z ##[endgroup]
2026-10-02T12:34:43.0603252Z ##[group]Run npm ci --prefix apps/web
2026-10-02T12:34:43.0603635Z [36;1mnpm ci --prefix apps/web[0m
2026-10-02T12:34:43.0859207Z shell: /usr/bin/bash -e {0}
2026-10-02T12:34:43.0859531Z env:
2026-10-02T12:34:43.0859867Z   pythonLocation: /opt/hostedtoolcache/Python/3.12.13/x64
2026-10-02T12:34:43.0860436Z   PKG_CONFIG_PATH: /opt/hostedtoolcache/Python/3.12.13/x64/lib/pkgconfig
2026-10-02T12:34:43.0860997Z   Python_ROOT_DIR: /opt/hostedtoolcache/Python/3.12.13/x64
2026-10-02T12:34:43.0861511Z   Python2_ROOT_DIR: /opt/hostedtoolcache/Python/3.12.13/x64
2026-10-02T12:34:43.0862008Z   Python3_ROOT_DIR: /opt/hostedtoolcache/Python/3.12.13/x64
2026-10-02T12:34:43.0862510Z   LD_LIBRARY_PATH: /opt/hostedtoolcache/Python/3.12.13/x64/lib
2026-10-02T12:34:43.0862940Z ##[endgroup]
2026-10-02T12:34:52.5443164Z 
2026-10-02T12:34:52.5453297Z added 257 packages, and audited 258 packages in 9s
2026-10-02T12:34:52.5453693Z 
2026-10-02T12:34:52.5453927Z 118 packages are looking for funding
2026-10-02T12:34:52.5454381Z   run `npm fund` for details
2026-10-02T12:34:52.5457680Z 
2026-10-02T12:34:52.5457950Z found 0 vulnerabilities
2026-10-02T12:34:52.6097763Z ##[group]Run python -m pip install uv==0.11.21
2026-10-02T12:34:52.6098233Z [36;1mpython -m pip install uv==0.11.21[0m
2026-10-02T12:34:52.6162580Z shell: /usr/bin/bash -e {0}
2026-10-02T12:34:52.6162823Z env:
2026-10-02T12:34:52.6163091Z   pythonLocation: /opt/hostedtoolcache/Python/3.12.13/x64
2026-10-02T12:34:52.6163524Z   PKG_CONFIG_PATH: /opt/hostedtoolcache/Python/3.12.13/x64/lib/pkgconfig
2026-10-02T12:34:52.6163940Z   Python_ROOT_DIR: /opt/hostedtoolcache/Python/3.12.13/x64
2026-10-02T12:34:52.6164309Z   Python2_ROOT_DIR: /opt/hostedtoolcache/Python/3.12.13/x64
2026-10-02T12:34:52.6164684Z   Python3_ROOT_DIR: /opt/hostedtoolcache/Python/3.12.13/x64
2026-10-02T12:34:52.6165066Z   LD_LIBRARY_PATH: /opt/hostedtoolcache/Python/3.12.13/x64/lib
2026-10-02T12:34:52.6165416Z ##[endgroup]
2026-10-02T12:34:53.8062298Z Collecting uv==0.11.21
2026-10-02T12:34:53.8544653Z   Downloading uv-0.11.21-py3-none-manylinux_2_17_x86_64.manylinux2014_x86_64.whl.metadata (11 kB)
2026-10-02T12:34:53.8635749Z Downloading uv-0.11.21-py3-none-manylinux_2_17_x86_64.manylinux2014_x86_64.whl (25.1 MB)
2026-10-02T12:34:54.5433966Z    ━━━━━━━━━━━━━━━━━━━━━━━━━━━━━━━━━━━━━━━━ 25.1/25.1 MB 38.1 MB/s  0:00:00
2026-10-02T12:34:54.5883012Z Installing collected packages: uv
2026-10-02T12:34:54.8448415Z Successfully installed uv-0.11.21
2026-10-02T12:34:54.8977121Z ##[group]Run uv sync --frozen
2026-10-02T12:34:54.8977710Z [36;1muv sync --frozen[0m
2026-10-02T12:34:54.9041414Z shell: /usr/bin/bash -e {0}
2026-10-02T12:34:54.9041663Z env:
2026-10-02T12:34:54.9041928Z   pythonLocation: /opt/hostedtoolcache/Python/3.12.13/x64
2026-10-02T12:34:54.9042357Z   PKG_CONFIG_PATH: /opt/hostedtoolcache/Python/3.12.13/x64/lib/pkgconfig
2026-10-02T12:34:54.9042782Z   Python_ROOT_DIR: /opt/hostedtoolcache/Python/3.12.13/x64
2026-10-02T12:34:54.9043180Z   Python2_ROOT_DIR: /opt/hostedtoolcache/Python/3.12.13/x64
2026-10-02T12:34:54.9043555Z   Python3_ROOT_DIR: /opt/hostedtoolcache/Python/3.12.13/x64
2026-10-02T12:34:54.9043952Z   LD_LIBRARY_PATH: /opt/hostedtoolcache/Python/3.12.13/x64/lib
2026-10-02T12:34:54.9044291Z ##[endgroup]
2026-10-02T12:34:54.9651726Z Using CPython 3.12.13 interpreter at: /opt/hostedtoolcache/Python/3.12.13/x64/bin/python3.12
2026-10-02T12:34:54.9652620Z Creating virtual environment at: .venv
2026-10-02T12:34:55.0524708Z Downloading ast-serialize (1.3MiB)
2026-10-02T12:34:55.0527868Z Downloading pydantic-core (2.0MiB)
2026-10-02T12:34:55.0533438Z Downloading pygments (1.2MiB)
2026-10-02T12:34:55.0542324Z Downloading mypy (14.6MiB)
2026-10-02T12:34:55.0547488Z Downloading ruff (9.9MiB)
2026-10-02T12:34:55.2312732Z  Downloaded ast-serialize
2026-10-02T12:34:55.2549986Z  Downloaded pydantic-core
2026-10-02T12:34:55.3492159Z  Downloaded ruff
2026-10-02T12:34:55.4299284Z  Downloaded pygments
2026-10-02T12:34:55.6153776Z  Downloaded mypy
2026-10-02T12:34:55.6156814Z Prepared 37 packages in 647ms
2026-10-02T12:34:55.6607328Z Installed 37 packages in 44ms
2026-10-02T12:34:55.6608254Z  + annotated-doc==0.0.5
2026-10-02T12:34:55.6608820Z  + annotated-types==0.8.0
2026-10-02T12:34:55.6609363Z  + anyio==4.15.1
2026-10-02T12:34:55.6613163Z  + ast-serialize==0.11.2
2026-10-02T12:34:55.6614106Z  + attrs==26.1.0
2026-10-02T12:34:55.6614593Z  + certifi==2026.7.22
2026-10-02T12:34:55.6615103Z  + click==8.5.0
2026-10-02T12:34:55.6615593Z  + defusedxml==0.7.1
2026-10-02T12:34:55.6616067Z  + fastapi==0.141.1
2026-10-02T12:34:55.6616607Z  + h11==0.16.0
2026-10-02T12:34:55.6617042Z  + httpcore==1.0.9
2026-10-02T12:34:55.6617741Z  + httpx==0.28.1
2026-10-02T12:34:55.6618205Z  + idna==3.19
2026-10-02T12:34:55.6618646Z  + iniconfig==2.3.0
2026-10-02T12:34:55.6619121Z  + jsonschema==4.26.0
2026-10-02T12:34:55.6619726Z  + jsonschema-specifications==2025.9.1
2026-10-02T12:34:55.6620324Z  + librt==0.15.0
2026-10-02T12:34:55.6620807Z  + markdown-it-py==4.2.0
2026-10-02T12:34:55.6621324Z  + mdurl==0.1.2
2026-10-02T12:34:55.6621764Z  + mypy==2.3.1
2026-10-02T12:34:55.6622236Z  + mypy-extensions==1.1.0
2026-10-02T12:34:55.6622696Z  + packaging==26.3
2026-10-02T12:34:55.6623046Z  + pathspec==1.1.1
2026-10-02T12:34:55.6623380Z  + pluggy==1.6.0
2026-10-02T12:34:55.6623714Z  + pydantic==2.13.5
2026-10-02T12:34:55.6624049Z  + pydantic-core==2.46.5
2026-10-02T12:34:55.6624418Z  + pygments==2.21.0
2026-10-02T12:34:55.6624813Z  + pypdf==6.18.1
2026-10-02T12:34:55.6625216Z  + pytest==9.1.1
2026-10-02T12:34:55.6625629Z  + python-multipart==0.0.32
2026-10-02T12:34:55.6626029Z  + referencing==0.37.0
2026-10-02T12:34:55.6626387Z  + rpds-py==2026.6.3
2026-10-02T12:34:55.6626742Z  + ruff==0.16.7
2026-10-02T12:34:55.6627097Z  + starlette==1.6.0
2026-10-02T12:34:55.6627727Z  + typing-extensions==4.16.0
2026-10-02T12:34:55.6628167Z  + typing-inspection==0.4.4
2026-10-02T12:34:55.6628598Z  + uvicorn==0.53.0
2026-10-02T12:34:55.6704684Z ##[group]Run make verify-spec
2026-10-02T12:34:55.6705001Z [36;1mmake verify-spec[0m
2026-10-02T12:34:55.6769692Z shell: /usr/bin/bash -e {0}
2026-10-02T12:34:55.6769941Z env:
2026-10-02T12:34:55.6770223Z   pythonLocation: /opt/hostedtoolcache/Python/3.12.13/x64
2026-10-02T12:34:55.6770673Z   PKG_CONFIG_PATH: /opt/hostedtoolcache/Python/3.12.13/x64/lib/pkgconfig
2026-10-02T12:34:55.6771097Z   Python_ROOT_DIR: /opt/hostedtoolcache/Python/3.12.13/x64
2026-10-02T12:34:55.6771482Z   Python2_ROOT_DIR: /opt/hostedtoolcache/Python/3.12.13/x64
2026-10-02T12:34:55.6771863Z   Python3_ROOT_DIR: /opt/hostedtoolcache/Python/3.12.13/x64
2026-10-02T12:34:55.6772253Z   LD_LIBRARY_PATH: /opt/hostedtoolcache/Python/3.12.13/x64/lib
2026-10-02T12:34:55.6772589Z ##[endgroup]
2026-10-02T12:34:55.8021390Z uv run --frozen python scripts/verify_spec.py
2026-10-02T12:35:01.6788782Z {
2026-10-02T12:35:01.6789278Z   "embedded_files": 6,
2026-10-02T12:35:01.6789787Z   "generated_artifacts": 78,
2026-10-02T12:35:01.6790354Z   "learning_effectiveness": "NOT_RUN",
2026-10-02T12:35:01.6790727Z   "models": 54,
2026-10-02T12:35:01.6791005Z   "package_receipts": [
2026-10-02T12:35:01.6791287Z     {
2026-10-02T12:35:01.6791812Z       "archive_sha256": "9933ad962be34e42a29a3299e81c0f03249b584ba1574299672b76eb0242e7b6",
2026-10-02T12:35:01.6792401Z       "object_count": 9,
2026-10-02T12:35:01.6792704Z       "payload_count": 12,
2026-10-02T12:35:01.6793008Z       "profile": "author",
2026-10-02T12:35:01.6793378Z       "scope": "structure_and_integrity_only",
2026-10-02T12:35:01.6793759Z       "total_bytes": 6730
2026-10-02T12:35:01.6794042Z     },
2026-10-02T12:35:01.6794278Z     {
2026-10-02T12:35:01.6794798Z       "archive_sha256": "6d4ddb4c423521625d4686765e1f80f2b65e46ee874eca1bec118dc20a136479",
2026-10-02T12:35:01.6795369Z       "object_count": 9,
2026-10-02T12:35:01.6795669Z       "payload_count": 11,
2026-10-02T12:35:01.6795980Z       "profile": "learner",
2026-10-02T12:35:01.6796364Z       "scope": "structure_and_integrity_only",
2026-10-02T12:35:01.6797092Z       "total_bytes": 5179
2026-10-02T12:35:01.6797375Z     }
2026-10-02T12:35:01.6797959Z   ],
2026-10-02T12:35:01.6798252Z   "product_acceptance": "NOT_RUN",
2026-10-02T12:35:01.6798634Z   "publication": "NOT_CHECKED",
2026-10-02T12:35:01.6798973Z   "real_codex": "NOT_RUN",
2026-10-02T12:35:01.6799282Z   "real_provider": "NOT_RUN",
2026-10-02T12:35:01.6799600Z   "requirements": 38,
2026-10-02T12:35:01.6799965Z   "routes": 130,
2026-10-02T12:35:01.6800286Z   "scope": "M0_structural_baseline_only",
2026-10-02T12:35:01.6800716Z   "source": "PRODUCT_DESIGN.md",
2026-10-02T12:35:01.6801296Z   "spec_sha256": "1c571ee91a7d39dedd2e8395f48766bd6183d496154ee9bdd9b67cb978ff26d7",
2026-10-02T12:35:01.6801851Z   "spec_version": "3.0.12",
2026-10-02T12:35:01.6802196Z   "sql_tables_including_fts": 53,
2026-10-02T12:35:01.6802525Z   "status": "PASS",
2026-10-02T12:35:01.6802805Z   "target_scenarios": 33,
2026-10-02T12:35:01.6803094Z   "tasks": 27
2026-10-02T12:35:01.6803343Z }
2026-10-02T12:35:01.8500496Z ##[group]Run uv run --frozen pytest tests/contract tests/unit/test_spec_*.py
2026-10-02T12:35:01.8501076Z [36;1muv run --frozen pytest tests/contract tests/unit/test_spec_*.py[0m
2026-10-02T12:35:01.8565239Z shell: /usr/bin/bash -e {0}
2026-10-02T12:35:01.8565494Z env:
2026-10-02T12:35:01.8565765Z   pythonLocation: /opt/hostedtoolcache/Python/3.12.13/x64
2026-10-02T12:35:01.8566218Z   PKG_CONFIG_PATH: /opt/hostedtoolcache/Python/3.12.13/x64/lib/pkgconfig
2026-10-02T12:35:01.8566656Z   Python_ROOT_DIR: /opt/hostedtoolcache/Python/3.12.13/x64
2026-10-02T12:35:01.8567068Z   Python2_ROOT_DIR: /opt/hostedtoolcache/Python/3.12.13/x64
2026-10-02T12:35:01.8567682Z   Python3_ROOT_DIR: /opt/hostedtoolcache/Python/3.12.13/x64
2026-10-02T12:35:01.8568084Z   LD_LIBRARY_PATH: /opt/hostedtoolcache/Python/3.12.13/x64/lib
2026-10-02T12:35:01.8568417Z ##[endgroup]
2026-10-02T12:35:07.3593469Z ============================= test session starts ==============================
2026-10-02T12:35:07.3594546Z platform linux -- Python 3.12.13, pytest-9.1.1, pluggy-1.6.0
2026-10-02T12:35:07.3595529Z rootdir: <RUNNER_HOME>/work/Learning_Workbench/Learning_Workbench
2026-10-02T12:35:07.3596202Z configfile: pyproject.toml
2026-10-02T12:35:07.3596665Z plugins: anyio-4.15.1
2026-10-02T12:35:07.3597198Z collected 736 items
2026-10-02T12:35:07.3597754Z 
2026-10-02T12:36:58.8307007Z tests/contract/test_api_projection.py .................................. [  4%]
2026-10-02T12:40:59.0735969Z ........................................................................ [ 14%]
2026-10-02T12:41:21.4049942Z .......                                                                  [ 15%]
2026-10-02T12:41:21.6129049Z tests/contract/test_authoring_contracts.py ...........                   [ 16%]
2026-10-02T12:41:21.7702093Z tests/contract/test_authoring_group_models.py .......................... [ 20%]
2026-10-02T12:41:21.7809475Z .......                                                                  [ 21%]
2026-10-02T12:41:24.0066695Z tests/contract/test_content_impact_decisions.py ....                     [ 21%]
2026-10-02T12:41:26.3258862Z tests/contract/test_content_impact_discovery.py ..................       [ 24%]
2026-10-02T12:41:28.5770790Z tests/contract/test_draft_edit_projection.py ..                          [ 24%]
2026-10-02T12:41:28.7398512Z tests/contract/test_generated_transport.py ...............               [ 26%]
2026-10-02T12:41:29.1031901Z tests/contract/test_generated_upload.py ..                               [ 26%]
2026-10-02T12:41:29.5167997Z tests/contract/test_models.py ............................               [ 30%]
2026-10-02T12:41:29.5307322Z tests/contract/test_optional_patch.py .                                  [ 30%]
2026-10-02T12:41:29.7396168Z tests/contract/test_package_integrity.py ........................        [ 34%]
2026-10-02T12:41:29.8628626Z tests/contract/test_practice_public_projection.py ...................... [ 37%]
2026-10-02T12:41:43.5935724Z .............                                                            [ 38%]
2026-10-02T12:41:44.4223647Z tests/contract/test_provider_binding.py .........................        [ 42%]
2026-10-02T12:41:45.1838328Z tests/contract/test_provider_dto.py .................................... [ 47%]
2026-10-02T12:41:45.4784716Z ........................................................................ [ 56%]
2026-10-02T12:41:45.4792255Z                                                                          [ 56%]
2026-10-02T12:41:45.6971709Z tests/contract/test_recommendation_binding.py ........                   [ 58%]
2026-10-02T12:41:45.7244169Z tests/contract/test_recommendation_dto.py .............................. [ 62%]
2026-10-02T12:41:45.9153172Z ........................                                                 [ 65%]
2026-10-02T12:41:45.9754955Z tests/contract/test_restore_numeric_dto.py ............................. [ 69%]
2026-10-02T12:41:45.9985426Z .........................                                                [ 72%]
2026-10-02T12:41:48.2003818Z tests/contract/test_restore_numeric_projection.py ..                     [ 72%]
2026-10-02T12:41:51.1527114Z tests/contract/test_restore_numeric_transport.py ....................... [ 76%]
2026-10-02T12:41:53.1233484Z ................                                                         [ 78%]
2026-10-02T12:41:53.1455803Z tests/contract/test_retrieval_dto.py ............................        [ 82%]
2026-10-02T12:42:42.7822503Z tests/contract/test_retrieval_generation.py ...................          [ 84%]
2026-10-02T12:42:57.0696868Z tests/contract/test_retrieval_http.py ....................               [ 87%]
2026-10-02T12:42:57.0853776Z tests/contract/test_review_requests.py ..................                [ 89%]
2026-10-02T12:42:57.1183135Z tests/contract/test_tutor_dto.py ....................................... [ 95%]
2026-10-02T12:42:57.1209525Z ..                                                                       [ 95%]
2026-10-02T12:42:58.9681020Z tests/contract/test_tutor_transport.py .....................             [ 98%]
2026-10-02T12:43:01.7055482Z tests/unit/test_spec_catalog.py ....                                     [ 98%]
2026-10-02T12:43:01.9083020Z tests/unit/test_spec_extraction.py .........                             [100%]
2026-10-02T12:43:01.9083608Z 
2026-10-02T12:43:01.9084003Z =============================== warnings summary ===============================
2026-10-02T12:43:01.9084640Z .venv/lib/python3.12/site-packages/fastapi/testclient.py:1
2026-10-02T12:43:01.9086162Z   <RUNNER_HOME>/work/Learning_Workbench/Learning_Workbench/.venv/lib/python3.12/site-packages/fastapi/testclient.py:1: StarletteDeprecationWarning: Using `httpx` with `starlette.testclient` is deprecated; install `httpx2` instead.
2026-10-02T12:43:01.9088082Z     from starlette.testclient import TestClient as TestClient  # noqa
2026-10-02T12:43:01.9088477Z 
2026-10-02T12:43:01.9088800Z .venv/lib/python3.12/site-packages/starlette/testclient.py:53
2026-10-02T12:43:01.9090372Z   <RUNNER_HOME>/work/Learning_Workbench/Learning_Workbench/.venv/lib/python3.12/site-packages/starlette/testclient.py:53: DeprecationWarning: The anyio.abc.BlockingPortal alias is deprecated, use anyio.from_thread.BlockingPortal instead.
2026-10-02T12:43:01.9091934Z     _PortalFactoryType = Callable[[], AbstractContextManager[anyio.abc.BlockingPortal]]
2026-10-02T12:43:01.9092398Z 
2026-10-02T12:43:01.9092771Z -- Docs: https://docs.pytest.org/en/stable/how-to/capture-warnings.html
2026-10-02T12:43:01.9093532Z ================= 736 passed, 2 warnings in 479.14s (0:07:59) ==================
2026-10-02T12:43:02.1989068Z Post job cleanup.
2026-10-02T12:43:02.3279343Z Post job cleanup.
2026-10-02T12:43:02.4898863Z Post job cleanup.
2026-10-02T12:43:02.5808280Z [command]/usr/bin/git version
2026-10-02T12:43:02.5854390Z git version 2.55.0
2026-10-02T12:43:02.5901855Z Temporarily overriding HOME='<RUNNER_HOME>/work/_temp/0c673307-3993-47d0-837b-769e5914e5a8' before making global git config changes
2026-10-02T12:43:02.5903359Z Adding repository directory to the temporary git global config as a safe directory
2026-10-02T12:43:02.5908131Z [command]/usr/bin/git config --global --add safe.directory <RUNNER_HOME>/work/Learning_Workbench/Learning_Workbench
2026-10-02T12:43:02.5950606Z Removing SSH command configuration
2026-10-02T12:43:02.5958877Z [command]/usr/bin/git config --local --name-only --get-regexp core\.sshCommand
2026-10-02T12:43:02.6000122Z [command]/usr/bin/git submodule foreach --recursive sh -c "git config --local --name-only --get-regexp 'core\.sshCommand' && git config --local --unset-all 'core.sshCommand' || :"
2026-10-02T12:43:02.6303839Z Removing HTTP extra header
2026-10-02T12:43:02.6311390Z [command]/usr/bin/git config --local --name-only --get-regexp http\.https\:\/\/github\.com\/\.extraheader
2026-10-02T12:43:02.6351714Z [command]/usr/bin/git submodule foreach --recursive sh -c "git config --local --name-only --get-regexp 'http\.https\:\/\/github\.com\/\.extraheader' && git config --local --unset-all 'http.https://github.com/.extraheader' || :"
2026-10-02T12:43:02.6625335Z Removing includeIf entries pointing to credentials config files
2026-10-02T12:43:02.6632633Z [command]/usr/bin/git config --local --name-only --get-regexp ^includeIf\.gitdir:
2026-10-02T12:43:02.6678552Z includeif.gitdir:<RUNNER_HOME>/work/Learning_Workbench/Learning_Workbench/.git.path
2026-10-02T12:43:02.6679832Z includeif.gitdir:<RUNNER_HOME>/work/Learning_Workbench/Learning_Workbench/.git/worktrees/*.path
2026-10-02T12:43:02.6680775Z includeif.gitdir:/github/workspace/.git.path
2026-10-02T12:43:02.6681484Z includeif.gitdir:/github/workspace/.git/worktrees/*.path
2026-10-02T12:43:02.6683409Z [command]/usr/bin/git config --local --get-all includeif.gitdir:<RUNNER_HOME>/work/Learning_Workbench/Learning_Workbench/.git.path
2026-10-02T12:43:02.6711792Z <RUNNER_HOME>/work/_temp/git-credentials-0e83df2f-1116-4a19-b5b4-fc6cf06889e4.config
2026-10-02T12:43:02.6725142Z [command]/usr/bin/git config --local --unset includeif.gitdir:<RUNNER_HOME>/work/Learning_Workbench/Learning_Workbench/.git.path \/home\/runner\/work\/_temp\/git\-credentials\-0e83df2f\-1116\-4a19\-b5b4\-fc6cf06889e4\.config
2026-10-02T12:43:02.6776715Z [command]/usr/bin/git config --local --get-all includeif.gitdir:<RUNNER_HOME>/work/Learning_Workbench/Learning_Workbench/.git/worktrees/*.path
2026-10-02T12:43:02.6818704Z <RUNNER_HOME>/work/_temp/git-credentials-0e83df2f-1116-4a19-b5b4-fc6cf06889e4.config
2026-10-02T12:43:02.6828787Z [command]/usr/bin/git config --local --unset includeif.gitdir:<RUNNER_HOME>/work/Learning_Workbench/Learning_Workbench/.git/worktrees/*.path \/home\/runner\/work\/_temp\/git\-credentials\-0e83df2f\-1116\-4a19\-b5b4\-fc6cf06889e4\.config
2026-10-02T12:43:02.6868480Z [command]/usr/bin/git config --local --get-all includeif.gitdir:/github/workspace/.git.path
2026-10-02T12:43:02.6896095Z /github/runner_temp/git-credentials-0e83df2f-1116-4a19-b5b4-fc6cf06889e4.config
2026-10-02T12:43:02.6904463Z [command]/usr/bin/git config --local --unset includeif.gitdir:/github/workspace/.git.path \/github\/runner_temp\/git\-credentials\-0e83df2f\-1116\-4a19\-b5b4\-fc6cf06889e4\.config
2026-10-02T12:43:02.6941316Z [command]/usr/bin/git config --local --get-all includeif.gitdir:/github/workspace/.git/worktrees/*.path
2026-10-02T12:43:02.6968397Z /github/runner_temp/git-credentials-0e83df2f-1116-4a19-b5b4-fc6cf06889e4.config
2026-10-02T12:43:02.6976208Z [command]/usr/bin/git config --local --unset includeif.gitdir:/github/workspace/.git/worktrees/*.path \/github\/runner_temp\/git\-credentials\-0e83df2f\-1116\-4a19\-b5b4\-fc6cf06889e4\.config
2026-10-02T12:43:02.7015328Z [command]/usr/bin/git submodule foreach --recursive git config --local --show-origin --name-only --get-regexp remote.origin.url
2026-10-02T12:43:02.7262481Z Removing credentials config '<RUNNER_HOME>/work/_temp/git-credentials-0e83df2f-1116-4a19-b5b4-fc6cf06889e4.config'
2026-10-02T12:43:02.7445340Z Cleaning up orphan processes
