
> @learning-workbench/web@0.1.0 test
> vitest run src/features/authoring/authoringGroupCommands.test.ts src/features/authoring/useAuthoringGroups.test.tsx


 RUN  v5.0.0 <LOCAL_HOME>/.cache/learning-workbench-acceptance/m61-groups-active/apps/web

 ❯ src/features/authoring/useAuthoringGroups.test.tsx (0 test)

⎯⎯⎯⎯⎯⎯ Failed Suites 1 ⎯⎯⎯⎯⎯⎯⎯

 FAIL  src/features/authoring/useAuthoringGroups.test.tsx [ src/features/authoring/useAuthoringGroups.test.tsx ]
Error: Transform failed with 2 errors:

[31m[PARSE_ERROR] [0m`await` is only allowed within async functions and at the top levels of modules
     [38;5;246m╭[0m[38;5;246m─[0m[38;5;246m[[0m src/features/authoring/useAuthoringGroups.test.tsx:599:76 [38;5;246m][0m
     [38;5;246m│[0m
 [38;5;246m599 │[0m [38;5;249m [0m[38;5;249m [0m[38;5;249mc[0m[38;5;249mo[0m[38;5;249mn[0m[38;5;249ms[0m[38;5;249mt[0m[38;5;249m [0m[38;5;249mh[0m[38;5;249mo[0m[38;5;249mo[0m[38;5;249mk[0m[38;5;249m [0m[38;5;249m=[0m[38;5;249m [0m[38;5;249mr[0m[38;5;249me[0m[38;5;249mn[0m[38;5;249md[0m[38;5;249me[0m[38;5;249mr[0m[38;5;249mH[0m[38;5;249mo[0m[38;5;249mo[0m[38;5;249mk[0m[38;5;249m([0m[38;5;249m([0m[38;5;249m)[0m[38;5;249m [0m[38;5;249m=[0m[38;5;249m>[0m[38;5;249m [0m[38;5;249mu[0m[38;5;249ms[0m[38;5;249me[0m[38;5;249mA[0m[38;5;249mu[0m[38;5;249mt[0m[38;5;249mh[0m[38;5;249mo[0m[38;5;249mr[0m[38;5;249mi[0m[38;5;249mn[0m[38;5;249mg[0m[38;5;249m([0m[38;5;249mf[0m[38;5;249m.[0m[38;5;249mw[0m[38;5;249mo[0m[38;5;249mr[0m[38;5;249mk[0m[38;5;249ms[0m[38;5;249mp[0m[38;5;249ma[0m[38;5;249mc[0m[38;5;249me[0m[38;5;249m,[0m[38;5;249m [0m[38;5;249mf[0m[38;5;249ma[0m[38;5;249ml[0m[38;5;249ms[0m[38;5;249me[0m[38;5;249m,[0m[38;5;249m [0m[38;5;249mf[0m[38;5;249m.[0m[38;5;249mp[0m[38;5;249mo[0m[38;5;249mr[0m[38;5;249mt[0m[38;5;249m)[0m[38;5;249m)[0m[38;5;249m;[0m[38;5;249m [0mawait[38;5;249m [0m[38;5;249mo[0m[38;5;249mp[0m[38;5;249me[0m[38;5;249mn[0m[38;5;249mD[0m[38;5;249mr[0m[38;5;249ma[0m[38;5;249mf[0m[38;5;249mt[0m[38;5;249m([0m[38;5;249mh[0m[38;5;249mo[0m[38;5;249mo[0m[38;5;249mk[0m[38;5;249m,[0m[38;5;249m [0m[38;5;249mf[0m[38;5;249m)[0m
 [38;5;240m    │[0m                                                                            ──┬──  
 [38;5;240m    │[0m                                                                              ╰──── 
 [38;5;240m    │[0m 
 [38;5;240m    │[0m [38;5;115mHelp[0m: Either remove this `await` or add the `async` keyword to the enclosing function
[38;5;246m─────╯[0m

[31m[PARSE_ERROR] [0m`await` is only allowed within async functions and at the top levels of modules
     [38;5;246m╭[0m[38;5;246m─[0m[38;5;246m[[0m src/features/authoring/useAuthoringGroups.test.tsx:600:3 [38;5;246m][0m
     [38;5;246m│[0m
 [38;5;246m600 │[0m [38;5;249m [0m[38;5;249m [0mawait[38;5;249m [0m[38;5;249ma[0m[38;5;249mc[0m[38;5;249mt[0m[38;5;249m([0m[38;5;249m([0m[38;5;249m)[0m[38;5;249m [0m[38;5;249m=[0m[38;5;249m>[0m[38;5;249m [0m[38;5;249mh[0m[38;5;249mo[0m[38;5;249mo[0m[38;5;249mk[0m[38;5;249m.[0m[38;5;249mr[0m[38;5;249me[0m[38;5;249ms[0m[38;5;249mu[0m[38;5;249ml[0m[38;5;249mt[0m[38;5;249m.[0m[38;5;249mc[0m[38;5;249mu[0m[38;5;249mr[0m[38;5;249mr[0m[38;5;249me[0m[38;5;249mn[0m[38;5;249mt[0m[38;5;249m.[0m[38;5;249mr[0m[38;5;249me[0m[38;5;249ma[0m[38;5;249md[0m[38;5;249mP[0m[38;5;249mr[0m[38;5;249mi[0m[38;5;249mv[0m[38;5;249ma[0m[38;5;249mt[0m[38;5;249me[0m[38;5;249mS[0m[38;5;249mo[0m[38;5;249ml[0m[38;5;249mu[0m[38;5;249mt[0m[38;5;249mi[0m[38;5;249mo[0m[38;5;249mn[0m[38;5;249m([0m[38;5;249mf[0m[38;5;249m.[0m[38;5;249ms[0m[38;5;249mo[0m[38;5;249ml[0m[38;5;249mu[0m[38;5;249mt[0m[38;5;249mi[0m[38;5;249mo[0m[38;5;249mn[0m[38;5;249m.[0m[38;5;249mr[0m[38;5;249me[0m[38;5;249mf[0m[38;5;249m.[0m[38;5;249mq[0m[38;5;249mu[0m[38;5;249me[0m[38;5;249ms[0m[38;5;249mt[0m[38;5;249mi[0m[38;5;249mo[0m[38;5;249mn[0m[38;5;249m.[0m[38;5;249mm[0m[38;5;249me[0m[38;5;249mm[0m[38;5;249mb[0m[38;5;249me[0m[38;5;249mr[0m[38;5;249m_[0m[38;5;249mk[0m[38;5;249me[0m[38;5;249my[0m[38;5;249m)[0m[38;5;249m)[0m
 [38;5;240m    │[0m   ──┬──  
 [38;5;240m    │[0m     ╰──── 
 [38;5;240m    │[0m 
 [38;5;240m    │[0m [38;5;115mHelp[0m: Either remove this `await` or add the `async` keyword to the enclosing function
[38;5;246m─────╯[0m

  Plugin: vite:oxc
  File: <LOCAL_HOME>/.cache/learning-workbench-acceptance/m61-groups-active/apps/web/src/features/authoring/useAuthoringGroups.test.tsx
 ❯ transformWithOxc ../../../../../Desktop/learning/Learning_Workbench/apps/web/node_modules/vite/dist/node/chunks/node.js:7208:19
 ❯ TransformPluginContext.transform ../../../../../Desktop/learning/Learning_Workbench/apps/web/node_modules/vite/dist/node/chunks/node.js:7280:26
 ❯ EnvironmentPluginContainer.transform ../../../../../Desktop/learning/Learning_Workbench/apps/web/node_modules/vite/dist/node/chunks/node.js:8172:51
 ❯ loadAndTransform ../../../../../Desktop/learning/Learning_Workbench/apps/web/node_modules/vite/dist/node/chunks/node.js:19634:26

⎯⎯⎯⎯⎯⎯⎯⎯⎯⎯⎯⎯⎯⎯⎯⎯⎯⎯⎯⎯⎯⎯⎯⎯[1/1]⎯


 Test Files  1 failed | 1 passed (2)
      Tests  14 passed (14)
   Start at  10:37:24
   Duration  454ms (environment 69%, transform 20%, import 6%, tests 3%, worker 1%)

