2026-09-15T15:50:19.2896766Z Current runner version: '2.337.0'
2026-09-15T15:50:19.2926092Z ##[group]Runner Image Provisioner
2026-09-15T15:50:19.2927566Z Hosted Compute Agent
2026-09-15T15:50:19.2928254Z Version: 20260828.587
2026-09-15T15:50:19.2929099Z Commit: abac92662cab4cc7352de4f9f9d2e2419aad9c29
2026-09-15T15:50:19.2930008Z Build Date: 2026-08-28T16:44:25Z
2026-09-15T15:50:19.2930915Z Worker ID: {b71d337b-16cc-4374-991b-22150ca0a367}
2026-09-15T15:50:19.2931802Z Azure Region: eastus
2026-09-15T15:50:19.2932508Z ##[endgroup]
2026-09-15T15:50:19.2934262Z ##[group]Operating System
2026-09-15T15:50:19.2935083Z Ubuntu
2026-09-15T15:50:19.2935767Z 24.04.5
2026-09-15T15:50:19.2936364Z LTS
2026-09-15T15:50:19.2936953Z ##[endgroup]
2026-09-15T15:50:19.2937808Z ##[group]Runner Image
2026-09-15T15:50:19.2938524Z Image: ubuntu-24.04
2026-09-15T15:50:19.2939268Z Version: 20260907.300.1
2026-09-15T15:50:19.2940871Z Included Software: https://github.com/actions/runner-images/blob/ubuntu24/20260907.300/images/ubuntu/Ubuntu2404-Readme.md
2026-09-15T15:50:19.2943671Z Image Release: https://github.com/actions/runner-images/releases/tag/ubuntu24%2F20260907.300
2026-09-15T15:50:19.2944971Z ##[endgroup]
2026-09-15T15:50:19.2946348Z ##[group]GITHUB_TOKEN Permissions
2026-09-15T15:50:19.2948902Z Contents: read
2026-09-15T15:50:19.2949610Z Metadata: read
2026-09-15T15:50:19.2950268Z ##[endgroup]
2026-09-15T15:50:19.2952802Z Secret source: Actions
2026-09-15T15:50:19.2953926Z Cache mode: write
2026-09-15T15:50:19.2955055Z Prepare workflow directory
2026-09-15T15:50:19.3324356Z Prepare all required actions
2026-09-15T15:50:19.3380248Z Getting action download info
2026-09-15T15:50:19.5235538Z Download action repository 'actions/checkout@3d3c42e5aac5ba805825da76410c181273ba90b1' (SHA:3d3c42e5aac5ba805825da76410c181273ba90b1)
2026-09-15T15:50:19.6845852Z Download action repository 'actions/setup-python@5fda3b95a4ea91299a34e894583c3862153e4b97' (SHA:5fda3b95a4ea91299a34e894583c3862153e4b97)
2026-09-15T15:50:19.9722057Z Download action repository 'actions/setup-node@820762786026740c76f36085b0efc47a31fe5020' (SHA:820762786026740c76f36085b0efc47a31fe5020)
2026-09-15T15:50:20.2655908Z Complete job name: spec-contracts
2026-09-15T15:50:20.3446331Z ##[group]Run actions/checkout@3d3c42e5aac5ba805825da76410c181273ba90b1
2026-09-15T15:50:20.3448075Z with:
2026-09-15T15:50:20.3448829Z   repository: kl3574/Learning_Workbench
2026-09-15T15:50:20.3455629Z   token: ***
2026-09-15T15:50:20.3456353Z   ssh-strict: true
2026-09-15T15:50:20.3457104Z   ssh-user: git
2026-09-15T15:50:20.3457991Z   persist-credentials: true
2026-09-15T15:50:20.3458803Z   clean: true
2026-09-15T15:50:20.3459550Z   sparse-checkout-cone-mode: true
2026-09-15T15:50:20.3460420Z   fetch-depth: 1
2026-09-15T15:50:20.3461135Z   fetch-tags: false
2026-09-15T15:50:20.3461882Z   show-progress: true
2026-09-15T15:50:20.3462629Z   lfs: false
2026-09-15T15:50:20.3463332Z   submodules: false
2026-09-15T15:50:20.3464088Z   set-safe-directory: true
2026-09-15T15:50:20.3464942Z   allow-unsafe-pr-checkout: false
2026-09-15T15:50:20.3466078Z ##[endgroup]
2026-09-15T15:50:20.4297904Z Syncing repository: kl3574/Learning_Workbench
2026-09-15T15:50:20.4300660Z ##[group]Getting Git version info
2026-09-15T15:50:20.4302221Z Working directory is '<github-runner-home>/work/Learning_Workbench/Learning_Workbench'
2026-09-15T15:50:20.4304037Z [command]/usr/bin/git version
2026-09-15T15:50:20.4426020Z git version 2.55.0
2026-09-15T15:50:20.4443655Z ##[endgroup]
2026-09-15T15:50:20.4453384Z Temporarily overriding HOME='<github-runner-home>/work/_temp/0b70f7fd-cca6-4652-8289-af85f16b0ccb' before making global git config changes
2026-09-15T15:50:20.4456778Z Adding repository directory to the temporary git global config as a safe directory
2026-09-15T15:50:20.4460625Z [command]/usr/bin/git config --global --add safe.directory <github-runner-home>/work/Learning_Workbench/Learning_Workbench
2026-09-15T15:50:20.4514780Z Deleting the contents of '<github-runner-home>/work/Learning_Workbench/Learning_Workbench'
2026-09-15T15:50:20.4518509Z ##[group]Determining repository object format
2026-09-15T15:50:20.4521281Z ##[endgroup]
2026-09-15T15:50:20.4523062Z ##[group]Initializing the repository
2026-09-15T15:50:20.4525118Z [command]/usr/bin/git init <github-runner-home>/work/Learning_Workbench/Learning_Workbench
2026-09-15T15:50:20.5423857Z hint: Using 'master' as the name for the initial branch. This default branch name
2026-09-15T15:50:20.5425875Z hint: will change to "main" in Git 3.0. To configure the initial branch name
2026-09-15T15:50:20.5428678Z hint: to use in all of your new repositories, which will suppress this warning,
2026-09-15T15:50:20.5430411Z hint: call:
2026-09-15T15:50:20.5431268Z hint:
2026-09-15T15:50:20.5432138Z hint: 	git config --global init.defaultBranch <name>
2026-09-15T15:50:20.5433159Z hint:
2026-09-15T15:50:20.5434143Z hint: Names commonly chosen instead of 'master' are 'main', 'trunk' and
2026-09-15T15:50:20.5435922Z hint: 'development'. The just-created branch can be renamed via this command:
2026-09-15T15:50:20.5437237Z hint:
2026-09-15T15:50:20.5438020Z hint: 	git branch -m <name>
2026-09-15T15:50:20.5438900Z hint:
2026-09-15T15:50:20.5439948Z hint: Disable this message with "git config set advice.defaultBranchName false"
2026-09-15T15:50:20.5441751Z Initialized empty Git repository in <github-runner-home>/work/Learning_Workbench/Learning_Workbench/.git/
2026-09-15T15:50:20.5444980Z [command]/usr/bin/git remote add origin https://github.com/kl3574/Learning_Workbench
2026-09-15T15:50:20.5485116Z ##[endgroup]
2026-09-15T15:50:20.5487659Z ##[group]Disabling automatic garbage collection
2026-09-15T15:50:20.5488743Z [command]/usr/bin/git config --local gc.auto 0
2026-09-15T15:50:20.5515686Z ##[endgroup]
2026-09-15T15:50:20.5516839Z ##[group]Setting up auth
2026-09-15T15:50:20.5517854Z Removing SSH command configuration
2026-09-15T15:50:20.5519683Z [command]/usr/bin/git config --local --name-only --get-regexp core\.sshCommand
2026-09-15T15:50:20.5549477Z [command]/usr/bin/git submodule foreach --recursive sh -c "git config --local --name-only --get-regexp 'core\.sshCommand' && git config --local --unset-all 'core.sshCommand' || :"
2026-09-15T15:50:20.6783328Z Removing HTTP extra header
2026-09-15T15:50:20.6788936Z [command]/usr/bin/git config --local --name-only --get-regexp http\.https\:\/\/github\.com\/\.extraheader
2026-09-15T15:50:20.6822091Z [command]/usr/bin/git submodule foreach --recursive sh -c "git config --local --name-only --get-regexp 'http\.https\:\/\/github\.com\/\.extraheader' && git config --local --unset-all 'http.https://github.com/.extraheader' || :"
2026-09-15T15:50:20.7016264Z Removing includeIf entries pointing to credentials config files
2026-09-15T15:50:20.7021012Z [command]/usr/bin/git config --local --name-only --get-regexp ^includeIf\.gitdir:
2026-09-15T15:50:20.7055477Z [command]/usr/bin/git submodule foreach --recursive git config --local --show-origin --name-only --get-regexp remote.origin.url
2026-09-15T15:50:20.7261687Z [command]/usr/bin/git config --file <github-runner-home>/work/_temp/git-credentials-639c0418-2da1-457e-bcab-ed57f3cca859.config http.https://github.com/.extraheader AUTHORIZATION: basic ***
2026-09-15T15:50:20.7301574Z [command]/usr/bin/git config --local includeIf.gitdir:<github-runner-home>/work/Learning_Workbench/Learning_Workbench/.git.path <github-runner-home>/work/_temp/git-credentials-639c0418-2da1-457e-bcab-ed57f3cca859.config
2026-09-15T15:50:20.7334247Z [command]/usr/bin/git config --local includeIf.gitdir:<github-runner-home>/work/Learning_Workbench/Learning_Workbench/.git/worktrees/*.path <github-runner-home>/work/_temp/git-credentials-639c0418-2da1-457e-bcab-ed57f3cca859.config
2026-09-15T15:50:20.7370134Z [command]/usr/bin/git config --local includeIf.gitdir:/github/workspace/.git.path /github/runner_temp/git-credentials-639c0418-2da1-457e-bcab-ed57f3cca859.config
2026-09-15T15:50:20.7403908Z [command]/usr/bin/git config --local includeIf.gitdir:/github/workspace/.git/worktrees/*.path /github/runner_temp/git-credentials-639c0418-2da1-457e-bcab-ed57f3cca859.config
2026-09-15T15:50:20.7433659Z ##[endgroup]
2026-09-15T15:50:20.7434268Z ##[group]Fetching the repository
2026-09-15T15:50:20.7441012Z [command]/usr/bin/git -c protocol.version=2 fetch --no-tags --prune --no-recurse-submodules --depth=1 origin +00106992e33aecfa4d2cc0d79b474cb5aa463fdb:refs/remotes/origin/feat/M5.3-tutor-runs
2026-09-15T15:50:24.0286431Z From https://github.com/kl3574/Learning_Workbench
2026-09-15T15:50:24.0287073Z  * [new ref]         00106992e33aecfa4d2cc0d79b474cb5aa463fdb -> origin/feat/M5.3-tutor-runs
2026-09-15T15:50:24.0294273Z [command]/usr/bin/git branch --list --remote origin/feat/M5.3-tutor-runs
2026-09-15T15:50:24.0323645Z   origin/feat/M5.3-tutor-runs
2026-09-15T15:50:24.0331632Z [command]/usr/bin/git rev-parse refs/remotes/origin/feat/M5.3-tutor-runs
2026-09-15T15:50:24.0358658Z 00106992e33aecfa4d2cc0d79b474cb5aa463fdb
2026-09-15T15:50:24.0362645Z ##[endgroup]
2026-09-15T15:50:24.0363263Z ##[group]Determining the checkout info
2026-09-15T15:50:24.0363974Z ##[endgroup]
2026-09-15T15:50:24.0368049Z [command]/usr/bin/git sparse-checkout disable
2026-09-15T15:50:24.0420131Z [command]/usr/bin/git config --local --unset-all extensions.worktreeConfig
2026-09-15T15:50:24.0451684Z ##[group]Checking out the ref
2026-09-15T15:50:24.0456263Z [command]/usr/bin/git checkout --progress --force -B feat/M5.3-tutor-runs refs/remotes/origin/feat/M5.3-tutor-runs
2026-09-15T15:50:24.5228578Z Switched to a new branch 'feat/M5.3-tutor-runs'
2026-09-15T15:50:24.5232258Z branch 'feat/M5.3-tutor-runs' set up to track 'origin/feat/M5.3-tutor-runs'.
2026-09-15T15:50:24.5261310Z ##[endgroup]
2026-09-15T15:50:24.5311256Z [command]/usr/bin/git log -1 --format=%H
2026-09-15T15:50:24.5341044Z 00106992e33aecfa4d2cc0d79b474cb5aa463fdb
2026-09-15T15:50:24.5626507Z ##[group]Run actions/setup-python@5fda3b95a4ea91299a34e894583c3862153e4b97
2026-09-15T15:50:24.5626850Z with:
2026-09-15T15:50:24.5627021Z   python-version: 3.12.13
2026-09-15T15:50:24.5627440Z   check-latest: false
2026-09-15T15:50:24.5629523Z   token: ***
2026-09-15T15:50:24.5629713Z   update-environment: true
2026-09-15T15:50:24.5629914Z   allow-prereleases: false
2026-09-15T15:50:24.5630135Z   freethreaded: false
2026-09-15T15:50:24.5630318Z ##[endgroup]
2026-09-15T15:50:24.6587708Z ##[group]Installed versions
2026-09-15T15:50:24.6617978Z Version 3.12.13 was not found in the local cache
2026-09-15T15:50:25.2556574Z Version 3.12.13 is available for downloading
2026-09-15T15:50:25.2557661Z Download from "https://github.com/actions/python-versions/releases/download/3.12.13-27650778726/python-3.12.13-linux-24.04-x64.tar.gz"
2026-09-15T15:50:25.9246209Z Extract downloaded archive
2026-09-15T15:50:25.9339981Z [command]/usr/bin/tar xz --warning=no-unknown-keyword --overwrite -C <github-runner-home>/work/_temp/eb3f0ce4-cce1-428d-83c7-13964ebb936e -f <github-runner-home>/work/_temp/407dff43-e704-4f58-8411-f8f380eff3b9
2026-09-15T15:50:27.6429193Z Execute installation script
2026-09-15T15:50:27.6513310Z Check if Python hostedtoolcache folder exist...
2026-09-15T15:50:27.6513737Z Create Python 3.12.13 folder
2026-09-15T15:50:27.6524409Z Copy Python binaries to hostedtoolcache folder
2026-09-15T15:50:28.0396353Z Create additional symlinks (Required for the UsePythonVersion Azure Pipelines task and the setup-python GitHub Action)
2026-09-15T15:50:28.0432454Z Upgrading pip...
2026-09-15T15:50:32.8629738Z Collecting pip
2026-09-15T15:50:32.8916489Z Downloading pip-26.2.1-py3-none-any.whl.metadata (4.6 kB)
2026-09-15T15:50:32.9503757Z Downloading pip-26.2.1-py3-none-any.whl (1.8 MB)
2026-09-15T15:50:33.0955316Z ━━━━━━━━━━━━━━━━━━━━━━━━━━━━━━━━━━━━━━━━ 1.8/1.8 MB 12.0 MB/s eta 0:00:00
2026-09-15T15:50:33.0955705Z 
2026-09-15T15:50:33.1214501Z Installing collected packages: pip
2026-09-15T15:50:33.1214960Z Attempting uninstall: pip
2026-09-15T15:50:33.1232109Z Found existing installation: pip 25.0.1
2026-09-15T15:50:33.1491619Z Uninstalling pip-25.0.1:
2026-09-15T15:50:33.1535776Z Successfully uninstalled pip-25.0.1
2026-09-15T15:50:33.9326537Z Successfully installed pip-26.2.1
2026-09-15T15:50:33.9897653Z Create complete file
2026-09-15T15:50:33.9928374Z Successfully set up CPython (3.12.13)
2026-09-15T15:50:33.9929716Z ##[endgroup]
2026-09-15T15:50:34.0094283Z ##[group]Run actions/setup-node@820762786026740c76f36085b0efc47a31fe5020
2026-09-15T15:50:34.0094603Z with:
2026-09-15T15:50:34.0094781Z   node-version: 24.21.0
2026-09-15T15:50:34.0094972Z   check-latest: false
2026-09-15T15:50:34.0096900Z   token: ***
2026-09-15T15:50:34.0097082Z   package-manager-cache: true
2026-09-15T15:50:34.0097551Z env:
2026-09-15T15:50:34.0097766Z   pythonLocation: /opt/hostedtoolcache/Python/3.12.13/x64
2026-09-15T15:50:34.0098139Z   PKG_CONFIG_PATH: /opt/hostedtoolcache/Python/3.12.13/x64/lib/pkgconfig
2026-09-15T15:50:34.0098481Z   Python_ROOT_DIR: /opt/hostedtoolcache/Python/3.12.13/x64
2026-09-15T15:50:34.0098783Z   Python2_ROOT_DIR: /opt/hostedtoolcache/Python/3.12.13/x64
2026-09-15T15:50:34.0099081Z   Python3_ROOT_DIR: /opt/hostedtoolcache/Python/3.12.13/x64
2026-09-15T15:50:34.0099383Z   LD_LIBRARY_PATH: /opt/hostedtoolcache/Python/3.12.13/x64/lib
2026-09-15T15:50:34.0099641Z ##[endgroup]
2026-09-15T15:50:34.1308028Z Attempting to download 24.21.0...
2026-09-15T15:50:34.5894924Z Acquiring 24.21.0 - x64 from https://github.com/actions/node-versions/releases/download/24.21.0-34304089047/node-24.21.0-linux-x64.tar.gz
2026-09-15T15:50:34.9363897Z Extracting ...
2026-09-15T15:50:34.9469757Z [command]/usr/bin/tar xz --strip 1 --warning=no-unknown-keyword --overwrite -C <github-runner-home>/work/_temp/afe1ee57-1221-4189-9ffc-573912dfeb4a -f <github-runner-home>/work/_temp/9c2dba3b-e3d8-45da-a10d-f98ef3719675
2026-09-15T15:50:36.0214924Z Adding to the cache ...
2026-09-15T15:50:39.9158951Z ##[group]Environment details
2026-09-15T15:50:40.0956250Z node: v24.21.0
2026-09-15T15:50:40.0956574Z npm: 11.19.0
2026-09-15T15:50:40.0956905Z yarn: 1.22.22
2026-09-15T15:50:40.0957526Z ##[endgroup]
2026-09-15T15:50:40.1098479Z ##[group]Run npm ci --prefix apps/web
2026-09-15T15:50:40.1098788Z [36;1mnpm ci --prefix apps/web[0m
2026-09-15T15:50:40.1134941Z shell: /usr/bin/bash -e {0}
2026-09-15T15:50:40.1135158Z env:
2026-09-15T15:50:40.1135388Z   pythonLocation: /opt/hostedtoolcache/Python/3.12.13/x64
2026-09-15T15:50:40.1135757Z   PKG_CONFIG_PATH: /opt/hostedtoolcache/Python/3.12.13/x64/lib/pkgconfig
2026-09-15T15:50:40.1136095Z   Python_ROOT_DIR: /opt/hostedtoolcache/Python/3.12.13/x64
2026-09-15T15:50:40.1136399Z   Python2_ROOT_DIR: /opt/hostedtoolcache/Python/3.12.13/x64
2026-09-15T15:50:40.1136695Z   Python3_ROOT_DIR: /opt/hostedtoolcache/Python/3.12.13/x64
2026-09-15T15:50:40.1136993Z   LD_LIBRARY_PATH: /opt/hostedtoolcache/Python/3.12.13/x64/lib
2026-09-15T15:50:40.1137461Z ##[endgroup]
2026-09-15T15:50:45.1566456Z 
2026-09-15T15:50:45.1575515Z added 236 packages, and audited 237 packages in 5s
2026-09-15T15:50:45.1575894Z 
2026-09-15T15:50:45.1576187Z 118 packages are looking for funding
2026-09-15T15:50:45.1576719Z   run `npm fund` for details
2026-09-15T15:50:45.1579020Z 
2026-09-15T15:50:45.1579320Z found 0 vulnerabilities
2026-09-15T15:50:45.2053256Z ##[group]Run python -m pip install uv==0.11.21
2026-09-15T15:50:45.2053582Z [36;1mpython -m pip install uv==0.11.21[0m
2026-09-15T15:50:45.2091685Z shell: /usr/bin/bash -e {0}
2026-09-15T15:50:45.2091895Z env:
2026-09-15T15:50:45.2092118Z   pythonLocation: /opt/hostedtoolcache/Python/3.12.13/x64
2026-09-15T15:50:45.2092459Z   PKG_CONFIG_PATH: /opt/hostedtoolcache/Python/3.12.13/x64/lib/pkgconfig
2026-09-15T15:50:45.2092794Z   Python_ROOT_DIR: /opt/hostedtoolcache/Python/3.12.13/x64
2026-09-15T15:50:45.2093087Z   Python2_ROOT_DIR: /opt/hostedtoolcache/Python/3.12.13/x64
2026-09-15T15:50:45.2093381Z   Python3_ROOT_DIR: /opt/hostedtoolcache/Python/3.12.13/x64
2026-09-15T15:50:45.2093685Z   LD_LIBRARY_PATH: /opt/hostedtoolcache/Python/3.12.13/x64/lib
2026-09-15T15:50:45.2093938Z ##[endgroup]
2026-09-15T15:50:46.3055402Z Collecting uv==0.11.21
2026-09-15T15:50:46.3561189Z   Downloading uv-0.11.21-py3-none-manylinux_2_17_x86_64.manylinux2014_x86_64.whl.metadata (11 kB)
2026-09-15T15:50:46.5187659Z Downloading uv-0.11.21-py3-none-manylinux_2_17_x86_64.manylinux2014_x86_64.whl (25.1 MB)
2026-09-15T15:50:47.1227986Z    ━━━━━━━━━━━━━━━━━━━━━━━━━━━━━━━━━━━━━━━━ 25.1/25.1 MB 42.6 MB/s  0:00:00
2026-09-15T15:50:47.1594934Z Installing collected packages: uv
2026-09-15T15:50:47.3809751Z Successfully installed uv-0.11.21
2026-09-15T15:50:47.4299556Z ##[group]Run uv sync --frozen
2026-09-15T15:50:47.4299824Z [36;1muv sync --frozen[0m
2026-09-15T15:50:47.4333138Z shell: /usr/bin/bash -e {0}
2026-09-15T15:50:47.4333349Z env:
2026-09-15T15:50:47.4333573Z   pythonLocation: /opt/hostedtoolcache/Python/3.12.13/x64
2026-09-15T15:50:47.4333935Z   PKG_CONFIG_PATH: /opt/hostedtoolcache/Python/3.12.13/x64/lib/pkgconfig
2026-09-15T15:50:47.4334288Z   Python_ROOT_DIR: /opt/hostedtoolcache/Python/3.12.13/x64
2026-09-15T15:50:47.4334597Z   Python2_ROOT_DIR: /opt/hostedtoolcache/Python/3.12.13/x64
2026-09-15T15:50:47.4334892Z   Python3_ROOT_DIR: /opt/hostedtoolcache/Python/3.12.13/x64
2026-09-15T15:50:47.4335189Z   LD_LIBRARY_PATH: /opt/hostedtoolcache/Python/3.12.13/x64/lib
2026-09-15T15:50:47.4335447Z ##[endgroup]
2026-09-15T15:50:47.4810614Z Using CPython 3.12.13 interpreter at: /opt/hostedtoolcache/Python/3.12.13/x64/bin/python3.12
2026-09-15T15:50:47.4811095Z Creating virtual environment at: .venv
2026-09-15T15:50:47.5377460Z Downloading ruff (9.9MiB)
2026-09-15T15:50:47.5609825Z Downloading ast-serialize (1.3MiB)
2026-09-15T15:50:47.5611630Z Downloading pydantic-core (2.0MiB)
2026-09-15T15:50:47.5617027Z Downloading pygments (1.2MiB)
2026-09-15T15:50:47.5623292Z Downloading mypy (14.6MiB)
2026-09-15T15:50:47.7422622Z  Downloaded ast-serialize
2026-09-15T15:50:47.7506928Z  Downloaded pydantic-core
2026-09-15T15:50:47.8654817Z  Downloaded ruff
2026-09-15T15:50:47.9131017Z  Downloaded pygments
2026-09-15T15:50:48.0312218Z  Downloaded mypy
2026-09-15T15:50:48.0313722Z Prepared 37 packages in 548ms
2026-09-15T15:50:48.0684154Z Installed 37 packages in 36ms
2026-09-15T15:50:48.0684603Z  + annotated-doc==0.0.5
2026-09-15T15:50:48.0684923Z  + annotated-types==0.8.0
2026-09-15T15:50:48.0685179Z  + anyio==4.15.1
2026-09-15T15:50:48.0685367Z  + ast-serialize==0.11.2
2026-09-15T15:50:48.0685805Z  + attrs==26.1.0
2026-09-15T15:50:48.0686071Z  + certifi==2026.7.22
2026-09-15T15:50:48.0686443Z  + click==8.5.0
2026-09-15T15:50:48.0686772Z  + defusedxml==0.7.1
2026-09-15T15:50:48.0687239Z  + fastapi==0.141.1
2026-09-15T15:50:48.0687614Z  + h11==0.16.0
2026-09-15T15:50:48.0687891Z  + httpcore==1.0.9
2026-09-15T15:50:48.0688193Z  + httpx==0.28.1
2026-09-15T15:50:48.0688491Z  + idna==3.19
2026-09-15T15:50:48.0688740Z  + iniconfig==2.3.0
2026-09-15T15:50:48.0689039Z  + jsonschema==4.26.0
2026-09-15T15:50:48.0689405Z  + jsonschema-specifications==2025.9.1
2026-09-15T15:50:48.0689808Z  + librt==0.15.0
2026-09-15T15:50:48.0690118Z  + markdown-it-py==4.2.0
2026-09-15T15:50:48.0690471Z  + mdurl==0.1.2
2026-09-15T15:50:48.0690758Z  + mypy==2.3.1
2026-09-15T15:50:48.0691042Z  + mypy-extensions==1.1.0
2026-09-15T15:50:48.0691410Z  + packaging==26.3
2026-09-15T15:50:48.0691697Z  + pathspec==1.1.1
2026-09-15T15:50:48.0691996Z  + pluggy==1.6.0
2026-09-15T15:50:48.0692347Z  + pydantic==2.13.5
2026-09-15T15:50:48.0692660Z  + pydantic-core==2.46.5
2026-09-15T15:50:48.0693012Z  + pygments==2.21.0
2026-09-15T15:50:48.0693274Z  + pypdf==6.18.1
2026-09-15T15:50:48.0693519Z  + pytest==9.1.1
2026-09-15T15:50:48.0693692Z  + python-multipart==0.0.32
2026-09-15T15:50:48.0694131Z  + referencing==0.37.0
2026-09-15T15:50:48.0694441Z  + rpds-py==2026.6.3
2026-09-15T15:50:48.0726876Z  + ruff==0.16.7
2026-09-15T15:50:48.0727287Z  + starlette==1.6.0
2026-09-15T15:50:48.0727589Z  + typing-extensions==4.16.0
2026-09-15T15:50:48.0727887Z  + typing-inspection==0.4.4
2026-09-15T15:50:48.0728157Z  + uvicorn==0.53.0
2026-09-15T15:50:48.0762896Z ##[group]Run make verify-spec
2026-09-15T15:50:48.0763146Z [36;1mmake verify-spec[0m
2026-09-15T15:50:48.0797469Z shell: /usr/bin/bash -e {0}
2026-09-15T15:50:48.0797699Z env:
2026-09-15T15:50:48.0797932Z   pythonLocation: /opt/hostedtoolcache/Python/3.12.13/x64
2026-09-15T15:50:48.0798274Z   PKG_CONFIG_PATH: /opt/hostedtoolcache/Python/3.12.13/x64/lib/pkgconfig
2026-09-15T15:50:48.0798761Z   Python_ROOT_DIR: /opt/hostedtoolcache/Python/3.12.13/x64
2026-09-15T15:50:48.0799062Z   Python2_ROOT_DIR: /opt/hostedtoolcache/Python/3.12.13/x64
2026-09-15T15:50:48.0799356Z   Python3_ROOT_DIR: /opt/hostedtoolcache/Python/3.12.13/x64
2026-09-15T15:50:48.0799659Z   LD_LIBRARY_PATH: /opt/hostedtoolcache/Python/3.12.13/x64/lib
2026-09-15T15:50:48.0799915Z ##[endgroup]
2026-09-15T15:50:48.0873547Z uv run --frozen python scripts/verify_spec.py
2026-09-15T15:50:51.4609986Z {
2026-09-15T15:50:51.4610316Z   "embedded_files": 6,
2026-09-15T15:50:51.4610601Z   "generated_artifacts": 72,
2026-09-15T15:50:51.4611047Z   "learning_effectiveness": "NOT_RUN",
2026-09-15T15:50:51.4611348Z   "models": 54,
2026-09-15T15:50:51.4611593Z   "package_receipts": [
2026-09-15T15:50:51.4611828Z     {
2026-09-15T15:50:51.4612289Z       "archive_sha256": "9933ad962be34e42a29a3299e81c0f03249b584ba1574299672b76eb0242e7b6",
2026-09-15T15:50:51.4612766Z       "object_count": 9,
2026-09-15T15:50:51.4613031Z       "payload_count": 12,
2026-09-15T15:50:51.4613283Z       "profile": "author",
2026-09-15T15:50:51.4613608Z       "scope": "structure_and_integrity_only",
2026-09-15T15:50:51.4613938Z       "total_bytes": 6730
2026-09-15T15:50:51.4614208Z     },
2026-09-15T15:50:51.4614449Z     {
2026-09-15T15:50:51.4614941Z       "archive_sha256": "6d4ddb4c423521625d4686765e1f80f2b65e46ee874eca1bec118dc20a136479",
2026-09-15T15:50:51.4615465Z       "object_count": 9,
2026-09-15T15:50:51.4615742Z       "payload_count": 11,
2026-09-15T15:50:51.4616033Z       "profile": "learner",
2026-09-15T15:50:51.4616396Z       "scope": "structure_and_integrity_only",
2026-09-15T15:50:51.4616749Z       "total_bytes": 5179
2026-09-15T15:50:51.4617013Z     }
2026-09-15T15:50:51.4617489Z   ],
2026-09-15T15:50:51.4617769Z   "product_acceptance": "NOT_RUN",
2026-09-15T15:50:51.4618118Z   "publication": "NOT_CHECKED",
2026-09-15T15:50:51.4618445Z   "real_codex": "NOT_RUN",
2026-09-15T15:50:51.4618790Z   "real_provider": "NOT_RUN",
2026-09-15T15:50:51.4619087Z   "requirements": 38,
2026-09-15T15:50:51.4619359Z   "routes": 107,
2026-09-15T15:50:51.4619737Z   "scope": "M0_structural_baseline_only",
2026-09-15T15:50:51.4620105Z   "source": "PRODUCT_DESIGN.md",
2026-09-15T15:50:51.4620679Z   "spec_sha256": "9cc5adbe72edfc993b5d5e99dcb3f9436e475ab2be4dd58e83f72e3104353b9c",
2026-09-15T15:50:51.4621222Z   "spec_version": "3.0.4",
2026-09-15T15:50:51.4621557Z   "sql_tables_including_fts": 53,
2026-09-15T15:50:51.4621877Z   "status": "PASS",
2026-09-15T15:50:51.4622155Z   "target_scenarios": 33,
2026-09-15T15:50:51.4622453Z   "tasks": 27
2026-09-15T15:50:51.4622711Z }
2026-09-15T15:50:51.5835934Z ##[group]Run uv run --frozen pytest tests/contract tests/unit/test_spec_*.py
2026-09-15T15:50:51.5836371Z [36;1muv run --frozen pytest tests/contract tests/unit/test_spec_*.py[0m
2026-09-15T15:50:51.5869824Z shell: /usr/bin/bash -e {0}
2026-09-15T15:50:51.5870033Z env:
2026-09-15T15:50:51.5870257Z   pythonLocation: /opt/hostedtoolcache/Python/3.12.13/x64
2026-09-15T15:50:51.5870635Z   PKG_CONFIG_PATH: /opt/hostedtoolcache/Python/3.12.13/x64/lib/pkgconfig
2026-09-15T15:50:51.5870972Z   Python_ROOT_DIR: /opt/hostedtoolcache/Python/3.12.13/x64
2026-09-15T15:50:51.5871266Z   Python2_ROOT_DIR: /opt/hostedtoolcache/Python/3.12.13/x64
2026-09-15T15:50:51.5871565Z   Python3_ROOT_DIR: /opt/hostedtoolcache/Python/3.12.13/x64
2026-09-15T15:50:51.5871859Z   LD_LIBRARY_PATH: /opt/hostedtoolcache/Python/3.12.13/x64/lib
2026-09-15T15:50:51.5872118Z ##[endgroup]
2026-09-15T15:50:54.2673170Z ============================= test session starts ==============================
2026-09-15T15:50:54.2673966Z platform linux -- Python 3.12.13, pytest-9.1.1, pluggy-1.6.0
2026-09-15T15:50:54.2674596Z rootdir: <github-runner-home>/work/Learning_Workbench/Learning_Workbench
2026-09-15T15:50:54.2675062Z configfile: pyproject.toml
2026-09-15T15:50:54.2675373Z plugins: anyio-4.15.1
2026-09-15T15:50:54.2675660Z collected 525 items
2026-09-15T15:50:54.2675770Z 
2026-09-15T15:51:40.9593481Z tests/contract/test_api_projection.py .................................. [  6%]
2026-09-15T15:52:50.9442418Z .................................................                        [ 15%]
2026-09-15T15:52:51.0628229Z tests/contract/test_generated_transport.py ...............               [ 18%]
2026-09-15T15:52:51.3294518Z tests/contract/test_generated_upload.py ..                               [ 19%]
2026-09-15T15:52:51.5807055Z tests/contract/test_models.py ............................               [ 24%]
2026-09-15T15:52:51.5888476Z tests/contract/test_optional_patch.py .                                  [ 24%]
2026-09-15T15:52:51.6552963Z tests/contract/test_package_integrity.py ........................        [ 29%]
2026-09-15T15:52:51.7498393Z tests/contract/test_practice_public_projection.py ...................... [ 33%]
2026-09-15T15:53:03.4468898Z .............                                                            [ 35%]
2026-09-15T15:53:03.9896248Z tests/contract/test_provider_binding.py .........................        [ 40%]
2026-09-15T15:53:04.4299481Z tests/contract/test_provider_dto.py .................................... [ 47%]
2026-09-15T15:53:04.6166460Z ........................................................................ [ 61%]
2026-09-15T15:53:04.6172009Z                                                                          [ 61%]
2026-09-15T15:53:04.7839321Z tests/contract/test_recommendation_binding.py ........                   [ 62%]
2026-09-15T15:53:04.8021497Z tests/contract/test_recommendation_dto.py .............................. [ 68%]
2026-09-15T15:53:04.9218896Z ........................                                                 [ 72%]
2026-09-15T15:53:04.9364697Z tests/contract/test_retrieval_dto.py ............................        [ 78%]
2026-09-15T15:53:27.8812444Z tests/contract/test_retrieval_generation.py ...................          [ 81%]
2026-09-15T15:53:37.6996829Z tests/contract/test_retrieval_http.py ....................               [ 85%]
2026-09-15T15:53:37.7218759Z tests/contract/test_tutor_dto.py ....................................... [ 93%]
2026-09-15T15:53:37.7237042Z ..                                                                       [ 93%]
2026-09-15T15:53:39.0716343Z tests/contract/test_tutor_transport.py .....................             [ 97%]
2026-09-15T15:53:40.2646878Z tests/unit/test_spec_catalog.py ....                                     [ 98%]
2026-09-15T15:53:40.5130363Z tests/unit/test_spec_extraction.py .........                             [100%]
2026-09-15T15:53:40.5131748Z 
2026-09-15T15:53:40.5132605Z =============================== warnings summary ===============================
2026-09-15T15:53:40.5133045Z .venv/lib/python3.12/site-packages/fastapi/testclient.py:1
2026-09-15T15:53:40.5133959Z   <github-runner-home>/work/Learning_Workbench/Learning_Workbench/.venv/lib/python3.12/site-packages/fastapi/testclient.py:1: StarletteDeprecationWarning: Using `httpx` with `starlette.testclient` is deprecated; install `httpx2` instead.
2026-09-15T15:53:40.5134824Z     from starlette.testclient import TestClient as TestClient  # noqa
2026-09-15T15:53:40.5135043Z 
2026-09-15T15:53:40.5135241Z .venv/lib/python3.12/site-packages/starlette/testclient.py:53
2026-09-15T15:53:40.5136116Z   <github-runner-home>/work/Learning_Workbench/Learning_Workbench/.venv/lib/python3.12/site-packages/starlette/testclient.py:53: DeprecationWarning: The anyio.abc.BlockingPortal alias is deprecated, use anyio.from_thread.BlockingPortal instead.
2026-09-15T15:53:40.5136981Z     _PortalFactoryType = Callable[[], AbstractContextManager[anyio.abc.BlockingPortal]]
2026-09-15T15:53:40.5138422Z 
2026-09-15T15:53:40.5138676Z -- Docs: https://docs.pytest.org/en/stable/how-to/capture-warnings.html
2026-09-15T15:53:40.5139160Z ================= 525 passed, 2 warnings in 168.09s (0:02:48) ==================
2026-09-15T15:53:40.9191379Z Post job cleanup.
2026-09-15T15:53:41.0287867Z Post job cleanup.
2026-09-15T15:53:41.1486624Z Post job cleanup.
2026-09-15T15:53:41.2222738Z [command]/usr/bin/git version
2026-09-15T15:53:41.2258467Z git version 2.55.0
2026-09-15T15:53:41.2295941Z Temporarily overriding HOME='<github-runner-home>/work/_temp/fa92d1e2-1f9e-457f-8dab-e47c611f65e7' before making global git config changes
2026-09-15T15:53:41.2297259Z Adding repository directory to the temporary git global config as a safe directory
2026-09-15T15:53:41.2299976Z [command]/usr/bin/git config --global --add safe.directory <github-runner-home>/work/Learning_Workbench/Learning_Workbench
2026-09-15T15:53:41.2330208Z Removing SSH command configuration
2026-09-15T15:53:41.2335483Z [command]/usr/bin/git config --local --name-only --get-regexp core\.sshCommand
2026-09-15T15:53:41.2368241Z [command]/usr/bin/git submodule foreach --recursive sh -c "git config --local --name-only --get-regexp 'core\.sshCommand' && git config --local --unset-all 'core.sshCommand' || :"
2026-09-15T15:53:41.2591936Z Removing HTTP extra header
2026-09-15T15:53:41.2596785Z [command]/usr/bin/git config --local --name-only --get-regexp http\.https\:\/\/github\.com\/\.extraheader
2026-09-15T15:53:41.2628362Z [command]/usr/bin/git submodule foreach --recursive sh -c "git config --local --name-only --get-regexp 'http\.https\:\/\/github\.com\/\.extraheader' && git config --local --unset-all 'http.https://github.com/.extraheader' || :"
2026-09-15T15:53:41.2863536Z Removing includeIf entries pointing to credentials config files
2026-09-15T15:53:41.2869944Z [command]/usr/bin/git config --local --name-only --get-regexp ^includeIf\.gitdir:
2026-09-15T15:53:41.2898806Z includeif.gitdir:<github-runner-home>/work/Learning_Workbench/Learning_Workbench/.git.path
2026-09-15T15:53:41.2899946Z includeif.gitdir:<github-runner-home>/work/Learning_Workbench/Learning_Workbench/.git/worktrees/*.path
2026-09-15T15:53:41.2900894Z includeif.gitdir:/github/workspace/.git.path
2026-09-15T15:53:41.2901677Z includeif.gitdir:/github/workspace/.git/worktrees/*.path
2026-09-15T15:53:41.2907551Z [command]/usr/bin/git config --local --get-all includeif.gitdir:<github-runner-home>/work/Learning_Workbench/Learning_Workbench/.git.path
2026-09-15T15:53:41.2930029Z <github-runner-home>/work/_temp/git-credentials-639c0418-2da1-457e-bcab-ed57f3cca859.config
2026-09-15T15:53:41.2938788Z [command]/usr/bin/git config --local --unset includeif.gitdir:<github-runner-home>/work/Learning_Workbench/Learning_Workbench/.git.path \/home\/runner\/work\/_temp\/git\-credentials\-639c0418\-2da1\-457e\-bcab\-ed57f3cca859\.config
2026-09-15T15:53:41.2971786Z [command]/usr/bin/git config --local --get-all includeif.gitdir:<github-runner-home>/work/Learning_Workbench/Learning_Workbench/.git/worktrees/*.path
2026-09-15T15:53:41.2996556Z <github-runner-home>/work/_temp/git-credentials-639c0418-2da1-457e-bcab-ed57f3cca859.config
2026-09-15T15:53:41.3011203Z [command]/usr/bin/git config --local --unset includeif.gitdir:<github-runner-home>/work/Learning_Workbench/Learning_Workbench/.git/worktrees/*.path \/home\/runner\/work\/_temp\/git\-credentials\-639c0418\-2da1\-457e\-bcab\-ed57f3cca859\.config
2026-09-15T15:53:41.3046618Z [command]/usr/bin/git config --local --get-all includeif.gitdir:/github/workspace/.git.path
2026-09-15T15:53:41.3071868Z /github/runner_temp/git-credentials-639c0418-2da1-457e-bcab-ed57f3cca859.config
2026-09-15T15:53:41.3077602Z [command]/usr/bin/git config --local --unset includeif.gitdir:/github/workspace/.git.path \/github\/runner_temp\/git\-credentials\-639c0418\-2da1\-457e\-bcab\-ed57f3cca859\.config
2026-09-15T15:53:41.3110107Z [command]/usr/bin/git config --local --get-all includeif.gitdir:/github/workspace/.git/worktrees/*.path
2026-09-15T15:53:41.3133009Z /github/runner_temp/git-credentials-639c0418-2da1-457e-bcab-ed57f3cca859.config
2026-09-15T15:53:41.3138704Z [command]/usr/bin/git config --local --unset includeif.gitdir:/github/workspace/.git/worktrees/*.path \/github\/runner_temp\/git\-credentials\-639c0418\-2da1\-457e\-bcab\-ed57f3cca859\.config
2026-09-15T15:53:41.3169645Z [command]/usr/bin/git submodule foreach --recursive git config --local --show-origin --name-only --get-regexp remote.origin.url
2026-09-15T15:53:41.3374298Z Removing credentials config '<github-runner-home>/work/_temp/git-credentials-639c0418-2da1-457e-bcab-ed57f3cca859.config'
2026-09-15T15:53:41.3510195Z Cleaning up orphan processes
