2026-09-15T15:50:18.6415363Z Current runner version: '2.337.0'
2026-09-15T15:50:18.6434322Z ##[group]Runner Image Provisioner
2026-09-15T15:50:18.6434866Z Hosted Compute Agent
2026-09-15T15:50:18.6435352Z Version: 20260828.587
2026-09-15T15:50:18.6435734Z Commit: abac92662cab4cc7352de4f9f9d2e2419aad9c29
2026-09-15T15:50:18.6436202Z Build Date: 2026-08-28T16:44:25Z
2026-09-15T15:50:18.6436618Z Worker ID: {0040ebd9-f117-4180-8c08-83b657a83f0a}
2026-09-15T15:50:18.6437035Z Azure Region: centralus
2026-09-15T15:50:18.6437449Z ##[endgroup]
2026-09-15T15:50:18.6438316Z ##[group]Operating System
2026-09-15T15:50:18.6438673Z Ubuntu
2026-09-15T15:50:18.6439037Z 26.04.1
2026-09-15T15:50:18.6439353Z LTS
2026-09-15T15:50:18.6439758Z ##[endgroup]
2026-09-15T15:50:18.6440084Z ##[group]Runner Image
2026-09-15T15:50:18.6440441Z Image: ubuntu-26.04
2026-09-15T15:50:18.6440845Z Version: 20260907.131.1
2026-09-15T15:50:18.6441628Z Included Software: https://github.com/actions/runner-images/blob/ubuntu26/20260907.131/images/ubuntu/Ubuntu2604-Readme.md
2026-09-15T15:50:18.6442657Z Image Release: https://github.com/actions/runner-images/releases/tag/ubuntu26%2F20260907.131
2026-09-15T15:50:18.6443194Z ##[endgroup]
2026-09-15T15:50:18.6444179Z ##[group]GITHUB_TOKEN Permissions
2026-09-15T15:50:18.6445512Z Contents: read
2026-09-15T15:50:18.6445913Z Metadata: read
2026-09-15T15:50:18.6446251Z ##[endgroup]
2026-09-15T15:50:18.6447631Z Secret source: Actions
2026-09-15T15:50:18.6448233Z Cache mode: write
2026-09-15T15:50:18.6448798Z Prepare workflow directory
2026-09-15T15:50:18.6689324Z Prepare all required actions
2026-09-15T15:50:18.6719991Z Getting action download info
2026-09-15T15:50:18.8796932Z Download action repository 'actions/checkout@3d3c42e5aac5ba805825da76410c181273ba90b1' (SHA:3d3c42e5aac5ba805825da76410c181273ba90b1)
2026-09-15T15:50:18.9610078Z Download action repository 'actions/setup-python@5fda3b95a4ea91299a34e894583c3862153e4b97' (SHA:5fda3b95a4ea91299a34e894583c3862153e4b97)
2026-09-15T15:50:19.1013564Z Complete job name: backend
2026-09-15T15:50:19.1516784Z ##[group]Run actions/checkout@3d3c42e5aac5ba805825da76410c181273ba90b1
2026-09-15T15:50:19.1517325Z with:
2026-09-15T15:50:19.1517584Z   repository: kl3574/Learning_Workbench
2026-09-15T15:50:19.1519757Z   token: ***
2026-09-15T15:50:19.1519999Z   ssh-strict: true
2026-09-15T15:50:19.1520247Z   ssh-user: git
2026-09-15T15:50:19.1520503Z   persist-credentials: true
2026-09-15T15:50:19.1520778Z   clean: true
2026-09-15T15:50:19.1521031Z   sparse-checkout-cone-mode: true
2026-09-15T15:50:19.1521328Z   fetch-depth: 1
2026-09-15T15:50:19.1521571Z   fetch-tags: false
2026-09-15T15:50:19.1521823Z   show-progress: true
2026-09-15T15:50:19.1522077Z   lfs: false
2026-09-15T15:50:19.1522308Z   submodules: false
2026-09-15T15:50:19.1522797Z   set-safe-directory: true
2026-09-15T15:50:19.1523118Z   allow-unsafe-pr-checkout: false
2026-09-15T15:50:19.1523505Z ##[endgroup]
2026-09-15T15:50:19.2174310Z Syncing repository: kl3574/Learning_Workbench
2026-09-15T15:50:19.2175889Z ##[group]Getting Git version info
2026-09-15T15:50:19.2176565Z Working directory is '<github-runner-home>/work/Learning_Workbench/Learning_Workbench'
2026-09-15T15:50:19.2177514Z [command]/usr/bin/git version
2026-09-15T15:50:19.2184258Z git version 2.55.0
2026-09-15T15:50:19.2201083Z ##[endgroup]
2026-09-15T15:50:19.2204919Z Temporarily overriding HOME='<github-runner-home>/work/_temp/7f71ad54-f658-4535-90ae-569d60b67754' before making global git config changes
2026-09-15T15:50:19.2205834Z Adding repository directory to the temporary git global config as a safe directory
2026-09-15T15:50:19.2208866Z [command]/usr/bin/git config --global --add safe.directory <github-runner-home>/work/Learning_Workbench/Learning_Workbench
2026-09-15T15:50:19.2256300Z Deleting the contents of '<github-runner-home>/work/Learning_Workbench/Learning_Workbench'
2026-09-15T15:50:19.2258078Z ##[group]Determining repository object format
2026-09-15T15:50:19.2258980Z ##[endgroup]
2026-09-15T15:50:19.2259588Z ##[group]Initializing the repository
2026-09-15T15:50:19.2261348Z [command]/usr/bin/git init <github-runner-home>/work/Learning_Workbench/Learning_Workbench
2026-09-15T15:50:19.2364743Z hint: Using 'master' as the name for the initial branch. This default branch name
2026-09-15T15:50:19.2365660Z hint: will change to "main" in Git 3.0. To configure the initial branch name
2026-09-15T15:50:19.2366832Z hint: to use in all of your new repositories, which will suppress this warning,
2026-09-15T15:50:19.2367457Z hint: call:
2026-09-15T15:50:19.2367796Z hint:
2026-09-15T15:50:19.2368228Z hint: 	git config --global init.defaultBranch <name>
2026-09-15T15:50:19.2368801Z hint:
2026-09-15T15:50:19.2369283Z hint: Names commonly chosen instead of 'master' are 'main', 'trunk' and
2026-09-15T15:50:19.2369814Z hint: 'development'. The just-created branch can be renamed via this command:
2026-09-15T15:50:19.2370202Z hint:
2026-09-15T15:50:19.2370430Z hint: 	git branch -m <name>
2026-09-15T15:50:19.2370685Z hint:
2026-09-15T15:50:19.2371041Z hint: Disable this message with "git config set advice.defaultBranchName false"
2026-09-15T15:50:19.2371975Z Initialized empty Git repository in <github-runner-home>/work/Learning_Workbench/Learning_Workbench/.git/
2026-09-15T15:50:19.2377676Z [command]/usr/bin/git remote add origin https://github.com/kl3574/Learning_Workbench
2026-09-15T15:50:19.2455968Z ##[endgroup]
2026-09-15T15:50:19.2456670Z ##[group]Disabling automatic garbage collection
2026-09-15T15:50:19.2458326Z [command]/usr/bin/git config --local gc.auto 0
2026-09-15T15:50:19.2496667Z ##[endgroup]
2026-09-15T15:50:19.2497554Z ##[group]Setting up auth
2026-09-15T15:50:19.2498185Z Removing SSH command configuration
2026-09-15T15:50:19.2502381Z [command]/usr/bin/git config --local --name-only --get-regexp core\.sshCommand
2026-09-15T15:50:19.2541783Z [command]/usr/bin/git submodule foreach --recursive sh -c "git config --local --name-only --get-regexp 'core\.sshCommand' && git config --local --unset-all 'core.sshCommand' || :"
2026-09-15T15:50:19.2926799Z Removing HTTP extra header
2026-09-15T15:50:19.2932948Z [command]/usr/bin/git config --local --name-only --get-regexp http\.https\:\/\/github\.com\/\.extraheader
2026-09-15T15:50:19.2964534Z [command]/usr/bin/git submodule foreach --recursive sh -c "git config --local --name-only --get-regexp 'http\.https\:\/\/github\.com\/\.extraheader' && git config --local --unset-all 'http.https://github.com/.extraheader' || :"
2026-09-15T15:50:19.3201344Z Removing includeIf entries pointing to credentials config files
2026-09-15T15:50:19.3206894Z [command]/usr/bin/git config --local --name-only --get-regexp ^includeIf\.gitdir:
2026-09-15T15:50:19.3234881Z [command]/usr/bin/git submodule foreach --recursive git config --local --show-origin --name-only --get-regexp remote.origin.url
2026-09-15T15:50:19.3481769Z [command]/usr/bin/git config --file <github-runner-home>/work/_temp/git-credentials-736ff534-31b3-4ea4-8f9a-6bce0d151f31.config http.https://github.com/.extraheader AUTHORIZATION: basic ***
2026-09-15T15:50:19.3520266Z [command]/usr/bin/git config --local includeIf.gitdir:<github-runner-home>/work/Learning_Workbench/Learning_Workbench/.git.path <github-runner-home>/work/_temp/git-credentials-736ff534-31b3-4ea4-8f9a-6bce0d151f31.config
2026-09-15T15:50:19.3539485Z [command]/usr/bin/git config --local includeIf.gitdir:<github-runner-home>/work/Learning_Workbench/Learning_Workbench/.git/worktrees/*.path <github-runner-home>/work/_temp/git-credentials-736ff534-31b3-4ea4-8f9a-6bce0d151f31.config
2026-09-15T15:50:19.3572292Z [command]/usr/bin/git config --local includeIf.gitdir:/github/workspace/.git.path /github/runner_temp/git-credentials-736ff534-31b3-4ea4-8f9a-6bce0d151f31.config
2026-09-15T15:50:19.3600403Z [command]/usr/bin/git config --local includeIf.gitdir:/github/workspace/.git/worktrees/*.path /github/runner_temp/git-credentials-736ff534-31b3-4ea4-8f9a-6bce0d151f31.config
2026-09-15T15:50:19.3625909Z ##[endgroup]
2026-09-15T15:50:19.3626335Z ##[group]Fetching the repository
2026-09-15T15:50:19.3630947Z [command]/usr/bin/git -c protocol.version=2 fetch --no-tags --prune --no-recurse-submodules --depth=1 origin +00106992e33aecfa4d2cc0d79b474cb5aa463fdb:refs/remotes/origin/feat/M5.3-tutor-runs
2026-09-15T15:50:22.8066345Z From https://github.com/kl3574/Learning_Workbench
2026-09-15T15:50:22.8067841Z  * [new ref]         00106992e33aecfa4d2cc0d79b474cb5aa463fdb -> origin/feat/M5.3-tutor-runs
2026-09-15T15:50:22.8072425Z [command]/usr/bin/git branch --list --remote origin/feat/M5.3-tutor-runs
2026-09-15T15:50:22.8095245Z   origin/feat/M5.3-tutor-runs
2026-09-15T15:50:22.8101411Z [command]/usr/bin/git rev-parse refs/remotes/origin/feat/M5.3-tutor-runs
2026-09-15T15:50:22.8120939Z 00106992e33aecfa4d2cc0d79b474cb5aa463fdb
2026-09-15T15:50:22.8125302Z ##[endgroup]
2026-09-15T15:50:22.8126520Z ##[group]Determining the checkout info
2026-09-15T15:50:22.8127863Z ##[endgroup]
2026-09-15T15:50:22.8128519Z [command]/usr/bin/git sparse-checkout disable
2026-09-15T15:50:22.8172018Z [command]/usr/bin/git config --local --unset-all extensions.worktreeConfig
2026-09-15T15:50:22.8197419Z ##[group]Checking out the ref
2026-09-15T15:50:22.8199883Z [command]/usr/bin/git checkout --progress --force -B feat/M5.3-tutor-runs refs/remotes/origin/feat/M5.3-tutor-runs
2026-09-15T15:50:23.2293708Z Switched to a new branch 'feat/M5.3-tutor-runs'
2026-09-15T15:50:23.2295495Z branch 'feat/M5.3-tutor-runs' set up to track 'origin/feat/M5.3-tutor-runs'.
2026-09-15T15:50:23.2323635Z ##[endgroup]
2026-09-15T15:50:23.2368770Z [command]/usr/bin/git log -1 --format=%H
2026-09-15T15:50:23.2393046Z 00106992e33aecfa4d2cc0d79b474cb5aa463fdb
2026-09-15T15:50:23.2587123Z ##[group]Run actions/setup-python@5fda3b95a4ea91299a34e894583c3862153e4b97
2026-09-15T15:50:23.2587379Z with:
2026-09-15T15:50:23.2587535Z   python-version: 3.12.13
2026-09-15T15:50:23.2587711Z   check-latest: false
2026-09-15T15:50:23.2589053Z   token: ***
2026-09-15T15:50:23.2589211Z   update-environment: true
2026-09-15T15:50:23.2589385Z   allow-prereleases: false
2026-09-15T15:50:23.2589565Z   freethreaded: false
2026-09-15T15:50:23.2589723Z ##[endgroup]
2026-09-15T15:50:23.3374271Z ##[group]Installed versions
2026-09-15T15:50:23.3383170Z Version 3.12.13 was not found in the local cache
2026-09-15T15:50:24.1619430Z Version 3.12.13 is available for downloading
2026-09-15T15:50:24.1620237Z Download from "https://github.com/actions/python-versions/releases/download/3.12.13-27650778726/python-3.12.13-linux-26.04-x64.tar.gz"
2026-09-15T15:50:24.7110488Z Extract downloaded archive
2026-09-15T15:50:24.7212142Z [command]/usr/bin/tar xz --warning=no-unknown-keyword --overwrite -C <github-runner-home>/work/_temp/f00689be-8633-405c-bbce-f5b73f310f1a -f <github-runner-home>/work/_temp/a6211aac-e81c-48f4-a87f-dc4a14f77c2e
2026-09-15T15:50:25.5723891Z Execute installation script
2026-09-15T15:50:25.5832832Z Check if Python hostedtoolcache folder exist...
2026-09-15T15:50:25.5833458Z Create Python 3.12.13 folder
2026-09-15T15:50:25.5855586Z Copy Python binaries to hostedtoolcache folder
2026-09-15T15:50:25.9194726Z Create additional symlinks (Required for the UsePythonVersion Azure Pipelines task and the setup-python GitHub Action)
2026-09-15T15:50:25.9276629Z Upgrading pip...
2026-09-15T15:50:27.5093798Z Collecting pip
2026-09-15T15:50:27.5728649Z Downloading pip-26.2.1-py3-none-any.whl.metadata (4.6 kB)
2026-09-15T15:50:27.5915807Z Downloading pip-26.2.1-py3-none-any.whl (1.8 MB)
2026-09-15T15:50:27.6796671Z ━━━━━━━━━━━━━━━━━━━━━━━━━━━━━━━━━━━━━━━━ 1.8/1.8 MB 34.7 MB/s eta 0:00:00
2026-09-15T15:50:27.6796977Z 
2026-09-15T15:50:27.6915332Z Installing collected packages: pip
2026-09-15T15:50:27.6915766Z Attempting uninstall: pip
2026-09-15T15:50:27.6928417Z Found existing installation: pip 25.0.1
2026-09-15T15:50:27.7116117Z Uninstalling pip-25.0.1:
2026-09-15T15:50:27.7151815Z Successfully uninstalled pip-25.0.1
2026-09-15T15:50:28.2414999Z Successfully installed pip-26.2.1
2026-09-15T15:50:28.2857219Z Create complete file
2026-09-15T15:50:28.2897637Z Successfully set up CPython (3.12.13)
2026-09-15T15:50:28.2898546Z ##[endgroup]
2026-09-15T15:50:28.3030245Z ##[group]Run python -m pip install uv==0.11.21
2026-09-15T15:50:28.3030495Z [36;1mpython -m pip install uv==0.11.21[0m
2026-09-15T15:50:28.3173120Z shell: /usr/bin/bash -e {0}
2026-09-15T15:50:28.3173278Z env:
2026-09-15T15:50:28.3173437Z   pythonLocation: /opt/hostedtoolcache/Python/3.12.13/x64
2026-09-15T15:50:28.3173676Z   PKG_CONFIG_PATH: /opt/hostedtoolcache/Python/3.12.13/x64/lib/pkgconfig
2026-09-15T15:50:28.3173902Z   Python_ROOT_DIR: /opt/hostedtoolcache/Python/3.12.13/x64
2026-09-15T15:50:28.3174137Z   Python2_ROOT_DIR: /opt/hostedtoolcache/Python/3.12.13/x64
2026-09-15T15:50:28.3174348Z   Python3_ROOT_DIR: /opt/hostedtoolcache/Python/3.12.13/x64
2026-09-15T15:50:28.3174584Z   LD_LIBRARY_PATH: /opt/hostedtoolcache/Python/3.12.13/x64/lib
2026-09-15T15:50:28.3174763Z ##[endgroup]
2026-09-15T15:50:29.2287880Z Collecting uv==0.11.21
2026-09-15T15:50:29.3113835Z   Downloading uv-0.11.21-py3-none-manylinux_2_17_x86_64.manylinux2014_x86_64.whl.metadata (11 kB)
2026-09-15T15:50:29.3317945Z Downloading uv-0.11.21-py3-none-manylinux_2_17_x86_64.manylinux2014_x86_64.whl (25.1 MB)
2026-09-15T15:50:29.6195550Z    ━━━━━━━━━━━━━━━━━━━━━━━━━━━━━━━━━━━━━━━━ 25.1/25.1 MB 99.5 MB/s  0:00:00
2026-09-15T15:50:29.6511352Z Installing collected packages: uv
2026-09-15T15:50:29.8480327Z Successfully installed uv-0.11.21
2026-09-15T15:50:29.8883651Z ##[group]Run uv sync --frozen
2026-09-15T15:50:29.8883863Z [36;1muv sync --frozen[0m
2026-09-15T15:50:29.8931262Z shell: /usr/bin/bash -e {0}
2026-09-15T15:50:29.8931400Z env:
2026-09-15T15:50:29.8931549Z   pythonLocation: /opt/hostedtoolcache/Python/3.12.13/x64
2026-09-15T15:50:29.8931787Z   PKG_CONFIG_PATH: /opt/hostedtoolcache/Python/3.12.13/x64/lib/pkgconfig
2026-09-15T15:50:29.8932013Z   Python_ROOT_DIR: /opt/hostedtoolcache/Python/3.12.13/x64
2026-09-15T15:50:29.8932218Z   Python2_ROOT_DIR: /opt/hostedtoolcache/Python/3.12.13/x64
2026-09-15T15:50:29.8932422Z   Python3_ROOT_DIR: /opt/hostedtoolcache/Python/3.12.13/x64
2026-09-15T15:50:29.8932746Z   LD_LIBRARY_PATH: /opt/hostedtoolcache/Python/3.12.13/x64/lib
2026-09-15T15:50:29.8932928Z ##[endgroup]
2026-09-15T15:50:29.9325904Z Using CPython 3.12.13 interpreter at: /opt/hostedtoolcache/Python/3.12.13/x64/bin/python3.12
2026-09-15T15:50:29.9326324Z Creating virtual environment at: .venv
2026-09-15T15:50:29.9936437Z Downloading ruff (9.9MiB)
2026-09-15T15:50:30.0106341Z Downloading pydantic-core (2.0MiB)
2026-09-15T15:50:30.0108060Z Downloading ast-serialize (1.3MiB)
2026-09-15T15:50:30.0109708Z Downloading mypy (14.6MiB)
2026-09-15T15:50:30.0115763Z Downloading pygments (1.2MiB)
2026-09-15T15:50:30.3215942Z  Downloaded pygments
2026-09-15T15:50:30.3217435Z  Downloaded ast-serialize
2026-09-15T15:50:30.3517591Z  Downloaded pydantic-core
2026-09-15T15:50:30.5015388Z  Downloaded ruff
2026-09-15T15:50:30.6132974Z  Downloaded mypy
2026-09-15T15:50:30.6135481Z Prepared 37 packages in 678ms
2026-09-15T15:50:30.6401216Z Installed 37 packages in 26ms
2026-09-15T15:50:30.6401553Z  + annotated-doc==0.0.5
2026-09-15T15:50:30.6401813Z  + annotated-types==0.8.0
2026-09-15T15:50:30.6402035Z  + anyio==4.15.1
2026-09-15T15:50:30.6402289Z  + ast-serialize==0.11.2
2026-09-15T15:50:30.6402605Z  + attrs==26.1.0
2026-09-15T15:50:30.6402857Z  + certifi==2026.7.22
2026-09-15T15:50:30.6403149Z  + click==8.5.0
2026-09-15T15:50:30.6403408Z  + defusedxml==0.7.1
2026-09-15T15:50:30.6403628Z  + fastapi==0.141.1
2026-09-15T15:50:30.6403862Z  + h11==0.16.0
2026-09-15T15:50:30.6404108Z  + httpcore==1.0.9
2026-09-15T15:50:30.6404358Z  + httpx==0.28.1
2026-09-15T15:50:30.6404554Z  + idna==3.19
2026-09-15T15:50:30.6404794Z  + iniconfig==2.3.0
2026-09-15T15:50:30.6405041Z  + jsonschema==4.26.0
2026-09-15T15:50:30.6405264Z  + jsonschema-specifications==2025.9.1
2026-09-15T15:50:30.6405675Z  + librt==0.15.0
2026-09-15T15:50:30.6405861Z  + markdown-it-py==4.2.0
2026-09-15T15:50:30.6406044Z  + mdurl==0.1.2
2026-09-15T15:50:30.6406207Z  + mypy==2.3.1
2026-09-15T15:50:30.6406384Z  + mypy-extensions==1.1.0
2026-09-15T15:50:30.6406572Z  + packaging==26.3
2026-09-15T15:50:30.6406756Z  + pathspec==1.1.1
2026-09-15T15:50:30.6407011Z  + pluggy==1.6.0
2026-09-15T15:50:30.6407249Z  + pydantic==2.13.5
2026-09-15T15:50:30.6407612Z  + pydantic-core==2.46.5
2026-09-15T15:50:30.6407828Z  + pygments==2.21.0
2026-09-15T15:50:30.6408000Z  + pypdf==6.18.1
2026-09-15T15:50:30.6408169Z  + pytest==9.1.1
2026-09-15T15:50:30.6408426Z  + python-multipart==0.0.32
2026-09-15T15:50:30.6408672Z  + referencing==0.37.0
2026-09-15T15:50:30.6408913Z  + rpds-py==2026.6.3
2026-09-15T15:50:30.6409103Z  + ruff==0.16.7
2026-09-15T15:50:30.6409355Z  + starlette==1.6.0
2026-09-15T15:50:30.6409664Z  + typing-extensions==4.16.0
2026-09-15T15:50:30.6409907Z  + typing-inspection==0.4.4
2026-09-15T15:50:30.6410134Z  + uvicorn==0.53.0
2026-09-15T15:50:30.6457091Z ##[group]Run sudo apt-get update
2026-09-15T15:50:30.6457277Z [36;1msudo apt-get update[0m
2026-09-15T15:50:30.6457622Z [36;1msudo apt-get install -y bubblewrap=0.11.1-1ubuntu0.1 apparmor=5.0.2-0ubuntu1~26.04.1 libapparmor1=5.0.2-0ubuntu1~26.04.1 libseccomp2=2.6.0-2ubuntu5[0m
2026-09-15T15:50:30.6458005Z [36;1mdpkg-query -W bubblewrap apparmor libapparmor1 libseccomp2[0m
2026-09-15T15:50:30.6458235Z [36;1mtest -f /etc/apparmor.d/bwrap-userns-restrict[0m
2026-09-15T15:50:30.6458406Z [36;1mbwrap --version[0m
2026-09-15T15:50:30.6505307Z shell: /usr/bin/bash -e {0}
2026-09-15T15:50:30.6505442Z env:
2026-09-15T15:50:30.6505604Z   pythonLocation: /opt/hostedtoolcache/Python/3.12.13/x64
2026-09-15T15:50:30.6505834Z   PKG_CONFIG_PATH: /opt/hostedtoolcache/Python/3.12.13/x64/lib/pkgconfig
2026-09-15T15:50:30.6506058Z   Python_ROOT_DIR: /opt/hostedtoolcache/Python/3.12.13/x64
2026-09-15T15:50:30.6506260Z   Python2_ROOT_DIR: /opt/hostedtoolcache/Python/3.12.13/x64
2026-09-15T15:50:30.6506490Z   Python3_ROOT_DIR: /opt/hostedtoolcache/Python/3.12.13/x64
2026-09-15T15:50:30.6506695Z   LD_LIBRARY_PATH: /opt/hostedtoolcache/Python/3.12.13/x64/lib
2026-09-15T15:50:30.6506872Z ##[endgroup]
2026-09-15T15:50:30.7153782Z Get:1 file:/etc/apt/apt-mirrors.txt Mirrorlist [144 B]
2026-09-15T15:50:30.7532625Z Hit:2 http://azure.archive.ubuntu.com/ubuntu resolute InRelease
2026-09-15T15:50:30.7546826Z Get:6 https://packages.microsoft.com/ubuntu/26.04/prod resolute InRelease [3964 B]
2026-09-15T15:50:30.7548106Z Get:3 http://azure.archive.ubuntu.com/ubuntu resolute-updates InRelease [137 kB]
2026-09-15T15:50:30.7572193Z Get:4 http://azure.archive.ubuntu.com/ubuntu resolute-backports InRelease [137 kB]
2026-09-15T15:50:30.7588202Z Get:5 http://azure.archive.ubuntu.com/ubuntu resolute-security InRelease [137 kB]
2026-09-15T15:50:30.7822261Z Get:7 https://packages.microsoft.com/ubuntu/26.04/prod resolute/main arm64 Packages [52.1 kB]
2026-09-15T15:50:30.8011897Z Get:8 http://azure.archive.ubuntu.com/ubuntu resolute-updates/main amd64v3 Packages [610 kB]
2026-09-15T15:50:30.8053261Z Get:9 http://azure.archive.ubuntu.com/ubuntu resolute-updates/main Translation-en [145 kB]
2026-09-15T15:50:30.8082978Z Get:19 https://packages.microsoft.com/ubuntu/26.04/prod resolute/main amd64 Packages [59.9 kB]
2026-09-15T15:50:30.8094214Z Get:10 http://azure.archive.ubuntu.com/ubuntu resolute-updates/main amd64 Components [97.8 kB]
2026-09-15T15:50:30.8113097Z Get:11 http://azure.archive.ubuntu.com/ubuntu resolute-updates/universe amd64v3 Packages [293 kB]
2026-09-15T15:50:30.8143203Z Get:12 http://azure.archive.ubuntu.com/ubuntu resolute-updates/universe Translation-en [93.2 kB]
2026-09-15T15:50:30.8153998Z Get:13 http://azure.archive.ubuntu.com/ubuntu resolute-updates/universe amd64 Components [188 kB]
2026-09-15T15:50:30.8154724Z Get:14 http://azure.archive.ubuntu.com/ubuntu resolute-updates/restricted amd64v3 Packages [409 kB]
2026-09-15T15:50:30.8155358Z Get:15 http://azure.archive.ubuntu.com/ubuntu resolute-updates/restricted Translation-en [79.5 kB]
2026-09-15T15:50:30.8161265Z Get:16 http://azure.archive.ubuntu.com/ubuntu resolute-updates/multiverse amd64v3 Packages [11.6 kB]
2026-09-15T15:50:30.8168821Z Get:17 http://azure.archive.ubuntu.com/ubuntu resolute-updates/multiverse Translation-en [3036 B]
2026-09-15T15:50:30.8611041Z Get:18 http://azure.archive.ubuntu.com/ubuntu resolute-backports/universe amd64 Components [1056 B]
2026-09-15T15:50:30.8620825Z Get:20 http://azure.archive.ubuntu.com/ubuntu resolute-security/main amd64v3 Packages [476 kB]
2026-09-15T15:50:30.8639690Z Get:21 http://azure.archive.ubuntu.com/ubuntu resolute-security/main Translation-en [111 kB]
2026-09-15T15:50:30.8650418Z Get:22 http://azure.archive.ubuntu.com/ubuntu resolute-security/main amd64 Components [46.6 kB]
2026-09-15T15:50:30.8659720Z Get:23 http://azure.archive.ubuntu.com/ubuntu resolute-security/universe amd64v3 Packages [173 kB]
2026-09-15T15:50:30.8675273Z Get:24 http://azure.archive.ubuntu.com/ubuntu resolute-security/universe Translation-en [54.4 kB]
2026-09-15T15:50:30.8683887Z Get:25 http://azure.archive.ubuntu.com/ubuntu resolute-security/universe amd64 Components [43.4 kB]
2026-09-15T15:50:30.8693846Z Get:26 http://azure.archive.ubuntu.com/ubuntu resolute-security/restricted amd64v3 Packages [399 kB]
2026-09-15T15:50:30.8710452Z Get:27 http://azure.archive.ubuntu.com/ubuntu resolute-security/restricted Translation-en [77.7 kB]
2026-09-15T15:50:30.8720519Z Get:28 http://azure.archive.ubuntu.com/ubuntu resolute-security/multiverse amd64v3 Packages [10.9 kB]
2026-09-15T15:50:30.8727896Z Get:29 http://azure.archive.ubuntu.com/ubuntu resolute-security/multiverse Translation-en [2844 B]
2026-09-15T15:50:30.8733563Z Get:30 https://dl.google.com/linux/chrome-stable/deb stable InRelease [2548 B]
2026-09-15T15:50:30.9775703Z Get:31 https://dl.google.com/linux/chrome-stable/deb stable/main amd64 Packages [1415 B]
2026-09-15T15:50:33.8056686Z Fetched 3858 kB in 0s (13.5 MB/s)
2026-09-15T15:50:34.1936878Z Reading package lists...
2026-09-15T15:50:34.2207144Z Reading package lists...
2026-09-15T15:50:34.3381414Z Building dependency tree...
2026-09-15T15:50:34.3386605Z Reading state information...
2026-09-15T15:50:34.3608087Z bubblewrap is already the newest version (0.11.1-1ubuntu0.1).
2026-09-15T15:50:34.3608325Z bubblewrap set to manually installed.
2026-09-15T15:50:34.3608522Z apparmor is already the newest version (5.0.2-0ubuntu1~26.04.1).
2026-09-15T15:50:34.3608729Z apparmor set to manually installed.
2026-09-15T15:50:34.3608918Z libapparmor1 is already the newest version (5.0.2-0ubuntu1~26.04.1).
2026-09-15T15:50:34.3609129Z libapparmor1 set to manually installed.
2026-09-15T15:50:34.3609311Z libseccomp2 is already the newest version (2.6.0-2ubuntu5).
2026-09-15T15:50:34.3609495Z libseccomp2 set to manually installed.
2026-09-15T15:50:34.3941486Z Solving dependencies...
2026-09-15T15:50:34.4797491Z 0 upgraded, 0 newly installed, 0 to remove and 76 not upgraded.
2026-09-15T15:50:34.4891194Z apparmor	5.0.2-0ubuntu1~26.04.1
2026-09-15T15:50:34.4891426Z bubblewrap	0.11.1-1ubuntu0.1
2026-09-15T15:50:34.4891582Z libapparmor1:amd64	5.0.2-0ubuntu1~26.04.1
2026-09-15T15:50:34.4891740Z libseccomp2:amd64	2.6.0-2ubuntu5
2026-09-15T15:50:34.5555961Z bubblewrap 0.11.1
2026-09-15T15:50:34.5579762Z ##[group]Run uv run --frozen ruff check .
2026-09-15T15:50:34.5579946Z [36;1muv run --frozen ruff check .[0m
2026-09-15T15:50:34.5626165Z shell: /usr/bin/bash -e {0}
2026-09-15T15:50:34.5626315Z env:
2026-09-15T15:50:34.5626464Z   pythonLocation: /opt/hostedtoolcache/Python/3.12.13/x64
2026-09-15T15:50:34.5626693Z   PKG_CONFIG_PATH: /opt/hostedtoolcache/Python/3.12.13/x64/lib/pkgconfig
2026-09-15T15:50:34.5626912Z   Python_ROOT_DIR: /opt/hostedtoolcache/Python/3.12.13/x64
2026-09-15T15:50:34.5627115Z   Python2_ROOT_DIR: /opt/hostedtoolcache/Python/3.12.13/x64
2026-09-15T15:50:34.5627319Z   Python3_ROOT_DIR: /opt/hostedtoolcache/Python/3.12.13/x64
2026-09-15T15:50:34.5627522Z   LD_LIBRARY_PATH: /opt/hostedtoolcache/Python/3.12.13/x64/lib
2026-09-15T15:50:34.5627694Z ##[endgroup]
2026-09-15T15:50:34.6295629Z All checks passed!
2026-09-15T15:50:34.6335261Z ##[group]Run uv run --frozen mypy
2026-09-15T15:50:34.6335445Z [36;1muv run --frozen mypy[0m
2026-09-15T15:50:34.6380368Z shell: /usr/bin/bash -e {0}
2026-09-15T15:50:34.6380504Z env:
2026-09-15T15:50:34.6380653Z   pythonLocation: /opt/hostedtoolcache/Python/3.12.13/x64
2026-09-15T15:50:34.6380889Z   PKG_CONFIG_PATH: /opt/hostedtoolcache/Python/3.12.13/x64/lib/pkgconfig
2026-09-15T15:50:34.6381241Z   Python_ROOT_DIR: /opt/hostedtoolcache/Python/3.12.13/x64
2026-09-15T15:50:34.6381447Z   Python2_ROOT_DIR: /opt/hostedtoolcache/Python/3.12.13/x64
2026-09-15T15:50:34.6381652Z   Python3_ROOT_DIR: /opt/hostedtoolcache/Python/3.12.13/x64
2026-09-15T15:50:34.6381857Z   LD_LIBRARY_PATH: /opt/hostedtoolcache/Python/3.12.13/x64/lib
2026-09-15T15:50:34.6382034Z ##[endgroup]
2026-09-15T15:50:38.5482902Z Success: no issues found in 148 source files
2026-09-15T15:50:38.5702922Z ##[group]Run uv run --frozen python scripts/probe_document_sandbox.py
2026-09-15T15:50:38.5703203Z [36;1muv run --frozen python scripts/probe_document_sandbox.py[0m
2026-09-15T15:50:38.5750426Z shell: /usr/bin/bash -e {0}
2026-09-15T15:50:38.5750579Z env:
2026-09-15T15:50:38.5750725Z   pythonLocation: /opt/hostedtoolcache/Python/3.12.13/x64
2026-09-15T15:50:38.5750954Z   PKG_CONFIG_PATH: /opt/hostedtoolcache/Python/3.12.13/x64/lib/pkgconfig
2026-09-15T15:50:38.5751186Z   Python_ROOT_DIR: /opt/hostedtoolcache/Python/3.12.13/x64
2026-09-15T15:50:38.5751393Z   Python2_ROOT_DIR: /opt/hostedtoolcache/Python/3.12.13/x64
2026-09-15T15:50:38.5751595Z   Python3_ROOT_DIR: /opt/hostedtoolcache/Python/3.12.13/x64
2026-09-15T15:50:38.5751796Z   LD_LIBRARY_PATH: /opt/hostedtoolcache/Python/3.12.13/x64/lib
2026-09-15T15:50:38.5751970Z ##[endgroup]
2026-09-15T15:50:38.8969024Z {
2026-09-15T15:50:38.8969323Z   "scope": "fixed synthetic runtime probe; no uploaded document or environment dump",
2026-09-15T15:50:38.8969646Z   "python_version": "3.12.13",
2026-09-15T15:50:38.8969782Z   "exit_code": 0,
2026-09-15T15:50:38.8969925Z   "stdout": "{\"synthetic_runtime_ready\": true}\n",
2026-09-15T15:50:38.8970086Z   "stderr": "",
2026-09-15T15:50:38.8970203Z   "status": "PASS"
2026-09-15T15:50:38.8970316Z }
2026-09-15T15:50:38.9159973Z ##[group]Run uv run --frozen pytest tests/unit tests/security
2026-09-15T15:50:38.9160231Z [36;1muv run --frozen pytest tests/unit tests/security[0m
2026-09-15T15:50:38.9205129Z shell: /usr/bin/bash -e {0}
2026-09-15T15:50:38.9205267Z env:
2026-09-15T15:50:38.9205413Z   pythonLocation: /opt/hostedtoolcache/Python/3.12.13/x64
2026-09-15T15:50:38.9205642Z   PKG_CONFIG_PATH: /opt/hostedtoolcache/Python/3.12.13/x64/lib/pkgconfig
2026-09-15T15:50:38.9205868Z   Python_ROOT_DIR: /opt/hostedtoolcache/Python/3.12.13/x64
2026-09-15T15:50:38.9206071Z   Python2_ROOT_DIR: /opt/hostedtoolcache/Python/3.12.13/x64
2026-09-15T15:50:38.9206273Z   Python3_ROOT_DIR: /opt/hostedtoolcache/Python/3.12.13/x64
2026-09-15T15:50:38.9206483Z   LD_LIBRARY_PATH: /opt/hostedtoolcache/Python/3.12.13/x64/lib
2026-09-15T15:50:38.9206658Z ##[endgroup]
2026-09-15T15:50:40.8022877Z ============================= test session starts ==============================
2026-09-15T15:50:40.8023374Z platform linux -- Python 3.12.13, pytest-9.1.1, pluggy-1.6.0
2026-09-15T15:50:40.8023613Z rootdir: <github-runner-home>/work/Learning_Workbench/Learning_Workbench
2026-09-15T15:50:40.8023813Z configfile: pyproject.toml
2026-09-15T15:50:40.8023956Z plugins: anyio-4.15.1
2026-09-15T15:50:40.8024076Z collected 576 items
2026-09-15T15:50:40.8024150Z 
2026-09-15T15:50:40.8848237Z tests/unit/test_backend_database.py .........                            [  1%]
2026-09-15T15:50:41.1678455Z tests/unit/test_backup_command.py ....                                   [  2%]
2026-09-15T15:50:41.1766463Z tests/unit/test_concept_state_rules.py ..................                [  5%]
2026-09-15T15:50:41.2130044Z tests/unit/test_content_store.py ....................................... [ 12%]
2026-09-15T15:50:41.2354860Z ...........................                                              [ 16%]
2026-09-15T15:50:43.5019375Z tests/unit/test_document_extraction.py ................................. [ 22%]
2026-09-15T15:50:44.3198470Z ................                                                         [ 25%]
2026-09-15T15:50:44.3431913Z tests/unit/test_eligibility.py ......................................... [ 32%]
2026-09-15T15:50:44.3470217Z .......                                                                  [ 33%]
2026-09-15T15:50:44.3499403Z tests/unit/test_governance.py .....                                      [ 34%]
2026-09-15T15:50:44.3717690Z tests/unit/test_grading_rules.py ....................................... [ 41%]
2026-09-15T15:50:44.3999064Z ....................................................                     [ 50%]
2026-09-15T15:50:44.4296445Z tests/unit/test_import_budgets.py ......................                 [ 54%]
2026-09-15T15:50:44.6749957Z tests/unit/test_import_parsing.py ...................................... [ 60%]
2026-09-15T15:50:44.7512425Z ......                                                                   [ 61%]
2026-09-15T15:50:45.0612821Z tests/unit/test_provider_budget.py ............                          [ 63%]
2026-09-15T15:50:45.2532282Z tests/unit/test_provider_protocol.py .............................       [ 68%]
2026-09-15T15:50:46.3701649Z tests/unit/test_provider_repository.py ...........                       [ 70%]
2026-09-15T15:50:47.1961774Z tests/unit/test_provider_secret_store.py .......................         [ 74%]
2026-09-15T15:50:47.1991697Z tests/unit/test_recommendation_config.py .......                         [ 76%]
2026-09-15T15:50:47.2532669Z tests/unit/test_recommendation_rules.py ..................               [ 79%]
2026-09-15T15:50:47.3066492Z tests/unit/test_retrieval_lexical.py ................................... [ 85%]
2026-09-15T15:50:47.3262818Z ....                                                                     [ 85%]
2026-09-15T15:50:48.1451618Z tests/unit/test_spec_catalog.py ....                                     [ 86%]
2026-09-15T15:50:48.1576385Z tests/unit/test_spec_extraction.py .........                             [ 88%]
2026-09-15T15:50:50.0907009Z tests/security/test_document_sandbox.py ...............                  [ 90%]
2026-09-15T15:50:54.3526672Z tests/security/test_local_boundary.py .................................  [ 96%]
2026-09-15T15:50:54.8252857Z tests/security/test_provider_network.py ....................             [100%]
2026-09-15T15:50:54.8253076Z 
2026-09-15T15:50:54.8253171Z =============================== warnings summary ===============================
2026-09-15T15:50:54.8253401Z .venv/lib/python3.12/site-packages/fastapi/testclient.py:1
2026-09-15T15:50:54.8256059Z   <github-runner-home>/work/Learning_Workbench/Learning_Workbench/.venv/lib/python3.12/site-packages/fastapi/testclient.py:1: StarletteDeprecationWarning: Using `httpx` with `starlette.testclient` is deprecated; install `httpx2` instead.
2026-09-15T15:50:54.8256859Z     from starlette.testclient import TestClient as TestClient  # noqa
2026-09-15T15:50:54.8257071Z 
2026-09-15T15:50:54.8257196Z .venv/lib/python3.12/site-packages/starlette/testclient.py:53
2026-09-15T15:50:54.8258020Z   <github-runner-home>/work/Learning_Workbench/Learning_Workbench/.venv/lib/python3.12/site-packages/starlette/testclient.py:53: DeprecationWarning: The anyio.abc.BlockingPortal alias is deprecated, use anyio.from_thread.BlockingPortal instead.
2026-09-15T15:50:54.8258873Z     _PortalFactoryType = Callable[[], AbstractContextManager[anyio.abc.BlockingPortal]]
2026-09-15T15:50:54.8259148Z 
2026-09-15T15:50:54.8259328Z -- Docs: https://docs.pytest.org/en/stable/how-to/capture-warnings.html
2026-09-15T15:50:54.8259702Z ======================= 576 passed, 2 warnings in 15.34s =======================
2026-09-15T15:50:55.0206152Z Post job cleanup.
2026-09-15T15:50:55.1112121Z Post job cleanup.
2026-09-15T15:50:55.1667897Z [command]/usr/bin/git version
2026-09-15T15:50:55.1701914Z git version 2.55.0
2026-09-15T15:50:55.1728687Z Temporarily overriding HOME='<github-runner-home>/work/_temp/823654ad-059c-438c-8c9f-218c1178ec59' before making global git config changes
2026-09-15T15:50:55.1729500Z Adding repository directory to the temporary git global config as a safe directory
2026-09-15T15:50:55.1731837Z [command]/usr/bin/git config --global --add safe.directory <github-runner-home>/work/Learning_Workbench/Learning_Workbench
2026-09-15T15:50:55.1761126Z Removing SSH command configuration
2026-09-15T15:50:55.1765715Z [command]/usr/bin/git config --local --name-only --get-regexp core\.sshCommand
2026-09-15T15:50:55.1809589Z [command]/usr/bin/git submodule foreach --recursive sh -c "git config --local --name-only --get-regexp 'core\.sshCommand' && git config --local --unset-all 'core.sshCommand' || :"
2026-09-15T15:50:55.2046005Z Removing HTTP extra header
2026-09-15T15:50:55.2051045Z [command]/usr/bin/git config --local --name-only --get-regexp http\.https\:\/\/github\.com\/\.extraheader
2026-09-15T15:50:55.2083064Z [command]/usr/bin/git submodule foreach --recursive sh -c "git config --local --name-only --get-regexp 'http\.https\:\/\/github\.com\/\.extraheader' && git config --local --unset-all 'http.https://github.com/.extraheader' || :"
2026-09-15T15:50:55.2315379Z Removing includeIf entries pointing to credentials config files
2026-09-15T15:50:55.2320609Z [command]/usr/bin/git config --local --name-only --get-regexp ^includeIf\.gitdir:
2026-09-15T15:50:55.2342114Z includeif.gitdir:<github-runner-home>/work/Learning_Workbench/Learning_Workbench/.git.path
2026-09-15T15:50:55.2342756Z includeif.gitdir:<github-runner-home>/work/Learning_Workbench/Learning_Workbench/.git/worktrees/*.path
2026-09-15T15:50:55.2343123Z includeif.gitdir:/github/workspace/.git.path
2026-09-15T15:50:55.2343326Z includeif.gitdir:/github/workspace/.git/worktrees/*.path
2026-09-15T15:50:55.2348635Z [command]/usr/bin/git config --local --get-all includeif.gitdir:<github-runner-home>/work/Learning_Workbench/Learning_Workbench/.git.path
2026-09-15T15:50:55.2367880Z <github-runner-home>/work/_temp/git-credentials-736ff534-31b3-4ea4-8f9a-6bce0d151f31.config
2026-09-15T15:50:55.2374738Z [command]/usr/bin/git config --local --unset includeif.gitdir:<github-runner-home>/work/Learning_Workbench/Learning_Workbench/.git.path \/home\/runner\/work\/_temp\/git\-credentials\-736ff534\-31b3\-4ea4\-8f9a\-6bce0d151f31\.config
2026-09-15T15:50:55.2403237Z [command]/usr/bin/git config --local --get-all includeif.gitdir:<github-runner-home>/work/Learning_Workbench/Learning_Workbench/.git/worktrees/*.path
2026-09-15T15:50:55.2421862Z <github-runner-home>/work/_temp/git-credentials-736ff534-31b3-4ea4-8f9a-6bce0d151f31.config
2026-09-15T15:50:55.2433439Z [command]/usr/bin/git config --local --unset includeif.gitdir:<github-runner-home>/work/Learning_Workbench/Learning_Workbench/.git/worktrees/*.path \/home\/runner\/work\/_temp\/git\-credentials\-736ff534\-31b3\-4ea4\-8f9a\-6bce0d151f31\.config
2026-09-15T15:50:55.2458037Z [command]/usr/bin/git config --local --get-all includeif.gitdir:/github/workspace/.git.path
2026-09-15T15:50:55.2475775Z /github/runner_temp/git-credentials-736ff534-31b3-4ea4-8f9a-6bce0d151f31.config
2026-09-15T15:50:55.2480124Z [command]/usr/bin/git config --local --unset includeif.gitdir:/github/workspace/.git.path \/github\/runner_temp\/git\-credentials\-736ff534\-31b3\-4ea4\-8f9a\-6bce0d151f31\.config
2026-09-15T15:50:55.2504446Z [command]/usr/bin/git config --local --get-all includeif.gitdir:/github/workspace/.git/worktrees/*.path
2026-09-15T15:50:55.2521816Z /github/runner_temp/git-credentials-736ff534-31b3-4ea4-8f9a-6bce0d151f31.config
2026-09-15T15:50:55.2526633Z [command]/usr/bin/git config --local --unset includeif.gitdir:/github/workspace/.git/worktrees/*.path \/github\/runner_temp\/git\-credentials\-736ff534\-31b3\-4ea4\-8f9a\-6bce0d151f31\.config
2026-09-15T15:50:55.2552041Z [command]/usr/bin/git submodule foreach --recursive git config --local --show-origin --name-only --get-regexp remote.origin.url
2026-09-15T15:50:55.2764496Z Removing credentials config '<github-runner-home>/work/_temp/git-credentials-736ff534-31b3-4ea4-8f9a-6bce0d151f31.config'
2026-09-15T15:50:55.2891008Z Cleaning up orphan processes
